Compute node count = 1
kNodeCount 2, kReadRatio 0, kInsertRatio 0, kUpdateRatio 0, kDeleteRatio 0, kRangeRatio 100, totalThreadCount 32, memThreadCount 6 cache_size 64, uniform_workload 0, zipfian 0.990000, bulk_load_num 50000000, warmup_num 10000000, op_num 50000000, check_correctness 0, time_based 1, early_stop 1, index 0, rpc_rate 0.000000, admission_rate 0.100000, auto_tune 0
kMaxThread = 32
KeySpace = 50001000
[4mshared memory size: 64GB, 0x7f6cc7600000[0m
[4mcache size: 2GB[0m
[4mMachine NR: 2[0m
[4mMax_APP_THREAD: 36[0m
[4mNR_DIRECTORY: 8[0m
[4mStart Build the DSMKeeper[0m
I am servers 0 [255.127.0.0]
I connect server 1
[4mdir 0 launch!
[0m
[4mdir 1 launch!
[0m
[4mdir 2 launch!
[0m
[4mdir 3 launch!
[0m
[4mdir 4 launch!
[0m
[4mdir 5 launch!
[0m
CNode 0, left bound = 0, right bound = 18446744073709551615
Pushdown (RPC) Rate: 0
Admission Rate: 0.1
Cache size(MB) = 64
-----Cache initial addr = 0x7f6cb3600000
page num = 131072
alloc_unit = 512
entry_num: 131072
bucket_num: 43691
Bucket size = 64
entry_num: 13107
bucket_num: 2185
start generating tree
num_partitions = 1
Success: tree root pointer value [0, 67108864]
finish generating tree
Bulkload num in node 0 = 50000000
First key of bulkloading = 7325973
Last key of bulkloading = 26738230
node warmup num = 10000000
kReadRatio =0
insertmark =0
updatemark =0
deletemark =0
rangemark =100

----- REMOTE CPU LOAD (memory node dir-threads, 2s window) -----
  dir 0: active=  0.00%  msgs=1           3357 ns/msg
  dir 1: active=  0.00%  msgs=0           0 ns/msg
  dir 2: active=  0.00%  msgs=0           0 ns/msg
  dir 3: active=  0.00%  msgs=0           0 ns/msg
  dir 4: active=  0.00%  msgs=0           0 ns/msg
  dir 5: active=  0.00%  msgs=0           0 ns/msg
  AGGREGATE active = 0.00% (of 6 dir-threads; 0.00% per-thread avg)  msgs=1
[CPU compute ] process=  8.73% of 80 cores   system=  8.77%   (window 2s)
Finish warmup workload generation

----- REMOTE CPU LOAD (memory node dir-threads, 2s window) -----
  dir 0: active=  0.00%  msgs=0           0 ns/msg
  dir 1: active=  0.00%  msgs=0           0 ns/msg
  dir 2: active=  0.00%  msgs=0           0 ns/msg
  dir 3: active=  0.00%  msgs=0           0 ns/msg
  dir 4: active=  0.00%  msgs=0           0 ns/msg
  dir 5: active=  0.00%  msgs=0           0 ns/msg
  AGGREGATE active = 0.00% (of 6 dir-threads; 0.00% per-thread avg)  msgs=0
[CPU compute ] process=  8.73% of 80 cores   system=  8.75%   (window 2s)

----- REMOTE CPU LOAD (memory node dir-threads, 2s window) -----
  dir 0: active=  0.00%  msgs=0           0 ns/msg
  dir 1: active=  0.00%  msgs=0           0 ns/msg
  dir 2: active=  0.00%  msgs=0           0 ns/msg
  dir 3: active=  0.00%  msgs=0           0 ns/msg
  dir 4: active=  0.00%  msgs=0           0 ns/msg
  dir 5: active=  0.00%  msgs=0           0 ns/msg
  AGGREGATE active = 0.00% (of 6 dir-threads; 0.00% per-thread avg)  msgs=0
[CPU compute ] process=  8.73% of 80 cores   system=  8.77%   (window 2s)

----- REMOTE CPU LOAD (memory node dir-threads, 2s window) -----
  dir 0: active=  0.00%  msgs=0           0 ns/msg
  dir 1: active=  0.00%  msgs=0           0 ns/msg
  dir 2: active=  0.00%  msgs=0           0 ns/msg
  dir 3: active=  0.00%  msgs=0           0 ns/msg
  dir 4: active=  0.00%  msgs=0           0 ns/msg
  dir 5: active=  0.00%  msgs=0           0 ns/msg
  AGGREGATE active = 0.00% (of 6 dir-threads; 0.00% per-thread avg)  msgs=0
[CPU compute ] process=  8.73% of 80 cores   system=  8.77%   (window 2s)

----- REMOTE CPU LOAD (memory node dir-threads, 2s window) -----
  dir 0: active=  0.00%  msgs=0           0 ns/msg
  dir 1: active=  0.00%  msgs=0           0 ns/msg
  dir 2: active=  0.00%  msgs=0           0 ns/msg
  dir 3: active=  0.00%  msgs=0           0 ns/msg
  dir 4: active=  0.00%  msgs=0           0 ns/msg
  dir 5: active=  0.00%  msgs=0           0 ns/msg
  AGGREGATE active = 0.00% (of 6 dir-threads; 0.00% per-thread avg)  msgs=0
[CPU compute ] process=  8.73% of 80 cores   system=  8.77%   (window 2s)

----- REMOTE CPU LOAD (memory node dir-threads, 2s window) -----
  dir 0: active=  0.00%  msgs=0           0 ns/msg
  dir 1: active=  0.00%  msgs=0           0 ns/msg
  dir 2: active=  0.00%  msgs=0           0 ns/msg
  dir 3: active=  0.00%  msgs=0           0 ns/msg
  dir 4: active=  0.00%  msgs=0           0 ns/msg
  dir 5: active=  0.00%  msgs=0           0 ns/msg
  AGGREGATE active = 0.00% (of 6 dir-threads; 0.00% per-thread avg)  msgs=0
[CPU compute ] process=  8.73% of 80 cores   system=  8.76%   (window 2s)
node op_num = 50000000
Finish all workload generation

----- REMOTE CPU LOAD (memory node dir-threads, 2s window) -----
  dir 0: active=  0.00%  msgs=0           0 ns/msg
  dir 1: active=  0.00%  msgs=0           0 ns/msg
  dir 2: active=  0.00%  msgs=0           0 ns/msg
  dir 3: active=  0.00%  msgs=0           0 ns/msg
  dir 4: active=  0.00%  msgs=0           0 ns/msg
  dir 5: active=  0.00%  msgs=0           0 ns/msg
  AGGREGATE active = 0.00% (of 6 dir-threads; 0.00% per-thread avg)  msgs=0
[CPU compute ] process=  8.74% of 80 cores   system=  8.76%   (window 2s)

----- REMOTE CPU LOAD (memory node dir-threads, 2s window) -----
  dir 0: active=  0.00%  msgs=0           0 ns/msg
  dir 1: active=  0.00%  msgs=0           0 ns/msg
  dir 2: active=  0.00%  msgs=0           0 ns/msg
  dir 3: active=  0.00%  msgs=0           0 ns/msg
  dir 4: active=  0.00%  msgs=0           0 ns/msg
  dir 5: active=  0.00%  msgs=0           0 ns/msg
  AGGREGATE active = 0.00% (of 6 dir-threads; 0.00% per-thread avg)  msgs=0
[CPU compute ] process=  8.72% of 80 cores   system=  8.77%   (window 2s)
Fetched new height = 1
Success: tree root pointer value [0, 67109888]
Height = 2
Success: tree root pointer value [0, 67112448]
Height = 3
Success: tree root pointer value [0, 67118080]
Height = 4
Success: tree root pointer value [1, 11520355498]
Height = 5
Success: tree root pointer value [1, 11520396970]
Height = 6
Success: tree root pointer value [1, 11520460970]
Height = 7
Success: tree root pointer value [1, 11520589482]
Height = 8
Success: tree root pointer value [0, 67593216]
Height = 9
Success: tree root pointer value [0, 68085760]
Height = 10
Success: tree root pointer value [0, 69071360]
Height = 11
Success: tree root pointer value [0, 71043072]
Height = 12
Success: tree root pointer value [1, 11528565418]
Height = 13
Success: tree root pointer value [1, 11536799402]
Height = 14
Success: tree root pointer value [1, 11553267882]
Height = 15

----- REMOTE CPU LOAD (memory node dir-threads, 2s window) -----
  dir 0: active=  0.00%  msgs=0           0 ns/msg
  dir 1: active=  0.00%  msgs=0           0 ns/msg
  dir 2: active=  0.00%  msgs=0           0 ns/msg
  dir 3: active=  0.00%  msgs=1           2195 ns/msg
  dir 4: active=  0.00%  msgs=0           0 ns/msg
  dir 5: active=  0.00%  msgs=0           0 ns/msg
  AGGREGATE active = 0.00% (of 6 dir-threads; 0.00% per-thread avg)  msgs=1
[CPU compute ] process=  8.73% of 80 cores   system=  8.76%   (window 2s)
Success: tree root pointer value [1, 23005897556]
Height = 16
entering dynamic phase
Success: tree root pointer value [0, 11545881770]
Height = 17

----- REMOTE CPU LOAD (memory node dir-threads, 2s window) -----
  dir 0: active=  0.00%  msgs=0           0 ns/msg
  dir 1: active=  0.00%  msgs=2           1328 ns/msg
  dir 2: active=  0.00%  msgs=0           0 ns/msg
  dir 3: active=  0.00%  msgs=1           294 ns/msg
  dir 4: active=  0.00%  msgs=0           0 ns/msg
  dir 5: active=  0.00%  msgs=2           1446 ns/msg
  AGGREGATE active = 0.00% (of 6 dir-threads; 0.00% per-thread avg)  msgs=5
[CPU compute ] process=  8.74% of 80 cores   system=  8.76%   (window 2s)
Success: tree root pointer value [0, 34511465982]
Height = 18

----- REMOTE CPU LOAD (memory node dir-threads, 2s window) -----
  dir 0: active=  0.00%  msgs=0           0 ns/msg
  dir 1: active=  0.00%  msgs=1           390 ns/msg
  dir 2: active=  0.00%  msgs=0           0 ns/msg
  dir 3: active=  0.00%  msgs=2           322 ns/msg
  dir 4: active=  0.00%  msgs=0           0 ns/msg
  dir 5: active=  0.00%  msgs=2           338 ns/msg
  AGGREGATE active = 0.00% (of 6 dir-threads; 0.00% per-thread avg)  msgs=5
[CPU compute ] process=  8.73% of 80 cores   system=  8.77%   (window 2s)
Success: tree root pointer value [0, 11656049322]
Height = 19

----- REMOTE CPU LOAD (memory node dir-threads, 2s window) -----
  dir 0: active=  0.00%  msgs=0           0 ns/msg
  dir 1: active=  0.00%  msgs=2           308 ns/msg
  dir 2: active=  0.00%  msgs=0           0 ns/msg
  dir 3: active=  0.00%  msgs=1           346 ns/msg
  dir 4: active=  0.00%  msgs=0           0 ns/msg
  dir 5: active=  0.00%  msgs=1           346 ns/msg
  AGGREGATE active = 0.00% (of 6 dir-threads; 0.00% per-thread avg)  msgs=4
[CPU compute ] process=  8.73% of 80 cores   system=  8.76%   (window 2s)

----- REMOTE CPU LOAD (memory node dir-threads, 2s window) -----
  dir 0: active=  0.00%  msgs=0           0 ns/msg
  dir 1: active=  0.00%  msgs=1           352 ns/msg
  dir 2: active=  0.00%  msgs=0           0 ns/msg
  dir 3: active=  0.00%  msgs=2           383 ns/msg
  dir 4: active=  0.00%  msgs=0           0 ns/msg
  dir 5: active=  0.00%  msgs=2           371 ns/msg
  AGGREGATE active = 0.00% (of 6 dir-threads; 0.00% per-thread avg)  msgs=5
[CPU compute ] process=  8.74% of 80 cores   system=  8.76%   (window 2s)

----- REMOTE CPU LOAD (memory node dir-threads, 2s window) -----
  dir 0: active=  0.00%  msgs=1           892 ns/msg
  dir 1: active=  0.00%  msgs=1           373 ns/msg
  dir 2: active=  0.00%  msgs=1           2797 ns/msg
  dir 3: active=  0.00%  msgs=1           349 ns/msg
  dir 4: active=  0.00%  msgs=1           2157 ns/msg
  dir 5: active=  0.00%  msgs=0           0 ns/msg
  AGGREGATE active = 0.00% (of 6 dir-threads; 0.00% per-thread avg)  msgs=5
[CPU compute ] process=  8.72% of 80 cores   system=  8.77%   (window 2s)

----- REMOTE CPU LOAD (memory node dir-threads, 2s window) -----
  dir 0: active=  0.00%  msgs=2           266 ns/msg
  dir 1: active=  0.00%  msgs=0           0 ns/msg
  dir 2: active=  0.00%  msgs=1           286 ns/msg
  dir 3: active=  0.00%  msgs=0           0 ns/msg
  dir 4: active=  0.00%  msgs=1           714 ns/msg
  dir 5: active=  0.00%  msgs=0           0 ns/msg
  AGGREGATE active = 0.00% (of 6 dir-threads; 0.00% per-thread avg)  msgs=4
[CPU compute ] process=  8.73% of 80 cores   system=  8.77%   (window 2s)
Success: tree root pointer value [0, 23043674452]
Height = 20

----- REMOTE CPU LOAD (memory node dir-threads, 2s window) -----
  dir 0: active=  0.00%  msgs=1           205 ns/msg
  dir 1: active=  0.00%  msgs=0           0 ns/msg
  dir 2: active=  0.00%  msgs=2           331 ns/msg
  dir 3: active=  0.00%  msgs=0           0 ns/msg
  dir 4: active=  0.00%  msgs=2           268 ns/msg
  dir 5: active=  0.00%  msgs=0           0 ns/msg
  AGGREGATE active = 0.00% (of 6 dir-threads; 0.00% per-thread avg)  msgs=5
[CPU compute ] process=  8.73% of 80 cores   system=  8.76%   (window 2s)

----- REMOTE CPU LOAD (memory node dir-threads, 2s window) -----
  dir 0: active=  0.00%  msgs=2           358 ns/msg
  dir 1: active=  0.00%  msgs=0           0 ns/msg
  dir 2: active=  0.00%  msgs=1           372 ns/msg
  dir 3: active=  0.00%  msgs=0           0 ns/msg
  dir 4: active=  0.00%  msgs=1           271 ns/msg
  dir 5: active=  0.00%  msgs=0           0 ns/msg
  AGGREGATE active = 0.00% (of 6 dir-threads; 0.00% per-thread avg)  msgs=4
[CPU compute ] process=  8.74% of 80 cores   system=  8.76%   (window 2s)

----- REMOTE CPU LOAD (memory node dir-threads, 2s window) -----
  dir 0: active=  0.00%  msgs=1           554 ns/msg
  dir 1: active=  0.00%  msgs=0           0 ns/msg
  dir 2: active=  0.00%  msgs=2           257 ns/msg
  dir 3: active=  0.00%  msgs=0           0 ns/msg
  dir 4: active=  0.00%  msgs=2           350 ns/msg
  dir 5: active=  0.00%  msgs=0           0 ns/msg
  AGGREGATE active = 0.00% (of 6 dir-threads; 0.00% per-thread avg)  msgs=5
[CPU compute ] process=  8.73% of 80 cores   system=  8.78%   (window 2s)

----- REMOTE CPU LOAD (memory node dir-threads, 2s window) -----
  dir 0: active=  0.00%  msgs=1           241 ns/msg
  dir 1: active=  0.00%  msgs=1           1027 ns/msg
  dir 2: active=  0.00%  msgs=1           371 ns/msg
  dir 3: active=  0.00%  msgs=1           477 ns/msg
  dir 4: active=  0.00%  msgs=0           0 ns/msg
  dir 5: active=  0.00%  msgs=1           717 ns/msg
  AGGREGATE active = 0.00% (of 6 dir-threads; 0.00% per-thread avg)  msgs=5
[CPU compute ] process=  8.72% of 80 cores   system=  8.76%   (window 2s)

----- REMOTE CPU LOAD (memory node dir-threads, 2s window) -----
  dir 0: active=  0.00%  msgs=0           0 ns/msg
  dir 1: active=  0.00%  msgs=1           414 ns/msg
  dir 2: active=  0.00%  msgs=0           0 ns/msg
  dir 3: active=  0.00%  msgs=1           315 ns/msg
  dir 4: active=  0.00%  msgs=0           0 ns/msg
  dir 5: active=  0.00%  msgs=2           397 ns/msg
  AGGREGATE active = 0.00% (of 6 dir-threads; 0.00% per-thread avg)  msgs=4
[CPU compute ] process=  8.73% of 80 cores   system=  8.77%   (window 2s)

----- REMOTE CPU LOAD (memory node dir-threads, 2s window) -----
  dir 0: active=  0.00%  msgs=0           0 ns/msg
  dir 1: active=  0.00%  msgs=2           362 ns/msg
  dir 2: active=  0.00%  msgs=0           0 ns/msg
  dir 3: active=  0.00%  msgs=2           368 ns/msg
  dir 4: active=  0.00%  msgs=0           0 ns/msg
  dir 5: active=  0.00%  msgs=1           504 ns/msg
  AGGREGATE active = 0.00% (of 6 dir-threads; 0.00% per-thread avg)  msgs=5
[CPU compute ] process=  8.73% of 80 cores   system=  8.77%   (window 2s)
Success: tree root pointer value [1, 23403893076]
Height = 21

----- REMOTE CPU LOAD (memory node dir-threads, 2s window) -----
  dir 0: active=  0.00%  msgs=0           0 ns/msg
  dir 1: active=  0.00%  msgs=1           316 ns/msg
  dir 2: active=  0.00%  msgs=0           0 ns/msg
  dir 3: active=  0.00%  msgs=1           440 ns/msg
  dir 4: active=  0.00%  msgs=0           0 ns/msg
  dir 5: active=  0.00%  msgs=2           312 ns/msg
  AGGREGATE active = 0.00% (of 6 dir-threads; 0.00% per-thread avg)  msgs=4
[CPU compute ] process=  8.73% of 80 cores   system=  8.77%   (window 2s)

----- REMOTE CPU LOAD (memory node dir-threads, 2s window) -----
  dir 0: active=  0.00%  msgs=0           0 ns/msg
  dir 1: active=  0.00%  msgs=2           389 ns/msg
  dir 2: active=  0.00%  msgs=0           0 ns/msg
  dir 3: active=  0.00%  msgs=2           502 ns/msg
  dir 4: active=  0.00%  msgs=0           0 ns/msg
  dir 5: active=  0.00%  msgs=1           350 ns/msg
  AGGREGATE active = 0.00% (of 6 dir-threads; 0.00% per-thread avg)  msgs=5
[CPU compute ] process=  8.74% of 80 cores   system=  8.76%   (window 2s)

----- REMOTE CPU LOAD (memory node dir-threads, 2s window) -----
  dir 0: active=  0.00%  msgs=1           461 ns/msg
  dir 1: active=  0.00%  msgs=1           328 ns/msg
  dir 2: active=  0.00%  msgs=0           0 ns/msg
  dir 3: active=  0.00%  msgs=0           0 ns/msg
  dir 4: active=  0.00%  msgs=1           402 ns/msg
  dir 5: active=  0.00%  msgs=1           545 ns/msg
  AGGREGATE active = 0.00% (of 6 dir-threads; 0.00% per-thread avg)  msgs=4
[CPU compute ] process=  8.73% of 80 cores   system=  8.76%   (window 2s)

----- REMOTE CPU LOAD (memory node dir-threads, 2s window) -----
  dir 0: active=  0.00%  msgs=1           361 ns/msg
  dir 1: active=  0.00%  msgs=0           0 ns/msg
  dir 2: active=  0.00%  msgs=2           294 ns/msg
  dir 3: active=  0.00%  msgs=0           0 ns/msg
  dir 4: active=  0.00%  msgs=2           530 ns/msg
  dir 5: active=  0.00%  msgs=0           0 ns/msg
  AGGREGATE active = 0.00% (of 6 dir-threads; 0.00% per-thread avg)  msgs=5
[CPU compute ] process=  8.73% of 80 cores   system=  8.77%   (window 2s)

----- REMOTE CPU LOAD (memory node dir-threads, 2s window) -----
  dir 0: active=  0.00%  msgs=2           329 ns/msg
  dir 1: active=  0.00%  msgs=0           0 ns/msg
  dir 2: active=  0.00%  msgs=1           204 ns/msg
  dir 3: active=  0.00%  msgs=0           0 ns/msg
  dir 4: active=  0.00%  msgs=1           203 ns/msg
  dir 5: active=  0.00%  msgs=0           0 ns/msg
  AGGREGATE active = 0.00% (of 6 dir-threads; 0.00% per-thread avg)  msgs=4
[CPU compute ] process=  8.72% of 80 cores   system=  8.77%   (window 2s)

----- REMOTE CPU LOAD (memory node dir-threads, 2s window) -----
  dir 0: active=  0.00%  msgs=1           308 ns/msg
  dir 1: active=  0.00%  msgs=0           0 ns/msg
  dir 2: active=  0.00%  msgs=2           308 ns/msg
  dir 3: active=  0.00%  msgs=0           0 ns/msg
  dir 4: active=  0.00%  msgs=2           402 ns/msg
  dir 5: active=  0.00%  msgs=0           0 ns/msg
  AGGREGATE active = 0.00% (of 6 dir-threads; 0.00% per-thread avg)  msgs=5
[CPU compute ] process=  8.73% of 80 cores   system=  8.77%   (window 2s)

----- REMOTE CPU LOAD (memory node dir-threads, 2s window) -----
  dir 0: active=  0.00%  msgs=2           362 ns/msg
  dir 1: active=  0.00%  msgs=0           0 ns/msg
  dir 2: active=  0.00%  msgs=2           285 ns/msg
  dir 3: active=  0.00%  msgs=0           0 ns/msg
  dir 4: active=  0.00%  msgs=1           717 ns/msg
  dir 5: active=  0.00%  msgs=0           0 ns/msg
  AGGREGATE active = 0.00% (of 6 dir-threads; 0.00% per-thread avg)  msgs=5
[CPU compute ] process=  8.73% of 80 cores   system=  8.76%   (window 2s)

----- REMOTE CPU LOAD (memory node dir-threads, 2s window) -----
  dir 0: active=  0.00%  msgs=0           0 ns/msg
  dir 1: active=  0.00%  msgs=1           576 ns/msg
  dir 2: active=  0.00%  msgs=0           0 ns/msg
  dir 3: active=  0.00%  msgs=1           350 ns/msg
  dir 4: active=  0.00%  msgs=1           198 ns/msg
  dir 5: active=  0.00%  msgs=1           584 ns/msg
  AGGREGATE active = 0.00% (of 6 dir-threads; 0.00% per-thread avg)  msgs=4
[CPU compute ] process=  8.73% of 80 cores   system=  8.76%   (window 2s)

----- REMOTE CPU LOAD (memory node dir-threads, 2s window) -----
  dir 0: active=  0.00%  msgs=0           0 ns/msg
  dir 1: active=  0.00%  msgs=2           315 ns/msg
  dir 2: active=  0.00%  msgs=0           0 ns/msg
  dir 3: active=  0.00%  msgs=2           374 ns/msg
  dir 4: active=  0.00%  msgs=0           0 ns/msg
  dir 5: active=  0.00%  msgs=1           306 ns/msg
  AGGREGATE active = 0.00% (of 6 dir-threads; 0.00% per-thread avg)  msgs=5
[CPU compute ] process=  8.73% of 80 cores   system=  8.76%   (window 2s)

----- REMOTE CPU LOAD (memory node dir-threads, 2s window) -----
  dir 0: active=  0.00%  msgs=0           0 ns/msg
  dir 1: active=  0.00%  msgs=1           315 ns/msg
  dir 2: active=  0.00%  msgs=0           0 ns/msg
  dir 3: active=  0.00%  msgs=1           447 ns/msg
  dir 4: active=  0.00%  msgs=0           0 ns/msg
  dir 5: active=  0.00%  msgs=2           291 ns/msg
  AGGREGATE active = 0.00% (of 6 dir-threads; 0.00% per-thread avg)  msgs=4
[CPU compute ] process=  8.73% of 80 cores   system=  8.76%   (window 2s)

----- REMOTE CPU LOAD (memory node dir-threads, 2s window) -----
  dir 0: active=  0.00%  msgs=0           0 ns/msg
  dir 1: active=  0.00%  msgs=2           303 ns/msg
  dir 2: active=  0.00%  msgs=0           0 ns/msg
  dir 3: active=  0.00%  msgs=2           383 ns/msg
  dir 4: active=  0.00%  msgs=0           0 ns/msg
  dir 5: active=  0.00%  msgs=1           292 ns/msg
  AGGREGATE active = 0.00% (of 6 dir-threads; 0.00% per-thread avg)  msgs=5
[CPU compute ] process=  8.73% of 80 cores   system=  8.76%   (window 2s)

----- REMOTE CPU LOAD (memory node dir-threads, 2s window) -----
  dir 0: active=  0.00%  msgs=0           0 ns/msg
  dir 1: active=  0.00%  msgs=1           266 ns/msg
  dir 2: active=  0.00%  msgs=0           0 ns/msg
  dir 3: active=  0.00%  msgs=1           340 ns/msg
  dir 4: active=  0.00%  msgs=0           0 ns/msg
  dir 5: active=  0.00%  msgs=2           362 ns/msg
  AGGREGATE active = 0.00% (of 6 dir-threads; 0.00% per-thread avg)  msgs=4
[CPU compute ] process=  8.73% of 80 cores   system=  8.76%   (window 2s)

----- REMOTE CPU LOAD (memory node dir-threads, 2s window) -----
  dir 0: active=  0.00%  msgs=1           288 ns/msg
  dir 1: active=  0.00%  msgs=1           286 ns/msg
  dir 2: active=  0.00%  msgs=1           406 ns/msg
  dir 3: active=  0.00%  msgs=1           433 ns/msg
  dir 4: active=  0.00%  msgs=1           663 ns/msg
  dir 5: active=  0.00%  msgs=0           0 ns/msg
  AGGREGATE active = 0.00% (of 6 dir-threads; 0.00% per-thread avg)  msgs=5
[CPU compute ] process=  8.73% of 80 cores   system=  8.77%   (window 2s)
Success: tree root pointer value [1, 57959068498]
Height = 22

----- REMOTE CPU LOAD (memory node dir-threads, 2s window) -----
  dir 0: active=  0.00%  msgs=2           314 ns/msg
  dir 1: active=  0.00%  msgs=0           0 ns/msg
  dir 2: active=  0.00%  msgs=1           280 ns/msg
  dir 3: active=  0.00%  msgs=0           0 ns/msg
  dir 4: active=  0.00%  msgs=1           324 ns/msg
  dir 5: active=  0.00%  msgs=0           0 ns/msg
  AGGREGATE active = 0.00% (of 6 dir-threads; 0.00% per-thread avg)  msgs=4
[CPU compute ] process=  8.73% of 80 cores   system=  8.77%   (window 2s)

----- REMOTE CPU LOAD (memory node dir-threads, 2s window) -----
  dir 0: active=  0.00%  msgs=1           398 ns/msg
  dir 1: active=  0.00%  msgs=0           0 ns/msg
  dir 2: active=  0.00%  msgs=2           302 ns/msg
  dir 3: active=  0.00%  msgs=0           0 ns/msg
  dir 4: active=  0.00%  msgs=2           320 ns/msg
  dir 5: active=  0.00%  msgs=0           0 ns/msg
  AGGREGATE active = 0.00% (of 6 dir-threads; 0.00% per-thread avg)  msgs=5
[CPU compute ] process=  8.74% of 80 cores   system=  8.76%   (window 2s)

----- REMOTE CPU LOAD (memory node dir-threads, 2s window) -----
  dir 0: active=  0.00%  msgs=2           295 ns/msg
  dir 1: active=  0.00%  msgs=0           0 ns/msg
  dir 2: active=  0.00%  msgs=1           301 ns/msg
  dir 3: active=  0.00%  msgs=0           0 ns/msg
  dir 4: active=  0.00%  msgs=1           271 ns/msg
  dir 5: active=  0.00%  msgs=0           0 ns/msg
  AGGREGATE active = 0.00% (of 6 dir-threads; 0.00% per-thread avg)  msgs=4
[CPU compute ] process=  8.73% of 80 cores   system=  8.77%   (window 2s)

----- REMOTE CPU LOAD (memory node dir-threads, 2s window) -----
  dir 0: active=  0.00%  msgs=1           214 ns/msg
  dir 1: active=  0.00%  msgs=0           0 ns/msg
  dir 2: active=  0.00%  msgs=2           304 ns/msg
  dir 3: active=  0.00%  msgs=0           0 ns/msg
  dir 4: active=  0.00%  msgs=2           305 ns/msg
  dir 5: active=  0.00%  msgs=0           0 ns/msg
  AGGREGATE active = 0.00% (of 6 dir-threads; 0.00% per-thread avg)  msgs=5
[CPU compute ] process=  8.73% of 80 cores   system=  8.76%   (window 2s)

----- REMOTE CPU LOAD (memory node dir-threads, 2s window) -----
  dir 0: active=  0.00%  msgs=1           404 ns/msg
  dir 1: active=  0.00%  msgs=1           890 ns/msg
  dir 2: active=  0.00%  msgs=1           403 ns/msg
  dir 3: active=  0.00%  msgs=0           0 ns/msg
  dir 4: active=  0.00%  msgs=0           0 ns/msg
  dir 5: active=  0.00%  msgs=1           462 ns/msg
  AGGREGATE active = 0.00% (of 6 dir-threads; 0.00% per-thread avg)  msgs=4
[CPU compute ] process=  8.73% of 80 cores   system=  8.76%   (window 2s)

----- REMOTE CPU LOAD (memory node dir-threads, 2s window) -----
  dir 0: active=  0.00%  msgs=0           0 ns/msg
  dir 1: active=  0.00%  msgs=1           418 ns/msg
  dir 2: active=  0.00%  msgs=0           0 ns/msg
  dir 3: active=  0.00%  msgs=2           364 ns/msg
  dir 4: active=  0.00%  msgs=0           0 ns/msg
  dir 5: active=  0.00%  msgs=2           368 ns/msg
  AGGREGATE active = 0.00% (of 6 dir-threads; 0.00% per-thread avg)  msgs=5
[CPU compute ] process=  8.73% of 80 cores   system=  8.76%   (window 2s)
#leaf nodes = 3846153
leaf size(MB) = 1878
#inner nodes = 3846104
inner size(MB) = 1877.98
Tree height = 22
Cache capacity = 131072
max. leaf entries = 26
max. inner entries = 5
Inner page size = 160
Leaf page size = 512
node 0 finish its bulkload
IMPORTANT: my root is 3798405513084929
0 is ready for the benchmark
I am 0
Fetched new height = 22
I am 3
I am 1
I am 4
I am 2
I am 24
I am 26
I am 27
I am 16
I am 22
I am 8
I am 21
I am 11
I am 7
I am 10
I am 9
I am 18
I am 20
I am 6
I am 12
I am 13
I am 23
I am 25
I am 30
I am 19
I am 17
I am 29
I am 15
I am 14
I am 31
I am 5
I am 28
entering dynamic phase

----- REMOTE CPU LOAD (memory node dir-threads, 2s window) -----
  dir 0: active=  0.00%  msgs=0           0 ns/msg
  dir 1: active=  0.00%  msgs=2           301 ns/msg
  dir 2: active=  0.00%  msgs=0           0 ns/msg
  dir 3: active=  0.00%  msgs=1           281 ns/msg
  dir 4: active=  0.00%  msgs=0           0 ns/msg
  dir 5: active=  0.00%  msgs=1           346 ns/msg
  AGGREGATE active = 0.00% (of 6 dir-threads; 0.00% per-thread avg)  msgs=4
[CPU compute ] process= 14.32% of 80 cores   system= 14.40%   (window 2s)

----- REMOTE CPU LOAD (memory node dir-threads, 2s window) -----
  dir 0: active=  0.00%  msgs=0           0 ns/msg
  dir 1: active=  0.00%  msgs=0           0 ns/msg
  dir 2: active=  0.00%  msgs=0           0 ns/msg
  dir 3: active=  0.00%  msgs=0           0 ns/msg
  dir 4: active=  0.00%  msgs=0           0 ns/msg
  dir 5: active=  0.00%  msgs=0           0 ns/msg
  AGGREGATE active = 0.00% (of 6 dir-threads; 0.00% per-thread avg)  msgs=0
[CPU compute ] process= 47.35% of 80 cores   system= 47.51%   (window 2s)

----- REMOTE CPU LOAD (memory node dir-threads, 2s window) -----
  dir 0: active=  0.00%  msgs=0           0 ns/msg
  dir 1: active=  0.00%  msgs=0           0 ns/msg
  dir 2: active=  0.00%  msgs=0           0 ns/msg
  dir 3: active=  0.00%  msgs=0           0 ns/msg
  dir 4: active=  0.00%  msgs=0           0 ns/msg
  dir 5: active=  0.00%  msgs=0           0 ns/msg
  AGGREGATE active = 0.00% (of 6 dir-threads; 0.00% per-thread avg)  msgs=0
[CPU compute ] process= 47.35% of 80 cores   system= 47.51%   (window 2s)

----- REMOTE CPU LOAD (memory node dir-threads, 2s window) -----
  dir 0: active=  0.00%  msgs=0           0 ns/msg
  dir 1: active=  0.00%  msgs=0           0 ns/msg
  dir 2: active=  0.00%  msgs=0           0 ns/msg
  dir 3: active=  0.00%  msgs=0           0 ns/msg
  dir 4: active=  0.00%  msgs=0           0 ns/msg
  dir 5: active=  0.00%  msgs=0           0 ns/msg
  AGGREGATE active = 0.00% (of 6 dir-threads; 0.00% per-thread avg)  msgs=0
[CPU compute ] process= 47.35% of 80 cores   system= 47.52%   (window 2s)

----- REMOTE CPU LOAD (memory node dir-threads, 2s window) -----
  dir 0: active=  0.00%  msgs=0           0 ns/msg
  dir 1: active=  0.00%  msgs=0           0 ns/msg
  dir 2: active=  0.00%  msgs=0           0 ns/msg
  dir 3: active=  0.00%  msgs=0           0 ns/msg
  dir 4: active=  0.00%  msgs=0           0 ns/msg
  dir 5: active=  0.00%  msgs=0           0 ns/msg
  AGGREGATE active = 0.00% (of 6 dir-threads; 0.00% per-thread avg)  msgs=0
[CPU compute ] process= 47.34% of 80 cores   system= 47.51%   (window 2s)

----- REMOTE CPU LOAD (memory node dir-threads, 2s window) -----
  dir 0: active=  0.00%  msgs=0           0 ns/msg
  dir 1: active=  0.00%  msgs=0           0 ns/msg
  dir 2: active=  0.00%  msgs=0           0 ns/msg
  dir 3: active=  0.00%  msgs=0           0 ns/msg
  dir 4: active=  0.00%  msgs=0           0 ns/msg
  dir 5: active=  0.00%  msgs=0           0 ns/msg
  AGGREGATE active = 0.00% (of 6 dir-threads; 0.00% per-thread avg)  msgs=0
[CPU compute ] process= 47.34% of 80 cores   system= 47.51%   (window 2s)

----- REMOTE CPU LOAD (memory node dir-threads, 2s window) -----
  dir 0: active=  0.00%  msgs=0           0 ns/msg
  dir 1: active=  0.00%  msgs=0           0 ns/msg
  dir 2: active=  0.00%  msgs=0           0 ns/msg
  dir 3: active=  0.00%  msgs=0           0 ns/msg
  dir 4: active=  0.00%  msgs=0           0 ns/msg
  dir 5: active=  0.00%  msgs=0           0 ns/msg
  AGGREGATE active = 0.00% (of 6 dir-threads; 0.00% per-thread avg)  msgs=0
[CPU compute ] process= 47.35% of 80 cores   system= 47.52%   (window 2s)

----- REMOTE CPU LOAD (memory node dir-threads, 2s window) -----
  dir 0: active=  0.00%  msgs=0           0 ns/msg
  dir 1: active=  0.00%  msgs=0           0 ns/msg
  dir 2: active=  0.00%  msgs=0           0 ns/msg
  dir 3: active=  0.00%  msgs=0           0 ns/msg
  dir 4: active=  0.00%  msgs=0           0 ns/msg
  dir 5: active=  0.00%  msgs=0           0 ns/msg
  AGGREGATE active = 0.00% (of 6 dir-threads; 0.00% per-thread avg)  msgs=0
[CPU compute ] process= 47.35% of 80 cores   system= 47.51%   (window 2s)

----- REMOTE CPU LOAD (memory node dir-threads, 2s window) -----
  dir 0: active=  0.00%  msgs=0           0 ns/msg
  dir 1: active=  0.00%  msgs=0           0 ns/msg
  dir 2: active=  0.00%  msgs=0           0 ns/msg
  dir 3: active=  0.00%  msgs=0           0 ns/msg
  dir 4: active=  0.00%  msgs=0           0 ns/msg
  dir 5: active=  0.00%  msgs=0           0 ns/msg
  AGGREGATE active = 0.00% (of 6 dir-threads; 0.00% per-thread avg)  msgs=0
[CPU compute ] process= 47.35% of 80 cores   system= 47.52%   (window 2s)
Thread_op_num = 1562500

----- REMOTE CPU LOAD (memory node dir-threads, 2s window) -----
  dir 0: active=  0.00%  msgs=0           0 ns/msg
  dir 1: active=  0.00%  msgs=0           0 ns/msg
  dir 2: active=  0.00%  msgs=0           0 ns/msg
  dir 3: active=  0.00%  msgs=0           0 ns/msg
  dir 4: active=  0.00%  msgs=0           0 ns/msg
  dir 5: active=  0.00%  msgs=0           0 ns/msg
  AGGREGATE active = 0.00% (of 6 dir-threads; 0.00% per-thread avg)  msgs=0
[CPU compute ] process= 47.34% of 80 cores   system= 47.51%   (window 2s)
node 0 finish warmup
Start collecting the statistic

----- REMOTE CPU LOAD (memory node dir-threads, 2s window) -----
  dir 0: active=  0.00%  msgs=0           0 ns/msg
  dir 1: active=  0.00%  msgs=0           0 ns/msg
  dir 2: active=  0.00%  msgs=0           0 ns/msg
  dir 3: active=  0.00%  msgs=0           0 ns/msg
  dir 4: active=  0.00%  msgs=0           0 ns/msg
  dir 5: active=  0.00%  msgs=0           0 ns/msg
  AGGREGATE active = 0.00% (of 6 dir-threads; 0.00% per-thread avg)  msgs=0
[CPU compute ] process= 47.37% of 80 cores   system= 47.51%   (window 2s)
0, throughput 0.5402
cluster throughput 0.540

----- REMOTE CPU LOAD (memory node dir-threads, 2s window) -----
  dir 0: active=  0.00%  msgs=0           0 ns/msg
  dir 1: active=  0.00%  msgs=0           0 ns/msg
  dir 2: active=  0.00%  msgs=0           0 ns/msg
  dir 3: active=  0.00%  msgs=0           0 ns/msg
  dir 4: active=  0.00%  msgs=0           0 ns/msg
  dir 5: active=  0.00%  msgs=0           0 ns/msg
  AGGREGATE active = 0.00% (of 6 dir-threads; 0.00% per-thread avg)  msgs=0
[CPU compute ] process= 47.33% of 80 cores   system= 47.52%   (window 2s)
0, throughput 0.5408
cluster throughput 0.540

----- REMOTE CPU LOAD (memory node dir-threads, 2s window) -----
  dir 0: active=  0.00%  msgs=0           0 ns/msg
  dir 1: active=  0.00%  msgs=0           0 ns/msg
  dir 2: active=  0.00%  msgs=0           0 ns/msg
  dir 3: active=  0.00%  msgs=0           0 ns/msg
  dir 4: active=  0.00%  msgs=0           0 ns/msg
  dir 5: active=  0.00%  msgs=0           0 ns/msg
  AGGREGATE active = 0.00% (of 6 dir-threads; 0.00% per-thread avg)  msgs=0
[CPU compute ] process= 47.35% of 80 cores   system= 47.52%   (window 2s)
0, throughput 0.5401
cluster throughput 0.540

----- REMOTE CPU LOAD (memory node dir-threads, 2s window) -----
  dir 0: active=  0.00%  msgs=0           0 ns/msg
  dir 1: active=  0.00%  msgs=0           0 ns/msg
  dir 2: active=  0.00%  msgs=0           0 ns/msg
  dir 3: active=  0.00%  msgs=0           0 ns/msg
  dir 4: active=  0.00%  msgs=0           0 ns/msg
  dir 5: active=  0.00%  msgs=0           0 ns/msg
  AGGREGATE active = 0.00% (of 6 dir-threads; 0.00% per-thread avg)  msgs=0
[CPU compute ] process= 47.34% of 80 cores   system= 47.51%   (window 2s)
0, throughput 0.5405
cluster throughput 0.540

----- REMOTE CPU LOAD (memory node dir-threads, 2s window) -----
  dir 0: active=  0.00%  msgs=0           0 ns/msg
  dir 1: active=  0.00%  msgs=0           0 ns/msg
  dir 2: active=  0.00%  msgs=0           0 ns/msg
  dir 3: active=  0.00%  msgs=0           0 ns/msg
  dir 4: active=  0.00%  msgs=0           0 ns/msg
  dir 5: active=  0.00%  msgs=0           0 ns/msg
  AGGREGATE active = 0.00% (of 6 dir-threads; 0.00% per-thread avg)  msgs=0
[CPU compute ] process= 47.35% of 80 cores   system= 47.52%   (window 2s)
0, throughput 0.5404
cluster throughput 0.540

----- REMOTE CPU LOAD (memory node dir-threads, 2s window) -----
  dir 0: active=  0.00%  msgs=0           0 ns/msg
  dir 1: active=  0.00%  msgs=0           0 ns/msg
  dir 2: active=  0.00%  msgs=0           0 ns/msg
  dir 3: active=  0.00%  msgs=0           0 ns/msg
  dir 4: active=  0.00%  msgs=0           0 ns/msg
  dir 5: active=  0.00%  msgs=0           0 ns/msg
  AGGREGATE active = 0.00% (of 6 dir-threads; 0.00% per-thread avg)  msgs=0
[CPU compute ] process= 47.34% of 80 cores   system= 47.51%   (window 2s)
0, throughput 0.5406
cluster throughput 0.540

----- REMOTE CPU LOAD (memory node dir-threads, 2s window) -----
  dir 0: active=  0.00%  msgs=0           0 ns/msg
  dir 1: active=  0.00%  msgs=0           0 ns/msg
  dir 2: active=  0.00%  msgs=0           0 ns/msg
  dir 3: active=  0.00%  msgs=0           0 ns/msg
  dir 4: active=  0.00%  msgs=0           0 ns/msg
  dir 5: active=  0.00%  msgs=0           0 ns/msg
  AGGREGATE active = 0.00% (of 6 dir-threads; 0.00% per-thread avg)  msgs=0
[CPU compute ] process= 47.34% of 80 cores   system= 47.52%   (window 2s)
0, throughput 0.5399
cluster throughput 0.539

----- REMOTE CPU LOAD (memory node dir-threads, 2s window) -----
  dir 0: active=  0.00%  msgs=0           0 ns/msg
  dir 1: active=  0.00%  msgs=0           0 ns/msg
  dir 2: active=  0.00%  msgs=0           0 ns/msg
  dir 3: active=  0.00%  msgs=0           0 ns/msg
  dir 4: active=  0.00%  msgs=0           0 ns/msg
  dir 5: active=  0.00%  msgs=0           0 ns/msg
  AGGREGATE active = 0.00% (of 6 dir-threads; 0.00% per-thread avg)  msgs=0
[CPU compute ] process= 47.34% of 80 cores   system= 47.51%   (window 2s)
0, throughput 0.5408
cluster throughput 0.540

----- REMOTE CPU LOAD (memory node dir-threads, 2s window) -----
  dir 0: active=  0.00%  msgs=0           0 ns/msg
  dir 1: active=  0.00%  msgs=0           0 ns/msg
  dir 2: active=  0.00%  msgs=0           0 ns/msg
  dir 3: active=  0.00%  msgs=0           0 ns/msg
  dir 4: active=  0.00%  msgs=0           0 ns/msg
  dir 5: active=  0.00%  msgs=0           0 ns/msg
  AGGREGATE active = 0.00% (of 6 dir-threads; 0.00% per-thread avg)  msgs=0
[CPU compute ] process= 47.35% of 80 cores   system= 47.51%   (window 2s)
0, throughput 0.5403
cluster throughput 0.540

----- REMOTE CPU LOAD (memory node dir-threads, 2s window) -----
  dir 0: active=  0.00%  msgs=0           0 ns/msg
  dir 1: active=  0.00%  msgs=0           0 ns/msg
  dir 2: active=  0.00%  msgs=0           0 ns/msg
  dir 3: active=  0.00%  msgs=0           0 ns/msg
  dir 4: active=  0.00%  msgs=0           0 ns/msg
  dir 5: active=  0.00%  msgs=0           0 ns/msg
  AGGREGATE active = 0.00% (of 6 dir-threads; 0.00% per-thread avg)  msgs=0
[CPU compute ] process= 47.34% of 80 cores   system= 47.53%   (window 2s)
0, throughput 0.5404
cluster throughput 0.540

----- REMOTE CPU LOAD (memory node dir-threads, 2s window) -----
  dir 0: active=  0.00%  msgs=0           0 ns/msg
  dir 1: active=  0.00%  msgs=0           0 ns/msg
  dir 2: active=  0.00%  msgs=0           0 ns/msg
  dir 3: active=  0.00%  msgs=0           0 ns/msg
  dir 4: active=  0.00%  msgs=0           0 ns/msg
  dir 5: active=  0.00%  msgs=0           0 ns/msg
  AGGREGATE active = 0.00% (of 6 dir-threads; 0.00% per-thread avg)  msgs=0
[CPU compute ] process= 47.35% of 80 cores   system= 47.51%   (window 2s)
0, throughput 0.5405
cluster throughput 0.540

----- REMOTE CPU LOAD (memory node dir-threads, 2s window) -----
  dir 0: active=  0.00%  msgs=0           0 ns/msg
  dir 1: active=  0.00%  msgs=0           0 ns/msg
  dir 2: active=  0.00%  msgs=0           0 ns/msg
  dir 3: active=  0.00%  msgs=0           0 ns/msg
  dir 4: active=  0.00%  msgs=0           0 ns/msg
  dir 5: active=  0.00%  msgs=0           0 ns/msg
  AGGREGATE active = 0.00% (of 6 dir-threads; 0.00% per-thread avg)  msgs=0
[CPU compute ] process= 47.35% of 80 cores   system= 47.50%   (window 2s)
0, throughput 0.5408
cluster throughput 0.540

----- REMOTE CPU LOAD (memory node dir-threads, 2s window) -----
  dir 0: active=  0.00%  msgs=0           0 ns/msg
  dir 1: active=  0.00%  msgs=0           0 ns/msg
  dir 2: active=  0.00%  msgs=0           0 ns/msg
  dir 3: active=  0.00%  msgs=0           0 ns/msg
  dir 4: active=  0.00%  msgs=0           0 ns/msg
  dir 5: active=  0.00%  msgs=0           0 ns/msg
  AGGREGATE active = 0.00% (of 6 dir-threads; 0.00% per-thread avg)  msgs=0
[CPU compute ] process= 47.34% of 80 cores   system= 47.52%   (window 2s)
0, throughput 0.5406
cluster throughput 0.540

----- REMOTE CPU LOAD (memory node dir-threads, 2s window) -----
  dir 0: active=  0.00%  msgs=0           0 ns/msg
  dir 1: active=  0.00%  msgs=0           0 ns/msg
  dir 2: active=  0.00%  msgs=0           0 ns/msg
  dir 3: active=  0.00%  msgs=0           0 ns/msg
  dir 4: active=  0.00%  msgs=0           0 ns/msg
  dir 5: active=  0.00%  msgs=0           0 ns/msg
  AGGREGATE active = 0.00% (of 6 dir-threads; 0.00% per-thread avg)  msgs=0
[CPU compute ] process= 47.34% of 80 cores   system= 47.51%   (window 2s)
0, throughput 0.5407
cluster throughput 0.540

----- REMOTE CPU LOAD (memory node dir-threads, 2s window) -----
  dir 0: active=  0.00%  msgs=0           0 ns/msg
  dir 1: active=  0.00%  msgs=0           0 ns/msg
  dir 2: active=  0.00%  msgs=0           0 ns/msg
  dir 3: active=  0.00%  msgs=0           0 ns/msg
  dir 4: active=  0.00%  msgs=0           0 ns/msg
  dir 5: active=  0.00%  msgs=0           0 ns/msg
  AGGREGATE active = 0.00% (of 6 dir-threads; 0.00% per-thread avg)  msgs=0
[CPU compute ] process= 47.34% of 80 cores   system= 47.52%   (window 2s)
0, throughput 0.5403
cluster throughput 0.540

----- REMOTE CPU LOAD (memory node dir-threads, 2s window) -----
  dir 0: active=  0.00%  msgs=0           0 ns/msg
  dir 1: active=  0.00%  msgs=0           0 ns/msg
  dir 2: active=  0.00%  msgs=0           0 ns/msg
  dir 3: active=  0.00%  msgs=0           0 ns/msg
  dir 4: active=  0.00%  msgs=0           0 ns/msg
  dir 5: active=  0.00%  msgs=0           0 ns/msg
  AGGREGATE active = 0.00% (of 6 dir-threads; 0.00% per-thread avg)  msgs=0
[CPU compute ] process= 47.35% of 80 cores   system= 47.51%   (window 2s)
0, throughput 0.5409
cluster throughput 0.540

----- REMOTE CPU LOAD (memory node dir-threads, 2s window) -----
  dir 0: active=  0.00%  msgs=0           0 ns/msg
  dir 1: active=  0.00%  msgs=0           0 ns/msg
  dir 2: active=  0.00%  msgs=0           0 ns/msg
  dir 3: active=  0.00%  msgs=0           0 ns/msg
  dir 4: active=  0.00%  msgs=0           0 ns/msg
  dir 5: active=  0.00%  msgs=0           0 ns/msg
  AGGREGATE active = 0.00% (of 6 dir-threads; 0.00% per-thread avg)  msgs=0
[CPU compute ] process= 47.34% of 80 cores   system= 47.50%   (window 2s)
0, throughput 0.5410
cluster throughput 0.541

----- REMOTE CPU LOAD (memory node dir-threads, 2s window) -----
  dir 0: active=  0.00%  msgs=0           0 ns/msg
  dir 1: active=  0.00%  msgs=0           0 ns/msg
  dir 2: active=  0.00%  msgs=0           0 ns/msg
  dir 3: active=  0.00%  msgs=0           0 ns/msg
  dir 4: active=  0.00%  msgs=0           0 ns/msg
  dir 5: active=  0.00%  msgs=0           0 ns/msg
  AGGREGATE active = 0.00% (of 6 dir-threads; 0.00% per-thread avg)  msgs=0
[CPU compute ] process= 47.35% of 80 cores   system= 47.52%   (window 2s)
0, throughput 0.5402
cluster throughput 0.540

----- REMOTE CPU LOAD (memory node dir-threads, 2s window) -----
  dir 0: active=  0.00%  msgs=0           0 ns/msg
  dir 1: active=  0.00%  msgs=0           0 ns/msg
  dir 2: active=  0.00%  msgs=0           0 ns/msg
  dir 3: active=  0.00%  msgs=0           0 ns/msg
  dir 4: active=  0.00%  msgs=0           0 ns/msg
  dir 5: active=  0.00%  msgs=0           0 ns/msg
  AGGREGATE active = 0.00% (of 6 dir-threads; 0.00% per-thread avg)  msgs=0
[CPU compute ] process= 47.34% of 80 cores   system= 47.51%   (window 2s)
0, throughput 0.5405
cluster throughput 0.540

----- REMOTE CPU LOAD (memory node dir-threads, 2s window) -----
  dir 0: active=  0.00%  msgs=0           0 ns/msg
  dir 1: active=  0.00%  msgs=0           0 ns/msg
  dir 2: active=  0.00%  msgs=0           0 ns/msg
  dir 3: active=  0.00%  msgs=0           0 ns/msg
  dir 4: active=  0.00%  msgs=0           0 ns/msg
  dir 5: active=  0.00%  msgs=0           0 ns/msg
  AGGREGATE active = 0.00% (of 6 dir-threads; 0.00% per-thread avg)  msgs=0
[CPU compute ] process= 47.34% of 80 cores   system= 47.51%   (window 2s)
0, throughput 0.5401
cluster throughput 0.540

----- REMOTE CPU LOAD (memory node dir-threads, 2s window) -----
  dir 0: active=  0.00%  msgs=0           0 ns/msg
  dir 1: active=  0.00%  msgs=0           0 ns/msg
  dir 2: active=  0.00%  msgs=0           0 ns/msg
  dir 3: active=  0.00%  msgs=0           0 ns/msg
  dir 4: active=  0.00%  msgs=0           0 ns/msg
  dir 5: active=  0.00%  msgs=0           0 ns/msg
  AGGREGATE active = 0.00% (of 6 dir-threads; 0.00% per-thread avg)  msgs=0
[CPU compute ] process= 47.35% of 80 cores   system= 47.52%   (window 2s)
0, throughput 0.5400
cluster throughput 0.540

----- REMOTE CPU LOAD (memory node dir-threads, 2s window) -----
  dir 0: active=  0.00%  msgs=0           0 ns/msg
  dir 1: active=  0.00%  msgs=0           0 ns/msg
  dir 2: active=  0.00%  msgs=0           0 ns/msg
  dir 3: active=  0.00%  msgs=0           0 ns/msg
  dir 4: active=  0.00%  msgs=0           0 ns/msg
  dir 5: active=  0.00%  msgs=0           0 ns/msg
  AGGREGATE active = 0.00% (of 6 dir-threads; 0.00% per-thread avg)  msgs=0
[CPU compute ] process= 47.33% of 80 cores   system= 47.51%   (window 2s)
0, throughput 0.5401
cluster throughput 0.540

----- REMOTE CPU LOAD (memory node dir-threads, 2s window) -----
  dir 0: active=  0.00%  msgs=0           0 ns/msg
  dir 1: active=  0.00%  msgs=0           0 ns/msg
  dir 2: active=  0.00%  msgs=0           0 ns/msg
  dir 3: active=  0.00%  msgs=0           0 ns/msg
  dir 4: active=  0.00%  msgs=0           0 ns/msg
  dir 5: active=  0.00%  msgs=0           0 ns/msg
  AGGREGATE active = 0.00% (of 6 dir-threads; 0.00% per-thread avg)  msgs=0
[CPU compute ] process= 47.35% of 80 cores   system= 47.52%   (window 2s)
0, throughput 0.5402
cluster throughput 0.540

----- REMOTE CPU LOAD (memory node dir-threads, 2s window) -----
  dir 0: active=  0.00%  msgs=0           0 ns/msg
  dir 1: active=  0.00%  msgs=0           0 ns/msg
  dir 2: active=  0.00%  msgs=0           0 ns/msg
  dir 3: active=  0.00%  msgs=0           0 ns/msg
  dir 4: active=  0.00%  msgs=0           0 ns/msg
  dir 5: active=  0.00%  msgs=0           0 ns/msg
  AGGREGATE active = 0.00% (of 6 dir-threads; 0.00% per-thread avg)  msgs=0
[CPU compute ] process= 47.34% of 80 cores   system= 47.51%   (window 2s)
0, throughput 0.5413
cluster throughput 0.541

----- REMOTE CPU LOAD (memory node dir-threads, 2s window) -----
  dir 0: active=  0.00%  msgs=0           0 ns/msg
  dir 1: active=  0.00%  msgs=0           0 ns/msg
  dir 2: active=  0.00%  msgs=0           0 ns/msg
  dir 3: active=  0.00%  msgs=0           0 ns/msg
  dir 4: active=  0.00%  msgs=0           0 ns/msg
  dir 5: active=  0.00%  msgs=0           0 ns/msg
  AGGREGATE active = 0.00% (of 6 dir-threads; 0.00% per-thread avg)  msgs=0
[CPU compute ] process= 47.34% of 80 cores   system= 47.51%   (window 2s)
0, throughput 0.5405
cluster throughput 0.540

----- REMOTE CPU LOAD (memory node dir-threads, 2s window) -----
  dir 0: active=  0.00%  msgs=0           0 ns/msg
  dir 1: active=  0.00%  msgs=0           0 ns/msg
  dir 2: active=  0.00%  msgs=0           0 ns/msg
  dir 3: active=  0.00%  msgs=0           0 ns/msg
  dir 4: active=  0.00%  msgs=0           0 ns/msg
  dir 5: active=  0.00%  msgs=0           0 ns/msg
  AGGREGATE active = 0.00% (of 6 dir-threads; 0.00% per-thread avg)  msgs=0
[CPU compute ] process= 47.35% of 80 cores   system= 47.52%   (window 2s)
0, throughput 0.5408
cluster throughput 0.540

----- REMOTE CPU LOAD (memory node dir-threads, 2s window) -----
  dir 0: active=  0.00%  msgs=0           0 ns/msg
  dir 1: active=  0.00%  msgs=0           0 ns/msg
  dir 2: active=  0.00%  msgs=0           0 ns/msg
  dir 3: active=  0.00%  msgs=0           0 ns/msg
  dir 4: active=  0.00%  msgs=0           0 ns/msg
  dir 5: active=  0.00%  msgs=0           0 ns/msg
  AGGREGATE active = 0.00% (of 6 dir-threads; 0.00% per-thread avg)  msgs=0
[CPU compute ] process= 47.34% of 80 cores   system= 47.51%   (window 2s)
0, throughput 0.5408
cluster throughput 0.540

----- REMOTE CPU LOAD (memory node dir-threads, 2s window) -----
  dir 0: active=  0.00%  msgs=0           0 ns/msg
  dir 1: active=  0.00%  msgs=0           0 ns/msg
  dir 2: active=  0.00%  msgs=0           0 ns/msg
  dir 3: active=  0.00%  msgs=0           0 ns/msg
  dir 4: active=  0.00%  msgs=0           0 ns/msg
  dir 5: active=  0.00%  msgs=0           0 ns/msg
  AGGREGATE active = 0.00% (of 6 dir-threads; 0.00% per-thread avg)  msgs=0
[CPU compute ] process= 47.34% of 80 cores   system= 47.51%   (window 2s)
0, throughput 0.5408
cluster throughput 0.540

----- REMOTE CPU LOAD (memory node dir-threads, 2s window) -----
  dir 0: active=  0.00%  msgs=0           0 ns/msg
  dir 1: active=  0.00%  msgs=0           0 ns/msg
  dir 2: active=  0.00%  msgs=0           0 ns/msg
  dir 3: active=  0.00%  msgs=0           0 ns/msg
  dir 4: active=  0.00%  msgs=0           0 ns/msg
  dir 5: active=  0.00%  msgs=0           0 ns/msg
  AGGREGATE active = 0.00% (of 6 dir-threads; 0.00% per-thread avg)  msgs=0
[CPU compute ] process= 47.35% of 80 cores   system= 47.52%   (window 2s)
0, throughput 0.5404
cluster throughput 0.540

----- REMOTE CPU LOAD (memory node dir-threads, 2s window) -----
  dir 0: active=  0.00%  msgs=0           0 ns/msg
  dir 1: active=  0.00%  msgs=0           0 ns/msg
  dir 2: active=  0.00%  msgs=0           0 ns/msg
  dir 3: active=  0.00%  msgs=0           0 ns/msg
  dir 4: active=  0.00%  msgs=0           0 ns/msg
  dir 5: active=  0.00%  msgs=0           0 ns/msg
  AGGREGATE active = 0.00% (of 6 dir-threads; 0.00% per-thread avg)  msgs=0
[CPU compute ] process= 47.34% of 80 cores   system= 47.51%   (window 2s)
0, throughput 0.5402
cluster throughput 0.540

----- REMOTE CPU LOAD (memory node dir-threads, 2s window) -----
  dir 0: active=  0.00%  msgs=0           0 ns/msg
  dir 1: active=  0.00%  msgs=0           0 ns/msg
  dir 2: active=  0.00%  msgs=0           0 ns/msg
  dir 3: active=  0.00%  msgs=0           0 ns/msg
  dir 4: active=  0.00%  msgs=0           0 ns/msg
  dir 5: active=  0.00%  msgs=0           0 ns/msg
  AGGREGATE active = 0.00% (of 6 dir-threads; 0.00% per-thread avg)  msgs=0
[CPU compute ] process= 47.34% of 80 cores   system= 47.51%   (window 2s)
0, throughput 0.5405
cluster throughput 0.540
Running time is larger than 60seconds

----- REMOTE CPU LOAD (memory node dir-threads, 2s window) -----
  dir 0: active=  0.00%  msgs=0           0 ns/msg
  dir 1: active=  0.00%  msgs=0           0 ns/msg
  dir 2: active=  0.00%  msgs=0           0 ns/msg
  dir 3: active=  0.00%  msgs=0           0 ns/msg
  dir 4: active=  0.00%  msgs=0           0 ns/msg
  dir 5: active=  0.00%  msgs=0           0 ns/msg
  AGGREGATE active = 0.00% (of 6 dir-threads; 0.00% per-thread avg)  msgs=0
[CPU compute ] process= 41.39% of 80 cores   system= 41.55%   (window 2s)

==================== LATENCY BUCKETS (500 ns) [node 0] ====================
[RANGE]
  ALL                n=33513853   mean=   59.16us  p50=  74.50us  p90=  96.50us  p99= 112.00us  p99.9= 123.50us  max>=1000.00us
  LOCAL (cache hit)  n=5972673    mean=    4.72us  p50=   4.50us  p90=   6.50us  p99=  12.00us  p99.9=  16.50us  max>=311.50us
  REMOTE (miss/rpc)  n=27541180   mean=   70.97us  p50=  80.00us  p90=  98.00us  p99= 113.00us  p99.9= 124.50us  max>=1000.00us
[ALL OPS]
  ALL                n=33513853   mean=   59.16us  p50=  74.50us  p90=  96.50us  p99= 112.00us  p99.9= 123.50us  max>=1000.00us
  LOCAL (cache hit)  n=5972673    mean=    4.72us  p50=   4.50us  p90=   6.50us  p99=  12.00us  p99.9=  16.50us  max>=311.50us
  REMOTE (miss/rpc)  n=27541180   mean=   70.97us  p50=  80.00us  p90=  98.00us  p99= 113.00us  p99.9= 124.50us  max>=1000.00us

----- 500 ns bucket CDF (all ops) [node 0] -----
  bucket [lo,hi) ns             count        pct       cdf
  [     2000,     2500)        10456    0.0312%   0.0312%
  [     2500,     3000)       207402    0.6189%   0.6501%
  [     3000,     3500)       588111    1.7548%   2.4049%
  [     3500,     4000)      1180744    3.5232%   5.9280%
  [     4000,     4500)      1475962    4.4040%  10.3321%
  [     4500,     5000)      1071640    3.1976%  13.5297%
  [     5000,     5500)       554825    1.6555%  15.1852%
  [     5500,     6000)       264123    0.7881%  15.9733%
  [     6000,     6500)       153236    0.4572%  16.4305%
  [     6500,     7000)       142020    0.4238%  16.8543%
  [     7000,     7500)       154085    0.4598%  17.3140%
  [     7500,     8000)       152571    0.4552%  17.7693%
  [     8000,     8500)       136133    0.4062%  18.1755%
  [     8500,     9000)       121280    0.3619%  18.5374%
  [     9000,     9500)       117511    0.3506%  18.8880%
  [     9500,    10000)       123141    0.3674%  19.2554%
  [    10000,    10500)       121991    0.3640%  19.6194%
  [    10500,    11000)       108894    0.3249%  19.9444%
  [    11000,    11500)        92084    0.2748%  20.2191%
  [    11500,    12000)        80669    0.2407%  20.4598%
  [    12000,    12500)        76158    0.2272%  20.6871%
  [    12500,    13000)        76019    0.2268%  20.9139%
  [    13000,    13500)        76416    0.2280%  21.1419%
  [    13500,    14000)        76073    0.2270%  21.3689%
  [    14000,    14500)        74295    0.2217%  21.5906%
  [    14500,    15000)        71822    0.2143%  21.8049%
  [    15000,    15500)        70041    0.2090%  22.0139%
  [    15500,    16000)        68458    0.2043%  22.2182%
  [    16000,    16500)        67691    0.2020%  22.4201%
  [    16500,    17000)        66922    0.1997%  22.6198%
  [    17000,    17500)        66743    0.1992%  22.8190%
  [    17500,    18000)        68210    0.2035%  23.0225%
  [    18000,    18500)        69204    0.2065%  23.2290%
  [    18500,    19000)        70898    0.2115%  23.4405%
  [    19000,    19500)        71340    0.2129%  23.6534%
  [    19500,    20000)        70909    0.2116%  23.8650%
  [    20000,    20500)        72986    0.2178%  24.0828%
  [    20500,    21000)        76374    0.2279%  24.3107%
  [    21000,    21500)        78982    0.2357%  24.5463%
  [    21500,    22000)        80193    0.2393%  24.7856%
  [    22000,    22500)        81014    0.2417%  25.0273%
  [    22500,    23000)        82479    0.2461%  25.2734%
  [    23000,    23500)        86917    0.2593%  25.5328%
  [    23500,    24000)        90308    0.2695%  25.8023%
  [    24000,    24500)        91287    0.2724%  26.0746%
  [    24500,    25000)        92082    0.2748%  26.3494%
  [    25000,    25500)        91774    0.2738%  26.6232%
  [    25500,    26000)        93997    0.2805%  26.9037%
  [    26000,    26500)        95914    0.2862%  27.1899%
  [    26500,    27000)        96557    0.2881%  27.4780%
  [    27000,    27500)        95124    0.2838%  27.7618%
  [    27500,    28000)        93065    0.2777%  28.0395%
  [    28000,    28500)        91787    0.2739%  28.3134%
  [    28500,    29000)        91769    0.2738%  28.5872%
  [    29000,    29500)        90326    0.2695%  28.8568%
  [    29500,    30000)        87037    0.2597%  29.1165%
  [    30000,    30500)        84262    0.2514%  29.3679%
  [    30500,    31000)        82328    0.2457%  29.6135%
  [    31000,    31500)        80364    0.2398%  29.8533%
  [    31500,    32000)        77756    0.2320%  30.0853%
  [    32000,    32500)        75728    0.2260%  30.3113%
  [    32500,    33000)        73540    0.2194%  30.5307%
  [    33000,    33500)        71133    0.2122%  30.7430%
  [    33500,    34000)        68933    0.2057%  30.9487%
  [    34000,    34500)        67342    0.2009%  31.1496%
  [    34500,    35000)        65627    0.1958%  31.3454%
  [    35000,    35500)        64230    0.1917%  31.5371%
  [    35500,    36000)        63006    0.1880%  31.7251%
  [    36000,    36500)        61390    0.1832%  31.9083%
  [    36500,    37000)        60307    0.1799%  32.0882%
  [    37000,    37500)        59058    0.1762%  32.2644%
  [    37500,    38000)        57475    0.1715%  32.4359%
  [    38000,    38500)        56539    0.1687%  32.6046%
  [    38500,    39000)        55829    0.1666%  32.7712%
  [    39000,    39500)        54624    0.1630%  32.9342%
  [    39500,    40000)        54603    0.1629%  33.0971%
  [    40000,    40500)        53499    0.1596%  33.2568%
  [    40500,    41000)        52336    0.1562%  33.4129%
  [    41000,    41500)        51830    0.1547%  33.5676%
  [    41500,    42000)        51570    0.1539%  33.7215%
  [    42000,    42500)        51141    0.1526%  33.8740%
  [    42500,    43000)        50435    0.1505%  34.0245%
  [    43000,    43500)        49540    0.1478%  34.1724%
  [    43500,    44000)        49664    0.1482%  34.3205%
  [    44000,    44500)        49489    0.1477%  34.4682%
  [    44500,    45000)        48693    0.1453%  34.6135%
  [    45000,    45500)        48641    0.1451%  34.7586%
  [    45500,    46000)        48409    0.1444%  34.9031%
  [    46000,    46500)        48136    0.1436%  35.0467%
  [    46500,    47000)        47983    0.1432%  35.1899%
  [    47000,    47500)        47181    0.1408%  35.3307%
  [    47500,    48000)        47582    0.1420%  35.4727%
  [    48000,    48500)        47529    0.1418%  35.6145%
  [    48500,    49000)        48027    0.1433%  35.7578%
  [    49000,    49500)        48272    0.1440%  35.9018%
  [    49500,    50000)        48163    0.1437%  36.0455%
  [    50000,    50500)        48439    0.1445%  36.1901%
  [    50500,    51000)        48589    0.1450%  36.3350%
  [    51000,    51500)        48768    0.1455%  36.4806%
  [    51500,    52000)        49448    0.1475%  36.6281%
  [    52000,    52500)        50024    0.1493%  36.7774%
  [    52500,    53000)        50617    0.1510%  36.9284%
  [    53000,    53500)        50695    0.1513%  37.0797%
  [    53500,    54000)        51202    0.1528%  37.2324%
  [    54000,    54500)        51989    0.1551%  37.3876%
  [    54500,    55000)        53151    0.1586%  37.5462%
  [    55000,    55500)        53879    0.1608%  37.7069%
  [    55500,    56000)        54651    0.1631%  37.8700%
  [    56000,    56500)        55996    0.1671%  38.0371%
  [    56500,    57000)        56935    0.1699%  38.2070%
  [    57000,    57500)        58677    0.1751%  38.3820%
  [    57500,    58000)        60133    0.1794%  38.5615%
  [    58000,    58500)        61165    0.1825%  38.7440%
  [    58500,    59000)        62935    0.1878%  38.9318%
  [    59000,    59500)        64740    0.1932%  39.1249%
  [    59500,    60000)        66641    0.1988%  39.3238%
  [    60000,    60500)        68342    0.2039%  39.5277%
  [    60500,    61000)        70407    0.2101%  39.7378%
  [    61000,    61500)        72680    0.2169%  39.9547%
  [    61500,    62000)        75344    0.2248%  40.1795%
  [    62000,    62500)        77938    0.2326%  40.4120%
  [    62500,    63000)        80491    0.2402%  40.6522%
  [    63000,    63500)        83918    0.2504%  40.9026%
  [    63500,    64000)        87702    0.2617%  41.1643%
  [    64000,    64500)        91430    0.2728%  41.4371%
  [    64500,    65000)        94630    0.2824%  41.7195%
  [    65000,    65500)        99613    0.2972%  42.0167%
  [    65500,    66000)       104458    0.3117%  42.3284%
  [    66000,    66500)       108693    0.3243%  42.6527%
  [    66500,    67000)       112904    0.3369%  42.9896%
  [    67000,    67500)       118285    0.3529%  43.3425%
  [    67500,    68000)       123052    0.3672%  43.7097%
  [    68000,    68500)       128669    0.3839%  44.0936%
  [    68500,    69000)       134965    0.4027%  44.4963%
  [    69000,    69500)       141701    0.4228%  44.9192%
  [    69500,    70000)       148942    0.4444%  45.3636%
  [    70000,    70500)       155820    0.4649%  45.8285%
  [    70500,    71000)       163087    0.4866%  46.3151%
  [    71000,    71500)       169797    0.5066%  46.8218%
  [    71500,    72000)       178627    0.5330%  47.3548%
  [    72000,    72500)       187905    0.5607%  47.9155%
  [    72500,    73000)       195950    0.5847%  48.5001%
  [    73000,    73500)       204981    0.6116%  49.1118%
  [    73500,    74000)       213757    0.6378%  49.7496%
  [    74000,    74500)       222696    0.6645%  50.4141%
  [    74500,    75000)       231172    0.6898%  51.1039%
  [    75000,    75500)       239826    0.7156%  51.8195%
  [    75500,    76000)       250242    0.7467%  52.5661%
  [    76000,    76500)       260302    0.7767%  53.3428%
  [    76500,    77000)       268040    0.7998%  54.1426%
  [    77000,    77500)       276637    0.8254%  54.9681%
  [    77500,    78000)       286270    0.8542%  55.8223%
  [    78000,    78500)       295713    0.8824%  56.7046%
  [    78500,    79000)       304680    0.9091%  57.6137%
  [    79000,    79500)       310962    0.9279%  58.5416%
  [    79500,    80000)       317696    0.9480%  59.4896%
  [    80000,    80500)       324252    0.9675%  60.4571%
  [    80500,    81000)       331114    0.9880%  61.4451%
  [    81000,    81500)       337350    1.0066%  62.4517%
  [    81500,    82000)       340948    1.0173%  63.4690%
  [    82000,    82500)       345088    1.0297%  64.4987%
  [    82500,    83000)       348912    1.0411%  65.5398%
  [    83000,    83500)       350583    1.0461%  66.5859%
  [    83500,    84000)       352750    1.0525%  67.6384%
  [    84000,    84500)       354416    1.0575%  68.6959%
  [    84500,    85000)       354630    1.0582%  69.7541%
  [    85000,    85500)       355072    1.0595%  70.8136%
  [    85500,    86000)       353040    1.0534%  71.8670%
  [    86000,    86500)       350013    1.0444%  72.9114%
  [    86500,    87000)       348436    1.0397%  73.9510%
  [    87000,    87500)       346786    1.0348%  74.9858%
  [    87500,    88000)       340930    1.0173%  76.0031%
  [    88000,    88500)       335913    1.0023%  77.0054%
  [    88500,    89000)       330505    0.9862%  77.9916%
  [    89000,    89500)       326517    0.9743%  78.9658%
  [    89500,    90000)       318080    0.9491%  79.9149%
  [    90000,    90500)       311393    0.9291%  80.8441%
  [    90500,    91000)       303928    0.9069%  81.7510%
  [    91000,    91500)       298019    0.8892%  82.6402%
  [    91500,    92000)       288493    0.8608%  83.5010%
  [    92000,    92500)       278942    0.8323%  84.3333%
  [    92500,    93000)       269872    0.8053%  85.1386%
  [    93000,    93500)       264177    0.7883%  85.9269%
  [    93500,    94000)       256285    0.7647%  86.6916%
  [    94000,    94500)       245512    0.7326%  87.4241%
  [    94500,    95000)       234866    0.7008%  88.1249%
  [    95000,    95500)       226766    0.6766%  88.8016%
  [    95500,    96000)       218097    0.6508%  89.4523%
  [    96000,    96500)       209289    0.6245%  90.0768%
  [    96500,    97000)       199334    0.5948%  90.6716%
  [    97000,    97500)       191481    0.5713%  91.2430%
  [    97500,    98000)       181993    0.5430%  91.7860%
  [    98000,    98500)       173593    0.5180%  92.3040%
  [    98500,    99000)       165508    0.4938%  92.7978%
  [    99000,    99500)       156532    0.4671%  93.2649%
  [    99500,   100000)       149635    0.4465%  93.7114%
  [   100000,   100500)       140630    0.4196%  94.1310%
  [   100500,   101000)       132768    0.3962%  94.5271%
  [   101000,   101500)       125150    0.3734%  94.9006%
  [   101500,   102000)       119805    0.3575%  95.2581%
  [   102000,   102500)       112049    0.3343%  95.5924%
  [   102500,   103000)       105589    0.3151%  95.9075%
  [   103000,   103500)        98472    0.2938%  96.2013%
  [   103500,   104000)        92537    0.2761%  96.4774%
  [   104000,   104500)        87519    0.2611%  96.7385%
  [   104500,   105000)        81958    0.2445%  96.9831%
  [   105000,   105500)        76323    0.2277%  97.2108%
  [   105500,   106000)        71588    0.2136%  97.4244%
  [   106000,   106500)        67166    0.2004%  97.6248%
  [   106500,   107000)        61629    0.1839%  97.8087%
  [   107000,   107500)        57837    0.1726%  97.9813%
  [   107500,   108000)        53862    0.1607%  98.1420%
  [   108000,   108500)        50845    0.1517%  98.2937%
  [   108500,   109000)        46635    0.1392%  98.4329%
  [   109000,   109500)        43397    0.1295%  98.5624%
  [   109500,   110000)        39537    0.1180%  98.6803%
  [   110000,   110500)        36941    0.1102%  98.7906%
  [   110500,   111000)        34326    0.1024%  98.8930%
  [   111000,   111500)        31787    0.0948%  98.9878%
  [   111500,   112000)        29592    0.0883%  99.0761%
  [   112000,   112500)        26891    0.0802%  99.1564%
  [   112500,   113000)        24734    0.0738%  99.2302%
  [   113000,   113500)        22927    0.0684%  99.2986%
  [   113500,   114000)        20938    0.0625%  99.3611%
  [   114000,   114500)        19209    0.0573%  99.4184%
  [   114500,   115000)        17723    0.0529%  99.4713%
  [   115000,   115500)        15917    0.0475%  99.5188%
  [   115500,   116000)        14985    0.0447%  99.5635%
  [   116000,   116500)        13541    0.0404%  99.6039%
  [   116500,   117000)        12543    0.0374%  99.6413%
  [   117000,   117500)        11504    0.0343%  99.6756%
  [   117500,   118000)        10234    0.0305%  99.7062%
  [   118000,   118500)         9439    0.0282%  99.7343%
  [   118500,   119000)         8773    0.0262%  99.7605%
  [   119000,   119500)         7733    0.0231%  99.7836%
  [   119500,   120000)         7179    0.0214%  99.8050%
  [   120000,   120500)         6641    0.0198%  99.8248%
  [   120500,   121000)         5746    0.0171%  99.8420%
  [   121000,   121500)         5289    0.0158%  99.8577%
  [   121500,   122000)         4814    0.0144%  99.8721%
  [   122000,   122500)         4400    0.0131%  99.8852%
  [   122500,   123000)         3854    0.0115%  99.8967%
  [   123000,   123500)         3523    0.0105%  99.9073%
  [   123500,   124000)         3293    0.0098%  99.9171%
  [   124000,   124500)         2841    0.0085%  99.9256%
  [   124500,   125000)         2622    0.0078%  99.9334%
  [   125000,   125500)         2338    0.0070%  99.9404%
  [   125500,   126000)         2181    0.0065%  99.9469%
  [   126000,   126500)         1913    0.0057%  99.9526%
  [   126500,   127000)         1645    0.0049%  99.9575%
  [   127000,   127500)         1612    0.0048%  99.9623%
  [   127500,   128000)         1414    0.0042%  99.9665%
  [   128000,   128500)         1269    0.0038%  99.9703%
  [   128500,   129000)         1088    0.0032%  99.9735%
  [   129000,   129500)          932    0.0028%  99.9763%
  [   129500,   130000)          850    0.0025%  99.9789%
  [   130000,   130500)          825    0.0025%  99.9813%
  [   130500,   131000)          686    0.0020%  99.9834%
  [   131000,   131500)          620    0.0018%  99.9852%
  [   131500,   132000)          541    0.0016%  99.9868%
  [   132000,   132500)          497    0.0015%  99.9883%
  [   132500,   133000)          460    0.0014%  99.9897%
  [   133000,   133500)          406    0.0012%  99.9909%
  [   133500,   134000)          338    0.0010%  99.9919%
  [   134000,   134500)          301    0.0009%  99.9928%
  [   134500,   135000)          292    0.0009%  99.9937%
  [   135000,   135500)          241    0.0007%  99.9944%
  [   135500,   136000)          196    0.0006%  99.9950%
  [   136000,   136500)          194    0.0006%  99.9956%
  [   136500,   137000)          178    0.0005%  99.9961%
  [   137000,   137500)          141    0.0004%  99.9965%
  [   137500,   138000)          131    0.0004%  99.9969%
  [   138000,   138500)          108    0.0003%  99.9972%
  [   138500,   139000)          128    0.0004%  99.9976%
  [   139000,   139500)           88    0.0003%  99.9979%
  [   139500,   140000)           75    0.0002%  99.9981%
  [   140000,   140500)           70    0.0002%  99.9983%
  [   140500,   141000)           61    0.0002%  99.9985%
  [   141000,   141500)           57    0.0002%  99.9987%
  [   141500,   142000)           43    0.0001%  99.9988%
  [   142000,   142500)           58    0.0002%  99.9990%
  [   142500,   143000)           34    0.0001%  99.9991%
  [   143000,   143500)           31    0.0001%  99.9991%
  [   143500,   144000)           28    0.0001%  99.9992%
  [   144000,   144500)           27    0.0001%  99.9993%
  [   144500,   145000)           26    0.0001%  99.9994%
  [   145000,   145500)           18    0.0001%  99.9994%
  [   145500,   146000)           15    0.0000%  99.9995%
  [   146000,   146500)           19    0.0001%  99.9995%
  [   146500,   147000)            8    0.0000%  99.9996%
  [   147000,   147500)            8    0.0000%  99.9996%
  [   147500,   148000)            8    0.0000%  99.9996%
  [   148000,   148500)            8    0.0000%  99.9996%
  [   148500,   149000)            7    0.0000%  99.9997%
  [   149000,   149500)            3    0.0000%  99.9997%
  [   149500,   150000)            5    0.0000%  99.9997%
  [   150000,   150500)            7    0.0000%  99.9997%
  [   150500,   151000)            5    0.0000%  99.9997%
  [   151000,   151500)            4    0.0000%  99.9997%
  [   151500,   152000)            6    0.0000%  99.9998%
  [   152000,   152500)            1    0.0000%  99.9998%
  [   152500,   153000)            2    0.0000%  99.9998%
  [   153000,   153500)            2    0.0000%  99.9998%
  [   153500,   154000)            4    0.0000%  99.9998%
  [   154000,   154500)            3    0.0000%  99.9998%
  [   154500,   155000)            1    0.0000%  99.9998%
  [   156000,   156500)            2    0.0000%  99.9998%
  [   156500,   157000)            1    0.0000%  99.9998%
  [   158000,   158500)            1    0.0000%  99.9998%
  [   158500,   159000)            1    0.0000%  99.9998%
  [   159000,   159500)            1    0.0000%  99.9998%
  [   159500,   160000)            2    0.0000%  99.9998%
  [   160500,   161000)            2    0.0000%  99.9998%
  [   161000,   161500)            1    0.0000%  99.9998%
  [   162000,   162500)            2    0.0000%  99.9998%
  [   163000,   163500)            1    0.0000%  99.9998%
  [   164000,   164500)            1    0.0000%  99.9998%
  [   165000,   165500)            1    0.0000%  99.9998%
  [   165500,   166000)            1    0.0000%  99.9998%
  [   169000,   169500)            1    0.0000%  99.9998%
  [   169500,   170000)            1    0.0000%  99.9998%
  [   171500,   172000)            3    0.0000%  99.9999%
  [   175000,   175500)            1    0.0000%  99.9999%
  [   176500,   177000)            1    0.0000%  99.9999%
  [   178000,   178500)            1    0.0000%  99.9999%
  [   179000,   179500)            1    0.0000%  99.9999%
  [   180500,   181000)            1    0.0000%  99.9999%
  [   185500,   186000)            1    0.0000%  99.9999%
  [   187000,   187500)            1    0.0000%  99.9999%
  [   189500,   190000)            1    0.0000%  99.9999%
  [   230000,   230500)            1    0.0000%  99.9999%
  [   308500,   309000)            1    0.0000%  99.9999%
  [   311000,   311500)            1    0.0000%  99.9999%
  [   357500,   358000)            1    0.0000%  99.9999%
  [   359500,   360000)            1    0.0000%  99.9999%
  [   366000,   366500)            1    0.0000%  99.9999%
  [   368000,   368500)            1    0.0000%  99.9999%
  [   373000,   373500)            1    0.0000%  99.9999%
  [   379500,   380000)            2    0.0000%  99.9999%
  [   382000,   382500)            2    0.0000%  99.9999%
  [   385000,   385500)            1    0.0000%  99.9999%
  [   385500,   386000)            1    0.0000%  99.9999%
  [   387500,   388000)            1    0.0000%  99.9999%
  [   388000,   388500)            1    0.0000%  99.9999%
  [   390000,   390500)            1    0.0000%  99.9999%
  [   391000,   391500)            2    0.0000%  99.9999%
  [   391500,   392000)            1    0.0000%  99.9999%
  [   392500,   393000)            1    0.0000%  99.9999%
  [   398500,   399000)            1    0.0000%  99.9999%
  [   403000,   403500)            1    0.0000%  99.9999%
  [   403500,   404000)            1    0.0000% 100.0000%
  [   405000,   405500)            2    0.0000% 100.0000%
  [   413000,   413500)            1    0.0000% 100.0000%
  [   417500,   418000)            1    0.0000% 100.0000%
  [   419500,   420000)            1    0.0000% 100.0000%
  [   421000,   421500)            1    0.0000% 100.0000%
  [   423500,   424000)            1    0.0000% 100.0000%
  [   424500,   425000)            1    0.0000% 100.0000%
  [   425500,   426000)            1    0.0000% 100.0000%
  [   602000,   602500)            1    0.0000% 100.0000%
  [   695000,   695500)            1    0.0000% 100.0000%
  [   999500, +inf)                   5    0.0000% 100.0000%

----- REMOTE OPERATIONS [node 0] -----
  ops total                = 33513853
  ops local  (cache hit)   = 5972673 (17.82%)
  ops remote (>=1 net op)  = 27541180 (82.18%)
  remote ops total         = 512911299
    rdma read              = 512911299
    rdma write             = 0
    rdma cas               = 0
    rpc pushdown           = 0
  remote ops / op          = 15.3045
  remote ops / remote op   = 18.6234

----- OFFLOADED TASKS [node 0] -----
  lookup pushdowns         = 0
  scan    pushdowns (RPC)  = 0
    kv pairs returned      = 0
    leaves scanned remotely= 0
    kv / scan pushdown     = 0.00
    leaves / scan pushdown = 0.00

----- PATH-AWARE CACHE MISSES [node 0] -----
  inner-node read miss     = 0 (0.00%)
  leaf-node  read miss     = 0 (0.00%)
  total read miss          = 0
  cache writebacks         = 0
=========================================================================

Round 0 (max_throughput): 0.540476 Mops/s
Round 0 (straggler_throughput): 0.540448 Mops/s
Before barrier finish
Avg. rdma read time(ms) = 0
Avg. rdma write time(ms) = -nan
Avg. rdma read / op = 15.3045
Avg. rdma write / op = 0
Avg. rdma cas / op = 0
Avg. rdma rpc / op = 0
Avg. all rdma / op = 15.3045
Avg. rdma read size/ op = 7835.83
Avg. rdma write size / op = 0
Avg. rdma RW size / op = 7835.83
------------------------------------------
Node 0 average throughput = 0.540032
Node 0 total throughput = 0.540476
All CN throughput (Max) = 0.540476
All CN throughput (Straggler) = 0.540448
Final throughput = 0.540448
------------------------------------------
