Compute node count = 1
kNodeCount 2, kReadRatio 100, kInsertRatio 0, kUpdateRatio 0, kDeleteRatio 0, kRangeRatio 0, totalThreadCount 32, memThreadCount 2 cache_size 64, uniform_workload 0, zipfian 0.990000, bulk_load_num 50000000, warmup_num 10000000, op_num 50000000, check_correctness 0, time_based 1, early_stop 1, index 0, rpc_rate 0.000000, admission_rate 0.100000, auto_tune 0
kMaxThread = 32
KeySpace = 50001000
[4mshared memory size: 64GB, 0x7fd4d4a00000[0m
[4mcache size: 2GB[0m
[4mMachine NR: 2[0m
[4mMax_APP_THREAD: 36[0m
[4mNR_DIRECTORY: 8[0m
[4mStart Build the DSMKeeper[0m
I am servers 0 [255.127.0.0]
I connect server 1
[4mdir 0 launch!
[0m
[4mdir 1 launch!
[0m
CNode 0, left bound = 0, right bound = 18446744073709551615
Pushdown (RPC) Rate: 0
Admission Rate: 0.1
Cache size(MB) = 64
-----Cache initial addr = 0x7fd4c0000000
page num = 131072
alloc_unit = 512
entry_num: 131072
bucket_num: 43691
Bucket size = 64
entry_num: 13107
bucket_num: 2185
start generating tree
num_partitions = 1
Success: tree root pointer value [0, 67108864]
finish generating tree
Bulkload num in node 0 = 50000000
First key of bulkloading = 7325973
Last key of bulkloading = 26738230
node warmup num = 10000000
kReadRatio =100
insertmark =100
updatemark =100
deletemark =100
rangemark =100

----- REMOTE CPU LOAD (memory node dir-threads, 2s window) -----
  dir 0: active=  0.00%  msgs=1           2998 ns/msg
  dir 1: active=  0.00%  msgs=0           0 ns/msg
  AGGREGATE active = 0.00% (of 2 dir-threads; 0.00% per-thread avg)  msgs=1
[CPU compute ] process=  3.74% of 80 cores   system=  3.77%   (window 2s)
Finish warmup workload generation

----- REMOTE CPU LOAD (memory node dir-threads, 2s window) -----
  dir 0: active=  0.00%  msgs=0           0 ns/msg
  dir 1: active=  0.00%  msgs=0           0 ns/msg
  AGGREGATE active = 0.00% (of 2 dir-threads; 0.00% per-thread avg)  msgs=0
[CPU compute ] process=  3.74% of 80 cores   system=  3.76%   (window 2s)

----- REMOTE CPU LOAD (memory node dir-threads, 2s window) -----
  dir 0: active=  0.00%  msgs=0           0 ns/msg
  dir 1: active=  0.00%  msgs=0           0 ns/msg
  AGGREGATE active = 0.00% (of 2 dir-threads; 0.00% per-thread avg)  msgs=0
[CPU compute ] process=  3.74% of 80 cores   system=  3.77%   (window 2s)

----- REMOTE CPU LOAD (memory node dir-threads, 2s window) -----
  dir 0: active=  0.00%  msgs=0           0 ns/msg
  dir 1: active=  0.00%  msgs=0           0 ns/msg
  AGGREGATE active = 0.00% (of 2 dir-threads; 0.00% per-thread avg)  msgs=0
[CPU compute ] process=  3.74% of 80 cores   system=  3.77%   (window 2s)

----- REMOTE CPU LOAD (memory node dir-threads, 2s window) -----
  dir 0: active=  0.00%  msgs=0           0 ns/msg
  dir 1: active=  0.00%  msgs=0           0 ns/msg
  AGGREGATE active = 0.00% (of 2 dir-threads; 0.00% per-thread avg)  msgs=0
[CPU compute ] process=  3.74% of 80 cores   system=  3.77%   (window 2s)

----- REMOTE CPU LOAD (memory node dir-threads, 2s window) -----
  dir 0: active=  0.00%  msgs=0           0 ns/msg
  dir 1: active=  0.00%  msgs=0           0 ns/msg
  AGGREGATE active = 0.00% (of 2 dir-threads; 0.00% per-thread avg)  msgs=0
[CPU compute ] process=  3.74% of 80 cores   system=  3.77%   (window 2s)
node op_num = 50000000
Finish all workload generation

----- REMOTE CPU LOAD (memory node dir-threads, 2s window) -----
  dir 0: active=  0.00%  msgs=0           0 ns/msg
  dir 1: active=  0.00%  msgs=0           0 ns/msg
  AGGREGATE active = 0.00% (of 2 dir-threads; 0.00% per-thread avg)  msgs=0
[CPU compute ] process=  3.74% of 80 cores   system=  3.76%   (window 2s)

----- REMOTE CPU LOAD (memory node dir-threads, 2s window) -----
  dir 0: active=  0.00%  msgs=0           0 ns/msg
  dir 1: active=  0.00%  msgs=0           0 ns/msg
  AGGREGATE active = 0.00% (of 2 dir-threads; 0.00% per-thread avg)  msgs=0
[CPU compute ] process=  3.74% of 80 cores   system=  3.77%   (window 2s)
Fetched new height = 1
Success: tree root pointer value [0, 67109888]
Height = 2
Success: tree root pointer value [0, 67112448]
Height = 3
Success: tree root pointer value [0, 67118080]
Height = 4
Success: tree root pointer value [1, 34426847744]
Height = 5
Success: tree root pointer value [1, 34426889216]
Height = 6
Success: tree root pointer value [1, 34426953216]
Height = 7
Success: tree root pointer value [1, 34427081728]
Height = 8
Success: tree root pointer value [0, 67593216]
Height = 9
Success: tree root pointer value [0, 68085760]
Height = 10
Success: tree root pointer value [0, 69071360]
Height = 11
Success: tree root pointer value [0, 71043072]
Height = 12
Success: tree root pointer value [1, 34435057664]
Height = 13
Success: tree root pointer value [1, 34443291648]
Height = 14
Success: tree root pointer value [1, 34459760128]
Height = 15
Success: tree root pointer value [1, 99405312]
Height = 16

----- REMOTE CPU LOAD (memory node dir-threads, 2s window) -----
  dir 0: active=  0.00%  msgs=0           0 ns/msg
  dir 1: active=  0.00%  msgs=2           1492 ns/msg
  AGGREGATE active = 0.00% (of 2 dir-threads; 0.00% per-thread avg)  msgs=2
[CPU compute ] process=  3.74% of 80 cores   system=  3.77%   (window 2s)
entering dynamic phase
Success: tree root pointer value [0, 34519482880]
Height = 17

----- REMOTE CPU LOAD (memory node dir-threads, 2s window) -----
  dir 0: active=  0.00%  msgs=0           0 ns/msg
  dir 1: active=  0.00%  msgs=4           362 ns/msg
  AGGREGATE active = 0.00% (of 2 dir-threads; 0.00% per-thread avg)  msgs=4
[CPU compute ] process=  3.74% of 80 cores   system=  3.76%   (window 2s)
Success: tree root pointer value [0, 34645683712]
Height = 18

----- REMOTE CPU LOAD (memory node dir-threads, 2s window) -----
  dir 0: active=  0.00%  msgs=0           0 ns/msg
  dir 1: active=  0.00%  msgs=5           385 ns/msg
  AGGREGATE active = 0.00% (of 2 dir-threads; 0.00% per-thread avg)  msgs=5
[CPU compute ] process=  3.75% of 80 cores   system=  3.77%   (window 2s)
Success: tree root pointer value [0, 34898085888]
Height = 19

----- REMOTE CPU LOAD (memory node dir-threads, 2s window) -----
  dir 0: active=  0.00%  msgs=0           0 ns/msg
  dir 1: active=  0.00%  msgs=5           392 ns/msg
  AGGREGATE active = 0.00% (of 2 dir-threads; 0.00% per-thread avg)  msgs=5
[CPU compute ] process=  3.74% of 80 cores   system=  3.76%   (window 2s)

----- REMOTE CPU LOAD (memory node dir-threads, 2s window) -----
  dir 0: active=  0.00%  msgs=0           0 ns/msg
  dir 1: active=  0.00%  msgs=4           390 ns/msg
  AGGREGATE active = 0.00% (of 2 dir-threads; 0.00% per-thread avg)  msgs=4
[CPU compute ] process=  3.74% of 80 cores   system=  3.76%   (window 2s)

----- REMOTE CPU LOAD (memory node dir-threads, 2s window) -----
  dir 0: active=  0.00%  msgs=3           513 ns/msg
  dir 1: active=  0.00%  msgs=2           502 ns/msg
  AGGREGATE active = 0.00% (of 2 dir-threads; 0.00% per-thread avg)  msgs=5
[CPU compute ] process=  3.74% of 80 cores   system=  3.76%   (window 2s)
Success: tree root pointer value [0, 338508800]
Height = 20

----- REMOTE CPU LOAD (memory node dir-threads, 2s window) -----
  dir 0: active=  0.00%  msgs=5           386 ns/msg
  dir 1: active=  0.00%  msgs=0           0 ns/msg
  AGGREGATE active = 0.00% (of 2 dir-threads; 0.00% per-thread avg)  msgs=5
[CPU compute ] process=  3.74% of 80 cores   system=  3.77%   (window 2s)

----- REMOTE CPU LOAD (memory node dir-threads, 2s window) -----
  dir 0: active=  0.00%  msgs=4           404 ns/msg
  dir 1: active=  0.00%  msgs=0           0 ns/msg
  AGGREGATE active = 0.00% (of 2 dir-threads; 0.00% per-thread avg)  msgs=4
[CPU compute ] process=  3.74% of 80 cores   system=  3.76%   (window 2s)

----- REMOTE CPU LOAD (memory node dir-threads, 2s window) -----
  dir 0: active=  0.00%  msgs=5           447 ns/msg
  dir 1: active=  0.00%  msgs=0           0 ns/msg
  AGGREGATE active = 0.00% (of 2 dir-threads; 0.00% per-thread avg)  msgs=5
[CPU compute ] process=  3.74% of 80 cores   system=  3.77%   (window 2s)

----- REMOTE CPU LOAD (memory node dir-threads, 2s window) -----
  dir 0: active=  0.00%  msgs=4           301 ns/msg
  dir 1: active=  0.00%  msgs=0           0 ns/msg
  AGGREGATE active = 0.00% (of 2 dir-threads; 0.00% per-thread avg)  msgs=4
[CPU compute ] process=  3.74% of 80 cores   system=  3.76%   (window 2s)

----- REMOTE CPU LOAD (memory node dir-threads, 2s window) -----
  dir 0: active=  0.00%  msgs=2           459 ns/msg
  dir 1: active=  0.00%  msgs=3           604 ns/msg
  AGGREGATE active = 0.00% (of 2 dir-threads; 0.00% per-thread avg)  msgs=5
[CPU compute ] process=  3.74% of 80 cores   system=  3.76%   (window 2s)

----- REMOTE CPU LOAD (memory node dir-threads, 2s window) -----
  dir 0: active=  0.00%  msgs=0           0 ns/msg
  dir 1: active=  0.00%  msgs=5           392 ns/msg
  AGGREGATE active = 0.00% (of 2 dir-threads; 0.00% per-thread avg)  msgs=5
[CPU compute ] process=  3.74% of 80 cores   system=  3.77%   (window 2s)

----- REMOTE CPU LOAD (memory node dir-threads, 2s window) -----
  dir 0: active=  0.00%  msgs=0           0 ns/msg
  dir 1: active=  0.00%  msgs=4           517 ns/msg
  AGGREGATE active = 0.00% (of 2 dir-threads; 0.00% per-thread avg)  msgs=4
[CPU compute ] process=  3.74% of 80 cores   system=  3.76%   (window 2s)
Success: tree root pointer value [1, 1336261632]
Height = 21

----- REMOTE CPU LOAD (memory node dir-threads, 2s window) -----
  dir 0: active=  0.00%  msgs=0           0 ns/msg
  dir 1: active=  0.00%  msgs=5           405 ns/msg
  AGGREGATE active = 0.00% (of 2 dir-threads; 0.00% per-thread avg)  msgs=5
[CPU compute ] process=  3.74% of 80 cores   system=  3.77%   (window 2s)

----- REMOTE CPU LOAD (memory node dir-threads, 2s window) -----
  dir 0: active=  0.00%  msgs=0           0 ns/msg
  dir 1: active=  0.00%  msgs=4           446 ns/msg
  AGGREGATE active = 0.00% (of 2 dir-threads; 0.00% per-thread avg)  msgs=4
[CPU compute ] process=  3.74% of 80 cores   system=  3.76%   (window 2s)

----- REMOTE CPU LOAD (memory node dir-threads, 2s window) -----
  dir 0: active=  0.00%  msgs=3           339 ns/msg
  dir 1: active=  0.00%  msgs=2           330 ns/msg
  AGGREGATE active = 0.00% (of 2 dir-threads; 0.00% per-thread avg)  msgs=5
[CPU compute ] process=  3.74% of 80 cores   system=  3.76%   (window 2s)

----- REMOTE CPU LOAD (memory node dir-threads, 2s window) -----
  dir 0: active=  0.00%  msgs=5           279 ns/msg
  dir 1: active=  0.00%  msgs=0           0 ns/msg
  AGGREGATE active = 0.00% (of 2 dir-threads; 0.00% per-thread avg)  msgs=5
[CPU compute ] process=  3.75% of 80 cores   system=  3.77%   (window 2s)

----- REMOTE CPU LOAD (memory node dir-threads, 2s window) -----
  dir 0: active=  0.00%  msgs=4           487 ns/msg
  dir 1: active=  0.00%  msgs=0           0 ns/msg
  AGGREGATE active = 0.00% (of 2 dir-threads; 0.00% per-thread avg)  msgs=4
[CPU compute ] process=  3.74% of 80 cores   system=  3.77%   (window 2s)

----- REMOTE CPU LOAD (memory node dir-threads, 2s window) -----
  dir 0: active=  0.00%  msgs=5           313 ns/msg
  dir 1: active=  0.00%  msgs=0           0 ns/msg
  AGGREGATE active = 0.00% (of 2 dir-threads; 0.00% per-thread avg)  msgs=5
[CPU compute ] process=  3.74% of 80 cores   system=  3.76%   (window 2s)

----- REMOTE CPU LOAD (memory node dir-threads, 2s window) -----
  dir 0: active=  0.00%  msgs=4           332 ns/msg
  dir 1: active=  0.00%  msgs=0           0 ns/msg
  AGGREGATE active = 0.00% (of 2 dir-threads; 0.00% per-thread avg)  msgs=4
[CPU compute ] process=  3.74% of 80 cores   system=  3.77%   (window 2s)

----- REMOTE CPU LOAD (memory node dir-threads, 2s window) -----
  dir 0: active=  0.00%  msgs=1           363 ns/msg
  dir 1: active=  0.00%  msgs=4           788 ns/msg
  AGGREGATE active = 0.00% (of 2 dir-threads; 0.00% per-thread avg)  msgs=5
[CPU compute ] process=  3.74% of 80 cores   system=  3.76%   (window 2s)

----- REMOTE CPU LOAD (memory node dir-threads, 2s window) -----
  dir 0: active=  0.00%  msgs=0           0 ns/msg
  dir 1: active=  0.00%  msgs=4           463 ns/msg
  AGGREGATE active = 0.00% (of 2 dir-threads; 0.00% per-thread avg)  msgs=4
[CPU compute ] process=  3.74% of 80 cores   system=  3.76%   (window 2s)

----- REMOTE CPU LOAD (memory node dir-threads, 2s window) -----
  dir 0: active=  0.00%  msgs=0           0 ns/msg
  dir 1: active=  0.00%  msgs=5           380 ns/msg
  AGGREGATE active = 0.00% (of 2 dir-threads; 0.00% per-thread avg)  msgs=5
[CPU compute ] process=  3.74% of 80 cores   system=  3.77%   (window 2s)

----- REMOTE CPU LOAD (memory node dir-threads, 2s window) -----
  dir 0: active=  0.00%  msgs=0           0 ns/msg
  dir 1: active=  0.00%  msgs=5           341 ns/msg
  AGGREGATE active = 0.00% (of 2 dir-threads; 0.00% per-thread avg)  msgs=5
[CPU compute ] process=  3.74% of 80 cores   system=  3.76%   (window 2s)

----- REMOTE CPU LOAD (memory node dir-threads, 2s window) -----
  dir 0: active=  0.00%  msgs=0           0 ns/msg
  dir 1: active=  0.00%  msgs=4           480 ns/msg
  AGGREGATE active = 0.00% (of 2 dir-threads; 0.00% per-thread avg)  msgs=4
[CPU compute ] process=  3.74% of 80 cores   system=  3.76%   (window 2s)

----- REMOTE CPU LOAD (memory node dir-threads, 2s window) -----
  dir 0: active=  0.00%  msgs=4           321 ns/msg
  dir 1: active=  0.00%  msgs=1           319 ns/msg
  AGGREGATE active = 0.00% (of 2 dir-threads; 0.00% per-thread avg)  msgs=5
[CPU compute ] process=  3.75% of 80 cores   system=  3.78%   (window 2s)
Success: tree root pointer value [1, 36260535808]
Height = 22

----- REMOTE CPU LOAD (memory node dir-threads, 2s window) -----
  dir 0: active=  0.00%  msgs=4           313 ns/msg
  dir 1: active=  0.00%  msgs=0           0 ns/msg
  AGGREGATE active = 0.00% (of 2 dir-threads; 0.00% per-thread avg)  msgs=4
[CPU compute ] process=  3.74% of 80 cores   system=  3.76%   (window 2s)

----- REMOTE CPU LOAD (memory node dir-threads, 2s window) -----
  dir 0: active=  0.00%  msgs=5           315 ns/msg
  dir 1: active=  0.00%  msgs=0           0 ns/msg
  AGGREGATE active = 0.00% (of 2 dir-threads; 0.00% per-thread avg)  msgs=5
[CPU compute ] process=  3.74% of 80 cores   system=  3.76%   (window 2s)

----- REMOTE CPU LOAD (memory node dir-threads, 2s window) -----
  dir 0: active=  0.00%  msgs=4           361 ns/msg
  dir 1: active=  0.00%  msgs=0           0 ns/msg
  AGGREGATE active = 0.00% (of 2 dir-threads; 0.00% per-thread avg)  msgs=4
[CPU compute ] process=  3.74% of 80 cores   system=  3.77%   (window 2s)

----- REMOTE CPU LOAD (memory node dir-threads, 2s window) -----
  dir 0: active=  0.00%  msgs=5           314 ns/msg
  dir 1: active=  0.00%  msgs=0           0 ns/msg
  AGGREGATE active = 0.00% (of 2 dir-threads; 0.00% per-thread avg)  msgs=5
[CPU compute ] process=  3.74% of 80 cores   system=  3.76%   (window 2s)

----- REMOTE CPU LOAD (memory node dir-threads, 2s window) -----
  dir 0: active=  0.00%  msgs=1           332 ns/msg
  dir 1: active=  0.00%  msgs=3           562 ns/msg
  AGGREGATE active = 0.00% (of 2 dir-threads; 0.00% per-thread avg)  msgs=4
[CPU compute ] process=  3.74% of 80 cores   system=  3.76%   (window 2s)

----- REMOTE CPU LOAD (memory node dir-threads, 2s window) -----
  dir 0: active=  0.00%  msgs=0           0 ns/msg
  dir 1: active=  0.00%  msgs=5           351 ns/msg
  AGGREGATE active = 0.00% (of 2 dir-threads; 0.00% per-thread avg)  msgs=5
[CPU compute ] process=  3.74% of 80 cores   system=  3.77%   (window 2s)
#leaf nodes = 3846153
leaf size(MB) = 1878
#inner nodes = 3846104
inner size(MB) = 1877.98
Tree height = 22
Cache capacity = 131072
max. leaf entries = 26
max. inner entries = 5
Inner page size = 160
Leaf page size = 512
node 0 finish its bulkload
IMPORTANT: my root is 2376370474713089
0 is ready for the benchmark
I am 0
Fetched new height = 22
I am 3
I am 1
I am 2
I am 4
I am 12
I am 27
I am 11
I am 21
I am 15
I am 29
I am 10
I am 26
I am 22
I am 19
I am 18
I am 17
I am 14
I am 20
I am 6
I am 31
I am 5
I am 24
I am 28
I am 8
I am 16
I am 13
I am 23
I am 30
I am 25
I am 9
I am 7
entering dynamic phase

----- REMOTE CPU LOAD (memory node dir-threads, 2s window) -----
  dir 0: active=  0.00%  msgs=0           0 ns/msg
  dir 1: active=  0.00%  msgs=3           387 ns/msg
  AGGREGATE active = 0.00% (of 2 dir-threads; 0.00% per-thread avg)  msgs=3
[CPU compute ] process= 17.75% of 80 cores   system= 17.83%   (window 2s)

----- REMOTE CPU LOAD (memory node dir-threads, 2s window) -----
  dir 0: active=  0.00%  msgs=0           0 ns/msg
  dir 1: active=  0.00%  msgs=0           0 ns/msg
  AGGREGATE active = 0.00% (of 2 dir-threads; 0.00% per-thread avg)  msgs=0
[CPU compute ] process= 42.35% of 80 cores   system= 42.52%   (window 2s)

----- REMOTE CPU LOAD (memory node dir-threads, 2s window) -----
  dir 0: active=  0.00%  msgs=0           0 ns/msg
  dir 1: active=  0.00%  msgs=0           0 ns/msg
  AGGREGATE active = 0.00% (of 2 dir-threads; 0.00% per-thread avg)  msgs=0
[CPU compute ] process= 42.35% of 80 cores   system= 42.51%   (window 2s)
Thread_op_num = 1562500
node 0 finish warmup
Start collecting the statistic

----- REMOTE CPU LOAD (memory node dir-threads, 2s window) -----
  dir 0: active=  0.00%  msgs=0           0 ns/msg
  dir 1: active=  0.00%  msgs=0           0 ns/msg
  AGGREGATE active = 0.00% (of 2 dir-threads; 0.00% per-thread avg)  msgs=0
[CPU compute ] process= 42.39% of 80 cores   system= 42.52%   (window 2s)
0, throughput 1.8665
cluster throughput 1.866

----- REMOTE CPU LOAD (memory node dir-threads, 2s window) -----
  dir 0: active=  0.00%  msgs=0           0 ns/msg
  dir 1: active=  0.00%  msgs=0           0 ns/msg
  AGGREGATE active = 0.00% (of 2 dir-threads; 0.00% per-thread avg)  msgs=0
[CPU compute ] process= 42.35% of 80 cores   system= 42.51%   (window 2s)
0, throughput 1.8643
cluster throughput 1.864

----- REMOTE CPU LOAD (memory node dir-threads, 2s window) -----
  dir 0: active=  0.00%  msgs=0           0 ns/msg
  dir 1: active=  0.00%  msgs=0           0 ns/msg
  AGGREGATE active = 0.00% (of 2 dir-threads; 0.00% per-thread avg)  msgs=0
[CPU compute ] process= 42.35% of 80 cores   system= 42.50%   (window 2s)
0, throughput 1.8637
cluster throughput 1.863

----- REMOTE CPU LOAD (memory node dir-threads, 2s window) -----
  dir 0: active=  0.00%  msgs=0           0 ns/msg
  dir 1: active=  0.00%  msgs=0           0 ns/msg
  AGGREGATE active = 0.00% (of 2 dir-threads; 0.00% per-thread avg)  msgs=0
[CPU compute ] process= 42.37% of 80 cores   system= 42.53%   (window 2s)
0, throughput 1.8642
cluster throughput 1.864

----- REMOTE CPU LOAD (memory node dir-threads, 2s window) -----
  dir 0: active=  0.00%  msgs=0           0 ns/msg
  dir 1: active=  0.00%  msgs=0           0 ns/msg
  AGGREGATE active = 0.00% (of 2 dir-threads; 0.00% per-thread avg)  msgs=0
[CPU compute ] process= 42.35% of 80 cores   system= 42.51%   (window 2s)
0, throughput 1.8649
cluster throughput 1.864

----- REMOTE CPU LOAD (memory node dir-threads, 2s window) -----
  dir 0: active=  0.00%  msgs=0           0 ns/msg
  dir 1: active=  0.00%  msgs=0           0 ns/msg
  AGGREGATE active = 0.00% (of 2 dir-threads; 0.00% per-thread avg)  msgs=0
[CPU compute ] process= 42.35% of 80 cores   system= 42.51%   (window 2s)
0, throughput 1.8674
cluster throughput 1.867

----- REMOTE CPU LOAD (memory node dir-threads, 2s window) -----
  dir 0: active=  0.00%  msgs=0           0 ns/msg
  dir 1: active=  0.00%  msgs=0           0 ns/msg
  AGGREGATE active = 0.00% (of 2 dir-threads; 0.00% per-thread avg)  msgs=0
[CPU compute ] process= 42.37% of 80 cores   system= 42.53%   (window 2s)
0, throughput 1.8662
cluster throughput 1.866

----- REMOTE CPU LOAD (memory node dir-threads, 2s window) -----
  dir 0: active=  0.00%  msgs=0           0 ns/msg
  dir 1: active=  0.00%  msgs=0           0 ns/msg
  AGGREGATE active = 0.00% (of 2 dir-threads; 0.00% per-thread avg)  msgs=0
[CPU compute ] process= 42.35% of 80 cores   system= 42.51%   (window 2s)
0, throughput 1.8645
cluster throughput 1.864

----- REMOTE CPU LOAD (memory node dir-threads, 2s window) -----
  dir 0: active=  0.00%  msgs=0           0 ns/msg
  dir 1: active=  0.00%  msgs=0           0 ns/msg
  AGGREGATE active = 0.00% (of 2 dir-threads; 0.00% per-thread avg)  msgs=0
[CPU compute ] process= 42.35% of 80 cores   system= 42.51%   (window 2s)
0, throughput 1.8666
cluster throughput 1.866

----- REMOTE CPU LOAD (memory node dir-threads, 2s window) -----
  dir 0: active=  0.00%  msgs=0           0 ns/msg
  dir 1: active=  0.00%  msgs=0           0 ns/msg
  AGGREGATE active = 0.00% (of 2 dir-threads; 0.00% per-thread avg)  msgs=0
[CPU compute ] process= 42.37% of 80 cores   system= 42.52%   (window 2s)
0, throughput 1.8662
cluster throughput 1.866

----- REMOTE CPU LOAD (memory node dir-threads, 2s window) -----
  dir 0: active=  0.00%  msgs=0           0 ns/msg
  dir 1: active=  0.00%  msgs=0           0 ns/msg
  AGGREGATE active = 0.00% (of 2 dir-threads; 0.00% per-thread avg)  msgs=0
[CPU compute ] process= 42.35% of 80 cores   system= 42.51%   (window 2s)
0, throughput 1.8664
cluster throughput 1.866

----- REMOTE CPU LOAD (memory node dir-threads, 2s window) -----
  dir 0: active=  0.00%  msgs=0           0 ns/msg
  dir 1: active=  0.00%  msgs=0           0 ns/msg
  AGGREGATE active = 0.00% (of 2 dir-threads; 0.00% per-thread avg)  msgs=0
[CPU compute ] process= 42.34% of 80 cores   system= 42.52%   (window 2s)
0, throughput 1.8638
cluster throughput 1.863

----- REMOTE CPU LOAD (memory node dir-threads, 2s window) -----
  dir 0: active=  0.00%  msgs=0           0 ns/msg
  dir 1: active=  0.00%  msgs=0           0 ns/msg
  AGGREGATE active = 0.00% (of 2 dir-threads; 0.00% per-thread avg)  msgs=0
[CPU compute ] process= 42.37% of 80 cores   system= 42.52%   (window 2s)
0, throughput 1.6593
cluster throughput 1.659

----- REMOTE CPU LOAD (memory node dir-threads, 2s window) -----
  dir 0: active=  0.00%  msgs=0           0 ns/msg
  dir 1: active=  0.00%  msgs=0           0 ns/msg
  AGGREGATE active = 0.00% (of 2 dir-threads; 0.00% per-thread avg)  msgs=0
[CPU compute ] process= 23.30% of 80 cores   system= 23.39%   (window 2s)
0, throughput 0.0000
cluster throughput 0.000
The time duration = 28 seconds

----- REMOTE CPU LOAD (memory node dir-threads, 2s window) -----
  dir 0: active=  0.00%  msgs=0           0 ns/msg
  dir 1: active=  0.00%  msgs=0           0 ns/msg
  AGGREGATE active = 0.00% (of 2 dir-threads; 0.00% per-thread avg)  msgs=0
[CPU compute ] process=  2.49% of 80 cores   system=  2.50%   (window 2s)

==================== LATENCY BUCKETS (500 ns) [node 0] ====================
[LOOKUP]
  ALL                n=48094573   mean=   17.12us  p50=  20.00us  p90=  34.00us  p99=  43.00us  p99.9=  50.00us  max>=1000.00us
  LOCAL (cache hit)  n=13012260   mean=    0.85us  p50=   1.00us  p90=   1.50us  p99=   6.00us  p99.9=  10.00us  max>=307.00us
  REMOTE (miss/rpc)  n=35082313   mean=   23.15us  p50=  25.50us  p90=  35.00us  p99=  44.00us  p99.9=  51.00us  max>=1000.00us
[ALL OPS]
  ALL                n=48094573   mean=   17.12us  p50=  20.00us  p90=  34.00us  p99=  43.00us  p99.9=  50.00us  max>=1000.00us
  LOCAL (cache hit)  n=13012260   mean=    0.85us  p50=   1.00us  p90=   1.50us  p99=   6.00us  p99.9=  10.00us  max>=307.00us
  REMOTE (miss/rpc)  n=35082313   mean=   23.15us  p50=  25.50us  p90=  35.00us  p99=  44.00us  p99.9=  51.00us  max>=1000.00us

----- 500 ns bucket CDF (all ops) [node 0] -----
  bucket [lo,hi) ns             count        pct       cdf
  [        0,      500)      3233274    6.7227%   6.7227%
  [      500,     1000)      7334730   15.2506%  21.9734%
  [     1000,     1500)      1600163    3.3271%  25.3005%
  [     1500,     2000)       362937    0.7546%  26.0551%
  [     2000,     2500)       118181    0.2457%  26.3009%
  [     2500,     3000)       185802    0.3863%  26.6872%
  [     3000,     3500)       825541    1.7165%  28.4037%
  [     3500,     4000)      1333697    2.7731%  31.1768%
  [     4000,     4500)       985009    2.0481%  33.2248%
  [     4500,     5000)       512198    1.0650%  34.2898%
  [     5000,     5500)       253880    0.5279%  34.8177%
  [     5500,     6000)       185166    0.3850%  35.2027%
  [     6000,     6500)       216859    0.4509%  35.6536%
  [     6500,     7000)       240957    0.5010%  36.1546%
  [     7000,     7500)       227920    0.4739%  36.6285%
  [     7500,     8000)       211475    0.4397%  37.0682%
  [     8000,     8500)       203841    0.4238%  37.4920%
  [     8500,     9000)       177920    0.3699%  37.8620%
  [     9000,     9500)       152605    0.3173%  38.1793%
  [     9500,    10000)       168812    0.3510%  38.5303%
  [    10000,    10500)       215791    0.4487%  38.9789%
  [    10500,    11000)       250597    0.5211%  39.5000%
  [    11000,    11500)       252516    0.5250%  40.0250%
  [    11500,    12000)       225521    0.4689%  40.4939%
  [    12000,    12500)       197826    0.4113%  40.9053%
  [    12500,    13000)       186917    0.3886%  41.2939%
  [    13000,    13500)       197615    0.4109%  41.7048%
  [    13500,    14000)       216051    0.4492%  42.1540%
  [    14000,    14500)       231314    0.4810%  42.6350%
  [    14500,    15000)       233357    0.4852%  43.1202%
  [    15000,    15500)       223883    0.4655%  43.5857%
  [    15500,    16000)       218495    0.4543%  44.0400%
  [    16000,    16500)       235522    0.4897%  44.5297%
  [    16500,    17000)       282077    0.5865%  45.1162%
  [    17000,    17500)       342915    0.7130%  45.8292%
  [    17500,    18000)       392758    0.8166%  46.6458%
  [    18000,    18500)       415491    0.8639%  47.5098%
  [    18500,    19000)       421432    0.8763%  48.3860%
  [    19000,    19500)       420606    0.8745%  49.2605%
  [    19500,    20000)       432907    0.9001%  50.1607%
  [    20000,    20500)       460821    0.9582%  51.1188%
  [    20500,    21000)       501642    1.0430%  52.1619%
  [    21000,    21500)       545229    1.1337%  53.2955%
  [    21500,    22000)       575643    1.1969%  54.4924%
  [    22000,    22500)       595419    1.2380%  55.7304%
  [    22500,    23000)       613634    1.2759%  57.0063%
  [    23000,    23500)       649909    1.3513%  58.3576%
  [    23500,    24000)       711146    1.4786%  59.8363%
  [    24000,    24500)       782007    1.6260%  61.4623%
  [    24500,    25000)       836448    1.7392%  63.2014%
  [    25000,    25500)       867191    1.8031%  65.0045%
  [    25500,    26000)       871945    1.8130%  66.8175%
  [    26000,    26500)       867289    1.8033%  68.6208%
  [    26500,    27000)       854186    1.7761%  70.3969%
  [    27000,    27500)       842422    1.7516%  72.1485%
  [    27500,    28000)       831454    1.7288%  73.8772%
  [    28000,    28500)       827307    1.7202%  75.5974%
  [    28500,    29000)       816211    1.6971%  77.2945%
  [    29000,    29500)       801302    1.6661%  78.9606%
  [    29500,    30000)       780859    1.6236%  80.5842%
  [    30000,    30500)       754948    1.5697%  82.1539%
  [    30500,    31000)       728592    1.5149%  83.6688%
  [    31000,    31500)       695446    1.4460%  85.1148%
  [    31500,    32000)       652834    1.3574%  86.4722%
  [    32000,    32500)       607904    1.2640%  87.7362%
  [    32500,    33000)       562319    1.1692%  88.9054%
  [    33000,    33500)       522652    1.0867%  89.9921%
  [    33500,    34000)       480461    0.9990%  90.9911%
  [    34000,    34500)       442998    0.9211%  91.9122%
  [    34500,    35000)       406598    0.8454%  92.7576%
  [    35000,    35500)       371130    0.7717%  93.5293%
  [    35500,    36000)       338917    0.7047%  94.2340%
  [    36000,    36500)       307560    0.6395%  94.8735%
  [    36500,    37000)       278568    0.5792%  95.4527%
  [    37000,    37500)       254193    0.5285%  95.9812%
  [    37500,    38000)       228444    0.4750%  96.4562%
  [    38000,    38500)       205131    0.4265%  96.8827%
  [    38500,    39000)       183411    0.3814%  97.2640%
  [    39000,    39500)       163577    0.3401%  97.6042%
  [    39500,    40000)       146486    0.3046%  97.9087%
  [    40000,    40500)       129584    0.2694%  98.1782%
  [    40500,    41000)       114446    0.2380%  98.4161%
  [    41000,    41500)       100048    0.2080%  98.6242%
  [    41500,    42000)        88072    0.1831%  98.8073%
  [    42000,    42500)        77159    0.1604%  98.9677%
  [    42500,    43000)        67305    0.1399%  99.1077%
  [    43000,    43500)        58783    0.1222%  99.2299%
  [    43500,    44000)        51435    0.1069%  99.3368%
  [    44000,    44500)        44665    0.0929%  99.4297%
  [    44500,    45000)        38854    0.0808%  99.5105%
  [    45000,    45500)        33594    0.0698%  99.5803%
  [    45500,    46000)        29295    0.0609%  99.6412%
  [    46000,    46500)        25117    0.0522%  99.6935%
  [    46500,    47000)        21638    0.0450%  99.7385%
  [    47000,    47500)        18498    0.0385%  99.7769%
  [    47500,    48000)        15826    0.0329%  99.8098%
  [    48000,    48500)        13542    0.0282%  99.8380%
  [    48500,    49000)        11844    0.0246%  99.8626%
  [    49000,    49500)        10088    0.0210%  99.8836%
  [    49500,    50000)         8563    0.0178%  99.9014%
  [    50000,    50500)         7262    0.0151%  99.9165%
  [    50500,    51000)         6136    0.0128%  99.9292%
  [    51000,    51500)         5273    0.0110%  99.9402%
  [    51500,    52000)         4453    0.0093%  99.9495%
  [    52000,    52500)         3665    0.0076%  99.9571%
  [    52500,    53000)         3121    0.0065%  99.9636%
  [    53000,    53500)         2689    0.0056%  99.9692%
  [    53500,    54000)         2255    0.0047%  99.9739%
  [    54000,    54500)         1855    0.0039%  99.9777%
  [    54500,    55000)         1713    0.0036%  99.9813%
  [    55000,    55500)         1341    0.0028%  99.9841%
  [    55500,    56000)         1192    0.0025%  99.9865%
  [    56000,    56500)          943    0.0020%  99.9885%
  [    56500,    57000)          839    0.0017%  99.9903%
  [    57000,    57500)          715    0.0015%  99.9917%
  [    57500,    58000)          570    0.0012%  99.9929%
  [    58000,    58500)          495    0.0010%  99.9940%
  [    58500,    59000)          444    0.0009%  99.9949%
  [    59000,    59500)          351    0.0007%  99.9956%
  [    59500,    60000)          331    0.0007%  99.9963%
  [    60000,    60500)          251    0.0005%  99.9968%
  [    60500,    61000)          228    0.0005%  99.9973%
  [    61000,    61500)          185    0.0004%  99.9977%
  [    61500,    62000)          168    0.0003%  99.9980%
  [    62000,    62500)          141    0.0003%  99.9983%
  [    62500,    63000)           90    0.0002%  99.9985%
  [    63000,    63500)           79    0.0002%  99.9987%
  [    63500,    64000)           83    0.0002%  99.9988%
  [    64000,    64500)           84    0.0002%  99.9990%
  [    64500,    65000)           62    0.0001%  99.9991%
  [    65000,    65500)           40    0.0001%  99.9992%
  [    65500,    66000)           50    0.0001%  99.9993%
  [    66000,    66500)           28    0.0001%  99.9994%
  [    66500,    67000)           32    0.0001%  99.9995%
  [    67000,    67500)           34    0.0001%  99.9995%
  [    67500,    68000)           22    0.0000%  99.9996%
  [    68000,    68500)           15    0.0000%  99.9996%
  [    68500,    69000)           11    0.0000%  99.9996%
  [    69000,    69500)           12    0.0000%  99.9997%
  [    69500,    70000)            5    0.0000%  99.9997%
  [    70000,    70500)           10    0.0000%  99.9997%
  [    70500,    71000)            7    0.0000%  99.9997%
  [    71000,    71500)            9    0.0000%  99.9997%
  [    71500,    72000)            9    0.0000%  99.9997%
  [    72000,    72500)            3    0.0000%  99.9997%
  [    72500,    73000)            6    0.0000%  99.9998%
  [    73000,    73500)            3    0.0000%  99.9998%
  [    73500,    74000)            4    0.0000%  99.9998%
  [    74000,    74500)            5    0.0000%  99.9998%
  [    74500,    75000)            2    0.0000%  99.9998%
  [    75000,    75500)            6    0.0000%  99.9998%
  [    75500,    76000)            4    0.0000%  99.9998%
  [    76000,    76500)            1    0.0000%  99.9998%
  [    76500,    77000)            3    0.0000%  99.9998%
  [    77000,    77500)            3    0.0000%  99.9998%
  [    77500,    78000)            1    0.0000%  99.9998%
  [    78000,    78500)            1    0.0000%  99.9998%
  [    78500,    79000)            1    0.0000%  99.9998%
  [    79000,    79500)            2    0.0000%  99.9998%
  [    79500,    80000)            3    0.0000%  99.9998%
  [    81500,    82000)            2    0.0000%  99.9998%
  [    82000,    82500)            2    0.0000%  99.9998%
  [    82500,    83000)            1    0.0000%  99.9998%
  [    83000,    83500)            2    0.0000%  99.9998%
  [    83500,    84000)            1    0.0000%  99.9999%
  [    84500,    85000)            2    0.0000%  99.9999%
  [    85000,    85500)            1    0.0000%  99.9999%
  [    85500,    86000)            2    0.0000%  99.9999%
  [    86000,    86500)            2    0.0000%  99.9999%
  [    87000,    87500)            1    0.0000%  99.9999%
  [    87500,    88000)            1    0.0000%  99.9999%
  [    88500,    89000)            1    0.0000%  99.9999%
  [    89000,    89500)            1    0.0000%  99.9999%
  [    89500,    90000)            1    0.0000%  99.9999%
  [    90500,    91000)            2    0.0000%  99.9999%
  [    91500,    92000)            1    0.0000%  99.9999%
  [    93500,    94000)            1    0.0000%  99.9999%
  [    98000,    98500)            2    0.0000%  99.9999%
  [    99000,    99500)            1    0.0000%  99.9999%
  [   102000,   102500)            1    0.0000%  99.9999%
  [   112000,   112500)            1    0.0000%  99.9999%
  [   113000,   113500)            1    0.0000%  99.9999%
  [   122500,   123000)            1    0.0000%  99.9999%
  [   123000,   123500)            1    0.0000%  99.9999%
  [   133500,   134000)            1    0.0000%  99.9999%
  [   144000,   144500)            1    0.0000%  99.9999%
  [   146500,   147000)            1    0.0000%  99.9999%
  [   171500,   172000)            1    0.0000%  99.9999%
  [   201000,   201500)            2    0.0000%  99.9999%
  [   208500,   209000)            1    0.0000%  99.9999%
  [   210000,   210500)            1    0.0000%  99.9999%
  [   216000,   216500)            1    0.0000%  99.9999%
  [   219000,   219500)            1    0.0000%  99.9999%
  [   256000,   256500)            1    0.0000%  99.9999%
  [   284000,   284500)            1    0.0000%  99.9999%
  [   288500,   289000)            1    0.0000%  99.9999%
  [   306500,   307000)            1    0.0000%  99.9999%
  [   307500,   308000)            1    0.0000%  99.9999%
  [   326000,   326500)            1    0.0000%  99.9999%
  [   326500,   327000)            2    0.0000%  99.9999%
  [   329500,   330000)            1    0.0000%  99.9999%
  [   333000,   333500)            1    0.0000%  99.9999%
  [   333500,   334000)            1    0.0000%  99.9999%
  [   339500,   340000)            1    0.0000%  99.9999%
  [   341000,   341500)            1    0.0000%  99.9999%
  [   343500,   344000)            1    0.0000% 100.0000%
  [   344500,   345000)            1    0.0000% 100.0000%
  [   349000,   349500)            1    0.0000% 100.0000%
  [   352500,   353000)            1    0.0000% 100.0000%
  [   353500,   354000)            1    0.0000% 100.0000%
  [   357500,   358000)            1    0.0000% 100.0000%
  [   365500,   366000)            1    0.0000% 100.0000%
  [   405500,   406000)            1    0.0000% 100.0000%
  [   408000,   408500)            1    0.0000% 100.0000%
  [   456500,   457000)            1    0.0000% 100.0000%
  [   475500,   476000)            1    0.0000% 100.0000%
  [   512000,   512500)            1    0.0000% 100.0000%
  [   555500,   556000)            1    0.0000% 100.0000%
  [   594000,   594500)            1    0.0000% 100.0000%
  [   636000,   636500)            1    0.0000% 100.0000%
  [   681000,   681500)            1    0.0000% 100.0000%
  [   698500,   699000)            1    0.0000% 100.0000%
  [   704000,   704500)            1    0.0000% 100.0000%
  [   723500,   724000)            1    0.0000% 100.0000%
  [   749500,   750000)            1    0.0000% 100.0000%
  [   793000,   793500)            1    0.0000% 100.0000%
  [   857000,   857500)            1    0.0000% 100.0000%
  [   999500, +inf)                   3    0.0000% 100.0000%

----- REMOTE OPERATIONS [node 0] -----
  ops total                = 48094573
  ops local  (cache hit)   = 13012260 (27.06%)
  ops remote (>=1 net op)  = 35082313 (72.94%)
  remote ops total         = 200816097
    rdma read              = 200816097
    rdma write             = 0
    rdma cas               = 0
    rpc pushdown           = 0
  remote ops / op          = 4.1754
  remote ops / remote op   = 5.7241

----- OFFLOADED TASKS [node 0] -----
  lookup pushdowns         = 0
  scan    pushdowns (RPC)  = 0
    kv pairs returned      = 0
    leaves scanned remotely= 0
    kv / scan pushdown     = 0.00
    leaves / scan pushdown = 0.00

----- PATH-AWARE CACHE MISSES [node 0] -----
  inner-node read miss     = 0 (0.00%)
  leaf-node  read miss     = 0 (0.00%)
  total read miss          = 0
  cache writebacks         = 0
=========================================================================

Round 0 (max_throughput): 1.86534 Mops/s
Round 0 (straggler_throughput): 1.86531 Mops/s
Before barrier finish
Avg. rdma read time(ms) = 0
Avg. rdma write time(ms) = -nan
Avg. rdma read / op = 4.17544
Avg. rdma write / op = 0
Avg. rdma cas / op = 0
Avg. rdma rpc / op = 0
Avg. all rdma / op = 4.17544
Avg. rdma read size/ op = 2137.8
Avg. rdma write size / op = 0
Avg. rdma RW size / op = 2137.8
------------------------------------------
Node 0 average throughput = 1.84908
Node 0 total throughput = 1.86534
All CN throughput (Max) = 1.86534
All CN throughput (Straggler) = 1.86531
Final throughput = 1.86531
------------------------------------------
