Compute node count = 1
kNodeCount 2, kReadRatio 100, kInsertRatio 0, kUpdateRatio 0, kDeleteRatio 0, kRangeRatio 0, totalThreadCount 32, memThreadCount 4 cache_size 64, uniform_workload 0, zipfian 0.990000, bulk_load_num 50000000, warmup_num 10000000, op_num 50000000, check_correctness 0, time_based 1, early_stop 1, index 0, rpc_rate 1.000000, admission_rate 0.100000, auto_tune 0
kMaxThread = 32
KeySpace = 50001000
[4mshared memory size: 64GB, 0x7f5013e00000[0m
[4mcache size: 2GB[0m
[4mMachine NR: 2[0m
[4mMax_APP_THREAD: 36[0m
[4mNR_DIRECTORY: 8[0m
[4mStart Build the DSMKeeper[0m
I am servers 0 [255.127.0.0]
I connect server 1
[4mdir 0 launch!
[0m
[4mdir 1 launch!
[0m
[4mdir 2 launch!
[0m
[4mdir 3 launch!
[0m
CNode 0, left bound = 0, right bound = 18446744073709551615
Pushdown (RPC) Rate: 1
Admission Rate: 0.1
Cache size(MB) = 64
-----Cache initial addr = 0x7f5000000000
page num = 131072
alloc_unit = 512
entry_num: 131072
bucket_num: 43691
Bucket size = 64
entry_num: 13107
bucket_num: 2185
start generating tree
num_partitions = 1
Success: tree root pointer value [0, 67108864]
finish generating tree
Bulkload num in node 0 = 50000000
First key of bulkloading = 7325973
Last key of bulkloading = 26738230
node warmup num = 10000000
kReadRatio =100
insertmark =100
updatemark =100
deletemark =100
rangemark =100

----- REMOTE CPU LOAD (memory node dir-threads, 2s window) -----
  dir 0: active=  0.00%  msgs=1           2653 ns/msg
  dir 1: active=  0.00%  msgs=0           0 ns/msg
  dir 2: active=  0.00%  msgs=0           0 ns/msg
  dir 3: active=  0.00%  msgs=0           0 ns/msg
  AGGREGATE active = 0.00% (of 4 dir-threads; 0.00% per-thread avg)  msgs=1
[CPU compute ] process=  6.24% of 80 cores   system=  6.27%   (window 2s)
Finish warmup workload generation

----- REMOTE CPU LOAD (memory node dir-threads, 2s window) -----
  dir 0: active=  0.00%  msgs=0           0 ns/msg
  dir 1: active=  0.00%  msgs=0           0 ns/msg
  dir 2: active=  0.00%  msgs=0           0 ns/msg
  dir 3: active=  0.00%  msgs=0           0 ns/msg
  AGGREGATE active = 0.00% (of 4 dir-threads; 0.00% per-thread avg)  msgs=0
[CPU compute ] process=  6.24% of 80 cores   system=  6.26%   (window 2s)

----- REMOTE CPU LOAD (memory node dir-threads, 2s window) -----
  dir 0: active=  0.00%  msgs=0           0 ns/msg
  dir 1: active=  0.00%  msgs=0           0 ns/msg
  dir 2: active=  0.00%  msgs=0           0 ns/msg
  dir 3: active=  0.00%  msgs=0           0 ns/msg
  AGGREGATE active = 0.00% (of 4 dir-threads; 0.00% per-thread avg)  msgs=0
[CPU compute ] process=  6.24% of 80 cores   system=  6.27%   (window 2s)

----- REMOTE CPU LOAD (memory node dir-threads, 2s window) -----
  dir 0: active=  0.00%  msgs=0           0 ns/msg
  dir 1: active=  0.00%  msgs=0           0 ns/msg
  dir 2: active=  0.00%  msgs=0           0 ns/msg
  dir 3: active=  0.00%  msgs=0           0 ns/msg
  AGGREGATE active = 0.00% (of 4 dir-threads; 0.00% per-thread avg)  msgs=0
[CPU compute ] process=  6.23% of 80 cores   system=  6.26%   (window 2s)

----- REMOTE CPU LOAD (memory node dir-threads, 2s window) -----
  dir 0: active=  0.00%  msgs=0           0 ns/msg
  dir 1: active=  0.00%  msgs=0           0 ns/msg
  dir 2: active=  0.00%  msgs=0           0 ns/msg
  dir 3: active=  0.00%  msgs=0           0 ns/msg
  AGGREGATE active = 0.00% (of 4 dir-threads; 0.00% per-thread avg)  msgs=0
[CPU compute ] process=  6.24% of 80 cores   system=  6.27%   (window 2s)

----- REMOTE CPU LOAD (memory node dir-threads, 2s window) -----
  dir 0: active=  0.00%  msgs=0           0 ns/msg
  dir 1: active=  0.00%  msgs=0           0 ns/msg
  dir 2: active=  0.00%  msgs=0           0 ns/msg
  dir 3: active=  0.00%  msgs=0           0 ns/msg
  AGGREGATE active = 0.00% (of 4 dir-threads; 0.00% per-thread avg)  msgs=0
[CPU compute ] process=  6.24% of 80 cores   system=  6.27%   (window 2s)
node op_num = 50000000
Finish all workload generation

----- REMOTE CPU LOAD (memory node dir-threads, 2s window) -----
  dir 0: active=  0.00%  msgs=0           0 ns/msg
  dir 1: active=  0.00%  msgs=0           0 ns/msg
  dir 2: active=  0.00%  msgs=0           0 ns/msg
  dir 3: active=  0.00%  msgs=0           0 ns/msg
  AGGREGATE active = 0.00% (of 4 dir-threads; 0.00% per-thread avg)  msgs=0
[CPU compute ] process=  6.23% of 80 cores   system=  6.26%   (window 2s)

----- REMOTE CPU LOAD (memory node dir-threads, 2s window) -----
  dir 0: active=  0.00%  msgs=0           0 ns/msg
  dir 1: active=  0.00%  msgs=0           0 ns/msg
  dir 2: active=  0.00%  msgs=0           0 ns/msg
  dir 3: active=  0.00%  msgs=0           0 ns/msg
  AGGREGATE active = 0.00% (of 4 dir-threads; 0.00% per-thread avg)  msgs=0
[CPU compute ] process=  6.24% of 80 cores   system=  6.27%   (window 2s)
Fetched new height = 1
Success: tree root pointer value [0, 67109888]
Height = 2
Success: tree root pointer value [0, 67112448]
Height = 3
Success: tree root pointer value [0, 67118080]
Height = 4
Success: tree root pointer value [1, 17246978560]
Height = 5
Success: tree root pointer value [1, 17247020032]
Height = 6
Success: tree root pointer value [1, 17247084032]
Height = 7
Success: tree root pointer value [1, 17247212544]
Height = 8
Success: tree root pointer value [0, 67593216]
Height = 9
Success: tree root pointer value [0, 68085760]
Height = 10
Success: tree root pointer value [0, 69071360]
Height = 11
Success: tree root pointer value [0, 71043072]
Height = 12
Success: tree root pointer value [1, 17255188480]
Height = 13
Success: tree root pointer value [1, 17263422464]
Height = 14
Success: tree root pointer value [1, 17279890944]
Height = 15
Success: tree root pointer value [1, 34459143680]
Height = 16

----- REMOTE CPU LOAD (memory node dir-threads, 2s window) -----
  dir 0: active=  0.00%  msgs=0           0 ns/msg
  dir 1: active=  0.00%  msgs=1           1564 ns/msg
  dir 2: active=  0.00%  msgs=0           0 ns/msg
  dir 3: active=  0.00%  msgs=1           2229 ns/msg
  AGGREGATE active = 0.00% (of 4 dir-threads; 0.00% per-thread avg)  msgs=2
[CPU compute ] process=  6.24% of 80 cores   system=  6.26%   (window 2s)
entering dynamic phase
Success: tree root pointer value [0, 51665797632]
Height = 17

----- REMOTE CPU LOAD (memory node dir-threads, 2s window) -----
  dir 0: active=  0.00%  msgs=0           0 ns/msg
  dir 1: active=  0.00%  msgs=2           336 ns/msg
  dir 2: active=  0.00%  msgs=0           0 ns/msg
  dir 3: active=  0.00%  msgs=3           413 ns/msg
  AGGREGATE active = 0.00% (of 4 dir-threads; 0.00% per-thread avg)  msgs=5
[CPU compute ] process=  6.24% of 80 cores   system=  6.26%   (window 2s)
Success: tree root pointer value [0, 51724889600]
Height = 18

----- REMOTE CPU LOAD (memory node dir-threads, 2s window) -----
  dir 0: active=  0.00%  msgs=0           0 ns/msg
  dir 1: active=  0.00%  msgs=2           362 ns/msg
  dir 2: active=  0.00%  msgs=0           0 ns/msg
  dir 3: active=  0.00%  msgs=2           386 ns/msg
  AGGREGATE active = 0.00% (of 4 dir-threads; 0.00% per-thread avg)  msgs=4
[CPU compute ] process=  6.23% of 80 cores   system=  6.26%   (window 2s)
Success: tree root pointer value [0, 51843074048]
Height = 19

----- REMOTE CPU LOAD (memory node dir-threads, 2s window) -----
  dir 0: active=  0.00%  msgs=0           0 ns/msg
  dir 1: active=  0.00%  msgs=3           310 ns/msg
  dir 2: active=  0.00%  msgs=0           0 ns/msg
  dir 3: active=  0.00%  msgs=2           327 ns/msg
  AGGREGATE active = 0.00% (of 4 dir-threads; 0.00% per-thread avg)  msgs=5
[CPU compute ] process=  6.23% of 80 cores   system=  6.27%   (window 2s)

----- REMOTE CPU LOAD (memory node dir-threads, 2s window) -----
  dir 0: active=  0.00%  msgs=0           0 ns/msg
  dir 1: active=  0.00%  msgs=2           330 ns/msg
  dir 2: active=  0.00%  msgs=0           0 ns/msg
  dir 3: active=  0.00%  msgs=3           341 ns/msg
  AGGREGATE active = 0.00% (of 4 dir-threads; 0.00% per-thread avg)  msgs=5
[CPU compute ] process=  6.24% of 80 cores   system=  6.27%   (window 2s)

----- REMOTE CPU LOAD (memory node dir-threads, 2s window) -----
  dir 0: active=  0.00%  msgs=2           530 ns/msg
  dir 1: active=  0.00%  msgs=1           317 ns/msg
  dir 2: active=  0.00%  msgs=1           2477 ns/msg
  dir 3: active=  0.00%  msgs=0           0 ns/msg
  AGGREGATE active = 0.00% (of 4 dir-threads; 0.00% per-thread avg)  msgs=4
[CPU compute ] process=  6.24% of 80 cores   system=  6.26%   (window 2s)
Success: tree root pointer value [0, 34530475008]
Height = 20

----- REMOTE CPU LOAD (memory node dir-threads, 2s window) -----
  dir 0: active=  0.00%  msgs=2           292 ns/msg
  dir 1: active=  0.00%  msgs=0           0 ns/msg
  dir 2: active=  0.00%  msgs=3           285 ns/msg
  dir 3: active=  0.00%  msgs=0           0 ns/msg
  AGGREGATE active = 0.00% (of 4 dir-threads; 0.00% per-thread avg)  msgs=5
[CPU compute ] process=  6.24% of 80 cores   system=  6.27%   (window 2s)

----- REMOTE CPU LOAD (memory node dir-threads, 2s window) -----
  dir 0: active=  0.00%  msgs=3           314 ns/msg
  dir 1: active=  0.00%  msgs=0           0 ns/msg
  dir 2: active=  0.00%  msgs=2           240 ns/msg
  dir 3: active=  0.00%  msgs=0           0 ns/msg
  AGGREGATE active = 0.00% (of 4 dir-threads; 0.00% per-thread avg)  msgs=5
[CPU compute ] process=  6.22% of 80 cores   system=  6.36%   (window 2s)

----- REMOTE CPU LOAD (memory node dir-threads, 2s window) -----
  dir 0: active=  0.00%  msgs=2           264 ns/msg
  dir 1: active=  0.00%  msgs=0           0 ns/msg
  dir 2: active=  0.00%  msgs=2           262 ns/msg
  dir 3: active=  0.00%  msgs=0           0 ns/msg
  AGGREGATE active = 0.00% (of 4 dir-threads; 0.00% per-thread avg)  msgs=4
[CPU compute ] process=  6.24% of 80 cores   system=  6.26%   (window 2s)

----- REMOTE CPU LOAD (memory node dir-threads, 2s window) -----
  dir 0: active=  0.00%  msgs=2           430 ns/msg
  dir 1: active=  0.00%  msgs=0           0 ns/msg
  dir 2: active=  0.00%  msgs=3           250 ns/msg
  dir 3: active=  0.00%  msgs=0           0 ns/msg
  AGGREGATE active = 0.00% (of 4 dir-threads; 0.00% per-thread avg)  msgs=5
[CPU compute ] process=  6.23% of 80 cores   system=  6.27%   (window 2s)

----- REMOTE CPU LOAD (memory node dir-threads, 2s window) -----
  dir 0: active=  0.00%  msgs=1           221 ns/msg
  dir 1: active=  0.00%  msgs=1           335 ns/msg
  dir 2: active=  0.00%  msgs=0           0 ns/msg
  dir 3: active=  0.00%  msgs=2           419 ns/msg
  AGGREGATE active = 0.00% (of 4 dir-threads; 0.00% per-thread avg)  msgs=4
[CPU compute ] process=  6.24% of 80 cores   system=  6.27%   (window 2s)

----- REMOTE CPU LOAD (memory node dir-threads, 2s window) -----
  dir 0: active=  0.00%  msgs=0           0 ns/msg
  dir 1: active=  0.00%  msgs=3           314 ns/msg
  dir 2: active=  0.00%  msgs=0           0 ns/msg
  dir 3: active=  0.00%  msgs=2           278 ns/msg
  AGGREGATE active = 0.00% (of 4 dir-threads; 0.00% per-thread avg)  msgs=5
[CPU compute ] process=  6.24% of 80 cores   system=  6.27%   (window 2s)

----- REMOTE CPU LOAD (memory node dir-threads, 2s window) -----
  dir 0: active=  0.00%  msgs=0           0 ns/msg
  dir 1: active=  0.00%  msgs=2           307 ns/msg
  dir 2: active=  0.00%  msgs=0           0 ns/msg
  dir 3: active=  0.00%  msgs=3           375 ns/msg
  AGGREGATE active = 0.00% (of 4 dir-threads; 0.00% per-thread avg)  msgs=5
[CPU compute ] process=  6.23% of 80 cores   system=  6.27%   (window 2s)
Success: tree root pointer value [1, 35092020224]
Height = 21

----- REMOTE CPU LOAD (memory node dir-threads, 2s window) -----
  dir 0: active=  0.00%  msgs=0           0 ns/msg
  dir 1: active=  0.00%  msgs=2           363 ns/msg
  dir 2: active=  0.00%  msgs=0           0 ns/msg
  dir 3: active=  0.00%  msgs=2           273 ns/msg
  AGGREGATE active = 0.00% (of 4 dir-threads; 0.00% per-thread avg)  msgs=4
[CPU compute ] process=  6.24% of 80 cores   system=  6.27%   (window 2s)

----- REMOTE CPU LOAD (memory node dir-threads, 2s window) -----
  dir 0: active=  0.00%  msgs=0           0 ns/msg
  dir 1: active=  0.00%  msgs=3           335 ns/msg
  dir 2: active=  0.00%  msgs=0           0 ns/msg
  dir 3: active=  0.00%  msgs=2           340 ns/msg
  AGGREGATE active = 0.00% (of 4 dir-threads; 0.00% per-thread avg)  msgs=5
[CPU compute ] process=  6.24% of 80 cores   system=  6.26%   (window 2s)

----- REMOTE CPU LOAD (memory node dir-threads, 2s window) -----
  dir 0: active=  0.00%  msgs=1           373 ns/msg
  dir 1: active=  0.00%  msgs=0           0 ns/msg
  dir 2: active=  0.00%  msgs=2           596 ns/msg
  dir 3: active=  0.00%  msgs=1           238 ns/msg
  AGGREGATE active = 0.00% (of 4 dir-threads; 0.00% per-thread avg)  msgs=4
[CPU compute ] process=  6.23% of 80 cores   system=  6.27%   (window 2s)

----- REMOTE CPU LOAD (memory node dir-threads, 2s window) -----
  dir 0: active=  0.00%  msgs=3           323 ns/msg
  dir 1: active=  0.00%  msgs=0           0 ns/msg
  dir 2: active=  0.00%  msgs=2           244 ns/msg
  dir 3: active=  0.00%  msgs=0           0 ns/msg
  AGGREGATE active = 0.00% (of 4 dir-threads; 0.00% per-thread avg)  msgs=5
[CPU compute ] process=  6.24% of 80 cores   system=  6.26%   (window 2s)

----- REMOTE CPU LOAD (memory node dir-threads, 2s window) -----
  dir 0: active=  0.00%  msgs=2           297 ns/msg
  dir 1: active=  0.00%  msgs=0           0 ns/msg
  dir 2: active=  0.00%  msgs=2           256 ns/msg
  dir 3: active=  0.00%  msgs=0           0 ns/msg
  AGGREGATE active = 0.00% (of 4 dir-threads; 0.00% per-thread avg)  msgs=4
[CPU compute ] process=  6.24% of 80 cores   system=  6.27%   (window 2s)

----- REMOTE CPU LOAD (memory node dir-threads, 2s window) -----
  dir 0: active=  0.00%  msgs=2           290 ns/msg
  dir 1: active=  0.00%  msgs=0           0 ns/msg
  dir 2: active=  0.00%  msgs=3           256 ns/msg
  dir 3: active=  0.00%  msgs=0           0 ns/msg
  AGGREGATE active = 0.00% (of 4 dir-threads; 0.00% per-thread avg)  msgs=5
[CPU compute ] process=  6.24% of 80 cores   system=  6.27%   (window 2s)

----- REMOTE CPU LOAD (memory node dir-threads, 2s window) -----
  dir 0: active=  0.00%  msgs=3           366 ns/msg
  dir 1: active=  0.00%  msgs=0           0 ns/msg
  dir 2: active=  0.00%  msgs=2           232 ns/msg
  dir 3: active=  0.00%  msgs=0           0 ns/msg
  AGGREGATE active = 0.00% (of 4 dir-threads; 0.00% per-thread avg)  msgs=5
[CPU compute ] process=  6.23% of 80 cores   system=  6.27%   (window 2s)

----- REMOTE CPU LOAD (memory node dir-threads, 2s window) -----
  dir 0: active=  0.00%  msgs=0           0 ns/msg
  dir 1: active=  0.00%  msgs=2           360 ns/msg
  dir 2: active=  0.00%  msgs=0           0 ns/msg
  dir 3: active=  0.00%  msgs=2           596 ns/msg
  AGGREGATE active = 0.00% (of 4 dir-threads; 0.00% per-thread avg)  msgs=4
[CPU compute ] process=  6.24% of 80 cores   system=  6.27%   (window 2s)

----- REMOTE CPU LOAD (memory node dir-threads, 2s window) -----
  dir 0: active=  0.00%  msgs=0           0 ns/msg
  dir 1: active=  0.00%  msgs=2           294 ns/msg
  dir 2: active=  0.00%  msgs=0           0 ns/msg
  dir 3: active=  0.00%  msgs=3           348 ns/msg
  AGGREGATE active = 0.00% (of 4 dir-threads; 0.00% per-thread avg)  msgs=5
[CPU compute ] process=  6.24% of 80 cores   system=  6.26%   (window 2s)

----- REMOTE CPU LOAD (memory node dir-threads, 2s window) -----
  dir 0: active=  0.00%  msgs=0           0 ns/msg
  dir 1: active=  0.00%  msgs=2           314 ns/msg
  dir 2: active=  0.00%  msgs=0           0 ns/msg
  dir 3: active=  0.00%  msgs=2           374 ns/msg
  AGGREGATE active = 0.00% (of 4 dir-threads; 0.00% per-thread avg)  msgs=4
[CPU compute ] process=  6.23% of 80 cores   system=  6.26%   (window 2s)

----- REMOTE CPU LOAD (memory node dir-threads, 2s window) -----
  dir 0: active=  0.00%  msgs=0           0 ns/msg
  dir 1: active=  0.00%  msgs=3           403 ns/msg
  dir 2: active=  0.00%  msgs=0           0 ns/msg
  dir 3: active=  0.00%  msgs=2           392 ns/msg
  AGGREGATE active = 0.00% (of 4 dir-threads; 0.00% per-thread avg)  msgs=5
[CPU compute ] process=  6.24% of 80 cores   system=  6.27%   (window 2s)

----- REMOTE CPU LOAD (memory node dir-threads, 2s window) -----
  dir 0: active=  0.00%  msgs=0           0 ns/msg
  dir 1: active=  0.00%  msgs=2           656 ns/msg
  dir 2: active=  0.00%  msgs=0           0 ns/msg
  dir 3: active=  0.00%  msgs=2           531 ns/msg
  AGGREGATE active = 0.00% (of 4 dir-threads; 0.00% per-thread avg)  msgs=4
[CPU compute ] process=  6.23% of 80 cores   system=  6.26%   (window 2s)

----- REMOTE CPU LOAD (memory node dir-threads, 2s window) -----
  dir 0: active=  0.00%  msgs=2           376 ns/msg
  dir 1: active=  0.00%  msgs=0           0 ns/msg
  dir 2: active=  0.00%  msgs=2           282 ns/msg
  dir 3: active=  0.00%  msgs=1           304 ns/msg
  AGGREGATE active = 0.00% (of 4 dir-threads; 0.00% per-thread avg)  msgs=5
[CPU compute ] process=  6.24% of 80 cores   system=  6.27%   (window 2s)
Success: tree root pointer value [1, 18208251392]
Height = 22

----- REMOTE CPU LOAD (memory node dir-threads, 2s window) -----
  dir 0: active=  0.00%  msgs=2           298 ns/msg
  dir 1: active=  0.00%  msgs=0           0 ns/msg
  dir 2: active=  0.00%  msgs=3           319 ns/msg
  dir 3: active=  0.00%  msgs=0           0 ns/msg
  AGGREGATE active = 0.00% (of 4 dir-threads; 0.00% per-thread avg)  msgs=5
[CPU compute ] process=  6.24% of 80 cores   system=  6.27%   (window 2s)

----- REMOTE CPU LOAD (memory node dir-threads, 2s window) -----
  dir 0: active=  0.00%  msgs=2           384 ns/msg
  dir 1: active=  0.00%  msgs=0           0 ns/msg
  dir 2: active=  0.00%  msgs=2           234 ns/msg
  dir 3: active=  0.00%  msgs=0           0 ns/msg
  AGGREGATE active = 0.00% (of 4 dir-threads; 0.00% per-thread avg)  msgs=4
[CPU compute ] process=  6.24% of 80 cores   system=  6.26%   (window 2s)

----- REMOTE CPU LOAD (memory node dir-threads, 2s window) -----
  dir 0: active=  0.00%  msgs=3           547 ns/msg
  dir 1: active=  0.00%  msgs=0           0 ns/msg
  dir 2: active=  0.00%  msgs=2           326 ns/msg
  dir 3: active=  0.00%  msgs=0           0 ns/msg
  AGGREGATE active = 0.00% (of 4 dir-threads; 0.00% per-thread avg)  msgs=5
[CPU compute ] process=  6.24% of 80 cores   system=  6.26%   (window 2s)

----- REMOTE CPU LOAD (memory node dir-threads, 2s window) -----
  dir 0: active=  0.00%  msgs=2           402 ns/msg
  dir 1: active=  0.00%  msgs=0           0 ns/msg
  dir 2: active=  0.00%  msgs=2           577 ns/msg
  dir 3: active=  0.00%  msgs=0           0 ns/msg
  AGGREGATE active = 0.00% (of 4 dir-threads; 0.00% per-thread avg)  msgs=4
[CPU compute ] process=  6.24% of 80 cores   system=  6.27%   (window 2s)

----- REMOTE CPU LOAD (memory node dir-threads, 2s window) -----
  dir 0: active=  0.00%  msgs=0           0 ns/msg
  dir 1: active=  0.00%  msgs=2           407 ns/msg
  dir 2: active=  0.00%  msgs=1           371 ns/msg
  dir 3: active=  0.00%  msgs=2           616 ns/msg
  AGGREGATE active = 0.00% (of 4 dir-threads; 0.00% per-thread avg)  msgs=5
[CPU compute ] process=  6.23% of 80 cores   system=  6.27%   (window 2s)

----- REMOTE CPU LOAD (memory node dir-threads, 2s window) -----
  dir 0: active=  0.00%  msgs=0           0 ns/msg
  dir 1: active=  0.00%  msgs=2           392 ns/msg
  dir 2: active=  0.00%  msgs=0           0 ns/msg
  dir 3: active=  0.00%  msgs=2           271 ns/msg
  AGGREGATE active = 0.00% (of 4 dir-threads; 0.00% per-thread avg)  msgs=4
[CPU compute ] process=  6.24% of 80 cores   system=  6.26%   (window 2s)
#leaf nodes = 3846153
leaf size(MB) = 1878
#inner nodes = 3846104
inner size(MB) = 1877.98
Tree height = 22
Cache capacity = 131072
max. leaf entries = 26
max. inner entries = 5
Inner page size = 160
Leaf page size = 512
node 0 finish its bulkload
IMPORTANT: my root is 1193295963226113
0 is ready for the benchmark
I am 0
Fetched new height = 22
I am 2
I am 3
I am 5
I am 4
I am 1
I am 31
I am 29
I am 6
I am 22
I am 11
I am 17
I am 19
I am 13
I am 26
I am 25
I am 21
I am 16
I am 20
I am 18
I am 27
I am 12
I am 28
I am 14
I am 8
I am 7
I am 30
I am 10
I am 23
I am 9
I am 24
I am 15
entering dynamic phase

----- REMOTE CPU LOAD (memory node dir-threads, 2s window) -----
  dir 0: active=  0.00%  msgs=0           0 ns/msg
  dir 1: active=  0.00%  msgs=2           350 ns/msg
  dir 2: active=  0.00%  msgs=0           0 ns/msg
  dir 3: active=  0.00%  msgs=1           315 ns/msg
  AGGREGATE active = 0.00% (of 4 dir-threads; 0.00% per-thread avg)  msgs=3
[CPU compute ] process= 23.48% of 80 cores   system= 23.59%   (window 2s)

----- REMOTE CPU LOAD (memory node dir-threads, 2s window) -----
  dir 0: active=  0.00%  msgs=0           0 ns/msg
  dir 1: active=  0.00%  msgs=0           0 ns/msg
  dir 2: active=  0.00%  msgs=0           0 ns/msg
  dir 3: active=  0.00%  msgs=0           0 ns/msg
  AGGREGATE active = 0.00% (of 4 dir-threads; 0.00% per-thread avg)  msgs=0
[CPU compute ] process= 44.84% of 80 cores   system= 45.01%   (window 2s)

----- REMOTE CPU LOAD (memory node dir-threads, 2s window) -----
  dir 0: active=  0.00%  msgs=0           0 ns/msg
  dir 1: active=  0.00%  msgs=0           0 ns/msg
  dir 2: active=  0.00%  msgs=0           0 ns/msg
  dir 3: active=  0.00%  msgs=0           0 ns/msg
  AGGREGATE active = 0.00% (of 4 dir-threads; 0.00% per-thread avg)  msgs=0
[CPU compute ] process= 44.84% of 80 cores   system= 45.01%   (window 2s)
Thread_op_num = 1562500
node 0 finish warmup
Start collecting the statistic

----- REMOTE CPU LOAD (memory node dir-threads, 2s window) -----
  dir 0: active= 12.93%  msgs=259478      996 ns/msg
  dir 1: active=  9.54%  msgs=258603      737 ns/msg
  dir 2: active= 12.86%  msgs=258616      994 ns/msg
  dir 3: active=  9.57%  msgs=258391      741 ns/msg
  AGGREGATE active = 44.89% (of 4 dir-threads; 11.22% per-thread avg)  msgs=1035088
[CPU compute ] process= 44.88% of 80 cores   system= 45.02%   (window 2s)
0, throughput 3.0803
cluster throughput 3.080

----- REMOTE CPU LOAD (memory node dir-threads, 2s window) -----
  dir 0: active= 29.57%  msgs=603235      980 ns/msg
  dir 1: active= 22.98%  msgs=603397      762 ns/msg
  dir 2: active= 29.54%  msgs=602425      981 ns/msg
  dir 3: active= 23.20%  msgs=603417      769 ns/msg
  AGGREGATE active = 105.29% (of 4 dir-threads; 26.32% per-thread avg)  msgs=2412474
[CPU compute ] process= 44.83% of 80 cores   system= 45.01%   (window 2s)
0, throughput 3.0592
cluster throughput 3.059

----- REMOTE CPU LOAD (memory node dir-threads, 2s window) -----
  dir 0: active= 30.14%  msgs=606094      994 ns/msg
  dir 1: active= 23.09%  msgs=606155      762 ns/msg
  dir 2: active= 30.02%  msgs=606918      989 ns/msg
  dir 3: active= 22.91%  msgs=605365      757 ns/msg
  AGGREGATE active = 106.16% (of 4 dir-threads; 26.54% per-thread avg)  msgs=2424532
[CPU compute ] process= 44.84% of 80 cores   system= 45.01%   (window 2s)
0, throughput 3.0519
cluster throughput 3.051

----- REMOTE CPU LOAD (memory node dir-threads, 2s window) -----
  dir 0: active= 30.31%  msgs=610227      993 ns/msg
  dir 1: active= 23.05%  msgs=610602      755 ns/msg
  dir 2: active= 29.38%  msgs=610761      962 ns/msg
  dir 3: active= 22.89%  msgs=610242      750 ns/msg
  AGGREGATE active = 105.64% (of 4 dir-threads; 26.41% per-thread avg)  msgs=2441832
[CPU compute ] process= 44.87% of 80 cores   system= 45.03%   (window 2s)
0, throughput 3.0492
cluster throughput 3.049

----- REMOTE CPU LOAD (memory node dir-threads, 2s window) -----
  dir 0: active= 29.65%  msgs=612019      969 ns/msg
  dir 1: active= 23.03%  msgs=613395      751 ns/msg
  dir 2: active= 29.47%  msgs=613126      961 ns/msg
  dir 3: active= 22.89%  msgs=612712      747 ns/msg
  AGGREGATE active = 105.04% (of 4 dir-threads; 26.26% per-thread avg)  msgs=2451252
[CPU compute ] process= 44.83% of 80 cores   system= 45.01%   (window 2s)
0, throughput 3.0456
cluster throughput 3.045

----- REMOTE CPU LOAD (memory node dir-threads, 2s window) -----
  dir 0: active= 29.55%  msgs=611699      966 ns/msg
  dir 1: active= 22.94%  msgs=610893      751 ns/msg
  dir 2: active= 29.34%  msgs=611030      960 ns/msg
  dir 3: active= 22.75%  msgs=611713      744 ns/msg
  AGGREGATE active = 104.59% (of 4 dir-threads; 26.15% per-thread avg)  msgs=2445335
[CPU compute ] process= 44.84% of 80 cores   system= 45.01%   (window 2s)
0, throughput 3.0401
cluster throughput 3.040

----- REMOTE CPU LOAD (memory node dir-threads, 2s window) -----
  dir 0: active= 29.42%  msgs=609611      965 ns/msg
  dir 1: active= 22.80%  msgs=610082      747 ns/msg
  dir 2: active= 29.31%  msgs=609880      961 ns/msg
  dir 3: active= 22.61%  msgs=610230      741 ns/msg
  AGGREGATE active = 104.14% (of 4 dir-threads; 26.03% per-thread avg)  msgs=2439803
[CPU compute ] process= 44.86% of 80 cores   system= 45.02%   (window 2s)
0, throughput 3.0391
cluster throughput 3.039

----- REMOTE CPU LOAD (memory node dir-threads, 2s window) -----
  dir 0: active= 29.59%  msgs=615070      962 ns/msg
  dir 1: active= 22.76%  msgs=615291      740 ns/msg
  dir 2: active= 29.42%  msgs=615827      955 ns/msg
  dir 3: active= 22.64%  msgs=615581      736 ns/msg
  AGGREGATE active = 104.41% (of 4 dir-threads; 26.10% per-thread avg)  msgs=2461769
[CPU compute ] process= 44.84% of 80 cores   system= 45.01%   (window 2s)
0, throughput 2.9941
cluster throughput 2.994

----- REMOTE CPU LOAD (memory node dir-threads, 2s window) -----
  dir 0: active= 16.43%  msgs=342988      958 ns/msg
  dir 1: active= 12.63%  msgs=342987      737 ns/msg
  dir 2: active= 16.33%  msgs=342945      952 ns/msg
  dir 3: active= 12.54%  msgs=343398      731 ns/msg
  AGGREGATE active = 57.93% (of 4 dir-threads; 14.48% per-thread avg)  msgs=1372318
[CPU compute ] process= 26.37% of 80 cores   system= 26.47%   (window 2s)
0, throughput 0.0000
cluster throughput 0.000
The time duration = 18 seconds

----- REMOTE CPU LOAD (memory node dir-threads, 2s window) -----
  dir 0: active=  0.00%  msgs=0           0 ns/msg
  dir 1: active=  0.00%  msgs=0           0 ns/msg
  dir 2: active=  0.00%  msgs=0           0 ns/msg
  dir 3: active=  0.00%  msgs=0           0 ns/msg
  AGGREGATE active = 0.00% (of 4 dir-threads; 0.00% per-thread avg)  msgs=0
[CPU compute ] process=  4.99% of 80 cores   system=  5.02%   (window 2s)

==================== LATENCY BUCKETS (500 ns) [node 0] ====================
[LOOKUP]
  ALL                n=48725488   mean=   10.46us  p50=  10.00us  p90=  21.00us  p99=  28.00us  p99.9=  34.00us  max>=1000.00us
  LOCAL (cache hit)  n=9348168    mean=    0.60us  p50=   1.00us  p90=   1.00us  p99=   4.50us  p99.9=   7.50us  max>= 19.50us
  REMOTE (miss/rpc)  n=39377320   mean=   12.80us  p50=  13.00us  p90=  21.50us  p99=  28.50us  p99.9=  34.50us  max>=1000.00us
[ALL OPS]
  ALL                n=48725488   mean=   10.46us  p50=  10.00us  p90=  21.00us  p99=  28.00us  p99.9=  34.00us  max>=1000.00us
  LOCAL (cache hit)  n=9348168    mean=    0.60us  p50=   1.00us  p90=   1.00us  p99=   4.50us  p99.9=   7.50us  max>= 19.50us
  REMOTE (miss/rpc)  n=39377320   mean=   12.80us  p50=  13.00us  p90=  21.50us  p99=  28.50us  p99.9=  34.50us  max>=1000.00us

----- 500 ns bucket CDF (all ops) [node 0] -----
  bucket [lo,hi) ns             count        pct       cdf
  [        0,      500)      4389118    9.0078%   9.0078%
  [      500,     1000)      4497400    9.2301%  18.2379%
  [     1000,     1500)       298717    0.6131%  18.8510%
  [     1500,     2000)        20448    0.0420%  18.8930%
  [     2000,     2500)        10823    0.0222%  18.9152%
  [     2500,     3000)        10770    0.0221%  18.9373%
  [     3000,     3500)        13119    0.0269%  18.9642%
  [     3500,     4000)       144755    0.2971%  19.2613%
  [     4000,     4500)      1060236    2.1759%  21.4372%
  [     4500,     5000)      2458345    5.0453%  26.4825%
  [     5000,     5500)      2838192    5.8249%  32.3074%
  [     5500,     6000)      2325778    4.7732%  37.0806%
  [     6000,     6500)      1597603    3.2788%  40.3594%
  [     6500,     7000)       978225    2.0076%  42.3670%
  [     7000,     7500)       570468    1.1708%  43.5378%
  [     7500,     8000)       440659    0.9044%  44.4422%
  [     8000,     8500)       547876    1.1244%  45.5666%
  [     8500,     9000)       703298    1.4434%  47.0100%
  [     9000,     9500)       790186    1.6217%  48.6317%
  [     9500,    10000)       844681    1.7336%  50.3652%
  [    10000,    10500)       850154    1.7448%  52.1100%
  [    10500,    11000)       738098    1.5148%  53.6248%
  [    11000,    11500)       582934    1.1964%  54.8212%
  [    11500,    12000)       548931    1.1266%  55.9477%
  [    12000,    12500)       775604    1.5918%  57.5395%
  [    12500,    13000)      1173765    2.4089%  59.9485%
  [    13000,    13500)      1437759    2.9507%  62.8992%
  [    13500,    14000)      1395160    2.8633%  65.7625%
  [    14000,    14500)      1144522    2.3489%  68.1114%
  [    14500,    15000)       905457    1.8583%  69.9697%
  [    15000,    15500)       807796    1.6579%  71.6276%
  [    15500,    16000)       844662    1.7335%  73.3611%
  [    16000,    16500)       953034    1.9559%  75.3170%
  [    16500,    17000)      1071890    2.1999%  77.5168%
  [    17000,    17500)      1139460    2.3385%  79.8554%
  [    17500,    18000)      1102754    2.2632%  82.1186%
  [    18000,    18500)       969856    1.9904%  84.1090%
  [    18500,    19000)       809117    1.6606%  85.7696%
  [    19000,    19500)       698334    1.4332%  87.2028%
  [    19500,    20000)       661051    1.3567%  88.5595%
  [    20000,    20500)       663091    1.3609%  89.9203%
  [    20500,    21000)       655691    1.3457%  91.2660%
  [    21000,    21500)       611495    1.2550%  92.5210%
  [    21500,    22000)       536619    1.1013%  93.6223%
  [    22000,    22500)       454389    0.9325%  94.5549%
  [    22500,    23000)       378572    0.7769%  95.3318%
  [    23000,    23500)       316003    0.6485%  95.9804%
  [    23500,    24000)       272263    0.5588%  96.5391%
  [    24000,    24500)       237606    0.4876%  97.0268%
  [    24500,    25000)       209373    0.4297%  97.4565%
  [    25000,    25500)       185559    0.3808%  97.8373%
  [    25500,    26000)       163418    0.3354%  98.1727%
  [    26000,    26500)       143194    0.2939%  98.4666%
  [    26500,    27000)       123213    0.2529%  98.7194%
  [    27000,    27500)       105201    0.2159%  98.9353%
  [    27500,    28000)        87535    0.1796%  99.1150%
  [    28000,    28500)        73120    0.1501%  99.2650%
  [    28500,    29000)        60664    0.1245%  99.3895%
  [    29000,    29500)        50637    0.1039%  99.4935%
  [    29500,    30000)        42017    0.0862%  99.5797%
  [    30000,    30500)        35193    0.0722%  99.6519%
  [    30500,    31000)        29759    0.0611%  99.7130%
  [    31000,    31500)        24473    0.0502%  99.7632%
  [    31500,    32000)        20207    0.0415%  99.8047%
  [    32000,    32500)        16633    0.0341%  99.8388%
  [    32500,    33000)        13324    0.0273%  99.8662%
  [    33000,    33500)        10997    0.0226%  99.8888%
  [    33500,    34000)         9208    0.0189%  99.9076%
  [    34000,    34500)         7460    0.0153%  99.9230%
  [    34500,    35000)         6080    0.0125%  99.9354%
  [    35000,    35500)         5167    0.0106%  99.9460%
  [    35500,    36000)         4326    0.0089%  99.9549%
  [    36000,    36500)         3647    0.0075%  99.9624%
  [    36500,    37000)         2881    0.0059%  99.9683%
  [    37000,    37500)         2387    0.0049%  99.9732%
  [    37500,    38000)         2008    0.0041%  99.9773%
  [    38000,    38500)         1712    0.0035%  99.9808%
  [    38500,    39000)         1383    0.0028%  99.9837%
  [    39000,    39500)         1146    0.0024%  99.9860%
  [    39500,    40000)         1012    0.0021%  99.9881%
  [    40000,    40500)          787    0.0016%  99.9897%
  [    40500,    41000)          635    0.0013%  99.9910%
  [    41000,    41500)          564    0.0012%  99.9922%
  [    41500,    42000)          462    0.0009%  99.9931%
  [    42000,    42500)          396    0.0008%  99.9940%
  [    42500,    43000)          333    0.0007%  99.9946%
  [    43000,    43500)          301    0.0006%  99.9953%
  [    43500,    44000)          265    0.0005%  99.9958%
  [    44000,    44500)          218    0.0004%  99.9962%
  [    44500,    45000)          165    0.0003%  99.9966%
  [    45000,    45500)          129    0.0003%  99.9968%
  [    45500,    46000)          119    0.0002%  99.9971%
  [    46000,    46500)          100    0.0002%  99.9973%
  [    46500,    47000)           94    0.0002%  99.9975%
  [    47000,    47500)           74    0.0002%  99.9976%
  [    47500,    48000)           55    0.0001%  99.9978%
  [    48000,    48500)           60    0.0001%  99.9979%
  [    48500,    49000)           48    0.0001%  99.9980%
  [    49000,    49500)           56    0.0001%  99.9981%
  [    49500,    50000)           38    0.0001%  99.9982%
  [    50000,    50500)           34    0.0001%  99.9982%
  [    50500,    51000)           30    0.0001%  99.9983%
  [    51000,    51500)           22    0.0000%  99.9983%
  [    51500,    52000)           27    0.0001%  99.9984%
  [    52000,    52500)           23    0.0000%  99.9985%
  [    52500,    53000)           11    0.0000%  99.9985%
  [    53000,    53500)           26    0.0001%  99.9985%
  [    53500,    54000)           20    0.0000%  99.9986%
  [    54000,    54500)           18    0.0000%  99.9986%
  [    54500,    55000)           16    0.0000%  99.9986%
  [    55000,    55500)           13    0.0000%  99.9987%
  [    55500,    56000)           18    0.0000%  99.9987%
  [    56000,    56500)           14    0.0000%  99.9987%
  [    56500,    57000)           15    0.0000%  99.9988%
  [    57000,    57500)           11    0.0000%  99.9988%
  [    57500,    58000)           18    0.0000%  99.9988%
  [    58000,    58500)           10    0.0000%  99.9988%
  [    58500,    59000)           12    0.0000%  99.9989%
  [    59000,    59500)           11    0.0000%  99.9989%
  [    59500,    60000)            5    0.0000%  99.9989%
  [    60000,    60500)            9    0.0000%  99.9989%
  [    60500,    61000)            9    0.0000%  99.9989%
  [    61000,    61500)           14    0.0000%  99.9990%
  [    61500,    62000)            7    0.0000%  99.9990%
  [    62000,    62500)           13    0.0000%  99.9990%
  [    62500,    63000)           15    0.0000%  99.9990%
  [    63000,    63500)            5    0.0000%  99.9990%
  [    63500,    64000)           14    0.0000%  99.9991%
  [    64000,    64500)           11    0.0000%  99.9991%
  [    64500,    65000)            8    0.0000%  99.9991%
  [    65000,    65500)            8    0.0000%  99.9991%
  [    65500,    66000)            9    0.0000%  99.9991%
  [    66000,    66500)            9    0.0000%  99.9992%
  [    66500,    67000)            6    0.0000%  99.9992%
  [    67000,    67500)            8    0.0000%  99.9992%
  [    67500,    68000)            6    0.0000%  99.9992%
  [    68000,    68500)            4    0.0000%  99.9992%
  [    68500,    69000)           10    0.0000%  99.9992%
  [    69000,    69500)            6    0.0000%  99.9992%
  [    69500,    70000)            4    0.0000%  99.9993%
  [    70000,    70500)            5    0.0000%  99.9993%
  [    70500,    71000)            7    0.0000%  99.9993%
  [    71000,    71500)            9    0.0000%  99.9993%
  [    71500,    72000)            7    0.0000%  99.9993%
  [    72000,    72500)            7    0.0000%  99.9993%
  [    72500,    73000)            6    0.0000%  99.9993%
  [    73000,    73500)            4    0.0000%  99.9993%
  [    73500,    74000)           10    0.0000%  99.9994%
  [    74000,    74500)            2    0.0000%  99.9994%
  [    74500,    75000)            8    0.0000%  99.9994%
  [    75000,    75500)            8    0.0000%  99.9994%
  [    75500,    76000)            8    0.0000%  99.9994%
  [    76000,    76500)            7    0.0000%  99.9994%
  [    76500,    77000)            5    0.0000%  99.9994%
  [    77000,    77500)           11    0.0000%  99.9995%
  [    77500,    78000)            9    0.0000%  99.9995%
  [    78000,    78500)            5    0.0000%  99.9995%
  [    78500,    79000)            6    0.0000%  99.9995%
  [    79000,    79500)            8    0.0000%  99.9995%
  [    79500,    80000)            8    0.0000%  99.9995%
  [    80000,    80500)            7    0.0000%  99.9996%
  [    80500,    81000)            2    0.0000%  99.9996%
  [    81000,    81500)            5    0.0000%  99.9996%
  [    81500,    82000)           11    0.0000%  99.9996%
  [    82000,    82500)            3    0.0000%  99.9996%
  [    82500,    83000)            6    0.0000%  99.9996%
  [    83000,    83500)            3    0.0000%  99.9996%
  [    83500,    84000)            7    0.0000%  99.9996%
  [    84000,    84500)            5    0.0000%  99.9996%
  [    84500,    85000)            6    0.0000%  99.9997%
  [    85000,    85500)            4    0.0000%  99.9997%
  [    85500,    86000)            9    0.0000%  99.9997%
  [    86000,    86500)            3    0.0000%  99.9997%
  [    86500,    87000)            4    0.0000%  99.9997%
  [    87000,    87500)            3    0.0000%  99.9997%
  [    87500,    88000)            4    0.0000%  99.9997%
  [    88000,    88500)            8    0.0000%  99.9997%
  [    88500,    89000)            4    0.0000%  99.9997%
  [    89000,    89500)            2    0.0000%  99.9997%
  [    89500,    90000)            1    0.0000%  99.9997%
  [    90000,    90500)            4    0.0000%  99.9998%
  [    90500,    91000)            4    0.0000%  99.9998%
  [    91000,    91500)            8    0.0000%  99.9998%
  [    91500,    92000)            3    0.0000%  99.9998%
  [    92000,    92500)            3    0.0000%  99.9998%
  [    92500,    93000)            1    0.0000%  99.9998%
  [    93000,    93500)            4    0.0000%  99.9998%
  [    93500,    94000)            4    0.0000%  99.9998%
  [    94000,    94500)            3    0.0000%  99.9998%
  [    94500,    95000)            3    0.0000%  99.9998%
  [    95000,    95500)            5    0.0000%  99.9998%
  [    95500,    96000)            4    0.0000%  99.9998%
  [    96000,    96500)            3    0.0000%  99.9998%
  [    96500,    97000)            1    0.0000%  99.9998%
  [    97000,    97500)            1    0.0000%  99.9998%
  [    97500,    98000)            2    0.0000%  99.9999%
  [    98000,    98500)            1    0.0000%  99.9999%
  [    98500,    99000)            2    0.0000%  99.9999%
  [    99000,    99500)            2    0.0000%  99.9999%
  [    99500,   100000)            1    0.0000%  99.9999%
  [   100000,   100500)            2    0.0000%  99.9999%
  [   100500,   101000)            3    0.0000%  99.9999%
  [   101000,   101500)            1    0.0000%  99.9999%
  [   101500,   102000)            4    0.0000%  99.9999%
  [   102000,   102500)            3    0.0000%  99.9999%
  [   102500,   103000)            1    0.0000%  99.9999%
  [   103000,   103500)            3    0.0000%  99.9999%
  [   103500,   104000)            3    0.0000%  99.9999%
  [   104000,   104500)            1    0.0000%  99.9999%
  [   105000,   105500)            1    0.0000%  99.9999%
  [   105500,   106000)            4    0.0000%  99.9999%
  [   106000,   106500)            2    0.0000%  99.9999%
  [   106500,   107000)            1    0.0000%  99.9999%
  [   107000,   107500)            1    0.0000%  99.9999%
  [   108000,   108500)            2    0.0000%  99.9999%
  [   108500,   109000)            1    0.0000%  99.9999%
  [   109000,   109500)            1    0.0000%  99.9999%
  [   110000,   110500)            1    0.0000%  99.9999%
  [   110500,   111000)            1    0.0000%  99.9999%
  [   111000,   111500)            1    0.0000%  99.9999%
  [   111500,   112000)            3    0.0000%  99.9999%
  [   112500,   113000)            1    0.0000%  99.9999%
  [   113000,   113500)            1    0.0000% 100.0000%
  [   114500,   115000)            1    0.0000% 100.0000%
  [   117500,   118000)            2    0.0000% 100.0000%
  [   119000,   119500)            1    0.0000% 100.0000%
  [   121000,   121500)            3    0.0000% 100.0000%
  [   123000,   123500)            1    0.0000% 100.0000%
  [   125000,   125500)            1    0.0000% 100.0000%
  [   126500,   127000)            1    0.0000% 100.0000%
  [   130500,   131000)            1    0.0000% 100.0000%
  [   134500,   135000)            1    0.0000% 100.0000%
  [   135500,   136000)            1    0.0000% 100.0000%
  [   243000,   243500)            1    0.0000% 100.0000%
  [   320000,   320500)            1    0.0000% 100.0000%
  [   333500,   334000)            1    0.0000% 100.0000%
  [   336000,   336500)            1    0.0000% 100.0000%
  [   337500,   338000)            1    0.0000% 100.0000%
  [   342500,   343000)            1    0.0000% 100.0000%
  [   347000,   347500)            1    0.0000% 100.0000%
  [   349500,   350000)            1    0.0000% 100.0000%
  [   374500,   375000)            1    0.0000% 100.0000%
  [   999500, +inf)                   2    0.0000% 100.0000%

----- REMOTE OPERATIONS [node 0] -----
  ops total                = 48725488
  ops local  (cache hit)   = 9348168 (19.19%)
  ops remote (>=1 net op)  = 39377320 (80.81%)
  remote ops total         = 102658221
    rdma read              = 63280901
    rdma write             = 0
    rdma cas               = 0
    rpc pushdown           = 39377320
  remote ops / op          = 2.1069
  remote ops / remote op   = 2.6070

----- OFFLOADED TASKS [node 0] -----
  lookup pushdowns         = 39377320
  scan    pushdowns (RPC)  = 0
    kv pairs returned      = 0
    leaves scanned remotely= 0
    kv / scan pushdown     = 0.00
    leaves / scan pushdown = 0.00
  per-thread breakdown (tid: lookups | scans | kv | leaves):
    t0       1247373 |          0 |          0 |          0
    t1       1205994 |          0 |          0 |          0
    t2       1252896 |          0 |          0 |          0
    t3       1199492 |          0 |          0 |          0
    t4       1253397 |          0 |          0 |          0
    t5       1210639 |          0 |          0 |          0
    t6       1251048 |          0 |          0 |          0
    t7       1206285 |          0 |          0 |          0
    t8       1259293 |          0 |          0 |          0
    t9       1210059 |          0 |          0 |          0
    t10      1250956 |          0 |          0 |          0
    t11      1207557 |          0 |          0 |          0
    t12      1256789 |          0 |          0 |          0
    t13      1207216 |          0 |          0 |          0
    t14      1257035 |          0 |          0 |          0
    t15      1200090 |          0 |          0 |          0
    t16      1258916 |          0 |          0 |          0
    t17      1203655 |          0 |          0 |          0
    t18      1254562 |          0 |          0 |          0
    t19      1203302 |          0 |          0 |          0
    t20      1253484 |          0 |          0 |          0
    t21      1208140 |          0 |          0 |          0
    t22      1255727 |          0 |          0 |          0
    t23      1208450 |          0 |          0 |          0
    t24      1262518 |          0 |          0 |          0
    t25      1202834 |          0 |          0 |          0
    t26      1257473 |          0 |          0 |          0
    t27      1205966 |          0 |          0 |          0
    t28      1258600 |          0 |          0 |          0
    t29      1208290 |          0 |          0 |          0
    t30      1251402 |          0 |          0 |          0
    t31      1207882 |          0 |          0 |          0

----- PATH-AWARE CACHE MISSES [node 0] -----
  inner-node read miss     = 0 (0.00%)
  leaf-node  read miss     = 0 (0.00%)
  total read miss          = 0
  cache writebacks         = 0
=========================================================================

Round 0 (max_throughput): 3.04993 Mops/s
Round 0 (straggler_throughput): 3.04992 Mops/s
Before barrier finish
Avg. rdma read time(ms) = 0
Avg. rdma write time(ms) = -nan
Avg. rdma read / op = 1.29872
Avg. rdma write / op = 0
Avg. rdma cas / op = 0
Avg. rdma rpc / op = 0.808146
Avg. all rdma / op = 2.10687
Avg. rdma read size/ op = 691.597
Avg. rdma write size / op = 0
Avg. rdma RW size / op = 691.597
------------------------------------------
Node 0 average throughput = 3.04463
Node 0 total throughput = 3.04993
All CN throughput (Max) = 3.04993
All CN throughput (Straggler) = 3.04992
Final throughput = 3.04992
------------------------------------------
