Compute node count = 1
kNodeCount 2, kReadRatio 0, kInsertRatio 0, kUpdateRatio 0, kDeleteRatio 0, kRangeRatio 100, totalThreadCount 32, memThreadCount 2 cache_size 256, uniform_workload 1, zipfian 0.990000, bulk_load_num 50000000, warmup_num 10000000, op_num 50000000, check_correctness 0, time_based 1, early_stop 1, index 0, rpc_rate 1.000000, admission_rate 0.100000, auto_tune 0
kMaxThread = 32
KeySpace = 50001000
[4mshared memory size: 64GB, 0x7fc658000000[0m
[4mcache size: 2GB[0m
[4mMachine NR: 2[0m
[4mMax_APP_THREAD: 36[0m
[4mNR_DIRECTORY: 8[0m
[4mStart Build the DSMKeeper[0m
I am servers 0 [254.127.0.0]
I connect server 1
[4mdir 0 launch!
[0m
[4mdir 1 launch!
[0m
CNode 0, left bound = 0, right bound = 18446744073709551615
Pushdown (RPC) Rate: 1
Admission Rate: 0.1
Cache size(MB) = 256
-----Cache initial addr = 0x7fc638000000
page num = 524288
alloc_unit = 512
entry_num: 524288
bucket_num: 174763
Bucket size = 64
entry_num: 52428
bucket_num: 8738
start generating tree
num_partitions = 1
Success: tree root pointer value [0, 67108864]
finish generating tree
Bulkload num in node 0 = 50000000
First key of bulkloading = 7325973
Last key of bulkloading = 26738230
node warmup num = 10000000
kReadRatio =0
insertmark =0
updatemark =0
deletemark =0
rangemark =100

----- REMOTE CPU LOAD (memory node dir-threads, 2s window) -----
  dir 0: active=  0.00%  msgs=1           3297 ns/msg
  dir 1: active=  0.00%  msgs=0           0 ns/msg
  AGGREGATE active = 0.00% (of 2 dir-threads; 0.00% per-thread avg)  msgs=1
[CPU compute ] process=  3.74% of 80 cores   system=  3.77%   (window 2s)
Finish warmup workload generation

----- REMOTE CPU LOAD (memory node dir-threads, 2s window) -----
  dir 0: active=  0.00%  msgs=0           0 ns/msg
  dir 1: active=  0.00%  msgs=0           0 ns/msg
  AGGREGATE active = 0.00% (of 2 dir-threads; 0.00% per-thread avg)  msgs=0
[CPU compute ] process=  3.74% of 80 cores   system=  3.76%   (window 2s)

----- REMOTE CPU LOAD (memory node dir-threads, 2s window) -----
  dir 0: active=  0.00%  msgs=0           0 ns/msg
  dir 1: active=  0.00%  msgs=0           0 ns/msg
  AGGREGATE active = 0.00% (of 2 dir-threads; 0.00% per-thread avg)  msgs=0
[CPU compute ] process=  3.74% of 80 cores   system=  3.77%   (window 2s)

----- REMOTE CPU LOAD (memory node dir-threads, 2s window) -----
  dir 0: active=  0.00%  msgs=0           0 ns/msg
  dir 1: active=  0.00%  msgs=0           0 ns/msg
  AGGREGATE active = 0.00% (of 2 dir-threads; 0.00% per-thread avg)  msgs=0
[CPU compute ] process=  3.74% of 80 cores   system=  3.77%   (window 2s)

----- REMOTE CPU LOAD (memory node dir-threads, 2s window) -----
  dir 0: active=  0.00%  msgs=0           0 ns/msg
  dir 1: active=  0.00%  msgs=0           0 ns/msg
  AGGREGATE active = 0.00% (of 2 dir-threads; 0.00% per-thread avg)  msgs=0
[CPU compute ] process=  3.74% of 80 cores   system=  3.76%   (window 2s)

----- REMOTE CPU LOAD (memory node dir-threads, 2s window) -----
  dir 0: active=  0.00%  msgs=0           0 ns/msg
  dir 1: active=  0.00%  msgs=0           0 ns/msg
  AGGREGATE active = 0.00% (of 2 dir-threads; 0.00% per-thread avg)  msgs=0
[CPU compute ] process=  3.74% of 80 cores   system=  3.77%   (window 2s)

----- REMOTE CPU LOAD (memory node dir-threads, 2s window) -----
  dir 0: active=  0.00%  msgs=0           0 ns/msg
  dir 1: active=  0.00%  msgs=0           0 ns/msg
  AGGREGATE active = 0.00% (of 2 dir-threads; 0.00% per-thread avg)  msgs=0
[CPU compute ] process=  3.74% of 80 cores   system=  3.76%   (window 2s)

----- REMOTE CPU LOAD (memory node dir-threads, 2s window) -----
  dir 0: active=  0.00%  msgs=0           0 ns/msg
  dir 1: active=  0.00%  msgs=0           0 ns/msg
  AGGREGATE active = 0.00% (of 2 dir-threads; 0.00% per-thread avg)  msgs=0
[CPU compute ] process=  3.74% of 80 cores   system=  3.77%   (window 2s)

----- REMOTE CPU LOAD (memory node dir-threads, 2s window) -----
  dir 0: active=  0.00%  msgs=0           0 ns/msg
  dir 1: active=  0.00%  msgs=0           0 ns/msg
  AGGREGATE active = 0.00% (of 2 dir-threads; 0.00% per-thread avg)  msgs=0
[CPU compute ] process=  3.75% of 80 cores   system=  3.76%   (window 2s)
node op_num = 50000000
Finish all workload generation

----- REMOTE CPU LOAD (memory node dir-threads, 2s window) -----
  dir 0: active=  0.00%  msgs=0           0 ns/msg
  dir 1: active=  0.00%  msgs=0           0 ns/msg
  AGGREGATE active = 0.00% (of 2 dir-threads; 0.00% per-thread avg)  msgs=0
[CPU compute ] process=  3.74% of 80 cores   system=  3.76%   (window 2s)

----- REMOTE CPU LOAD (memory node dir-threads, 2s window) -----
  dir 0: active=  0.00%  msgs=0           0 ns/msg
  dir 1: active=  0.00%  msgs=0           0 ns/msg
  AGGREGATE active = 0.00% (of 2 dir-threads; 0.00% per-thread avg)  msgs=0
[CPU compute ] process=  3.74% of 80 cores   system=  3.77%   (window 2s)

----- REMOTE CPU LOAD (memory node dir-threads, 2s window) -----
  dir 0: active=  0.00%  msgs=0           0 ns/msg
  dir 1: active=  0.00%  msgs=0           0 ns/msg
  AGGREGATE active = 0.00% (of 2 dir-threads; 0.00% per-thread avg)  msgs=0
[CPU compute ] process=  3.74% of 80 cores   system=  3.77%   (window 2s)

----- REMOTE CPU LOAD (memory node dir-threads, 2s window) -----
  dir 0: active=  0.00%  msgs=0           0 ns/msg
  dir 1: active=  0.00%  msgs=0           0 ns/msg
  AGGREGATE active = 0.00% (of 2 dir-threads; 0.00% per-thread avg)  msgs=0
[CPU compute ] process=  3.74% of 80 cores   system=  3.76%   (window 2s)
Fetched new height = 1
Success: tree root pointer value [0, 67109888]
Height = 2
Success: tree root pointer value [0, 67112448]
Height = 3
Success: tree root pointer value [0, 67118080]
Height = 4
Success: tree root pointer value [1, 34426847744]
Height = 5
Success: tree root pointer value [1, 34426889216]
Height = 6
Success: tree root pointer value [1, 34426953216]
Height = 7
Success: tree root pointer value [1, 34427081728]
Height = 8
Success: tree root pointer value [0, 67593216]
Height = 9
Success: tree root pointer value [0, 68085760]
Height = 10
Success: tree root pointer value [0, 69071360]
Height = 11
Success: tree root pointer value [0, 71043072]
Height = 12
Success: tree root pointer value [1, 34435057664]
Height = 13
Success: tree root pointer value [1, 34443291648]
Height = 14
Success: tree root pointer value [1, 34459760128]
Height = 15
Success: tree root pointer value [1, 99405312]
Height = 16

----- REMOTE CPU LOAD (memory node dir-threads, 2s window) -----
  dir 0: active=  0.00%  msgs=0           0 ns/msg
  dir 1: active=  0.00%  msgs=2           1274 ns/msg
  AGGREGATE active = 0.00% (of 2 dir-threads; 0.00% per-thread avg)  msgs=2
[CPU compute ] process=  3.74% of 80 cores   system=  3.77%   (window 2s)
Success: tree root pointer value [0, 34519482880]
Height = 17

----- REMOTE CPU LOAD (memory node dir-threads, 2s window) -----
  dir 0: active=  0.00%  msgs=0           0 ns/msg
  dir 1: active=  0.00%  msgs=5           360 ns/msg
  AGGREGATE active = 0.00% (of 2 dir-threads; 0.00% per-thread avg)  msgs=5
Success: tree root pointer value [0, 34645683712]
Height = 18
[CPU compute ] process=  3.74% of 80 cores   system=  3.76%   (window 2s)
entering dynamic phase

----- REMOTE CPU LOAD (memory node dir-threads, 2s window) -----
  dir 0: active=  0.00%  msgs=0           0 ns/msg
  dir 1: active=  0.00%  msgs=5           313 ns/msg
  AGGREGATE active = 0.00% (of 2 dir-threads; 0.00% per-thread avg)  msgs=5
[CPU compute ] process=  3.75% of 80 cores   system=  3.77%   (window 2s)
Success: tree root pointer value [0, 34898085888]
Height = 19

----- REMOTE CPU LOAD (memory node dir-threads, 2s window) -----
  dir 0: active=  0.00%  msgs=0           0 ns/msg
  dir 1: active=  0.00%  msgs=4           359 ns/msg
  AGGREGATE active = 0.00% (of 2 dir-threads; 0.00% per-thread avg)  msgs=4
[CPU compute ] process=  3.74% of 80 cores   system=  3.77%   (window 2s)

----- REMOTE CPU LOAD (memory node dir-threads, 2s window) -----
  dir 0: active=  0.00%  msgs=0           0 ns/msg
  dir 1: active=  0.00%  msgs=5           473 ns/msg
  AGGREGATE active = 0.00% (of 2 dir-threads; 0.00% per-thread avg)  msgs=5
[CPU compute ] process=  3.74% of 80 cores   system=  3.77%   (window 2s)

----- REMOTE CPU LOAD (memory node dir-threads, 2s window) -----
  dir 0: active=  0.00%  msgs=4           508 ns/msg
  dir 1: active=  0.00%  msgs=1           373 ns/msg
  AGGREGATE active = 0.00% (of 2 dir-threads; 0.00% per-thread avg)  msgs=5
[CPU compute ] process=  3.75% of 80 cores   system=  3.77%   (window 2s)
Success: tree root pointer value [0, 338508800]
Height = 20

----- REMOTE CPU LOAD (memory node dir-threads, 2s window) -----
  dir 0: active=  0.00%  msgs=4           281 ns/msg
  dir 1: active=  0.00%  msgs=0           0 ns/msg
  AGGREGATE active = 0.00% (of 2 dir-threads; 0.00% per-thread avg)  msgs=4
[CPU compute ] process=  3.74% of 80 cores   system=  3.76%   (window 2s)

----- REMOTE CPU LOAD (memory node dir-threads, 2s window) -----
  dir 0: active=  0.00%  msgs=4           328 ns/msg
  dir 1: active=  0.00%  msgs=0           0 ns/msg
  AGGREGATE active = 0.00% (of 2 dir-threads; 0.00% per-thread avg)  msgs=4
[CPU compute ] process=  3.74% of 80 cores   system=  3.77%   (window 2s)

----- REMOTE CPU LOAD (memory node dir-threads, 2s window) -----
  dir 0: active=  0.00%  msgs=5           377 ns/msg
  dir 1: active=  0.00%  msgs=0           0 ns/msg
  AGGREGATE active = 0.00% (of 2 dir-threads; 0.00% per-thread avg)  msgs=5
[CPU compute ] process=  3.75% of 80 cores   system=  3.77%   (window 2s)

----- REMOTE CPU LOAD (memory node dir-threads, 2s window) -----
  dir 0: active=  0.00%  msgs=4           337 ns/msg
  dir 1: active=  0.00%  msgs=0           0 ns/msg
  AGGREGATE active = 0.00% (of 2 dir-threads; 0.00% per-thread avg)  msgs=4
[CPU compute ] process=  3.74% of 80 cores   system=  3.77%   (window 2s)

----- REMOTE CPU LOAD (memory node dir-threads, 2s window) -----
  dir 0: active=  0.00%  msgs=2           452 ns/msg
  dir 1: active=  0.00%  msgs=3           659 ns/msg
  AGGREGATE active = 0.00% (of 2 dir-threads; 0.00% per-thread avg)  msgs=5
[CPU compute ] process=  3.74% of 80 cores   system=  3.76%   (window 2s)

----- REMOTE CPU LOAD (memory node dir-threads, 2s window) -----
  dir 0: active=  0.00%  msgs=0           0 ns/msg
  dir 1: active=  0.00%  msgs=4           358 ns/msg
  AGGREGATE active = 0.00% (of 2 dir-threads; 0.00% per-thread avg)  msgs=4
[CPU compute ] process=  3.74% of 80 cores   system=  3.77%   (window 2s)

----- REMOTE CPU LOAD (memory node dir-threads, 2s window) -----
  dir 0: active=  0.00%  msgs=0           0 ns/msg
  dir 1: active=  0.00%  msgs=4           464 ns/msg
  AGGREGATE active = 0.00% (of 2 dir-threads; 0.00% per-thread avg)  msgs=4
[CPU compute ] process=  3.74% of 80 cores   system=  3.76%   (window 2s)
Success: tree root pointer value [1, 1336261632]
Height = 21

----- REMOTE CPU LOAD (memory node dir-threads, 2s window) -----
  dir 0: active=  0.00%  msgs=0           0 ns/msg
  dir 1: active=  0.00%  msgs=5           302 ns/msg
  AGGREGATE active = 0.00% (of 2 dir-threads; 0.00% per-thread avg)  msgs=5
[CPU compute ] process=  3.75% of 80 cores   system=  3.77%   (window 2s)

----- REMOTE CPU LOAD (memory node dir-threads, 2s window) -----
  dir 0: active=  0.00%  msgs=0           0 ns/msg
  dir 1: active=  0.00%  msgs=4           402 ns/msg
  AGGREGATE active = 0.00% (of 2 dir-threads; 0.00% per-thread avg)  msgs=4
[CPU compute ] process=  3.74% of 80 cores   system=  3.76%   (window 2s)

----- REMOTE CPU LOAD (memory node dir-threads, 2s window) -----
  dir 0: active=  0.00%  msgs=1           569 ns/msg
  dir 1: active=  0.00%  msgs=3           506 ns/msg
  AGGREGATE active = 0.00% (of 2 dir-threads; 0.00% per-thread avg)  msgs=4
[CPU compute ] process=  3.74% of 80 cores   system=  3.77%   (window 2s)

----- REMOTE CPU LOAD (memory node dir-threads, 2s window) -----
  dir 0: active=  0.00%  msgs=5           396 ns/msg
  dir 1: active=  0.00%  msgs=0           0 ns/msg
  AGGREGATE active = 0.00% (of 2 dir-threads; 0.00% per-thread avg)  msgs=5
[CPU compute ] process=  3.74% of 80 cores   system=  3.77%   (window 2s)

----- REMOTE CPU LOAD (memory node dir-threads, 2s window) -----
  dir 0: active=  0.00%  msgs=4           392 ns/msg
  dir 1: active=  0.00%  msgs=0           0 ns/msg
  AGGREGATE active = 0.00% (of 2 dir-threads; 0.00% per-thread avg)  msgs=4
[CPU compute ] process=  3.74% of 80 cores   system=  3.76%   (window 2s)

----- REMOTE CPU LOAD (memory node dir-threads, 2s window) -----
  dir 0: active=  0.00%  msgs=4           303 ns/msg
  dir 1: active=  0.00%  msgs=0           0 ns/msg
  AGGREGATE active = 0.00% (of 2 dir-threads; 0.00% per-thread avg)  msgs=4
[CPU compute ] process=  3.74% of 80 cores   system=  3.79%   (window 2s)

----- REMOTE CPU LOAD (memory node dir-threads, 2s window) -----
  dir 0: active=  0.00%  msgs=5           357 ns/msg
  dir 1: active=  0.00%  msgs=0           0 ns/msg
  AGGREGATE active = 0.00% (of 2 dir-threads; 0.00% per-thread avg)  msgs=5
[CPU compute ] process=  3.74% of 80 cores   system=  3.77%   (window 2s)

----- REMOTE CPU LOAD (memory node dir-threads, 2s window) -----
  dir 0: active=  0.00%  msgs=3           387 ns/msg
  dir 1: active=  0.00%  msgs=1           664 ns/msg
  AGGREGATE active = 0.00% (of 2 dir-threads; 0.00% per-thread avg)  msgs=4
[CPU compute ] process=  3.74% of 80 cores   system=  3.76%   (window 2s)

----- REMOTE CPU LOAD (memory node dir-threads, 2s window) -----
  dir 0: active=  0.00%  msgs=0           0 ns/msg
  dir 1: active=  0.00%  msgs=4           327 ns/msg
  AGGREGATE active = 0.00% (of 2 dir-threads; 0.00% per-thread avg)  msgs=4
[CPU compute ] process=  3.74% of 80 cores   system=  3.77%   (window 2s)

----- REMOTE CPU LOAD (memory node dir-threads, 2s window) -----
  dir 0: active=  0.00%  msgs=0           0 ns/msg
  dir 1: active=  0.00%  msgs=5           290 ns/msg
  AGGREGATE active = 0.00% (of 2 dir-threads; 0.00% per-thread avg)  msgs=5
[CPU compute ] process=  3.74% of 80 cores   system=  3.77%   (window 2s)

----- REMOTE CPU LOAD (memory node dir-threads, 2s window) -----
  dir 0: active=  0.00%  msgs=0           0 ns/msg
  dir 1: active=  0.00%  msgs=4           333 ns/msg
  AGGREGATE active = 0.00% (of 2 dir-threads; 0.00% per-thread avg)  msgs=4
[CPU compute ] process=  3.74% of 80 cores   system=  3.77%   (window 2s)

----- REMOTE CPU LOAD (memory node dir-threads, 2s window) -----
  dir 0: active=  0.00%  msgs=0           0 ns/msg
  dir 1: active=  0.00%  msgs=5           339 ns/msg
  AGGREGATE active = 0.00% (of 2 dir-threads; 0.00% per-thread avg)  msgs=5
[CPU compute ] process=  3.74% of 80 cores   system=  3.76%   (window 2s)

----- REMOTE CPU LOAD (memory node dir-threads, 2s window) -----
  dir 0: active=  0.00%  msgs=0           0 ns/msg
  dir 1: active=  0.00%  msgs=4           460 ns/msg
  AGGREGATE active = 0.00% (of 2 dir-threads; 0.00% per-thread avg)  msgs=4
[CPU compute ] process=  3.74% of 80 cores   system=  3.78%   (window 2s)

----- REMOTE CPU LOAD (memory node dir-threads, 2s window) -----
  dir 0: active=  0.00%  msgs=4           446 ns/msg
  dir 1: active=  0.00%  msgs=0           0 ns/msg
  AGGREGATE active = 0.00% (of 2 dir-threads; 0.00% per-thread avg)  msgs=4
[CPU compute ] process=  3.74% of 80 cores   system=  3.76%   (window 2s)
Success: tree root pointer value [1, 36260535808]
Height = 22

----- REMOTE CPU LOAD (memory node dir-threads, 2s window) -----
  dir 0: active=  0.00%  msgs=5           312 ns/msg
  dir 1: active=  0.00%  msgs=0           0 ns/msg
  AGGREGATE active = 0.00% (of 2 dir-threads; 0.00% per-thread avg)  msgs=5
[CPU compute ] process=  3.74% of 80 cores   system=  3.76%   (window 2s)

----- REMOTE CPU LOAD (memory node dir-threads, 2s window) -----
  dir 0: active=  0.00%  msgs=4           346 ns/msg
  dir 1: active=  0.00%  msgs=0           0 ns/msg
  AGGREGATE active = 0.00% (of 2 dir-threads; 0.00% per-thread avg)  msgs=4
[CPU compute ] process=  3.74% of 80 cores   system=  3.78%   (window 2s)

----- REMOTE CPU LOAD (memory node dir-threads, 2s window) -----
  dir 0: active=  0.00%  msgs=4           382 ns/msg
  dir 1: active=  0.00%  msgs=0           0 ns/msg
  AGGREGATE active = 0.00% (of 2 dir-threads; 0.00% per-thread avg)  msgs=4
[CPU compute ] process=  3.74% of 80 cores   system=  3.76%   (window 2s)

----- REMOTE CPU LOAD (memory node dir-threads, 2s window) -----
  dir 0: active=  0.00%  msgs=5           442 ns/msg
  dir 1: active=  0.00%  msgs=0           0 ns/msg
  AGGREGATE active = 0.00% (of 2 dir-threads; 0.00% per-thread avg)  msgs=5
[CPU compute ] process=  3.74% of 80 cores   system=  3.76%   (window 2s)

----- REMOTE CPU LOAD (memory node dir-threads, 2s window) -----
  dir 0: active=  0.00%  msgs=1           400 ns/msg
  dir 1: active=  0.00%  msgs=3           451 ns/msg
  AGGREGATE active = 0.00% (of 2 dir-threads; 0.00% per-thread avg)  msgs=4
[CPU compute ] process=  3.75% of 80 cores   system=  3.77%   (window 2s)

----- REMOTE CPU LOAD (memory node dir-threads, 2s window) -----
  dir 0: active=  0.00%  msgs=0           0 ns/msg
  dir 1: active=  0.00%  msgs=4           381 ns/msg
  AGGREGATE active = 0.00% (of 2 dir-threads; 0.00% per-thread avg)  msgs=4
[CPU compute ] process=  3.74% of 80 cores   system=  3.76%   (window 2s)
#leaf nodes = 3846153
leaf size(MB) = 1878
#inner nodes = 3846104
inner size(MB) = 1877.98
Tree height = 22
Cache capacity = 524288
max. leaf entries = 26
max. inner entries = 5
Inner page size = 160
Leaf page size = 512
node 0 finish its bulkload

----- REMOTE CPU LOAD (memory node dir-threads, 2s window) -----
  dir 0: active=  0.00%  msgs=0           0 ns/msg
  dir 1: active=  0.00%  msgs=4           345 ns/msg
  AGGREGATE active = 0.00% (of 2 dir-threads; 0.00% per-thread avg)  msgs=4
[CPU compute ] process=  3.74% of 80 cores   system=  3.76%   (window 2s)
IMPORTANT: my root is 2376370474713089
0 is ready for the benchmark
I am 0
Fetched new height = 22
I am 3
I am 2
I am 28
I am 1
I am 4
I am 5
I am 8
I am 16
I am 18
I am 29
I am 21
I am 19
I am 14
I am 25
I am 27
I am 6
I am 17
I am 10
I am 7
I am 20
I am 23
I am 12
I am 22
I am 24
I am 9
I am 15
I am 13
I am 26
I am 31
I am 11
I am 30
entering dynamic phase

----- REMOTE CPU LOAD (memory node dir-threads, 2s window) -----
  dir 0: active=  0.00%  msgs=0           0 ns/msg
  dir 1: active=  0.00%  msgs=0           0 ns/msg
  AGGREGATE active = 0.00% (of 2 dir-threads; 0.00% per-thread avg)  msgs=0
[CPU compute ] process= 41.57% of 80 cores   system= 41.72%   (window 2s)

----- REMOTE CPU LOAD (memory node dir-threads, 2s window) -----
  dir 0: active=  0.00%  msgs=0           0 ns/msg
  dir 1: active=  0.00%  msgs=0           0 ns/msg
  AGGREGATE active = 0.00% (of 2 dir-threads; 0.00% per-thread avg)  msgs=0
[CPU compute ] process= 42.35% of 80 cores   system= 42.51%   (window 2s)

----- REMOTE CPU LOAD (memory node dir-threads, 2s window) -----
  dir 0: active=  0.00%  msgs=0           0 ns/msg
  dir 1: active=  0.00%  msgs=0           0 ns/msg
  AGGREGATE active = 0.00% (of 2 dir-threads; 0.00% per-thread avg)  msgs=0
[CPU compute ] process= 42.36% of 80 cores   system= 42.51%   (window 2s)

----- REMOTE CPU LOAD (memory node dir-threads, 2s window) -----
  dir 0: active=  0.00%  msgs=0           0 ns/msg
  dir 1: active=  0.00%  msgs=0           0 ns/msg
  AGGREGATE active = 0.00% (of 2 dir-threads; 0.00% per-thread avg)  msgs=0
[CPU compute ] process= 42.36% of 80 cores   system= 42.52%   (window 2s)

----- REMOTE CPU LOAD (memory node dir-threads, 2s window) -----
  dir 0: active=  0.00%  msgs=0           0 ns/msg
  dir 1: active=  0.00%  msgs=0           0 ns/msg
  AGGREGATE active = 0.00% (of 2 dir-threads; 0.00% per-thread avg)  msgs=0
[CPU compute ] process= 42.37% of 80 cores   system= 42.51%   (window 2s)

----- REMOTE CPU LOAD (memory node dir-threads, 2s window) -----
  dir 0: active=  0.00%  msgs=0           0 ns/msg
  dir 1: active=  0.00%  msgs=0           0 ns/msg
  AGGREGATE active = 0.00% (of 2 dir-threads; 0.00% per-thread avg)  msgs=0
[CPU compute ] process= 42.37% of 80 cores   system= 42.52%   (window 2s)

----- REMOTE CPU LOAD (memory node dir-threads, 2s window) -----
  dir 0: active=  0.00%  msgs=0           0 ns/msg
  dir 1: active=  0.00%  msgs=0           0 ns/msg
  AGGREGATE active = 0.00% (of 2 dir-threads; 0.00% per-thread avg)  msgs=0
[CPU compute ] process= 42.36% of 80 cores   system= 42.51%   (window 2s)

----- REMOTE CPU LOAD (memory node dir-threads, 2s window) -----
  dir 0: active=  0.00%  msgs=0           0 ns/msg
  dir 1: active=  0.00%  msgs=0           0 ns/msg
  AGGREGATE active = 0.00% (of 2 dir-threads; 0.00% per-thread avg)  msgs=0
[CPU compute ] process= 42.36% of 80 cores   system= 42.51%   (window 2s)

----- REMOTE CPU LOAD (memory node dir-threads, 2s window) -----
  dir 0: active=  0.00%  msgs=0           0 ns/msg
  dir 1: active=  0.00%  msgs=0           0 ns/msg
  AGGREGATE active = 0.00% (of 2 dir-threads; 0.00% per-thread avg)  msgs=0
[CPU compute ] process= 42.36% of 80 cores   system= 42.52%   (window 2s)

----- REMOTE CPU LOAD (memory node dir-threads, 2s window) -----
  dir 0: active=  0.00%  msgs=0           0 ns/msg
  dir 1: active=  0.00%  msgs=0           0 ns/msg
  AGGREGATE active = 0.00% (of 2 dir-threads; 0.00% per-thread avg)  msgs=0
[CPU compute ] process= 42.36% of 80 cores   system= 42.51%   (window 2s)

----- REMOTE CPU LOAD (memory node dir-threads, 2s window) -----
  dir 0: active=  0.00%  msgs=0           0 ns/msg
  dir 1: active=  0.00%  msgs=0           0 ns/msg
  AGGREGATE active = 0.00% (of 2 dir-threads; 0.00% per-thread avg)  msgs=0
[CPU compute ] process= 42.37% of 80 cores   system= 42.52%   (window 2s)
Thread_op_num = 1562500
node 0 finish warmup

----- REMOTE CPU LOAD (memory node dir-threads, 2s window) -----
  dir 0: active=  0.00%  msgs=0           0 ns/msg
  dir 1: active=  0.00%  msgs=0           0 ns/msg
  AGGREGATE active = 0.00% (of 2 dir-threads; 0.00% per-thread avg)  msgs=0
[CPU compute ] process= 42.38% of 80 cores   system= 42.51%   (window 2s)
Start collecting the statistic

----- REMOTE CPU LOAD (memory node dir-threads, 2s window) -----
  dir 0: active= 24.14%  msgs=721496      669 ns/msg
  dir 1: active= 16.40%  msgs=723477      453 ns/msg
  AGGREGATE active = 40.54% (of 2 dir-threads; 20.27% per-thread avg)  msgs=1444973
[CPU compute ] process= 42.35% of 80 cores   system= 42.51%   (window 2s)
0, throughput 1.0917
cluster throughput 1.091

----- REMOTE CPU LOAD (memory node dir-threads, 2s window) -----
  dir 0: active= 25.15%  msgs=750630      670 ns/msg
  dir 1: active= 18.91%  msgs=751349      503 ns/msg
  AGGREGATE active = 44.06% (of 2 dir-threads; 22.03% per-thread avg)  msgs=1501979
[CPU compute ] process= 42.35% of 80 cores   system= 42.51%   (window 2s)
0, throughput 1.0932
cluster throughput 1.093

----- REMOTE CPU LOAD (memory node dir-threads, 2s window) -----
  dir 0: active= 25.14%  msgs=749827      671 ns/msg
  dir 1: active= 19.64%  msgs=751130      523 ns/msg
  AGGREGATE active = 44.79% (of 2 dir-threads; 22.39% per-thread avg)  msgs=1500957
[CPU compute ] process= 42.38% of 80 cores   system= 42.52%   (window 2s)
0, throughput 1.0918
cluster throughput 1.091

----- REMOTE CPU LOAD (memory node dir-threads, 2s window) -----
  dir 0: active= 25.20%  msgs=750029      672 ns/msg
  dir 1: active= 19.85%  msgs=750169      529 ns/msg
  AGGREGATE active = 45.05% (of 2 dir-threads; 22.52% per-thread avg)  msgs=1500198
[CPU compute ] process= 42.34% of 80 cores   system= 42.52%   (window 2s)
0, throughput 1.0922
cluster throughput 1.092

----- REMOTE CPU LOAD (memory node dir-threads, 2s window) -----
  dir 0: active= 25.28%  msgs=751276      673 ns/msg
  dir 1: active= 20.06%  msgs=749579      535 ns/msg
  AGGREGATE active = 45.35% (of 2 dir-threads; 22.67% per-thread avg)  msgs=1500855
[CPU compute ] process= 42.35% of 80 cores   system= 42.51%   (window 2s)
0, throughput 1.0917
cluster throughput 1.091

----- REMOTE CPU LOAD (memory node dir-threads, 2s window) -----
  dir 0: active= 25.16%  msgs=749579      671 ns/msg
  dir 1: active= 20.01%  msgs=748064      535 ns/msg
  AGGREGATE active = 45.17% (of 2 dir-threads; 22.59% per-thread avg)  msgs=1497643
[CPU compute ] process= 42.37% of 80 cores   system= 42.53%   (window 2s)
0, throughput 1.0913
cluster throughput 1.091

----- REMOTE CPU LOAD (memory node dir-threads, 2s window) -----
  dir 0: active= 25.13%  msgs=749190      671 ns/msg
  dir 1: active= 20.16%  msgs=750289      538 ns/msg
  AGGREGATE active = 45.29% (of 2 dir-threads; 22.65% per-thread avg)  msgs=1499479
[CPU compute ] process= 42.36% of 80 cores   system= 42.53%   (window 2s)
0, throughput 1.0914
cluster throughput 1.091

----- REMOTE CPU LOAD (memory node dir-threads, 2s window) -----
  dir 0: active= 25.18%  msgs=750632      671 ns/msg
  dir 1: active= 20.29%  msgs=751170      540 ns/msg
  AGGREGATE active = 45.47% (of 2 dir-threads; 22.74% per-thread avg)  msgs=1501802
[CPU compute ] process= 42.35% of 80 cores   system= 42.51%   (window 2s)
0, throughput 1.0917
cluster throughput 1.091

----- REMOTE CPU LOAD (memory node dir-threads, 2s window) -----
  dir 0: active= 25.23%  msgs=750181      673 ns/msg
  dir 1: active= 20.13%  msgs=749851      537 ns/msg
  AGGREGATE active = 45.36% (of 2 dir-threads; 22.68% per-thread avg)  msgs=1500032
[CPU compute ] process= 42.36% of 80 cores   system= 42.53%   (window 2s)
0, throughput 1.0911
cluster throughput 1.091

----- REMOTE CPU LOAD (memory node dir-threads, 2s window) -----
  dir 0: active= 25.18%  msgs=750064      671 ns/msg
  dir 1: active= 20.18%  msgs=751095      537 ns/msg
  AGGREGATE active = 45.36% (of 2 dir-threads; 22.68% per-thread avg)  msgs=1501159
[CPU compute ] process= 42.36% of 80 cores   system= 42.52%   (window 2s)
0, throughput 1.0908
cluster throughput 1.090

----- REMOTE CPU LOAD (memory node dir-threads, 2s window) -----
  dir 0: active= 25.23%  msgs=749990      673 ns/msg
  dir 1: active= 20.13%  msgs=749406      537 ns/msg
  AGGREGATE active = 45.36% (of 2 dir-threads; 22.68% per-thread avg)  msgs=1499396
[CPU compute ] process= 42.35% of 80 cores   system= 42.51%   (window 2s)
0, throughput 1.0906
cluster throughput 1.090

----- REMOTE CPU LOAD (memory node dir-threads, 2s window) -----
  dir 0: active= 25.30%  msgs=749952      675 ns/msg
  dir 1: active= 20.16%  msgs=751286      537 ns/msg
  AGGREGATE active = 45.47% (of 2 dir-threads; 22.73% per-thread avg)  msgs=1501238
[CPU compute ] process= 42.37% of 80 cores   system= 42.52%   (window 2s)
0, throughput 1.0911
cluster throughput 1.091

----- REMOTE CPU LOAD (memory node dir-threads, 2s window) -----
  dir 0: active= 25.33%  msgs=750437      675 ns/msg
  dir 1: active= 20.17%  msgs=749537      538 ns/msg
  AGGREGATE active = 45.50% (of 2 dir-threads; 22.75% per-thread avg)  msgs=1499974
[CPU compute ] process= 42.36% of 80 cores   system= 42.52%   (window 2s)
0, throughput 1.0919
cluster throughput 1.091

----- REMOTE CPU LOAD (memory node dir-threads, 2s window) -----
  dir 0: active= 25.25%  msgs=748980      674 ns/msg
  dir 1: active= 20.10%  msgs=749257      537 ns/msg
  AGGREGATE active = 45.35% (of 2 dir-threads; 22.67% per-thread avg)  msgs=1498237
[CPU compute ] process= 42.35% of 80 cores   system= 42.51%   (window 2s)
0, throughput 1.0901
cluster throughput 1.090

----- REMOTE CPU LOAD (memory node dir-threads, 2s window) -----
  dir 0: active= 25.27%  msgs=749509      674 ns/msg
  dir 1: active= 20.21%  msgs=750110      539 ns/msg
  AGGREGATE active = 45.48% (of 2 dir-threads; 22.74% per-thread avg)  msgs=1499619
[CPU compute ] process= 42.37% of 80 cores   system= 42.52%   (window 2s)
0, throughput 1.0907
cluster throughput 1.090

----- REMOTE CPU LOAD (memory node dir-threads, 2s window) -----
  dir 0: active= 25.15%  msgs=749634      671 ns/msg
  dir 1: active= 20.18%  msgs=749942      538 ns/msg
  AGGREGATE active = 45.33% (of 2 dir-threads; 22.66% per-thread avg)  msgs=1499576
[CPU compute ] process= 42.37% of 80 cores   system= 42.52%   (window 2s)
0, throughput 1.0913
cluster throughput 1.091

----- REMOTE CPU LOAD (memory node dir-threads, 2s window) -----
  dir 0: active= 25.18%  msgs=748727      673 ns/msg
  dir 1: active= 20.10%  msgs=749885      536 ns/msg
  AGGREGATE active = 45.28% (of 2 dir-threads; 22.64% per-thread avg)  msgs=1498612
[CPU compute ] process= 42.35% of 80 cores   system= 42.51%   (window 2s)
0, throughput 1.0904
cluster throughput 1.090

----- REMOTE CPU LOAD (memory node dir-threads, 2s window) -----
  dir 0: active= 25.26%  msgs=750152      673 ns/msg
  dir 1: active= 20.03%  msgs=749625      534 ns/msg
  AGGREGATE active = 45.29% (of 2 dir-threads; 22.64% per-thread avg)  msgs=1499777
[CPU compute ] process= 42.37% of 80 cores   system= 42.52%   (window 2s)
0, throughput 1.0910
cluster throughput 1.091

----- REMOTE CPU LOAD (memory node dir-threads, 2s window) -----
  dir 0: active= 25.20%  msgs=749658      672 ns/msg
  dir 1: active= 20.05%  msgs=748934      535 ns/msg
  AGGREGATE active = 45.25% (of 2 dir-threads; 22.62% per-thread avg)  msgs=1498592
[CPU compute ] process= 42.36% of 80 cores   system= 42.52%   (window 2s)
0, throughput 1.0910
cluster throughput 1.090

----- REMOTE CPU LOAD (memory node dir-threads, 2s window) -----
  dir 0: active= 25.27%  msgs=750646      673 ns/msg
  dir 1: active= 20.13%  msgs=750466      536 ns/msg
  AGGREGATE active = 45.40% (of 2 dir-threads; 22.70% per-thread avg)  msgs=1501112
[CPU compute ] process= 42.35% of 80 cores   system= 42.51%   (window 2s)
0, throughput 1.0914
cluster throughput 1.091

----- REMOTE CPU LOAD (memory node dir-threads, 2s window) -----
  dir 0: active= 25.26%  msgs=750599      673 ns/msg
  dir 1: active= 20.07%  msgs=749696      535 ns/msg
  AGGREGATE active = 45.33% (of 2 dir-threads; 22.66% per-thread avg)  msgs=1500295
[CPU compute ] process= 42.37% of 80 cores   system= 42.52%   (window 2s)
0, throughput 1.0915
cluster throughput 1.091

----- REMOTE CPU LOAD (memory node dir-threads, 2s window) -----
  dir 0: active= 25.28%  msgs=750839      673 ns/msg
  dir 1: active= 19.97%  msgs=750054      533 ns/msg
  AGGREGATE active = 45.25% (of 2 dir-threads; 22.63% per-thread avg)  msgs=1500893
[CPU compute ] process= 42.37% of 80 cores   system= 42.51%   (window 2s)
0, throughput 1.0913
cluster throughput 1.091

----- REMOTE CPU LOAD (memory node dir-threads, 2s window) -----
  dir 0: active= 14.99%  msgs=445291      673 ns/msg
  dir 1: active= 11.88%  msgs=444854      534 ns/msg
  AGGREGATE active = 26.87% (of 2 dir-threads; 13.43% per-thread avg)  msgs=890145
[CPU compute ] process= 25.13% of 80 cores   system= 25.23%   (window 2s)
0, throughput 0.6044
cluster throughput 0.604

----- REMOTE CPU LOAD (memory node dir-threads, 2s window) -----
  dir 0: active=  0.00%  msgs=0           0 ns/msg
  dir 1: active=  0.00%  msgs=0           0 ns/msg
  AGGREGATE active = 0.00% (of 2 dir-threads; 0.00% per-thread avg)  msgs=0
[CPU compute ] process=  2.50% of 80 cores   system=  2.51%   (window 2s)
0, throughput 0.0000
cluster throughput 0.000
The time duration = 48 seconds

----- REMOTE CPU LOAD (memory node dir-threads, 2s window) -----
  dir 0: active=  0.00%  msgs=0           0 ns/msg
  dir 1: active=  0.00%  msgs=0           0 ns/msg
  AGGREGATE active = 0.00% (of 2 dir-threads; 0.00% per-thread avg)  msgs=0
[CPU compute ] process=  2.49% of 80 cores   system=  2.50%   (window 2s)

==================== LATENCY BUCKETS (500 ns) [node 0] ====================
[RANGE]
  ALL                n=49233563   mean=   29.28us  p50=  26.00us  p90=  50.00us  p99=  64.00us  p99.9=  73.50us  max>=1000.00us
  LOCAL (cache hit)         (no samples)
  REMOTE (miss/rpc)  n=49233563   mean=   29.28us  p50=  26.00us  p90=  50.00us  p99=  64.00us  p99.9=  73.50us  max>=1000.00us
[ALL OPS]
  ALL                n=49233563   mean=   29.28us  p50=  26.00us  p90=  50.00us  p99=  64.00us  p99.9=  73.50us  max>=1000.00us
  LOCAL (cache hit)         (no samples)
  REMOTE (miss/rpc)  n=49233563   mean=   29.28us  p50=  26.00us  p90=  50.00us  p99=  64.00us  p99.9=  73.50us  max>=1000.00us

----- 500 ns bucket CDF (all ops) [node 0] -----
  bucket [lo,hi) ns             count        pct       cdf
  [     5500,     6000)           11    0.0000%   0.0000%
  [     6000,     6500)          143    0.0003%   0.0003%
  [     6500,     7000)         1402    0.0028%   0.0032%
  [     7000,     7500)        11270    0.0229%   0.0261%
  [     7500,     8000)        52281    0.1062%   0.1322%
  [     8000,     8500)       131866    0.2678%   0.4001%
  [     8500,     9000)       191734    0.3894%   0.7895%
  [     9000,     9500)       176083    0.3576%   1.1472%
  [     9500,    10000)       124836    0.2536%   1.4007%
  [    10000,    10500)       102736    0.2087%   1.6094%
  [    10500,    11000)       135180    0.2746%   1.8840%
  [    11000,    11500)       189627    0.3852%   2.2691%
  [    11500,    12000)       230412    0.4680%   2.7371%
  [    12000,    12500)       241919    0.4914%   3.2285%
  [    12500,    13000)       239139    0.4857%   3.7142%
  [    13000,    13500)       238093    0.4836%   4.1978%
  [    13500,    14000)       241725    0.4910%   4.6888%
  [    14000,    14500)       274993    0.5585%   5.2473%
  [    14500,    15000)       378110    0.7680%   6.0153%
  [    15000,    15500)       535626    1.0879%   7.1033%
  [    15500,    16000)       691384    1.4043%   8.5076%
  [    16000,    16500)       778589    1.5814%  10.0890%
  [    16500,    17000)       782581    1.5895%  11.6785%
  [    17000,    17500)       744722    1.5126%  13.1911%
  [    17500,    18000)       734845    1.4926%  14.6837%
  [    18000,    18500)       771890    1.5678%  16.2515%
  [    18500,    19000)       844715    1.7157%  17.9672%
  [    19000,    19500)       918390    1.8654%  19.8326%
  [    19500,    20000)       956545    1.9429%  21.7755%
  [    20000,    20500)       948547    1.9266%  23.7021%
  [    20500,    21000)       922513    1.8737%  25.5759%
  [    21000,    21500)       928716    1.8863%  27.4622%
  [    21500,    22000)      1016236    2.0641%  29.5263%
  [    22000,    22500)      1198532    2.4344%  31.9607%
  [    22500,    23000)      1421625    2.8875%  34.8482%
  [    23000,    23500)      1584332    3.2180%  38.0662%
  [    23500,    24000)      1619988    3.2904%  41.3566%
  [    24000,    24500)      1531834    3.1114%  44.4680%
  [    24500,    25000)      1375286    2.7934%  47.2614%
  [    25000,    25500)      1216038    2.4699%  49.7313%
  [    25500,    26000)      1104412    2.2432%  51.9745%
  [    26000,    26500)      1047733    2.1281%  54.1026%
  [    26500,    27000)      1026198    2.0843%  56.1869%
  [    27000,    27500)      1009856    2.0512%  58.2381%
  [    27500,    28000)       976490    1.9834%  60.2215%
  [    28000,    28500)       921569    1.8718%  62.0933%
  [    28500,    29000)       847727    1.7218%  63.8152%
  [    29000,    29500)       763170    1.5501%  65.3653%
  [    29500,    30000)       686004    1.3934%  66.7586%
  [    30000,    30500)       624470    1.2684%  68.0270%
  [    30500,    31000)       573547    1.1650%  69.1920%
  [    31000,    31500)       528159    1.0728%  70.2647%
  [    31500,    32000)       478633    0.9722%  71.2369%
  [    32000,    32500)       427998    0.8693%  72.1062%
  [    32500,    33000)       382021    0.7759%  72.8822%
  [    33000,    33500)       342705    0.6961%  73.5782%
  [    33500,    34000)       311340    0.6324%  74.2106%
  [    34000,    34500)       284498    0.5779%  74.7885%
  [    34500,    35000)       265203    0.5387%  75.3271%
  [    35000,    35500)       248226    0.5042%  75.8313%
  [    35500,    36000)       233142    0.4735%  76.3048%
  [    36000,    36500)       221145    0.4492%  76.7540%
  [    36500,    37000)       213988    0.4346%  77.1887%
  [    37000,    37500)       210163    0.4269%  77.6155%
  [    37500,    38000)       209867    0.4263%  78.0418%
  [    38000,    38500)       211433    0.4294%  78.4712%
  [    38500,    39000)       211943    0.4305%  78.9017%
  [    39000,    39500)       213545    0.4337%  79.3355%
  [    39500,    40000)       215293    0.4373%  79.7728%
  [    40000,    40500)       218660    0.4441%  80.2169%
  [    40500,    41000)       224269    0.4555%  80.6724%
  [    41000,    41500)       233204    0.4737%  81.1461%
  [    41500,    42000)       241977    0.4915%  81.6376%
  [    42000,    42500)       250307    0.5084%  82.1460%
  [    42500,    43000)       255233    0.5184%  82.6644%
  [    43000,    43500)       256473    0.5209%  83.1853%
  [    43500,    44000)       256982    0.5220%  83.7073%
  [    44000,    44500)       257389    0.5228%  84.2301%
  [    44500,    45000)       259646    0.5274%  84.7574%
  [    45000,    45500)       264522    0.5373%  85.2947%
  [    45500,    46000)       268580    0.5455%  85.8403%
  [    46000,    46500)       272032    0.5525%  86.3928%
  [    46500,    47000)       271632    0.5517%  86.9445%
  [    47000,    47500)       269893    0.5482%  87.4927%
  [    47500,    48000)       267318    0.5430%  88.0357%
  [    48000,    48500)       268142    0.5446%  88.5803%
  [    48500,    49000)       268490    0.5453%  89.1256%
  [    49000,    49500)       267846    0.5440%  89.6697%
  [    49500,    50000)       267444    0.5432%  90.2129%
  [    50000,    50500)       265318    0.5389%  90.7518%
  [    50500,    51000)       260869    0.5299%  91.2816%
  [    51000,    51500)       254862    0.5177%  91.7993%
  [    51500,    52000)       248811    0.5054%  92.3047%
  [    52000,    52500)       240757    0.4890%  92.7937%
  [    52500,    53000)       231635    0.4705%  93.2641%
  [    53000,    53500)       223453    0.4539%  93.7180%
  [    53500,    54000)       213529    0.4337%  94.1517%
  [    54000,    54500)       205101    0.4166%  94.5683%
  [    54500,    55000)       194615    0.3953%  94.9636%
  [    55000,    55500)       183851    0.3734%  95.3370%
  [    55500,    56000)       174170    0.3538%  95.6908%
  [    56000,    56500)       163741    0.3326%  96.0234%
  [    56500,    57000)       155502    0.3158%  96.3392%
  [    57000,    57500)       147176    0.2989%  96.6381%
  [    57500,    58000)       139615    0.2836%  96.9217%
  [    58000,    58500)       131518    0.2671%  97.1889%
  [    58500,    59000)       123774    0.2514%  97.4403%
  [    59000,    59500)       114684    0.2329%  97.6732%
  [    59500,    60000)       105991    0.2153%  97.8885%
  [    60000,    60500)        98048    0.1991%  98.0876%
  [    60500,    61000)        90301    0.1834%  98.2710%
  [    61000,    61500)        82261    0.1671%  98.4381%
  [    61500,    62000)        75243    0.1528%  98.5909%
  [    62000,    62500)        68932    0.1400%  98.7310%
  [    62500,    63000)        62237    0.1264%  98.8574%
  [    63000,    63500)        57002    0.1158%  98.9731%
  [    63500,    64000)        52161    0.1059%  99.0791%
  [    64000,    64500)        47779    0.0970%  99.1761%
  [    64500,    65000)        43137    0.0876%  99.2638%
  [    65000,    65500)        38993    0.0792%  99.3430%
  [    65500,    66000)        35359    0.0718%  99.4148%
  [    66000,    66500)        32152    0.0653%  99.4801%
  [    66500,    67000)        29041    0.0590%  99.5391%
  [    67000,    67500)        26079    0.0530%  99.5920%
  [    67500,    68000)        22877    0.0465%  99.6385%
  [    68000,    68500)        20633    0.0419%  99.6804%
  [    68500,    69000)        18397    0.0374%  99.7178%
  [    69000,    69500)        16368    0.0332%  99.7510%
  [    69500,    70000)        14489    0.0294%  99.7805%
  [    70000,    70500)        12742    0.0259%  99.8063%
  [    70500,    71000)        11322    0.0230%  99.8293%
  [    71000,    71500)         9928    0.0202%  99.8495%
  [    71500,    72000)         8884    0.0180%  99.8675%
  [    72000,    72500)         7805    0.0159%  99.8834%
  [    72500,    73000)         6828    0.0139%  99.8973%
  [    73000,    73500)         6097    0.0124%  99.9096%
  [    73500,    74000)         5325    0.0108%  99.9205%
  [    74000,    74500)         4758    0.0097%  99.9301%
  [    74500,    75000)         4282    0.0087%  99.9388%
  [    75000,    75500)         3730    0.0076%  99.9464%
  [    75500,    76000)         3265    0.0066%  99.9530%
  [    76000,    76500)         2773    0.0056%  99.9587%
  [    76500,    77000)         2413    0.0049%  99.9636%
  [    77000,    77500)         2133    0.0043%  99.9679%
  [    77500,    78000)         1877    0.0038%  99.9717%
  [    78000,    78500)         1640    0.0033%  99.9750%
  [    78500,    79000)         1419    0.0029%  99.9779%
  [    79000,    79500)         1212    0.0025%  99.9804%
  [    79500,    80000)         1076    0.0022%  99.9826%
  [    80000,    80500)          900    0.0018%  99.9844%
  [    80500,    81000)          795    0.0016%  99.9860%
  [    81000,    81500)          701    0.0014%  99.9874%
  [    81500,    82000)          615    0.0012%  99.9887%
  [    82000,    82500)          576    0.0012%  99.9899%
  [    82500,    83000)          492    0.0010%  99.9909%
  [    83000,    83500)          365    0.0007%  99.9916%
  [    83500,    84000)          369    0.0007%  99.9923%
  [    84000,    84500)          312    0.0006%  99.9930%
  [    84500,    85000)          264    0.0005%  99.9935%
  [    85000,    85500)          257    0.0005%  99.9940%
  [    85500,    86000)          195    0.0004%  99.9944%
  [    86000,    86500)          188    0.0004%  99.9948%
  [    86500,    87000)          164    0.0003%  99.9951%
  [    87000,    87500)          173    0.0004%  99.9955%
  [    87500,    88000)          120    0.0002%  99.9957%
  [    88000,    88500)          132    0.0003%  99.9960%
  [    88500,    89000)           81    0.0002%  99.9962%
  [    89000,    89500)           90    0.0002%  99.9964%
  [    89500,    90000)           80    0.0002%  99.9965%
  [    90000,    90500)           76    0.0002%  99.9967%
  [    90500,    91000)           59    0.0001%  99.9968%
  [    91000,    91500)           73    0.0001%  99.9969%
  [    91500,    92000)           45    0.0001%  99.9970%
  [    92000,    92500)           55    0.0001%  99.9971%
  [    92500,    93000)           44    0.0001%  99.9972%
  [    93000,    93500)           44    0.0001%  99.9973%
  [    93500,    94000)           44    0.0001%  99.9974%
  [    94000,    94500)           37    0.0001%  99.9975%
  [    94500,    95000)           43    0.0001%  99.9976%
  [    95000,    95500)           38    0.0001%  99.9977%
  [    95500,    96000)           35    0.0001%  99.9977%
  [    96000,    96500)           35    0.0001%  99.9978%
  [    96500,    97000)           37    0.0001%  99.9979%
  [    97000,    97500)           21    0.0000%  99.9979%
  [    97500,    98000)           19    0.0000%  99.9980%
  [    98000,    98500)           29    0.0001%  99.9980%
  [    98500,    99000)           26    0.0001%  99.9981%
  [    99000,    99500)           22    0.0000%  99.9981%
  [    99500,   100000)           31    0.0001%  99.9982%
  [   100000,   100500)           21    0.0000%  99.9982%
  [   100500,   101000)           18    0.0000%  99.9983%
  [   101000,   101500)           21    0.0000%  99.9983%
  [   101500,   102000)           19    0.0000%  99.9983%
  [   102000,   102500)           19    0.0000%  99.9984%
  [   102500,   103000)           25    0.0001%  99.9984%
  [   103000,   103500)           22    0.0000%  99.9985%
  [   103500,   104000)           18    0.0000%  99.9985%
  [   104000,   104500)           26    0.0001%  99.9986%
  [   104500,   105000)           22    0.0000%  99.9986%
  [   105000,   105500)           16    0.0000%  99.9986%
  [   105500,   106000)           14    0.0000%  99.9987%
  [   106000,   106500)           13    0.0000%  99.9987%
  [   106500,   107000)           19    0.0000%  99.9987%
  [   107000,   107500)           16    0.0000%  99.9988%
  [   107500,   108000)           14    0.0000%  99.9988%
  [   108000,   108500)           14    0.0000%  99.9988%
  [   108500,   109000)           18    0.0000%  99.9989%
  [   109000,   109500)            7    0.0000%  99.9989%
  [   109500,   110000)           14    0.0000%  99.9989%
  [   110000,   110500)           17    0.0000%  99.9989%
  [   110500,   111000)            8    0.0000%  99.9989%
  [   111000,   111500)           16    0.0000%  99.9990%
  [   111500,   112000)           12    0.0000%  99.9990%
  [   112000,   112500)           13    0.0000%  99.9990%
  [   112500,   113000)            8    0.0000%  99.9990%
  [   113000,   113500)            7    0.0000%  99.9991%
  [   113500,   114000)            5    0.0000%  99.9991%
  [   114000,   114500)           15    0.0000%  99.9991%
  [   114500,   115000)           12    0.0000%  99.9991%
  [   115000,   115500)           17    0.0000%  99.9992%
  [   115500,   116000)            8    0.0000%  99.9992%
  [   116000,   116500)           18    0.0000%  99.9992%
  [   116500,   117000)           10    0.0000%  99.9992%
  [   117000,   117500)            9    0.0000%  99.9993%
  [   117500,   118000)            8    0.0000%  99.9993%
  [   118000,   118500)           10    0.0000%  99.9993%
  [   118500,   119000)           11    0.0000%  99.9993%
  [   119000,   119500)           11    0.0000%  99.9993%
  [   119500,   120000)           11    0.0000%  99.9994%
  [   120000,   120500)            6    0.0000%  99.9994%
  [   120500,   121000)            4    0.0000%  99.9994%
  [   121000,   121500)           10    0.0000%  99.9994%
  [   121500,   122000)            6    0.0000%  99.9994%
  [   122000,   122500)            9    0.0000%  99.9994%
  [   122500,   123000)            8    0.0000%  99.9994%
  [   123000,   123500)            9    0.0000%  99.9995%
  [   123500,   124000)            7    0.0000%  99.9995%
  [   124000,   124500)            6    0.0000%  99.9995%
  [   124500,   125000)            5    0.0000%  99.9995%
  [   125000,   125500)           10    0.0000%  99.9995%
  [   125500,   126000)            5    0.0000%  99.9995%
  [   126000,   126500)            4    0.0000%  99.9995%
  [   126500,   127000)            6    0.0000%  99.9995%
  [   127000,   127500)            7    0.0000%  99.9996%
  [   127500,   128000)           10    0.0000%  99.9996%
  [   128000,   128500)            8    0.0000%  99.9996%
  [   128500,   129000)            5    0.0000%  99.9996%
  [   129000,   129500)            4    0.0000%  99.9996%
  [   129500,   130000)            4    0.0000%  99.9996%
  [   130000,   130500)            9    0.0000%  99.9996%
  [   130500,   131000)            3    0.0000%  99.9996%
  [   131000,   131500)            5    0.0000%  99.9997%
  [   131500,   132000)            4    0.0000%  99.9997%
  [   132000,   132500)            3    0.0000%  99.9997%
  [   132500,   133000)            4    0.0000%  99.9997%
  [   133000,   133500)            1    0.0000%  99.9997%
  [   133500,   134000)            1    0.0000%  99.9997%
  [   134000,   134500)            5    0.0000%  99.9997%
  [   134500,   135000)            4    0.0000%  99.9997%
  [   135000,   135500)            4    0.0000%  99.9997%
  [   135500,   136000)            4    0.0000%  99.9997%
  [   136000,   136500)            5    0.0000%  99.9997%
  [   136500,   137000)            3    0.0000%  99.9997%
  [   137000,   137500)            1    0.0000%  99.9997%
  [   137500,   138000)            2    0.0000%  99.9997%
  [   138000,   138500)            1    0.0000%  99.9997%
  [   138500,   139000)            1    0.0000%  99.9997%
  [   139000,   139500)            2    0.0000%  99.9998%
  [   139500,   140000)            1    0.0000%  99.9998%
  [   140000,   140500)            1    0.0000%  99.9998%
  [   140500,   141000)            3    0.0000%  99.9998%
  [   141000,   141500)            1    0.0000%  99.9998%
  [   141500,   142000)            2    0.0000%  99.9998%
  [   142000,   142500)            2    0.0000%  99.9998%
  [   143000,   143500)            2    0.0000%  99.9998%
  [   144000,   144500)            2    0.0000%  99.9998%
  [   144500,   145000)            1    0.0000%  99.9998%
  [   145500,   146000)            1    0.0000%  99.9998%
  [   146000,   146500)            2    0.0000%  99.9998%
  [   146500,   147000)            2    0.0000%  99.9998%
  [   147000,   147500)            3    0.0000%  99.9998%
  [   148000,   148500)            1    0.0000%  99.9998%
  [   148500,   149000)            1    0.0000%  99.9998%
  [   149000,   149500)            2    0.0000%  99.9998%
  [   149500,   150000)            3    0.0000%  99.9998%
  [   150500,   151000)            1    0.0000%  99.9998%
  [   152500,   153000)            1    0.0000%  99.9998%
  [   153000,   153500)            3    0.0000%  99.9998%
  [   154000,   154500)            2    0.0000%  99.9998%
  [   154500,   155000)            2    0.0000%  99.9998%
  [   155000,   155500)            3    0.0000%  99.9998%
  [   155500,   156000)            2    0.0000%  99.9998%
  [   156500,   157000)            1    0.0000%  99.9998%
  [   157000,   157500)            4    0.0000%  99.9998%
  [   158000,   158500)            1    0.0000%  99.9999%
  [   158500,   159000)            1    0.0000%  99.9999%
  [   159000,   159500)            2    0.0000%  99.9999%
  [   160500,   161000)            1    0.0000%  99.9999%
  [   162000,   162500)            1    0.0000%  99.9999%
  [   162500,   163000)            1    0.0000%  99.9999%
  [   163000,   163500)            1    0.0000%  99.9999%
  [   164500,   165000)            1    0.0000%  99.9999%
  [   167000,   167500)            1    0.0000%  99.9999%
  [   168000,   168500)            1    0.0000%  99.9999%
  [   168500,   169000)            1    0.0000%  99.9999%
  [   169500,   170000)            1    0.0000%  99.9999%
  [   171000,   171500)            1    0.0000%  99.9999%
  [   172500,   173000)            1    0.0000%  99.9999%
  [   173500,   174000)            1    0.0000%  99.9999%
  [   181500,   182000)            1    0.0000%  99.9999%
  [   190000,   190500)            1    0.0000%  99.9999%
  [   193500,   194000)            1    0.0000%  99.9999%
  [   197500,   198000)            1    0.0000%  99.9999%
  [   203000,   203500)            1    0.0000%  99.9999%
  [   204000,   204500)            1    0.0000%  99.9999%
  [   209500,   210000)            1    0.0000%  99.9999%
  [   210000,   210500)            1    0.0000%  99.9999%
  [   211000,   211500)            1    0.0000%  99.9999%
  [   219000,   219500)            1    0.0000%  99.9999%
  [   219500,   220000)            1    0.0000%  99.9999%
  [   221500,   222000)            1    0.0000%  99.9999%
  [   229000,   229500)            1    0.0000%  99.9999%
  [   232500,   233000)            1    0.0000%  99.9999%
  [   234500,   235000)            1    0.0000%  99.9999%
  [   235000,   235500)            1    0.0000%  99.9999%
  [   235500,   236000)            2    0.0000%  99.9999%
  [   236000,   236500)            1    0.0000%  99.9999%
  [   236500,   237000)            1    0.0000%  99.9999%
  [   239000,   239500)            2    0.0000%  99.9999%
  [   239500,   240000)            1    0.0000%  99.9999%
  [   243000,   243500)            1    0.0000%  99.9999%
  [   245500,   246000)            1    0.0000%  99.9999%
  [   247500,   248000)            1    0.0000%  99.9999%
  [   248500,   249000)            1    0.0000%  99.9999%
  [   249000,   249500)            1    0.0000%  99.9999%
  [   249500,   250000)            1    0.0000%  99.9999%
  [   255500,   256000)            1    0.0000%  99.9999%
  [   267500,   268000)            1    0.0000%  99.9999%
  [   338000,   338500)            1    0.0000%  99.9999%
  [   342000,   342500)            1    0.0000%  99.9999%
  [   342500,   343000)            3    0.0000% 100.0000%
  [   347000,   347500)            2    0.0000% 100.0000%
  [   349000,   349500)            1    0.0000% 100.0000%
  [   350000,   350500)            1    0.0000% 100.0000%
  [   354000,   354500)            2    0.0000% 100.0000%
  [   361000,   361500)            1    0.0000% 100.0000%
  [   363000,   363500)            1    0.0000% 100.0000%
  [   364500,   365000)            1    0.0000% 100.0000%
  [   367500,   368000)            1    0.0000% 100.0000%
  [   369500,   370000)            1    0.0000% 100.0000%
  [   375000,   375500)            1    0.0000% 100.0000%
  [   381500,   382000)            1    0.0000% 100.0000%
  [   392000,   392500)            1    0.0000% 100.0000%
  [   394000,   394500)            1    0.0000% 100.0000%
  [   400500,   401000)            1    0.0000% 100.0000%
  [   404000,   404500)            1    0.0000% 100.0000%
  [   635500,   636000)            1    0.0000% 100.0000%
  [   648500,   649000)            1    0.0000% 100.0000%
  [   999500, +inf)                   3    0.0000% 100.0000%

----- REMOTE OPERATIONS [node 0] -----
  ops total                = 49233563
  ops local  (cache hit)   = 0 (0.00%)
  ops remote (>=1 net op)  = 49233563 (100.00%)
  remote ops total         = 347551559
    rdma read              = 279862612
    rdma write             = 0
    rdma cas               = 0
    rpc pushdown           = 67688947
  remote ops / op          = 7.0592
  remote ops / remote op   = 7.0592

----- OFFLOADED TASKS [node 0] -----
  lookup pushdowns         = 0
  scan    pushdowns (RPC)  = 67688663
    kv pairs returned      = 1224632247
    leaves scanned remotely= 116923155
    kv / scan pushdown     = 18.09
    leaves / scan pushdown = 1.73
  per-thread breakdown (tid: lookups | scans | kv | leaves):
    t0             0 |    2135461 |   38621026 |    3687925
    t1             0 |    2102925 |   38043581 |    3631909
    t2             0 |    2130119 |   38537881 |    3679253
    t3             0 |    2083385 |   37703576 |    3599276
    t4             0 |    2147785 |   38866694 |    3710307
    t5             0 |    2107145 |   38110102 |    3639021
    t6             0 |    2124248 |   38437927 |    3669741
    t7             0 |    2088384 |   37779050 |    3607435
    t8             0 |    2143097 |   38780485 |    3702367
    t9             0 |    2102841 |   38057171 |    3632636
    t10            0 |    2135132 |   38627969 |    3688016
    t11            0 |    2097024 |   37931462 |    3621483
    t12            0 |    2138947 |   38695791 |    3695121
    t13            0 |    2093945 |   37885027 |    3618113
    t14            0 |    2136398 |   38653648 |    3689846
    t15            0 |    2073203 |   37512005 |    3581618
    t16            0 |    2140743 |   38719815 |    3696427
    t17            0 |    2095086 |   37901914 |    3618888
    t18            0 |    2131630 |   38573710 |    3683182
    t19            0 |    2088116 |   37774355 |    3606169
    t20            0 |    2140774 |   38737492 |    3697729
    t21            0 |    2098584 |   37962455 |    3624960
    t22            0 |    2137116 |   38663656 |    3692773
    t23            0 |    2099721 |   37986659 |    3626590
    t24            0 |    2125849 |   38469993 |    3672428
    t25            0 |    2102886 |   38047284 |    3632995
    t26            0 |    2130802 |   38548333 |    3681249
    t27            0 |    2093907 |   37881492 |    3616096
    t28            0 |    2131474 |   38563173 |    3682079
    t29            0 |    2103838 |   38051279 |    3632287
    t30            0 |    2132360 |   38590363 |    3684387
    t31            0 |    2095738 |   37916879 |    3620849

----- PATH-AWARE CACHE MISSES [node 0] -----
  inner-node read miss     = 0 (0.00%)
  leaf-node  read miss     = 0 (0.00%)
  total read miss          = 0
  cache writebacks         = 0
=========================================================================

Round 0 (max_throughput): 1.0913 Mops/s
Round 0 (straggler_throughput): 1.0913 Mops/s
Before barrier finish
Avg. rdma read time(ms) = 0
Avg. rdma write time(ms) = -nan
Avg. rdma read / op = 5.68439
Avg. rdma write / op = 0
Avg. rdma cas / op = 0
Avg. rdma rpc / op = 1.37485
Avg. all rdma / op = 7.05924
Avg. rdma read size/ op = 2649.83
Avg. rdma write size / op = 0
Avg. rdma RW size / op = 2649.83
------------------------------------------
Node 0 average throughput = 1.0697
Node 0 total throughput = 1.0913
All CN throughput (Max) = 1.0913
All CN throughput (Straggler) = 1.0913
Final throughput = 1.0913
------------------------------------------
