Compute node count = 1
kNodeCount 2, kReadRatio 100, kInsertRatio 0, kUpdateRatio 0, kDeleteRatio 0, kRangeRatio 0, totalThreadCount 36, memThreadCount 4 cache_size 128, uniform_workload 0, zipfian 0.990000, bulk_load_num 50000000, warmup_num 10000000, op_num 50000000, check_correctness 0, time_based 1, early_stop 1, index 0, rpc_rate 1.000000, admission_rate 0.100000, auto_tune 0
kMaxThread = 36
KeySpace = 50001000
[4mshared memory size: 64GB, 0x7f1e93000000[0m
[4mcache size: 2GB[0m
[4mMachine NR: 2[0m
[4mMax_APP_THREAD: 36[0m
[4mNR_DIRECTORY: 4[0m
[4mStart Build the DSMKeeper[0m
I am servers 0 [255.127.0.0]
I connect server 1
[4mdir 0 launch!
[0m
[4mdir 1 launch!
[0m
[4mdir 2 launch!
[0m
[4mdir 3 launch!
[0m
CNode 0, left bound = 0, right bound = 18446744073709551615
Pushdown (RPC) Rate: 1
Admission Rate: 0.1
Cache size(MB) = 128
-----Cache initial addr = 0x7f1e81e00000
page num = 262144
alloc_unit = 512
entry_num: 262144
bucket_num: 87382
Bucket size = 64
entry_num: 26214
bucket_num: 4369
start generating tree
num_partitions = 1
Success: tree root pointer value [0, 67108864]
finish generating tree
Bulkload num in node 0 = 50000000
First key of bulkloading = 7325973
Last key of bulkloading = 26738230
node warmup num = 9999972
kReadRatio =100
insertmark =100
updatemark =100
deletemark =100
rangemark =100
Finish warmup workload generation
node op_num = 49999968
Finish all workload generation
Fetched new height = 1
Success: tree root pointer value [0, 67109888]
Height = 2
Success: tree root pointer value [0, 67112448]
Height = 3
Success: tree root pointer value [0, 67118080]
Height = 4
Success: tree root pointer value [1, 17246978560]
Height = 5
Success: tree root pointer value [1, 17247020032]
Height = 6
Success: tree root pointer value [1, 17247084032]
Height = 7
Success: tree root pointer value [1, 17247212544]
Height = 8
Success: tree root pointer value [0, 67593216]
Height = 9
Success: tree root pointer value [0, 68085760]
Height = 10
Success: tree root pointer value [0, 69071360]
Height = 11
Success: tree root pointer value [0, 71043072]
Height = 12
Success: tree root pointer value [1, 17255188480]
Height = 13
Success: tree root pointer value [1, 17263422464]
Height = 14
Success: tree root pointer value [1, 17279890944]
Height = 15
Success: tree root pointer value [1, 34459143680]
Height = 16
Success: tree root pointer value [0, 51665797632]
Height = 17
entering dynamic phase
Success: tree root pointer value [0, 51724889600]
Height = 18
Success: tree root pointer value [0, 51843074048]
Height = 19
Success: tree root pointer value [0, 34530475008]
Height = 20
Success: tree root pointer value [1, 35092020224]
Height = 21
Success: tree root pointer value [1, 18208251392]
Height = 22
#leaf nodes = 3846153
leaf size(MB) = 1878
#inner nodes = 3846104
inner size(MB) = 1877.98
Tree height = 22
Cache capacity = 262144
max. leaf entries = 26
max. inner entries = 5
Inner page size = 160
Leaf page size = 512
node 0 finish its bulkload
IMPORTANT: my root is 1193295963226113
0 is ready for the benchmark
I am 0
Fetched new height = 22
I am 3
I am 1
I am 2
I am 4
I am 6
I am 14
I am 15
I am 30
I am 16
I am 8
I am 26
I am 13
I am 17
I am 31
I am 24
I am 20
I am 22
I am 35
I am 33
I am 18
I am 7
I am 32
I am 9
I am 23
I am 5
I am 11
I am 27
I am 28
I am 12
I am 25
I am 10
I am 29
I am 34
I am 21
I am 19
entering dynamic phase
Thread_op_num = 1388888
node 0 finish warmup
Start collecting the statistic
0, throughput 4.8399
cluster throughput 4.839
0, throughput 4.8056
cluster throughput 4.805
0, throughput 4.7953
cluster throughput 4.795
0, throughput 4.7817
cluster throughput 4.781
0, throughput 4.7807
cluster throughput 4.780
0, throughput 0.1743
cluster throughput 0.174
0, throughput 0.0000
cluster throughput 0.000
The time duration = 14 seconds

==================== LATENCY BUCKETS (500 ns) [node 0] ====================
[LOOKUP]
  ALL                n=48359751   mean=    7.47us  p50=   7.00us  p90=  15.50us  p99=  22.00us  p99.9=  28.00us  max>=1000.00us
  LOCAL (cache hit)  n=13580158   mean=    0.63us  p50=   1.00us  p90=   1.00us  p99=   4.00us  p99.9=   7.50us  max>= 23.50us
  REMOTE (miss/rpc)  n=34779593   mean=   10.14us  p50=   9.50us  p90=  16.50us  p99=  23.00us  p99.9=  28.50us  max>=1000.00us
[ALL OPS]
  ALL                n=48359751   mean=    7.47us  p50=   7.00us  p90=  15.50us  p99=  22.00us  p99.9=  28.00us  max>=1000.00us
  LOCAL (cache hit)  n=13580158   mean=    0.63us  p50=   1.00us  p90=   1.00us  p99=   4.00us  p99.9=   7.50us  max>= 23.50us
  REMOTE (miss/rpc)  n=34779593   mean=   10.14us  p50=   9.50us  p90=  16.50us  p99=  23.00us  p99.9=  28.50us  max>=1000.00us

----- 500 ns bucket CDF (all ops) [node 0] -----
  bucket [lo,hi) ns             count        pct       cdf
  [        0,      500)      5240027   10.8355%  10.8355%
  [      500,     1000)      7757598   16.0414%  26.8769%
  [     1000,     1500)       380392    0.7866%  27.6635%
  [     1500,     2000)        25174    0.0521%  27.7156%
  [     2000,     2500)        13155    0.0272%  27.7428%
  [     2500,     3000)        13286    0.0275%  27.7703%
  [     3000,     3500)        13602    0.0281%  27.7984%
  [     3500,     4000)        40016    0.0827%  27.8811%
  [     4000,     4500)       340164    0.7034%  28.5845%
  [     4500,     5000)      1219996    2.5228%  31.1073%
  [     5000,     5500)      2227117    4.6053%  35.7126%
  [     5500,     6000)      2892374    5.9810%  41.6936%
  [     6000,     6500)      2973090    6.1479%  47.8414%
  [     6500,     7000)      2460902    5.0887%  52.9302%
  [     7000,     7500)      1738685    3.5953%  56.5255%
  [     7500,     8000)      1154342    2.3870%  58.9125%
  [     8000,     8500)       890618    1.8417%  60.7541%
  [     8500,     9000)       925636    1.9141%  62.6682%
  [     9000,     9500)      1081174    2.2357%  64.9039%
  [     9500,    10000)      1223223    2.5294%  67.4333%
  [    10000,    10500)      1321066    2.7317%  70.1650%
  [    10500,    11000)      1350248    2.7921%  72.9571%
  [    11000,    11500)      1254932    2.5950%  75.5521%
  [    11500,    12000)      1065669    2.2036%  77.7557%
  [    12000,    12500)       901591    1.8643%  79.6201%
  [    12500,    13000)       853742    1.7654%  81.3855%
  [    13000,    13500)       914572    1.8912%  83.2767%
  [    13500,    14000)       997145    2.0619%  85.3386%
  [    14000,    14500)      1008860    2.0862%  87.4248%
  [    14500,    15000)       926935    1.9167%  89.3415%
  [    15000,    15500)       784237    1.6217%  90.9632%
  [    15500,    16000)       637590    1.3184%  92.2816%
  [    16000,    16500)       517286    1.0697%  93.3513%
  [    16500,    17000)       432648    0.8946%  94.2459%
  [    17000,    17500)       377835    0.7813%  95.0272%
  [    17500,    18000)       342786    0.7088%  95.7360%
  [    18000,    18500)       312616    0.6464%  96.3825%
  [    18500,    19000)       283178    0.5856%  96.9680%
  [    19000,    19500)       249017    0.5149%  97.4830%
  [    19500,    20000)       211876    0.4381%  97.9211%
  [    20000,    20500)       176087    0.3641%  98.2852%
  [    20500,    21000)       144348    0.2985%  98.5837%
  [    21000,    21500)       117756    0.2435%  98.8272%
  [    21500,    22000)        96664    0.1999%  99.0271%
  [    22000,    22500)        80413    0.1663%  99.1934%
  [    22500,    23000)        67603    0.1398%  99.3332%
  [    23000,    23500)        56483    0.1168%  99.4500%
  [    23500,    24000)        47911    0.0991%  99.5490%
  [    24000,    24500)        40457    0.0837%  99.6327%
  [    24500,    25000)        33698    0.0697%  99.7024%
  [    25000,    25500)        27858    0.0576%  99.7600%
  [    25500,    26000)        22480    0.0465%  99.8065%
  [    26000,    26500)        18056    0.0373%  99.8438%
  [    26500,    27000)        14694    0.0304%  99.8742%
  [    27000,    27500)        11747    0.0243%  99.8985%
  [    27500,    28000)         9311    0.0193%  99.9177%
  [    28000,    28500)         7583    0.0157%  99.9334%
  [    28500,    29000)         6065    0.0125%  99.9460%
  [    29000,    29500)         4901    0.0101%  99.9561%
  [    29500,    30000)         3988    0.0082%  99.9643%
  [    30000,    30500)         3119    0.0064%  99.9708%
  [    30500,    31000)         2395    0.0050%  99.9757%
  [    31000,    31500)         1964    0.0041%  99.9798%
  [    31500,    32000)         1666    0.0034%  99.9832%
  [    32000,    32500)         1335    0.0028%  99.9860%
  [    32500,    33000)         1068    0.0022%  99.9882%
  [    33000,    33500)          829    0.0017%  99.9899%
  [    33500,    34000)          712    0.0015%  99.9914%
  [    34000,    34500)          565    0.0012%  99.9926%
  [    34500,    35000)          493    0.0010%  99.9936%
  [    35000,    35500)          429    0.0009%  99.9945%
  [    35500,    36000)          300    0.0006%  99.9951%
  [    36000,    36500)          311    0.0006%  99.9957%
  [    36500,    37000)          254    0.0005%  99.9963%
  [    37000,    37500)          206    0.0004%  99.9967%
  [    37500,    38000)          155    0.0003%  99.9970%
  [    38000,    38500)          140    0.0003%  99.9973%
  [    38500,    39000)          106    0.0002%  99.9975%
  [    39000,    39500)           93    0.0002%  99.9977%
  [    39500,    40000)           83    0.0002%  99.9979%
  [    40000,    40500)           64    0.0001%  99.9980%
  [    40500,    41000)           80    0.0002%  99.9982%
  [    41000,    41500)           50    0.0001%  99.9983%
  [    41500,    42000)           31    0.0001%  99.9983%
  [    42000,    42500)           41    0.0001%  99.9984%
  [    42500,    43000)           32    0.0001%  99.9985%
  [    43000,    43500)           33    0.0001%  99.9986%
  [    43500,    44000)           28    0.0001%  99.9986%
  [    44000,    44500)           22    0.0000%  99.9987%
  [    44500,    45000)           17    0.0000%  99.9987%
  [    45000,    45500)           15    0.0000%  99.9987%
  [    45500,    46000)           17    0.0000%  99.9988%
  [    46000,    46500)           19    0.0000%  99.9988%
  [    46500,    47000)           14    0.0000%  99.9988%
  [    47000,    47500)           14    0.0000%  99.9989%
  [    47500,    48000)           15    0.0000%  99.9989%
  [    48000,    48500)           10    0.0000%  99.9989%
  [    48500,    49000)            9    0.0000%  99.9989%
  [    49000,    49500)           14    0.0000%  99.9990%
  [    49500,    50000)           10    0.0000%  99.9990%
  [    50000,    50500)           13    0.0000%  99.9990%
  [    50500,    51000)            4    0.0000%  99.9990%
  [    51000,    51500)            7    0.0000%  99.9990%
  [    51500,    52000)            9    0.0000%  99.9991%
  [    52000,    52500)            6    0.0000%  99.9991%
  [    52500,    53000)            6    0.0000%  99.9991%
  [    53000,    53500)           10    0.0000%  99.9991%
  [    53500,    54000)            3    0.0000%  99.9991%
  [    54000,    54500)            8    0.0000%  99.9991%
  [    54500,    55000)            5    0.0000%  99.9991%
  [    55000,    55500)            6    0.0000%  99.9991%
  [    55500,    56000)            7    0.0000%  99.9992%
  [    56000,    56500)            2    0.0000%  99.9992%
  [    56500,    57000)            4    0.0000%  99.9992%
  [    57000,    57500)            7    0.0000%  99.9992%
  [    57500,    58000)            2    0.0000%  99.9992%
  [    58000,    58500)            4    0.0000%  99.9992%
  [    58500,    59000)            6    0.0000%  99.9992%
  [    59000,    59500)            7    0.0000%  99.9992%
  [    59500,    60000)            4    0.0000%  99.9992%
  [    60000,    60500)            3    0.0000%  99.9992%
  [    60500,    61000)            7    0.0000%  99.9993%
  [    61000,    61500)            3    0.0000%  99.9993%
  [    61500,    62000)            3    0.0000%  99.9993%
  [    62000,    62500)            5    0.0000%  99.9993%
  [    62500,    63000)            2    0.0000%  99.9993%
  [    63000,    63500)            5    0.0000%  99.9993%
  [    63500,    64000)            5    0.0000%  99.9993%
  [    64000,    64500)            7    0.0000%  99.9993%
  [    64500,    65000)            6    0.0000%  99.9993%
  [    65000,    65500)            5    0.0000%  99.9993%
  [    65500,    66000)            3    0.0000%  99.9993%
  [    66000,    66500)            4    0.0000%  99.9994%
  [    66500,    67000)            2    0.0000%  99.9994%
  [    67000,    67500)            5    0.0000%  99.9994%
  [    68000,    68500)            7    0.0000%  99.9994%
  [    68500,    69000)            1    0.0000%  99.9994%
  [    69000,    69500)            5    0.0000%  99.9994%
  [    69500,    70000)            6    0.0000%  99.9994%
  [    70000,    70500)            7    0.0000%  99.9994%
  [    70500,    71000)            5    0.0000%  99.9994%
  [    71000,    71500)            7    0.0000%  99.9994%
  [    71500,    72000)            5    0.0000%  99.9995%
  [    72000,    72500)            7    0.0000%  99.9995%
  [    72500,    73000)            2    0.0000%  99.9995%
  [    73000,    73500)            5    0.0000%  99.9995%
  [    73500,    74000)            7    0.0000%  99.9995%
  [    74500,    75000)            5    0.0000%  99.9995%
  [    75000,    75500)            2    0.0000%  99.9995%
  [    75500,    76000)            6    0.0000%  99.9995%
  [    76000,    76500)            6    0.0000%  99.9995%
  [    76500,    77000)            4    0.0000%  99.9995%
  [    77000,    77500)            4    0.0000%  99.9996%
  [    77500,    78000)            9    0.0000%  99.9996%
  [    78000,    78500)            3    0.0000%  99.9996%
  [    78500,    79000)            3    0.0000%  99.9996%
  [    79000,    79500)            2    0.0000%  99.9996%
  [    79500,    80000)            6    0.0000%  99.9996%
  [    80000,    80500)            6    0.0000%  99.9996%
  [    80500,    81000)            1    0.0000%  99.9996%
  [    81000,    81500)            3    0.0000%  99.9996%
  [    81500,    82000)            4    0.0000%  99.9996%
  [    82000,    82500)            2    0.0000%  99.9996%
  [    82500,    83000)            3    0.0000%  99.9996%
  [    83000,    83500)            8    0.0000%  99.9997%
  [    83500,    84000)            3    0.0000%  99.9997%
  [    84000,    84500)            5    0.0000%  99.9997%
  [    84500,    85000)            5    0.0000%  99.9997%
  [    85500,    86000)            3    0.0000%  99.9997%
  [    86000,    86500)            6    0.0000%  99.9997%
  [    86500,    87000)            6    0.0000%  99.9997%
  [    87000,    87500)            1    0.0000%  99.9997%
  [    87500,    88000)            3    0.0000%  99.9997%
  [    88000,    88500)            4    0.0000%  99.9997%
  [    88500,    89000)            1    0.0000%  99.9997%
  [    89000,    89500)            2    0.0000%  99.9997%
  [    89500,    90000)            4    0.0000%  99.9997%
  [    90000,    90500)            5    0.0000%  99.9998%
  [    91000,    91500)            4    0.0000%  99.9998%
  [    91500,    92000)            4    0.0000%  99.9998%
  [    92000,    92500)            2    0.0000%  99.9998%
  [    92500,    93000)            1    0.0000%  99.9998%
  [    93000,    93500)            2    0.0000%  99.9998%
  [    93500,    94000)            3    0.0000%  99.9998%
  [    94000,    94500)            3    0.0000%  99.9998%
  [    94500,    95000)            6    0.0000%  99.9998%
  [    95000,    95500)            4    0.0000%  99.9998%
  [    95500,    96000)            4    0.0000%  99.9998%
  [    96000,    96500)            1    0.0000%  99.9998%
  [    96500,    97000)            6    0.0000%  99.9998%
  [    97000,    97500)            1    0.0000%  99.9998%
  [    97500,    98000)            3    0.0000%  99.9999%
  [    98000,    98500)            2    0.0000%  99.9999%
  [    98500,    99000)            2    0.0000%  99.9999%
  [    99000,    99500)            5    0.0000%  99.9999%
  [    99500,   100000)            3    0.0000%  99.9999%
  [   100000,   100500)            1    0.0000%  99.9999%
  [   100500,   101000)            4    0.0000%  99.9999%
  [   101000,   101500)            3    0.0000%  99.9999%
  [   101500,   102000)            2    0.0000%  99.9999%
  [   102000,   102500)            2    0.0000%  99.9999%
  [   102500,   103000)            3    0.0000%  99.9999%
  [   103000,   103500)            2    0.0000%  99.9999%
  [   103500,   104000)            5    0.0000%  99.9999%
  [   104500,   105000)            3    0.0000%  99.9999%
  [   105000,   105500)            2    0.0000%  99.9999%
  [   106000,   106500)            3    0.0000%  99.9999%
  [   106500,   107000)            5    0.0000%  99.9999%
  [   107000,   107500)            1    0.0000% 100.0000%
  [   108000,   108500)            1    0.0000% 100.0000%
  [   108500,   109000)            2    0.0000% 100.0000%
  [   109500,   110000)            1    0.0000% 100.0000%
  [   110000,   110500)            5    0.0000% 100.0000%
  [   111500,   112000)            1    0.0000% 100.0000%
  [   112000,   112500)            1    0.0000% 100.0000%
  [   113000,   113500)            1    0.0000% 100.0000%
  [   114000,   114500)            2    0.0000% 100.0000%
  [   115500,   116000)            1    0.0000% 100.0000%
  [   116000,   116500)            1    0.0000% 100.0000%
  [   117000,   117500)            2    0.0000% 100.0000%
  [   120500,   121000)            1    0.0000% 100.0000%
  [   121000,   121500)            1    0.0000% 100.0000%
  [   122000,   122500)            2    0.0000% 100.0000%
  [   124500,   125000)            1    0.0000% 100.0000%
  [   999500, +inf)                   1    0.0000% 100.0000%

----- REMOTE OPERATIONS [node 0] -----
  ops total                = 48359751
  ops local  (cache hit)   = 13580158 (28.08%)
  ops remote (>=1 net op)  = 34779593 (71.92%)
  remote ops total         = 61306581
    rdma read              = 26526988
    rdma write             = 0
    rdma cas               = 0
    rpc pushdown           = 34779593
  remote ops / op          = 1.2677
  remote ops / remote op   = 1.7627

----- OFFLOADED TASKS [node 0] -----
  lookup pushdowns         = 34779593
  scan    pushdowns (RPC)  = 0
    kv pairs returned      = 0
    leaves scanned remotely= 0
    kv / scan pushdown     = 0.00
    leaves / scan pushdown = 0.00
  per-thread breakdown (tid: lookups | scans | kv | leaves):
    t0        986462 |          0 |          0 |          0
    t1        935401 |          0 |          0 |          0
    t2        989597 |          0 |          0 |          0
    t3        936857 |          0 |          0 |          0
    t4        996817 |          0 |          0 |          0
    t5        942909 |          0 |          0 |          0
    t6        990485 |          0 |          0 |          0
    t7        940076 |          0 |          0 |          0
    t8        996575 |          0 |          0 |          0
    t9        942711 |          0 |          0 |          0
    t10       989560 |          0 |          0 |          0
    t11       942529 |          0 |          0 |          0
    t12       993595 |          0 |          0 |          0
    t13       940552 |          0 |          0 |          0
    t14       992571 |          0 |          0 |          0
    t15       934192 |          0 |          0 |          0
    t16       997287 |          0 |          0 |          0
    t17       941466 |          0 |          0 |          0
    t18       990328 |          0 |          0 |          0
    t19       938720 |          0 |          0 |          0
    t20       982918 |          0 |          0 |          0
    t21       942591 |          0 |          0 |          0
    t22       991749 |          0 |          0 |          0
    t23       943256 |          0 |          0 |          0
    t24       999196 |          0 |          0 |          0
    t25       939148 |          0 |          0 |          0
    t26       990129 |          0 |          0 |          0
    t27       940593 |          0 |          0 |          0
    t28       991438 |          0 |          0 |          0
    t29       942813 |          0 |          0 |          0
    t30       990595 |          0 |          0 |          0
    t31       942993 |          0 |          0 |          0
    t32       992932 |          0 |          0 |          0
    t33       940346 |          0 |          0 |          0
    t34       993216 |          0 |          0 |          0
    t35       936990 |          0 |          0 |          0

----- PATH-AWARE CACHE MISSES [node 0] -----
  inner-node read miss     = 0 (0.00%)
  leaf-node  read miss     = 0 (0.00%)
  total read miss          = 0
  cache writebacks         = 0
=========================================================================

Round 0 (max_throughput): 4.80035 Mops/s
Round 0 (straggler_throughput): 4.80035 Mops/s
Before barrier finish
Avg. rdma read time(ms) = 0
Avg. rdma write time(ms) = -nan
Avg. rdma read / op = 0.548534
Avg. rdma write / op = 0
Avg. rdma cas / op = 0
Avg. rdma rpc / op = 0.719185
Avg. all rdma / op = 1.26772
Avg. rdma read size/ op = 304.58
Avg. rdma write size / op = 0
Avg. rdma RW size / op = 304.58
------------------------------------------
Node 0 average throughput = 4.029
Node 0 total throughput = 4.80035
All CN throughput (Max) = 4.80035
All CN throughput (Straggler) = 4.80035
Final throughput = 4.80035
------------------------------------------
