Compute node count = 1
kNodeCount 2, kReadRatio 0, kInsertRatio 0, kUpdateRatio 0, kDeleteRatio 0, kRangeRatio 100, totalThreadCount 32, memThreadCount 6 cache_size 64, uniform_workload 1, zipfian 0.990000, bulk_load_num 50000000, warmup_num 10000000, op_num 50000000, check_correctness 0, time_based 1, early_stop 1, index 0, rpc_rate 0.000000, admission_rate 0.100000, auto_tune 0
kMaxThread = 32
KeySpace = 50001000
[4mshared memory size: 64GB, 0x7f7f57a00000[0m
[4mcache size: 2GB[0m
[4mMachine NR: 2[0m
[4mMax_APP_THREAD: 36[0m
[4mNR_DIRECTORY: 8[0m
[4mStart Build the DSMKeeper[0m
I am servers 0 [253.127.0.0]
I connect server 1
[4mdir 0 launch!
[0m
[4mdir 1 launch!
[0m
[4mdir 2 launch!
[0m
[4mdir 3 launch!
[0m
[4mdir 4 launch!
[0m
[4mdir 5 launch!
[0m
CNode 0, left bound = 0, right bound = 18446744073709551615
Pushdown (RPC) Rate: 0
Admission Rate: 0.1
Cache size(MB) = 64
-----Cache initial addr = 0x7f7f43600000
page num = 131072
alloc_unit = 512
entry_num: 131072
bucket_num: 43691
Bucket size = 64
entry_num: 13107
bucket_num: 2185
start generating tree
num_partitions = 1
Success: tree root pointer value [0, 67108864]
finish generating tree
Bulkload num in node 0 = 50000000
First key of bulkloading = 7325973
Last key of bulkloading = 26738230
node warmup num = 10000000
kReadRatio =0
insertmark =0
updatemark =0
deletemark =0
rangemark =100

----- REMOTE CPU LOAD (memory node dir-threads, 2s window) -----
  dir 0: active=  0.00%  msgs=1           2540 ns/msg
  dir 1: active=  0.00%  msgs=0           0 ns/msg
  dir 2: active=  0.00%  msgs=0           0 ns/msg
  dir 3: active=  0.00%  msgs=0           0 ns/msg
  dir 4: active=  0.00%  msgs=0           0 ns/msg
  dir 5: active=  0.00%  msgs=0           0 ns/msg
  AGGREGATE active = 0.00% (of 6 dir-threads; 0.00% per-thread avg)  msgs=1
[CPU compute ] process=  8.72% of 80 cores   system=  8.76%   (window 2s)
Finish warmup workload generation

----- REMOTE CPU LOAD (memory node dir-threads, 2s window) -----
  dir 0: active=  0.00%  msgs=0           0 ns/msg
  dir 1: active=  0.00%  msgs=0           0 ns/msg
  dir 2: active=  0.00%  msgs=0           0 ns/msg
  dir 3: active=  0.00%  msgs=0           0 ns/msg
  dir 4: active=  0.00%  msgs=0           0 ns/msg
  dir 5: active=  0.00%  msgs=0           0 ns/msg
  AGGREGATE active = 0.00% (of 6 dir-threads; 0.00% per-thread avg)  msgs=0
[CPU compute ] process=  8.73% of 80 cores   system=  8.77%   (window 2s)

----- REMOTE CPU LOAD (memory node dir-threads, 2s window) -----
  dir 0: active=  0.00%  msgs=0           0 ns/msg
  dir 1: active=  0.00%  msgs=0           0 ns/msg
  dir 2: active=  0.00%  msgs=0           0 ns/msg
  dir 3: active=  0.00%  msgs=0           0 ns/msg
  dir 4: active=  0.00%  msgs=0           0 ns/msg
  dir 5: active=  0.00%  msgs=0           0 ns/msg
  AGGREGATE active = 0.00% (of 6 dir-threads; 0.00% per-thread avg)  msgs=0
[CPU compute ] process=  8.73% of 80 cores   system=  8.76%   (window 2s)

----- REMOTE CPU LOAD (memory node dir-threads, 2s window) -----
  dir 0: active=  0.00%  msgs=0           0 ns/msg
  dir 1: active=  0.00%  msgs=0           0 ns/msg
  dir 2: active=  0.00%  msgs=0           0 ns/msg
  dir 3: active=  0.00%  msgs=0           0 ns/msg
  dir 4: active=  0.00%  msgs=0           0 ns/msg
  dir 5: active=  0.00%  msgs=0           0 ns/msg
  AGGREGATE active = 0.00% (of 6 dir-threads; 0.00% per-thread avg)  msgs=0
[CPU compute ] process=  8.73% of 80 cores   system=  8.77%   (window 2s)

----- REMOTE CPU LOAD (memory node dir-threads, 2s window) -----
  dir 0: active=  0.00%  msgs=0           0 ns/msg
  dir 1: active=  0.00%  msgs=0           0 ns/msg
  dir 2: active=  0.00%  msgs=0           0 ns/msg
  dir 3: active=  0.00%  msgs=0           0 ns/msg
  dir 4: active=  0.00%  msgs=0           0 ns/msg
  dir 5: active=  0.00%  msgs=0           0 ns/msg
  AGGREGATE active = 0.00% (of 6 dir-threads; 0.00% per-thread avg)  msgs=0
[CPU compute ] process=  8.72% of 80 cores   system=  8.76%   (window 2s)

----- REMOTE CPU LOAD (memory node dir-threads, 2s window) -----
  dir 0: active=  0.00%  msgs=0           0 ns/msg
  dir 1: active=  0.00%  msgs=0           0 ns/msg
  dir 2: active=  0.00%  msgs=0           0 ns/msg
  dir 3: active=  0.00%  msgs=0           0 ns/msg
  dir 4: active=  0.00%  msgs=0           0 ns/msg
  dir 5: active=  0.00%  msgs=0           0 ns/msg
  AGGREGATE active = 0.00% (of 6 dir-threads; 0.00% per-thread avg)  msgs=0
[CPU compute ] process=  8.73% of 80 cores   system=  8.77%   (window 2s)

----- REMOTE CPU LOAD (memory node dir-threads, 2s window) -----
  dir 0: active=  0.00%  msgs=0           0 ns/msg
  dir 1: active=  0.00%  msgs=0           0 ns/msg
  dir 2: active=  0.00%  msgs=0           0 ns/msg
  dir 3: active=  0.00%  msgs=0           0 ns/msg
  dir 4: active=  0.00%  msgs=0           0 ns/msg
  dir 5: active=  0.00%  msgs=0           0 ns/msg
  AGGREGATE active = 0.00% (of 6 dir-threads; 0.00% per-thread avg)  msgs=0
[CPU compute ] process=  8.74% of 80 cores   system=  8.77%   (window 2s)

----- REMOTE CPU LOAD (memory node dir-threads, 2s window) -----
  dir 0: active=  0.00%  msgs=0           0 ns/msg
  dir 1: active=  0.00%  msgs=0           0 ns/msg
  dir 2: active=  0.00%  msgs=0           0 ns/msg
  dir 3: active=  0.00%  msgs=0           0 ns/msg
  dir 4: active=  0.00%  msgs=0           0 ns/msg
  dir 5: active=  0.00%  msgs=0           0 ns/msg
  AGGREGATE active = 0.00% (of 6 dir-threads; 0.00% per-thread avg)  msgs=0
[CPU compute ] process=  8.72% of 80 cores   system=  8.77%   (window 2s)

----- REMOTE CPU LOAD (memory node dir-threads, 2s window) -----
  dir 0: active=  0.00%  msgs=0           0 ns/msg
  dir 1: active=  0.00%  msgs=0           0 ns/msg
  dir 2: active=  0.00%  msgs=0           0 ns/msg
  dir 3: active=  0.00%  msgs=0           0 ns/msg
  dir 4: active=  0.00%  msgs=0           0 ns/msg
  dir 5: active=  0.00%  msgs=0           0 ns/msg
  AGGREGATE active = 0.00% (of 6 dir-threads; 0.00% per-thread avg)  msgs=0
[CPU compute ] process=  8.74% of 80 cores   system=  8.77%   (window 2s)

----- REMOTE CPU LOAD (memory node dir-threads, 2s window) -----
  dir 0: active=  0.00%  msgs=0           0 ns/msg
  dir 1: active=  0.00%  msgs=0           0 ns/msg
  dir 2: active=  0.00%  msgs=0           0 ns/msg
  dir 3: active=  0.00%  msgs=0           0 ns/msg
  dir 4: active=  0.00%  msgs=0           0 ns/msg
  dir 5: active=  0.00%  msgs=0           0 ns/msg
  AGGREGATE active = 0.00% (of 6 dir-threads; 0.00% per-thread avg)  msgs=0
[CPU compute ] process=  8.73% of 80 cores   system=  8.76%   (window 2s)
node op_num = 50000000
Finish all workload generation

----- REMOTE CPU LOAD (memory node dir-threads, 2s window) -----
  dir 0: active=  0.00%  msgs=0           0 ns/msg
  dir 1: active=  0.00%  msgs=0           0 ns/msg
  dir 2: active=  0.00%  msgs=0           0 ns/msg
  dir 3: active=  0.00%  msgs=0           0 ns/msg
  dir 4: active=  0.00%  msgs=0           0 ns/msg
  dir 5: active=  0.00%  msgs=0           0 ns/msg
  AGGREGATE active = 0.00% (of 6 dir-threads; 0.00% per-thread avg)  msgs=0
[CPU compute ] process=  8.73% of 80 cores   system=  8.77%   (window 2s)

----- REMOTE CPU LOAD (memory node dir-threads, 2s window) -----
  dir 0: active=  0.00%  msgs=0           0 ns/msg
  dir 1: active=  0.00%  msgs=0           0 ns/msg
  dir 2: active=  0.00%  msgs=0           0 ns/msg
  dir 3: active=  0.00%  msgs=0           0 ns/msg
  dir 4: active=  0.00%  msgs=0           0 ns/msg
  dir 5: active=  0.00%  msgs=0           0 ns/msg
  AGGREGATE active = 0.00% (of 6 dir-threads; 0.00% per-thread avg)  msgs=0
[CPU compute ] process=  8.73% of 80 cores   system=  8.76%   (window 2s)

----- REMOTE CPU LOAD (memory node dir-threads, 2s window) -----
  dir 0: active=  0.00%  msgs=0           0 ns/msg
  dir 1: active=  0.00%  msgs=0           0 ns/msg
  dir 2: active=  0.00%  msgs=0           0 ns/msg
  dir 3: active=  0.00%  msgs=0           0 ns/msg
  dir 4: active=  0.00%  msgs=0           0 ns/msg
  dir 5: active=  0.00%  msgs=0           0 ns/msg
  AGGREGATE active = 0.00% (of 6 dir-threads; 0.00% per-thread avg)  msgs=0
[CPU compute ] process=  8.72% of 80 cores   system=  8.76%   (window 2s)
Fetched new height = 1
Success: tree root pointer value [0, 67109888]
Height = 2
Success: tree root pointer value [0, 67112448]
Height = 3
Success: tree root pointer value [0, 67118080]
Height = 4
Success: tree root pointer value [1, 11520355498]
Height = 5
Success: tree root pointer value [1, 11520396970]
Height = 6
Success: tree root pointer value [1, 11520460970]
Height = 7
Success: tree root pointer value [1, 11520589482]
Height = 8
Success: tree root pointer value [0, 67593216]
Height = 9
Success: tree root pointer value [0, 68085760]
Height = 10
Success: tree root pointer value [0, 69071360]
Height = 11
Success: tree root pointer value [0, 71043072]
Height = 12
Success: tree root pointer value [1, 11528565418]
Height = 13
Success: tree root pointer value [1, 11536799402]
Height = 14
Success: tree root pointer value [1, 11553267882]
Height = 15

----- REMOTE CPU LOAD (memory node dir-threads, 2s window) -----
  dir 0: active=  0.00%  msgs=0           0 ns/msg
  dir 1: active=  0.00%  msgs=0           0 ns/msg
  dir 2: active=  0.00%  msgs=0           0 ns/msg
  dir 3: active=  0.00%  msgs=1           1985 ns/msg
  dir 4: active=  0.00%  msgs=0           0 ns/msg
  dir 5: active=  0.00%  msgs=0           0 ns/msg
  AGGREGATE active = 0.00% (of 6 dir-threads; 0.00% per-thread avg)  msgs=1
[CPU compute ] process=  8.73% of 80 cores   system=  8.77%   (window 2s)
Success: tree root pointer value [1, 23005897556]
Height = 16
entering dynamic phase
Success: tree root pointer value [0, 11545881770]
Height = 17

----- REMOTE CPU LOAD (memory node dir-threads, 2s window) -----
  dir 0: active=  0.00%  msgs=0           0 ns/msg
  dir 1: active=  0.00%  msgs=2           1248 ns/msg
  dir 2: active=  0.00%  msgs=0           0 ns/msg
  dir 3: active=  0.00%  msgs=1           573 ns/msg
  dir 4: active=  0.00%  msgs=0           0 ns/msg
  dir 5: active=  0.00%  msgs=2           928 ns/msg
  AGGREGATE active = 0.00% (of 6 dir-threads; 0.00% per-thread avg)  msgs=5
[CPU compute ] process=  8.73% of 80 cores   system=  8.78%   (window 2s)
Success: tree root pointer value [0, 34511465982]
Height = 18

----- REMOTE CPU LOAD (memory node dir-threads, 2s window) -----
  dir 0: active=  0.00%  msgs=0           0 ns/msg
  dir 1: active=  0.00%  msgs=1           392 ns/msg
  dir 2: active=  0.00%  msgs=0           0 ns/msg
  dir 3: active=  0.00%  msgs=2           594 ns/msg
  dir 4: active=  0.00%  msgs=0           0 ns/msg
  dir 5: active=  0.00%  msgs=2           337 ns/msg
  AGGREGATE active = 0.00% (of 6 dir-threads; 0.00% per-thread avg)  msgs=5
[CPU compute ] process=  8.73% of 80 cores   system=  8.77%   (window 2s)
Success: tree root pointer value [0, 11656049322]
Height = 19

----- REMOTE CPU LOAD (memory node dir-threads, 2s window) -----
  dir 0: active=  0.00%  msgs=0           0 ns/msg
  dir 1: active=  0.00%  msgs=2           326 ns/msg
  dir 2: active=  0.00%  msgs=0           0 ns/msg
  dir 3: active=  0.00%  msgs=1           446 ns/msg
  dir 4: active=  0.00%  msgs=0           0 ns/msg
  dir 5: active=  0.00%  msgs=1           536 ns/msg
  AGGREGATE active = 0.00% (of 6 dir-threads; 0.00% per-thread avg)  msgs=4
[CPU compute ] process=  8.73% of 80 cores   system=  8.77%   (window 2s)

----- REMOTE CPU LOAD (memory node dir-threads, 2s window) -----
  dir 0: active=  0.00%  msgs=0           0 ns/msg
  dir 1: active=  0.00%  msgs=1           243 ns/msg
  dir 2: active=  0.00%  msgs=0           0 ns/msg
  dir 3: active=  0.00%  msgs=2           323 ns/msg
  dir 4: active=  0.00%  msgs=0           0 ns/msg
  dir 5: active=  0.00%  msgs=2           482 ns/msg
  AGGREGATE active = 0.00% (of 6 dir-threads; 0.00% per-thread avg)  msgs=5
[CPU compute ] process=  8.73% of 80 cores   system=  8.77%   (window 2s)

----- REMOTE CPU LOAD (memory node dir-threads, 2s window) -----
  dir 0: active=  0.00%  msgs=1           1065 ns/msg
  dir 1: active=  0.00%  msgs=1           418 ns/msg
  dir 2: active=  0.00%  msgs=1           2421 ns/msg
  dir 3: active=  0.00%  msgs=1           414 ns/msg
  dir 4: active=  0.00%  msgs=0           0 ns/msg
  dir 5: active=  0.00%  msgs=0           0 ns/msg
  AGGREGATE active = 0.00% (of 6 dir-threads; 0.00% per-thread avg)  msgs=4
[CPU compute ] process=  8.73% of 80 cores   system=  8.76%   (window 2s)

----- REMOTE CPU LOAD (memory node dir-threads, 2s window) -----
  dir 0: active=  0.00%  msgs=2           334 ns/msg
  dir 1: active=  0.00%  msgs=0           0 ns/msg
  dir 2: active=  0.00%  msgs=1           330 ns/msg
  dir 3: active=  0.00%  msgs=0           0 ns/msg
  dir 4: active=  0.00%  msgs=2           2438 ns/msg
  dir 5: active=  0.00%  msgs=0           0 ns/msg
  AGGREGATE active = 0.00% (of 6 dir-threads; 0.00% per-thread avg)  msgs=5
[CPU compute ] process=  8.73% of 80 cores   system=  8.77%   (window 2s)
Success: tree root pointer value [0, 23043674452]
Height = 20

----- REMOTE CPU LOAD (memory node dir-threads, 2s window) -----
  dir 0: active=  0.00%  msgs=1           304 ns/msg
  dir 1: active=  0.00%  msgs=0           0 ns/msg
  dir 2: active=  0.00%  msgs=2           306 ns/msg
  dir 3: active=  0.00%  msgs=0           0 ns/msg
  dir 4: active=  0.00%  msgs=2           311 ns/msg
  dir 5: active=  0.00%  msgs=0           0 ns/msg
  AGGREGATE active = 0.00% (of 6 dir-threads; 0.00% per-thread avg)  msgs=5
[CPU compute ] process=  8.73% of 80 cores   system=  8.77%   (window 2s)

----- REMOTE CPU LOAD (memory node dir-threads, 2s window) -----
  dir 0: active=  0.00%  msgs=2           282 ns/msg
  dir 1: active=  0.00%  msgs=0           0 ns/msg
  dir 2: active=  0.00%  msgs=1           298 ns/msg
  dir 3: active=  0.00%  msgs=0           0 ns/msg
  dir 4: active=  0.00%  msgs=1           302 ns/msg
  dir 5: active=  0.00%  msgs=0           0 ns/msg
  AGGREGATE active = 0.00% (of 6 dir-threads; 0.00% per-thread avg)  msgs=4
[CPU compute ] process=  8.73% of 80 cores   system=  8.77%   (window 2s)

----- REMOTE CPU LOAD (memory node dir-threads, 2s window) -----
  dir 0: active=  0.00%  msgs=1           331 ns/msg
  dir 1: active=  0.00%  msgs=0           0 ns/msg
  dir 2: active=  0.00%  msgs=2           308 ns/msg
  dir 3: active=  0.00%  msgs=0           0 ns/msg
  dir 4: active=  0.00%  msgs=2           375 ns/msg
  dir 5: active=  0.00%  msgs=0           0 ns/msg
  AGGREGATE active = 0.00% (of 6 dir-threads; 0.00% per-thread avg)  msgs=5
[CPU compute ] process=  8.73% of 80 cores   system=  8.77%   (window 2s)

----- REMOTE CPU LOAD (memory node dir-threads, 2s window) -----
  dir 0: active=  0.00%  msgs=1           298 ns/msg
  dir 1: active=  0.00%  msgs=1           804 ns/msg
  dir 2: active=  0.00%  msgs=1           378 ns/msg
  dir 3: active=  0.00%  msgs=0           0 ns/msg
  dir 4: active=  0.00%  msgs=0           0 ns/msg
  dir 5: active=  0.00%  msgs=1           509 ns/msg
  AGGREGATE active = 0.00% (of 6 dir-threads; 0.00% per-thread avg)  msgs=4
[CPU compute ] process=  8.73% of 80 cores   system=  8.76%   (window 2s)

----- REMOTE CPU LOAD (memory node dir-threads, 2s window) -----
  dir 0: active=  0.00%  msgs=0           0 ns/msg
  dir 1: active=  0.00%  msgs=1           379 ns/msg
  dir 2: active=  0.00%  msgs=0           0 ns/msg
  dir 3: active=  0.00%  msgs=2           415 ns/msg
  dir 4: active=  0.00%  msgs=0           0 ns/msg
  dir 5: active=  0.00%  msgs=2           322 ns/msg
  AGGREGATE active = 0.00% (of 6 dir-threads; 0.00% per-thread avg)  msgs=5
[CPU compute ] process=  8.73% of 80 cores   system=  8.78%   (window 2s)

----- REMOTE CPU LOAD (memory node dir-threads, 2s window) -----
  dir 0: active=  0.00%  msgs=0           0 ns/msg
  dir 1: active=  0.00%  msgs=2           364 ns/msg
  dir 2: active=  0.00%  msgs=0           0 ns/msg
  dir 3: active=  0.00%  msgs=1           312 ns/msg
  dir 4: active=  0.00%  msgs=0           0 ns/msg
  dir 5: active=  0.00%  msgs=1           389 ns/msg
  AGGREGATE active = 0.00% (of 6 dir-threads; 0.00% per-thread avg)  msgs=4
[CPU compute ] process=  8.72% of 80 cores   system=  8.77%   (window 2s)
Success: tree root pointer value [1, 23403893076]
Height = 21

----- REMOTE CPU LOAD (memory node dir-threads, 2s window) -----
  dir 0: active=  0.00%  msgs=0           0 ns/msg
  dir 1: active=  0.00%  msgs=1           419 ns/msg
  dir 2: active=  0.00%  msgs=0           0 ns/msg
  dir 3: active=  0.00%  msgs=2           462 ns/msg
  dir 4: active=  0.00%  msgs=0           0 ns/msg
  dir 5: active=  0.00%  msgs=2           324 ns/msg
  AGGREGATE active = 0.00% (of 6 dir-threads; 0.00% per-thread avg)  msgs=5
[CPU compute ] process=  8.73% of 80 cores   system=  8.76%   (window 2s)

----- REMOTE CPU LOAD (memory node dir-threads, 2s window) -----
  dir 0: active=  0.00%  msgs=0           0 ns/msg
  dir 1: active=  0.00%  msgs=2           492 ns/msg
  dir 2: active=  0.00%  msgs=0           0 ns/msg
  dir 3: active=  0.00%  msgs=2           391 ns/msg
  dir 4: active=  0.00%  msgs=0           0 ns/msg
  dir 5: active=  0.00%  msgs=1           531 ns/msg
  AGGREGATE active = 0.00% (of 6 dir-threads; 0.00% per-thread avg)  msgs=5
[CPU compute ] process=  8.73% of 80 cores   system=  8.77%   (window 2s)

----- REMOTE CPU LOAD (memory node dir-threads, 2s window) -----
  dir 0: active=  0.00%  msgs=1           579 ns/msg
  dir 1: active=  0.00%  msgs=1           318 ns/msg
  dir 2: active=  0.00%  msgs=0           0 ns/msg
  dir 3: active=  0.00%  msgs=0           0 ns/msg
  dir 4: active=  0.00%  msgs=1           566 ns/msg
  dir 5: active=  0.00%  msgs=1           358 ns/msg
  AGGREGATE active = 0.00% (of 6 dir-threads; 0.00% per-thread avg)  msgs=4
[CPU compute ] process=  8.73% of 80 cores   system=  8.77%   (window 2s)

----- REMOTE CPU LOAD (memory node dir-threads, 2s window) -----
  dir 0: active=  0.00%  msgs=1           240 ns/msg
  dir 1: active=  0.00%  msgs=0           0 ns/msg
  dir 2: active=  0.00%  msgs=2           346 ns/msg
  dir 3: active=  0.00%  msgs=0           0 ns/msg
  dir 4: active=  0.00%  msgs=2           378 ns/msg
  dir 5: active=  0.00%  msgs=0           0 ns/msg
  AGGREGATE active = 0.00% (of 6 dir-threads; 0.00% per-thread avg)  msgs=5
[CPU compute ] process=  8.73% of 80 cores   system=  8.77%   (window 2s)

----- REMOTE CPU LOAD (memory node dir-threads, 2s window) -----
  dir 0: active=  0.00%  msgs=2           376 ns/msg
  dir 1: active=  0.00%  msgs=0           0 ns/msg
  dir 2: active=  0.00%  msgs=1           255 ns/msg
  dir 3: active=  0.00%  msgs=0           0 ns/msg
  dir 4: active=  0.00%  msgs=1           336 ns/msg
  dir 5: active=  0.00%  msgs=0           0 ns/msg
  AGGREGATE active = 0.00% (of 6 dir-threads; 0.00% per-thread avg)  msgs=4
[CPU compute ] process=  8.73% of 80 cores   system=  8.77%   (window 2s)

----- REMOTE CPU LOAD (memory node dir-threads, 2s window) -----
  dir 0: active=  0.00%  msgs=1           395 ns/msg
  dir 1: active=  0.00%  msgs=0           0 ns/msg
  dir 2: active=  0.00%  msgs=2           310 ns/msg
  dir 3: active=  0.00%  msgs=0           0 ns/msg
  dir 4: active=  0.00%  msgs=2           389 ns/msg
  dir 5: active=  0.00%  msgs=0           0 ns/msg
  AGGREGATE active = 0.00% (of 6 dir-threads; 0.00% per-thread avg)  msgs=5
[CPU compute ] process=  8.73% of 80 cores   system=  8.76%   (window 2s)

----- REMOTE CPU LOAD (memory node dir-threads, 2s window) -----
  dir 0: active=  0.00%  msgs=2           346 ns/msg
  dir 1: active=  0.00%  msgs=0           0 ns/msg
  dir 2: active=  0.00%  msgs=1           373 ns/msg
  dir 3: active=  0.00%  msgs=0           0 ns/msg
  dir 4: active=  0.00%  msgs=1           463 ns/msg
  dir 5: active=  0.00%  msgs=0           0 ns/msg
  AGGREGATE active = 0.00% (of 6 dir-threads; 0.00% per-thread avg)  msgs=4
[CPU compute ] process=  8.72% of 80 cores   system=  8.84%   (window 2s)

----- REMOTE CPU LOAD (memory node dir-threads, 2s window) -----
  dir 0: active=  0.00%  msgs=0           0 ns/msg
  dir 1: active=  0.00%  msgs=1           442 ns/msg
  dir 2: active=  0.00%  msgs=1           245 ns/msg
  dir 3: active=  0.00%  msgs=1           637 ns/msg
  dir 4: active=  0.00%  msgs=1           314 ns/msg
  dir 5: active=  0.00%  msgs=1           483 ns/msg
  AGGREGATE active = 0.00% (of 6 dir-threads; 0.00% per-thread avg)  msgs=5
[CPU compute ] process=  8.73% of 80 cores   system=  8.77%   (window 2s)

----- REMOTE CPU LOAD (memory node dir-threads, 2s window) -----
  dir 0: active=  0.00%  msgs=0           0 ns/msg
  dir 1: active=  0.00%  msgs=2           388 ns/msg
  dir 2: active=  0.00%  msgs=0           0 ns/msg
  dir 3: active=  0.00%  msgs=1           364 ns/msg
  dir 4: active=  0.00%  msgs=0           0 ns/msg
  dir 5: active=  0.00%  msgs=1           337 ns/msg
  AGGREGATE active = 0.00% (of 6 dir-threads; 0.00% per-thread avg)  msgs=4
[CPU compute ] process=  8.74% of 80 cores   system=  8.77%   (window 2s)

----- REMOTE CPU LOAD (memory node dir-threads, 2s window) -----
  dir 0: active=  0.00%  msgs=0           0 ns/msg
  dir 1: active=  0.00%  msgs=1           406 ns/msg
  dir 2: active=  0.00%  msgs=0           0 ns/msg
  dir 3: active=  0.00%  msgs=2           344 ns/msg
  dir 4: active=  0.00%  msgs=0           0 ns/msg
  dir 5: active=  0.00%  msgs=2           406 ns/msg
  AGGREGATE active = 0.00% (of 6 dir-threads; 0.00% per-thread avg)  msgs=5
[CPU compute ] process=  8.73% of 80 cores   system=  8.77%   (window 2s)

----- REMOTE CPU LOAD (memory node dir-threads, 2s window) -----
  dir 0: active=  0.00%  msgs=0           0 ns/msg
  dir 1: active=  0.00%  msgs=2           436 ns/msg
  dir 2: active=  0.00%  msgs=0           0 ns/msg
  dir 3: active=  0.00%  msgs=2           382 ns/msg
  dir 4: active=  0.00%  msgs=0           0 ns/msg
  dir 5: active=  0.00%  msgs=1           313 ns/msg
  AGGREGATE active = 0.00% (of 6 dir-threads; 0.00% per-thread avg)  msgs=5
[CPU compute ] process=  8.72% of 80 cores   system=  8.77%   (window 2s)

----- REMOTE CPU LOAD (memory node dir-threads, 2s window) -----
  dir 0: active=  0.00%  msgs=0           0 ns/msg
  dir 1: active=  0.00%  msgs=1           235 ns/msg
  dir 2: active=  0.00%  msgs=0           0 ns/msg
  dir 3: active=  0.00%  msgs=1           296 ns/msg
  dir 4: active=  0.00%  msgs=0           0 ns/msg
  dir 5: active=  0.00%  msgs=2           369 ns/msg
  AGGREGATE active = 0.00% (of 6 dir-threads; 0.00% per-thread avg)  msgs=4
[CPU compute ] process=  8.73% of 80 cores   system=  8.77%   (window 2s)

----- REMOTE CPU LOAD (memory node dir-threads, 2s window) -----
  dir 0: active=  0.00%  msgs=1           269 ns/msg
  dir 1: active=  0.00%  msgs=1           435 ns/msg
  dir 2: active=  0.00%  msgs=1           376 ns/msg
  dir 3: active=  0.00%  msgs=1           373 ns/msg
  dir 4: active=  0.00%  msgs=1           548 ns/msg
  dir 5: active=  0.00%  msgs=0           0 ns/msg
  AGGREGATE active = 0.00% (of 6 dir-threads; 0.00% per-thread avg)  msgs=5
[CPU compute ] process=  8.73% of 80 cores   system=  8.76%   (window 2s)
Success: tree root pointer value [1, 57959068498]
Height = 22

----- REMOTE CPU LOAD (memory node dir-threads, 2s window) -----
  dir 0: active=  0.00%  msgs=2           323 ns/msg
  dir 1: active=  0.00%  msgs=0           0 ns/msg
  dir 2: active=  0.00%  msgs=1           357 ns/msg
  dir 3: active=  0.00%  msgs=0           0 ns/msg
  dir 4: active=  0.00%  msgs=1           348 ns/msg
  dir 5: active=  0.00%  msgs=0           0 ns/msg
  AGGREGATE active = 0.00% (of 6 dir-threads; 0.00% per-thread avg)  msgs=4
[CPU compute ] process=  8.73% of 80 cores   system=  8.76%   (window 2s)

----- REMOTE CPU LOAD (memory node dir-threads, 2s window) -----
  dir 0: active=  0.00%  msgs=1           351 ns/msg
  dir 1: active=  0.00%  msgs=0           0 ns/msg
  dir 2: active=  0.00%  msgs=2           263 ns/msg
  dir 3: active=  0.00%  msgs=0           0 ns/msg
  dir 4: active=  0.00%  msgs=2           396 ns/msg
  dir 5: active=  0.00%  msgs=0           0 ns/msg
  AGGREGATE active = 0.00% (of 6 dir-threads; 0.00% per-thread avg)  msgs=5
[CPU compute ] process=  8.73% of 80 cores   system=  8.77%   (window 2s)

----- REMOTE CPU LOAD (memory node dir-threads, 2s window) -----
  dir 0: active=  0.00%  msgs=2           274 ns/msg
  dir 1: active=  0.00%  msgs=0           0 ns/msg
  dir 2: active=  0.00%  msgs=1           734 ns/msg
  dir 3: active=  0.00%  msgs=0           0 ns/msg
  dir 4: active=  0.00%  msgs=1           428 ns/msg
  dir 5: active=  0.00%  msgs=0           0 ns/msg
  AGGREGATE active = 0.00% (of 6 dir-threads; 0.00% per-thread avg)  msgs=4
[CPU compute ] process=  8.73% of 80 cores   system=  8.76%   (window 2s)

----- REMOTE CPU LOAD (memory node dir-threads, 2s window) -----
  dir 0: active=  0.00%  msgs=1           320 ns/msg
  dir 1: active=  0.00%  msgs=0           0 ns/msg
  dir 2: active=  0.00%  msgs=2           248 ns/msg
  dir 3: active=  0.00%  msgs=0           0 ns/msg
  dir 4: active=  0.00%  msgs=2           312 ns/msg
  dir 5: active=  0.00%  msgs=0           0 ns/msg
  AGGREGATE active = 0.00% (of 6 dir-threads; 0.00% per-thread avg)  msgs=5
[CPU compute ] process=  8.73% of 80 cores   system=  8.76%   (window 2s)

----- REMOTE CPU LOAD (memory node dir-threads, 2s window) -----
  dir 0: active=  0.00%  msgs=1           440 ns/msg
  dir 1: active=  0.00%  msgs=1           546 ns/msg
  dir 2: active=  0.00%  msgs=1           327 ns/msg
  dir 3: active=  0.00%  msgs=0           0 ns/msg
  dir 4: active=  0.00%  msgs=0           0 ns/msg
  dir 5: active=  0.00%  msgs=1           694 ns/msg
  AGGREGATE active = 0.00% (of 6 dir-threads; 0.00% per-thread avg)  msgs=4
[CPU compute ] process=  8.73% of 80 cores   system=  8.78%   (window 2s)

----- REMOTE CPU LOAD (memory node dir-threads, 2s window) -----
  dir 0: active=  0.00%  msgs=0           0 ns/msg
  dir 1: active=  0.00%  msgs=1           373 ns/msg
  dir 2: active=  0.00%  msgs=0           0 ns/msg
  dir 3: active=  0.00%  msgs=2           436 ns/msg
  dir 4: active=  0.00%  msgs=0           0 ns/msg
  dir 5: active=  0.00%  msgs=2           389 ns/msg
  AGGREGATE active = 0.00% (of 6 dir-threads; 0.00% per-thread avg)  msgs=5
[CPU compute ] process=  8.73% of 80 cores   system=  8.78%   (window 2s)
#leaf nodes = 3846153
leaf size(MB) = 1878
#inner nodes = 3846104
inner size(MB) = 1877.98
Tree height = 22
Cache capacity = 131072
max. leaf entries = 26
max. inner entries = 5
Inner page size = 160
Leaf page size = 512
node 0 finish its bulkload
IMPORTANT: my root is 3798405513084929
0 is ready for the benchmark
I am 0
Fetched new height = 22
I am 3
I am 1
I am 11
I am 25
I am 30
I am 4
I am 2
I am 12
I am 19
I am 20
I am 14
I am 29
I am 13
I am 16
I am 5
I am 18
I am 15
I am 23
I am 28
I am 6
I am 27
I am 31
I am 24
I am 10
I am 26
I am 21
I am 17
I am 7
I am 22
I am 8
I am 9
entering dynamic phase

----- REMOTE CPU LOAD (memory node dir-threads, 2s window) -----
  dir 0: active=  0.00%  msgs=0           0 ns/msg
  dir 1: active=  0.00%  msgs=2           444 ns/msg
  dir 2: active=  0.00%  msgs=0           0 ns/msg
  dir 3: active=  0.00%  msgs=1           398 ns/msg
  dir 4: active=  0.00%  msgs=0           0 ns/msg
  dir 5: active=  0.00%  msgs=1           346 ns/msg
  AGGREGATE active = 0.00% (of 6 dir-threads; 0.00% per-thread avg)  msgs=4
[CPU compute ] process= 12.72% of 80 cores   system= 12.77%   (window 2s)

----- REMOTE CPU LOAD (memory node dir-threads, 2s window) -----
  dir 0: active=  0.00%  msgs=0           0 ns/msg
  dir 1: active=  0.00%  msgs=0           0 ns/msg
  dir 2: active=  0.00%  msgs=0           0 ns/msg
  dir 3: active=  0.00%  msgs=0           0 ns/msg
  dir 4: active=  0.00%  msgs=0           0 ns/msg
  dir 5: active=  0.00%  msgs=0           0 ns/msg
  AGGREGATE active = 0.00% (of 6 dir-threads; 0.00% per-thread avg)  msgs=0
[CPU compute ] process= 47.35% of 80 cores   system= 47.53%   (window 2s)

----- REMOTE CPU LOAD (memory node dir-threads, 2s window) -----
  dir 0: active=  0.00%  msgs=0           0 ns/msg
  dir 1: active=  0.00%  msgs=0           0 ns/msg
  dir 2: active=  0.00%  msgs=0           0 ns/msg
  dir 3: active=  0.00%  msgs=0           0 ns/msg
  dir 4: active=  0.00%  msgs=0           0 ns/msg
  dir 5: active=  0.00%  msgs=0           0 ns/msg
  AGGREGATE active = 0.00% (of 6 dir-threads; 0.00% per-thread avg)  msgs=0
[CPU compute ] process= 47.34% of 80 cores   system= 47.51%   (window 2s)

----- REMOTE CPU LOAD (memory node dir-threads, 2s window) -----
  dir 0: active=  0.00%  msgs=0           0 ns/msg
  dir 1: active=  0.00%  msgs=0           0 ns/msg
  dir 2: active=  0.00%  msgs=0           0 ns/msg
  dir 3: active=  0.00%  msgs=0           0 ns/msg
  dir 4: active=  0.00%  msgs=0           0 ns/msg
  dir 5: active=  0.00%  msgs=0           0 ns/msg
  AGGREGATE active = 0.00% (of 6 dir-threads; 0.00% per-thread avg)  msgs=0
[CPU compute ] process= 47.35% of 80 cores   system= 47.51%   (window 2s)

----- REMOTE CPU LOAD (memory node dir-threads, 2s window) -----
  dir 0: active=  0.00%  msgs=0           0 ns/msg
  dir 1: active=  0.00%  msgs=0           0 ns/msg
  dir 2: active=  0.00%  msgs=0           0 ns/msg
  dir 3: active=  0.00%  msgs=0           0 ns/msg
  dir 4: active=  0.00%  msgs=0           0 ns/msg
  dir 5: active=  0.00%  msgs=0           0 ns/msg
  AGGREGATE active = 0.00% (of 6 dir-threads; 0.00% per-thread avg)  msgs=0
[CPU compute ] process= 47.35% of 80 cores   system= 47.52%   (window 2s)

----- REMOTE CPU LOAD (memory node dir-threads, 2s window) -----
  dir 0: active=  0.00%  msgs=0           0 ns/msg
  dir 1: active=  0.00%  msgs=0           0 ns/msg
  dir 2: active=  0.00%  msgs=0           0 ns/msg
  dir 3: active=  0.00%  msgs=0           0 ns/msg
  dir 4: active=  0.00%  msgs=0           0 ns/msg
  dir 5: active=  0.00%  msgs=0           0 ns/msg
  AGGREGATE active = 0.00% (of 6 dir-threads; 0.00% per-thread avg)  msgs=0
[CPU compute ] process= 47.35% of 80 cores   system= 47.50%   (window 2s)

----- REMOTE CPU LOAD (memory node dir-threads, 2s window) -----
  dir 0: active=  0.00%  msgs=0           0 ns/msg
  dir 1: active=  0.00%  msgs=0           0 ns/msg
  dir 2: active=  0.00%  msgs=0           0 ns/msg
  dir 3: active=  0.00%  msgs=0           0 ns/msg
  dir 4: active=  0.00%  msgs=0           0 ns/msg
  dir 5: active=  0.00%  msgs=0           0 ns/msg
  AGGREGATE active = 0.00% (of 6 dir-threads; 0.00% per-thread avg)  msgs=0
[CPU compute ] process= 47.35% of 80 cores   system= 47.52%   (window 2s)

----- REMOTE CPU LOAD (memory node dir-threads, 2s window) -----
  dir 0: active=  0.00%  msgs=0           0 ns/msg
  dir 1: active=  0.00%  msgs=0           0 ns/msg
  dir 2: active=  0.00%  msgs=0           0 ns/msg
  dir 3: active=  0.00%  msgs=0           0 ns/msg
  dir 4: active=  0.00%  msgs=0           0 ns/msg
  dir 5: active=  0.00%  msgs=0           0 ns/msg
  AGGREGATE active = 0.00% (of 6 dir-threads; 0.00% per-thread avg)  msgs=0
[CPU compute ] process= 47.34% of 80 cores   system= 47.51%   (window 2s)

----- REMOTE CPU LOAD (memory node dir-threads, 2s window) -----
  dir 0: active=  0.00%  msgs=0           0 ns/msg
  dir 1: active=  0.00%  msgs=0           0 ns/msg
  dir 2: active=  0.00%  msgs=0           0 ns/msg
  dir 3: active=  0.00%  msgs=0           0 ns/msg
  dir 4: active=  0.00%  msgs=0           0 ns/msg
  dir 5: active=  0.00%  msgs=0           0 ns/msg
  AGGREGATE active = 0.00% (of 6 dir-threads; 0.00% per-thread avg)  msgs=0
[CPU compute ] process= 47.35% of 80 cores   system= 47.51%   (window 2s)

----- REMOTE CPU LOAD (memory node dir-threads, 2s window) -----
  dir 0: active=  0.00%  msgs=0           0 ns/msg
  dir 1: active=  0.00%  msgs=0           0 ns/msg
  dir 2: active=  0.00%  msgs=0           0 ns/msg
  dir 3: active=  0.00%  msgs=0           0 ns/msg
  dir 4: active=  0.00%  msgs=0           0 ns/msg
  dir 5: active=  0.00%  msgs=0           0 ns/msg
  AGGREGATE active = 0.00% (of 6 dir-threads; 0.00% per-thread avg)  msgs=0
[CPU compute ] process= 47.35% of 80 cores   system= 47.52%   (window 2s)

----- REMOTE CPU LOAD (memory node dir-threads, 2s window) -----
  dir 0: active=  0.00%  msgs=0           0 ns/msg
  dir 1: active=  0.00%  msgs=0           0 ns/msg
  dir 2: active=  0.00%  msgs=0           0 ns/msg
  dir 3: active=  0.00%  msgs=0           0 ns/msg
  dir 4: active=  0.00%  msgs=0           0 ns/msg
  dir 5: active=  0.00%  msgs=0           0 ns/msg
  AGGREGATE active = 0.00% (of 6 dir-threads; 0.00% per-thread avg)  msgs=0
[CPU compute ] process= 47.34% of 80 cores   system= 47.51%   (window 2s)

----- REMOTE CPU LOAD (memory node dir-threads, 2s window) -----
  dir 0: active=  0.00%  msgs=0           0 ns/msg
  dir 1: active=  0.00%  msgs=0           0 ns/msg
  dir 2: active=  0.00%  msgs=0           0 ns/msg
  dir 3: active=  0.00%  msgs=0           0 ns/msg
  dir 4: active=  0.00%  msgs=0           0 ns/msg
  dir 5: active=  0.00%  msgs=0           0 ns/msg
  AGGREGATE active = 0.00% (of 6 dir-threads; 0.00% per-thread avg)  msgs=0
[CPU compute ] process= 47.35% of 80 cores   system= 47.54%   (window 2s)

----- REMOTE CPU LOAD (memory node dir-threads, 2s window) -----
  dir 0: active=  0.00%  msgs=0           0 ns/msg
  dir 1: active=  0.00%  msgs=0           0 ns/msg
  dir 2: active=  0.00%  msgs=0           0 ns/msg
  dir 3: active=  0.00%  msgs=0           0 ns/msg
  dir 4: active=  0.00%  msgs=0           0 ns/msg
  dir 5: active=  0.00%  msgs=0           0 ns/msg
  AGGREGATE active = 0.00% (of 6 dir-threads; 0.00% per-thread avg)  msgs=0
[CPU compute ] process= 47.35% of 80 cores   system= 47.51%   (window 2s)
Thread_op_num = 1562500

----- REMOTE CPU LOAD (memory node dir-threads, 2s window) -----
  dir 0: active=  0.00%  msgs=0           0 ns/msg
  dir 1: active=  0.00%  msgs=0           0 ns/msg
  dir 2: active=  0.00%  msgs=0           0 ns/msg
  dir 3: active=  0.00%  msgs=0           0 ns/msg
  dir 4: active=  0.00%  msgs=0           0 ns/msg
  dir 5: active=  0.00%  msgs=0           0 ns/msg
  AGGREGATE active = 0.00% (of 6 dir-threads; 0.00% per-thread avg)  msgs=0
[CPU compute ] process= 47.35% of 80 cores   system= 47.52%   (window 2s)
node 0 finish warmup
Start collecting the statistic

----- REMOTE CPU LOAD (memory node dir-threads, 2s window) -----
  dir 0: active=  0.00%  msgs=0           0 ns/msg
  dir 1: active=  0.00%  msgs=0           0 ns/msg
  dir 2: active=  0.00%  msgs=0           0 ns/msg
  dir 3: active=  0.00%  msgs=0           0 ns/msg
  dir 4: active=  0.00%  msgs=0           0 ns/msg
  dir 5: active=  0.00%  msgs=0           0 ns/msg
  AGGREGATE active = 0.00% (of 6 dir-threads; 0.00% per-thread avg)  msgs=0
[CPU compute ] process= 47.36% of 80 cores   system= 47.50%   (window 2s)
0, throughput 0.3787
cluster throughput 0.378

----- REMOTE CPU LOAD (memory node dir-threads, 2s window) -----
  dir 0: active=  0.00%  msgs=0           0 ns/msg
  dir 1: active=  0.00%  msgs=0           0 ns/msg
  dir 2: active=  0.00%  msgs=0           0 ns/msg
  dir 3: active=  0.00%  msgs=0           0 ns/msg
  dir 4: active=  0.00%  msgs=0           0 ns/msg
  dir 5: active=  0.00%  msgs=0           0 ns/msg
  AGGREGATE active = 0.00% (of 6 dir-threads; 0.00% per-thread avg)  msgs=0
[CPU compute ] process= 47.34% of 80 cores   system= 47.51%   (window 2s)
0, throughput 0.3790
cluster throughput 0.378

----- REMOTE CPU LOAD (memory node dir-threads, 2s window) -----
  dir 0: active=  0.00%  msgs=0           0 ns/msg
  dir 1: active=  0.00%  msgs=0           0 ns/msg
  dir 2: active=  0.00%  msgs=0           0 ns/msg
  dir 3: active=  0.00%  msgs=0           0 ns/msg
  dir 4: active=  0.00%  msgs=0           0 ns/msg
  dir 5: active=  0.00%  msgs=0           0 ns/msg
  AGGREGATE active = 0.00% (of 6 dir-threads; 0.00% per-thread avg)  msgs=0
[CPU compute ] process= 47.34% of 80 cores   system= 47.52%   (window 2s)
0, throughput 0.3789
cluster throughput 0.378

----- REMOTE CPU LOAD (memory node dir-threads, 2s window) -----
  dir 0: active=  0.00%  msgs=0           0 ns/msg
  dir 1: active=  0.00%  msgs=0           0 ns/msg
  dir 2: active=  0.00%  msgs=0           0 ns/msg
  dir 3: active=  0.00%  msgs=0           0 ns/msg
  dir 4: active=  0.00%  msgs=0           0 ns/msg
  dir 5: active=  0.00%  msgs=0           0 ns/msg
  AGGREGATE active = 0.00% (of 6 dir-threads; 0.00% per-thread avg)  msgs=0
[CPU compute ] process= 47.34% of 80 cores   system= 47.52%   (window 2s)
0, throughput 0.3791
cluster throughput 0.379

----- REMOTE CPU LOAD (memory node dir-threads, 2s window) -----
  dir 0: active=  0.00%  msgs=0           0 ns/msg
  dir 1: active=  0.00%  msgs=0           0 ns/msg
  dir 2: active=  0.00%  msgs=0           0 ns/msg
  dir 3: active=  0.00%  msgs=0           0 ns/msg
  dir 4: active=  0.00%  msgs=0           0 ns/msg
  dir 5: active=  0.00%  msgs=0           0 ns/msg
  AGGREGATE active = 0.00% (of 6 dir-threads; 0.00% per-thread avg)  msgs=0
[CPU compute ] process= 47.34% of 80 cores   system= 47.50%   (window 2s)
0, throughput 0.3790
cluster throughput 0.378

----- REMOTE CPU LOAD (memory node dir-threads, 2s window) -----
  dir 0: active=  0.00%  msgs=0           0 ns/msg
  dir 1: active=  0.00%  msgs=0           0 ns/msg
  dir 2: active=  0.00%  msgs=0           0 ns/msg
  dir 3: active=  0.00%  msgs=0           0 ns/msg
  dir 4: active=  0.00%  msgs=0           0 ns/msg
  dir 5: active=  0.00%  msgs=0           0 ns/msg
  AGGREGATE active = 0.00% (of 6 dir-threads; 0.00% per-thread avg)  msgs=0
[CPU compute ] process= 47.34% of 80 cores   system= 47.53%   (window 2s)
0, throughput 0.3790
cluster throughput 0.379

----- REMOTE CPU LOAD (memory node dir-threads, 2s window) -----
  dir 0: active=  0.00%  msgs=0           0 ns/msg
  dir 1: active=  0.00%  msgs=0           0 ns/msg
  dir 2: active=  0.00%  msgs=0           0 ns/msg
  dir 3: active=  0.00%  msgs=0           0 ns/msg
  dir 4: active=  0.00%  msgs=0           0 ns/msg
  dir 5: active=  0.00%  msgs=0           0 ns/msg
  AGGREGATE active = 0.00% (of 6 dir-threads; 0.00% per-thread avg)  msgs=0
[CPU compute ] process= 47.35% of 80 cores   system= 47.51%   (window 2s)
0, throughput 0.3790
cluster throughput 0.379

----- REMOTE CPU LOAD (memory node dir-threads, 2s window) -----
  dir 0: active=  0.00%  msgs=0           0 ns/msg
  dir 1: active=  0.00%  msgs=0           0 ns/msg
  dir 2: active=  0.00%  msgs=0           0 ns/msg
  dir 3: active=  0.00%  msgs=0           0 ns/msg
  dir 4: active=  0.00%  msgs=0           0 ns/msg
  dir 5: active=  0.00%  msgs=0           0 ns/msg
  AGGREGATE active = 0.00% (of 6 dir-threads; 0.00% per-thread avg)  msgs=0
[CPU compute ] process= 47.35% of 80 cores   system= 47.52%   (window 2s)
0, throughput 0.3789
cluster throughput 0.378

----- REMOTE CPU LOAD (memory node dir-threads, 2s window) -----
  dir 0: active=  0.00%  msgs=0           0 ns/msg
  dir 1: active=  0.00%  msgs=0           0 ns/msg
  dir 2: active=  0.00%  msgs=0           0 ns/msg
  dir 3: active=  0.00%  msgs=0           0 ns/msg
  dir 4: active=  0.00%  msgs=0           0 ns/msg
  dir 5: active=  0.00%  msgs=0           0 ns/msg
  AGGREGATE active = 0.00% (of 6 dir-threads; 0.00% per-thread avg)  msgs=0
[CPU compute ] process= 47.35% of 80 cores   system= 47.51%   (window 2s)
0, throughput 0.3791
cluster throughput 0.379

----- REMOTE CPU LOAD (memory node dir-threads, 2s window) -----
  dir 0: active=  0.00%  msgs=0           0 ns/msg
  dir 1: active=  0.00%  msgs=0           0 ns/msg
  dir 2: active=  0.00%  msgs=0           0 ns/msg
  dir 3: active=  0.00%  msgs=0           0 ns/msg
  dir 4: active=  0.00%  msgs=0           0 ns/msg
  dir 5: active=  0.00%  msgs=0           0 ns/msg
  AGGREGATE active = 0.00% (of 6 dir-threads; 0.00% per-thread avg)  msgs=0
[CPU compute ] process= 47.33% of 80 cores   system= 47.51%   (window 2s)
0, throughput 0.3789
cluster throughput 0.378

----- REMOTE CPU LOAD (memory node dir-threads, 2s window) -----
  dir 0: active=  0.00%  msgs=0           0 ns/msg
  dir 1: active=  0.00%  msgs=0           0 ns/msg
  dir 2: active=  0.00%  msgs=0           0 ns/msg
  dir 3: active=  0.00%  msgs=0           0 ns/msg
  dir 4: active=  0.00%  msgs=0           0 ns/msg
  dir 5: active=  0.00%  msgs=0           0 ns/msg
  AGGREGATE active = 0.00% (of 6 dir-threads; 0.00% per-thread avg)  msgs=0
[CPU compute ] process= 47.35% of 80 cores   system= 47.52%   (window 2s)
0, throughput 0.3790
cluster throughput 0.379

----- REMOTE CPU LOAD (memory node dir-threads, 2s window) -----
  dir 0: active=  0.00%  msgs=0           0 ns/msg
  dir 1: active=  0.00%  msgs=0           0 ns/msg
  dir 2: active=  0.00%  msgs=0           0 ns/msg
  dir 3: active=  0.00%  msgs=0           0 ns/msg
  dir 4: active=  0.00%  msgs=0           0 ns/msg
  dir 5: active=  0.00%  msgs=0           0 ns/msg
  AGGREGATE active = 0.00% (of 6 dir-threads; 0.00% per-thread avg)  msgs=0
[CPU compute ] process= 47.34% of 80 cores   system= 47.51%   (window 2s)
0, throughput 0.3791
cluster throughput 0.379

----- REMOTE CPU LOAD (memory node dir-threads, 2s window) -----
  dir 0: active=  0.00%  msgs=0           0 ns/msg
  dir 1: active=  0.00%  msgs=0           0 ns/msg
  dir 2: active=  0.00%  msgs=0           0 ns/msg
  dir 3: active=  0.00%  msgs=0           0 ns/msg
  dir 4: active=  0.00%  msgs=0           0 ns/msg
  dir 5: active=  0.00%  msgs=0           0 ns/msg
  AGGREGATE active = 0.00% (of 6 dir-threads; 0.00% per-thread avg)  msgs=0
[CPU compute ] process= 47.34% of 80 cores   system= 47.51%   (window 2s)
0, throughput 0.3790
cluster throughput 0.378

----- REMOTE CPU LOAD (memory node dir-threads, 2s window) -----
  dir 0: active=  0.00%  msgs=0           0 ns/msg
  dir 1: active=  0.00%  msgs=0           0 ns/msg
  dir 2: active=  0.00%  msgs=0           0 ns/msg
  dir 3: active=  0.00%  msgs=0           0 ns/msg
  dir 4: active=  0.00%  msgs=0           0 ns/msg
  dir 5: active=  0.00%  msgs=0           0 ns/msg
  AGGREGATE active = 0.00% (of 6 dir-threads; 0.00% per-thread avg)  msgs=0
[CPU compute ] process= 47.34% of 80 cores   system= 47.52%   (window 2s)
0, throughput 0.3790
cluster throughput 0.378

----- REMOTE CPU LOAD (memory node dir-threads, 2s window) -----
  dir 0: active=  0.00%  msgs=0           0 ns/msg
  dir 1: active=  0.00%  msgs=0           0 ns/msg
  dir 2: active=  0.00%  msgs=0           0 ns/msg
  dir 3: active=  0.00%  msgs=0           0 ns/msg
  dir 4: active=  0.00%  msgs=0           0 ns/msg
  dir 5: active=  0.00%  msgs=0           0 ns/msg
  AGGREGATE active = 0.00% (of 6 dir-threads; 0.00% per-thread avg)  msgs=0
[CPU compute ] process= 47.35% of 80 cores   system= 47.51%   (window 2s)
0, throughput 0.3789
cluster throughput 0.378

----- REMOTE CPU LOAD (memory node dir-threads, 2s window) -----
  dir 0: active=  0.00%  msgs=0           0 ns/msg
  dir 1: active=  0.00%  msgs=0           0 ns/msg
  dir 2: active=  0.00%  msgs=0           0 ns/msg
  dir 3: active=  0.00%  msgs=0           0 ns/msg
  dir 4: active=  0.00%  msgs=0           0 ns/msg
  dir 5: active=  0.00%  msgs=0           0 ns/msg
  AGGREGATE active = 0.00% (of 6 dir-threads; 0.00% per-thread avg)  msgs=0
[CPU compute ] process= 47.34% of 80 cores   system= 47.52%   (window 2s)
0, throughput 0.3792
cluster throughput 0.379

----- REMOTE CPU LOAD (memory node dir-threads, 2s window) -----
  dir 0: active=  0.00%  msgs=0           0 ns/msg
  dir 1: active=  0.00%  msgs=0           0 ns/msg
  dir 2: active=  0.00%  msgs=0           0 ns/msg
  dir 3: active=  0.00%  msgs=0           0 ns/msg
  dir 4: active=  0.00%  msgs=0           0 ns/msg
  dir 5: active=  0.00%  msgs=0           0 ns/msg
  AGGREGATE active = 0.00% (of 6 dir-threads; 0.00% per-thread avg)  msgs=0
[CPU compute ] process= 47.34% of 80 cores   system= 47.51%   (window 2s)
0, throughput 0.3788
cluster throughput 0.378

----- REMOTE CPU LOAD (memory node dir-threads, 2s window) -----
  dir 0: active=  0.00%  msgs=0           0 ns/msg
  dir 1: active=  0.00%  msgs=0           0 ns/msg
  dir 2: active=  0.00%  msgs=0           0 ns/msg
  dir 3: active=  0.00%  msgs=0           0 ns/msg
  dir 4: active=  0.00%  msgs=0           0 ns/msg
  dir 5: active=  0.00%  msgs=0           0 ns/msg
  AGGREGATE active = 0.00% (of 6 dir-threads; 0.00% per-thread avg)  msgs=0
[CPU compute ] process= 47.34% of 80 cores   system= 47.51%   (window 2s)
0, throughput 0.3792
cluster throughput 0.379

----- REMOTE CPU LOAD (memory node dir-threads, 2s window) -----
  dir 0: active=  0.00%  msgs=0           0 ns/msg
  dir 1: active=  0.00%  msgs=0           0 ns/msg
  dir 2: active=  0.00%  msgs=0           0 ns/msg
  dir 3: active=  0.00%  msgs=0           0 ns/msg
  dir 4: active=  0.00%  msgs=0           0 ns/msg
  dir 5: active=  0.00%  msgs=0           0 ns/msg
  AGGREGATE active = 0.00% (of 6 dir-threads; 0.00% per-thread avg)  msgs=0
[CPU compute ] process= 47.35% of 80 cores   system= 47.52%   (window 2s)
0, throughput 0.3792
cluster throughput 0.379

----- REMOTE CPU LOAD (memory node dir-threads, 2s window) -----
  dir 0: active=  0.00%  msgs=0           0 ns/msg
  dir 1: active=  0.00%  msgs=0           0 ns/msg
  dir 2: active=  0.00%  msgs=0           0 ns/msg
  dir 3: active=  0.00%  msgs=0           0 ns/msg
  dir 4: active=  0.00%  msgs=0           0 ns/msg
  dir 5: active=  0.00%  msgs=0           0 ns/msg
  AGGREGATE active = 0.00% (of 6 dir-threads; 0.00% per-thread avg)  msgs=0
[CPU compute ] process= 47.34% of 80 cores   system= 47.51%   (window 2s)
0, throughput 0.3788
cluster throughput 0.378

----- REMOTE CPU LOAD (memory node dir-threads, 2s window) -----
  dir 0: active=  0.00%  msgs=0           0 ns/msg
  dir 1: active=  0.00%  msgs=0           0 ns/msg
  dir 2: active=  0.00%  msgs=0           0 ns/msg
  dir 3: active=  0.00%  msgs=0           0 ns/msg
  dir 4: active=  0.00%  msgs=0           0 ns/msg
  dir 5: active=  0.00%  msgs=0           0 ns/msg
  AGGREGATE active = 0.00% (of 6 dir-threads; 0.00% per-thread avg)  msgs=0
[CPU compute ] process= 47.34% of 80 cores   system= 47.51%   (window 2s)
0, throughput 0.3788
cluster throughput 0.378

----- REMOTE CPU LOAD (memory node dir-threads, 2s window) -----
  dir 0: active=  0.00%  msgs=0           0 ns/msg
  dir 1: active=  0.00%  msgs=0           0 ns/msg
  dir 2: active=  0.00%  msgs=0           0 ns/msg
  dir 3: active=  0.00%  msgs=0           0 ns/msg
  dir 4: active=  0.00%  msgs=0           0 ns/msg
  dir 5: active=  0.00%  msgs=0           0 ns/msg
  AGGREGATE active = 0.00% (of 6 dir-threads; 0.00% per-thread avg)  msgs=0
[CPU compute ] process= 47.35% of 80 cores   system= 47.52%   (window 2s)
0, throughput 0.3789
cluster throughput 0.378

----- REMOTE CPU LOAD (memory node dir-threads, 2s window) -----
  dir 0: active=  0.00%  msgs=0           0 ns/msg
  dir 1: active=  0.00%  msgs=0           0 ns/msg
  dir 2: active=  0.00%  msgs=0           0 ns/msg
  dir 3: active=  0.00%  msgs=0           0 ns/msg
  dir 4: active=  0.00%  msgs=0           0 ns/msg
  dir 5: active=  0.00%  msgs=0           0 ns/msg
  AGGREGATE active = 0.00% (of 6 dir-threads; 0.00% per-thread avg)  msgs=0
[CPU compute ] process= 47.34% of 80 cores   system= 47.51%   (window 2s)
0, throughput 0.3792
cluster throughput 0.379

----- REMOTE CPU LOAD (memory node dir-threads, 2s window) -----
  dir 0: active=  0.00%  msgs=0           0 ns/msg
  dir 1: active=  0.00%  msgs=0           0 ns/msg
  dir 2: active=  0.00%  msgs=0           0 ns/msg
  dir 3: active=  0.00%  msgs=0           0 ns/msg
  dir 4: active=  0.00%  msgs=0           0 ns/msg
  dir 5: active=  0.00%  msgs=0           0 ns/msg
  AGGREGATE active = 0.00% (of 6 dir-threads; 0.00% per-thread avg)  msgs=0
[CPU compute ] process= 47.35% of 80 cores   system= 47.51%   (window 2s)
0, throughput 0.3790
cluster throughput 0.378

----- REMOTE CPU LOAD (memory node dir-threads, 2s window) -----
  dir 0: active=  0.00%  msgs=0           0 ns/msg
  dir 1: active=  0.00%  msgs=0           0 ns/msg
  dir 2: active=  0.00%  msgs=0           0 ns/msg
  dir 3: active=  0.00%  msgs=0           0 ns/msg
  dir 4: active=  0.00%  msgs=0           0 ns/msg
  dir 5: active=  0.00%  msgs=0           0 ns/msg
  AGGREGATE active = 0.00% (of 6 dir-threads; 0.00% per-thread avg)  msgs=0
[CPU compute ] process= 47.34% of 80 cores   system= 47.52%   (window 2s)
0, throughput 0.3789
cluster throughput 0.378

----- REMOTE CPU LOAD (memory node dir-threads, 2s window) -----
  dir 0: active=  0.00%  msgs=0           0 ns/msg
  dir 1: active=  0.00%  msgs=0           0 ns/msg
  dir 2: active=  0.00%  msgs=0           0 ns/msg
  dir 3: active=  0.00%  msgs=0           0 ns/msg
  dir 4: active=  0.00%  msgs=0           0 ns/msg
  dir 5: active=  0.00%  msgs=0           0 ns/msg
  AGGREGATE active = 0.00% (of 6 dir-threads; 0.00% per-thread avg)  msgs=0
[CPU compute ] process= 47.34% of 80 cores   system= 47.50%   (window 2s)
0, throughput 0.3791
cluster throughput 0.379

----- REMOTE CPU LOAD (memory node dir-threads, 2s window) -----
  dir 0: active=  0.00%  msgs=0           0 ns/msg
  dir 1: active=  0.00%  msgs=0           0 ns/msg
  dir 2: active=  0.00%  msgs=0           0 ns/msg
  dir 3: active=  0.00%  msgs=0           0 ns/msg
  dir 4: active=  0.00%  msgs=0           0 ns/msg
  dir 5: active=  0.00%  msgs=0           0 ns/msg
  AGGREGATE active = 0.00% (of 6 dir-threads; 0.00% per-thread avg)  msgs=0
[CPU compute ] process= 47.34% of 80 cores   system= 47.52%   (window 2s)
0, throughput 0.3791
cluster throughput 0.379

----- REMOTE CPU LOAD (memory node dir-threads, 2s window) -----
  dir 0: active=  0.00%  msgs=0           0 ns/msg
  dir 1: active=  0.00%  msgs=0           0 ns/msg
  dir 2: active=  0.00%  msgs=0           0 ns/msg
  dir 3: active=  0.00%  msgs=0           0 ns/msg
  dir 4: active=  0.00%  msgs=0           0 ns/msg
  dir 5: active=  0.00%  msgs=0           0 ns/msg
  AGGREGATE active = 0.00% (of 6 dir-threads; 0.00% per-thread avg)  msgs=0
[CPU compute ] process= 47.35% of 80 cores   system= 47.51%   (window 2s)
0, throughput 0.3788
cluster throughput 0.378

----- REMOTE CPU LOAD (memory node dir-threads, 2s window) -----
  dir 0: active=  0.00%  msgs=0           0 ns/msg
  dir 1: active=  0.00%  msgs=0           0 ns/msg
  dir 2: active=  0.00%  msgs=0           0 ns/msg
  dir 3: active=  0.00%  msgs=0           0 ns/msg
  dir 4: active=  0.00%  msgs=0           0 ns/msg
  dir 5: active=  0.00%  msgs=0           0 ns/msg
  AGGREGATE active = 0.00% (of 6 dir-threads; 0.00% per-thread avg)  msgs=0
[CPU compute ] process= 47.34% of 80 cores   system= 47.51%   (window 2s)
0, throughput 0.3789
cluster throughput 0.378

----- REMOTE CPU LOAD (memory node dir-threads, 2s window) -----
  dir 0: active=  0.00%  msgs=0           0 ns/msg
  dir 1: active=  0.00%  msgs=0           0 ns/msg
  dir 2: active=  0.00%  msgs=0           0 ns/msg
  dir 3: active=  0.00%  msgs=0           0 ns/msg
  dir 4: active=  0.00%  msgs=0           0 ns/msg
  dir 5: active=  0.00%  msgs=0           0 ns/msg
  AGGREGATE active = 0.00% (of 6 dir-threads; 0.00% per-thread avg)  msgs=0
[CPU compute ] process= 47.35% of 80 cores   system= 47.52%   (window 2s)
0, throughput 0.3789
cluster throughput 0.378

----- REMOTE CPU LOAD (memory node dir-threads, 2s window) -----
  dir 0: active=  0.00%  msgs=0           0 ns/msg
  dir 1: active=  0.00%  msgs=0           0 ns/msg
  dir 2: active=  0.00%  msgs=0           0 ns/msg
  dir 3: active=  0.00%  msgs=0           0 ns/msg
  dir 4: active=  0.00%  msgs=0           0 ns/msg
  dir 5: active=  0.00%  msgs=0           0 ns/msg
  AGGREGATE active = 0.00% (of 6 dir-threads; 0.00% per-thread avg)  msgs=0
[CPU compute ] process= 47.35% of 80 cores   system= 47.51%   (window 2s)
0, throughput 0.3790
cluster throughput 0.379
Running time is larger than 60seconds

----- REMOTE CPU LOAD (memory node dir-threads, 2s window) -----
  dir 0: active=  0.00%  msgs=0           0 ns/msg
  dir 1: active=  0.00%  msgs=0           0 ns/msg
  dir 2: active=  0.00%  msgs=0           0 ns/msg
  dir 3: active=  0.00%  msgs=0           0 ns/msg
  dir 4: active=  0.00%  msgs=0           0 ns/msg
  dir 5: active=  0.00%  msgs=0           0 ns/msg
  AGGREGATE active = 0.00% (of 6 dir-threads; 0.00% per-thread avg)  msgs=0
[CPU compute ] process= 43.02% of 80 cores   system= 43.19%   (window 2s)

==================== LATENCY BUCKETS (500 ns) [node 0] ====================
[RANGE]
  ALL                n=23499961   mean=   84.39us  p50=  85.00us  p90= 100.00us  p99= 114.00us  p99.9= 125.00us  max>=1000.00us
  LOCAL (cache hit)         (no samples)
  REMOTE (miss/rpc)  n=23499961   mean=   84.39us  p50=  85.00us  p90= 100.00us  p99= 114.00us  p99.9= 125.00us  max>=1000.00us
[ALL OPS]
  ALL                n=23499961   mean=   84.39us  p50=  85.00us  p90= 100.00us  p99= 114.00us  p99.9= 125.00us  max>=1000.00us
  LOCAL (cache hit)         (no samples)
  REMOTE (miss/rpc)  n=23499961   mean=   84.39us  p50=  85.00us  p90= 100.00us  p99= 114.00us  p99.9= 125.00us  max>=1000.00us

----- 500 ns bucket CDF (all ops) [node 0] -----
  bucket [lo,hi) ns             count        pct       cdf
  [    12000,    12500)            1    0.0000%   0.0000%
  [    13000,    13500)            2    0.0000%   0.0000%
  [    13500,    14000)            2    0.0000%   0.0000%
  [    14000,    14500)            1    0.0000%   0.0000%
  [    14500,    15000)            3    0.0000%   0.0000%
  [    15000,    15500)            2    0.0000%   0.0000%
  [    15500,    16000)            1    0.0000%   0.0001%
  [    16000,    16500)           11    0.0000%   0.0001%
  [    16500,    17000)            8    0.0000%   0.0001%
  [    17000,    17500)           16    0.0001%   0.0002%
  [    17500,    18000)           22    0.0001%   0.0003%
  [    18000,    18500)           35    0.0001%   0.0004%
  [    18500,    19000)           40    0.0002%   0.0006%
  [    19000,    19500)           92    0.0004%   0.0010%
  [    19500,    20000)          104    0.0004%   0.0014%
  [    20000,    20500)          121    0.0005%   0.0020%
  [    20500,    21000)          180    0.0008%   0.0027%
  [    21000,    21500)          224    0.0010%   0.0037%
  [    21500,    22000)          295    0.0013%   0.0049%
  [    22000,    22500)          352    0.0015%   0.0064%
  [    22500,    23000)          414    0.0018%   0.0082%
  [    23000,    23500)          539    0.0023%   0.0105%
  [    23500,    24000)          659    0.0028%   0.0133%
  [    24000,    24500)          703    0.0030%   0.0163%
  [    24500,    25000)          850    0.0036%   0.0199%
  [    25000,    25500)          976    0.0042%   0.0241%
  [    25500,    26000)         1162    0.0049%   0.0290%
  [    26000,    26500)         1220    0.0052%   0.0342%
  [    26500,    27000)         1363    0.0058%   0.0400%
  [    27000,    27500)         1525    0.0065%   0.0465%
  [    27500,    28000)         1638    0.0070%   0.0535%
  [    28000,    28500)         1759    0.0075%   0.0609%
  [    28500,    29000)         1959    0.0083%   0.0693%
  [    29000,    29500)         2085    0.0089%   0.0781%
  [    29500,    30000)         2198    0.0094%   0.0875%
  [    30000,    30500)         2396    0.0102%   0.0977%
  [    30500,    31000)         2448    0.0104%   0.1081%
  [    31000,    31500)         2611    0.0111%   0.1192%
  [    31500,    32000)         2718    0.0116%   0.1308%
  [    32000,    32500)         2905    0.0124%   0.1431%
  [    32500,    33000)         3016    0.0128%   0.1560%
  [    33000,    33500)         3162    0.0135%   0.1694%
  [    33500,    34000)         3320    0.0141%   0.1836%
  [    34000,    34500)         3519    0.0150%   0.1985%
  [    34500,    35000)         3561    0.0152%   0.2137%
  [    35000,    35500)         3808    0.0162%   0.2299%
  [    35500,    36000)         3990    0.0170%   0.2469%
  [    36000,    36500)         4137    0.0176%   0.2645%
  [    36500,    37000)         4250    0.0181%   0.2826%
  [    37000,    37500)         4549    0.0194%   0.3019%
  [    37500,    38000)         4883    0.0208%   0.3227%
  [    38000,    38500)         4937    0.0210%   0.3437%
  [    38500,    39000)         5272    0.0224%   0.3661%
  [    39000,    39500)         5572    0.0237%   0.3899%
  [    39500,    40000)         5737    0.0244%   0.4143%
  [    40000,    40500)         5855    0.0249%   0.4392%
  [    40500,    41000)         5913    0.0252%   0.4643%
  [    41000,    41500)         6213    0.0264%   0.4908%
  [    41500,    42000)         6585    0.0280%   0.5188%
  [    42000,    42500)         6726    0.0286%   0.5474%
  [    42500,    43000)         7025    0.0299%   0.5773%
  [    43000,    43500)         7098    0.0302%   0.6075%
  [    43500,    44000)         7356    0.0313%   0.6388%
  [    44000,    44500)         7537    0.0321%   0.6709%
  [    44500,    45000)         7982    0.0340%   0.7049%
  [    45000,    45500)         8115    0.0345%   0.7394%
  [    45500,    46000)         8548    0.0364%   0.7758%
  [    46000,    46500)         8800    0.0374%   0.8132%
  [    46500,    47000)         9417    0.0401%   0.8533%
  [    47000,    47500)         9434    0.0401%   0.8934%
  [    47500,    48000)        10076    0.0429%   0.9363%
  [    48000,    48500)        10628    0.0452%   0.9815%
  [    48500,    49000)        11248    0.0479%   1.0294%
  [    49000,    49500)        11670    0.0497%   1.0791%
  [    49500,    50000)        12210    0.0520%   1.1310%
  [    50000,    50500)        12981    0.0552%   1.1863%
  [    50500,    51000)        13523    0.0575%   1.2438%
  [    51000,    51500)        14487    0.0616%   1.3054%
  [    51500,    52000)        15204    0.0647%   1.3701%
  [    52000,    52500)        16339    0.0695%   1.4397%
  [    52500,    53000)        17131    0.0729%   1.5126%
  [    53000,    53500)        18227    0.0776%   1.5901%
  [    53500,    54000)        19195    0.0817%   1.6718%
  [    54000,    54500)        20410    0.0869%   1.7587%
  [    54500,    55000)        21661    0.0922%   1.8508%
  [    55000,    55500)        23414    0.0996%   1.9505%
  [    55500,    56000)        24356    0.1036%   2.0541%
  [    56000,    56500)        25890    0.1102%   2.1643%
  [    56500,    57000)        27903    0.1187%   2.2830%
  [    57000,    57500)        30190    0.1285%   2.4115%
  [    57500,    58000)        31939    0.1359%   2.5474%
  [    58000,    58500)        34588    0.1472%   2.6946%
  [    58500,    59000)        36689    0.1561%   2.8507%
  [    59000,    59500)        39304    0.1673%   3.0180%
  [    59500,    60000)        41631    0.1772%   3.1951%
  [    60000,    60500)        44313    0.1886%   3.3837%
  [    60500,    61000)        47541    0.2023%   3.5860%
  [    61000,    61500)        50842    0.2163%   3.8023%
  [    61500,    62000)        54329    0.2312%   4.0335%
  [    62000,    62500)        57917    0.2465%   4.2800%
  [    62500,    63000)        62154    0.2645%   4.5445%
  [    63000,    63500)        67096    0.2855%   4.8300%
  [    63500,    64000)        72005    0.3064%   5.1364%
  [    64000,    64500)        76703    0.3264%   5.4628%
  [    64500,    65000)        82275    0.3501%   5.8129%
  [    65000,    65500)        87399    0.3719%   6.1848%
  [    65500,    66000)        94292    0.4012%   6.5860%
  [    66000,    66500)       100830    0.4291%   7.0151%
  [    66500,    67000)       106886    0.4548%   7.4699%
  [    67000,    67500)       114443    0.4870%   7.9569%
  [    67500,    68000)       120693    0.5136%   8.4705%
  [    68000,    68500)       129287    0.5502%   9.0207%
  [    68500,    69000)       136524    0.5810%   9.6016%
  [    69000,    69500)       145036    0.6172%  10.2188%
  [    69500,    70000)       155382    0.6612%  10.8800%
  [    70000,    70500)       165072    0.7024%  11.5824%
  [    70500,    71000)       175459    0.7466%  12.3291%
  [    71000,    71500)       185200    0.7881%  13.1172%
  [    71500,    72000)       196972    0.8382%  13.9553%
  [    72000,    72500)       209187    0.8902%  14.8455%
  [    72500,    73000)       220171    0.9369%  15.7824%
  [    73000,    73500)       231440    0.9849%  16.7673%
  [    73500,    74000)       242515    1.0320%  17.7992%
  [    74000,    74500)       255008    1.0851%  18.8844%
  [    74500,    75000)       266777    1.1352%  20.0196%
  [    75000,    75500)       278882    1.1867%  21.2063%
  [    75500,    76000)       292023    1.2427%  22.4490%
  [    76000,    76500)       304810    1.2971%  23.7461%
  [    76500,    77000)       315119    1.3409%  25.0870%
  [    77000,    77500)       326100    1.3877%  26.4747%
  [    77500,    78000)       337284    1.4353%  27.9099%
  [    78000,    78500)       351229    1.4946%  29.4045%
  [    78500,    79000)       360376    1.5335%  30.9380%
  [    79000,    79500)       368953    1.5700%  32.5080%
  [    79500,    80000)       374918    1.5954%  34.1034%
  [    80000,    80500)       385357    1.6398%  35.7433%
  [    80500,    81000)       392938    1.6721%  37.4153%
  [    81000,    81500)       399604    1.7004%  39.1158%
  [    81500,    82000)       405063    1.7237%  40.8395%
  [    82000,    82500)       409609    1.7430%  42.5825%
  [    82500,    83000)       411960    1.7530%  44.3355%
  [    83000,    83500)       413432    1.7593%  46.0948%
  [    83500,    84000)       413488    1.7595%  47.8543%
  [    84000,    84500)       415435    1.7678%  49.6221%
  [    84500,    85000)       418476    1.7808%  51.4029%
  [    85000,    85500)       415636    1.7687%  53.1715%
  [    85500,    86000)       412792    1.7566%  54.9281%
  [    86000,    86500)       408509    1.7383%  56.6664%
  [    86500,    87000)       406099    1.7281%  58.3945%
  [    87000,    87500)       403646    1.7176%  60.1122%
  [    87500,    88000)       397135    1.6899%  61.8021%
  [    88000,    88500)       389627    1.6580%  63.4601%
  [    88500,    89000)       381658    1.6241%  65.0842%
  [    89000,    89500)       374539    1.5938%  66.6780%
  [    89500,    90000)       366078    1.5578%  68.2357%
  [    90000,    90500)       356960    1.5190%  69.7547%
  [    90500,    91000)       348650    1.4836%  71.2383%
  [    91000,    91500)       340015    1.4469%  72.6852%
  [    91500,    92000)       328808    1.3992%  74.0844%
  [    92000,    92500)       316224    1.3456%  75.4300%
  [    92500,    93000)       307356    1.3079%  76.7379%
  [    93000,    93500)       297614    1.2664%  78.0044%
  [    93500,    94000)       288728    1.2286%  79.2330%
  [    94000,    94500)       276883    1.1782%  80.4112%
  [    94500,    95000)       264521    1.1256%  81.5369%
  [    95000,    95500)       253566    1.0790%  82.6159%
  [    95500,    96000)       243612    1.0366%  83.6525%
  [    96000,    96500)       232968    0.9914%  84.6439%
  [    96500,    97000)       223074    0.9493%  85.5931%
  [    97000,    97500)       211754    0.9011%  86.4942%
  [    97500,    98000)       202102    0.8600%  87.3542%
  [    98000,    98500)       191516    0.8150%  88.1692%
  [    98500,    99000)       181880    0.7740%  88.9431%
  [    99000,    99500)       173736    0.7393%  89.6825%
  [    99500,   100000)       164221    0.6988%  90.3813%
  [   100000,   100500)       155571    0.6620%  91.0433%
  [   100500,   101000)       145036    0.6172%  91.6604%
  [   101000,   101500)       136986    0.5829%  92.2434%
  [   101500,   102000)       130030    0.5533%  92.7967%
  [   102000,   102500)       122896    0.5230%  93.3196%
  [   102500,   103000)       114951    0.4892%  93.8088%
  [   103000,   103500)       107237    0.4563%  94.2651%
  [   103500,   104000)       100542    0.4278%  94.6930%
  [   104000,   104500)        94638    0.4027%  95.0957%
  [   104500,   105000)        88350    0.3760%  95.4716%
  [   105000,   105500)        82124    0.3495%  95.8211%
  [   105500,   106000)        76848    0.3270%  96.1481%
  [   106000,   106500)        71801    0.3055%  96.4537%
  [   106500,   107000)        66217    0.2818%  96.7354%
  [   107000,   107500)        60827    0.2588%  96.9943%
  [   107500,   108000)        57000    0.2426%  97.2368%
  [   108000,   108500)        53350    0.2270%  97.4638%
  [   108500,   109000)        49595    0.2110%  97.6749%
  [   109000,   109500)        45662    0.1943%  97.8692%
  [   109500,   110000)        41907    0.1783%  98.0475%
  [   110000,   110500)        38956    0.1658%  98.2133%
  [   110500,   111000)        35843    0.1525%  98.3658%
  [   111000,   111500)        33306    0.1417%  98.5075%
  [   111500,   112000)        30504    0.1298%  98.6374%
  [   112000,   112500)        28423    0.1209%  98.7583%
  [   112500,   113000)        25672    0.1092%  98.8675%
  [   113000,   113500)        23616    0.1005%  98.9680%
  [   113500,   114000)        22110    0.0941%  99.0621%
  [   114000,   114500)        20045    0.0853%  99.1474%
  [   114500,   115000)        18484    0.0787%  99.2261%
  [   115000,   115500)        16833    0.0716%  99.2977%
  [   115500,   116000)        15523    0.0661%  99.3638%
  [   116000,   116500)        13994    0.0595%  99.4233%
  [   116500,   117000)        12726    0.0542%  99.4775%
  [   117000,   117500)        11670    0.0497%  99.5271%
  [   117500,   118000)        10604    0.0451%  99.5722%
  [   118000,   118500)         9589    0.0408%  99.6131%
  [   118500,   119000)         8914    0.0379%  99.6510%
  [   119000,   119500)         7998    0.0340%  99.6850%
  [   119500,   120000)         7283    0.0310%  99.7160%
  [   120000,   120500)         6500    0.0277%  99.7437%
  [   120500,   121000)         6005    0.0256%  99.7692%
  [   121000,   121500)         5227    0.0222%  99.7915%
  [   121500,   122000)         4808    0.0205%  99.8119%
  [   122000,   122500)         4476    0.0190%  99.8310%
  [   122500,   123000)         4056    0.0173%  99.8482%
  [   123000,   123500)         3547    0.0151%  99.8633%
  [   123500,   124000)         3271    0.0139%  99.8772%
  [   124000,   124500)         2829    0.0120%  99.8893%
  [   124500,   125000)         2655    0.0113%  99.9006%
  [   125000,   125500)         2489    0.0106%  99.9112%
  [   125500,   126000)         2167    0.0092%  99.9204%
  [   126000,   126500)         1904    0.0081%  99.9285%
  [   126500,   127000)         1681    0.0072%  99.9356%
  [   127000,   127500)         1531    0.0065%  99.9422%
  [   127500,   128000)         1397    0.0059%  99.9481%
  [   128000,   128500)         1286    0.0055%  99.9536%
  [   128500,   129000)         1115    0.0047%  99.9583%
  [   129000,   129500)          978    0.0042%  99.9625%
  [   129500,   130000)          907    0.0039%  99.9663%
  [   130000,   130500)          827    0.0035%  99.9699%
  [   130500,   131000)          686    0.0029%  99.9728%
  [   131000,   131500)          620    0.0026%  99.9754%
  [   131500,   132000)          589    0.0025%  99.9779%
  [   132000,   132500)          518    0.0022%  99.9801%
  [   132500,   133000)          420    0.0018%  99.9819%
  [   133000,   133500)          377    0.0016%  99.9835%
  [   133500,   134000)          348    0.0015%  99.9850%
  [   134000,   134500)          292    0.0012%  99.9862%
  [   134500,   135000)          286    0.0012%  99.9875%
  [   135000,   135500)          276    0.0012%  99.9886%
  [   135500,   136000)          243    0.0010%  99.9897%
  [   136000,   136500)          232    0.0010%  99.9907%
  [   136500,   137000)          175    0.0007%  99.9914%
  [   137000,   137500)          142    0.0006%  99.9920%
  [   137500,   138000)          138    0.0006%  99.9926%
  [   138000,   138500)          108    0.0005%  99.9931%
  [   138500,   139000)           88    0.0004%  99.9934%
  [   139000,   139500)          101    0.0004%  99.9939%
  [   139500,   140000)           80    0.0003%  99.9942%
  [   140000,   140500)           77    0.0003%  99.9945%
  [   140500,   141000)           57    0.0002%  99.9948%
  [   141000,   141500)           66    0.0003%  99.9951%
  [   141500,   142000)           47    0.0002%  99.9953%
  [   142000,   142500)           48    0.0002%  99.9955%
  [   142500,   143000)           39    0.0002%  99.9956%
  [   143000,   143500)           43    0.0002%  99.9958%
  [   143500,   144000)           44    0.0002%  99.9960%
  [   144000,   144500)           31    0.0001%  99.9961%
  [   144500,   145000)           38    0.0002%  99.9963%
  [   145000,   145500)           30    0.0001%  99.9964%
  [   145500,   146000)           22    0.0001%  99.9965%
  [   146000,   146500)           23    0.0001%  99.9966%
  [   146500,   147000)           18    0.0001%  99.9967%
  [   147000,   147500)           19    0.0001%  99.9968%
  [   147500,   148000)           15    0.0001%  99.9968%
  [   148000,   148500)           17    0.0001%  99.9969%
  [   148500,   149000)           15    0.0001%  99.9970%
  [   149000,   149500)           16    0.0001%  99.9970%
  [   149500,   150000)           15    0.0001%  99.9971%
  [   150000,   150500)           17    0.0001%  99.9972%
  [   150500,   151000)           14    0.0001%  99.9972%
  [   151000,   151500)           10    0.0000%  99.9973%
  [   151500,   152000)           18    0.0001%  99.9973%
  [   152000,   152500)           12    0.0001%  99.9974%
  [   152500,   153000)           19    0.0001%  99.9975%
  [   153000,   153500)           19    0.0001%  99.9976%
  [   153500,   154000)           19    0.0001%  99.9976%
  [   154000,   154500)           10    0.0000%  99.9977%
  [   154500,   155000)           14    0.0001%  99.9977%
  [   155000,   155500)           16    0.0001%  99.9978%
  [   155500,   156000)           12    0.0001%  99.9979%
  [   156000,   156500)           19    0.0001%  99.9979%
  [   156500,   157000)           15    0.0001%  99.9980%
  [   157000,   157500)            9    0.0000%  99.9980%
  [   157500,   158000)           12    0.0001%  99.9981%
  [   158000,   158500)           15    0.0001%  99.9982%
  [   158500,   159000)           11    0.0000%  99.9982%
  [   159000,   159500)           14    0.0001%  99.9983%
  [   159500,   160000)           16    0.0001%  99.9983%
  [   160000,   160500)           21    0.0001%  99.9984%
  [   160500,   161000)           10    0.0000%  99.9985%
  [   161000,   161500)           19    0.0001%  99.9985%
  [   161500,   162000)           16    0.0001%  99.9986%
  [   162000,   162500)            9    0.0000%  99.9987%
  [   162500,   163000)           11    0.0000%  99.9987%
  [   163000,   163500)           12    0.0001%  99.9987%
  [   163500,   164000)           13    0.0001%  99.9988%
  [   164000,   164500)           13    0.0001%  99.9989%
  [   164500,   165000)           21    0.0001%  99.9989%
  [   165000,   165500)            9    0.0000%  99.9990%
  [   165500,   166000)           11    0.0000%  99.9990%
  [   166000,   166500)           12    0.0001%  99.9991%
  [   166500,   167000)            8    0.0000%  99.9991%
  [   167000,   167500)           14    0.0001%  99.9992%
  [   167500,   168000)            8    0.0000%  99.9992%
  [   168000,   168500)            2    0.0000%  99.9992%
  [   168500,   169000)            6    0.0000%  99.9992%
  [   169000,   169500)            5    0.0000%  99.9993%
  [   169500,   170000)            2    0.0000%  99.9993%
  [   170000,   170500)            8    0.0000%  99.9993%
  [   170500,   171000)           11    0.0000%  99.9994%
  [   171000,   171500)            4    0.0000%  99.9994%
  [   171500,   172000)            9    0.0000%  99.9994%
  [   172000,   172500)            5    0.0000%  99.9994%
  [   172500,   173000)            5    0.0000%  99.9995%
  [   173000,   173500)            6    0.0000%  99.9995%
  [   173500,   174000)            7    0.0000%  99.9995%
  [   174000,   174500)            3    0.0000%  99.9995%
  [   174500,   175000)            7    0.0000%  99.9996%
  [   175000,   175500)            8    0.0000%  99.9996%
  [   175500,   176000)            4    0.0000%  99.9996%
  [   176000,   176500)            4    0.0000%  99.9996%
  [   176500,   177000)            4    0.0000%  99.9996%
  [   177000,   177500)            5    0.0000%  99.9997%
  [   177500,   178000)            2    0.0000%  99.9997%
  [   178500,   179000)            3    0.0000%  99.9997%
  [   179000,   179500)            1    0.0000%  99.9997%
  [   179500,   180000)            5    0.0000%  99.9997%
  [   180000,   180500)            2    0.0000%  99.9997%
  [   180500,   181000)            3    0.0000%  99.9997%
  [   181000,   181500)            2    0.0000%  99.9997%
  [   181500,   182000)            3    0.0000%  99.9997%
  [   182000,   182500)            2    0.0000%  99.9998%
  [   182500,   183000)            3    0.0000%  99.9998%
  [   183500,   184000)            1    0.0000%  99.9998%
  [   185000,   185500)            1    0.0000%  99.9998%
  [   185500,   186000)            1    0.0000%  99.9998%
  [   186500,   187000)            1    0.0000%  99.9998%
  [   187500,   188000)            2    0.0000%  99.9998%
  [   189000,   189500)            1    0.0000%  99.9998%
  [   191000,   191500)            2    0.0000%  99.9998%
  [   191500,   192000)            2    0.0000%  99.9998%
  [   193000,   193500)            1    0.0000%  99.9998%
  [   194000,   194500)            1    0.0000%  99.9998%
  [   364500,   365000)            1    0.0000%  99.9998%
  [   372000,   372500)            1    0.0000%  99.9998%
  [   372500,   373000)            1    0.0000%  99.9998%
  [   381000,   381500)            1    0.0000%  99.9998%
  [   385000,   385500)            1    0.0000%  99.9998%
  [   387000,   387500)            1    0.0000%  99.9999%
  [   387500,   388000)            1    0.0000%  99.9999%
  [   388500,   389000)            1    0.0000%  99.9999%
  [   390000,   390500)            1    0.0000%  99.9999%
  [   394000,   394500)            1    0.0000%  99.9999%
  [   394500,   395000)            1    0.0000%  99.9999%
  [   398000,   398500)            1    0.0000%  99.9999%
  [   399500,   400000)            2    0.0000%  99.9999%
  [   401500,   402000)            1    0.0000%  99.9999%
  [   402000,   402500)            1    0.0000%  99.9999%
  [   402500,   403000)            1    0.0000%  99.9999%
  [   403500,   404000)            1    0.0000%  99.9999%
  [   404000,   404500)            2    0.0000%  99.9999%
  [   410000,   410500)            1    0.0000%  99.9999%
  [   411000,   411500)            1    0.0000%  99.9999%
  [   411500,   412000)            1    0.0000%  99.9999%
  [   412000,   412500)            1    0.0000%  99.9999%
  [   413000,   413500)            2    0.0000%  99.9999%
  [   414000,   414500)            1    0.0000%  99.9999%
  [   415000,   415500)            1    0.0000%  99.9999%
  [   417000,   417500)            1    0.0000%  99.9999%
  [   418000,   418500)            1    0.0000% 100.0000%
  [   420000,   420500)            1    0.0000% 100.0000%
  [   424000,   424500)            3    0.0000% 100.0000%
  [   437500,   438000)            1    0.0000% 100.0000%
  [   681500,   682000)            1    0.0000% 100.0000%
  [   689000,   689500)            1    0.0000% 100.0000%
  [   999500, +inf)                   4    0.0000% 100.0000%

----- REMOTE OPERATIONS [node 0] -----
  ops total                = 23499961
  ops local  (cache hit)   = 0 (0.00%)
  ops remote (>=1 net op)  = 23499961 (100.00%)
  remote ops total         = 525220107
    rdma read              = 525220107
    rdma write             = 0
    rdma cas               = 0
    rpc pushdown           = 0
  remote ops / op          = 22.3498
  remote ops / remote op   = 22.3498

----- OFFLOADED TASKS [node 0] -----
  lookup pushdowns         = 0
  scan    pushdowns (RPC)  = 0
    kv pairs returned      = 0
    leaves scanned remotely= 0
    kv / scan pushdown     = 0.00
    leaves / scan pushdown = 0.00

----- PATH-AWARE CACHE MISSES [node 0] -----
  inner-node read miss     = 0 (0.00%)
  leaf-node  read miss     = 0 (0.00%)
  total read miss          = 0
  cache writebacks         = 0
=========================================================================

Round 0 (max_throughput): 0.378972 Mops/s
Round 0 (straggler_throughput): 0.378944 Mops/s
Before barrier finish
Avg. rdma read time(ms) = 0
Avg. rdma write time(ms) = -nan
Avg. rdma read / op = 22.3498
Avg. rdma write / op = 0
Avg. rdma cas / op = 0
Avg. rdma rpc / op = 0
Avg. all rdma / op = 22.3498
Avg. rdma read size/ op = 11443
Avg. rdma write size / op = 0
Avg. rdma RW size / op = 11443
------------------------------------------
Node 0 average throughput = 0.378419
Node 0 total throughput = 0.378972
All CN throughput (Max) = 0.378972
All CN throughput (Straggler) = 0.378944
Final throughput = 0.378944
------------------------------------------
