Compute node count = 1
kNodeCount 2, kReadRatio 100, kInsertRatio 0, kUpdateRatio 0, kDeleteRatio 0, kRangeRatio 0, totalThreadCount 36, memThreadCount 4 cache_size 128, uniform_workload 1, zipfian 0.990000, bulk_load_num 50000000, warmup_num 10000000, op_num 50000000, check_correctness 0, time_based 1, early_stop 1, index 0, rpc_rate 0.000000, admission_rate 0.100000, auto_tune 0
kMaxThread = 36
KeySpace = 50001000
[4mshared memory size: 64GB, 0x7fa7d8e00000[0m
[4mcache size: 2GB[0m
[4mMachine NR: 2[0m
[4mMax_APP_THREAD: 36[0m
[4mNR_DIRECTORY: 4[0m
[4mStart Build the DSMKeeper[0m
I am servers 0 [253.127.0.0]
I connect server 1
[4mdir 0 launch!
[0m
[4mdir 1 launch!
[0m
[4mdir 2 launch!
[0m
[4mdir 3 launch!
[0m
CNode 0, left bound = 0, right bound = 18446744073709551615
Pushdown (RPC) Rate: 0
Admission Rate: 0.1
Cache size(MB) = 128
-----Cache initial addr = 0x7fa7c7c00000
page num = 262144
alloc_unit = 512
entry_num: 262144
bucket_num: 87382
Bucket size = 64
entry_num: 26214
bucket_num: 4369
start generating tree
num_partitions = 1
Success: tree root pointer value [0, 67108864]
finish generating tree
Bulkload num in node 0 = 50000000
First key of bulkloading = 7325973
Last key of bulkloading = 26738230
node warmup num = 9999972
kReadRatio =100
insertmark =100
updatemark =100
deletemark =100
rangemark =100
Finish warmup workload generation
node op_num = 49999968
Finish all workload generation
Fetched new height = 1
Success: tree root pointer value [0, 67109888]
Height = 2
Success: tree root pointer value [0, 67112448]
Height = 3
Success: tree root pointer value [0, 67118080]
Height = 4
Success: tree root pointer value [1, 17246978560]
Height = 5
Success: tree root pointer value [1, 17247020032]
Height = 6
Success: tree root pointer value [1, 17247084032]
Height = 7
Success: tree root pointer value [1, 17247212544]
Height = 8
Success: tree root pointer value [0, 67593216]
Height = 9
Success: tree root pointer value [0, 68085760]
Height = 10
Success: tree root pointer value [0, 69071360]
Height = 11
Success: tree root pointer value [0, 71043072]
Height = 12
Success: tree root pointer value [1, 17255188480]
Height = 13
Success: tree root pointer value [1, 17263422464]
Height = 14
Success: tree root pointer value [1, 17279890944]
Height = 15
Success: tree root pointer value [1, 34459143680]
Height = 16
Success: tree root pointer value [0, 51665797632]
Height = 17
entering dynamic phase
Success: tree root pointer value [0, 51724889600]
Height = 18
Success: tree root pointer value [0, 51843074048]
Height = 19
Success: tree root pointer value [0, 34530475008]
Height = 20
Success: tree root pointer value [1, 35092020224]
Height = 21
Success: tree root pointer value [1, 18208251392]
Height = 22
#leaf nodes = 3846153
leaf size(MB) = 1878
#inner nodes = 3846104
inner size(MB) = 1877.98
Tree height = 22
Cache capacity = 262144
max. leaf entries = 26
max. inner entries = 5
Inner page size = 160
Leaf page size = 512
node 0 finish its bulkload
IMPORTANT: my root is 1193295963226113
0 is ready for the benchmark
I am 0
Fetched new height = 22
I am 4
I am 2
I am 3
I am 1
I am 32
I am 33
I am 8
I am 18
I am 28
I am 16
I am 27
I am 14
I am 7
I am 17
I am 31
I am 22
I am 19
I am 15
I am 20
I am 29
I am 30
I am 25
I am 11
I am 26
I am 34
I am 23
I am 21
I am 12
I am 10
I am 6
I am 5
I am 9
I am 24
I am 35
I am 13
entering dynamic phase
Thread_op_num = 1388888
node 0 finish warmup
Start collecting the statistic
0, throughput 1.5105
cluster throughput 1.510
0, throughput 1.5117
cluster throughput 1.511
0, throughput 1.5107
cluster throughput 1.510
0, throughput 1.5117
cluster throughput 1.511
0, throughput 1.5110
cluster throughput 1.510
0, throughput 1.5119
cluster throughput 1.511
0, throughput 1.5117
cluster throughput 1.511
0, throughput 1.5117
cluster throughput 1.511
0, throughput 1.5119
cluster throughput 1.511
0, throughput 1.5112
cluster throughput 1.511
0, throughput 1.5104
cluster throughput 1.510
0, throughput 1.5117
cluster throughput 1.511
0, throughput 1.5115
cluster throughput 1.511
0, throughput 1.5106
cluster throughput 1.510
0, throughput 1.5126
cluster throughput 1.512
0, throughput 1.5109
cluster throughput 1.510
0, throughput 0.1596
cluster throughput 0.159
0, throughput 0.0000
cluster throughput 0.000
The time duration = 36 seconds

==================== LATENCY BUCKETS (500 ns) [node 0] ====================
[LOOKUP]
  ALL                n=48688122   mean=   23.77us  p50=  24.00us  p90=  32.50us  p99=  40.50us  p99.9=  47.50us  max>=1000.00us
  LOCAL (cache hit)  n=15977      mean=    2.10us  p50=   2.00us  p90=   3.00us  p99=   7.50us  p99.9=  12.00us  max>= 14.00us
  REMOTE (miss/rpc)  n=48672145   mean=   23.78us  p50=  24.00us  p90=  32.50us  p99=  40.50us  p99.9=  47.50us  max>=1000.00us
[ALL OPS]
  ALL                n=48688122   mean=   23.77us  p50=  24.00us  p90=  32.50us  p99=  40.50us  p99.9=  47.50us  max>=1000.00us
  LOCAL (cache hit)  n=15977      mean=    2.10us  p50=   2.00us  p90=   3.00us  p99=   7.50us  p99.9=  12.00us  max>= 14.00us
  REMOTE (miss/rpc)  n=48672145   mean=   23.78us  p50=  24.00us  p90=  32.50us  p99=  40.50us  p99.9=  47.50us  max>=1000.00us

----- 500 ns bucket CDF (all ops) [node 0] -----
  bucket [lo,hi) ns             count        pct       cdf
  [        0,      500)           43    0.0001%   0.0001%
  [      500,     1000)          509    0.0010%   0.0011%
  [     1000,     1500)         3215    0.0066%   0.0077%
  [     1500,     2000)         4739    0.0097%   0.0175%
  [     2000,     2500)         4350    0.0089%   0.0264%
  [     2500,     3000)         2480    0.0051%   0.0315%
  [     3000,     3500)        12606    0.0259%   0.0574%
  [     3500,     4000)        47386    0.0973%   0.1547%
  [     4000,     4500)        89043    0.1829%   0.3376%
  [     4500,     5000)        92916    0.1908%   0.5284%
  [     5000,     5500)        48089    0.0988%   0.6272%
  [     5500,     6000)        24487    0.0503%   0.6775%
  [     6000,     6500)        43973    0.0903%   0.7678%
  [     6500,     7000)        85071    0.1747%   0.9425%
  [     7000,     7500)       106913    0.2196%   1.1621%
  [     7500,     8000)        94672    0.1944%   1.3566%
  [     8000,     8500)        84802    0.1742%   1.5308%
  [     8500,     9000)        92847    0.1907%   1.7214%
  [     9000,     9500)        95602    0.1964%   1.9178%
  [     9500,    10000)        98331    0.2020%   2.1198%
  [    10000,    10500)       135174    0.2776%   2.3974%
  [    10500,    11000)       224654    0.4614%   2.8588%
  [    11000,    11500)       321999    0.6614%   3.5202%
  [    11500,    12000)       370941    0.7619%   4.2820%
  [    12000,    12500)       356887    0.7330%   5.0150%
  [    12500,    13000)       328918    0.6756%   5.6906%
  [    13000,    13500)       339021    0.6963%   6.3869%
  [    13500,    14000)       398597    0.8187%   7.2056%
  [    14000,    14500)       471868    0.9692%   8.1748%
  [    14500,    15000)       527800    1.0840%   9.2588%
  [    15000,    15500)       554952    1.1398%  10.3986%
  [    15500,    16000)       556446    1.1429%  11.5415%
  [    16000,    16500)       554561    1.1390%  12.6805%
  [    16500,    17000)       579881    1.1910%  13.8715%
  [    17000,    17500)       673671    1.3836%  15.2551%
  [    17500,    18000)       852698    1.7513%  17.0065%
  [    18000,    18500)      1093299    2.2455%  19.2520%
  [    18500,    19000)      1308367    2.6872%  21.9392%
  [    19000,    19500)      1420015    2.9166%  24.8558%
  [    19500,    20000)      1415362    2.9070%  27.7628%
  [    20000,    20500)      1347963    2.7686%  30.5314%
  [    20500,    21000)      1289998    2.6495%  33.1809%
  [    21000,    21500)      1300560    2.6712%  35.8521%
  [    21500,    22000)      1375170    2.8244%  38.6765%
  [    22000,    22500)      1466490    3.0120%  41.6885%
  [    22500,    23000)      1539984    3.1630%  44.8515%
  [    23000,    23500)      1572263    3.2293%  48.0807%
  [    23500,    24000)      1566240    3.2169%  51.2976%
  [    24000,    24500)      1548715    3.1809%  54.4785%
  [    24500,    25000)      1530083    3.1426%  57.6211%
  [    25000,    25500)      1516399    3.1145%  60.7357%
  [    25500,    26000)      1512064    3.1056%  63.8413%
  [    26000,    26500)      1515060    3.1118%  66.9530%
  [    26500,    27000)      1497956    3.0766%  70.0297%
  [    27000,    27500)      1435437    2.9482%  72.9779%
  [    27500,    28000)      1324457    2.7203%  75.6982%
  [    28000,    28500)      1190942    2.4461%  78.1442%
  [    28500,    29000)      1053463    2.1637%  80.3079%
  [    29000,    29500)       937464    1.9254%  82.2334%
  [    29500,    30000)       846751    1.7391%  83.9725%
  [    30000,    30500)       777124    1.5961%  85.5686%
  [    30500,    31000)       724774    1.4886%  87.0573%
  [    31000,    31500)       681597    1.3999%  88.4572%
  [    31500,    32000)       634388    1.3030%  89.7601%
  [    32000,    32500)       583211    1.1979%  90.9580%
  [    32500,    33000)       530475    1.0895%  92.0475%
  [    33000,    33500)       478295    0.9824%  93.0299%
  [    33500,    34000)       423842    0.8705%  93.9004%
  [    34000,    34500)       373359    0.7668%  94.6673%
  [    34500,    35000)       327896    0.6735%  95.3407%
  [    35000,    35500)       288340    0.5922%  95.9329%
  [    35500,    36000)       254956    0.5237%  96.4566%
  [    36000,    36500)       224258    0.4606%  96.9172%
  [    36500,    37000)       197621    0.4059%  97.3231%
  [    37000,    37500)       174795    0.3590%  97.6821%
  [    37500,    38000)       152784    0.3138%  97.9959%
  [    38000,    38500)       133563    0.2743%  98.2702%
  [    38500,    39000)       116565    0.2394%  98.5096%
  [    39000,    39500)       101325    0.2081%  98.7177%
  [    39500,    40000)        88445    0.1817%  98.8994%
  [    40000,    40500)        76824    0.1578%  99.0572%
  [    40500,    41000)        66028    0.1356%  99.1928%
  [    41000,    41500)        57125    0.1173%  99.3101%
  [    41500,    42000)        49378    0.1014%  99.4115%
  [    42000,    42500)        42028    0.0863%  99.4979%
  [    42500,    43000)        35998    0.0739%  99.5718%
  [    43000,    43500)        30645    0.0629%  99.6347%
  [    43500,    44000)        26554    0.0545%  99.6893%
  [    44000,    44500)        22468    0.0461%  99.7354%
  [    44500,    45000)        18977    0.0390%  99.7744%
  [    45000,    45500)        16310    0.0335%  99.8079%
  [    45500,    46000)        14074    0.0289%  99.8368%
  [    46000,    46500)        12063    0.0248%  99.8616%
  [    46500,    47000)        10253    0.0211%  99.8826%
  [    47000,    47500)         8897    0.0183%  99.9009%
  [    47500,    48000)         7436    0.0153%  99.9162%
  [    48000,    48500)         6311    0.0130%  99.9291%
  [    48500,    49000)         5352    0.0110%  99.9401%
  [    49000,    49500)         4642    0.0095%  99.9497%
  [    49500,    50000)         3943    0.0081%  99.9578%
  [    50000,    50500)         3227    0.0066%  99.9644%
  [    50500,    51000)         2689    0.0055%  99.9699%
  [    51000,    51500)         2320    0.0048%  99.9747%
  [    51500,    52000)         1898    0.0039%  99.9786%
  [    52000,    52500)         1554    0.0032%  99.9818%
  [    52500,    53000)         1352    0.0028%  99.9846%
  [    53000,    53500)         1166    0.0024%  99.9870%
  [    53500,    54000)         1007    0.0021%  99.9890%
  [    54000,    54500)          821    0.0017%  99.9907%
  [    54500,    55000)          680    0.0014%  99.9921%
  [    55000,    55500)          570    0.0012%  99.9933%
  [    55500,    56000)          477    0.0010%  99.9943%
  [    56000,    56500)          400    0.0008%  99.9951%
  [    56500,    57000)          322    0.0007%  99.9957%
  [    57000,    57500)          281    0.0006%  99.9963%
  [    57500,    58000)          249    0.0005%  99.9968%
  [    58000,    58500)          213    0.0004%  99.9973%
  [    58500,    59000)          180    0.0004%  99.9976%
  [    59000,    59500)          171    0.0004%  99.9980%
  [    59500,    60000)          125    0.0003%  99.9982%
  [    60000,    60500)          114    0.0002%  99.9985%
  [    60500,    61000)           93    0.0002%  99.9987%
  [    61000,    61500)           69    0.0001%  99.9988%
  [    61500,    62000)           71    0.0001%  99.9990%
  [    62000,    62500)           59    0.0001%  99.9991%
  [    62500,    63000)           47    0.0001%  99.9992%
  [    63000,    63500)           34    0.0001%  99.9992%
  [    63500,    64000)           45    0.0001%  99.9993%
  [    64000,    64500)           39    0.0001%  99.9994%
  [    64500,    65000)           27    0.0001%  99.9995%
  [    65000,    65500)           17    0.0000%  99.9995%
  [    65500,    66000)           20    0.0000%  99.9995%
  [    66000,    66500)           14    0.0000%  99.9996%
  [    66500,    67000)           23    0.0000%  99.9996%
  [    67000,    67500)           11    0.0000%  99.9996%
  [    67500,    68000)            9    0.0000%  99.9997%
  [    68000,    68500)           15    0.0000%  99.9997%
  [    68500,    69000)            9    0.0000%  99.9997%
  [    69000,    69500)            7    0.0000%  99.9997%
  [    69500,    70000)            8    0.0000%  99.9997%
  [    70000,    70500)            8    0.0000%  99.9998%
  [    70500,    71000)            5    0.0000%  99.9998%
  [    71000,    71500)            8    0.0000%  99.9998%
  [    71500,    72000)            6    0.0000%  99.9998%
  [    72000,    72500)            6    0.0000%  99.9998%
  [    72500,    73000)            8    0.0000%  99.9998%
  [    73000,    73500)            5    0.0000%  99.9998%
  [    73500,    74000)            3    0.0000%  99.9998%
  [    74000,    74500)            4    0.0000%  99.9999%
  [    74500,    75000)            2    0.0000%  99.9999%
  [    75000,    75500)            1    0.0000%  99.9999%
  [    75500,    76000)            1    0.0000%  99.9999%
  [    76000,    76500)            5    0.0000%  99.9999%
  [    76500,    77000)            2    0.0000%  99.9999%
  [    77500,    78000)            5    0.0000%  99.9999%
  [    78000,    78500)            2    0.0000%  99.9999%
  [    78500,    79000)            3    0.0000%  99.9999%
  [    79000,    79500)            4    0.0000%  99.9999%
  [    79500,    80000)            1    0.0000%  99.9999%
  [    80000,    80500)            3    0.0000%  99.9999%
  [    81000,    81500)            3    0.0000%  99.9999%
  [    81500,    82000)            2    0.0000%  99.9999%
  [    82500,    83000)            1    0.0000%  99.9999%
  [    83000,    83500)            2    0.0000%  99.9999%
  [    83500,    84000)            3    0.0000%  99.9999%
  [    84000,    84500)            1    0.0000%  99.9999%
  [    84500,    85000)            2    0.0000%  99.9999%
  [    85500,    86000)            1    0.0000%  99.9999%
  [    86000,    86500)            3    0.0000%  99.9999%
  [    86500,    87000)            2    0.0000% 100.0000%
  [    87000,    87500)            3    0.0000% 100.0000%
  [    88000,    88500)            2    0.0000% 100.0000%
  [    89500,    90000)            1    0.0000% 100.0000%
  [    90000,    90500)            2    0.0000% 100.0000%
  [    91000,    91500)            1    0.0000% 100.0000%
  [    92500,    93000)            1    0.0000% 100.0000%
  [    93000,    93500)            2    0.0000% 100.0000%
  [    94500,    95000)            2    0.0000% 100.0000%
  [    98500,    99000)            1    0.0000% 100.0000%
  [    99500,   100000)            1    0.0000% 100.0000%
  [   101500,   102000)            1    0.0000% 100.0000%
  [   106000,   106500)            1    0.0000% 100.0000%
  [   110000,   110500)            1    0.0000% 100.0000%
  [   131000,   131500)            1    0.0000% 100.0000%
  [   313000,   313500)            1    0.0000% 100.0000%
  [   915000,   915500)            1    0.0000% 100.0000%
  [   999500, +inf)                   2    0.0000% 100.0000%

----- REMOTE OPERATIONS [node 0] -----
  ops total                = 48688122
  ops local  (cache hit)   = 15977 (0.03%)
  ops remote (>=1 net op)  = 48672145 (99.97%)
  remote ops total         = 275720609
    rdma read              = 275720609
    rdma write             = 0
    rdma cas               = 0
    rpc pushdown           = 0
  remote ops / op          = 5.6630
  remote ops / remote op   = 5.6649

----- OFFLOADED TASKS [node 0] -----
  lookup pushdowns         = 0
  scan    pushdowns (RPC)  = 0
    kv pairs returned      = 0
    leaves scanned remotely= 0
    kv / scan pushdown     = 0.00
    leaves / scan pushdown = 0.00

----- PATH-AWARE CACHE MISSES [node 0] -----
  inner-node read miss     = 0 (0.00%)
  leaf-node  read miss     = 0 (0.00%)
  total read miss          = 0
  cache writebacks         = 0
=========================================================================

Round 0 (max_throughput): 1.51135 Mops/s
Round 0 (straggler_throughput): 1.51132 Mops/s
Before barrier finish
Avg. rdma read time(ms) = 0
Avg. rdma write time(ms) = -nan
Avg. rdma read / op = 5.663
Avg. rdma write / op = 0
Avg. rdma cas / op = 0
Avg. rdma rpc / op = 0
Avg. all rdma / op = 5.663
Avg. rdma read size/ op = 2899.44
Avg. rdma write size / op = 0
Avg. rdma RW size / op = 2899.44
------------------------------------------
Node 0 average throughput = 1.43118
Node 0 total throughput = 1.51135
All CN throughput (Max) = 1.51135
All CN throughput (Straggler) = 1.51132
Final throughput = 1.51132
------------------------------------------
