Compute node count = 1
kNodeCount 2, kReadRatio 0, kInsertRatio 0, kUpdateRatio 0, kDeleteRatio 0, kRangeRatio 100, totalThreadCount 36, memThreadCount 4 cache_size 512, uniform_workload 1, zipfian 0.990000, bulk_load_num 50000000, warmup_num 10000000, op_num 50000000, check_correctness 0, time_based 1, early_stop 1, index 0, rpc_rate 1.000000, admission_rate 0.100000, auto_tune 0
kMaxThread = 36
KeySpace = 50001000
[4mshared memory size: 64GB, 0x7fd296800000[0m
[4mcache size: 2GB[0m
[4mMachine NR: 2[0m
[4mMax_APP_THREAD: 36[0m
[4mNR_DIRECTORY: 4[0m
[4mStart Build the DSMKeeper[0m
I am servers 0 [255.127.0.0]
I connect server 1
[4mdir 0 launch!
[0m
[4mdir 1 launch!
[0m
[4mdir 2 launch!
[0m
[4mdir 3 launch!
[0m
CNode 0, left bound = 0, right bound = 18446744073709551615
Pushdown (RPC) Rate: 1
Admission Rate: 0.1
Cache size(MB) = 512
-----Cache initial addr = 0x7fd26d600000
page num = 1048576
alloc_unit = 512
entry_num: 1048576
bucket_num: 349526
Bucket size = 64
entry_num: 104857
bucket_num: 17477
start generating tree
num_partitions = 1
Success: tree root pointer value [0, 67108864]
finish generating tree
Bulkload num in node 0 = 50000000
First key of bulkloading = 7325973
Last key of bulkloading = 26738230
node warmup num = 9999972
kReadRatio =0
insertmark =0
updatemark =0
deletemark =0
rangemark =100
Finish warmup workload generation
node op_num = 49999968
Finish all workload generation
Fetched new height = 1
Success: tree root pointer value [0, 67109888]
Height = 2
Success: tree root pointer value [0, 67112448]
Height = 3
Success: tree root pointer value [0, 67118080]
Height = 4
Success: tree root pointer value [1, 17246978560]
Height = 5
Success: tree root pointer value [1, 17247020032]
Height = 6
Success: tree root pointer value [1, 17247084032]
Height = 7
Success: tree root pointer value [1, 17247212544]
Height = 8
Success: tree root pointer value [0, 67593216]
Height = 9
Success: tree root pointer value [0, 68085760]
Height = 10
Success: tree root pointer value [0, 69071360]
Height = 11
Success: tree root pointer value [0, 71043072]
Height = 12
Success: tree root pointer value [1, 17255188480]
Height = 13
Success: tree root pointer value [1, 17263422464]
Height = 14
Success: tree root pointer value [1, 17279890944]
Height = 15
Success: tree root pointer value [1, 34459143680]
Height = 16
Success: tree root pointer value [0, 51665797632]
Height = 17
Success: tree root pointer value [0, 51724889600]
Height = 18
Success: tree root pointer value [0, 51843074048]
Height = 19
entering dynamic phase
Success: tree root pointer value [0, 34530475008]
Height = 20
Success: tree root pointer value [1, 35092020224]
Height = 21
Success: tree root pointer value [1, 18208251392]
Height = 22
#leaf nodes = 3846153
leaf size(MB) = 1878
#inner nodes = 3846104
inner size(MB) = 1877.98
Tree height = 22
Cache capacity = 1048576
max. leaf entries = 26
max. inner entries = 5
Inner page size = 160
Leaf page size = 512
node 0 finish its bulkload
IMPORTANT: my root is 1193295963226113
0 is ready for the benchmark
I am 0
Fetched new height = 22
I am 4
I am 3
I am 1
I am 2
I am 10
I am 11
I am 26
I am 17
I am 25
I am 7
I am 33
I am 32
I am 19
I am 28
I am 6
I am 12
I am 20
I am 18
I am 8
I am 31
I am 15
I am 14
I am 9
I am 5
I am 21
I am 16
I am 34
I am 13
I am 23
I am 24
I am 35
I am 22
I am 30
I am 29
I am 27
entering dynamic phase
Thread_op_num = 1388888
node 0 finish warmup
Start collecting the statistic
0, throughput 1.4569
cluster throughput 1.456
0, throughput 1.4616
cluster throughput 1.461
0, throughput 1.4607
cluster throughput 1.460
0, throughput 1.4592
cluster throughput 1.459
0, throughput 1.4590
cluster throughput 1.459
0, throughput 1.4596
cluster throughput 1.459
0, throughput 1.4584
cluster throughput 1.458
0, throughput 1.4580
cluster throughput 1.457
0, throughput 1.4527
cluster throughput 1.452
0, throughput 1.4357
cluster throughput 1.435
0, throughput 1.4590
cluster throughput 1.458
0, throughput 1.4581
cluster throughput 1.458
0, throughput 1.4580
cluster throughput 1.458
0, throughput 1.4584
cluster throughput 1.458
0, throughput 1.4580
cluster throughput 1.457
0, throughput 1.4490
cluster throughput 1.449
0, throughput 0.4807
cluster throughput 0.480
0, throughput 0.0000
cluster throughput 0.000
The time duration = 36 seconds

==================== LATENCY BUCKETS (500 ns) [node 0] ====================
[RANGE]
  ALL                n=47572038   mean=   24.65us  p50=  21.50us  p90=  43.50us  p99=  58.00us  p99.9=  67.00us  max>=1000.00us
  LOCAL (cache hit)         (no samples)
  REMOTE (miss/rpc)  n=47572038   mean=   24.65us  p50=  21.50us  p90=  43.50us  p99=  58.00us  p99.9=  67.00us  max>=1000.00us
[ALL OPS]
  ALL                n=47572038   mean=   24.65us  p50=  21.50us  p90=  43.50us  p99=  58.00us  p99.9=  67.00us  max>=1000.00us
  LOCAL (cache hit)         (no samples)
  REMOTE (miss/rpc)  n=47572038   mean=   24.65us  p50=  21.50us  p90=  43.50us  p99=  58.00us  p99.9=  67.00us  max>=1000.00us

----- 500 ns bucket CDF (all ops) [node 0] -----
  bucket [lo,hi) ns             count        pct       cdf
  [     5500,     6000)            4    0.0000%   0.0000%
  [     6000,     6500)           52    0.0001%   0.0001%
  [     6500,     7000)         1227    0.0026%   0.0027%
  [     7000,     7500)        16630    0.0350%   0.0377%
  [     7500,     8000)        90773    0.1908%   0.2285%
  [     8000,     8500)       244906    0.5148%   0.7433%
  [     8500,     9000)       413535    0.8693%   1.6126%
  [     9000,     9500)       514365    1.0812%   2.6938%
  [     9500,    10000)       486707    1.0231%   3.7169%
  [    10000,    10500)       391707    0.8234%   4.5403%
  [    10500,    11000)       358556    0.7537%   5.2940%
  [    11000,    11500)       420023    0.8829%   6.1769%
  [    11500,    12000)       534941    1.1245%   7.3014%
  [    12000,    12500)       647907    1.3619%   8.6634%
  [    12500,    13000)       702469    1.4766%  10.1400%
  [    13000,    13500)       693135    1.4570%  11.5970%
  [    13500,    14000)       665971    1.3999%  12.9969%
  [    14000,    14500)       689087    1.4485%  14.4455%
  [    14500,    15000)       807496    1.6974%  16.1429%
  [    15000,    15500)      1002516    2.1074%  18.2502%
  [    15500,    16000)      1205738    2.5346%  20.7848%
  [    16000,    16500)      1362983    2.8651%  23.6499%
  [    16500,    17000)      1454575    3.0576%  26.7075%
  [    17000,    17500)      1483074    3.1175%  29.8250%
  [    17500,    18000)      1450166    3.0484%  32.8734%
  [    18000,    18500)      1375045    2.8904%  35.7638%
  [    18500,    19000)      1295047    2.7223%  38.4861%
  [    19000,    19500)      1248757    2.6250%  41.1111%
  [    19500,    20000)      1239119    2.6047%  43.7158%
  [    20000,    20500)      1226181    2.5775%  46.2934%
  [    20500,    21000)      1192524    2.5068%  48.8001%
  [    21000,    21500)      1145518    2.4080%  51.2081%
  [    21500,    22000)      1104656    2.3221%  53.5302%
  [    22000,    22500)      1080199    2.2707%  55.8008%
  [    22500,    23000)      1044972    2.1966%  57.9974%
  [    23000,    23500)       993447    2.0883%  60.0857%
  [    23500,    24000)       924350    1.9431%  62.0288%
  [    24000,    24500)       854577    1.7964%  63.8252%
  [    24500,    25000)       799672    1.6810%  65.5061%
  [    25000,    25500)       744667    1.5653%  67.0715%
  [    25500,    26000)       686547    1.4432%  68.5147%
  [    26000,    26500)       617459    1.2979%  69.8126%
  [    26500,    27000)       545650    1.1470%  70.9596%
  [    27000,    27500)       474408    0.9972%  71.9568%
  [    27500,    28000)       416152    0.8748%  72.8316%
  [    28000,    28500)       369874    0.7775%  73.6091%
  [    28500,    29000)       336081    0.7065%  74.3156%
  [    29000,    29500)       312710    0.6573%  74.9729%
  [    29500,    30000)       299508    0.6296%  75.6025%
  [    30000,    30500)       290455    0.6106%  76.2131%
  [    30500,    31000)       282531    0.5939%  76.8070%
  [    31000,    31500)       273405    0.5747%  77.3817%
  [    31500,    32000)       259707    0.5459%  77.9276%
  [    32000,    32500)       249530    0.5245%  78.4522%
  [    32500,    33000)       244494    0.5139%  78.9661%
  [    33000,    33500)       245778    0.5166%  79.4827%
  [    33500,    34000)       248454    0.5223%  80.0050%
  [    34000,    34500)       251377    0.5284%  80.5334%
  [    34500,    35000)       249985    0.5255%  81.0589%
  [    35000,    35500)       245757    0.5166%  81.5755%
  [    35500,    36000)       240282    0.5051%  82.0806%
  [    36000,    36500)       237945    0.5002%  82.5808%
  [    36500,    37000)       240195    0.5049%  83.0857%
  [    37000,    37500)       246662    0.5185%  83.6042%
  [    37500,    38000)       254735    0.5355%  84.1397%
  [    38000,    38500)       258787    0.5440%  84.6837%
  [    38500,    39000)       258589    0.5436%  85.2272%
  [    39000,    39500)       258504    0.5434%  85.7706%
  [    39500,    40000)       255832    0.5378%  86.3084%
  [    40000,    40500)       253887    0.5337%  86.8421%
  [    40500,    41000)       257753    0.5418%  87.3839%
  [    41000,    41500)       262539    0.5519%  87.9358%
  [    41500,    42000)       266520    0.5602%  88.4960%
  [    42000,    42500)       266399    0.5600%  89.0560%
  [    42500,    43000)       261995    0.5507%  89.6068%
  [    43000,    43500)       254859    0.5357%  90.1425%
  [    43500,    44000)       246808    0.5188%  90.6613%
  [    44000,    44500)       240491    0.5055%  91.1668%
  [    44500,    45000)       233292    0.4904%  91.6572%
  [    45000,    45500)       227889    0.4790%  92.1363%
  [    45500,    46000)       224050    0.4710%  92.6072%
  [    46000,    46500)       218477    0.4593%  93.0665%
  [    46500,    47000)       211797    0.4452%  93.5117%
  [    47000,    47500)       202726    0.4261%  93.9378%
  [    47500,    48000)       194262    0.4084%  94.3462%
  [    48000,    48500)       185811    0.3906%  94.7368%
  [    48500,    49000)       177325    0.3728%  95.1095%
  [    49000,    49500)       170240    0.3579%  95.4674%
  [    49500,    50000)       161873    0.3403%  95.8077%
  [    50000,    50500)       154313    0.3244%  96.1320%
  [    50500,    51000)       145960    0.3068%  96.4389%
  [    51000,    51500)       136455    0.2868%  96.7257%
  [    51500,    52000)       127948    0.2690%  96.9947%
  [    52000,    52500)       118974    0.2501%  97.2448%
  [    52500,    53000)       111387    0.2341%  97.4789%
  [    53000,    53500)       104061    0.2187%  97.6976%
  [    53500,    54000)        97941    0.2059%  97.9035%
  [    54000,    54500)        91556    0.1925%  98.0960%
  [    54500,    55000)        85584    0.1799%  98.2759%
  [    55000,    55500)        79459    0.1670%  98.4429%
  [    55500,    56000)        72717    0.1529%  98.5958%
  [    56000,    56500)        67078    0.1410%  98.7368%
  [    56500,    57000)        60598    0.1274%  98.8641%
  [    57000,    57500)        55219    0.1161%  98.9802%
  [    57500,    58000)        50271    0.1057%  99.0859%
  [    58000,    58500)        45260    0.0951%  99.1810%
  [    58500,    59000)        41065    0.0863%  99.2674%
  [    59000,    59500)        37401    0.0786%  99.3460%
  [    59500,    60000)        33971    0.0714%  99.4174%
  [    60000,    60500)        30617    0.0644%  99.4817%
  [    60500,    61000)        27893    0.0586%  99.5404%
  [    61000,    61500)        24811    0.0522%  99.5925%
  [    61500,    62000)        22094    0.0464%  99.6390%
  [    62000,    62500)        19842    0.0417%  99.6807%
  [    62500,    63000)        17992    0.0378%  99.7185%
  [    63000,    63500)        15936    0.0335%  99.7520%
  [    63500,    64000)        14331    0.0301%  99.7821%
  [    64000,    64500)        12591    0.0265%  99.8086%
  [    64500,    65000)        11148    0.0234%  99.8320%
  [    65000,    65500)         9834    0.0207%  99.8527%
  [    65500,    66000)         8598    0.0181%  99.8708%
  [    66000,    66500)         7429    0.0156%  99.8864%
  [    66500,    67000)         6630    0.0139%  99.9003%
  [    67000,    67500)         5962    0.0125%  99.9129%
  [    67500,    68000)         5154    0.0108%  99.9237%
  [    68000,    68500)         4494    0.0094%  99.9331%
  [    68500,    69000)         3893    0.0082%  99.9413%
  [    69000,    69500)         3505    0.0074%  99.9487%
  [    69500,    70000)         2960    0.0062%  99.9549%
  [    70000,    70500)         2770    0.0058%  99.9607%
  [    70500,    71000)         2367    0.0050%  99.9657%
  [    71000,    71500)         1950    0.0041%  99.9698%
  [    71500,    72000)         1791    0.0038%  99.9736%
  [    72000,    72500)         1613    0.0034%  99.9770%
  [    72500,    73000)         1317    0.0028%  99.9797%
  [    73000,    73500)         1146    0.0024%  99.9821%
  [    73500,    74000)          988    0.0021%  99.9842%
  [    74000,    74500)          872    0.0018%  99.9861%
  [    74500,    75000)          787    0.0017%  99.9877%
  [    75000,    75500)          683    0.0014%  99.9891%
  [    75500,    76000)          556    0.0012%  99.9903%
  [    76000,    76500)          475    0.0010%  99.9913%
  [    76500,    77000)          415    0.0009%  99.9922%
  [    77000,    77500)          328    0.0007%  99.9929%
  [    77500,    78000)          288    0.0006%  99.9935%
  [    78000,    78500)          251    0.0005%  99.9940%
  [    78500,    79000)          203    0.0004%  99.9944%
  [    79000,    79500)          197    0.0004%  99.9949%
  [    79500,    80000)          179    0.0004%  99.9952%
  [    80000,    80500)          159    0.0003%  99.9956%
  [    80500,    81000)          141    0.0003%  99.9959%
  [    81000,    81500)          106    0.0002%  99.9961%
  [    81500,    82000)           95    0.0002%  99.9963%
  [    82000,    82500)           91    0.0002%  99.9965%
  [    82500,    83000)           95    0.0002%  99.9967%
  [    83000,    83500)           79    0.0002%  99.9968%
  [    83500,    84000)           58    0.0001%  99.9970%
  [    84000,    84500)           48    0.0001%  99.9971%
  [    84500,    85000)           57    0.0001%  99.9972%
  [    85000,    85500)           42    0.0001%  99.9973%
  [    85500,    86000)           34    0.0001%  99.9973%
  [    86000,    86500)           41    0.0001%  99.9974%
  [    86500,    87000)           24    0.0001%  99.9975%
  [    87000,    87500)           30    0.0001%  99.9975%
  [    87500,    88000)           26    0.0001%  99.9976%
  [    88000,    88500)           21    0.0000%  99.9976%
  [    88500,    89000)           21    0.0000%  99.9977%
  [    89000,    89500)           28    0.0001%  99.9977%
  [    89500,    90000)           22    0.0000%  99.9978%
  [    90000,    90500)           24    0.0001%  99.9978%
  [    90500,    91000)           15    0.0000%  99.9979%
  [    91000,    91500)           14    0.0000%  99.9979%
  [    91500,    92000)           16    0.0000%  99.9979%
  [    92000,    92500)           19    0.0000%  99.9980%
  [    92500,    93000)           15    0.0000%  99.9980%
  [    93000,    93500)           17    0.0000%  99.9980%
  [    93500,    94000)           19    0.0000%  99.9981%
  [    94000,    94500)           10    0.0000%  99.9981%
  [    94500,    95000)           10    0.0000%  99.9981%
  [    95000,    95500)           10    0.0000%  99.9981%
  [    95500,    96000)            8    0.0000%  99.9982%
  [    96000,    96500)           16    0.0000%  99.9982%
  [    96500,    97000)           14    0.0000%  99.9982%
  [    97000,    97500)           10    0.0000%  99.9982%
  [    97500,    98000)           12    0.0000%  99.9983%
  [    98000,    98500)           10    0.0000%  99.9983%
  [    98500,    99000)            9    0.0000%  99.9983%
  [    99000,    99500)           17    0.0000%  99.9983%
  [    99500,   100000)            6    0.0000%  99.9984%
  [   100000,   100500)           10    0.0000%  99.9984%
  [   100500,   101000)            5    0.0000%  99.9984%
  [   101000,   101500)           10    0.0000%  99.9984%
  [   101500,   102000)            8    0.0000%  99.9984%
  [   102000,   102500)            8    0.0000%  99.9984%
  [   102500,   103000)            8    0.0000%  99.9985%
  [   103000,   103500)            9    0.0000%  99.9985%
  [   103500,   104000)           15    0.0000%  99.9985%
  [   104000,   104500)            8    0.0000%  99.9985%
  [   104500,   105000)            8    0.0000%  99.9985%
  [   105000,   105500)            6    0.0000%  99.9986%
  [   105500,   106000)            9    0.0000%  99.9986%
  [   106000,   106500)            7    0.0000%  99.9986%
  [   106500,   107000)            9    0.0000%  99.9986%
  [   107000,   107500)            4    0.0000%  99.9986%
  [   107500,   108000)            7    0.0000%  99.9986%
  [   108000,   108500)            5    0.0000%  99.9986%
  [   108500,   109000)            4    0.0000%  99.9987%
  [   109000,   109500)            3    0.0000%  99.9987%
  [   109500,   110000)            6    0.0000%  99.9987%
  [   110000,   110500)            5    0.0000%  99.9987%
  [   110500,   111000)            7    0.0000%  99.9987%
  [   111000,   111500)            8    0.0000%  99.9987%
  [   111500,   112000)            9    0.0000%  99.9987%
  [   112000,   112500)            7    0.0000%  99.9987%
  [   112500,   113000)            2    0.0000%  99.9988%
  [   113000,   113500)            3    0.0000%  99.9988%
  [   113500,   114000)            3    0.0000%  99.9988%
  [   114000,   114500)            9    0.0000%  99.9988%
  [   114500,   115000)            5    0.0000%  99.9988%
  [   115000,   115500)           10    0.0000%  99.9988%
  [   115500,   116000)            3    0.0000%  99.9988%
  [   116000,   116500)           10    0.0000%  99.9988%
  [   116500,   117000)            8    0.0000%  99.9989%
  [   117000,   117500)            7    0.0000%  99.9989%
  [   117500,   118000)            1    0.0000%  99.9989%
  [   118000,   118500)            8    0.0000%  99.9989%
  [   118500,   119000)            4    0.0000%  99.9989%
  [   119000,   119500)            5    0.0000%  99.9989%
  [   119500,   120000)            5    0.0000%  99.9989%
  [   120000,   120500)            5    0.0000%  99.9989%
  [   120500,   121000)            2    0.0000%  99.9989%
  [   121000,   121500)            1    0.0000%  99.9989%
  [   121500,   122000)            4    0.0000%  99.9989%
  [   122000,   122500)            3    0.0000%  99.9990%
  [   123000,   123500)            2    0.0000%  99.9990%
  [   123500,   124000)            3    0.0000%  99.9990%
  [   124000,   124500)            2    0.0000%  99.9990%
  [   124500,   125000)            4    0.0000%  99.9990%
  [   125000,   125500)            6    0.0000%  99.9990%
  [   125500,   126000)            3    0.0000%  99.9990%
  [   126000,   126500)            2    0.0000%  99.9990%
  [   126500,   127000)            5    0.0000%  99.9990%
  [   127000,   127500)            5    0.0000%  99.9990%
  [   127500,   128000)            4    0.0000%  99.9990%
  [   128500,   129000)            5    0.0000%  99.9990%
  [   129000,   129500)            1    0.0000%  99.9990%
  [   129500,   130000)            3    0.0000%  99.9990%
  [   130000,   130500)            2    0.0000%  99.9991%
  [   130500,   131000)            3    0.0000%  99.9991%
  [   131000,   131500)            1    0.0000%  99.9991%
  [   131500,   132000)            3    0.0000%  99.9991%
  [   132000,   132500)            3    0.0000%  99.9991%
  [   132500,   133000)            1    0.0000%  99.9991%
  [   133000,   133500)            2    0.0000%  99.9991%
  [   133500,   134000)            2    0.0000%  99.9991%
  [   134000,   134500)            2    0.0000%  99.9991%
  [   134500,   135000)            2    0.0000%  99.9991%
  [   135000,   135500)            3    0.0000%  99.9991%
  [   135500,   136000)            3    0.0000%  99.9991%
  [   136000,   136500)            4    0.0000%  99.9991%
  [   136500,   137000)            3    0.0000%  99.9991%
  [   137000,   137500)            3    0.0000%  99.9991%
  [   137500,   138000)            2    0.0000%  99.9991%
  [   138000,   138500)            1    0.0000%  99.9991%
  [   139500,   140000)            4    0.0000%  99.9991%
  [   140000,   140500)            1    0.0000%  99.9991%
  [   140500,   141000)            1    0.0000%  99.9991%
  [   141500,   142000)            1    0.0000%  99.9991%
  [   142500,   143000)            1    0.0000%  99.9991%
  [   143000,   143500)            1    0.0000%  99.9992%
  [   147000,   147500)            1    0.0000%  99.9992%
  [   148500,   149000)            1    0.0000%  99.9992%
  [   154500,   155000)            1    0.0000%  99.9992%
  [   156500,   157000)            1    0.0000%  99.9992%
  [   159000,   159500)            1    0.0000%  99.9992%
  [   159500,   160000)            1    0.0000%  99.9992%
  [   160000,   160500)            1    0.0000%  99.9992%
  [   164500,   165000)            1    0.0000%  99.9992%
  [   168000,   168500)            1    0.0000%  99.9992%
  [   170000,   170500)            1    0.0000%  99.9992%
  [   179000,   179500)            1    0.0000%  99.9992%
  [   180500,   181000)            1    0.0000%  99.9992%
  [   186500,   187000)            1    0.0000%  99.9992%
  [   187500,   188000)            1    0.0000%  99.9992%
  [   191000,   191500)            1    0.0000%  99.9992%
  [   191500,   192000)            1    0.0000%  99.9992%
  [   193500,   194000)            1    0.0000%  99.9992%
  [   203000,   203500)            1    0.0000%  99.9992%
  [   203500,   204000)            2    0.0000%  99.9992%
  [   209500,   210000)            2    0.0000%  99.9992%
  [   212000,   212500)            1    0.0000%  99.9992%
  [   213500,   214000)            2    0.0000%  99.9992%
  [   214000,   214500)            1    0.0000%  99.9992%
  [   215500,   216000)            1    0.0000%  99.9992%
  [   224000,   224500)            1    0.0000%  99.9992%
  [   224500,   225000)            1    0.0000%  99.9992%
  [   226000,   226500)            1    0.0000%  99.9992%
  [   227000,   227500)            1    0.0000%  99.9992%
  [   230000,   230500)            1    0.0000%  99.9992%
  [   233000,   233500)            1    0.0000%  99.9992%
  [   233500,   234000)            1    0.0000%  99.9992%
  [   237500,   238000)            1    0.0000%  99.9992%
  [   239500,   240000)            1    0.0000%  99.9992%
  [   243500,   244000)            2    0.0000%  99.9992%
  [   246000,   246500)            1    0.0000%  99.9992%
  [   247000,   247500)            1    0.0000%  99.9992%
  [   251000,   251500)            1    0.0000%  99.9992%
  [   251500,   252000)            1    0.0000%  99.9992%
  [   254000,   254500)            1    0.0000%  99.9992%
  [   255500,   256000)            2    0.0000%  99.9992%
  [   257500,   258000)            1    0.0000%  99.9992%
  [   258000,   258500)            1    0.0000%  99.9992%
  [   259000,   259500)            1    0.0000%  99.9993%
  [   262500,   263000)            1    0.0000%  99.9993%
  [   263500,   264000)            1    0.0000%  99.9993%
  [   264000,   264500)            1    0.0000%  99.9993%
  [   265500,   266000)            1    0.0000%  99.9993%
  [   272000,   272500)            1    0.0000%  99.9993%
  [   274500,   275000)            1    0.0000%  99.9993%
  [   275500,   276000)            1    0.0000%  99.9993%
  [   282500,   283000)            1    0.0000%  99.9993%
  [   283000,   283500)            1    0.0000%  99.9993%
  [   288000,   288500)            1    0.0000%  99.9993%
  [   289000,   289500)            1    0.0000%  99.9993%
  [   290500,   291000)            1    0.0000%  99.9993%
  [   291500,   292000)            1    0.0000%  99.9993%
  [   292500,   293000)            1    0.0000%  99.9993%
  [   297500,   298000)            1    0.0000%  99.9993%
  [   300500,   301000)            1    0.0000%  99.9993%
  [   302500,   303000)            1    0.0000%  99.9993%
  [   303000,   303500)            1    0.0000%  99.9993%
  [   311000,   311500)            1    0.0000%  99.9993%
  [   318500,   319000)            1    0.0000%  99.9993%
  [   319000,   319500)            1    0.0000%  99.9993%
  [   323000,   323500)            1    0.0000%  99.9993%
  [   324000,   324500)            1    0.0000%  99.9993%
  [   324500,   325000)            1    0.0000%  99.9993%
  [   327500,   328000)            1    0.0000%  99.9993%
  [   338500,   339000)            1    0.0000%  99.9993%
  [   345500,   346000)            1    0.0000%  99.9993%
  [   349500,   350000)            1    0.0000%  99.9993%
  [   351500,   352000)            1    0.0000%  99.9993%
  [   352000,   352500)            1    0.0000%  99.9993%
  [   355500,   356000)            1    0.0000%  99.9993%
  [   362000,   362500)            1    0.0000%  99.9993%
  [   373500,   374000)            1    0.0000%  99.9993%
  [   383500,   384000)            1    0.0000%  99.9993%
  [   394500,   395000)            1    0.0000%  99.9993%
  [   395000,   395500)            1    0.0000%  99.9993%
  [   410000,   410500)            1    0.0000%  99.9993%
  [   417000,   417500)            1    0.0000%  99.9993%
  [   422000,   422500)            1    0.0000%  99.9993%
  [   422500,   423000)            2    0.0000%  99.9993%
  [   423500,   424000)            1    0.0000%  99.9993%
  [   426000,   426500)            1    0.0000%  99.9993%
  [   433500,   434000)            1    0.0000%  99.9993%
  [   437500,   438000)            1    0.0000%  99.9993%
  [   445000,   445500)            1    0.0000%  99.9993%
  [   448500,   449000)            1    0.0000%  99.9994%
  [   454000,   454500)            1    0.0000%  99.9994%
  [   456000,   456500)            1    0.0000%  99.9994%
  [   460000,   460500)            1    0.0000%  99.9994%
  [   460500,   461000)            1    0.0000%  99.9994%
  [   461500,   462000)            1    0.0000%  99.9994%
  [   463000,   463500)            1    0.0000%  99.9994%
  [   468000,   468500)            2    0.0000%  99.9994%
  [   474000,   474500)            1    0.0000%  99.9994%
  [   474500,   475000)            2    0.0000%  99.9994%
  [   477000,   477500)            1    0.0000%  99.9994%
  [   478500,   479000)            1    0.0000%  99.9994%
  [   480500,   481000)            1    0.0000%  99.9994%
  [   481500,   482000)            1    0.0000%  99.9994%
  [   483500,   484000)            1    0.0000%  99.9994%
  [   487000,   487500)            1    0.0000%  99.9994%
  [   489500,   490000)            1    0.0000%  99.9994%
  [   506000,   506500)            1    0.0000%  99.9994%
  [   510000,   510500)            1    0.0000%  99.9994%
  [   510500,   511000)            1    0.0000%  99.9994%
  [   511500,   512000)            1    0.0000%  99.9994%
  [   548500,   549000)            1    0.0000%  99.9994%
  [   631500,   632000)            1    0.0000%  99.9994%
  [   652000,   652500)            1    0.0000%  99.9994%
  [   731000,   731500)            1    0.0000%  99.9994%
  [   861000,   861500)            2    0.0000%  99.9994%
  [   861500,   862000)            1    0.0000%  99.9994%
  [   862500,   863000)            1    0.0000%  99.9994%
  [   864500,   865000)            1    0.0000%  99.9994%
  [   865000,   865500)            1    0.0000%  99.9994%
  [   865500,   866000)            1    0.0000%  99.9994%
  [   867000,   867500)            1    0.0000%  99.9994%
  [   867500,   868000)            1    0.0000%  99.9994%
  [   868000,   868500)            2    0.0000%  99.9994%
  [   869000,   869500)            1    0.0000%  99.9994%
  [   870000,   870500)            1    0.0000%  99.9994%
  [   870500,   871000)            1    0.0000%  99.9994%
  [   871000,   871500)            1    0.0000%  99.9994%
  [   871500,   872000)            2    0.0000%  99.9994%
  [   872000,   872500)            3    0.0000%  99.9994%
  [   872500,   873000)            1    0.0000%  99.9994%
  [   875000,   875500)            1    0.0000%  99.9995%
  [   877500,   878000)            1    0.0000%  99.9995%
  [   878000,   878500)            1    0.0000%  99.9995%
  [   881000,   881500)            1    0.0000%  99.9995%
  [   881500,   882000)            1    0.0000%  99.9995%
  [   882500,   883000)            1    0.0000%  99.9995%
  [   884000,   884500)            1    0.0000%  99.9995%
  [   885000,   885500)            1    0.0000%  99.9995%
  [   886000,   886500)            1    0.0000%  99.9995%
  [   886500,   887000)            1    0.0000%  99.9995%
  [   887500,   888000)            2    0.0000%  99.9995%
  [   888000,   888500)            1    0.0000%  99.9995%
  [   889000,   889500)            1    0.0000%  99.9995%
  [   889500,   890000)            1    0.0000%  99.9995%
  [   890000,   890500)            1    0.0000%  99.9995%
  [   891000,   891500)            1    0.0000%  99.9995%
  [   891500,   892000)            3    0.0000%  99.9995%
  [   892500,   893000)            2    0.0000%  99.9995%
  [   893500,   894000)            2    0.0000%  99.9995%
  [   895000,   895500)            1    0.0000%  99.9995%
  [   895500,   896000)            1    0.0000%  99.9995%
  [   896500,   897000)            1    0.0000%  99.9995%
  [   897000,   897500)            1    0.0000%  99.9995%
  [   897500,   898000)            1    0.0000%  99.9995%
  [   898000,   898500)            1    0.0000%  99.9995%
  [   900500,   901000)            1    0.0000%  99.9995%
  [   901000,   901500)            2    0.0000%  99.9995%
  [   902000,   902500)            1    0.0000%  99.9995%
  [   902500,   903000)            1    0.0000%  99.9995%
  [   903000,   903500)            1    0.0000%  99.9995%
  [   903500,   904000)            1    0.0000%  99.9995%
  [   904500,   905000)            1    0.0000%  99.9995%
  [   905000,   905500)            1    0.0000%  99.9995%
  [   906500,   907000)            3    0.0000%  99.9995%
  [   907000,   907500)            1    0.0000%  99.9995%
  [   908000,   908500)            1    0.0000%  99.9995%
  [   908500,   909000)            3    0.0000%  99.9995%
  [   909000,   909500)            3    0.0000%  99.9996%
  [   909500,   910000)            3    0.0000%  99.9996%
  [   910000,   910500)            2    0.0000%  99.9996%
  [   910500,   911000)            2    0.0000%  99.9996%
  [   911500,   912000)            2    0.0000%  99.9996%
  [   912000,   912500)            2    0.0000%  99.9996%
  [   912500,   913000)            1    0.0000%  99.9996%
  [   913500,   914000)            2    0.0000%  99.9996%
  [   914500,   915000)            2    0.0000%  99.9996%
  [   915000,   915500)            2    0.0000%  99.9996%
  [   915500,   916000)            2    0.0000%  99.9996%
  [   916000,   916500)            1    0.0000%  99.9996%
  [   916500,   917000)            1    0.0000%  99.9996%
  [   917000,   917500)            1    0.0000%  99.9996%
  [   918000,   918500)            1    0.0000%  99.9996%
  [   919000,   919500)            2    0.0000%  99.9996%
  [   919500,   920000)            2    0.0000%  99.9996%
  [   920500,   921000)            2    0.0000%  99.9996%
  [   921000,   921500)            2    0.0000%  99.9996%
  [   921500,   922000)            2    0.0000%  99.9996%
  [   922000,   922500)            1    0.0000%  99.9996%
  [   922500,   923000)            1    0.0000%  99.9996%
  [   923000,   923500)            1    0.0000%  99.9996%
  [   927000,   927500)            1    0.0000%  99.9996%
  [   930000,   930500)            1    0.0000%  99.9996%
  [   931500,   932000)            1    0.0000%  99.9996%
  [   932000,   932500)            1    0.0000%  99.9996%
  [   933000,   933500)            1    0.0000%  99.9996%
  [   935000,   935500)            1    0.0000%  99.9996%
  [   938000,   938500)            2    0.0000%  99.9996%
  [   938500,   939000)            1    0.0000%  99.9997%
  [   939000,   939500)            1    0.0000%  99.9997%
  [   939500,   940000)            1    0.0000%  99.9997%
  [   940000,   940500)            1    0.0000%  99.9997%
  [   940500,   941000)            1    0.0000%  99.9997%
  [   941000,   941500)            1    0.0000%  99.9997%
  [   941500,   942000)            2    0.0000%  99.9997%
  [   942000,   942500)            4    0.0000%  99.9997%
  [   942500,   943000)            2    0.0000%  99.9997%
  [   943000,   943500)            2    0.0000%  99.9997%
  [   944000,   944500)            3    0.0000%  99.9997%
  [   945000,   945500)            2    0.0000%  99.9997%
  [   945500,   946000)            1    0.0000%  99.9997%
  [   947000,   947500)            1    0.0000%  99.9997%
  [   948000,   948500)            1    0.0000%  99.9997%
  [   948500,   949000)            1    0.0000%  99.9997%
  [   949000,   949500)            2    0.0000%  99.9997%
  [   950000,   950500)            1    0.0000%  99.9997%
  [   953500,   954000)            1    0.0000%  99.9997%
  [   954000,   954500)            1    0.0000%  99.9997%
  [   955500,   956000)            1    0.0000%  99.9997%
  [   957000,   957500)            1    0.0000%  99.9997%
  [   958000,   958500)            1    0.0000%  99.9997%
  [   960000,   960500)            1    0.0000%  99.9997%
  [   961000,   961500)            1    0.0000%  99.9997%
  [   961500,   962000)            1    0.0000%  99.9997%
  [   962000,   962500)            1    0.0000%  99.9997%
  [   962500,   963000)            1    0.0000%  99.9997%
  [   963000,   963500)            1    0.0000%  99.9997%
  [   964500,   965000)            1    0.0000%  99.9997%
  [   965500,   966000)            2    0.0000%  99.9997%
  [   966000,   966500)            1    0.0000%  99.9997%
  [   966500,   967000)            1    0.0000%  99.9997%
  [   967000,   967500)            1    0.0000%  99.9997%
  [   968500,   969000)            2    0.0000%  99.9997%
  [   971000,   971500)            2    0.0000%  99.9998%
  [   972000,   972500)            1    0.0000%  99.9998%
  [   979000,   979500)            1    0.0000%  99.9998%
  [   984000,   984500)            1    0.0000%  99.9998%
  [   984500,   985000)            1    0.0000%  99.9998%
  [   986500,   987000)            3    0.0000%  99.9998%
  [   987000,   987500)            1    0.0000%  99.9998%
  [   990500,   991000)            1    0.0000%  99.9998%
  [   991500,   992000)            1    0.0000%  99.9998%
  [   992500,   993000)            3    0.0000%  99.9998%
  [   993500,   994000)            1    0.0000%  99.9998%
  [   994500,   995000)            3    0.0000%  99.9998%
  [   995500,   996000)            1    0.0000%  99.9998%
  [   996000,   996500)            2    0.0000%  99.9998%
  [   996500,   997000)            1    0.0000%  99.9998%
  [   997000,   997500)            2    0.0000%  99.9998%
  [   998000,   998500)            3    0.0000%  99.9998%
  [   998500,   999000)            2    0.0000%  99.9998%
  [   999000,   999500)            1    0.0000%  99.9998%
  [   999500, +inf)                  89    0.0002% 100.0000%

----- REMOTE OPERATIONS [node 0] -----
  ops total                = 47572038
  ops local  (cache hit)   = 0 (0.00%)
  ops remote (>=1 net op)  = 47572038 (100.00%)
  remote ops total         = 268170005
    rdma read              = 202765369
    rdma write             = 0
    rdma cas               = 0
    rpc pushdown           = 65404636
  remote ops / op          = 5.6371
  remote ops / remote op   = 5.6371

----- OFFLOADED TASKS [node 0] -----
  lookup pushdowns         = 0
  scan    pushdowns (RPC)  = 65404366
    kv pairs returned      = 1183305752
    leaves scanned remotely= 112976975
    kv / scan pushdown     = 18.09
    leaves / scan pushdown = 1.73
  per-thread breakdown (tid: lookups | scans | kv | leaves):
    t0             0 |    1890027 |   34178096 |    3263780
    t1             0 |    1727019 |   31251976 |    2983389
    t2             0 |    1888503 |   34159465 |    3261007
    t3             0 |    1729470 |   31295055 |    2988104
    t4             0 |    1908363 |   34538421 |    3297262
    t5             0 |    1740901 |   31495991 |    3006617
    t6             0 |    1894410 |   34262835 |    3271778
    t7             0 |    1733601 |   31371393 |    2994871
    t8             0 |    1905356 |   34466831 |    3291494
    t9             0 |    1741815 |   31519797 |    3009221
    t10            0 |    1892983 |   34258406 |    3270293
    t11            0 |    1739098 |   31465299 |    3003596
    t12            0 |    1895402 |   34280226 |    3273522
    t13            0 |    1733199 |   31358830 |    2993789
    t14            0 |    1898725 |   34357308 |    3280470
    t15            0 |    1729369 |   31285574 |    2987727
    t16            0 |    1906404 |   34493996 |    3292474
    t17            0 |    1736599 |   31421312 |    3000337
    t18            0 |    1891512 |   34213454 |    3266280
    t19            0 |    1732764 |   31341806 |    2992550
    t20            0 |    1883435 |   34082670 |    3254514
    t21            0 |    1742140 |   31516977 |    3008835
    t22            0 |    1893172 |   34255141 |    3269900
    t23            0 |    1739897 |   31481675 |    3005518
    t24            0 |    1908936 |   34533825 |    3297377
    t25            0 |    1737453 |   31433178 |    3002020
    t26            0 |    1897059 |   34322697 |    3276776
    t27            0 |    1735455 |   31404472 |    2997794
    t28            0 |    1902032 |   34415661 |    3285893
    t29            0 |    1741999 |   31517490 |    3009423
    t30            0 |    1894549 |   34270442 |    3272472
    t31            0 |    1738649 |   31460925 |    3003696
    t32            0 |    1902211 |   34407441 |    3284567
    t33            0 |    1743361 |   31531587 |    3010469
    t34            0 |    1898431 |   34356012 |    3280258
    t35            0 |    1730067 |   31299488 |    2988902

----- PATH-AWARE CACHE MISSES [node 0] -----
  inner-node read miss     = 0 (0.00%)
  leaf-node  read miss     = 0 (0.00%)
  total read miss          = 0
  cache writebacks         = 0
=========================================================================

Round 0 (max_throughput): 1.45642 Mops/s
Round 0 (straggler_throughput): 1.45642 Mops/s
Before barrier finish
Avg. rdma read time(ms) = 0
Avg. rdma write time(ms) = -nan
Avg. rdma read / op = 4.26228
Avg. rdma write / op = 0
Avg. rdma cas / op = 0
Avg. rdma rpc / op = 1.37485
Avg. all rdma / op = 5.63714
Avg. rdma read size/ op = 1921.71
Avg. rdma write size / op = 0
Avg. rdma RW size / op = 1921.71
------------------------------------------
Node 0 average throughput = 1.39847
Node 0 total throughput = 1.45642
All CN throughput (Max) = 1.45642
All CN throughput (Straggler) = 1.45642
Final throughput = 1.45642
------------------------------------------
