Compute node count = 1
kNodeCount 2, kReadRatio 0, kInsertRatio 0, kUpdateRatio 0, kDeleteRatio 0, kRangeRatio 100, totalThreadCount 32, memThreadCount 6 cache_size 512, uniform_workload 1, zipfian 0.990000, bulk_load_num 50000000, warmup_num 10000000, op_num 50000000, check_correctness 0, time_based 1, early_stop 1, index 0, rpc_rate 0.000000, admission_rate 0.100000, auto_tune 0
kMaxThread = 32
KeySpace = 50001000
[4mshared memory size: 64GB, 0x7f9433600000[0m
[4mcache size: 2GB[0m
[4mMachine NR: 2[0m
[4mMax_APP_THREAD: 36[0m
[4mNR_DIRECTORY: 8[0m
[4mStart Build the DSMKeeper[0m
I am servers 0 [255.127.0.0]
I connect server 1
[4mdir 0 launch!
[0m
[4mdir 1 launch!
[0m
[4mdir 2 launch!
[0m
[4mdir 3 launch!
[0m
[4mdir 4 launch!
[0m
[4mdir 5 launch!
[0m
CNode 0, left bound = 0, right bound = 18446744073709551615
Pushdown (RPC) Rate: 0
Admission Rate: 0.1
Cache size(MB) = 512
-----Cache initial addr = 0x7f9403600000
page num = 1048576
alloc_unit = 512
entry_num: 1048576
bucket_num: 349526
Bucket size = 64
entry_num: 104857
bucket_num: 17477
start generating tree
num_partitions = 1
Success: tree root pointer value [0, 67108864]
finish generating tree
Bulkload num in node 0 = 50000000
First key of bulkloading = 7325973
Last key of bulkloading = 26738230
node warmup num = 10000000
kReadRatio =0
insertmark =0
updatemark =0
deletemark =0
rangemark =100

----- REMOTE CPU LOAD (memory node dir-threads, 2s window) -----
  dir 0: active=  0.00%  msgs=1           3551 ns/msg
  dir 1: active=  0.00%  msgs=0           0 ns/msg
  dir 2: active=  0.00%  msgs=0           0 ns/msg
  dir 3: active=  0.00%  msgs=0           0 ns/msg
  dir 4: active=  0.00%  msgs=0           0 ns/msg
  dir 5: active=  0.00%  msgs=0           0 ns/msg
  AGGREGATE active = 0.00% (of 6 dir-threads; 0.00% per-thread avg)  msgs=1
[CPU compute ] process=  8.73% of 80 cores   system=  8.77%   (window 2s)
Finish warmup workload generation

----- REMOTE CPU LOAD (memory node dir-threads, 2s window) -----
  dir 0: active=  0.00%  msgs=0           0 ns/msg
  dir 1: active=  0.00%  msgs=0           0 ns/msg
  dir 2: active=  0.00%  msgs=0           0 ns/msg
  dir 3: active=  0.00%  msgs=0           0 ns/msg
  dir 4: active=  0.00%  msgs=0           0 ns/msg
  dir 5: active=  0.00%  msgs=0           0 ns/msg
  AGGREGATE active = 0.00% (of 6 dir-threads; 0.00% per-thread avg)  msgs=0
[CPU compute ] process=  8.73% of 80 cores   system=  8.76%   (window 2s)

----- REMOTE CPU LOAD (memory node dir-threads, 2s window) -----
  dir 0: active=  0.00%  msgs=0           0 ns/msg
  dir 1: active=  0.00%  msgs=0           0 ns/msg
  dir 2: active=  0.00%  msgs=0           0 ns/msg
  dir 3: active=  0.00%  msgs=0           0 ns/msg
  dir 4: active=  0.00%  msgs=0           0 ns/msg
  dir 5: active=  0.00%  msgs=0           0 ns/msg
  AGGREGATE active = 0.00% (of 6 dir-threads; 0.00% per-thread avg)  msgs=0
[CPU compute ] process=  8.73% of 80 cores   system=  8.77%   (window 2s)

----- REMOTE CPU LOAD (memory node dir-threads, 2s window) -----
  dir 0: active=  0.00%  msgs=0           0 ns/msg
  dir 1: active=  0.00%  msgs=0           0 ns/msg
  dir 2: active=  0.00%  msgs=0           0 ns/msg
  dir 3: active=  0.00%  msgs=0           0 ns/msg
  dir 4: active=  0.00%  msgs=0           0 ns/msg
  dir 5: active=  0.00%  msgs=0           0 ns/msg
  AGGREGATE active = 0.00% (of 6 dir-threads; 0.00% per-thread avg)  msgs=0
[CPU compute ] process=  8.73% of 80 cores   system=  8.76%   (window 2s)

----- REMOTE CPU LOAD (memory node dir-threads, 2s window) -----
  dir 0: active=  0.00%  msgs=0           0 ns/msg
  dir 1: active=  0.00%  msgs=0           0 ns/msg
  dir 2: active=  0.00%  msgs=0           0 ns/msg
  dir 3: active=  0.00%  msgs=0           0 ns/msg
  dir 4: active=  0.00%  msgs=0           0 ns/msg
  dir 5: active=  0.00%  msgs=0           0 ns/msg
  AGGREGATE active = 0.00% (of 6 dir-threads; 0.00% per-thread avg)  msgs=0
[CPU compute ] process=  8.72% of 80 cores   system=  8.76%   (window 2s)

----- REMOTE CPU LOAD (memory node dir-threads, 2s window) -----
  dir 0: active=  0.00%  msgs=0           0 ns/msg
  dir 1: active=  0.00%  msgs=0           0 ns/msg
  dir 2: active=  0.00%  msgs=0           0 ns/msg
  dir 3: active=  0.00%  msgs=0           0 ns/msg
  dir 4: active=  0.00%  msgs=0           0 ns/msg
  dir 5: active=  0.00%  msgs=0           0 ns/msg
  AGGREGATE active = 0.00% (of 6 dir-threads; 0.00% per-thread avg)  msgs=0
[CPU compute ] process=  8.74% of 80 cores   system=  8.77%   (window 2s)

----- REMOTE CPU LOAD (memory node dir-threads, 2s window) -----
  dir 0: active=  0.00%  msgs=0           0 ns/msg
  dir 1: active=  0.00%  msgs=0           0 ns/msg
  dir 2: active=  0.00%  msgs=0           0 ns/msg
  dir 3: active=  0.00%  msgs=0           0 ns/msg
  dir 4: active=  0.00%  msgs=0           0 ns/msg
  dir 5: active=  0.00%  msgs=0           0 ns/msg
  AGGREGATE active = 0.00% (of 6 dir-threads; 0.00% per-thread avg)  msgs=0
[CPU compute ] process=  8.73% of 80 cores   system=  8.76%   (window 2s)

----- REMOTE CPU LOAD (memory node dir-threads, 2s window) -----
  dir 0: active=  0.00%  msgs=0           0 ns/msg
  dir 1: active=  0.00%  msgs=0           0 ns/msg
  dir 2: active=  0.00%  msgs=0           0 ns/msg
  dir 3: active=  0.00%  msgs=0           0 ns/msg
  dir 4: active=  0.00%  msgs=0           0 ns/msg
  dir 5: active=  0.00%  msgs=0           0 ns/msg
  AGGREGATE active = 0.00% (of 6 dir-threads; 0.00% per-thread avg)  msgs=0
[CPU compute ] process=  8.73% of 80 cores   system=  8.76%   (window 2s)

----- REMOTE CPU LOAD (memory node dir-threads, 2s window) -----
  dir 0: active=  0.00%  msgs=0           0 ns/msg
  dir 1: active=  0.00%  msgs=0           0 ns/msg
  dir 2: active=  0.00%  msgs=0           0 ns/msg
  dir 3: active=  0.00%  msgs=0           0 ns/msg
  dir 4: active=  0.00%  msgs=0           0 ns/msg
  dir 5: active=  0.00%  msgs=0           0 ns/msg
  AGGREGATE active = 0.00% (of 6 dir-threads; 0.00% per-thread avg)  msgs=0
[CPU compute ] process=  8.73% of 80 cores   system=  8.77%   (window 2s)

----- REMOTE CPU LOAD (memory node dir-threads, 2s window) -----
  dir 0: active=  0.00%  msgs=0           0 ns/msg
  dir 1: active=  0.00%  msgs=0           0 ns/msg
  dir 2: active=  0.00%  msgs=0           0 ns/msg
  dir 3: active=  0.00%  msgs=0           0 ns/msg
  dir 4: active=  0.00%  msgs=0           0 ns/msg
  dir 5: active=  0.00%  msgs=0           0 ns/msg
  AGGREGATE active = 0.00% (of 6 dir-threads; 0.00% per-thread avg)  msgs=0
[CPU compute ] process=  8.73% of 80 cores   system=  8.76%   (window 2s)
node op_num = 50000000
Finish all workload generation

----- REMOTE CPU LOAD (memory node dir-threads, 2s window) -----
  dir 0: active=  0.00%  msgs=0           0 ns/msg
  dir 1: active=  0.00%  msgs=0           0 ns/msg
  dir 2: active=  0.00%  msgs=0           0 ns/msg
  dir 3: active=  0.00%  msgs=0           0 ns/msg
  dir 4: active=  0.00%  msgs=0           0 ns/msg
  dir 5: active=  0.00%  msgs=0           0 ns/msg
  AGGREGATE active = 0.00% (of 6 dir-threads; 0.00% per-thread avg)  msgs=0
[CPU compute ] process=  8.73% of 80 cores   system=  8.76%   (window 2s)

----- REMOTE CPU LOAD (memory node dir-threads, 2s window) -----
  dir 0: active=  0.00%  msgs=0           0 ns/msg
  dir 1: active=  0.00%  msgs=0           0 ns/msg
  dir 2: active=  0.00%  msgs=0           0 ns/msg
  dir 3: active=  0.00%  msgs=0           0 ns/msg
  dir 4: active=  0.00%  msgs=0           0 ns/msg
  dir 5: active=  0.00%  msgs=0           0 ns/msg
  AGGREGATE active = 0.00% (of 6 dir-threads; 0.00% per-thread avg)  msgs=0
[CPU compute ] process=  8.73% of 80 cores   system=  8.77%   (window 2s)

----- REMOTE CPU LOAD (memory node dir-threads, 2s window) -----
  dir 0: active=  0.00%  msgs=0           0 ns/msg
  dir 1: active=  0.00%  msgs=0           0 ns/msg
  dir 2: active=  0.00%  msgs=0           0 ns/msg
  dir 3: active=  0.00%  msgs=0           0 ns/msg
  dir 4: active=  0.00%  msgs=0           0 ns/msg
  dir 5: active=  0.00%  msgs=0           0 ns/msg
  AGGREGATE active = 0.00% (of 6 dir-threads; 0.00% per-thread avg)  msgs=0
[CPU compute ] process=  8.73% of 80 cores   system=  8.77%   (window 2s)
Fetched new height = 1
Success: tree root pointer value [0, 67109888]
Height = 2
Success: tree root pointer value [0, 67112448]
Height = 3
Success: tree root pointer value [0, 67118080]
Height = 4
Success: tree root pointer value [1, 11520355498]
Height = 5
Success: tree root pointer value [1, 11520396970]
Height = 6
Success: tree root pointer value [1, 11520460970]
Height = 7
Success: tree root pointer value [1, 11520589482]
Height = 8
Success: tree root pointer value [0, 67593216]
Height = 9
Success: tree root pointer value [0, 68085760]
Height = 10
Success: tree root pointer value [0, 69071360]
Height = 11
Success: tree root pointer value [0, 71043072]
Height = 12
Success: tree root pointer value [1, 11528565418]
Height = 13
Success: tree root pointer value [1, 11536799402]
Height = 14
Success: tree root pointer value [1, 11553267882]
Height = 15

----- REMOTE CPU LOAD (memory node dir-threads, 2s window) -----
  dir 0: active=  0.00%  msgs=0           0 ns/msg
  dir 1: active=  0.00%  msgs=0           0 ns/msg
  dir 2: active=  0.00%  msgs=0           0 ns/msg
  dir 3: active=  0.00%  msgs=1           2327 ns/msg
  dir 4: active=  0.00%  msgs=0           0 ns/msg
  dir 5: active=  0.00%  msgs=0           0 ns/msg
  AGGREGATE active = 0.00% (of 6 dir-threads; 0.00% per-thread avg)  msgs=1
[CPU compute ] process=  8.73% of 80 cores   system=  8.76%   (window 2s)
Success: tree root pointer value [1, 23005897556]
Height = 16
Success: tree root pointer value [0, 11545881770]
Height = 17

----- REMOTE CPU LOAD (memory node dir-threads, 2s window) -----
  dir 0: active=  0.00%  msgs=0           0 ns/msg
  dir 1: active=  0.00%  msgs=2           1258 ns/msg
  dir 2: active=  0.00%  msgs=0           0 ns/msg
  dir 3: active=  0.00%  msgs=1           495 ns/msg
  dir 4: active=  0.00%  msgs=0           0 ns/msg
  dir 5: active=  0.00%  msgs=2           947 ns/msg
  AGGREGATE active = 0.00% (of 6 dir-threads; 0.00% per-thread avg)  msgs=5
[CPU compute ] process=  8.73% of 80 cores   system=  8.78%   (window 2s)
Success: tree root pointer value [0, 34511465982]
Height = 18

----- REMOTE CPU LOAD (memory node dir-threads, 2s window) -----
  dir 0: active=  0.00%  msgs=0           0 ns/msg
  dir 1: active=  0.00%  msgs=1           389 ns/msg
  dir 2: active=  0.00%  msgs=0           0 ns/msg
  dir 3: active=  0.00%  msgs=2           262 ns/msg
  dir 4: active=  0.00%  msgs=0           0 ns/msg
  dir 5: active=  0.00%  msgs=2           340 ns/msg
  AGGREGATE active = 0.00% (of 6 dir-threads; 0.00% per-thread avg)  msgs=5
[CPU compute ] process=  8.73% of 80 cores   system=  8.76%   (window 2s)
Success: tree root pointer value [0, 11656049322]
Height = 19

----- REMOTE CPU LOAD (memory node dir-threads, 2s window) -----
  dir 0: active=  0.00%  msgs=0           0 ns/msg
  dir 1: active=  0.00%  msgs=2           374 ns/msg
  dir 2: active=  0.00%  msgs=0           0 ns/msg
  dir 3: active=  0.00%  msgs=2           288 ns/msg
  dir 4: active=  0.00%  msgs=0           0 ns/msg
  dir 5: active=  0.00%  msgs=1           306 ns/msg
  AGGREGATE active = 0.00% (of 6 dir-threads; 0.00% per-thread avg)  msgs=5
[CPU compute ] process=  8.73% of 80 cores   system=  8.77%   (window 2s)
entering dynamic phase

----- REMOTE CPU LOAD (memory node dir-threads, 2s window) -----
  dir 0: active=  0.00%  msgs=0           0 ns/msg
  dir 1: active=  0.00%  msgs=2           404 ns/msg
  dir 2: active=  0.00%  msgs=0           0 ns/msg
  dir 3: active=  0.00%  msgs=1           268 ns/msg
  dir 4: active=  0.00%  msgs=0           0 ns/msg
  dir 5: active=  0.00%  msgs=2           312 ns/msg
  AGGREGATE active = 0.00% (of 6 dir-threads; 0.00% per-thread avg)  msgs=5
[CPU compute ] process=  8.73% of 80 cores   system=  8.76%   (window 2s)

----- REMOTE CPU LOAD (memory node dir-threads, 2s window) -----
  dir 0: active=  0.00%  msgs=2           792 ns/msg
  dir 1: active=  0.00%  msgs=0           0 ns/msg
  dir 2: active=  0.00%  msgs=1           2416 ns/msg
  dir 3: active=  0.00%  msgs=1           359 ns/msg
  dir 4: active=  0.00%  msgs=1           1976 ns/msg
  dir 5: active=  0.00%  msgs=0           0 ns/msg
  AGGREGATE active = 0.00% (of 6 dir-threads; 0.00% per-thread avg)  msgs=5
[CPU compute ] process=  8.73% of 80 cores   system=  8.77%   (window 2s)
Success: tree root pointer value [0, 23043674452]
Height = 20

----- REMOTE CPU LOAD (memory node dir-threads, 2s window) -----
  dir 0: active=  0.00%  msgs=1           436 ns/msg
  dir 1: active=  0.00%  msgs=0           0 ns/msg
  dir 2: active=  0.00%  msgs=2           272 ns/msg
  dir 3: active=  0.00%  msgs=0           0 ns/msg
  dir 4: active=  0.00%  msgs=1           399 ns/msg
  dir 5: active=  0.00%  msgs=0           0 ns/msg
  AGGREGATE active = 0.00% (of 6 dir-threads; 0.00% per-thread avg)  msgs=4
[CPU compute ] process=  8.72% of 80 cores   system=  8.76%   (window 2s)

----- REMOTE CPU LOAD (memory node dir-threads, 2s window) -----
  dir 0: active=  0.00%  msgs=2           332 ns/msg
  dir 1: active=  0.00%  msgs=0           0 ns/msg
  dir 2: active=  0.00%  msgs=1           408 ns/msg
  dir 3: active=  0.00%  msgs=0           0 ns/msg
  dir 4: active=  0.00%  msgs=2           332 ns/msg
  dir 5: active=  0.00%  msgs=0           0 ns/msg
  AGGREGATE active = 0.00% (of 6 dir-threads; 0.00% per-thread avg)  msgs=5
[CPU compute ] process=  8.73% of 80 cores   system=  8.77%   (window 2s)

----- REMOTE CPU LOAD (memory node dir-threads, 2s window) -----
  dir 0: active=  0.00%  msgs=1           354 ns/msg
  dir 1: active=  0.00%  msgs=0           0 ns/msg
  dir 2: active=  0.00%  msgs=2           369 ns/msg
  dir 3: active=  0.00%  msgs=0           0 ns/msg
  dir 4: active=  0.00%  msgs=1           314 ns/msg
  dir 5: active=  0.00%  msgs=0           0 ns/msg
  AGGREGATE active = 0.00% (of 6 dir-threads; 0.00% per-thread avg)  msgs=4
[CPU compute ] process=  8.73% of 80 cores   system=  8.77%   (window 2s)

----- REMOTE CPU LOAD (memory node dir-threads, 2s window) -----
  dir 0: active=  0.00%  msgs=1           407 ns/msg
  dir 1: active=  0.00%  msgs=0           0 ns/msg
  dir 2: active=  0.00%  msgs=1           254 ns/msg
  dir 3: active=  0.00%  msgs=0           0 ns/msg
  dir 4: active=  0.00%  msgs=2           459 ns/msg
  dir 5: active=  0.00%  msgs=0           0 ns/msg
  AGGREGATE active = 0.00% (of 6 dir-threads; 0.00% per-thread avg)  msgs=4
[CPU compute ] process=  8.73% of 80 cores   system=  8.76%   (window 2s)

----- REMOTE CPU LOAD (memory node dir-threads, 2s window) -----
  dir 0: active=  0.00%  msgs=1           488 ns/msg
  dir 1: active=  0.00%  msgs=1           1206 ns/msg
  dir 2: active=  0.00%  msgs=1           286 ns/msg
  dir 3: active=  0.00%  msgs=1           581 ns/msg
  dir 4: active=  0.00%  msgs=0           0 ns/msg
  dir 5: active=  0.00%  msgs=1           518 ns/msg
  AGGREGATE active = 0.00% (of 6 dir-threads; 0.00% per-thread avg)  msgs=5
[CPU compute ] process=  8.73% of 80 cores   system=  8.76%   (window 2s)

----- REMOTE CPU LOAD (memory node dir-threads, 2s window) -----
  dir 0: active=  0.00%  msgs=0           0 ns/msg
  dir 1: active=  0.00%  msgs=1           348 ns/msg
  dir 2: active=  0.00%  msgs=0           0 ns/msg
  dir 3: active=  0.00%  msgs=1           285 ns/msg
  dir 4: active=  0.00%  msgs=0           0 ns/msg
  dir 5: active=  0.00%  msgs=2           597 ns/msg
  AGGREGATE active = 0.00% (of 6 dir-threads; 0.00% per-thread avg)  msgs=4
[CPU compute ] process=  8.74% of 80 cores   system=  8.77%   (window 2s)

----- REMOTE CPU LOAD (memory node dir-threads, 2s window) -----
  dir 0: active=  0.00%  msgs=0           0 ns/msg
  dir 1: active=  0.00%  msgs=2           286 ns/msg
  dir 2: active=  0.00%  msgs=0           0 ns/msg
  dir 3: active=  0.00%  msgs=1           384 ns/msg
  dir 4: active=  0.00%  msgs=0           0 ns/msg
  dir 5: active=  0.00%  msgs=1           262 ns/msg
  AGGREGATE active = 0.00% (of 6 dir-threads; 0.00% per-thread avg)  msgs=4
[CPU compute ] process=  8.73% of 80 cores   system=  8.76%   (window 2s)
Success: tree root pointer value [1, 23403893076]
Height = 21

----- REMOTE CPU LOAD (memory node dir-threads, 2s window) -----
  dir 0: active=  0.00%  msgs=0           0 ns/msg
  dir 1: active=  0.00%  msgs=1           640 ns/msg
  dir 2: active=  0.00%  msgs=0           0 ns/msg
  dir 3: active=  0.00%  msgs=2           385 ns/msg
  dir 4: active=  0.00%  msgs=0           0 ns/msg
  dir 5: active=  0.00%  msgs=2           536 ns/msg
  AGGREGATE active = 0.00% (of 6 dir-threads; 0.00% per-thread avg)  msgs=5
[CPU compute ] process=  8.72% of 80 cores   system=  8.78%   (window 2s)

----- REMOTE CPU LOAD (memory node dir-threads, 2s window) -----
  dir 0: active=  0.00%  msgs=0           0 ns/msg
  dir 1: active=  0.00%  msgs=2           476 ns/msg
  dir 2: active=  0.00%  msgs=0           0 ns/msg
  dir 3: active=  0.00%  msgs=1           439 ns/msg
  dir 4: active=  0.00%  msgs=0           0 ns/msg
  dir 5: active=  0.00%  msgs=1           332 ns/msg
  AGGREGATE active = 0.00% (of 6 dir-threads; 0.00% per-thread avg)  msgs=4
[CPU compute ] process=  8.73% of 80 cores   system=  8.76%   (window 2s)

----- REMOTE CPU LOAD (memory node dir-threads, 2s window) -----
  dir 0: active=  0.00%  msgs=0           0 ns/msg
  dir 1: active=  0.00%  msgs=1           297 ns/msg
  dir 2: active=  0.00%  msgs=0           0 ns/msg
  dir 3: active=  0.00%  msgs=1           330 ns/msg
  dir 4: active=  0.00%  msgs=1           689 ns/msg
  dir 5: active=  0.00%  msgs=1           427 ns/msg
  AGGREGATE active = 0.00% (of 6 dir-threads; 0.00% per-thread avg)  msgs=4
[CPU compute ] process=  8.73% of 80 cores   system=  8.77%   (window 2s)

----- REMOTE CPU LOAD (memory node dir-threads, 2s window) -----
  dir 0: active=  0.00%  msgs=2           512 ns/msg
  dir 1: active=  0.00%  msgs=0           0 ns/msg
  dir 2: active=  0.00%  msgs=2           374 ns/msg
  dir 3: active=  0.00%  msgs=0           0 ns/msg
  dir 4: active=  0.00%  msgs=1           677 ns/msg
  dir 5: active=  0.00%  msgs=0           0 ns/msg
  AGGREGATE active = 0.00% (of 6 dir-threads; 0.00% per-thread avg)  msgs=5
[CPU compute ] process=  8.73% of 80 cores   system=  8.76%   (window 2s)

----- REMOTE CPU LOAD (memory node dir-threads, 2s window) -----
  dir 0: active=  0.00%  msgs=1           724 ns/msg
  dir 1: active=  0.00%  msgs=0           0 ns/msg
  dir 2: active=  0.00%  msgs=1           242 ns/msg
  dir 3: active=  0.00%  msgs=0           0 ns/msg
  dir 4: active=  0.00%  msgs=2           567 ns/msg
  dir 5: active=  0.00%  msgs=0           0 ns/msg
  AGGREGATE active = 0.00% (of 6 dir-threads; 0.00% per-thread avg)  msgs=4
[CPU compute ] process=  8.73% of 80 cores   system=  8.77%   (window 2s)

----- REMOTE CPU LOAD (memory node dir-threads, 2s window) -----
  dir 0: active=  0.00%  msgs=2           373 ns/msg
  dir 1: active=  0.00%  msgs=0           0 ns/msg
  dir 2: active=  0.00%  msgs=1           392 ns/msg
  dir 3: active=  0.00%  msgs=0           0 ns/msg
  dir 4: active=  0.00%  msgs=1           712 ns/msg
  dir 5: active=  0.00%  msgs=0           0 ns/msg
  AGGREGATE active = 0.00% (of 6 dir-threads; 0.00% per-thread avg)  msgs=4
[CPU compute ] process=  8.73% of 80 cores   system=  8.77%   (window 2s)

----- REMOTE CPU LOAD (memory node dir-threads, 2s window) -----
  dir 0: active=  0.00%  msgs=1           320 ns/msg
  dir 1: active=  0.00%  msgs=0           0 ns/msg
  dir 2: active=  0.00%  msgs=2           383 ns/msg
  dir 3: active=  0.00%  msgs=0           0 ns/msg
  dir 4: active=  0.00%  msgs=1           623 ns/msg
  dir 5: active=  0.00%  msgs=0           0 ns/msg
  AGGREGATE active = 0.00% (of 6 dir-threads; 0.00% per-thread avg)  msgs=4
[CPU compute ] process=  8.73% of 80 cores   system=  8.76%   (window 2s)

----- REMOTE CPU LOAD (memory node dir-threads, 2s window) -----
  dir 0: active=  0.00%  msgs=1           408 ns/msg
  dir 1: active=  0.00%  msgs=1           630 ns/msg
  dir 2: active=  0.00%  msgs=1           324 ns/msg
  dir 3: active=  0.00%  msgs=0           0 ns/msg
  dir 4: active=  0.00%  msgs=2           371 ns/msg
  dir 5: active=  0.00%  msgs=0           0 ns/msg
  AGGREGATE active = 0.00% (of 6 dir-threads; 0.00% per-thread avg)  msgs=5
[CPU compute ] process=  8.73% of 80 cores   system=  8.76%   (window 2s)

----- REMOTE CPU LOAD (memory node dir-threads, 2s window) -----
  dir 0: active=  0.00%  msgs=0           0 ns/msg
  dir 1: active=  0.00%  msgs=1           311 ns/msg
  dir 2: active=  0.00%  msgs=0           0 ns/msg
  dir 3: active=  0.00%  msgs=2           457 ns/msg
  dir 4: active=  0.00%  msgs=0           0 ns/msg
  dir 5: active=  0.00%  msgs=1           481 ns/msg
  AGGREGATE active = 0.00% (of 6 dir-threads; 0.00% per-thread avg)  msgs=4
[CPU compute ] process=  8.72% of 80 cores   system=  8.76%   (window 2s)

----- REMOTE CPU LOAD (memory node dir-threads, 2s window) -----
  dir 0: active=  0.00%  msgs=0           0 ns/msg
  dir 1: active=  0.00%  msgs=1           353 ns/msg
  dir 2: active=  0.00%  msgs=0           0 ns/msg
  dir 3: active=  0.00%  msgs=1           310 ns/msg
  dir 4: active=  0.00%  msgs=0           0 ns/msg
  dir 5: active=  0.00%  msgs=2           390 ns/msg
  AGGREGATE active = 0.00% (of 6 dir-threads; 0.00% per-thread avg)  msgs=4
[CPU compute ] process=  8.74% of 80 cores   system=  8.77%   (window 2s)

----- REMOTE CPU LOAD (memory node dir-threads, 2s window) -----
  dir 0: active=  0.00%  msgs=0           0 ns/msg
  dir 1: active=  0.00%  msgs=2           368 ns/msg
  dir 2: active=  0.00%  msgs=0           0 ns/msg
  dir 3: active=  0.00%  msgs=1           693 ns/msg
  dir 4: active=  0.00%  msgs=0           0 ns/msg
  dir 5: active=  0.00%  msgs=1           434 ns/msg
  AGGREGATE active = 0.00% (of 6 dir-threads; 0.00% per-thread avg)  msgs=4
[CPU compute ] process=  8.73% of 80 cores   system=  8.77%   (window 2s)

----- REMOTE CPU LOAD (memory node dir-threads, 2s window) -----
  dir 0: active=  0.00%  msgs=0           0 ns/msg
  dir 1: active=  0.00%  msgs=1           238 ns/msg
  dir 2: active=  0.00%  msgs=0           0 ns/msg
  dir 3: active=  0.00%  msgs=2           450 ns/msg
  dir 4: active=  0.00%  msgs=0           0 ns/msg
  dir 5: active=  0.00%  msgs=2           468 ns/msg
  AGGREGATE active = 0.00% (of 6 dir-threads; 0.00% per-thread avg)  msgs=5
[CPU compute ] process=  8.73% of 80 cores   system=  8.78%   (window 2s)

----- REMOTE CPU LOAD (memory node dir-threads, 2s window) -----
  dir 0: active=  0.00%  msgs=0           0 ns/msg
  dir 1: active=  0.00%  msgs=2           538 ns/msg
  dir 2: active=  0.00%  msgs=0           0 ns/msg
  dir 3: active=  0.00%  msgs=1           364 ns/msg
  dir 4: active=  0.00%  msgs=0           0 ns/msg
  dir 5: active=  0.00%  msgs=1           301 ns/msg
  AGGREGATE active = 0.00% (of 6 dir-threads; 0.00% per-thread avg)  msgs=4
[CPU compute ] process=  8.74% of 80 cores   system=  8.77%   (window 2s)

----- REMOTE CPU LOAD (memory node dir-threads, 2s window) -----
  dir 0: active=  0.00%  msgs=1           781 ns/msg
  dir 1: active=  0.00%  msgs=0           0 ns/msg
  dir 2: active=  0.00%  msgs=1           459 ns/msg
  dir 3: active=  0.00%  msgs=1           686 ns/msg
  dir 4: active=  0.00%  msgs=1           466 ns/msg
  dir 5: active=  0.00%  msgs=0           0 ns/msg
  AGGREGATE active = 0.00% (of 6 dir-threads; 0.00% per-thread avg)  msgs=4
[CPU compute ] process=  8.73% of 80 cores   system=  8.77%   (window 2s)
Success: tree root pointer value [1, 57959068498]
Height = 22

----- REMOTE CPU LOAD (memory node dir-threads, 2s window) -----
  dir 0: active=  0.00%  msgs=2           350 ns/msg
  dir 1: active=  0.00%  msgs=0           0 ns/msg
  dir 2: active=  0.00%  msgs=1           257 ns/msg
  dir 3: active=  0.00%  msgs=0           0 ns/msg
  dir 4: active=  0.00%  msgs=1           300 ns/msg
  dir 5: active=  0.00%  msgs=0           0 ns/msg
  AGGREGATE active = 0.00% (of 6 dir-threads; 0.00% per-thread avg)  msgs=4
[CPU compute ] process=  8.73% of 80 cores   system=  8.86%   (window 2s)

----- REMOTE CPU LOAD (memory node dir-threads, 2s window) -----
  dir 0: active=  0.00%  msgs=1           319 ns/msg
  dir 1: active=  0.00%  msgs=0           0 ns/msg
  dir 2: active=  0.00%  msgs=2           349 ns/msg
  dir 3: active=  0.00%  msgs=0           0 ns/msg
  dir 4: active=  0.00%  msgs=2           564 ns/msg
  dir 5: active=  0.00%  msgs=0           0 ns/msg
  AGGREGATE active = 0.00% (of 6 dir-threads; 0.00% per-thread avg)  msgs=5
[CPU compute ] process=  8.72% of 80 cores   system=  8.77%   (window 2s)

----- REMOTE CPU LOAD (memory node dir-threads, 2s window) -----
  dir 0: active=  0.00%  msgs=2           396 ns/msg
  dir 1: active=  0.00%  msgs=0           0 ns/msg
  dir 2: active=  0.00%  msgs=1           324 ns/msg
  dir 3: active=  0.00%  msgs=0           0 ns/msg
  dir 4: active=  0.00%  msgs=1           415 ns/msg
  dir 5: active=  0.00%  msgs=0           0 ns/msg
  AGGREGATE active = 0.00% (of 6 dir-threads; 0.00% per-thread avg)  msgs=4
[CPU compute ] process=  8.73% of 80 cores   system=  8.77%   (window 2s)

----- REMOTE CPU LOAD (memory node dir-threads, 2s window) -----
  dir 0: active=  0.00%  msgs=1           324 ns/msg
  dir 1: active=  0.00%  msgs=0           0 ns/msg
  dir 2: active=  0.00%  msgs=2           305 ns/msg
  dir 3: active=  0.00%  msgs=0           0 ns/msg
  dir 4: active=  0.00%  msgs=1           287 ns/msg
  dir 5: active=  0.00%  msgs=0           0 ns/msg
  AGGREGATE active = 0.00% (of 6 dir-threads; 0.00% per-thread avg)  msgs=4
[CPU compute ] process=  8.73% of 80 cores   system=  8.77%   (window 2s)

----- REMOTE CPU LOAD (memory node dir-threads, 2s window) -----
  dir 0: active=  0.00%  msgs=1           415 ns/msg
  dir 1: active=  0.00%  msgs=0           0 ns/msg
  dir 2: active=  0.00%  msgs=1           338 ns/msg
  dir 3: active=  0.00%  msgs=0           0 ns/msg
  dir 4: active=  0.00%  msgs=1           391 ns/msg
  dir 5: active=  0.00%  msgs=1           448 ns/msg
  AGGREGATE active = 0.00% (of 6 dir-threads; 0.00% per-thread avg)  msgs=4
[CPU compute ] process=  8.73% of 80 cores   system=  8.77%   (window 2s)

----- REMOTE CPU LOAD (memory node dir-threads, 2s window) -----
  dir 0: active=  0.00%  msgs=0           0 ns/msg
  dir 1: active=  0.00%  msgs=2           492 ns/msg
  dir 2: active=  0.00%  msgs=0           0 ns/msg
  dir 3: active=  0.00%  msgs=1           463 ns/msg
  dir 4: active=  0.00%  msgs=0           0 ns/msg
  dir 5: active=  0.00%  msgs=1           234 ns/msg
  AGGREGATE active = 0.00% (of 6 dir-threads; 0.00% per-thread avg)  msgs=4
[CPU compute ] process=  8.73% of 80 cores   system=  8.77%   (window 2s)

----- REMOTE CPU LOAD (memory node dir-threads, 2s window) -----
  dir 0: active=  0.00%  msgs=0           0 ns/msg
  dir 1: active=  0.00%  msgs=1           351 ns/msg
  dir 2: active=  0.00%  msgs=0           0 ns/msg
  dir 3: active=  0.00%  msgs=2           400 ns/msg
  dir 4: active=  0.00%  msgs=0           0 ns/msg
  dir 5: active=  0.00%  msgs=2           238 ns/msg
  AGGREGATE active = 0.00% (of 6 dir-threads; 0.00% per-thread avg)  msgs=5
[CPU compute ] process=  8.73% of 80 cores   system=  8.76%   (window 2s)
#leaf nodes = 3846153
leaf size(MB) = 1878
#inner nodes = 3846104
inner size(MB) = 1877.98
Tree height = 22
Cache capacity = 1048576
max. leaf entries = 26
max. inner entries = 5
Inner page size = 160
Leaf page size = 512
node 0 finish its bulkload
IMPORTANT: my root is 3798405513084929
0 is ready for the benchmark
I am 0
Fetched new height = 22
I am 3
I am 1
I am 2
I am 17
I am 25
I am 27
I am 30
I am 4
I am 31
I am 10
I am 21
I am 13
I am 16
I am 18
I am 6
I am 5
I am 8
I am 23
I am 29
I am 22
I am 26
I am 20
I am 12
I am 24
I am 9
I am 28
I am 14
I am 19
I am 11
I am 15
I am 7
entering dynamic phase

----- REMOTE CPU LOAD (memory node dir-threads, 2s window) -----
  dir 0: active=  0.00%  msgs=0           0 ns/msg
  dir 1: active=  0.00%  msgs=1           293 ns/msg
  dir 2: active=  0.00%  msgs=0           0 ns/msg
  dir 3: active=  0.00%  msgs=0           0 ns/msg
  dir 4: active=  0.00%  msgs=0           0 ns/msg
  dir 5: active=  0.00%  msgs=0           0 ns/msg
  AGGREGATE active = 0.00% (of 6 dir-threads; 0.00% per-thread avg)  msgs=1
[CPU compute ] process= 20.42% of 80 cores   system= 20.50%   (window 2s)

----- REMOTE CPU LOAD (memory node dir-threads, 2s window) -----
  dir 0: active=  0.00%  msgs=0           0 ns/msg
  dir 1: active=  0.00%  msgs=0           0 ns/msg
  dir 2: active=  0.00%  msgs=0           0 ns/msg
  dir 3: active=  0.00%  msgs=0           0 ns/msg
  dir 4: active=  0.00%  msgs=0           0 ns/msg
  dir 5: active=  0.00%  msgs=0           0 ns/msg
  AGGREGATE active = 0.00% (of 6 dir-threads; 0.00% per-thread avg)  msgs=0
[CPU compute ] process= 47.34% of 80 cores   system= 47.51%   (window 2s)

----- REMOTE CPU LOAD (memory node dir-threads, 2s window) -----
  dir 0: active=  0.00%  msgs=0           0 ns/msg
  dir 1: active=  0.00%  msgs=0           0 ns/msg
  dir 2: active=  0.00%  msgs=0           0 ns/msg
  dir 3: active=  0.00%  msgs=0           0 ns/msg
  dir 4: active=  0.00%  msgs=0           0 ns/msg
  dir 5: active=  0.00%  msgs=0           0 ns/msg
  AGGREGATE active = 0.00% (of 6 dir-threads; 0.00% per-thread avg)  msgs=0
[CPU compute ] process= 47.35% of 80 cores   system= 47.52%   (window 2s)

----- REMOTE CPU LOAD (memory node dir-threads, 2s window) -----
  dir 0: active=  0.00%  msgs=0           0 ns/msg
  dir 1: active=  0.00%  msgs=0           0 ns/msg
  dir 2: active=  0.00%  msgs=0           0 ns/msg
  dir 3: active=  0.00%  msgs=0           0 ns/msg
  dir 4: active=  0.00%  msgs=0           0 ns/msg
  dir 5: active=  0.00%  msgs=0           0 ns/msg
  AGGREGATE active = 0.00% (of 6 dir-threads; 0.00% per-thread avg)  msgs=0
[CPU compute ] process= 47.34% of 80 cores   system= 47.51%   (window 2s)

----- REMOTE CPU LOAD (memory node dir-threads, 2s window) -----
  dir 0: active=  0.00%  msgs=0           0 ns/msg
  dir 1: active=  0.00%  msgs=0           0 ns/msg
  dir 2: active=  0.00%  msgs=0           0 ns/msg
  dir 3: active=  0.00%  msgs=0           0 ns/msg
  dir 4: active=  0.00%  msgs=0           0 ns/msg
  dir 5: active=  0.00%  msgs=0           0 ns/msg
  AGGREGATE active = 0.00% (of 6 dir-threads; 0.00% per-thread avg)  msgs=0
[CPU compute ] process= 47.35% of 80 cores   system= 47.51%   (window 2s)

----- REMOTE CPU LOAD (memory node dir-threads, 2s window) -----
  dir 0: active=  0.00%  msgs=0           0 ns/msg
  dir 1: active=  0.00%  msgs=0           0 ns/msg
  dir 2: active=  0.00%  msgs=0           0 ns/msg
  dir 3: active=  0.00%  msgs=0           0 ns/msg
  dir 4: active=  0.00%  msgs=0           0 ns/msg
  dir 5: active=  0.00%  msgs=0           0 ns/msg
  AGGREGATE active = 0.00% (of 6 dir-threads; 0.00% per-thread avg)  msgs=0
[CPU compute ] process= 47.35% of 80 cores   system= 47.52%   (window 2s)

----- REMOTE CPU LOAD (memory node dir-threads, 2s window) -----
  dir 0: active=  0.00%  msgs=0           0 ns/msg
  dir 1: active=  0.00%  msgs=0           0 ns/msg
  dir 2: active=  0.00%  msgs=0           0 ns/msg
  dir 3: active=  0.00%  msgs=0           0 ns/msg
  dir 4: active=  0.00%  msgs=0           0 ns/msg
  dir 5: active=  0.00%  msgs=0           0 ns/msg
  AGGREGATE active = 0.00% (of 6 dir-threads; 0.00% per-thread avg)  msgs=0
[CPU compute ] process= 47.34% of 80 cores   system= 47.51%   (window 2s)

----- REMOTE CPU LOAD (memory node dir-threads, 2s window) -----
  dir 0: active=  0.00%  msgs=0           0 ns/msg
  dir 1: active=  0.00%  msgs=0           0 ns/msg
  dir 2: active=  0.00%  msgs=0           0 ns/msg
  dir 3: active=  0.00%  msgs=0           0 ns/msg
  dir 4: active=  0.00%  msgs=0           0 ns/msg
  dir 5: active=  0.00%  msgs=0           0 ns/msg
  AGGREGATE active = 0.00% (of 6 dir-threads; 0.00% per-thread avg)  msgs=0
[CPU compute ] process= 47.35% of 80 cores   system= 47.52%   (window 2s)

----- REMOTE CPU LOAD (memory node dir-threads, 2s window) -----
  dir 0: active=  0.00%  msgs=0           0 ns/msg
  dir 1: active=  0.00%  msgs=0           0 ns/msg
  dir 2: active=  0.00%  msgs=0           0 ns/msg
  dir 3: active=  0.00%  msgs=0           0 ns/msg
  dir 4: active=  0.00%  msgs=0           0 ns/msg
  dir 5: active=  0.00%  msgs=0           0 ns/msg
  AGGREGATE active = 0.00% (of 6 dir-threads; 0.00% per-thread avg)  msgs=0
[CPU compute ] process= 47.35% of 80 cores   system= 47.51%   (window 2s)

----- REMOTE CPU LOAD (memory node dir-threads, 2s window) -----
  dir 0: active=  0.00%  msgs=0           0 ns/msg
  dir 1: active=  0.00%  msgs=0           0 ns/msg
  dir 2: active=  0.00%  msgs=0           0 ns/msg
  dir 3: active=  0.00%  msgs=0           0 ns/msg
  dir 4: active=  0.00%  msgs=0           0 ns/msg
  dir 5: active=  0.00%  msgs=0           0 ns/msg
  AGGREGATE active = 0.00% (of 6 dir-threads; 0.00% per-thread avg)  msgs=0
[CPU compute ] process= 47.35% of 80 cores   system= 47.51%   (window 2s)
Thread_op_num = 1562500
node 0 finish warmup

----- REMOTE CPU LOAD (memory node dir-threads, 2s window) -----
  dir 0: active=  0.00%  msgs=0           0 ns/msg
  dir 1: active=  0.00%  msgs=0           0 ns/msg
  dir 2: active=  0.00%  msgs=0           0 ns/msg
  dir 3: active=  0.00%  msgs=0           0 ns/msg
  dir 4: active=  0.00%  msgs=0           0 ns/msg
  dir 5: active=  0.00%  msgs=0           0 ns/msg
  AGGREGATE active = 0.00% (of 6 dir-threads; 0.00% per-thread avg)  msgs=0
[CPU compute ] process= 47.35% of 80 cores   system= 47.52%   (window 2s)
Start collecting the statistic

----- REMOTE CPU LOAD (memory node dir-threads, 2s window) -----
  dir 0: active=  0.00%  msgs=0           0 ns/msg
  dir 1: active=  0.00%  msgs=0           0 ns/msg
  dir 2: active=  0.00%  msgs=0           0 ns/msg
  dir 3: active=  0.00%  msgs=0           0 ns/msg
  dir 4: active=  0.00%  msgs=0           0 ns/msg
  dir 5: active=  0.00%  msgs=0           0 ns/msg
  AGGREGATE active = 0.00% (of 6 dir-threads; 0.00% per-thread avg)  msgs=0
[CPU compute ] process= 47.37% of 80 cores   system= 47.51%   (window 2s)
0, throughput 0.4992
cluster throughput 0.499

----- REMOTE CPU LOAD (memory node dir-threads, 2s window) -----
  dir 0: active=  0.00%  msgs=0           0 ns/msg
  dir 1: active=  0.00%  msgs=0           0 ns/msg
  dir 2: active=  0.00%  msgs=0           0 ns/msg
  dir 3: active=  0.00%  msgs=0           0 ns/msg
  dir 4: active=  0.00%  msgs=0           0 ns/msg
  dir 5: active=  0.00%  msgs=0           0 ns/msg
  AGGREGATE active = 0.00% (of 6 dir-threads; 0.00% per-thread avg)  msgs=0
[CPU compute ] process= 47.33% of 80 cores   system= 47.51%   (window 2s)
0, throughput 0.4993
cluster throughput 0.499

----- REMOTE CPU LOAD (memory node dir-threads, 2s window) -----
  dir 0: active=  0.00%  msgs=0           0 ns/msg
  dir 1: active=  0.00%  msgs=0           0 ns/msg
  dir 2: active=  0.00%  msgs=0           0 ns/msg
  dir 3: active=  0.00%  msgs=0           0 ns/msg
  dir 4: active=  0.00%  msgs=0           0 ns/msg
  dir 5: active=  0.00%  msgs=0           0 ns/msg
  AGGREGATE active = 0.00% (of 6 dir-threads; 0.00% per-thread avg)  msgs=0
[CPU compute ] process= 47.35% of 80 cores   system= 47.51%   (window 2s)
0, throughput 0.4995
cluster throughput 0.499

----- REMOTE CPU LOAD (memory node dir-threads, 2s window) -----
  dir 0: active=  0.00%  msgs=0           0 ns/msg
  dir 1: active=  0.00%  msgs=0           0 ns/msg
  dir 2: active=  0.00%  msgs=0           0 ns/msg
  dir 3: active=  0.00%  msgs=0           0 ns/msg
  dir 4: active=  0.00%  msgs=0           0 ns/msg
  dir 5: active=  0.00%  msgs=0           0 ns/msg
  AGGREGATE active = 0.00% (of 6 dir-threads; 0.00% per-thread avg)  msgs=0
[CPU compute ] process= 47.34% of 80 cores   system= 47.51%   (window 2s)
0, throughput 0.4996
cluster throughput 0.499

----- REMOTE CPU LOAD (memory node dir-threads, 2s window) -----
  dir 0: active=  0.00%  msgs=0           0 ns/msg
  dir 1: active=  0.00%  msgs=0           0 ns/msg
  dir 2: active=  0.00%  msgs=0           0 ns/msg
  dir 3: active=  0.00%  msgs=0           0 ns/msg
  dir 4: active=  0.00%  msgs=0           0 ns/msg
  dir 5: active=  0.00%  msgs=0           0 ns/msg
  AGGREGATE active = 0.00% (of 6 dir-threads; 0.00% per-thread avg)  msgs=0
[CPU compute ] process= 47.35% of 80 cores   system= 47.52%   (window 2s)
0, throughput 0.4994
cluster throughput 0.499

----- REMOTE CPU LOAD (memory node dir-threads, 2s window) -----
  dir 0: active=  0.00%  msgs=0           0 ns/msg
  dir 1: active=  0.00%  msgs=0           0 ns/msg
  dir 2: active=  0.00%  msgs=0           0 ns/msg
  dir 3: active=  0.00%  msgs=0           0 ns/msg
  dir 4: active=  0.00%  msgs=0           0 ns/msg
  dir 5: active=  0.00%  msgs=0           0 ns/msg
  AGGREGATE active = 0.00% (of 6 dir-threads; 0.00% per-thread avg)  msgs=0
[CPU compute ] process= 47.35% of 80 cores   system= 47.51%   (window 2s)
0, throughput 0.4995
cluster throughput 0.499

----- REMOTE CPU LOAD (memory node dir-threads, 2s window) -----
  dir 0: active=  0.00%  msgs=0           0 ns/msg
  dir 1: active=  0.00%  msgs=0           0 ns/msg
  dir 2: active=  0.00%  msgs=0           0 ns/msg
  dir 3: active=  0.00%  msgs=0           0 ns/msg
  dir 4: active=  0.00%  msgs=0           0 ns/msg
  dir 5: active=  0.00%  msgs=0           0 ns/msg
  AGGREGATE active = 0.00% (of 6 dir-threads; 0.00% per-thread avg)  msgs=0
[CPU compute ] process= 47.35% of 80 cores   system= 47.51%   (window 2s)
0, throughput 0.4997
cluster throughput 0.499

----- REMOTE CPU LOAD (memory node dir-threads, 2s window) -----
  dir 0: active=  0.00%  msgs=0           0 ns/msg
  dir 1: active=  0.00%  msgs=0           0 ns/msg
  dir 2: active=  0.00%  msgs=0           0 ns/msg
  dir 3: active=  0.00%  msgs=0           0 ns/msg
  dir 4: active=  0.00%  msgs=0           0 ns/msg
  dir 5: active=  0.00%  msgs=0           0 ns/msg
  AGGREGATE active = 0.00% (of 6 dir-threads; 0.00% per-thread avg)  msgs=0
[CPU compute ] process= 47.34% of 80 cores   system= 47.52%   (window 2s)
0, throughput 0.4995
cluster throughput 0.499

----- REMOTE CPU LOAD (memory node dir-threads, 2s window) -----
  dir 0: active=  0.00%  msgs=0           0 ns/msg
  dir 1: active=  0.00%  msgs=0           0 ns/msg
  dir 2: active=  0.00%  msgs=0           0 ns/msg
  dir 3: active=  0.00%  msgs=0           0 ns/msg
  dir 4: active=  0.00%  msgs=0           0 ns/msg
  dir 5: active=  0.00%  msgs=0           0 ns/msg
  AGGREGATE active = 0.00% (of 6 dir-threads; 0.00% per-thread avg)  msgs=0
[CPU compute ] process= 47.35% of 80 cores   system= 47.51%   (window 2s)
0, throughput 0.4998
cluster throughput 0.499

----- REMOTE CPU LOAD (memory node dir-threads, 2s window) -----
  dir 0: active=  0.00%  msgs=0           0 ns/msg
  dir 1: active=  0.00%  msgs=0           0 ns/msg
  dir 2: active=  0.00%  msgs=0           0 ns/msg
  dir 3: active=  0.00%  msgs=0           0 ns/msg
  dir 4: active=  0.00%  msgs=0           0 ns/msg
  dir 5: active=  0.00%  msgs=0           0 ns/msg
  AGGREGATE active = 0.00% (of 6 dir-threads; 0.00% per-thread avg)  msgs=0
[CPU compute ] process= 47.34% of 80 cores   system= 47.51%   (window 2s)
0, throughput 0.4994
cluster throughput 0.499

----- REMOTE CPU LOAD (memory node dir-threads, 2s window) -----
  dir 0: active=  0.00%  msgs=0           0 ns/msg
  dir 1: active=  0.00%  msgs=0           0 ns/msg
  dir 2: active=  0.00%  msgs=0           0 ns/msg
  dir 3: active=  0.00%  msgs=0           0 ns/msg
  dir 4: active=  0.00%  msgs=0           0 ns/msg
  dir 5: active=  0.00%  msgs=0           0 ns/msg
  AGGREGATE active = 0.00% (of 6 dir-threads; 0.00% per-thread avg)  msgs=0
[CPU compute ] process= 47.34% of 80 cores   system= 47.51%   (window 2s)
0, throughput 0.4995
cluster throughput 0.499

----- REMOTE CPU LOAD (memory node dir-threads, 2s window) -----
  dir 0: active=  0.00%  msgs=0           0 ns/msg
  dir 1: active=  0.00%  msgs=0           0 ns/msg
  dir 2: active=  0.00%  msgs=0           0 ns/msg
  dir 3: active=  0.00%  msgs=0           0 ns/msg
  dir 4: active=  0.00%  msgs=0           0 ns/msg
  dir 5: active=  0.00%  msgs=0           0 ns/msg
  AGGREGATE active = 0.00% (of 6 dir-threads; 0.00% per-thread avg)  msgs=0
[CPU compute ] process= 47.35% of 80 cores   system= 47.51%   (window 2s)
0, throughput 0.4996
cluster throughput 0.499

----- REMOTE CPU LOAD (memory node dir-threads, 2s window) -----
  dir 0: active=  0.00%  msgs=0           0 ns/msg
  dir 1: active=  0.00%  msgs=0           0 ns/msg
  dir 2: active=  0.00%  msgs=0           0 ns/msg
  dir 3: active=  0.00%  msgs=0           0 ns/msg
  dir 4: active=  0.00%  msgs=0           0 ns/msg
  dir 5: active=  0.00%  msgs=0           0 ns/msg
  AGGREGATE active = 0.00% (of 6 dir-threads; 0.00% per-thread avg)  msgs=0
[CPU compute ] process= 47.35% of 80 cores   system= 47.52%   (window 2s)
0, throughput 0.4995
cluster throughput 0.499

----- REMOTE CPU LOAD (memory node dir-threads, 2s window) -----
  dir 0: active=  0.00%  msgs=0           0 ns/msg
  dir 1: active=  0.00%  msgs=0           0 ns/msg
  dir 2: active=  0.00%  msgs=0           0 ns/msg
  dir 3: active=  0.00%  msgs=0           0 ns/msg
  dir 4: active=  0.00%  msgs=0           0 ns/msg
  dir 5: active=  0.00%  msgs=0           0 ns/msg
  AGGREGATE active = 0.00% (of 6 dir-threads; 0.00% per-thread avg)  msgs=0
[CPU compute ] process= 47.34% of 80 cores   system= 47.51%   (window 2s)
0, throughput 0.4991
cluster throughput 0.499

----- REMOTE CPU LOAD (memory node dir-threads, 2s window) -----
  dir 0: active=  0.00%  msgs=0           0 ns/msg
  dir 1: active=  0.00%  msgs=0           0 ns/msg
  dir 2: active=  0.00%  msgs=0           0 ns/msg
  dir 3: active=  0.00%  msgs=0           0 ns/msg
  dir 4: active=  0.00%  msgs=0           0 ns/msg
  dir 5: active=  0.00%  msgs=0           0 ns/msg
  AGGREGATE active = 0.00% (of 6 dir-threads; 0.00% per-thread avg)  msgs=0
[CPU compute ] process= 47.34% of 80 cores   system= 47.51%   (window 2s)
0, throughput 0.4993
cluster throughput 0.499

----- REMOTE CPU LOAD (memory node dir-threads, 2s window) -----
  dir 0: active=  0.00%  msgs=0           0 ns/msg
  dir 1: active=  0.00%  msgs=0           0 ns/msg
  dir 2: active=  0.00%  msgs=0           0 ns/msg
  dir 3: active=  0.00%  msgs=0           0 ns/msg
  dir 4: active=  0.00%  msgs=0           0 ns/msg
  dir 5: active=  0.00%  msgs=0           0 ns/msg
  AGGREGATE active = 0.00% (of 6 dir-threads; 0.00% per-thread avg)  msgs=0
[CPU compute ] process= 47.34% of 80 cores   system= 47.52%   (window 2s)
0, throughput 0.4996
cluster throughput 0.499

----- REMOTE CPU LOAD (memory node dir-threads, 2s window) -----
  dir 0: active=  0.00%  msgs=0           0 ns/msg
  dir 1: active=  0.00%  msgs=0           0 ns/msg
  dir 2: active=  0.00%  msgs=0           0 ns/msg
  dir 3: active=  0.00%  msgs=0           0 ns/msg
  dir 4: active=  0.00%  msgs=0           0 ns/msg
  dir 5: active=  0.00%  msgs=0           0 ns/msg
  AGGREGATE active = 0.00% (of 6 dir-threads; 0.00% per-thread avg)  msgs=0
[CPU compute ] process= 47.34% of 80 cores   system= 47.51%   (window 2s)
0, throughput 0.4994
cluster throughput 0.499

----- REMOTE CPU LOAD (memory node dir-threads, 2s window) -----
  dir 0: active=  0.00%  msgs=0           0 ns/msg
  dir 1: active=  0.00%  msgs=0           0 ns/msg
  dir 2: active=  0.00%  msgs=0           0 ns/msg
  dir 3: active=  0.00%  msgs=0           0 ns/msg
  dir 4: active=  0.00%  msgs=0           0 ns/msg
  dir 5: active=  0.00%  msgs=0           0 ns/msg
  AGGREGATE active = 0.00% (of 6 dir-threads; 0.00% per-thread avg)  msgs=0
[CPU compute ] process= 47.35% of 80 cores   system= 47.52%   (window 2s)
0, throughput 0.4994
cluster throughput 0.499

----- REMOTE CPU LOAD (memory node dir-threads, 2s window) -----
  dir 0: active=  0.00%  msgs=0           0 ns/msg
  dir 1: active=  0.00%  msgs=0           0 ns/msg
  dir 2: active=  0.00%  msgs=0           0 ns/msg
  dir 3: active=  0.00%  msgs=0           0 ns/msg
  dir 4: active=  0.00%  msgs=0           0 ns/msg
  dir 5: active=  0.00%  msgs=0           0 ns/msg
  AGGREGATE active = 0.00% (of 6 dir-threads; 0.00% per-thread avg)  msgs=0
[CPU compute ] process= 47.34% of 80 cores   system= 47.51%   (window 2s)
0, throughput 0.4996
cluster throughput 0.499

----- REMOTE CPU LOAD (memory node dir-threads, 2s window) -----
  dir 0: active=  0.00%  msgs=0           0 ns/msg
  dir 1: active=  0.00%  msgs=0           0 ns/msg
  dir 2: active=  0.00%  msgs=0           0 ns/msg
  dir 3: active=  0.00%  msgs=0           0 ns/msg
  dir 4: active=  0.00%  msgs=0           0 ns/msg
  dir 5: active=  0.00%  msgs=0           0 ns/msg
  AGGREGATE active = 0.00% (of 6 dir-threads; 0.00% per-thread avg)  msgs=0
[CPU compute ] process= 47.34% of 80 cores   system= 47.51%   (window 2s)
0, throughput 0.4993
cluster throughput 0.499

----- REMOTE CPU LOAD (memory node dir-threads, 2s window) -----
  dir 0: active=  0.00%  msgs=0           0 ns/msg
  dir 1: active=  0.00%  msgs=0           0 ns/msg
  dir 2: active=  0.00%  msgs=0           0 ns/msg
  dir 3: active=  0.00%  msgs=0           0 ns/msg
  dir 4: active=  0.00%  msgs=0           0 ns/msg
  dir 5: active=  0.00%  msgs=0           0 ns/msg
  AGGREGATE active = 0.00% (of 6 dir-threads; 0.00% per-thread avg)  msgs=0
[CPU compute ] process= 47.35% of 80 cores   system= 47.52%   (window 2s)
0, throughput 0.4994
cluster throughput 0.499

----- REMOTE CPU LOAD (memory node dir-threads, 2s window) -----
  dir 0: active=  0.00%  msgs=0           0 ns/msg
  dir 1: active=  0.00%  msgs=0           0 ns/msg
  dir 2: active=  0.00%  msgs=0           0 ns/msg
  dir 3: active=  0.00%  msgs=0           0 ns/msg
  dir 4: active=  0.00%  msgs=0           0 ns/msg
  dir 5: active=  0.00%  msgs=0           0 ns/msg
  AGGREGATE active = 0.00% (of 6 dir-threads; 0.00% per-thread avg)  msgs=0
[CPU compute ] process= 47.34% of 80 cores   system= 47.51%   (window 2s)
0, throughput 0.4991
cluster throughput 0.499

----- REMOTE CPU LOAD (memory node dir-threads, 2s window) -----
  dir 0: active=  0.00%  msgs=0           0 ns/msg
  dir 1: active=  0.00%  msgs=0           0 ns/msg
  dir 2: active=  0.00%  msgs=0           0 ns/msg
  dir 3: active=  0.00%  msgs=0           0 ns/msg
  dir 4: active=  0.00%  msgs=0           0 ns/msg
  dir 5: active=  0.00%  msgs=0           0 ns/msg
  AGGREGATE active = 0.00% (of 6 dir-threads; 0.00% per-thread avg)  msgs=0
[CPU compute ] process= 47.34% of 80 cores   system= 47.51%   (window 2s)
0, throughput 0.4995
cluster throughput 0.499

----- REMOTE CPU LOAD (memory node dir-threads, 2s window) -----
  dir 0: active=  0.00%  msgs=0           0 ns/msg
  dir 1: active=  0.00%  msgs=0           0 ns/msg
  dir 2: active=  0.00%  msgs=0           0 ns/msg
  dir 3: active=  0.00%  msgs=0           0 ns/msg
  dir 4: active=  0.00%  msgs=0           0 ns/msg
  dir 5: active=  0.00%  msgs=0           0 ns/msg
  AGGREGATE active = 0.00% (of 6 dir-threads; 0.00% per-thread avg)  msgs=0
[CPU compute ] process= 47.34% of 80 cores   system= 47.52%   (window 2s)
0, throughput 0.4995
cluster throughput 0.499

----- REMOTE CPU LOAD (memory node dir-threads, 2s window) -----
  dir 0: active=  0.00%  msgs=0           0 ns/msg
  dir 1: active=  0.00%  msgs=0           0 ns/msg
  dir 2: active=  0.00%  msgs=0           0 ns/msg
  dir 3: active=  0.00%  msgs=0           0 ns/msg
  dir 4: active=  0.00%  msgs=0           0 ns/msg
  dir 5: active=  0.00%  msgs=0           0 ns/msg
  AGGREGATE active = 0.00% (of 6 dir-threads; 0.00% per-thread avg)  msgs=0
[CPU compute ] process= 47.35% of 80 cores   system= 47.51%   (window 2s)
0, throughput 0.4997
cluster throughput 0.499

----- REMOTE CPU LOAD (memory node dir-threads, 2s window) -----
  dir 0: active=  0.00%  msgs=0           0 ns/msg
  dir 1: active=  0.00%  msgs=0           0 ns/msg
  dir 2: active=  0.00%  msgs=0           0 ns/msg
  dir 3: active=  0.00%  msgs=0           0 ns/msg
  dir 4: active=  0.00%  msgs=0           0 ns/msg
  dir 5: active=  0.00%  msgs=0           0 ns/msg
  AGGREGATE active = 0.00% (of 6 dir-threads; 0.00% per-thread avg)  msgs=0
[CPU compute ] process= 47.35% of 80 cores   system= 47.52%   (window 2s)
0, throughput 0.4995
cluster throughput 0.499

----- REMOTE CPU LOAD (memory node dir-threads, 2s window) -----
  dir 0: active=  0.00%  msgs=0           0 ns/msg
  dir 1: active=  0.00%  msgs=0           0 ns/msg
  dir 2: active=  0.00%  msgs=0           0 ns/msg
  dir 3: active=  0.00%  msgs=0           0 ns/msg
  dir 4: active=  0.00%  msgs=0           0 ns/msg
  dir 5: active=  0.00%  msgs=0           0 ns/msg
  AGGREGATE active = 0.00% (of 6 dir-threads; 0.00% per-thread avg)  msgs=0
[CPU compute ] process= 47.34% of 80 cores   system= 47.51%   (window 2s)
0, throughput 0.4994
cluster throughput 0.499

----- REMOTE CPU LOAD (memory node dir-threads, 2s window) -----
  dir 0: active=  0.00%  msgs=0           0 ns/msg
  dir 1: active=  0.00%  msgs=0           0 ns/msg
  dir 2: active=  0.00%  msgs=0           0 ns/msg
  dir 3: active=  0.00%  msgs=0           0 ns/msg
  dir 4: active=  0.00%  msgs=0           0 ns/msg
  dir 5: active=  0.00%  msgs=0           0 ns/msg
  AGGREGATE active = 0.00% (of 6 dir-threads; 0.00% per-thread avg)  msgs=0
[CPU compute ] process= 47.34% of 80 cores   system= 47.51%   (window 2s)
0, throughput 0.4996
cluster throughput 0.499

----- REMOTE CPU LOAD (memory node dir-threads, 2s window) -----
  dir 0: active=  0.00%  msgs=0           0 ns/msg
  dir 1: active=  0.00%  msgs=0           0 ns/msg
  dir 2: active=  0.00%  msgs=0           0 ns/msg
  dir 3: active=  0.00%  msgs=0           0 ns/msg
  dir 4: active=  0.00%  msgs=0           0 ns/msg
  dir 5: active=  0.00%  msgs=0           0 ns/msg
  AGGREGATE active = 0.00% (of 6 dir-threads; 0.00% per-thread avg)  msgs=0
[CPU compute ] process= 47.35% of 80 cores   system= 47.53%   (window 2s)
0, throughput 0.4994
cluster throughput 0.499

----- REMOTE CPU LOAD (memory node dir-threads, 2s window) -----
  dir 0: active=  0.00%  msgs=0           0 ns/msg
  dir 1: active=  0.00%  msgs=0           0 ns/msg
  dir 2: active=  0.00%  msgs=0           0 ns/msg
  dir 3: active=  0.00%  msgs=0           0 ns/msg
  dir 4: active=  0.00%  msgs=0           0 ns/msg
  dir 5: active=  0.00%  msgs=0           0 ns/msg
  AGGREGATE active = 0.00% (of 6 dir-threads; 0.00% per-thread avg)  msgs=0
[CPU compute ] process= 47.33% of 80 cores   system= 47.51%   (window 2s)
0, throughput 0.4991
cluster throughput 0.499

----- REMOTE CPU LOAD (memory node dir-threads, 2s window) -----
  dir 0: active=  0.00%  msgs=0           0 ns/msg
  dir 1: active=  0.00%  msgs=0           0 ns/msg
  dir 2: active=  0.00%  msgs=0           0 ns/msg
  dir 3: active=  0.00%  msgs=0           0 ns/msg
  dir 4: active=  0.00%  msgs=0           0 ns/msg
  dir 5: active=  0.00%  msgs=0           0 ns/msg
  AGGREGATE active = 0.00% (of 6 dir-threads; 0.00% per-thread avg)  msgs=0
[CPU compute ] process= 47.35% of 80 cores   system= 47.52%   (window 2s)
0, throughput 0.4993
cluster throughput 0.499
Running time is larger than 60seconds

----- REMOTE CPU LOAD (memory node dir-threads, 2s window) -----
  dir 0: active=  0.00%  msgs=0           0 ns/msg
  dir 1: active=  0.00%  msgs=0           0 ns/msg
  dir 2: active=  0.00%  msgs=0           0 ns/msg
  dir 3: active=  0.00%  msgs=0           0 ns/msg
  dir 4: active=  0.00%  msgs=0           0 ns/msg
  dir 5: active=  0.00%  msgs=0           0 ns/msg
  AGGREGATE active = 0.00% (of 6 dir-threads; 0.00% per-thread avg)  msgs=0
[CPU compute ] process= 35.06% of 80 cores   system= 35.19%   (window 2s)

==================== LATENCY BUCKETS (500 ns) [node 0] ====================
[RANGE]
  ALL                n=30967777   mean=   64.02us  p50=  66.00us  p90=  81.00us  p99=  92.50us  p99.9= 102.00us  max>=1000.00us
  LOCAL (cache hit)         (no samples)
  REMOTE (miss/rpc)  n=30967777   mean=   64.02us  p50=  66.00us  p90=  81.00us  p99=  92.50us  p99.9= 102.00us  max>=1000.00us
[ALL OPS]
  ALL                n=30967777   mean=   64.02us  p50=  66.00us  p90=  81.00us  p99=  92.50us  p99.9= 102.00us  max>=1000.00us
  LOCAL (cache hit)         (no samples)
  REMOTE (miss/rpc)  n=30967777   mean=   64.02us  p50=  66.00us  p90=  81.00us  p99=  92.50us  p99.9= 102.00us  max>=1000.00us

----- 500 ns bucket CDF (all ops) [node 0] -----
  bucket [lo,hi) ns             count        pct       cdf
  [     4500,     5000)            2    0.0000%   0.0000%
  [     5000,     5500)            1    0.0000%   0.0000%
  [     5500,     6000)            2    0.0000%   0.0000%
  [     9500,    10000)            1    0.0000%   0.0000%
  [    10500,    11000)            1    0.0000%   0.0000%
  [    11500,    12000)            2    0.0000%   0.0000%
  [    12000,    12500)            3    0.0000%   0.0000%
  [    12500,    13000)            3    0.0000%   0.0000%
  [    13000,    13500)            4    0.0000%   0.0001%
  [    13500,    14000)            3    0.0000%   0.0001%
  [    14000,    14500)           10    0.0000%   0.0001%
  [    14500,    15000)           18    0.0001%   0.0002%
  [    15000,    15500)           25    0.0001%   0.0002%
  [    15500,    16000)           35    0.0001%   0.0004%
  [    16000,    16500)           53    0.0002%   0.0005%
  [    16500,    17000)           95    0.0003%   0.0008%
  [    17000,    17500)          181    0.0006%   0.0014%
  [    17500,    18000)          233    0.0008%   0.0022%
  [    18000,    18500)          319    0.0010%   0.0032%
  [    18500,    19000)          477    0.0015%   0.0047%
  [    19000,    19500)          712    0.0023%   0.0070%
  [    19500,    20000)         1034    0.0033%   0.0104%
  [    20000,    20500)         1348    0.0044%   0.0147%
  [    20500,    21000)         1890    0.0061%   0.0208%
  [    21000,    21500)         2535    0.0082%   0.0290%
  [    21500,    22000)         3534    0.0114%   0.0404%
  [    22000,    22500)         4753    0.0153%   0.0558%
  [    22500,    23000)         6125    0.0198%   0.0756%
  [    23000,    23500)         7509    0.0242%   0.0998%
  [    23500,    24000)         9329    0.0301%   0.1299%
  [    24000,    24500)        11750    0.0379%   0.1679%
  [    24500,    25000)        14458    0.0467%   0.2146%
  [    25000,    25500)        17255    0.0557%   0.2703%
  [    25500,    26000)        19705    0.0636%   0.3339%
  [    26000,    26500)        22579    0.0729%   0.4068%
  [    26500,    27000)        25934    0.0837%   0.4906%
  [    27000,    27500)        29648    0.0957%   0.5863%
  [    27500,    28000)        32587    0.1052%   0.6915%
  [    28000,    28500)        35283    0.1139%   0.8055%
  [    28500,    29000)        38629    0.1247%   0.9302%
  [    29000,    29500)        41725    0.1347%   1.0649%
  [    29500,    30000)        44807    0.1447%   1.2096%
  [    30000,    30500)        47470    0.1533%   1.3629%
  [    30500,    31000)        51104    0.1650%   1.5279%
  [    31000,    31500)        54678    0.1766%   1.7045%
  [    31500,    32000)        57990    0.1873%   1.8918%
  [    32000,    32500)        61104    0.1973%   2.0891%
  [    32500,    33000)        63775    0.2059%   2.2950%
  [    33000,    33500)        66553    0.2149%   2.5099%
  [    33500,    34000)        69671    0.2250%   2.7349%
  [    34000,    34500)        72648    0.2346%   2.9695%
  [    34500,    35000)        76301    0.2464%   3.2159%
  [    35000,    35500)        79703    0.2574%   3.4733%
  [    35500,    36000)        82205    0.2655%   3.7387%
  [    36000,    36500)        85514    0.2761%   4.0149%
  [    36500,    37000)        88651    0.2863%   4.3011%
  [    37000,    37500)        93243    0.3011%   4.6022%
  [    37500,    38000)        97158    0.3137%   4.9160%
  [    38000,    38500)       101159    0.3267%   5.2426%
  [    38500,    39000)       104731    0.3382%   5.5808%
  [    39000,    39500)       109842    0.3547%   5.9355%
  [    39500,    40000)       114548    0.3699%   6.3054%
  [    40000,    40500)       119449    0.3857%   6.6911%
  [    40500,    41000)       123721    0.3995%   7.0906%
  [    41000,    41500)       127847    0.4128%   7.5035%
  [    41500,    42000)       132833    0.4289%   7.9324%
  [    42000,    42500)       137038    0.4425%   8.3749%
  [    42500,    43000)       140756    0.4545%   8.8295%
  [    43000,    43500)       144715    0.4673%   9.2968%
  [    43500,    44000)       148223    0.4786%   9.7754%
  [    44000,    44500)       152241    0.4916%  10.2670%
  [    44500,    45000)       156145    0.5042%  10.7712%
  [    45000,    45500)       159728    0.5158%  11.2870%
  [    45500,    46000)       164796    0.5322%  11.8192%
  [    46000,    46500)       170006    0.5490%  12.3682%
  [    46500,    47000)       174076    0.5621%  12.9303%
  [    47000,    47500)       177475    0.5731%  13.5034%
  [    47500,    48000)       181987    0.5877%  14.0910%
  [    48000,    48500)       188984    0.6103%  14.7013%
  [    48500,    49000)       195840    0.6324%  15.3337%
  [    49000,    49500)       202724    0.6546%  15.9883%
  [    49500,    50000)       208783    0.6742%  16.6625%
  [    50000,    50500)       214722    0.6934%  17.3559%
  [    50500,    51000)       222779    0.7194%  18.0753%
  [    51000,    51500)       229882    0.7423%  18.8176%
  [    51500,    52000)       239687    0.7740%  19.5916%
  [    52000,    52500)       246634    0.7964%  20.3880%
  [    52500,    53000)       255402    0.8247%  21.2128%
  [    53000,    53500)       262917    0.8490%  22.0618%
  [    53500,    54000)       268836    0.8681%  22.9299%
  [    54000,    54500)       276057    0.8914%  23.8213%
  [    54500,    55000)       286409    0.9249%  24.7462%
  [    55000,    55500)       293755    0.9486%  25.6947%
  [    55500,    56000)       300663    0.9709%  26.6656%
  [    56000,    56500)       307711    0.9936%  27.6593%
  [    56500,    57000)       315402    1.0185%  28.6778%
  [    57000,    57500)       323849    1.0458%  29.7235%
  [    57500,    58000)       330059    1.0658%  30.7893%
  [    58000,    58500)       336402    1.0863%  31.8756%
  [    58500,    59000)       344664    1.1130%  32.9886%
  [    59000,    59500)       351626    1.1355%  34.1241%
  [    59500,    60000)       359265    1.1601%  35.2842%
  [    60000,    60500)       366242    1.1827%  36.4669%
  [    60500,    61000)       375107    1.2113%  37.6781%
  [    61000,    61500)       382848    1.2363%  38.9144%
  [    61500,    62000)       391029    1.2627%  40.1771%
  [    62000,    62500)       396811    1.2814%  41.4585%
  [    62500,    63000)       402873    1.3009%  42.7594%
  [    63000,    63500)       412394    1.3317%  44.0911%
  [    63500,    64000)       419032    1.3531%  45.4442%
  [    64000,    64500)       424308    1.3702%  46.8144%
  [    64500,    65000)       427177    1.3794%  48.1938%
  [    65000,    65500)       433055    1.3984%  49.5922%
  [    65500,    66000)       440160    1.4213%  51.0136%
  [    66000,    66500)       444674    1.4359%  52.4495%
  [    66500,    67000)       451761    1.4588%  53.9083%
  [    67000,    67500)       459365    1.4834%  55.3917%
  [    67500,    68000)       465333    1.5026%  56.8943%
  [    68000,    68500)       471179    1.5215%  58.4158%
  [    68500,    69000)       474983    1.5338%  59.9496%
  [    69000,    69500)       483050    1.5598%  61.5095%
  [    69500,    70000)       488753    1.5783%  63.0877%
  [    70000,    70500)       493728    1.5943%  64.6821%
  [    70500,    71000)       490936    1.5853%  66.2674%
  [    71000,    71500)       485182    1.5667%  67.8341%
  [    71500,    72000)       480845    1.5527%  69.3868%
  [    72000,    72500)       476582    1.5390%  70.9258%
  [    72500,    73000)       465871    1.5044%  72.4302%
  [    73000,    73500)       452706    1.4619%  73.8920%
  [    73500,    74000)       439159    1.4181%  75.3101%
  [    74000,    74500)       427969    1.3820%  76.6921%
  [    74500,    75000)       415311    1.3411%  78.0332%
  [    75000,    75500)       402124    1.2985%  79.3318%
  [    75500,    76000)       391184    1.2632%  80.5949%
  [    76000,    76500)       378485    1.2222%  81.8171%
  [    76500,    77000)       363040    1.1723%  82.9895%
  [    77000,    77500)       348133    1.1242%  84.1136%
  [    77500,    78000)       332966    1.0752%  85.1888%
  [    78000,    78500)       321035    1.0367%  86.2255%
  [    78500,    79000)       305968    0.9880%  87.2135%
  [    79000,    79500)       288866    0.9328%  88.1463%
  [    79500,    80000)       271679    0.8773%  89.0236%
  [    80000,    80500)       257189    0.8305%  89.8541%
  [    80500,    81000)       242383    0.7827%  90.6368%
  [    81000,    81500)       228120    0.7366%  91.3735%
  [    81500,    82000)       213393    0.6891%  92.0625%
  [    82000,    82500)       199257    0.6434%  92.7060%
  [    82500,    83000)       186768    0.6031%  93.3091%
  [    83000,    83500)       173232    0.5594%  93.8685%
  [    83500,    84000)       160914    0.5196%  94.3881%
  [    84000,    84500)       150177    0.4849%  94.8730%
  [    84500,    85000)       140267    0.4529%  95.3260%
  [    85000,    85500)       129574    0.4184%  95.7444%
  [    85500,    86000)       119882    0.3871%  96.1315%
  [    86000,    86500)       110335    0.3563%  96.4878%
  [    86500,    87000)       101553    0.3279%  96.8157%
  [    87000,    87500)        94151    0.3040%  97.1198%
  [    87500,    88000)        85808    0.2771%  97.3968%
  [    88000,    88500)        78319    0.2529%  97.6498%
  [    88500,    89000)        71361    0.2304%  97.8802%
  [    89000,    89500)        65142    0.2104%  98.0905%
  [    89500,    90000)        59261    0.1914%  98.2819%
  [    90000,    90500)        53976    0.1743%  98.4562%
  [    90500,    91000)        48639    0.1571%  98.6133%
  [    91000,    91500)        45090    0.1456%  98.7589%
  [    91500,    92000)        40251    0.1300%  98.8888%
  [    92000,    92500)        36486    0.1178%  99.0067%
  [    92500,    93000)        32862    0.1061%  99.1128%
  [    93000,    93500)        29852    0.0964%  99.2092%
  [    93500,    94000)        26770    0.0864%  99.2956%
  [    94000,    94500)        24026    0.0776%  99.3732%
  [    94500,    95000)        21359    0.0690%  99.4422%
  [    95000,    95500)        19286    0.0623%  99.5045%
  [    95500,    96000)        17340    0.0560%  99.5605%
  [    96000,    96500)        15402    0.0497%  99.6102%
  [    96500,    97000)        13798    0.0446%  99.6547%
  [    97000,    97500)        12285    0.0397%  99.6944%
  [    97500,    98000)        10878    0.0351%  99.7295%
  [    98000,    98500)         9898    0.0320%  99.7615%
  [    98500,    99000)         8782    0.0284%  99.7899%
  [    99000,    99500)         7690    0.0248%  99.8147%
  [    99500,   100000)         6807    0.0220%  99.8367%
  [   100000,   100500)         6204    0.0200%  99.8567%
  [   100500,   101000)         5292    0.0171%  99.8738%
  [   101000,   101500)         4743    0.0153%  99.8891%
  [   101500,   102000)         4198    0.0136%  99.9027%
  [   102000,   102500)         3661    0.0118%  99.9145%
  [   102500,   103000)         3325    0.0107%  99.9252%
  [   103000,   103500)         2895    0.0093%  99.9346%
  [   103500,   104000)         2571    0.0083%  99.9429%
  [   104000,   104500)         2200    0.0071%  99.9500%
  [   104500,   105000)         1902    0.0061%  99.9561%
  [   105000,   105500)         1644    0.0053%  99.9614%
  [   105500,   106000)         1553    0.0050%  99.9664%
  [   106000,   106500)         1310    0.0042%  99.9707%
  [   106500,   107000)         1105    0.0036%  99.9742%
  [   107000,   107500)          969    0.0031%  99.9774%
  [   107500,   108000)          853    0.0028%  99.9801%
  [   108000,   108500)          849    0.0027%  99.9829%
  [   108500,   109000)          696    0.0022%  99.9851%
  [   109000,   109500)          569    0.0018%  99.9870%
  [   109500,   110000)          525    0.0017%  99.9887%
  [   110000,   110500)          452    0.0015%  99.9901%
  [   110500,   111000)          370    0.0012%  99.9913%
  [   111000,   111500)          351    0.0011%  99.9924%
  [   111500,   112000)          286    0.0009%  99.9934%
  [   112000,   112500)          218    0.0007%  99.9941%
  [   112500,   113000)          209    0.0007%  99.9947%
  [   113000,   113500)          186    0.0006%  99.9953%
  [   113500,   114000)          182    0.0006%  99.9959%
  [   114000,   114500)          153    0.0005%  99.9964%
  [   114500,   115000)          137    0.0004%  99.9969%
  [   115000,   115500)          103    0.0003%  99.9972%
  [   115500,   116000)          120    0.0004%  99.9976%
  [   116000,   116500)           94    0.0003%  99.9979%
  [   116500,   117000)           68    0.0002%  99.9981%
  [   117000,   117500)           54    0.0002%  99.9983%
  [   117500,   118000)           63    0.0002%  99.9985%
  [   118000,   118500)           56    0.0002%  99.9987%
  [   118500,   119000)           41    0.0001%  99.9988%
  [   119000,   119500)           35    0.0001%  99.9989%
  [   119500,   120000)           35    0.0001%  99.9990%
  [   120000,   120500)           22    0.0001%  99.9991%
  [   120500,   121000)           26    0.0001%  99.9992%
  [   121000,   121500)           23    0.0001%  99.9993%
  [   121500,   122000)           21    0.0001%  99.9993%
  [   122000,   122500)            6    0.0000%  99.9993%
  [   122500,   123000)           15    0.0000%  99.9994%
  [   123000,   123500)           12    0.0000%  99.9994%
  [   123500,   124000)           11    0.0000%  99.9995%
  [   124000,   124500)           16    0.0001%  99.9995%
  [   124500,   125000)            8    0.0000%  99.9995%
  [   125000,   125500)           12    0.0000%  99.9996%
  [   125500,   126000)            5    0.0000%  99.9996%
  [   126000,   126500)            4    0.0000%  99.9996%
  [   126500,   127000)            6    0.0000%  99.9996%
  [   127000,   127500)            4    0.0000%  99.9996%
  [   127500,   128000)            3    0.0000%  99.9997%
  [   128000,   128500)            2    0.0000%  99.9997%
  [   128500,   129000)            5    0.0000%  99.9997%
  [   129000,   129500)            2    0.0000%  99.9997%
  [   129500,   130000)            3    0.0000%  99.9997%
  [   130000,   130500)            2    0.0000%  99.9997%
  [   130500,   131000)            3    0.0000%  99.9997%
  [   131000,   131500)            4    0.0000%  99.9997%
  [   131500,   132000)            5    0.0000%  99.9997%
  [   132000,   132500)            4    0.0000%  99.9998%
  [   132500,   133000)            3    0.0000%  99.9998%
  [   133000,   133500)            1    0.0000%  99.9998%
  [   133500,   134000)            1    0.0000%  99.9998%
  [   134500,   135000)            1    0.0000%  99.9998%
  [   135000,   135500)            3    0.0000%  99.9998%
  [   136000,   136500)            1    0.0000%  99.9998%
  [   136500,   137000)            1    0.0000%  99.9998%
  [   137000,   137500)            2    0.0000%  99.9998%
  [   138000,   138500)            1    0.0000%  99.9998%
  [   138500,   139000)            1    0.0000%  99.9998%
  [   139000,   139500)            1    0.0000%  99.9998%
  [   139500,   140000)            1    0.0000%  99.9998%
  [   140000,   140500)            2    0.0000%  99.9998%
  [   141000,   141500)            2    0.0000%  99.9998%
  [   141500,   142000)            2    0.0000%  99.9998%
  [   142000,   142500)            1    0.0000%  99.9998%
  [   142500,   143000)            2    0.0000%  99.9998%
  [   143000,   143500)            1    0.0000%  99.9998%
  [   148500,   149000)            1    0.0000%  99.9998%
  [   149500,   150000)            1    0.0000%  99.9998%
  [   159500,   160000)            2    0.0000%  99.9999%
  [   163000,   163500)            1    0.0000%  99.9999%
  [   163500,   164000)            1    0.0000%  99.9999%
  [   319000,   319500)            1    0.0000%  99.9999%
  [   339000,   339500)            1    0.0000%  99.9999%
  [   345000,   345500)            1    0.0000%  99.9999%
  [   356500,   357000)            1    0.0000%  99.9999%
  [   359500,   360000)            1    0.0000%  99.9999%
  [   360000,   360500)            1    0.0000%  99.9999%
  [   364000,   364500)            1    0.0000%  99.9999%
  [   366000,   366500)            1    0.0000%  99.9999%
  [   368000,   368500)            1    0.0000%  99.9999%
  [   371500,   372000)            1    0.0000%  99.9999%
  [   381500,   382000)            1    0.0000%  99.9999%
  [   383000,   383500)            1    0.0000%  99.9999%
  [   383500,   384000)            1    0.0000%  99.9999%
  [   384000,   384500)            1    0.0000%  99.9999%
  [   385000,   385500)            1    0.0000%  99.9999%
  [   388500,   389000)            1    0.0000%  99.9999%
  [   389500,   390000)            1    0.0000%  99.9999%
  [   390500,   391000)            1    0.0000%  99.9999%
  [   391500,   392000)            1    0.0000%  99.9999%
  [   395000,   395500)            1    0.0000%  99.9999%
  [   396500,   397000)            2    0.0000%  99.9999%
  [   397000,   397500)            2    0.0000%  99.9999%
  [   398000,   398500)            2    0.0000%  99.9999%
  [   398500,   399000)            1    0.0000%  99.9999%
  [   401000,   401500)            1    0.0000%  99.9999%
  [   401500,   402000)            1    0.0000% 100.0000%
  [   402500,   403000)            1    0.0000% 100.0000%
  [   404000,   404500)            1    0.0000% 100.0000%
  [   409000,   409500)            1    0.0000% 100.0000%
  [   413500,   414000)            2    0.0000% 100.0000%
  [   415000,   415500)            1    0.0000% 100.0000%
  [   419000,   419500)            1    0.0000% 100.0000%
  [   420000,   420500)            1    0.0000% 100.0000%
  [   420500,   421000)            1    0.0000% 100.0000%
  [   437000,   437500)            1    0.0000% 100.0000%
  [   679500,   680000)            1    0.0000% 100.0000%
  [   974000,   974500)            1    0.0000% 100.0000%
  [   999500, +inf)                   3    0.0000% 100.0000%

----- REMOTE OPERATIONS [node 0] -----
  ops total                = 30967777
  ops local  (cache hit)   = 0 (0.00%)
  ops remote (>=1 net op)  = 30967777 (100.00%)
  remote ops total         = 522778753
    rdma read              = 522778753
    rdma write             = 0
    rdma cas               = 0
    rpc pushdown           = 0
  remote ops / op          = 16.8814
  remote ops / remote op   = 16.8814

----- OFFLOADED TASKS [node 0] -----
  lookup pushdowns         = 0
  scan    pushdowns (RPC)  = 0
    kv pairs returned      = 0
    leaves scanned remotely= 0
    kv / scan pushdown     = 0.00
    leaves / scan pushdown = 0.00

----- PATH-AWARE CACHE MISSES [node 0] -----
  inner-node read miss     = 0 (0.00%)
  leaf-node  read miss     = 0 (0.00%)
  total read miss          = 0
  cache writebacks         = 0
=========================================================================

Round 0 (max_throughput): 0.499418 Mops/s
Round 0 (straggler_throughput): 0.499392 Mops/s
Before barrier finish
Avg. rdma read time(ms) = 0
Avg. rdma write time(ms) = -nan
Avg. rdma read / op = 16.8814
Avg. rdma write / op = 0
Avg. rdma cas / op = 0
Avg. rdma rpc / op = 0
Avg. all rdma / op = 16.8814
Avg. rdma read size/ op = 8643.26
Avg. rdma write size / op = 0
Avg. rdma RW size / op = 8643.26
------------------------------------------
Node 0 average throughput = 0.499
Node 0 total throughput = 0.499418
All CN throughput (Max) = 0.499418
All CN throughput (Straggler) = 0.499392
Final throughput = 0.499392
------------------------------------------
