nodes 2, threads 36, mix R/I/U/S=100/0/0/0, zipf-0.99, bulk 50M warmup 10M op 30M, offload 100%, scan_range 100
[4mshared memory size: 64GB, 0x7feeda800000[0m
[4mrdma cache size: 4GB[0m
[4mMachine NR: 2[0m
[4mCompute server 1 start up [10.30.1.6]
[0m
I connect server 0
[CONFIG node 1] bulk load: bottom-up build, 8 keys per leaf, 6 children per inner node (CHIME_BULK_BUILD / CHIME_BUILD_LEAF_KEYS / CHIME_BUILD_INNER_FANOUT)
[CONFIG node 1] clients on this node: yes (CHIME_MN_CLIENTS)
[CONFIG node 1] leaf cache by key=0 owner=0 admit_push=0.00 granule=16 (CHIME_LEAF_BY_KEY / CHIME_LEAF_OWNER / CHIME_LEAF_ADMIT_PUSH / CHIME_LEAF_KEY_GRANULE)
[CONFIG node 1] scan path: from_cache=1 offload_always=0 (CHIME_SCAN_FROM_CACHE / CHIME_SCAN_OFFLOAD_ALWAYS)
[CONFIG node 1] push ops: both (CHIME_PUSH_OPS; applies only with offloading on)
[CACHE node 1] total=8 MB index=8 MB leaf=0 MB
[CONFIG node 1] dir threads = 16 (CHIME_DIR_THREADS, max 16) -- MUST match the other node
[CORES node 1] linear pinning: app threads -> CPUs 0..35, main -> 79, dir threads -> 79 (REV_DIR_CPUS)
[CONFIG] hotspot buffer + speculative read: off (CHIME_HOTSPOT; stock CHIME: on above 50 MB)
workload generated: keyspace=50001000 bulk=50000000 warmup=9999972 op=29999988
[4mKey space set: keySpaceSize=50000000[0m
I am 36
I am 69
I am 39
I am 45
I am 42
I am 44
I am 43
I am 47
I am 38
I am 46
I am 41
I am 51
I am 50
I am 40
I am 37
I am 55
I am 48
I am 70
I am 64
I am 52
I am 53
I am 68
I am 54
I am 61
I am 71
I am 60
I am 59
I am 65
I am 56
I am 67
I am 58
I am 63
I am 57
I am 49
I am 66
I am 62
[build] leaves: 10% (625001/6250000)
[build] leaves: 20% (1250002/6250000)
[build] leaves: 30% (1875003/6250000)
[build] leaves: 40% (2500004/6250000)
[build] leaves: 50% (3125005/6250000)
[build] leaves: 60% (3750006/6250000)
[build] leaves: 70% (4375007/6250000)
[build] leaves: 80% (5000008/6250000)
[build] leaves: 90% (5625009/6250000)
[build] inner level 1: 1041667 nodes
[build] inner level 2: 173611 nodes
[build] inner level 3: 28935 nodes
[build] inner level 4: 4823 nodes
[build] inner level 5: 804 nodes
[build] inner level 6: 134 nodes
[build] inner level 7: 23 nodes
[build] inner level 8: 4 nodes
[build] inner level 9: 1 nodes
[build] done in 18.9s: height=10 leaves=6250000 inner_nodes=1250002 (8 keys per leaf, 6 children per inner node)
[TREE] height=10 leaves=6250000 inner_nodes=1250002 keys_per_leaf=8.00 inner_MB=399.4 leaf_MB=2104.0 total_MB=2503.4 (internal span 16, leaf span 16, node bytes inner=335 leaf=353)
node 1 warmup done in 39s
[INDEX] --- post-bulk-load cache occupancy (cache = 8 MB) ---
 ----- [TreeCache]:  cache size=8 MB free_size=-0.000 MB skiplist_node_cnt=1185192 ----- 
consumed cache size = 8.000 MB
 ----- [IdxCache]:  cache size=0 MB free_size=0.000 MB ---- 
consumed hotspot buffer size = 0.000000 MB

[LEAFCACHE] off
1, throughput 3.2991 Mops
1, throughput 3.3180 Mops
1, throughput 3.2559 Mops
1, throughput 3.3215 Mops
1, throughput 3.3208 Mops
1, throughput 3.3248 Mops
1, throughput 3.3229 Mops
1, throughput 3.3202 Mops
1, throughput 3.3263 Mops
1, throughput 3.3187 Mops
1, throughput 3.3136 Mops
1, throughput 3.3130 Mops
1, throughput 3.3161 Mops
1, throughput 3.3233 Mops
1, throughput 3.3228 Mops
1, throughput 3.3234 Mops
1, throughput 3.3329 Mops
1, throughput 3.3201 Mops
1, throughput 0.2950 Mops
[RESULT node 1] ops=29999988 elapsed=9.137s throughput=3.2832 Mops mode=op-bounded
[RDMA node 1] ops=29999988 posts=37681736 read_wr=26754542 read_bytes=2196712095 write_wr=0 write_bytes=0 atomic_wr=0 send_wr=15937901 send_bytes=653453941
[RDMA node 1] per_op: round_trips=1.2561 reads=0.8918 writes=0.0000 atomics=0.0000 sends=0.5313 verbs=1.4231 bytes=95.0

==================== LATENCY BUCKETS (500 ns) [node 1] ====================
[LOOKUP]
  ALL                n=29999988   mean=   10.80us  p50=   9.50us  p90=  18.50us  p99=  29.00us  p99.9=  40.00us  max>=249.00us
  DIRECT (1-sided)   n=14062087   mean=    6.51us  p50=   6.50us  p90=   8.50us  p99=  11.00us  p99.9=  15.50us  max>=218.50us
  OFFLOAD (rpc)      n=15937901   mean=   14.58us  p50=  14.00us  p90=  21.50us  p99=  32.00us  p99.9=  43.50us  max>=249.00us
[ALL OPS]
  ALL                n=29999988   mean=   10.80us  p50=   9.50us  p90=  18.50us  p99=  29.00us  p99.9=  40.00us  max>=249.00us
  DIRECT (1-sided)   n=14062087   mean=    6.51us  p50=   6.50us  p90=   8.50us  p99=  11.00us  p99.9=  15.50us  max>=218.50us
  OFFLOAD (rpc)      n=15937901   mean=   14.58us  p50=  14.00us  p90=  21.50us  p99=  32.00us  p99.9=  43.50us  max>=249.00us

----- 500 ns bucket CDF (all ops) [node 1] -----
  bucket [lo,hi) ns             count        pct       cdf
  [      500,     1000)         5704    0.0190%   0.0190%
  [     1000,     1500)        33725    0.1124%   0.1314%
  [     1500,     2000)        56785    0.1893%   0.3207%
  [     2000,     2500)        75358    0.2512%   0.5719%
  [     2500,     3000)        84806    0.2827%   0.8546%
  [     3000,     3500)        98487    0.3283%   1.1829%
  [     3500,     4000)       180776    0.6026%   1.7855%
  [     4000,     4500)       491347    1.6378%   3.4233%
  [     4500,     5000)      1043594    3.4786%   6.9019%
  [     5000,     5500)      1699261    5.6642%  12.5661%
  [     5500,     6000)      1949222    6.4974%  19.0636%
  [     6000,     6500)      1693162    5.6439%  24.7074%
  [     6500,     7000)      1499915    4.9997%  29.7072%
  [     7000,     7500)      1542675    5.1423%  34.8494%
  [     7500,     8000)      1522675    5.0756%  39.9250%
  [     8000,     8500)      1345382    4.4846%  44.4096%
  [     8500,     9000)      1148266    3.8276%  48.2372%
  [     9000,     9500)       996539    3.3218%  51.5590%
  [     9500,    10000)       878055    2.9269%  54.4858%
  [    10000,    10500)       777707    2.5924%  57.0782%
  [    10500,    11000)       708387    2.3613%  59.4395%
  [    11000,    11500)       692720    2.3091%  61.7485%
  [    11500,    12000)       731895    2.4397%  64.1882%
  [    12000,    12500)       804328    2.6811%  66.8693%
  [    12500,    13000)       865182    2.8839%  69.7532%
  [    13000,    13500)       881865    2.9396%  72.6928%
  [    13500,    14000)       852599    2.8420%  75.5348%
  [    14000,    14500)       787582    2.6253%  78.1600%
  [    14500,    15000)       708043    2.3601%  80.5202%
  [    15000,    15500)       626664    2.0889%  82.6091%
  [    15500,    16000)       548414    1.8280%  84.4371%
  [    16000,    16500)       480305    1.6010%  86.0381%
  [    16500,    17000)       423448    1.4115%  87.4496%
  [    17000,    17500)       379136    1.2638%  88.7134%
  [    17500,    18000)       340008    1.1334%  89.8468%
  [    18000,    18500)       307155    1.0239%  90.8706%
  [    18500,    19000)       276932    0.9231%  91.7937%
  [    19000,    19500)       250672    0.8356%  92.6293%
  [    19500,    20000)       226403    0.7547%  93.3840%
  [    20000,    20500)       204134    0.6804%  94.0644%
  [    20500,    21000)       182662    0.6089%  94.6733%
  [    21000,    21500)       164748    0.5492%  95.2224%
  [    21500,    22000)       147557    0.4919%  95.7143%
  [    22000,    22500)       133617    0.4454%  96.1597%
  [    22500,    23000)       119861    0.3995%  96.5592%
  [    23000,    23500)       107659    0.3589%  96.9181%
  [    23500,    24000)        96182    0.3206%  97.2387%
  [    24000,    24500)        85902    0.2863%  97.5250%
  [    24500,    25000)        77013    0.2567%  97.7818%
  [    25000,    25500)        69164    0.2305%  98.0123%
  [    25500,    26000)        61645    0.2055%  98.2178%
  [    26000,    26500)        55321    0.1844%  98.4022%
  [    26500,    27000)        49222    0.1641%  98.5663%
  [    27000,    27500)        44295    0.1477%  98.7139%
  [    27500,    28000)        39874    0.1329%  98.8468%
  [    28000,    28500)        35467    0.1182%  98.9650%
  [    28500,    29000)        31874    0.1062%  99.0713%
  [    29000,    29500)        28703    0.0957%  99.1670%
  [    29500,    30000)        25407    0.0847%  99.2517%
  [    30000,    30500)        22947    0.0765%  99.3281%
  [    30500,    31000)        20647    0.0688%  99.3970%
  [    31000,    31500)        18405    0.0614%  99.4583%
  [    31500,    32000)        16382    0.0546%  99.5129%
  [    32000,    32500)        14769    0.0492%  99.5622%
  [    32500,    33000)        13020    0.0434%  99.6056%
  [    33000,    33500)        11769    0.0392%  99.6448%
  [    33500,    34000)        10535    0.0351%  99.6799%
  [    34000,    34500)         9424    0.0314%  99.7113%
  [    34500,    35000)         8563    0.0285%  99.7399%
  [    35000,    35500)         7710    0.0257%  99.7656%
  [    35500,    36000)         6722    0.0224%  99.7880%
  [    36000,    36500)         6128    0.0204%  99.8084%
  [    36500,    37000)         5461    0.0182%  99.8266%
  [    37000,    37500)         5107    0.0170%  99.8436%
  [    37500,    38000)         4436    0.0148%  99.8584%
  [    38000,    38500)         3945    0.0132%  99.8716%
  [    38500,    39000)         3533    0.0118%  99.8833%
  [    39000,    39500)         3251    0.0108%  99.8942%
  [    39500,    40000)         2966    0.0099%  99.9041%
  [    40000,    40500)         2621    0.0087%  99.9128%
  [    40500,    41000)         2421    0.0081%  99.9209%
  [    41000,    41500)         2138    0.0071%  99.9280%
  [    41500,    42000)         2001    0.0067%  99.9347%
  [    42000,    42500)         1797    0.0060%  99.9407%
  [    42500,    43000)         1536    0.0051%  99.9458%
  [    43000,    43500)         1479    0.0049%  99.9507%
  [    43500,    44000)         1297    0.0043%  99.9550%
  [    44000,    44500)         1129    0.0038%  99.9588%
  [    44500,    45000)         1125    0.0038%  99.9625%
  [    45000,    45500)         1015    0.0034%  99.9659%
  [    45500,    46000)          864    0.0029%  99.9688%
  [    46000,    46500)          785    0.0026%  99.9714%
  [    46500,    47000)          746    0.0025%  99.9739%
  [    47000,    47500)          715    0.0024%  99.9763%
  [    47500,    48000)          625    0.0021%  99.9784%
  [    48000,    48500)          577    0.0019%  99.9803%
  [    48500,    49000)          535    0.0018%  99.9821%
  [    49000,    49500)          486    0.0016%  99.9837%
  [    49500,    50000)          424    0.0014%  99.9851%
  [    50000,    50500)          426    0.0014%  99.9865%
  [    50500,    51000)          346    0.0012%  99.9877%
  [    51000,    51500)          325    0.0011%  99.9888%
  [    51500,    52000)          308    0.0010%  99.9898%
  [    52000,    52500)          265    0.0009%  99.9907%
  [    52500,    53000)          262    0.0009%  99.9916%
  [    53000,    53500)          214    0.0007%  99.9923%
  [    53500,    54000)          202    0.0007%  99.9929%
  [    54000,    54500)          165    0.0006%  99.9935%
  [    54500,    55000)          170    0.0006%  99.9941%
  [    55000,    55500)          164    0.0005%  99.9946%
  [    55500,    56000)          139    0.0005%  99.9951%
  [    56000,    56500)          148    0.0005%  99.9956%
  [    56500,    57000)          110    0.0004%  99.9959%
  [    57000,    57500)           83    0.0003%  99.9962%
  [    57500,    58000)           89    0.0003%  99.9965%
  [    58000,    58500)           83    0.0003%  99.9968%
  [    58500,    59000)           87    0.0003%  99.9971%
  [    59000,    59500)           64    0.0002%  99.9973%
  [    59500,    60000)           66    0.0002%  99.9975%
  [    60000,    60500)           59    0.0002%  99.9977%
  [    60500,    61000)           52    0.0002%  99.9979%
  [    61000,    61500)           35    0.0001%  99.9980%
  [    61500,    62000)           51    0.0002%  99.9982%
  [    62000,    62500)           44    0.0001%  99.9983%
  [    62500,    63000)           39    0.0001%  99.9984%
  [    63000,    63500)           43    0.0001%  99.9986%
  [    63500,    64000)           30    0.0001%  99.9987%
  [    64000,    64500)           29    0.0001%  99.9988%
  [    64500,    65000)           26    0.0001%  99.9989%
  [    65000,    65500)           15    0.0001%  99.9989%
  [    65500,    66000)           19    0.0001%  99.9990%
  [    66000,    66500)           22    0.0001%  99.9990%
  [    66500,    67000)           15    0.0001%  99.9991%
  [    67000,    67500)           18    0.0001%  99.9992%
  [    67500,    68000)            8    0.0000%  99.9992%
  [    68000,    68500)           13    0.0000%  99.9992%
  [    68500,    69000)           11    0.0000%  99.9993%
  [    69000,    69500)           16    0.0001%  99.9993%
  [    69500,    70000)           11    0.0000%  99.9994%
  [    70000,    70500)            8    0.0000%  99.9994%
  [    70500,    71000)            8    0.0000%  99.9994%
  [    71000,    71500)            3    0.0000%  99.9994%
  [    71500,    72000)            7    0.0000%  99.9994%
  [    72000,    72500)            3    0.0000%  99.9994%
  [    72500,    73000)            8    0.0000%  99.9995%
  [    73000,    73500)            5    0.0000%  99.9995%
  [    73500,    74000)            3    0.0000%  99.9995%
  [    74000,    74500)            6    0.0000%  99.9995%
  [    74500,    75000)            4    0.0000%  99.9995%
  [    75000,    75500)            4    0.0000%  99.9995%
  [    75500,    76000)            5    0.0000%  99.9996%
  [    76000,    76500)            5    0.0000%  99.9996%
  [    76500,    77000)            2    0.0000%  99.9996%
  [    77000,    77500)            2    0.0000%  99.9996%
  [    77500,    78000)            3    0.0000%  99.9996%
  [    78000,    78500)            1    0.0000%  99.9996%
  [    78500,    79000)            5    0.0000%  99.9996%
  [    79000,    79500)            2    0.0000%  99.9996%
  [    79500,    80000)            6    0.0000%  99.9997%
  [    80500,    81000)            2    0.0000%  99.9997%
  [    81000,    81500)            1    0.0000%  99.9997%
  [    81500,    82000)            1    0.0000%  99.9997%
  [    82000,    82500)            4    0.0000%  99.9997%
  [    82500,    83000)            2    0.0000%  99.9997%
  [    83000,    83500)            1    0.0000%  99.9997%
  [    83500,    84000)            2    0.0000%  99.9997%
  [    84000,    84500)            2    0.0000%  99.9997%
  [    84500,    85000)            2    0.0000%  99.9997%
  [    85000,    85500)            1    0.0000%  99.9997%
  [    85500,    86000)            2    0.0000%  99.9997%
  [    86500,    87000)            2    0.0000%  99.9997%
  [    87000,    87500)            2    0.0000%  99.9997%
  [    87500,    88000)            1    0.0000%  99.9997%
  [    88500,    89000)            3    0.0000%  99.9997%
  [    90000,    90500)            1    0.0000%  99.9997%
  [    90500,    91000)            1    0.0000%  99.9998%
  [    91500,    92000)            1    0.0000%  99.9998%
  [    92500,    93000)            1    0.0000%  99.9998%
  [    93000,    93500)            1    0.0000%  99.9998%
  [    93500,    94000)            1    0.0000%  99.9998%
  [    94000,    94500)            2    0.0000%  99.9998%
  [    95000,    95500)            2    0.0000%  99.9998%
  [    95500,    96000)            2    0.0000%  99.9998%
  [    96500,    97000)            1    0.0000%  99.9998%
  [    97000,    97500)            1    0.0000%  99.9998%
  [    97500,    98000)            1    0.0000%  99.9998%
  [    98000,    98500)            1    0.0000%  99.9998%
  [    99500,   100000)            1    0.0000%  99.9998%
  [   101500,   102000)            2    0.0000%  99.9998%
  [   102500,   103000)            2    0.0000%  99.9998%
  [   103000,   103500)            1    0.0000%  99.9998%
  [   106000,   106500)            2    0.0000%  99.9998%
  [   109500,   110000)            1    0.0000%  99.9998%
  [   111500,   112000)            1    0.0000%  99.9998%
  [   119500,   120000)            1    0.0000%  99.9998%
  [   137000,   137500)            1    0.0000%  99.9998%
  [   143000,   143500)            1    0.0000%  99.9998%
  [   146000,   146500)            1    0.0000%  99.9998%
  [   148000,   148500)            1    0.0000%  99.9998%
  [   150500,   151000)            1    0.0000%  99.9999%
  [   152500,   153000)            1    0.0000%  99.9999%
  [   155500,   156000)            2    0.0000%  99.9999%
  [   158000,   158500)            1    0.0000%  99.9999%
  [   158500,   159000)            2    0.0000%  99.9999%
  [   159000,   159500)            1    0.0000%  99.9999%
  [   159500,   160000)            2    0.0000%  99.9999%
  [   160500,   161000)            2    0.0000%  99.9999%
  [   162000,   162500)            1    0.0000%  99.9999%
  [   162500,   163000)            2    0.0000%  99.9999%
  [   163000,   163500)            1    0.0000%  99.9999%
  [   164000,   164500)            1    0.0000%  99.9999%
  [   164500,   165000)            2    0.0000%  99.9999%
  [   167500,   168000)            1    0.0000%  99.9999%
  [   170500,   171000)            1    0.0000%  99.9999%
  [   171000,   171500)            2    0.0000%  99.9999%
  [   172000,   172500)            2    0.0000%  99.9999%
  [   172500,   173000)            1    0.0000%  99.9999%
  [   175500,   176000)            1    0.0000%  99.9999%
  [   181500,   182000)            1    0.0000%  99.9999%
  [   185500,   186000)            1    0.0000%  99.9999%
  [   186000,   186500)            2    0.0000% 100.0000%
  [   187000,   187500)            1    0.0000% 100.0000%
  [   190500,   191000)            1    0.0000% 100.0000%
  [   191000,   191500)            1    0.0000% 100.0000%
  [   196000,   196500)            1    0.0000% 100.0000%
  [   201000,   201500)            1    0.0000% 100.0000%
  [   202500,   203000)            1    0.0000% 100.0000%
  [   209000,   209500)            1    0.0000% 100.0000%
  [   213000,   213500)            1    0.0000% 100.0000%
  [   218000,   218500)            1    0.0000% 100.0000%
  [   220000,   220500)            1    0.0000% 100.0000%
  [   223500,   224000)            1    0.0000% 100.0000%
  [   230500,   231000)            1    0.0000% 100.0000%
  [   239000,   239500)            1    0.0000% 100.0000%
  [   248500,   249000)            1    0.0000% 100.0000%

----- OFFLOADED TASKS [node 1] -----
  ops total                = 29999988
  ops direct (1-sided)     = 14062087 (46.87%)
  ops offload (rpc)        = 15937901 (53.13%)
  lookup pushdowns         = 15937901
  scan   pushdowns (RPC)   = 0
    kv pairs returned      = 0
    leaves scanned remotely= 0
    kv / scan pushdown     = 0.00
    leaves / scan pushdown = 0.00
=========================================================================

[CORRECTNESS node 1] lookup found 29999441 / 29999988 = 99.9982%
[READPATH node 1] lookups=29999988  index-cache hit=64.2%  per lookup: leaf=0.431 speculative=0.000 (right 0.0%) hop-reads=0.431 (two-segment 0.167) retries=0.000 invalid=0.000 sibling=0.000  => est. leaf round trips/lookup=0.431
[LEAFCACHE] off

----- PER-LEVEL CACHE HITS [node 1] (lookups; level 0 = leaf) -----
[LEVEL] level=0 hits=0 misses=28865056 hit_rate=0.0000
[LEVEL] level=1 hits=12927155 misses=15937901 hit_rate=0.4478
[LEVEL] level=2 hits=14565861 misses=14299195 hit_rate=0.5046
[LEVEL] level=3 hits=17742133 misses=11122923 hit_rate=0.6147
[LEVEL] level=4 hits=19890855 misses=8974201 hit_rate=0.6891
[LEVEL] level=5 hits=20045704 misses=8819352 hit_rate=0.6945
[LEVEL] level=6 hits=20046588 misses=8818468 hit_rate=0.6945
[LEVEL] level=7 hits=20048376 misses=8816680 hit_rate=0.6946
[LEVEL] level=8 hits=20048376 misses=8816680 hit_rate=0.6946
[LEVEL] level=9 hits=20048376 misses=8816680 hit_rate=0.6946
[KIND node 1] lookups=28865056 inner_visits=259785504 inner_hits=165363424 inner_hit_pct=63.65 leaf_visits=28865056 leaf_hits=0 leaf_hit_pct=0.00
[END]
