nodes 2, threads 36, mix R/I/U/S=0/0/0/100, uniform, bulk 50M warmup 10M op 30M, offload 100%, scan_range 100
[4mshared memory size: 64GB, 0x7feeda800000[0m
[4mrdma cache size: 4GB[0m
[4mMachine NR: 2[0m
[4mCompute server 1 start up [10.30.1.6]
[0m
I connect server 0
[CONFIG node 1] bulk load: bottom-up build, 8 keys per leaf, 6 children per inner node (CHIME_BULK_BUILD / CHIME_BUILD_LEAF_KEYS / CHIME_BUILD_INNER_FANOUT)
[CONFIG node 1] clients on this node: yes (CHIME_MN_CLIENTS)
[CONFIG node 1] leaf cache by key=0 owner=0 admit_push=0.00 granule=16 (CHIME_LEAF_BY_KEY / CHIME_LEAF_OWNER / CHIME_LEAF_ADMIT_PUSH / CHIME_LEAF_KEY_GRANULE)
[CONFIG node 1] scan path: from_cache=1 offload_always=1 (CHIME_SCAN_FROM_CACHE / CHIME_SCAN_OFFLOAD_ALWAYS)
[CONFIG node 1] push ops: both (CHIME_PUSH_OPS; applies only with offloading on)
[CACHE node 1] total=32 MB index=32 MB leaf=0 MB
[CONFIG node 1] dir threads = 16 (CHIME_DIR_THREADS, max 16) -- MUST match the other node
[CORES node 1] linear pinning: app threads -> CPUs 0..35, main -> 79, dir threads -> 79 (REV_DIR_CPUS)
[CONFIG] hotspot buffer + speculative read: off (CHIME_HOTSPOT; stock CHIME: on above 50 MB)
workload generated: keyspace=50001000 bulk=50000000 warmup=9999972 op=29999988
[4mKey space set: keySpaceSize=50000000[0m
I am 36
I am 37
I am 38
I am 42
I am 40
I am 43
I am 41
I am 45
I am 44
I am 47
I am 46
I am 61
I am 48
I am 60
I am 71
I am 50
I am 52
I am 56
I am 58
I am 64
I am 70
I am 63
I am 65
I am 51
I am 59
I am 39
I am 54
I am 57
I am 69
I am 55
I am 62
I am 68
I am 53
I am 66
I am 67
I am 49
[build] leaves: 10% (625001/6250000)
[build] leaves: 20% (1250002/6250000)
[build] leaves: 30% (1875003/6250000)
[build] leaves: 40% (2500004/6250000)
[build] leaves: 50% (3125005/6250000)
[build] leaves: 60% (3750006/6250000)
[build] leaves: 70% (4375007/6250000)
[build] leaves: 80% (5000008/6250000)
[build] leaves: 90% (5625009/6250000)
[build] inner level 1: 1041667 nodes
[build] inner level 2: 173611 nodes
[build] inner level 3: 28935 nodes
[build] inner level 4: 4823 nodes
[build] inner level 5: 804 nodes
[build] inner level 6: 134 nodes
[build] inner level 7: 23 nodes
[build] inner level 8: 4 nodes
[build] inner level 9: 1 nodes
[build] done in 19.0s: height=10 leaves=6250000 inner_nodes=1250002 (8 keys per leaf, 6 children per inner node)
[TREE] height=10 leaves=6250000 inner_nodes=1250002 keys_per_leaf=8.00 inner_MB=399.4 leaf_MB=2104.0 total_MB=2503.4 (internal span 16, leaf span 16, node bytes inner=335 leaf=353)
node 1 warmup done in 208s
[INDEX] --- post-bulk-load cache occupancy (cache = 32 MB) ---
 ----- [TreeCache]:  cache size=32 MB free_size=-0.000 MB skiplist_node_cnt=1250002 ----- 
consumed cache size = 32.000 MB
 ----- [IdxCache]:  cache size=0 MB free_size=0.000 MB ---- 
consumed hotspot buffer size = 0.000000 MB

[LEAFCACHE] off
1, throughput 1.0679 Mops
1, throughput 1.0714 Mops
1, throughput 1.0718 Mops
1, throughput 1.0725 Mops
1, throughput 1.0730 Mops
1, throughput 1.0734 Mops
1, throughput 1.0737 Mops
1, throughput 1.0745 Mops
1, throughput 1.0738 Mops
1, throughput 1.0743 Mops
1, throughput 1.0699 Mops
1, throughput 1.0588 Mops
1, throughput 1.0750 Mops
1, throughput 1.0760 Mops
1, throughput 1.0765 Mops
1, throughput 1.0776 Mops
1, throughput 1.0777 Mops
1, throughput 1.0798 Mops
1, throughput 1.0803 Mops
1, throughput 1.0802 Mops
1, throughput 1.0804 Mops
1, throughput 1.0808 Mops
1, throughput 1.0814 Mops
1, throughput 1.0808 Mops
1, throughput 1.0805 Mops
1, throughput 1.0794 Mops
1, throughput 1.0783 Mops
1, throughput 1.0785 Mops
1, throughput 1.0800 Mops
1, throughput 1.0792 Mops
1, throughput 1.0796 Mops
1, throughput 1.0564 Mops
1, throughput 1.0772 Mops
1, throughput 1.0782 Mops
1, throughput 1.0773 Mops
1, throughput 1.0776 Mops
1, throughput 1.0792 Mops
1, throughput 1.0784 Mops
1, throughput 1.0791 Mops
1, throughput 1.0796 Mops
1, throughput 1.0784 Mops
1, throughput 1.0783 Mops
1, throughput 1.0776 Mops
1, throughput 1.0765 Mops
1, throughput 1.0772 Mops
1, throughput 1.0777 Mops
1, throughput 1.0775 Mops
1, throughput 1.0770 Mops
1, throughput 1.0774 Mops
1, throughput 1.0770 Mops
1, throughput 1.0772 Mops
1, throughput 1.0772 Mops
1, throughput 1.0539 Mops
1, throughput 1.0786 Mops
1, throughput 0.9857 Mops
1, throughput 0.5224 Mops
1, throughput 0.3300 Mops
1, throughput 0.0490 Mops
[RESULT node 1] ops=29999988 elapsed=28.686s throughput=1.0458 Mops mode=op-bounded
[RDMA node 1] ops=29999988 posts=80258410 read_wr=50258422 read_bytes=48161035520 write_wr=0 write_bytes=0 atomic_wr=0 send_wr=29999988 send_bytes=1229999508
[RDMA node 1] per_op: round_trips=2.6753 reads=1.6753 writes=0.0000 atomics=0.0000 sends=1.0000 verbs=2.6753 bytes=1646.4

==================== LATENCY BUCKETS (500 ns) [node 1] ====================
[RANGE]
  ALL                n=29999988   mean=   33.39us  p50=  33.50us  p90=  37.50us  p99=  43.50us  p99.9=  54.00us  max>=287.50us
  DIRECT (1-sided)          (no samples)
  OFFLOAD (rpc)      n=29999988   mean=   33.39us  p50=  33.50us  p90=  37.50us  p99=  43.50us  p99.9=  54.00us  max>=287.50us
[ALL OPS]
  ALL                n=29999988   mean=   33.39us  p50=  33.50us  p90=  37.50us  p99=  43.50us  p99.9=  54.00us  max>=287.50us
  DIRECT (1-sided)          (no samples)
  OFFLOAD (rpc)      n=29999988   mean=   33.39us  p50=  33.50us  p90=  37.50us  p99=  43.50us  p99.9=  54.00us  max>=287.50us

----- 500 ns bucket CDF (all ops) [node 1] -----
  bucket [lo,hi) ns             count        pct       cdf
  [    10500,    11000)            1    0.0000%   0.0000%
  [    11000,    11500)            1    0.0000%   0.0000%
  [    11500,    12000)            1    0.0000%   0.0000%
  [    13500,    14000)            5    0.0000%   0.0000%
  [    14000,    14500)            1    0.0000%   0.0000%
  [    15500,    16000)            2    0.0000%   0.0000%
  [    16000,    16500)            1    0.0000%   0.0000%
  [    16500,    17000)            1    0.0000%   0.0000%
  [    19000,    19500)            1    0.0000%   0.0000%
  [    20000,    20500)            1    0.0000%   0.0001%
  [    20500,    21000)            1    0.0000%   0.0001%
  [    21000,    21500)            2    0.0000%   0.0001%
  [    21500,    22000)            3    0.0000%   0.0001%
  [    22000,    22500)            1    0.0000%   0.0001%
  [    22500,    23000)            1    0.0000%   0.0001%
  [    23000,    23500)            4    0.0000%   0.0001%
  [    23500,    24000)            9    0.0000%   0.0001%
  [    24000,    24500)           50    0.0002%   0.0003%
  [    24500,    25000)          225    0.0008%   0.0010%
  [    25000,    25500)         1265    0.0042%   0.0053%
  [    25500,    26000)         7968    0.0266%   0.0318%
  [    26000,    26500)        37263    0.1242%   0.1560%
  [    26500,    27000)       118433    0.3948%   0.5508%
  [    27000,    27500)       271258    0.9042%   1.4550%
  [    27500,    28000)       479800    1.5993%   3.0543%
  [    28000,    28500)       688723    2.2957%   5.3501%
  [    28500,    29000)       844024    2.8134%   8.1635%
  [    29000,    29500)       931668    3.1056%  11.2690%
  [    29500,    30000)       975140    3.2505%  14.5195%
  [    30000,    30500)      1046833    3.4894%  18.0090%
  [    30500,    31000)      1208621    4.0287%  22.0377%
  [    31000,    31500)      1506038    5.0201%  27.0578%
  [    31500,    32000)      1789143    5.9638%  33.0216%
  [    32000,    32500)      2069761    6.8992%  39.9208%
  [    32500,    33000)      2234244    7.4475%  47.3683%
  [    33000,    33500)      2265091    7.5503%  54.9186%
  [    33500,    34000)      2140954    7.1365%  62.0552%
  [    34000,    34500)      1928144    6.4271%  68.4823%
  [    34500,    35000)      1667825    5.5594%  74.0417%
  [    35000,    35500)      1409241    4.6975%  78.7392%
  [    35500,    36000)      1171836    3.9061%  82.6453%
  [    36000,    36500)       965958    3.2199%  85.8652%
  [    36500,    37000)       796840    2.6561%  88.5213%
  [    37000,    37500)       652068    2.1736%  90.6949%
  [    37500,    38000)       530868    1.7696%  92.4644%
  [    38000,    38500)       431797    1.4393%  93.9038%
  [    38500,    39000)       347712    1.1590%  95.0628%
  [    39000,    39500)       281042    0.9368%  95.9996%
  [    39500,    40000)       220993    0.7366%  96.7362%
  [    40000,    40500)       176007    0.5867%  97.3229%
  [    40500,    41000)       140333    0.4678%  97.7907%
  [    41000,    41500)       111527    0.3718%  98.1625%
  [    41500,    42000)        87634    0.2921%  98.4546%
  [    42000,    42500)        68938    0.2298%  98.6844%
  [    42500,    43000)        54492    0.1816%  98.8660%
  [    43000,    43500)        42221    0.1407%  99.0068%
  [    43500,    44000)        33621    0.1121%  99.1188%
  [    44000,    44500)        26225    0.0874%  99.2062%
  [    44500,    45000)        20591    0.0686%  99.2749%
  [    45000,    45500)        16617    0.0554%  99.3303%
  [    45500,    46000)        14312    0.0477%  99.3780%
  [    46000,    46500)        12779    0.0426%  99.4206%
  [    46500,    47000)        12660    0.0422%  99.4628%
  [    47000,    47500)        12378    0.0413%  99.5040%
  [    47500,    48000)        12787    0.0426%  99.5467%
  [    48000,    48500)        12471    0.0416%  99.5882%
  [    48500,    49000)        12104    0.0403%  99.6286%
  [    49000,    49500)        11386    0.0380%  99.6665%
  [    49500,    50000)        10656    0.0355%  99.7020%
  [    50000,    50500)         9981    0.0333%  99.7353%
  [    50500,    51000)         9216    0.0307%  99.7660%
  [    51000,    51500)         8669    0.0289%  99.7949%
  [    51500,    52000)         8183    0.0273%  99.8222%
  [    52000,    52500)         7508    0.0250%  99.8472%
  [    52500,    53000)         6809    0.0227%  99.8699%
  [    53000,    53500)         6080    0.0203%  99.8902%
  [    53500,    54000)         5353    0.0178%  99.9080%
  [    54000,    54500)         4494    0.0150%  99.9230%
  [    54500,    55000)         3802    0.0127%  99.9357%
  [    55000,    55500)         3164    0.0105%  99.9462%
  [    55500,    56000)         2626    0.0088%  99.9550%
  [    56000,    56500)         2197    0.0073%  99.9623%
  [    56500,    57000)         1648    0.0055%  99.9678%
  [    57000,    57500)         1496    0.0050%  99.9728%
  [    57500,    58000)         1164    0.0039%  99.9767%
  [    58000,    58500)          972    0.0032%  99.9799%
  [    58500,    59000)          792    0.0026%  99.9826%
  [    59000,    59500)          634    0.0021%  99.9847%
  [    59500,    60000)          573    0.0019%  99.9866%
  [    60000,    60500)          471    0.0016%  99.9881%
  [    60500,    61000)          404    0.0013%  99.9895%
  [    61000,    61500)          350    0.0012%  99.9907%
  [    61500,    62000)          306    0.0010%  99.9917%
  [    62000,    62500)          270    0.0009%  99.9926%
  [    62500,    63000)          221    0.0007%  99.9933%
  [    63000,    63500)          245    0.0008%  99.9941%
  [    63500,    64000)          198    0.0007%  99.9948%
  [    64000,    64500)          150    0.0005%  99.9953%
  [    64500,    65000)          155    0.0005%  99.9958%
  [    65000,    65500)          127    0.0004%  99.9962%
  [    65500,    66000)          114    0.0004%  99.9966%
  [    66000,    66500)           81    0.0003%  99.9969%
  [    66500,    67000)           87    0.0003%  99.9972%
  [    67000,    67500)           79    0.0003%  99.9974%
  [    67500,    68000)           72    0.0002%  99.9977%
  [    68000,    68500)           54    0.0002%  99.9979%
  [    68500,    69000)           42    0.0001%  99.9980%
  [    69000,    69500)           45    0.0002%  99.9981%
  [    69500,    70000)           41    0.0001%  99.9983%
  [    70000,    70500)           38    0.0001%  99.9984%
  [    70500,    71000)           37    0.0001%  99.9985%
  [    71000,    71500)           18    0.0001%  99.9986%
  [    71500,    72000)           29    0.0001%  99.9987%
  [    72000,    72500)           17    0.0001%  99.9987%
  [    72500,    73000)           13    0.0000%  99.9988%
  [    73000,    73500)            9    0.0000%  99.9988%
  [    73500,    74000)           11    0.0000%  99.9989%
  [    74000,    74500)           10    0.0000%  99.9989%
  [    74500,    75000)           14    0.0000%  99.9989%
  [    75000,    75500)           15    0.0001%  99.9990%
  [    75500,    76000)           16    0.0001%  99.9990%
  [    76000,    76500)            5    0.0000%  99.9991%
  [    76500,    77000)            9    0.0000%  99.9991%
  [    77000,    77500)            6    0.0000%  99.9991%
  [    77500,    78000)            8    0.0000%  99.9991%
  [    78000,    78500)            6    0.0000%  99.9992%
  [    78500,    79000)            3    0.0000%  99.9992%
  [    79000,    79500)            7    0.0000%  99.9992%
  [    79500,    80000)            8    0.0000%  99.9992%
  [    80000,    80500)            5    0.0000%  99.9992%
  [    80500,    81000)            3    0.0000%  99.9992%
  [    81000,    81500)            5    0.0000%  99.9993%
  [    81500,    82000)            7    0.0000%  99.9993%
  [    82000,    82500)            4    0.0000%  99.9993%
  [    82500,    83000)            4    0.0000%  99.9993%
  [    83000,    83500)            3    0.0000%  99.9993%
  [    83500,    84000)            5    0.0000%  99.9993%
  [    84000,    84500)            5    0.0000%  99.9994%
  [    84500,    85000)            1    0.0000%  99.9994%
  [    85000,    85500)            3    0.0000%  99.9994%
  [    85500,    86000)            4    0.0000%  99.9994%
  [    86000,    86500)            1    0.0000%  99.9994%
  [    86500,    87000)            6    0.0000%  99.9994%
  [    87000,    87500)            1    0.0000%  99.9994%
  [    87500,    88000)            1    0.0000%  99.9994%
  [    88000,    88500)            1    0.0000%  99.9994%
  [    89000,    89500)            3    0.0000%  99.9994%
  [    89500,    90000)            1    0.0000%  99.9994%
  [    90000,    90500)            1    0.0000%  99.9994%
  [    90500,    91000)            1    0.0000%  99.9994%
  [    91000,    91500)            2    0.0000%  99.9994%
  [    91500,    92000)            2    0.0000%  99.9994%
  [    92000,    92500)            3    0.0000%  99.9995%
  [    92500,    93000)            1    0.0000%  99.9995%
  [    93000,    93500)            1    0.0000%  99.9995%
  [    93500,    94000)            3    0.0000%  99.9995%
  [    94000,    94500)            1    0.0000%  99.9995%
  [    95000,    95500)            2    0.0000%  99.9995%
  [    95500,    96000)            1    0.0000%  99.9995%
  [    96000,    96500)            1    0.0000%  99.9995%
  [    96500,    97000)            3    0.0000%  99.9995%
  [    97000,    97500)            1    0.0000%  99.9995%
  [    97500,    98000)            1    0.0000%  99.9995%
  [    98500,    99000)            1    0.0000%  99.9995%
  [    99000,    99500)            3    0.0000%  99.9995%
  [   100000,   100500)            1    0.0000%  99.9995%
  [   100500,   101000)            1    0.0000%  99.9995%
  [   101500,   102000)            3    0.0000%  99.9995%
  [   104000,   104500)            1    0.0000%  99.9995%
  [   104500,   105000)            1    0.0000%  99.9995%
  [   106000,   106500)            1    0.0000%  99.9995%
  [   107000,   107500)            1    0.0000%  99.9995%
  [   108000,   108500)            1    0.0000%  99.9996%
  [   108500,   109000)            1    0.0000%  99.9996%
  [   109000,   109500)            1    0.0000%  99.9996%
  [   111000,   111500)            2    0.0000%  99.9996%
  [   111500,   112000)            1    0.0000%  99.9996%
  [   113000,   113500)            2    0.0000%  99.9996%
  [   114000,   114500)            1    0.0000%  99.9996%
  [   116000,   116500)            1    0.0000%  99.9996%
  [   116500,   117000)            1    0.0000%  99.9996%
  [   117000,   117500)            1    0.0000%  99.9996%
  [   118000,   118500)            1    0.0000%  99.9996%
  [   118500,   119000)            1    0.0000%  99.9996%
  [   120500,   121000)            1    0.0000%  99.9996%
  [   121500,   122000)            1    0.0000%  99.9996%
  [   122000,   122500)            1    0.0000%  99.9996%
  [   122500,   123000)            2    0.0000%  99.9996%
  [   125000,   125500)            1    0.0000%  99.9996%
  [   129000,   129500)            1    0.0000%  99.9996%
  [   129500,   130000)            1    0.0000%  99.9996%
  [   131000,   131500)            1    0.0000%  99.9996%
  [   131500,   132000)            1    0.0000%  99.9996%
  [   132000,   132500)            2    0.0000%  99.9996%
  [   132500,   133000)            1    0.0000%  99.9996%
  [   133000,   133500)            3    0.0000%  99.9996%
  [   133500,   134000)            2    0.0000%  99.9997%
  [   134500,   135000)            1    0.0000%  99.9997%
  [   135500,   136000)            1    0.0000%  99.9997%
  [   137000,   137500)            1    0.0000%  99.9997%
  [   137500,   138000)            1    0.0000%  99.9997%
  [   138000,   138500)            1    0.0000%  99.9997%
  [   138500,   139000)            1    0.0000%  99.9997%
  [   139500,   140000)            1    0.0000%  99.9997%
  [   140500,   141000)            1    0.0000%  99.9997%
  [   141500,   142000)            1    0.0000%  99.9997%
  [   142000,   142500)            2    0.0000%  99.9997%
  [   142500,   143000)            1    0.0000%  99.9997%
  [   143000,   143500)            1    0.0000%  99.9997%
  [   144500,   145000)            1    0.0000%  99.9997%
  [   145000,   145500)            1    0.0000%  99.9997%
  [   145500,   146000)            1    0.0000%  99.9997%
  [   146500,   147000)            1    0.0000%  99.9997%
  [   147000,   147500)            1    0.0000%  99.9997%
  [   148000,   148500)            1    0.0000%  99.9997%
  [   148500,   149000)            1    0.0000%  99.9997%
  [   149000,   149500)            2    0.0000%  99.9997%
  [   150000,   150500)            1    0.0000%  99.9997%
  [   150500,   151000)            1    0.0000%  99.9997%
  [   151500,   152000)            3    0.0000%  99.9997%
  [   152000,   152500)            2    0.0000%  99.9998%
  [   152500,   153000)            1    0.0000%  99.9998%
  [   153500,   154000)            1    0.0000%  99.9998%
  [   154000,   154500)            1    0.0000%  99.9998%
  [   155000,   155500)            1    0.0000%  99.9998%
  [   155500,   156000)            1    0.0000%  99.9998%
  [   156500,   157000)            1    0.0000%  99.9998%
  [   157000,   157500)            1    0.0000%  99.9998%
  [   158000,   158500)            1    0.0000%  99.9998%
  [   159000,   159500)            1    0.0000%  99.9998%
  [   162500,   163000)            1    0.0000%  99.9998%
  [   164000,   164500)            1    0.0000%  99.9998%
  [   165000,   165500)            1    0.0000%  99.9998%
  [   168500,   169000)            2    0.0000%  99.9998%
  [   171000,   171500)            1    0.0000%  99.9998%
  [   177500,   178000)            1    0.0000%  99.9998%
  [   178000,   178500)            1    0.0000%  99.9998%
  [   179000,   179500)            1    0.0000%  99.9998%
  [   182000,   182500)            1    0.0000%  99.9998%
  [   183000,   183500)            4    0.0000%  99.9998%
  [   183500,   184000)            1    0.0000%  99.9998%
  [   184500,   185000)            2    0.0000%  99.9998%
  [   185500,   186000)            1    0.0000%  99.9998%
  [   186500,   187000)            3    0.0000%  99.9999%
  [   187000,   187500)            1    0.0000%  99.9999%
  [   187500,   188000)            1    0.0000%  99.9999%
  [   189500,   190000)            2    0.0000%  99.9999%
  [   190000,   190500)            1    0.0000%  99.9999%
  [   190500,   191000)            2    0.0000%  99.9999%
  [   191000,   191500)            1    0.0000%  99.9999%
  [   191500,   192000)            3    0.0000%  99.9999%
  [   192000,   192500)            4    0.0000%  99.9999%
  [   192500,   193000)            5    0.0000%  99.9999%
  [   193000,   193500)            1    0.0000%  99.9999%
  [   194000,   194500)            1    0.0000%  99.9999%
  [   195000,   195500)            2    0.0000%  99.9999%
  [   196000,   196500)            1    0.0000%  99.9999%
  [   197500,   198000)            1    0.0000%  99.9999%
  [   199500,   200000)            1    0.0000%  99.9999%
  [   200000,   200500)            2    0.0000%  99.9999%
  [   201000,   201500)            1    0.0000% 100.0000%
  [   203500,   204000)            1    0.0000% 100.0000%
  [   209000,   209500)            1    0.0000% 100.0000%
  [   218000,   218500)            1    0.0000% 100.0000%
  [   265000,   265500)            1    0.0000% 100.0000%
  [   272000,   272500)            1    0.0000% 100.0000%
  [   274000,   274500)            1    0.0000% 100.0000%
  [   274500,   275000)            1    0.0000% 100.0000%
  [   275500,   276000)            1    0.0000% 100.0000%
  [   276500,   277000)            1    0.0000% 100.0000%
  [   277000,   277500)            1    0.0000% 100.0000%
  [   277500,   278000)            1    0.0000% 100.0000%
  [   279500,   280000)            1    0.0000% 100.0000%
  [   280500,   281000)            1    0.0000% 100.0000%
  [   287000,   287500)            1    0.0000% 100.0000%

----- OFFLOADED TASKS [node 1] -----
  ops total                = 29999988
  ops direct (1-sided)     = 0 (0.00%)
  ops offload (rpc)        = 29999988 (100.00%)
  lookup pushdowns         = 0
  scan   pushdowns (RPC)   = 29999988
    kv pairs returned      = 2999935503
    leaves scanned remotely= 404996768
    kv / scan pushdown     = 100.00
    leaves / scan pushdown = 13.50
=========================================================================

[CORRECTNESS node 1] scan rows returned = 2999935503
[LEAFCACHE] off

----- PER-LEVEL CACHE HITS [node 1] (lookups; level 0 = leaf) -----
[KIND node 1] lookups=0 inner_visits=0 inner_hits=0 inner_hit_pct=0.00 leaf_visits=0 leaf_hits=0 leaf_hit_pct=0.00
[SCANLEAF node 1] scans=29999988 inner_complete_miss=0 inner_partial=0 leaf_cache_hits=0 leaf_reads=0 cn_leaves_per_scan=0.00 leaf_hit_pct=0.00
[END]
