nodes 2, threads 24, mix R/I/U/S=100/0/0/0, uniform, bulk 50M warmup 10M op 50M, offload 0%, scan_range 100
[4mshared memory size: 64GB, 0x7feeda800000[0m
[4mrdma cache size: 4GB[0m
[4mMachine NR: 2[0m
[4mCompute server 1 start up [255.127.0.0]
[0m
I connect server 0
workload generated: keyspace=50001000 bulk=50000000 warmup=9999984 op=49999992
[4mKey space set: keySpaceSize=50000000[0m
I am 24
I am 47
I am 28
I am 29
I am 31
I am 26
I am 25
I am 39
I am 33
I am 44
I am 40
I am 41
I am 46
I am 32
I am 35
I am 30
I am 38
I am 45
I am 42
I am 34
I am 43
I am 36
I am 27
I am 37
[INFO] new root level 3
[INFO] new root level 4
node 1 warmup done in 103s
1, throughput 0.0508 Mops
1, throughput 0.2513 Mops
1, throughput 0.0915 Mops
1, throughput 0.1736 Mops
1, throughput 0.7133 Mops
1, throughput 0.6357 Mops
1, throughput 0.6294 Mops
1, throughput 0.7123 Mops
1, throughput 0.6241 Mops
1, throughput 0.6992 Mops

==================== LATENCY BUCKETS (500 ns) [node 1] ====================
[LOOKUP]
  ALL                n=716        mean=   47.97us  p50=  39.50us  p90=  72.00us  p99= 476.50us  p99.9= 599.00us  max>=694.00us
  DIRECT (1-sided)   n=716        mean=   47.97us  p50=  39.50us  p90=  72.00us  p99= 476.50us  p99.9= 599.00us  max>=694.00us
  OFFLOAD (rpc)             (no samples)
[ALL OPS]
  ALL                n=716        mean=   47.97us  p50=  39.50us  p90=  72.00us  p99= 476.50us  p99.9= 599.00us  max>=694.00us
  DIRECT (1-sided)   n=716        mean=   47.97us  p50=  39.50us  p90=  72.00us  p99= 476.50us  p99.9= 599.00us  max>=694.00us
  OFFLOAD (rpc)             (no samples)

----- 500 ns bucket CDF (all ops) [node 1] -----
  bucket [lo,hi) ns             count        pct       cdf
  [     8000,     8500)            1    0.1397%   0.1397%
  [     8500,     9000)            6    0.8380%   0.9777%
  [     9000,     9500)           19    2.6536%   3.6313%
  [     9500,    10000)           23    3.2123%   6.8436%
  [    10000,    10500)           34    4.7486%  11.5922%
  [    10500,    11000)           25    3.4916%  15.0838%
  [    11000,    11500)           31    4.3296%  19.4134%
  [    11500,    12000)           31    4.3296%  23.7430%
  [    12000,    12500)           39    5.4469%  29.1899%
  [    12500,    13000)           27    3.7709%  32.9609%
  [    13000,    13500)           19    2.6536%  35.6145%
  [    13500,    14000)           15    2.0950%  37.7095%
  [    14000,    14500)           17    2.3743%  40.0838%
  [    14500,    15000)           10    1.3966%  41.4804%
  [    15000,    15500)            9    1.2570%  42.7374%
  [    15500,    16000)            5    0.6983%  43.4358%
  [    16000,    16500)            2    0.2793%  43.7151%
  [    16500,    17000)            8    1.1173%  44.8324%
  [    17000,    17500)            2    0.2793%  45.1117%
  [    17500,    18000)            2    0.2793%  45.3911%
  [    18000,    18500)            2    0.2793%  45.6704%
  [    18500,    19000)            2    0.2793%  45.9497%
  [    19000,    19500)            3    0.4190%  46.3687%
  [    20000,    20500)            2    0.2793%  46.6480%
  [    20500,    21000)            1    0.1397%  46.7877%
  [    21500,    22000)            1    0.1397%  46.9274%
  [    22500,    23000)            4    0.5587%  47.4860%
  [    23500,    24000)            1    0.1397%  47.6257%
  [    24000,    24500)            1    0.1397%  47.7654%
  [    24500,    25000)            1    0.1397%  47.9050%
  [    25500,    26000)            2    0.2793%  48.1844%
  [    26000,    26500)            1    0.1397%  48.3240%
  [    26500,    27000)            1    0.1397%  48.4637%
  [    27000,    27500)            1    0.1397%  48.6034%
  [    29500,    30000)            1    0.1397%  48.7430%
  [    30500,    31000)            1    0.1397%  48.8827%
  [    32000,    32500)            1    0.1397%  49.0223%
  [    33000,    33500)            2    0.2793%  49.3017%
  [    35500,    36000)            1    0.1397%  49.4413%
  [    36500,    37000)            1    0.1397%  49.5810%
  [    37000,    37500)            1    0.1397%  49.7207%
  [    37500,    38000)            1    0.1397%  49.8603%
  [    39000,    39500)            1    0.1397%  50.0000%
  [    40000,    40500)            1    0.1397%  50.1397%
  [    40500,    41000)            2    0.2793%  50.4190%
  [    41000,    41500)            1    0.1397%  50.5587%
  [    41500,    42000)            2    0.2793%  50.8380%
  [    42000,    42500)            5    0.6983%  51.5363%
  [    42500,    43000)            3    0.4190%  51.9553%
  [    43000,    43500)            3    0.4190%  52.3743%
  [    43500,    44000)            4    0.5587%  52.9330%
  [    44000,    44500)            7    0.9777%  53.9106%
  [    44500,    45000)            8    1.1173%  55.0279%
  [    45000,    45500)            3    0.4190%  55.4469%
  [    45500,    46000)            6    0.8380%  56.2849%
  [    46000,    46500)            7    0.9777%  57.2626%
  [    46500,    47000)            3    0.4190%  57.6816%
  [    47000,    47500)            7    0.9777%  58.6592%
  [    47500,    48000)            6    0.8380%  59.4972%
  [    48000,    48500)            5    0.6983%  60.1955%
  [    48500,    49000)            9    1.2570%  61.4525%
  [    49000,    49500)            4    0.5587%  62.0112%
  [    49500,    50000)            9    1.2570%  63.2682%
  [    50000,    50500)            3    0.4190%  63.6872%
  [    50500,    51000)            3    0.4190%  64.1061%
  [    51000,    51500)            5    0.6983%  64.8045%
  [    51500,    52000)            7    0.9777%  65.7821%
  [    52000,    52500)           13    1.8156%  67.5978%
  [    52500,    53000)            7    0.9777%  68.5754%
  [    53000,    53500)            5    0.6983%  69.2737%
  [    53500,    54000)            6    0.8380%  70.1117%
  [    54000,    54500)            4    0.5587%  70.6704%
  [    54500,    55000)            3    0.4190%  71.0894%
  [    55000,    55500)            2    0.2793%  71.3687%
  [    55500,    56000)            7    0.9777%  72.3464%
  [    56000,    56500)            5    0.6983%  73.0447%
  [    56500,    57000)            7    0.9777%  74.0223%
  [    57000,    57500)            6    0.8380%  74.8603%
  [    57500,    58000)            4    0.5587%  75.4190%
  [    58000,    58500)            4    0.5587%  75.9777%
  [    58500,    59000)            2    0.2793%  76.2570%
  [    59000,    59500)            7    0.9777%  77.2346%
  [    59500,    60000)            4    0.5587%  77.7933%
  [    60000,    60500)            1    0.1397%  77.9330%
  [    60500,    61000)            2    0.2793%  78.2123%
  [    61000,    61500)            2    0.2793%  78.4916%
  [    61500,    62000)            3    0.4190%  78.9106%
  [    62000,    62500)            5    0.6983%  79.6089%
  [    62500,    63000)            6    0.8380%  80.4469%
  [    63000,    63500)            1    0.1397%  80.5866%
  [    63500,    64000)            3    0.4190%  81.0056%
  [    64000,    64500)            7    0.9777%  81.9832%
  [    64500,    65000)           11    1.5363%  83.5196%
  [    65000,    65500)            5    0.6983%  84.2179%
  [    65500,    66000)            4    0.5587%  84.7765%
  [    66000,    66500)            3    0.4190%  85.1955%
  [    66500,    67000)            7    0.9777%  86.1732%
  [    67000,    67500)            1    0.1397%  86.3128%
  [    67500,    68000)            3    0.4190%  86.7318%
  [    68000,    68500)            1    0.1397%  86.8715%
  [    68500,    69000)            2    0.2793%  87.1508%
  [    69000,    69500)            6    0.8380%  87.9888%
  [    69500,    70000)            2    0.2793%  88.2682%
  [    70000,    70500)            2    0.2793%  88.5475%
  [    70500,    71000)            2    0.2793%  88.8268%
  [    71000,    71500)            6    0.8380%  89.6648%
  [    71500,    72000)            2    0.2793%  89.9441%
  [    72000,    72500)            3    0.4190%  90.3631%
  [    72500,    73000)            1    0.1397%  90.5028%
  [    73000,    73500)            1    0.1397%  90.6425%
  [    73500,    74000)            3    0.4190%  91.0615%
  [    74000,    74500)            3    0.4190%  91.4804%
  [    74500,    75000)            2    0.2793%  91.7598%
  [    75000,    75500)            2    0.2793%  92.0391%
  [    75500,    76000)            4    0.5587%  92.5978%
  [    76000,    76500)            2    0.2793%  92.8771%
  [    76500,    77000)            1    0.1397%  93.0168%
  [    77500,    78000)            2    0.2793%  93.2961%
  [    78000,    78500)            1    0.1397%  93.4358%
  [    78500,    79000)            1    0.1397%  93.5754%
  [    79500,    80000)            1    0.1397%  93.7151%
  [    80500,    81000)            3    0.4190%  94.1341%
  [    81000,    81500)            3    0.4190%  94.5531%
  [    81500,    82000)            2    0.2793%  94.8324%
  [    82500,    83000)            1    0.1397%  94.9721%
  [    83500,    84000)            1    0.1397%  95.1117%
  [    85000,    85500)            1    0.1397%  95.2514%
  [    87000,    87500)            1    0.1397%  95.3911%
  [    87500,    88000)            1    0.1397%  95.5307%
  [    89000,    89500)            1    0.1397%  95.6704%
  [    90000,    90500)            1    0.1397%  95.8101%
  [    92000,    92500)            1    0.1397%  95.9497%
  [    96500,    97000)            1    0.1397%  96.0894%
  [   137000,   137500)            1    0.1397%  96.2291%
  [   138500,   139000)            1    0.1397%  96.3687%
  [   139000,   139500)            1    0.1397%  96.5084%
  [   145000,   145500)            1    0.1397%  96.6480%
  [   147000,   147500)            2    0.2793%  96.9274%
  [   167500,   168000)            1    0.1397%  97.0670%
  [   206500,   207000)            1    0.1397%  97.2067%
  [   260000,   260500)            1    0.1397%  97.3464%
  [   286000,   286500)            1    0.1397%  97.4860%
  [   305500,   306000)            1    0.1397%  97.6257%
  [   324500,   325000)            1    0.1397%  97.7654%
  [   366000,   366500)            1    0.1397%  97.9050%
  [   371500,   372000)            1    0.1397%  98.0447%
  [   380500,   381000)            1    0.1397%  98.1844%
  [   382000,   382500)            1    0.1397%  98.3240%
  [   416500,   417000)            1    0.1397%  98.4637%
  [   444000,   444500)            1    0.1397%  98.6034%
  [   460500,   461000)            1    0.1397%  98.7430%
  [   476000,   476500)            1    0.1397%  98.8827%
  [   524000,   524500)            1    0.1397%  99.0223%
  [   531000,   531500)            1    0.1397%  99.1620%
  [   533000,   533500)            1    0.1397%  99.3017%
  [   556000,   556500)            1    0.1397%  99.4413%
  [   563000,   563500)            1    0.1397%  99.5810%
  [   589500,   590000)            1    0.1397%  99.7207%
  [   598500,   599000)            1    0.1397%  99.8603%
  [   693500,   694000)            1    0.1397% 100.0000%

----- OFFLOADED TASKS [node 1] -----
  ops total                = 716
  ops direct (1-sided)     = 716 (100.00%)
  ops offload (rpc)        = 0 (0.00%)
  lookup pushdowns         = 0
  scan   pushdowns (RPC)   = 0
    kv pairs returned      = 0
    leaves scanned remotely= 0
    kv / scan pushdown     = 0.00
    leaves / scan pushdown = 0.00
=========================================================================

[CORRECTNESS node 1] lookup found 716 / 716 = 100.0000%
[END]
