nodes 2, threads 36, mix R/I/U/S=50/0/0/50, uniform, bulk 50M warmup 10M op 30M, offload 100%, scan_range 100
[4mshared memory size: 64GB, 0x7feeda800000[0m
[4mrdma cache size: 4GB[0m
[4mMachine NR: 2[0m
[4mCompute server 1 start up [10.30.1.6]
[0m
I connect server 0
[CONFIG node 1] bulk load: bottom-up build, 8 keys per leaf, 6 children per inner node (CHIME_BULK_BUILD / CHIME_BUILD_LEAF_KEYS / CHIME_BUILD_INNER_FANOUT)
[CONFIG node 1] clients on this node: yes (CHIME_MN_CLIENTS)
[CONFIG node 1] scan path: from_cache=1 offload_always=1 (CHIME_SCAN_FROM_CACHE / CHIME_SCAN_OFFLOAD_ALWAYS)
[CONFIG node 1] push ops: scan (CHIME_PUSH_OPS; applies only with offloading on)
[CACHE node 1] total=128 MB index=128 MB leaf=0 MB
[CONFIG node 1] dir threads = 16 (CHIME_DIR_THREADS, max 16) -- MUST match the other node
[CORES node 1] linear pinning: app threads -> CPUs 0..35, main -> 79, dir threads -> 79 (REV_DIR_CPUS)
[CONFIG] hotspot buffer + speculative read: off (CHIME_HOTSPOT; stock CHIME: on above 50 MB)
workload generated: keyspace=50001000 bulk=50000000 warmup=9999972 op=29999988
[4mKey space set: keySpaceSize=50000000[0m
I am 65
I am 38
I am 50
I am 62
I am 57
I am 36
I am 42
I am 54
I am 40
I am 43
I am 59
I am 49
I am 53
I am 56
I am 37
I am 44
I am 41
I am 61
I am 45
I am 46
I am 58
I am 48
I am 60
I am 52
I am 64
I am 55
I am 51
I am 47
I am 69
I am 67
I am 68
I am 63
I am 70
I am 71
I am 39
I am 66
[build] leaves: 10% (625001/6250000)
[build] leaves: 20% (1250002/6250000)
[build] leaves: 30% (1875003/6250000)
[build] leaves: 40% (2500004/6250000)
[build] leaves: 50% (3125005/6250000)
[build] leaves: 60% (3750006/6250000)
[build] leaves: 70% (4375007/6250000)
[build] leaves: 80% (5000008/6250000)
[build] leaves: 90% (5625009/6250000)
[build] inner level 1: 1041667 nodes
[build] inner level 2: 173611 nodes
[build] inner level 3: 28935 nodes
[build] inner level 4: 4823 nodes
[build] inner level 5: 804 nodes
[build] inner level 6: 134 nodes
[build] inner level 7: 23 nodes
[build] inner level 8: 4 nodes
[build] inner level 9: 1 nodes
[build] done in 18.9s: height=10 leaves=6250000 inner_nodes=1250002 (8 keys per leaf, 6 children per inner node)
[TREE] height=10 leaves=6250000 inner_nodes=1250002 keys_per_leaf=8.00 inner_MB=399.4 leaf_MB=2104.0 total_MB=2503.4 (internal span 16, leaf span 16, node bytes inner=335 leaf=353)
node 1 warmup done in 65s
[INDEX] --- post-bulk-load cache occupancy (cache = 128 MB) ---
 ----- [TreeCache]:  cache size=128 MB free_size=-0.000 MB skiplist_node_cnt=1250002 ----- 
consumed cache size = 128.000 MB
 ----- [IdxCache]:  cache size=0 MB free_size=0.000 MB ---- 
consumed hotspot buffer size = 0.000000 MB

[LEAFCACHE] off
1, throughput 1.2550 Mops
1, throughput 1.2551 Mops
1, throughput 1.2547 Mops
1, throughput 1.2543 Mops
1, throughput 1.2532 Mops
1, throughput 1.2508 Mops
1, throughput 1.2527 Mops
1, throughput 1.2507 Mops
1, throughput 1.2490 Mops
1, throughput 1.2413 Mops
1, throughput 1.2433 Mops
1, throughput 1.2518 Mops
1, throughput 1.2509 Mops
1, throughput 1.2536 Mops
1, throughput 1.2535 Mops
1, throughput 1.2520 Mops
1, throughput 1.2526 Mops
1, throughput 1.2575 Mops
1, throughput 1.2632 Mops
1, throughput 1.2555 Mops
1, throughput 1.2589 Mops
1, throughput 1.2654 Mops
1, throughput 1.2585 Mops
1, throughput 1.2586 Mops
1, throughput 1.2603 Mops
1, throughput 1.2635 Mops
1, throughput 1.2608 Mops
1, throughput 1.2595 Mops
1, throughput 1.2603 Mops
1, throughput 1.2599 Mops
1, throughput 1.2411 Mops
1, throughput 1.2608 Mops
1, throughput 1.2592 Mops
1, throughput 1.2622 Mops
1, throughput 1.2559 Mops
1, throughput 1.2644 Mops
1, throughput 1.2627 Mops
1, throughput 1.2594 Mops
1, throughput 1.2609 Mops
1, throughput 1.2620 Mops
1, throughput 1.2611 Mops
1, throughput 1.2624 Mops
1, throughput 1.2620 Mops
1, throughput 1.2598 Mops
1, throughput 1.2618 Mops
1, throughput 1.2632 Mops
1, throughput 1.1577 Mops
1, throughput 0.7942 Mops
1, throughput 0.2225 Mops
[RESULT node 1] ops=29999988 elapsed=24.445s throughput=1.2273 Mops mode=op-bounded
[RDMA node 1] ops=29999988 posts=77797052 read_wr=69359538 read_bytes=35120490951 write_wr=0 write_bytes=0 atomic_wr=0 send_wr=15002040 send_bytes=615083640
[RDMA node 1] per_op: round_trips=2.5932 reads=2.3120 writes=0.0000 atomics=0.0000 sends=0.5001 verbs=2.8121 bytes=1191.2

==================== LATENCY BUCKETS (500 ns) [node 1] ====================
[LOOKUP]
  ALL                n=14997948   mean=   26.25us  p50=   8.00us  p90=  98.50us  p99= 127.50us  p99.9= 146.50us  max>=295.00us
  DIRECT (1-sided)   n=14997948   mean=   26.25us  p50=   8.00us  p90=  98.50us  p99= 127.50us  p99.9= 146.50us  max>=295.00us
  OFFLOAD (rpc)             (no samples)
[RANGE]
  ALL                n=15002040   mean=   30.80us  p50=  30.00us  p90=  35.50us  p99=  42.00us  p99.9=  47.50us  max>=1000.00us
  DIRECT (1-sided)          (no samples)
  OFFLOAD (rpc)      n=15002040   mean=   30.80us  p50=  30.00us  p90=  35.50us  p99=  42.00us  p99.9=  47.50us  max>=1000.00us
[ALL OPS]
  ALL                n=29999988   mean=   28.53us  p50=  28.50us  p90=  44.50us  p99= 120.50us  p99.9= 141.00us  max>=1000.00us
  DIRECT (1-sided)   n=14997948   mean=   26.25us  p50=   8.00us  p90=  98.50us  p99= 127.50us  p99.9= 146.50us  max>=295.00us
  OFFLOAD (rpc)      n=15002040   mean=   30.80us  p50=  30.00us  p90=  35.50us  p99=  42.00us  p99.9=  47.50us  max>=1000.00us

----- 500 ns bucket CDF (all ops) [node 1] -----
  bucket [lo,hi) ns             count        pct       cdf
  [     1500,     2000)            1    0.0000%   0.0000%
  [     2500,     3000)            1    0.0000%   0.0000%
  [     3500,     4000)           82    0.0003%   0.0003%
  [     4000,     4500)         7612    0.0254%   0.0257%
  [     4500,     5000)       111172    0.3706%   0.3962%
  [     5000,     5500)       513027    1.7101%   2.1063%
  [     5500,     6000)      1121206    3.7374%   5.8437%
  [     6000,     6500)      1493830    4.9794%  10.8231%
  [     6500,     7000)      1524399    5.0813%  15.9044%
  [     7000,     7500)      1480513    4.9350%  20.8395%
  [     7500,     8000)      1449675    4.8323%  25.6717%
  [     8000,     8500)      1297270    4.3242%  29.9960%
  [     8500,     9000)       986991    3.2900%  33.2859%
  [     9000,     9500)       637317    2.1244%  35.4103%
  [     9500,    10000)       359646    1.1988%  36.6092%
  [    10000,    10500)       186298    0.6210%  37.2301%
  [    10500,    11000)        94580    0.3153%  37.5454%
  [    11000,    11500)        54897    0.1830%  37.7284%
  [    11500,    12000)        39077    0.1303%  37.8587%
  [    12000,    12500)        34442    0.1148%  37.9735%
  [    12500,    13000)        34375    0.1146%  38.0881%
  [    13000,    13500)        34384    0.1146%  38.2027%
  [    13500,    14000)        34387    0.1146%  38.3173%
  [    14000,    14500)        32152    0.1072%  38.4245%
  [    14500,    15000)        29450    0.0982%  38.5226%
  [    15000,    15500)        25449    0.0848%  38.6075%
  [    15500,    16000)        21571    0.0719%  38.6794%
  [    16000,    16500)        16674    0.0556%  38.7349%
  [    16500,    17000)        12744    0.0425%  38.7774%
  [    17000,    17500)         9684    0.0323%  38.8097%
  [    17500,    18000)         7402    0.0247%  38.8344%
  [    18000,    18500)         5810    0.0194%  38.8537%
  [    18500,    19000)         4841    0.0161%  38.8699%
  [    19000,    19500)         4570    0.0152%  38.8851%
  [    19500,    20000)         4714    0.0157%  38.9008%
  [    20000,    20500)         4996    0.0167%  38.9175%
  [    20500,    21000)         5594    0.0186%  38.9361%
  [    21000,    21500)         6236    0.0208%  38.9569%
  [    21500,    22000)         6933    0.0231%  38.9800%
  [    22000,    22500)         7461    0.0249%  39.0049%
  [    22500,    23000)         7835    0.0261%  39.0310%
  [    23000,    23500)         7991    0.0266%  39.0576%
  [    23500,    24000)         8171    0.0272%  39.0849%
  [    24000,    24500)         8579    0.0286%  39.1135%
  [    24500,    25000)         9502    0.0317%  39.1452%
  [    25000,    25500)        16815    0.0561%  39.2012%
  [    25500,    26000)        52704    0.1757%  39.3769%
  [    26000,    26500)       167743    0.5591%  39.9360%
  [    26500,    27000)       413114    1.3770%  41.3131%
  [    27000,    27500)       777634    2.5921%  43.9052%
  [    27500,    28000)      1158980    3.8633%  47.7685%
  [    28000,    28500)      1420705    4.7357%  52.5041%
  [    28500,    29000)      1483031    4.9434%  57.4476%
  [    29000,    29500)      1361001    4.5367%  61.9843%
  [    29500,    30000)      1137788    3.7926%  65.7769%
  [    30000,    30500)       919503    3.0650%  68.8419%
  [    30500,    31000)       764378    2.5479%  71.3898%
  [    31000,    31500)       678518    2.2617%  73.6515%
  [    31500,    32000)       621426    2.0714%  75.7230%
  [    32000,    32500)       572506    1.9084%  77.6313%
  [    32500,    33000)       514850    1.7162%  79.3475%
  [    33000,    33500)       446423    1.4881%  80.8356%
  [    33500,    34000)       376737    1.2558%  82.0914%
  [    34000,    34500)       317163    1.0572%  83.1486%
  [    34500,    35000)       270228    0.9008%  84.0493%
  [    35000,    35500)       236641    0.7888%  84.8381%
  [    35500,    36000)       212042    0.7068%  85.5449%
  [    36000,    36500)       190886    0.6363%  86.1812%
  [    36500,    37000)       173123    0.5771%  86.7583%
  [    37000,    37500)       155810    0.5194%  87.2777%
  [    37500,    38000)       138431    0.4614%  87.7391%
  [    38000,    38500)       119610    0.3987%  88.1378%
  [    38500,    39000)       102532    0.3418%  88.4796%
  [    39000,    39500)        86315    0.2877%  88.7673%
  [    39500,    40000)        73329    0.2444%  89.0117%
  [    40000,    40500)        61667    0.2056%  89.2173%
  [    40500,    41000)        52218    0.1741%  89.3913%
  [    41000,    41500)        43645    0.1455%  89.5368%
  [    41500,    42000)        35996    0.1200%  89.6568%
  [    42000,    42500)        29618    0.0987%  89.7555%
  [    42500,    43000)        24893    0.0830%  89.8385%
  [    43000,    43500)        20439    0.0681%  89.9066%
  [    43500,    44000)        16959    0.0565%  89.9632%
  [    44000,    44500)        14095    0.0470%  90.0102%
  [    44500,    45000)        11862    0.0395%  90.0497%
  [    45000,    45500)        10080    0.0336%  90.0833%
  [    45500,    46000)         8451    0.0282%  90.1115%
  [    46000,    46500)         7095    0.0237%  90.1351%
  [    46500,    47000)         6049    0.0202%  90.1553%
  [    47000,    47500)         5138    0.0171%  90.1724%
  [    47500,    48000)         4350    0.0145%  90.1869%
  [    48000,    48500)         3740    0.0125%  90.1994%
  [    48500,    49000)         3159    0.0105%  90.2099%
  [    49000,    49500)         2611    0.0087%  90.2186%
  [    49500,    50000)         2280    0.0076%  90.2262%
  [    50000,    50500)         1919    0.0064%  90.2326%
  [    50500,    51000)         1708    0.0057%  90.2383%
  [    51000,    51500)         1473    0.0049%  90.2432%
  [    51500,    52000)         1239    0.0041%  90.2473%
  [    52000,    52500)         1128    0.0038%  90.2511%
  [    52500,    53000)          936    0.0031%  90.2542%
  [    53000,    53500)          903    0.0030%  90.2572%
  [    53500,    54000)          739    0.0025%  90.2597%
  [    54000,    54500)          652    0.0022%  90.2619%
  [    54500,    55000)          679    0.0023%  90.2641%
  [    55000,    55500)          603    0.0020%  90.2661%
  [    55500,    56000)          572    0.0019%  90.2680%
  [    56000,    56500)          506    0.0017%  90.2697%
  [    56500,    57000)          469    0.0016%  90.2713%
  [    57000,    57500)          474    0.0016%  90.2729%
  [    57500,    58000)          452    0.0015%  90.2744%
  [    58000,    58500)          445    0.0015%  90.2759%
  [    58500,    59000)          444    0.0015%  90.2773%
  [    59000,    59500)          486    0.0016%  90.2790%
  [    59500,    60000)          514    0.0017%  90.2807%
  [    60000,    60500)          518    0.0017%  90.2824%
  [    60500,    61000)          532    0.0018%  90.2842%
  [    61000,    61500)          523    0.0017%  90.2859%
  [    61500,    62000)          623    0.0021%  90.2880%
  [    62000,    62500)          584    0.0019%  90.2899%
  [    62500,    63000)          704    0.0023%  90.2923%
  [    63000,    63500)          771    0.0026%  90.2949%
  [    63500,    64000)          782    0.0026%  90.2975%
  [    64000,    64500)          894    0.0030%  90.3004%
  [    64500,    65000)         1011    0.0034%  90.3038%
  [    65000,    65500)         1023    0.0034%  90.3072%
  [    65500,    66000)         1256    0.0042%  90.3114%
  [    66000,    66500)         1393    0.0046%  90.3161%
  [    66500,    67000)         1592    0.0053%  90.3214%
  [    67000,    67500)         1721    0.0057%  90.3271%
  [    67500,    68000)         1995    0.0067%  90.3338%
  [    68000,    68500)         2296    0.0077%  90.3414%
  [    68500,    69000)         2636    0.0088%  90.3502%
  [    69000,    69500)         3052    0.0102%  90.3604%
  [    69500,    70000)         3561    0.0119%  90.3722%
  [    70000,    70500)         4089    0.0136%  90.3859%
  [    70500,    71000)         4577    0.0153%  90.4011%
  [    71000,    71500)         5079    0.0169%  90.4181%
  [    71500,    72000)         5835    0.0195%  90.4375%
  [    72000,    72500)         6345    0.0212%  90.4587%
  [    72500,    73000)         7308    0.0244%  90.4830%
  [    73000,    73500)         8167    0.0272%  90.5102%
  [    73500,    74000)         9004    0.0300%  90.5402%
  [    74000,    74500)         9832    0.0328%  90.5730%
  [    74500,    75000)        10608    0.0354%  90.6084%
  [    75000,    75500)        11578    0.0386%  90.6470%
  [    75500,    76000)        12618    0.0421%  90.6890%
  [    76000,    76500)        13490    0.0450%  90.7340%
  [    76500,    77000)        14464    0.0482%  90.7822%
  [    77000,    77500)        15299    0.0510%  90.8332%
  [    77500,    78000)        16277    0.0543%  90.8875%
  [    78000,    78500)        17208    0.0574%  90.9448%
  [    78500,    79000)        18251    0.0608%  91.0057%
  [    79000,    79500)        19162    0.0639%  91.0695%
  [    79500,    80000)        19846    0.0662%  91.1357%
  [    80000,    80500)        21022    0.0701%  91.2058%
  [    80500,    81000)        21868    0.0729%  91.2787%
  [    81000,    81500)        22742    0.0758%  91.3545%
  [    81500,    82000)        23724    0.0791%  91.4335%
  [    82000,    82500)        24654    0.0822%  91.5157%
  [    82500,    83000)        25253    0.0842%  91.5999%
  [    83000,    83500)        25759    0.0859%  91.6858%
  [    83500,    84000)        27029    0.0901%  91.7759%
  [    84000,    84500)        28020    0.0934%  91.8693%
  [    84500,    85000)        28010    0.0934%  91.9626%
  [    85000,    85500)        29114    0.0970%  92.0597%
  [    85500,    86000)        29687    0.0990%  92.1586%
  [    86000,    86500)        30346    0.1012%  92.2598%
  [    86500,    87000)        30845    0.1028%  92.3626%
  [    87000,    87500)        31648    0.1055%  92.4681%
  [    87500,    88000)        32282    0.1076%  92.5757%
  [    88000,    88500)        32602    0.1087%  92.6844%
  [    88500,    89000)        32905    0.1097%  92.7941%
  [    89000,    89500)        33365    0.1112%  92.9053%
  [    89500,    90000)        33758    0.1125%  93.0178%
  [    90000,    90500)        34529    0.1151%  93.1329%
  [    90500,    91000)        34422    0.1147%  93.2476%
  [    91000,    91500)        35174    0.1172%  93.3649%
  [    91500,    92000)        35338    0.1178%  93.4827%
  [    92000,    92500)        35522    0.1184%  93.6011%
  [    92500,    93000)        35726    0.1191%  93.7202%
  [    93000,    93500)        36264    0.1209%  93.8411%
  [    93500,    94000)        36165    0.1206%  93.9616%
  [    94000,    94500)        36680    0.1223%  94.0839%
  [    94500,    95000)        36314    0.1210%  94.2049%
  [    95000,    95500)        36661    0.1222%  94.3271%
  [    95500,    96000)        36615    0.1221%  94.4492%
  [    96000,    96500)        36883    0.1229%  94.5721%
  [    96500,    97000)        36627    0.1221%  94.6942%
  [    97000,    97500)        36708    0.1224%  94.8166%
  [    97500,    98000)        36386    0.1213%  94.9379%
  [    98000,    98500)        36768    0.1226%  95.0604%
  [    98500,    99000)        36303    0.1210%  95.1814%
  [    99000,    99500)        36497    0.1217%  95.3031%
  [    99500,   100000)        36195    0.1207%  95.4237%
  [   100000,   100500)        35852    0.1195%  95.5432%
  [   100500,   101000)        35688    0.1190%  95.6622%
  [   101000,   101500)        35843    0.1195%  95.7817%
  [   101500,   102000)        35121    0.1171%  95.8987%
  [   102000,   102500)        34723    0.1157%  96.0145%
  [   102500,   103000)        34100    0.1137%  96.1282%
  [   103000,   103500)        33934    0.1131%  96.2413%
  [   103500,   104000)        33839    0.1128%  96.3541%
  [   104000,   104500)        33271    0.1109%  96.4650%
  [   104500,   105000)        32681    0.1089%  96.5739%
  [   105000,   105500)        32086    0.1070%  96.6809%
  [   105500,   106000)        31928    0.1064%  96.7873%
  [   106000,   106500)        31448    0.1048%  96.8921%
  [   106500,   107000)        30900    0.1030%  96.9951%
  [   107000,   107500)        30314    0.1010%  97.0962%
  [   107500,   108000)        29698    0.0990%  97.1951%
  [   108000,   108500)        29108    0.0970%  97.2922%
  [   108500,   109000)        28553    0.0952%  97.3874%
  [   109000,   109500)        27993    0.0933%  97.4807%
  [   109500,   110000)        27073    0.0902%  97.5709%
  [   110000,   110500)        26768    0.0892%  97.6601%
  [   110500,   111000)        26336    0.0878%  97.7479%
  [   111000,   111500)        25678    0.0856%  97.8335%
  [   111500,   112000)        24891    0.0830%  97.9165%
  [   112000,   112500)        24318    0.0811%  97.9975%
  [   112500,   113000)        23983    0.0799%  98.0775%
  [   113000,   113500)        22982    0.0766%  98.1541%
  [   113500,   114000)        22228    0.0741%  98.2282%
  [   114000,   114500)        21660    0.0722%  98.3004%
  [   114500,   115000)        21559    0.0719%  98.3722%
  [   115000,   115500)        20568    0.0686%  98.4408%
  [   115500,   116000)        19588    0.0653%  98.5061%
  [   116000,   116500)        19046    0.0635%  98.5696%
  [   116500,   117000)        18578    0.0619%  98.6315%
  [   117000,   117500)        18087    0.0603%  98.6918%
  [   117500,   118000)        17265    0.0576%  98.7494%
  [   118000,   118500)        17006    0.0567%  98.8060%
  [   118500,   119000)        16326    0.0544%  98.8605%
  [   119000,   119500)        15701    0.0523%  98.9128%
  [   119500,   120000)        14891    0.0496%  98.9624%
  [   120000,   120500)        14526    0.0484%  99.0109%
  [   120500,   121000)        13990    0.0466%  99.0575%
  [   121000,   121500)        13626    0.0454%  99.1029%
  [   121500,   122000)        12998    0.0433%  99.1462%
  [   122000,   122500)        12422    0.0414%  99.1876%
  [   122500,   123000)        11862    0.0395%  99.2272%
  [   123000,   123500)        11300    0.0377%  99.2648%
  [   123500,   124000)        11082    0.0369%  99.3018%
  [   124000,   124500)        10570    0.0352%  99.3370%
  [   124500,   125000)        10090    0.0336%  99.3707%
  [   125000,   125500)         9594    0.0320%  99.4026%
  [   125500,   126000)         9278    0.0309%  99.4336%
  [   126000,   126500)         8731    0.0291%  99.4627%
  [   126500,   127000)         8445    0.0282%  99.4908%
  [   127000,   127500)         8003    0.0267%  99.5175%
  [   127500,   128000)         7656    0.0255%  99.5430%
  [   128000,   128500)         7349    0.0245%  99.5675%
  [   128500,   129000)         6862    0.0229%  99.5904%
  [   129000,   129500)         6707    0.0224%  99.6127%
  [   129500,   130000)         6454    0.0215%  99.6343%
  [   130000,   130500)         6090    0.0203%  99.6546%
  [   130500,   131000)         5694    0.0190%  99.6735%
  [   131000,   131500)         5359    0.0179%  99.6914%
  [   131500,   132000)         5265    0.0176%  99.7089%
  [   132000,   132500)         4886    0.0163%  99.7252%
  [   132500,   133000)         4494    0.0150%  99.7402%
  [   133000,   133500)         4456    0.0149%  99.7551%
  [   133500,   134000)         4293    0.0143%  99.7694%
  [   134000,   134500)         3940    0.0131%  99.7825%
  [   134500,   135000)         3792    0.0126%  99.7951%
  [   135000,   135500)         3496    0.0117%  99.8068%
  [   135500,   136000)         3370    0.0112%  99.8180%
  [   136000,   136500)         3214    0.0107%  99.8287%
  [   136500,   137000)         3059    0.0102%  99.8389%
  [   137000,   137500)         2820    0.0094%  99.8483%
  [   137500,   138000)         2726    0.0091%  99.8574%
  [   138000,   138500)         2533    0.0084%  99.8659%
  [   138500,   139000)         2408    0.0080%  99.8739%
  [   139000,   139500)         2237    0.0075%  99.8814%
  [   139500,   140000)         2195    0.0073%  99.8887%
  [   140000,   140500)         2068    0.0069%  99.8956%
  [   140500,   141000)         1953    0.0065%  99.9021%
  [   141000,   141500)         1817    0.0061%  99.9081%
  [   141500,   142000)         1722    0.0057%  99.9139%
  [   142000,   142500)         1535    0.0051%  99.9190%
  [   142500,   143000)         1414    0.0047%  99.9237%
  [   143000,   143500)         1444    0.0048%  99.9285%
  [   143500,   144000)         1277    0.0043%  99.9328%
  [   144000,   144500)         1275    0.0043%  99.9370%
  [   144500,   145000)         1145    0.0038%  99.9408%
  [   145000,   145500)         1083    0.0036%  99.9445%
  [   145500,   146000)          995    0.0033%  99.9478%
  [   146000,   146500)          986    0.0033%  99.9511%
  [   146500,   147000)          873    0.0029%  99.9540%
  [   147000,   147500)          850    0.0028%  99.9568%
  [   147500,   148000)          795    0.0027%  99.9594%
  [   148000,   148500)          784    0.0026%  99.9621%
  [   148500,   149000)          762    0.0025%  99.9646%
  [   149000,   149500)          692    0.0023%  99.9669%
  [   149500,   150000)          654    0.0022%  99.9691%
  [   150000,   150500)          540    0.0018%  99.9709%
  [   150500,   151000)          532    0.0018%  99.9727%
  [   151000,   151500)          492    0.0016%  99.9743%
  [   151500,   152000)          494    0.0016%  99.9759%
  [   152000,   152500)          443    0.0015%  99.9774%
  [   152500,   153000)          434    0.0014%  99.9789%
  [   153000,   153500)          363    0.0012%  99.9801%
  [   153500,   154000)          353    0.0012%  99.9813%
  [   154000,   154500)          320    0.0011%  99.9823%
  [   154500,   155000)          367    0.0012%  99.9835%
  [   155000,   155500)          333    0.0011%  99.9847%
  [   155500,   156000)          258    0.0009%  99.9855%
  [   156000,   156500)          321    0.0011%  99.9866%
  [   156500,   157000)          267    0.0009%  99.9875%
  [   157000,   157500)          242    0.0008%  99.9883%
  [   157500,   158000)          215    0.0007%  99.9890%
  [   158000,   158500)          194    0.0006%  99.9896%
  [   158500,   159000)          205    0.0007%  99.9903%
  [   159000,   159500)          196    0.0007%  99.9910%
  [   159500,   160000)          168    0.0006%  99.9915%
  [   160000,   160500)          148    0.0005%  99.9920%
  [   160500,   161000)          149    0.0005%  99.9925%
  [   161000,   161500)          143    0.0005%  99.9930%
  [   161500,   162000)          129    0.0004%  99.9934%
  [   162000,   162500)           90    0.0003%  99.9937%
  [   162500,   163000)          123    0.0004%  99.9942%
  [   163000,   163500)          100    0.0003%  99.9945%
  [   163500,   164000)           92    0.0003%  99.9948%
  [   164000,   164500)          101    0.0003%  99.9951%
  [   164500,   165000)           93    0.0003%  99.9954%
  [   165000,   165500)           85    0.0003%  99.9957%
  [   165500,   166000)           83    0.0003%  99.9960%
  [   166000,   166500)           89    0.0003%  99.9963%
  [   166500,   167000)           63    0.0002%  99.9965%
  [   167000,   167500)           61    0.0002%  99.9967%
  [   167500,   168000)           55    0.0002%  99.9969%
  [   168000,   168500)           62    0.0002%  99.9971%
  [   168500,   169000)           37    0.0001%  99.9972%
  [   169000,   169500)           54    0.0002%  99.9974%
  [   169500,   170000)           37    0.0001%  99.9975%
  [   170000,   170500)           41    0.0001%  99.9977%
  [   170500,   171000)           43    0.0001%  99.9978%
  [   171000,   171500)           27    0.0001%  99.9979%
  [   171500,   172000)           31    0.0001%  99.9980%
  [   172000,   172500)           30    0.0001%  99.9981%
  [   172500,   173000)           39    0.0001%  99.9982%
  [   173000,   173500)           29    0.0001%  99.9983%
  [   173500,   174000)           27    0.0001%  99.9984%
  [   174000,   174500)           20    0.0001%  99.9985%
  [   174500,   175000)           19    0.0001%  99.9985%
  [   175000,   175500)           28    0.0001%  99.9986%
  [   175500,   176000)           23    0.0001%  99.9987%
  [   176000,   176500)           19    0.0001%  99.9988%
  [   176500,   177000)           13    0.0000%  99.9988%
  [   177000,   177500)           18    0.0001%  99.9989%
  [   177500,   178000)           25    0.0001%  99.9990%
  [   178000,   178500)            8    0.0000%  99.9990%
  [   178500,   179000)           15    0.0001%  99.9990%
  [   179000,   179500)           15    0.0001%  99.9991%
  [   179500,   180000)           14    0.0000%  99.9991%
  [   180000,   180500)           16    0.0001%  99.9992%
  [   180500,   181000)           10    0.0000%  99.9992%
  [   181000,   181500)            7    0.0000%  99.9992%
  [   181500,   182000)           10    0.0000%  99.9993%
  [   182000,   182500)            8    0.0000%  99.9993%
  [   182500,   183000)           15    0.0001%  99.9994%
  [   183000,   183500)           13    0.0000%  99.9994%
  [   183500,   184000)           13    0.0000%  99.9994%
  [   184000,   184500)           13    0.0000%  99.9995%
  [   184500,   185000)            3    0.0000%  99.9995%
  [   185000,   185500)            5    0.0000%  99.9995%
  [   185500,   186000)            6    0.0000%  99.9995%
  [   186000,   186500)            6    0.0000%  99.9996%
  [   186500,   187000)            7    0.0000%  99.9996%
  [   187000,   187500)            9    0.0000%  99.9996%
  [   187500,   188000)            8    0.0000%  99.9996%
  [   188000,   188500)            5    0.0000%  99.9997%
  [   188500,   189000)            5    0.0000%  99.9997%
  [   189000,   189500)            7    0.0000%  99.9997%
  [   189500,   190000)            2    0.0000%  99.9997%
  [   190000,   190500)            3    0.0000%  99.9997%
  [   190500,   191000)            3    0.0000%  99.9997%
  [   191000,   191500)            7    0.0000%  99.9997%
  [   191500,   192000)            5    0.0000%  99.9998%
  [   192000,   192500)            4    0.0000%  99.9998%
  [   192500,   193000)            3    0.0000%  99.9998%
  [   193000,   193500)            2    0.0000%  99.9998%
  [   193500,   194000)            2    0.0000%  99.9998%
  [   194000,   194500)            3    0.0000%  99.9998%
  [   194500,   195000)            3    0.0000%  99.9998%
  [   195000,   195500)            4    0.0000%  99.9998%
  [   195500,   196000)            2    0.0000%  99.9998%
  [   196500,   197000)            1    0.0000%  99.9998%
  [   197000,   197500)            1    0.0000%  99.9998%
  [   197500,   198000)            2    0.0000%  99.9998%
  [   198000,   198500)            1    0.0000%  99.9999%
  [   198500,   199000)            1    0.0000%  99.9999%
  [   199500,   200000)            1    0.0000%  99.9999%
  [   200000,   200500)            1    0.0000%  99.9999%
  [   201000,   201500)            4    0.0000%  99.9999%
  [   202000,   202500)            2    0.0000%  99.9999%
  [   203500,   204000)            1    0.0000%  99.9999%
  [   205500,   206000)            1    0.0000%  99.9999%
  [   206000,   206500)            2    0.0000%  99.9999%
  [   206500,   207000)            2    0.0000%  99.9999%
  [   207500,   208000)            1    0.0000%  99.9999%
  [   210000,   210500)            1    0.0000%  99.9999%
  [   210500,   211000)            1    0.0000%  99.9999%
  [   213000,   213500)            1    0.0000%  99.9999%
  [   217000,   217500)            1    0.0000%  99.9999%
  [   218500,   219000)            2    0.0000%  99.9999%
  [   221500,   222000)            1    0.0000%  99.9999%
  [   231500,   232000)            2    0.0000%  99.9999%
  [   237000,   237500)            1    0.0000%  99.9999%
  [   241000,   241500)            2    0.0000%  99.9999%
  [   246000,   246500)            1    0.0000%  99.9999%
  [   252000,   252500)            1    0.0000% 100.0000%
  [   266000,   266500)            1    0.0000% 100.0000%
  [   269500,   270000)            1    0.0000% 100.0000%
  [   271000,   271500)            1    0.0000% 100.0000%
  [   273500,   274000)            1    0.0000% 100.0000%
  [   278000,   278500)            1    0.0000% 100.0000%
  [   280500,   281000)            1    0.0000% 100.0000%
  [   284500,   285000)            1    0.0000% 100.0000%
  [   294500,   295000)            1    0.0000% 100.0000%
  [   320000,   320500)            1    0.0000% 100.0000%
  [   323000,   323500)            1    0.0000% 100.0000%
  [   751000,   751500)            1    0.0000% 100.0000%
  [   913000,   913500)            1    0.0000% 100.0000%
  [   999500, +inf)                   2    0.0000% 100.0000%

----- OFFLOADED TASKS [node 1] -----
  ops total                = 29999988
  ops direct (1-sided)     = 14997948 (49.99%)
  ops offload (rpc)        = 15002040 (50.01%)
  lookup pushdowns         = 0
  scan   pushdowns (RPC)   = 15002040
    kv pairs returned      = 1500173019
    leaves scanned remotely= 202520840
    kv / scan pushdown     = 100.00
    leaves / scan pushdown = 13.50
=========================================================================

[CORRECTNESS node 1] lookup found 14997633 / 14997948 = 99.9979%
[CORRECTNESS node 1] scan rows returned = 1500173019
[READPATH node 1] lookups=14997948  index-cache hit=80.1%  per lookup: leaf=1.000 speculative=0.000 (right 0.0%) hop-reads=1.000 (two-segment 0.438) retries=0.000 invalid=0.000 sibling=0.000  => est. leaf round trips/lookup=1.000
[LEAFCACHE] off

----- PER-LEVEL CACHE HITS [node 1] (lookups; level 0 = leaf) -----
[LEVEL] level=0 hits=0 misses=14997945 hit_rate=0.0000
[LEVEL] level=1 hits=11354851 misses=3643094 hit_rate=0.7571
[LEVEL] level=2 hits=12047853 misses=2950092 hit_rate=0.8033
[LEVEL] level=3 hits=12086007 misses=2911938 hit_rate=0.8058
[LEVEL] level=4 hits=12086843 misses=2911102 hit_rate=0.8059
[LEVEL] level=5 hits=12086850 misses=2911095 hit_rate=0.8059
[LEVEL] level=6 hits=12086850 misses=2911095 hit_rate=0.8059
[LEVEL] level=7 hits=12086850 misses=2911095 hit_rate=0.8059
[LEVEL] level=8 hits=12086850 misses=2911095 hit_rate=0.8059
[LEVEL] level=9 hits=12086850 misses=2911095 hit_rate=0.8059
[KIND node 1] lookups=14997945 inner_visits=134981505 inner_hits=108009804 inner_hit_pct=80.02 leaf_visits=14997945 leaf_hits=0 leaf_hit_pct=0.00
[SCANLEAF node 1] scans=15002040 inner_complete_miss=0 inner_partial=0 leaf_cache_hits=0 leaf_reads=0 cn_leaves_per_scan=0.00 leaf_hit_pct=0.00
[END]
