nodes 2, threads 36, mix R/I/U/S=100/0/0/0, uniform, bulk 50M warmup 10M op 30M, offload 100%, scan_range 100
[4mshared memory size: 64GB, 0x7feeda800000[0m
[4mrdma cache size: 4GB[0m
[4mMachine NR: 2[0m
[4mCompute server 1 start up [10.30.1.6]
[0m
I connect server 0
[CONFIG node 1] bulk load: bottom-up build, 8 keys per leaf, 14 children per inner node (CHIME_BULK_BUILD / CHIME_BUILD_LEAF_KEYS / CHIME_BUILD_INNER_FANOUT)
[CONFIG node 1] clients on this node: yes (CHIME_MN_CLIENTS)
[CONFIG node 1] leaf cache by key=0 owner=0 admit_push=0.00 granule=16 (CHIME_LEAF_BY_KEY / CHIME_LEAF_OWNER / CHIME_LEAF_ADMIT_PUSH / CHIME_LEAF_KEY_GRANULE)
[CONFIG node 1] scan path: from_cache=1 offload_always=0 (CHIME_SCAN_FROM_CACHE / CHIME_SCAN_OFFLOAD_ALWAYS)
[CONFIG node 1] push ops: both (CHIME_PUSH_OPS; applies only with offloading on)
[CACHE node 1] total=512 MB index=512 MB leaf=0 MB
[CONFIG node 1] dir threads = 16 (CHIME_DIR_THREADS, max 16) -- MUST match the other node
[CORES node 1] linear pinning: app threads -> CPUs 0..35, main -> 79, dir threads -> 79 (REV_DIR_CPUS)
[CONFIG] hotspot buffer + speculative read: off (CHIME_HOTSPOT; stock CHIME: on above 50 MB)
workload generated: keyspace=50001000 bulk=50000000 warmup=9999972 op=29999988
[4mKey space set: keySpaceSize=50000000[0m
I am 66
I am 38
I am 39
I am 36
I am 43
I am 37
I am 51
I am 45
I am 42
I am 57
I am 55
I am 65
I am 56
I am 53
I am 47
I am 54
I am 48
I am 41
I am 50
I am 46
I am 52
I am 44
I am 69
I am 70
I am 71
I am 62
I am 58
I am 64
I am 59
I am 67
I am 61
I am 68
I am 63
I am 60
I am 49
I am 40
[build] leaves: 10% (625001/6250000)
[build] leaves: 20% (1250002/6250000)
[build] leaves: 30% (1875003/6250000)
[build] leaves: 40% (2500004/6250000)
[build] leaves: 50% (3125005/6250000)
[build] leaves: 60% (3750006/6250000)
[build] leaves: 70% (4375007/6250000)
[build] leaves: 80% (5000008/6250000)
[build] leaves: 90% (5625009/6250000)
[build] inner level 1: 446429 nodes
[build] inner level 2: 31888 nodes
[build] inner level 3: 2278 nodes
[build] inner level 4: 163 nodes
[build] inner level 5: 12 nodes
[build] inner level 6: 1 nodes
[build] done in 17.5s: height=7 leaves=6250000 inner_nodes=480771 (8 keys per leaf, 14 children per inner node)
[TREE] height=7 leaves=6250000 inner_nodes=480771 keys_per_leaf=8.00 inner_MB=153.6 leaf_MB=2104.0 total_MB=2257.6 (internal span 16, leaf span 16, node bytes inner=335 leaf=353)
node 1 warmup done in 20s
[INDEX] --- post-bulk-load cache occupancy (cache = 512 MB) ---
 ----- [TreeCache]:  cache size=512 MB free_size=387.289 MB skiplist_node_cnt=480771 ----- 
consumed cache size = 124.711 MB
 ----- [IdxCache]:  cache size=0 MB free_size=0.000 MB ---- 
consumed hotspot buffer size = 0.000000 MB

[LEAFCACHE] off
1, throughput 5.8240 Mops
1, throughput 5.8269 Mops
1, throughput 5.8332 Mops
1, throughput 5.8305 Mops
1, throughput 5.8286 Mops
1, throughput 5.8005 Mops
1, throughput 5.7504 Mops
1, throughput 5.8272 Mops
1, throughput 5.8310 Mops
1, throughput 5.8518 Mops
1, throughput 1.7845 Mops
[RESULT node 1] ops=29999988 elapsed=5.211s throughput=5.7576 Mops mode=op-bounded
[RDMA node 1] ops=29999988 posts=29999970 read_wr=43123267 read_bytes=4934993952 write_wr=0 write_bytes=0 atomic_wr=0 send_wr=0 send_bytes=0
[RDMA node 1] per_op: round_trips=1.0000 reads=1.4374 writes=0.0000 atomics=0.0000 sends=0.0000 verbs=1.4374 bytes=164.5

==================== LATENCY BUCKETS (500 ns) [node 1] ====================
[LOOKUP]
  ALL                n=29999988   mean=    6.13us  p50=   6.50us  p90=   8.00us  p99=   9.50us  p99.9=  12.50us  max>=107.50us
  DIRECT (1-sided)   n=29999988   mean=    6.13us  p50=   6.50us  p90=   8.00us  p99=   9.50us  p99.9=  12.50us  max>=107.50us
  OFFLOAD (rpc)             (no samples)
[ALL OPS]
  ALL                n=29999988   mean=    6.13us  p50=   6.50us  p90=   8.00us  p99=   9.50us  p99.9=  12.50us  max>=107.50us
  DIRECT (1-sided)   n=29999988   mean=    6.13us  p50=   6.50us  p90=   8.00us  p99=   9.50us  p99.9=  12.50us  max>=107.50us
  OFFLOAD (rpc)             (no samples)

----- 500 ns bucket CDF (all ops) [node 1] -----
  bucket [lo,hi) ns             count        pct       cdf
  [     1000,     1500)            1    0.0000%   0.0000%
  [     1500,     2000)            1    0.0000%   0.0000%
  [     2000,     2500)            1    0.0000%   0.0000%
  [     3000,     3500)          114    0.0004%   0.0004%
  [     3500,     4000)        31696    0.1057%   0.1060%
  [     4000,     4500)       822193    2.7406%   2.8467%
  [     4500,     5000)      3849026   12.8301%  15.6768%
  [     5000,     5500)      5644777   18.8159%  34.4927%
  [     5500,     6000)      4478380   14.9279%  49.4206%
  [     6000,     6500)      4190486   13.9683%  63.3889%
  [     6500,     7000)      4497883   14.9929%  78.3819%
  [     7000,     7500)      3396543   11.3218%  89.7037%
  [     7500,     8000)      1732569    5.7752%  95.4789%
  [     8000,     8500)       693515    2.3117%  97.7907%
  [     8500,     9000)       275413    0.9180%  98.7087%
  [     9000,     9500)       128377    0.4279%  99.1366%
  [     9500,    10000)        75577    0.2519%  99.3885%
  [    10000,    10500)        53020    0.1767%  99.5653%
  [    10500,    11000)        40430    0.1348%  99.7000%
  [    11000,    11500)        30360    0.1012%  99.8012%
  [    11500,    12000)        21675    0.0723%  99.8735%
  [    12000,    12500)        13801    0.0460%  99.9195%
  [    12500,    13000)         8259    0.0275%  99.9470%
  [    13000,    13500)         5109    0.0170%  99.9641%
  [    13500,    14000)         3344    0.0111%  99.9752%
  [    14000,    14500)         2147    0.0072%  99.9824%
  [    14500,    15000)         1416    0.0047%  99.9871%
  [    15000,    15500)          902    0.0030%  99.9901%
  [    15500,    16000)          645    0.0022%  99.9922%
  [    16000,    16500)          420    0.0014%  99.9936%
  [    16500,    17000)          295    0.0010%  99.9946%
  [    17000,    17500)          258    0.0009%  99.9955%
  [    17500,    18000)          173    0.0006%  99.9961%
  [    18000,    18500)          150    0.0005%  99.9966%
  [    18500,    19000)          124    0.0004%  99.9970%
  [    19000,    19500)           97    0.0003%  99.9973%
  [    19500,    20000)           97    0.0003%  99.9976%
  [    20000,    20500)           76    0.0003%  99.9979%
  [    20500,    21000)           56    0.0002%  99.9981%
  [    21000,    21500)           51    0.0002%  99.9982%
  [    21500,    22000)           55    0.0002%  99.9984%
  [    22000,    22500)           28    0.0001%  99.9985%
  [    22500,    23000)           47    0.0002%  99.9987%
  [    23000,    23500)           28    0.0001%  99.9988%
  [    23500,    24000)           25    0.0001%  99.9988%
  [    24000,    24500)           23    0.0001%  99.9989%
  [    24500,    25000)           16    0.0001%  99.9990%
  [    25000,    25500)           13    0.0000%  99.9990%
  [    25500,    26000)           13    0.0000%  99.9991%
  [    26000,    26500)           15    0.0001%  99.9991%
  [    26500,    27000)           19    0.0001%  99.9992%
  [    27000,    27500)           16    0.0001%  99.9992%
  [    27500,    28000)           18    0.0001%  99.9993%
  [    28000,    28500)           15    0.0001%  99.9993%
  [    28500,    29000)           10    0.0000%  99.9994%
  [    29000,    29500)           16    0.0001%  99.9994%
  [    29500,    30000)            4    0.0000%  99.9994%
  [    30000,    30500)            4    0.0000%  99.9994%
  [    30500,    31000)            6    0.0000%  99.9995%
  [    31000,    31500)            2    0.0000%  99.9995%
  [    31500,    32000)            1    0.0000%  99.9995%
  [    32000,    32500)            3    0.0000%  99.9995%
  [    32500,    33000)            1    0.0000%  99.9995%
  [    33500,    34000)            5    0.0000%  99.9995%
  [    34000,    34500)            1    0.0000%  99.9995%
  [    35000,    35500)            1    0.0000%  99.9995%
  [    37000,    37500)            1    0.0000%  99.9995%
  [    37500,    38000)            3    0.0000%  99.9995%
  [    38500,    39000)            2    0.0000%  99.9995%
  [    39000,    39500)            1    0.0000%  99.9995%
  [    40000,    40500)            2    0.0000%  99.9995%
  [    41500,    42000)            2    0.0000%  99.9995%
  [    42500,    43000)            1    0.0000%  99.9996%
  [    43000,    43500)            2    0.0000%  99.9996%
  [    44500,    45000)            1    0.0000%  99.9996%
  [    45000,    45500)            2    0.0000%  99.9996%
  [    45500,    46000)            3    0.0000%  99.9996%
  [    46500,    47000)            3    0.0000%  99.9996%
  [    47000,    47500)            2    0.0000%  99.9996%
  [    47500,    48000)            2    0.0000%  99.9996%
  [    48000,    48500)            5    0.0000%  99.9996%
  [    48500,    49000)            3    0.0000%  99.9996%
  [    49000,    49500)            2    0.0000%  99.9996%
  [    49500,    50000)            3    0.0000%  99.9996%
  [    50000,    50500)            2    0.0000%  99.9997%
  [    50500,    51000)            1    0.0000%  99.9997%
  [    51500,    52000)            2    0.0000%  99.9997%
  [    53500,    54000)            1    0.0000%  99.9997%
  [    54000,    54500)            1    0.0000%  99.9997%
  [    54500,    55000)            1    0.0000%  99.9997%
  [    55000,    55500)            1    0.0000%  99.9997%
  [    56000,    56500)            2    0.0000%  99.9997%
  [    56500,    57000)            3    0.0000%  99.9997%
  [    57000,    57500)            4    0.0000%  99.9997%
  [    57500,    58000)            1    0.0000%  99.9997%
  [    58000,    58500)            2    0.0000%  99.9997%
  [    58500,    59000)            4    0.0000%  99.9997%
  [    59000,    59500)            3    0.0000%  99.9997%
  [    59500,    60000)            3    0.0000%  99.9997%
  [    60000,    60500)            5    0.0000%  99.9998%
  [    60500,    61000)            7    0.0000%  99.9998%
  [    61000,    61500)            3    0.0000%  99.9998%
  [    61500,    62000)            1    0.0000%  99.9998%
  [    62000,    62500)            3    0.0000%  99.9998%
  [    62500,    63000)            1    0.0000%  99.9998%
  [    63000,    63500)            4    0.0000%  99.9998%
  [    63500,    64000)            2    0.0000%  99.9998%
  [    64000,    64500)            1    0.0000%  99.9998%
  [    64500,    65000)            3    0.0000%  99.9998%
  [    65000,    65500)            2    0.0000%  99.9999%
  [    65500,    66000)            1    0.0000%  99.9999%
  [    66000,    66500)            2    0.0000%  99.9999%
  [    67000,    67500)            1    0.0000%  99.9999%
  [    67500,    68000)            3    0.0000%  99.9999%
  [    68000,    68500)            1    0.0000%  99.9999%
  [    68500,    69000)            2    0.0000%  99.9999%
  [    69500,    70000)            1    0.0000%  99.9999%
  [    70000,    70500)            1    0.0000%  99.9999%
  [    71000,    71500)            1    0.0000%  99.9999%
  [    72500,    73000)            1    0.0000%  99.9999%
  [    73500,    74000)            1    0.0000%  99.9999%
  [    75500,    76000)            1    0.0000%  99.9999%
  [    77500,    78000)            1    0.0000%  99.9999%
  [    78500,    79000)            1    0.0000%  99.9999%
  [    79000,    79500)            3    0.0000%  99.9999%
  [    79500,    80000)            2    0.0000%  99.9999%
  [    81500,    82000)            2    0.0000%  99.9999%
  [    82000,    82500)            2    0.0000%  99.9999%
  [    83000,    83500)            1    0.0000%  99.9999%
  [    83500,    84000)            1    0.0000% 100.0000%
  [    85000,    85500)            1    0.0000% 100.0000%
  [    85500,    86000)            2    0.0000% 100.0000%
  [    86500,    87000)            1    0.0000% 100.0000%
  [    88000,    88500)            2    0.0000% 100.0000%
  [    89000,    89500)            1    0.0000% 100.0000%
  [    89500,    90000)            1    0.0000% 100.0000%
  [    90000,    90500)            1    0.0000% 100.0000%
  [    91000,    91500)            1    0.0000% 100.0000%
  [    93000,    93500)            1    0.0000% 100.0000%
  [    94500,    95000)            1    0.0000% 100.0000%
  [   103000,   103500)            1    0.0000% 100.0000%
  [   107000,   107500)            1    0.0000% 100.0000%

----- OFFLOADED TASKS [node 1] -----
  ops total                = 29999988
  ops direct (1-sided)     = 29999988 (100.00%)
  ops offload (rpc)        = 0 (0.00%)
  lookup pushdowns         = 0
  scan   pushdowns (RPC)   = 0
    kv pairs returned      = 0
    leaves scanned remotely= 0
    kv / scan pushdown     = 0.00
    leaves / scan pushdown = 0.00
=========================================================================

[CORRECTNESS node 1] lookup found 29999373 / 29999988 = 99.9979%
[READPATH node 1] lookups=29999988  index-cache hit=100.0%  per lookup: leaf=1.000 speculative=0.000 (right 0.0%) hop-reads=1.000 (two-segment 0.437) retries=0.000 invalid=0.000 sibling=0.000  => est. leaf round trips/lookup=1.000
[LEAFCACHE] off

----- PER-LEVEL CACHE HITS [node 1] (lookups; level 0 = leaf) -----
[LEVEL] level=0 hits=0 misses=29999970 hit_rate=0.0000
[LEVEL] level=1 hits=29999970 misses=0 hit_rate=1.0000
[LEVEL] level=2 hits=29999970 misses=0 hit_rate=1.0000
[LEVEL] level=3 hits=29999970 misses=0 hit_rate=1.0000
[LEVEL] level=4 hits=29999970 misses=0 hit_rate=1.0000
[LEVEL] level=5 hits=29999970 misses=0 hit_rate=1.0000
[LEVEL] level=6 hits=29999970 misses=0 hit_rate=1.0000
[KIND node 1] lookups=29999970 inner_visits=179999820 inner_hits=179999820 inner_hit_pct=100.00 leaf_visits=29999970 leaf_hits=0 leaf_hit_pct=0.00
[END]
