nodes 2, threads 36, mix R/I/U/S=100/0/0/0, uniform, bulk 50M warmup 10M op 30M, offload 100%, scan_range 100
[4mshared memory size: 64GB, 0x7feeda800000[0m
[4mrdma cache size: 4GB[0m
[4mMachine NR: 2[0m
[4mCompute server 1 start up [10.30.1.6]
[0m
I connect server 0
[CONFIG node 1] bulk load: bottom-up build, 8 keys per leaf, 6 children per inner node (CHIME_BULK_BUILD / CHIME_BUILD_LEAF_KEYS / CHIME_BUILD_INNER_FANOUT)
[CONFIG node 1] clients on this node: yes (CHIME_MN_CLIENTS)
[CONFIG node 1] leaf cache by key=0 owner=0 admit_push=0.00 granule=16 (CHIME_LEAF_BY_KEY / CHIME_LEAF_OWNER / CHIME_LEAF_ADMIT_PUSH / CHIME_LEAF_KEY_GRANULE)
[CONFIG node 1] scan path: from_cache=1 offload_always=0 (CHIME_SCAN_FROM_CACHE / CHIME_SCAN_OFFLOAD_ALWAYS)
[CONFIG node 1] push ops: both (CHIME_PUSH_OPS; applies only with offloading on)
[CACHE node 1] total=512 MB index=512 MB leaf=0 MB
[CONFIG node 1] dir threads = 16 (CHIME_DIR_THREADS, max 16) -- MUST match the other node
[CORES node 1] linear pinning: app threads -> CPUs 0..35, main -> 79, dir threads -> 79 (REV_DIR_CPUS)
[CONFIG] hotspot buffer + speculative read: off (CHIME_HOTSPOT; stock CHIME: on above 50 MB)
workload generated: keyspace=50001000 bulk=50000000 warmup=9999972 op=29999988
[4mKey space set: keySpaceSize=50000000[0m
I am 36
I am 57
I am 39
I am 40
I am 42
I am 37
I am 43
I am 45
I am 41
I am 44
I am 48
I am 46
I am 70
I am 54
I am 47
I am 71
I am 64
I am 49
I am 66
I am 65
I am 50
I am 55
I am 60
I am 61
I am 67
I am 51
I am 59
I am 52
I am 62
I am 56
I am 63
I am 53
I am 69
I am 68
I am 38
I am 58
[build] leaves: 10% (625001/6250000)
[build] leaves: 20% (1250002/6250000)
[build] leaves: 30% (1875003/6250000)
[build] leaves: 40% (2500004/6250000)
[build] leaves: 50% (3125005/6250000)
[build] leaves: 60% (3750006/6250000)
[build] leaves: 70% (4375007/6250000)
[build] leaves: 80% (5000008/6250000)
[build] leaves: 90% (5625009/6250000)
[build] inner level 1: 1041667 nodes
[build] inner level 2: 173611 nodes
[build] inner level 3: 28935 nodes
[build] inner level 4: 4823 nodes
[build] inner level 5: 804 nodes
[build] inner level 6: 134 nodes
[build] inner level 7: 23 nodes
[build] inner level 8: 4 nodes
[build] inner level 9: 1 nodes
[build] done in 18.9s: height=10 leaves=6250000 inner_nodes=1250002 (8 keys per leaf, 6 children per inner node)
[TREE] height=10 leaves=6250000 inner_nodes=1250002 keys_per_leaf=8.00 inner_MB=399.4 leaf_MB=2104.0 total_MB=2503.4 (internal span 16, leaf span 16, node bytes inner=335 leaf=353)
node 1 warmup done in 23s
[INDEX] --- post-bulk-load cache occupancy (cache = 512 MB) ---
 ----- [TreeCache]:  cache size=512 MB free_size=349.884 MB skiplist_node_cnt=1249934 ----- 
consumed cache size = 162.116 MB
 ----- [IdxCache]:  cache size=0 MB free_size=0.000 MB ---- 
consumed hotspot buffer size = 0.000000 MB

[LEAFCACHE] off
1, throughput 5.3115 Mops
1, throughput 5.2095 Mops
1, throughput 5.3107 Mops
1, throughput 5.3119 Mops
1, throughput 5.3148 Mops
1, throughput 5.3128 Mops
1, throughput 5.3117 Mops
1, throughput 5.3135 Mops
1, throughput 5.3143 Mops
1, throughput 5.3123 Mops
1, throughput 5.3463 Mops
1, throughput 1.6191 Mops
[RESULT node 1] ops=29999988 elapsed=5.690s throughput=5.2722 Mops mode=op-bounded
[RDMA node 1] ops=29999988 posts=30001767 read_wr=43117975 read_bytes=4934691364 write_wr=0 write_bytes=0 atomic_wr=0 send_wr=1971 send_bytes=80811
[RDMA node 1] per_op: round_trips=1.0001 reads=1.4373 writes=0.0000 atomics=0.0000 sends=0.0001 verbs=1.4373 bytes=164.5

==================== LATENCY BUCKETS (500 ns) [node 1] ====================
[LOOKUP]
  ALL                n=29999988   mean=    6.73us  p50=   7.00us  p90=   8.50us  p99=  10.50us  p99.9=  14.00us  max>= 95.50us
  DIRECT (1-sided)   n=29998017   mean=    6.73us  p50=   7.00us  p90=   8.50us  p99=  10.50us  p99.9=  14.00us  max>= 95.50us
  OFFLOAD (rpc)      n=1971       mean=   13.87us  p50=  14.00us  p90=  16.00us  p99=  24.50us  p99.9=  30.50us  max>= 51.50us
[ALL OPS]
  ALL                n=29999988   mean=    6.73us  p50=   7.00us  p90=   8.50us  p99=  10.50us  p99.9=  14.00us  max>= 95.50us
  DIRECT (1-sided)   n=29998017   mean=    6.73us  p50=   7.00us  p90=   8.50us  p99=  10.50us  p99.9=  14.00us  max>= 95.50us
  OFFLOAD (rpc)      n=1971       mean=   13.87us  p50=  14.00us  p90=  16.00us  p99=  24.50us  p99.9=  30.50us  max>= 51.50us

----- 500 ns bucket CDF (all ops) [node 1] -----
  bucket [lo,hi) ns             count        pct       cdf
  [     2500,     3000)            2    0.0000%   0.0000%
  [     3000,     3500)           11    0.0000%   0.0000%
  [     3500,     4000)         3355    0.0112%   0.0112%
  [     4000,     4500)       143278    0.4776%   0.4888%
  [     4500,     5000)      1238411    4.1280%   4.6169%
  [     5000,     5500)      3472213   11.5740%  16.1909%
  [     5500,     6000)      4636569   15.4552%  31.6461%
  [     6000,     6500)      4418044   14.7268%  46.3730%
  [     6500,     7000)      4372369   14.5746%  60.9475%
  [     7000,     7500)      4242016   14.1401%  75.0876%
  [     7500,     8000)      3292505   10.9750%  86.0626%
  [     8000,     8500)      1987416    6.6247%  92.6873%
  [     8500,     9000)      1032114    3.4404%  96.1277%
  [     9000,     9500)       501306    1.6710%  97.7987%
  [     9500,    10000)       244665    0.8156%  98.6143%
  [    10000,    10500)       130459    0.4349%  99.0491%
  [    10500,    11000)        79815    0.2661%  99.3152%
  [    11000,    11500)        55585    0.1853%  99.5005%
  [    11500,    12000)        42136    0.1405%  99.6409%
  [    12000,    12500)        32221    0.1074%  99.7483%
  [    12500,    13000)        23563    0.0785%  99.8269%
  [    13000,    13500)        16664    0.0555%  99.8824%
  [    13500,    14000)        11278    0.0376%  99.9200%
  [    14000,    14500)         7437    0.0248%  99.9448%
  [    14500,    15000)         4961    0.0165%  99.9613%
  [    15000,    15500)         3372    0.0112%  99.9726%
  [    15500,    16000)         2144    0.0071%  99.9797%
  [    16000,    16500)         1394    0.0046%  99.9844%
  [    16500,    17000)         1034    0.0034%  99.9878%
  [    17000,    17500)          689    0.0023%  99.9901%
  [    17500,    18000)          550    0.0018%  99.9920%
  [    18000,    18500)          403    0.0013%  99.9933%
  [    18500,    19000)          290    0.0010%  99.9943%
  [    19000,    19500)          242    0.0008%  99.9951%
  [    19500,    20000)          177    0.0006%  99.9957%
  [    20000,    20500)          143    0.0005%  99.9961%
  [    20500,    21000)          123    0.0004%  99.9966%
  [    21000,    21500)           83    0.0003%  99.9968%
  [    21500,    22000)          102    0.0003%  99.9972%
  [    22000,    22500)           89    0.0003%  99.9975%
  [    22500,    23000)           66    0.0002%  99.9977%
  [    23000,    23500)           59    0.0002%  99.9979%
  [    23500,    24000)           67    0.0002%  99.9981%
  [    24000,    24500)           55    0.0002%  99.9983%
  [    24500,    25000)           51    0.0002%  99.9985%
  [    25000,    25500)           36    0.0001%  99.9986%
  [    25500,    26000)           28    0.0001%  99.9987%
  [    26000,    26500)           35    0.0001%  99.9988%
  [    26500,    27000)           32    0.0001%  99.9989%
  [    27000,    27500)           18    0.0001%  99.9990%
  [    27500,    28000)           25    0.0001%  99.9990%
  [    28000,    28500)           19    0.0001%  99.9991%
  [    28500,    29000)           23    0.0001%  99.9992%
  [    29000,    29500)           14    0.0000%  99.9992%
  [    29500,    30000)           17    0.0001%  99.9993%
  [    30000,    30500)           13    0.0000%  99.9993%
  [    30500,    31000)            3    0.0000%  99.9993%
  [    31000,    31500)            5    0.0000%  99.9994%
  [    31500,    32000)            7    0.0000%  99.9994%
  [    32000,    32500)            1    0.0000%  99.9994%
  [    32500,    33000)            4    0.0000%  99.9994%
  [    33000,    33500)            1    0.0000%  99.9994%
  [    33500,    34000)            3    0.0000%  99.9994%
  [    34000,    34500)            1    0.0000%  99.9994%
  [    34500,    35000)            4    0.0000%  99.9994%
  [    35000,    35500)            1    0.0000%  99.9994%
  [    35500,    36000)            1    0.0000%  99.9994%
  [    36500,    37000)            2    0.0000%  99.9994%
  [    37000,    37500)            1    0.0000%  99.9994%
  [    37500,    38000)            2    0.0000%  99.9994%
  [    38000,    38500)            1    0.0000%  99.9994%
  [    38500,    39000)            2    0.0000%  99.9995%
  [    39000,    39500)            1    0.0000%  99.9995%
  [    39500,    40000)            1    0.0000%  99.9995%
  [    40000,    40500)            1    0.0000%  99.9995%
  [    41000,    41500)            2    0.0000%  99.9995%
  [    41500,    42000)            2    0.0000%  99.9995%
  [    42000,    42500)            1    0.0000%  99.9995%
  [    42500,    43000)            3    0.0000%  99.9995%
  [    43000,    43500)            2    0.0000%  99.9995%
  [    43500,    44000)            3    0.0000%  99.9995%
  [    44000,    44500)            2    0.0000%  99.9995%
  [    44500,    45000)            1    0.0000%  99.9995%
  [    45000,    45500)            1    0.0000%  99.9995%
  [    45500,    46000)            2    0.0000%  99.9995%
  [    46000,    46500)            2    0.0000%  99.9995%
  [    47000,    47500)            2    0.0000%  99.9995%
  [    47500,    48000)            4    0.0000%  99.9996%
  [    48000,    48500)            4    0.0000%  99.9996%
  [    49000,    49500)            4    0.0000%  99.9996%
  [    49500,    50000)            5    0.0000%  99.9996%
  [    50000,    50500)            4    0.0000%  99.9996%
  [    50500,    51000)            3    0.0000%  99.9996%
  [    51000,    51500)            5    0.0000%  99.9996%
  [    51500,    52000)            2    0.0000%  99.9996%
  [    52000,    52500)            3    0.0000%  99.9997%
  [    53500,    54000)            1    0.0000%  99.9997%
  [    54000,    54500)            3    0.0000%  99.9997%
  [    55000,    55500)            2    0.0000%  99.9997%
  [    56000,    56500)            1    0.0000%  99.9997%
  [    57000,    57500)            2    0.0000%  99.9997%
  [    57500,    58000)            2    0.0000%  99.9997%
  [    58000,    58500)            2    0.0000%  99.9997%
  [    58500,    59000)            2    0.0000%  99.9997%
  [    59000,    59500)            1    0.0000%  99.9997%
  [    59500,    60000)            1    0.0000%  99.9997%
  [    60000,    60500)            2    0.0000%  99.9997%
  [    60500,    61000)            5    0.0000%  99.9997%
  [    61000,    61500)            4    0.0000%  99.9997%
  [    61500,    62000)            3    0.0000%  99.9998%
  [    62000,    62500)            2    0.0000%  99.9998%
  [    62500,    63000)            2    0.0000%  99.9998%
  [    63000,    63500)            3    0.0000%  99.9998%
  [    63500,    64000)            2    0.0000%  99.9998%
  [    64000,    64500)            3    0.0000%  99.9998%
  [    64500,    65000)            2    0.0000%  99.9998%
  [    65000,    65500)            5    0.0000%  99.9998%
  [    65500,    66000)            3    0.0000%  99.9998%
  [    66500,    67000)            2    0.0000%  99.9998%
  [    67000,    67500)            2    0.0000%  99.9998%
  [    68500,    69000)            3    0.0000%  99.9999%
  [    70000,    70500)            1    0.0000%  99.9999%
  [    71000,    71500)            1    0.0000%  99.9999%
  [    73000,    73500)            1    0.0000%  99.9999%
  [    74000,    74500)            1    0.0000%  99.9999%
  [    77000,    77500)            2    0.0000%  99.9999%
  [    77500,    78000)            1    0.0000%  99.9999%
  [    79000,    79500)            2    0.0000%  99.9999%
  [    79500,    80000)            1    0.0000%  99.9999%
  [    80000,    80500)            1    0.0000%  99.9999%
  [    81000,    81500)            1    0.0000%  99.9999%
  [    82000,    82500)            5    0.0000%  99.9999%
  [    82500,    83000)            3    0.0000%  99.9999%
  [    83500,    84000)            1    0.0000%  99.9999%
  [    84000,    84500)            1    0.0000%  99.9999%
  [    84500,    85000)            2    0.0000%  99.9999%
  [    86500,    87000)            2    0.0000%  99.9999%
  [    87500,    88000)            3    0.0000% 100.0000%
  [    88000,    88500)            1    0.0000% 100.0000%
  [    88500,    89000)            3    0.0000% 100.0000%
  [    89000,    89500)            2    0.0000% 100.0000%
  [    89500,    90000)            2    0.0000% 100.0000%
  [    91500,    92000)            1    0.0000% 100.0000%
  [    92000,    92500)            1    0.0000% 100.0000%
  [    92500,    93000)            2    0.0000% 100.0000%
  [    93500,    94000)            1    0.0000% 100.0000%
  [    95000,    95500)            1    0.0000% 100.0000%

----- OFFLOADED TASKS [node 1] -----
  ops total                = 29999988
  ops direct (1-sided)     = 29998017 (99.99%)
  ops offload (rpc)        = 1971 (0.01%)
  lookup pushdowns         = 1971
  scan   pushdowns (RPC)   = 0
    kv pairs returned      = 0
    leaves scanned remotely= 0
    kv / scan pushdown     = 0.00
    leaves / scan pushdown = 0.00
=========================================================================

[CORRECTNESS node 1] lookup found 29999369 / 29999988 = 99.9979%
[READPATH node 1] lookups=29999988  index-cache hit=100.0%  per lookup: leaf=1.000 speculative=0.000 (right 0.0%) hop-reads=1.000 (two-segment 0.437) retries=0.000 invalid=0.000 sibling=0.000  => est. leaf round trips/lookup=1.000
[LEAFCACHE] off

----- PER-LEVEL CACHE HITS [node 1] (lookups; level 0 = leaf) -----
[LEVEL] level=0 hits=0 misses=29999970 hit_rate=0.0000
[LEVEL] level=1 hits=29997999 misses=1971 hit_rate=0.9999
[LEVEL] level=2 hits=29998173 misses=1797 hit_rate=0.9999
[LEVEL] level=3 hits=29998173 misses=1797 hit_rate=0.9999
[LEVEL] level=4 hits=29998173 misses=1797 hit_rate=0.9999
[LEVEL] level=5 hits=29998173 misses=1797 hit_rate=0.9999
[LEVEL] level=6 hits=29998173 misses=1797 hit_rate=0.9999
[LEVEL] level=7 hits=29998173 misses=1797 hit_rate=0.9999
[LEVEL] level=8 hits=29998173 misses=1797 hit_rate=0.9999
[LEVEL] level=9 hits=29998173 misses=1797 hit_rate=0.9999
[KIND node 1] lookups=29999970 inner_visits=269999730 inner_hits=269983383 inner_hit_pct=99.99 leaf_visits=29999970 leaf_hits=0 leaf_hit_pct=0.00
[END]
