nodes 2, threads 36, mix R/I/U/S=100/0/0/0, uniform, bulk 50M warmup 10M op 30M, offload 0%, scan_range 100
[4mshared memory size: 64GB, 0x7feeda800000[0m
[4mrdma cache size: 4GB[0m
[4mMachine NR: 2[0m
[4mCompute server 1 start up [10.30.1.6]
[0m
I connect server 0
[CONFIG node 1] bulk load: bottom-up build, 8 keys per leaf, 6 children per inner node (CHIME_BULK_BUILD / CHIME_BUILD_LEAF_KEYS / CHIME_BUILD_INNER_FANOUT)
[CONFIG node 1] clients on this node: yes (CHIME_MN_CLIENTS)
[CONFIG node 1] scan path: from_cache=1 offload_always=0 (CHIME_SCAN_FROM_CACHE / CHIME_SCAN_OFFLOAD_ALWAYS)
[CONFIG node 1] push ops: both (CHIME_PUSH_OPS; applies only with offloading on)
[CACHE node 1] total=128 MB index=32 MB leaf=96 MB
[CONFIG node 1] dir threads = 1 (CHIME_DIR_THREADS, max 16) -- MUST match the other node
[CORES node 1] linear pinning: app threads -> CPUs 0..35, main -> 79, dir threads -> 79 (REV_DIR_CPUS)
[CONFIG] hotspot buffer + speculative read: off (CHIME_HOTSPOT; stock CHIME: on above 50 MB)
 ----- [LeafCache]: budget=96 MB -> 32768 sets x 8 ways = 262144 leaves (352 B/leaf, 88.0 MB) -----
workload generated: keyspace=50001000 bulk=50000000 warmup=9999972 op=29999988
[4mKey space set: keySpaceSize=50000000[0m
I am 37
I am 36
I am 68
I am 42
I am 38
I am 40
I am 43
I am 41
I am 51
I am 52
I am 49
I am 48
I am 46
I am 47
I am 39
I am 45
I am 64
I am 56
I am 57
I am 65
I am 66
I am 54
I am 50
I am 63
I am 55
I am 60
I am 61
I am 69
I am 53
I am 70
I am 62
I am 59
I am 67
I am 58
I am 71
I am 44
[build] leaves: 10% (625001/6250000)
[build] leaves: 20% (1250002/6250000)
[build] leaves: 30% (1875003/6250000)
[build] leaves: 40% (2500004/6250000)
[build] leaves: 50% (3125005/6250000)
[build] leaves: 60% (3750006/6250000)
[build] leaves: 70% (4375007/6250000)
[build] leaves: 80% (5000008/6250000)
[build] leaves: 90% (5625009/6250000)
[build] inner level 1: 1041667 nodes
[build] inner level 2: 173611 nodes
[build] inner level 3: 28935 nodes
[build] inner level 4: 4823 nodes
[build] inner level 5: 804 nodes
[build] inner level 6: 134 nodes
[build] inner level 7: 23 nodes
[build] inner level 8: 4 nodes
[build] inner level 9: 1 nodes
[build] done in 18.9s: height=10 leaves=6250000 inner_nodes=1250002 (8 keys per leaf, 6 children per inner node)
[TREE] height=10 leaves=6250000 inner_nodes=1250002 keys_per_leaf=8.00 inner_MB=399.4 leaf_MB=2104.0 total_MB=2503.4 (internal span 16, leaf span 16, node bytes inner=335 leaf=353)
node 1 warmup done in 52s
[INDEX] --- post-bulk-load cache occupancy (cache = 32 MB) ---
 ----- [TreeCache]:  cache size=32 MB free_size=0.000 MB skiplist_node_cnt=1249931 ----- 
consumed cache size = 32.000 MB
 ----- [IdxCache]:  cache size=0 MB free_size=0.000 MB ---- 
consumed hotspot buffer size = 0.000000 MB

 ----- [LeafCache]: capacity=262144 leaves resident=262144 (100.0% full, 88.0 MB) -----
[LEAFCACHE] hit=412849 miss=9587113 stale=0 fill=9587113 hit_pct=4.129 admit_pct=100.000 resident=262144 capacity=262144 budget_mb=96
1, throughput 0.3041 Mops
1, throughput 0.3046 Mops
1, throughput 0.3046 Mops
1, throughput 0.3045 Mops
1, throughput 0.3043 Mops
1, throughput 0.3039 Mops
1, throughput 0.3037 Mops
1, throughput 0.3044 Mops
1, throughput 0.3031 Mops
1, throughput 0.3044 Mops
1, throughput 0.3035 Mops
1, throughput 0.3040 Mops
1, throughput 0.3041 Mops
1, throughput 0.3040 Mops
1, throughput 0.3033 Mops
1, throughput 0.3040 Mops
1, throughput 0.3038 Mops
1, throughput 0.3034 Mops
1, throughput 0.2974 Mops
1, throughput 0.3043 Mops
1, throughput 0.3051 Mops
1, throughput 0.3052 Mops
1, throughput 0.3051 Mops
1, throughput 0.3047 Mops
1, throughput 0.3057 Mops
1, throughput 0.3060 Mops
1, throughput 0.3059 Mops
1, throughput 0.3053 Mops
1, throughput 0.3053 Mops
1, throughput 0.3049 Mops
1, throughput 0.3051 Mops
1, throughput 0.3054 Mops
1, throughput 0.3057 Mops
1, throughput 0.3061 Mops
1, throughput 0.3056 Mops
1, throughput 0.3057 Mops
1, throughput 0.3061 Mops
1, throughput 0.3060 Mops
1, throughput 0.3038 Mops
1, throughput 0.2994 Mops
1, throughput 0.3055 Mops
1, throughput 0.3057 Mops
1, throughput 0.3056 Mops
1, throughput 0.3061 Mops
1, throughput 0.3047 Mops
1, throughput 0.3051 Mops
1, throughput 0.3047 Mops
1, throughput 0.3052 Mops
1, throughput 0.3057 Mops
1, throughput 0.3049 Mops
1, throughput 0.3048 Mops
1, throughput 0.3042 Mops
1, throughput 0.3046 Mops
1, throughput 0.3042 Mops
1, throughput 0.3039 Mops
1, throughput 0.3047 Mops
1, throughput 0.3048 Mops
1, throughput 0.3054 Mops
1, throughput 0.3039 Mops
1, throughput 0.3001 Mops
1, throughput 0.3017 Mops
1, throughput 0.3038 Mops
1, throughput 0.3049 Mops
1, throughput 0.3046 Mops
1, throughput 0.3029 Mops
1, throughput 0.3049 Mops
1, throughput 0.3039 Mops
1, throughput 0.3039 Mops
1, throughput 0.3046 Mops
1, throughput 0.3043 Mops
1, throughput 0.3039 Mops
1, throughput 0.3057 Mops
1, throughput 0.3048 Mops
1, throughput 0.3034 Mops
1, throughput 0.3051 Mops
1, throughput 0.3037 Mops
1, throughput 0.3048 Mops
1, throughput 0.3053 Mops
1, throughput 0.3049 Mops
1, throughput 0.3050 Mops
1, throughput 0.2998 Mops
1, throughput 0.3054 Mops
1, throughput 0.3050 Mops
1, throughput 0.3045 Mops
1, throughput 0.3043 Mops
1, throughput 0.3048 Mops
1, throughput 0.3051 Mops
1, throughput 0.3046 Mops
1, throughput 0.3052 Mops
1, throughput 0.3062 Mops
1, throughput 0.3053 Mops
1, throughput 0.3056 Mops
1, throughput 0.3049 Mops
1, throughput 0.3050 Mops
1, throughput 0.3051 Mops
1, throughput 0.3057 Mops
1, throughput 0.3052 Mops
1, throughput 0.3043 Mops
1, throughput 0.3049 Mops
1, throughput 0.3058 Mops
1, throughput 0.3023 Mops
1, throughput 0.3022 Mops
1, throughput 0.3048 Mops
1, throughput 0.3056 Mops
1, throughput 0.3052 Mops
1, throughput 0.3065 Mops
1, throughput 0.3036 Mops
1, throughput 0.3045 Mops
1, throughput 0.3047 Mops
1, throughput 0.3046 Mops
1, throughput 0.3046 Mops
1, throughput 0.3057 Mops
1, throughput 0.3045 Mops
1, throughput 0.3048 Mops
1, throughput 0.3045 Mops
1, throughput 0.3055 Mops
1, throughput 0.3047 Mops
1, throughput 0.3042 Mops
1, throughput 0.3044 Mops
1, throughput 0.3058 Mops
1, throughput 0.3040 Mops
1, throughput 0.3001 Mops
1, throughput 0.3036 Mops
1, throughput 0.3050 Mops
1, throughput 0.3049 Mops
1, throughput 0.3046 Mops
1, throughput 0.3046 Mops
1, throughput 0.3053 Mops
1, throughput 0.3050 Mops
1, throughput 0.3053 Mops
1, throughput 0.3047 Mops
1, throughput 0.3052 Mops
1, throughput 0.3055 Mops
1, throughput 0.3046 Mops
1, throughput 0.3046 Mops
1, throughput 0.3053 Mops
1, throughput 0.3052 Mops
1, throughput 0.3052 Mops
1, throughput 0.3062 Mops
1, throughput 0.3059 Mops
1, throughput 0.3042 Mops
1, throughput 0.3040 Mops
1, throughput 0.2999 Mops
1, throughput 0.3062 Mops
1, throughput 0.3057 Mops
1, throughput 0.3058 Mops
1, throughput 0.3054 Mops
1, throughput 0.3063 Mops
1, throughput 0.3058 Mops
1, throughput 0.3065 Mops
1, throughput 0.3055 Mops
1, throughput 0.3059 Mops
1, throughput 0.3055 Mops
1, throughput 0.3055 Mops
1, throughput 0.3058 Mops
1, throughput 0.3042 Mops
1, throughput 0.3057 Mops
1, throughput 0.3070 Mops
1, throughput 0.3062 Mops
1, throughput 0.3064 Mops
1, throughput 0.3056 Mops
1, throughput 0.3059 Mops
1, throughput 0.3007 Mops
1, throughput 0.3042 Mops
1, throughput 0.3046 Mops
1, throughput 0.3050 Mops
1, throughput 0.3045 Mops
1, throughput 0.3050 Mops
1, throughput 0.3050 Mops
1, throughput 0.3050 Mops
1, throughput 0.3047 Mops
1, throughput 0.3048 Mops
1, throughput 0.3038 Mops
1, throughput 0.3044 Mops
1, throughput 0.3049 Mops
1, throughput 0.3050 Mops
1, throughput 0.3040 Mops
1, throughput 0.3044 Mops
1, throughput 0.3050 Mops
1, throughput 0.3046 Mops
1, throughput 0.3041 Mops
1, throughput 0.3047 Mops
1, throughput 0.3056 Mops
1, throughput 0.2991 Mops
1, throughput 0.3056 Mops
1, throughput 0.3051 Mops
1, throughput 0.3049 Mops
1, throughput 0.3058 Mops
1, throughput 0.3009 Mops
1, throughput 0.2769 Mops
1, throughput 0.3096 Mops
1, throughput 0.3091 Mops
1, throughput 0.3095 Mops
1, throughput 0.3110 Mops
1, throughput 0.3099 Mops
1, throughput 0.3100 Mops
1, throughput 0.2726 Mops
1, throughput 0.0068 Mops
[RESULT node 1] ops=29999988 elapsed=98.583s throughput=0.3043 Mops mode=op-bounded
[RDMA node 1] ops=29999988 posts=174153578 read_wr=231637396 read_bytes=52537703425 write_wr=0 write_bytes=0 atomic_wr=0 send_wr=0 send_bytes=0
[RDMA node 1] per_op: round_trips=5.8051 reads=7.7212 writes=0.0000 atomics=0.0000 sends=0.0000 verbs=7.7212 bytes=1751.3

==================== LATENCY BUCKETS (500 ns) [node 1] ====================
[LOOKUP]
  ALL                n=29999988   mean=  115.78us  p50=  80.00us  p90= 227.50us  p99= 277.50us  p99.9= 314.50us  max>=630.00us
  DIRECT (1-sided)   n=29999988   mean=  115.78us  p50=  80.00us  p90= 227.50us  p99= 277.50us  p99.9= 314.50us  max>=630.00us
  OFFLOAD (rpc)             (no samples)
[ALL OPS]
  ALL                n=29999988   mean=  115.78us  p50=  80.00us  p90= 227.50us  p99= 277.50us  p99.9= 314.50us  max>=630.00us
  DIRECT (1-sided)   n=29999988   mean=  115.78us  p50=  80.00us  p90= 227.50us  p99= 277.50us  p99.9= 314.50us  max>=630.00us
  OFFLOAD (rpc)             (no samples)

----- 500 ns bucket CDF (all ops) [node 1] -----
  bucket [lo,hi) ns             count        pct       cdf
  [     3500,     4000)            3    0.0000%   0.0000%
  [     4000,     4500)           30    0.0001%   0.0001%
  [     4500,     5000)          695    0.0023%   0.0024%
  [     5000,     5500)         3145    0.0105%   0.0129%
  [     5500,     6000)         7789    0.0260%   0.0389%
  [     6000,     6500)        12227    0.0408%   0.0796%
  [     6500,     7000)        15586    0.0520%   0.1316%
  [     7000,     7500)        19532    0.0651%   0.1967%
  [     7500,     8000)        33005    0.1100%   0.3067%
  [     8000,     8500)        63773    0.2126%   0.5193%
  [     8500,     9000)       105582    0.3519%   0.8712%
  [     9000,     9500)       144919    0.4831%   1.3543%
  [     9500,    10000)       174727    0.5824%   1.9367%
  [    10000,    10500)       192992    0.6433%   2.5800%
  [    10500,    11000)       203601    0.6787%   3.2587%
  [    11000,    11500)       209527    0.6984%   3.9571%
  [    11500,    12000)       209943    0.6998%   4.6569%
  [    12000,    12500)       210548    0.7018%   5.3587%
  [    12500,    13000)       207873    0.6929%   6.0517%
  [    13000,    13500)       203025    0.6768%   6.7284%
  [    13500,    14000)       196793    0.6560%   7.3844%
  [    14000,    14500)       188296    0.6277%   8.0120%
  [    14500,    15000)       177397    0.5913%   8.6034%
  [    15000,    15500)       164099    0.5470%   9.1504%
  [    15500,    16000)       149372    0.4979%   9.6483%
  [    16000,    16500)       134128    0.4471%  10.0954%
  [    16500,    17000)       117570    0.3919%  10.4873%
  [    17000,    17500)       101766    0.3392%  10.8265%
  [    17500,    18000)        88818    0.2961%  11.1225%
  [    18000,    18500)        77710    0.2590%  11.3816%
  [    18500,    19000)        68622    0.2287%  11.6103%
  [    19000,    19500)        62366    0.2079%  11.8182%
  [    19500,    20000)        57962    0.1932%  12.0114%
  [    20000,    20500)        56449    0.1882%  12.1996%
  [    20500,    21000)        56234    0.1874%  12.3870%
  [    21000,    21500)        57862    0.1929%  12.5799%
  [    21500,    22000)        60257    0.2009%  12.7807%
  [    22000,    22500)        61835    0.2061%  12.9869%
  [    22500,    23000)        63889    0.2130%  13.1998%
  [    23000,    23500)        64948    0.2165%  13.4163%
  [    23500,    24000)        65303    0.2177%  13.6340%
  [    24000,    24500)        65033    0.2168%  13.8508%
  [    24500,    25000)        62955    0.2099%  14.0606%
  [    25000,    25500)        61404    0.2047%  14.2653%
  [    25500,    26000)        58598    0.1953%  14.4606%
  [    26000,    26500)        56295    0.1877%  14.6483%
  [    26500,    27000)        52818    0.1761%  14.8243%
  [    27000,    27500)        50237    0.1675%  14.9918%
  [    27500,    28000)        47450    0.1582%  15.1500%
  [    28000,    28500)        44745    0.1492%  15.2991%
  [    28500,    29000)        42231    0.1408%  15.4399%
  [    29000,    29500)        40490    0.1350%  15.5749%
  [    29500,    30000)        38295    0.1277%  15.7025%
  [    30000,    30500)        37087    0.1236%  15.8261%
  [    30500,    31000)        36598    0.1220%  15.9481%
  [    31000,    31500)        35634    0.1188%  16.0669%
  [    31500,    32000)        35105    0.1170%  16.1839%
  [    32000,    32500)        34663    0.1155%  16.2995%
  [    32500,    33000)        34288    0.1143%  16.4138%
  [    33000,    33500)        34392    0.1146%  16.5284%
  [    33500,    34000)        34109    0.1137%  16.6421%
  [    34000,    34500)        33958    0.1132%  16.7553%
  [    34500,    35000)        34094    0.1136%  16.8689%
  [    35000,    35500)        34363    0.1145%  16.9835%
  [    35500,    36000)        34702    0.1157%  17.0991%
  [    36000,    36500)        35808    0.1194%  17.2185%
  [    36500,    37000)        36560    0.1219%  17.3404%
  [    37000,    37500)        38265    0.1276%  17.4679%
  [    37500,    38000)        39513    0.1317%  17.5996%
  [    38000,    38500)        41768    0.1392%  17.7389%
  [    38500,    39000)        43380    0.1446%  17.8835%
  [    39000,    39500)        46056    0.1535%  18.0370%
  [    39500,    40000)        48771    0.1626%  18.1996%
  [    40000,    40500)        51926    0.1731%  18.3726%
  [    40500,    41000)        54938    0.1831%  18.5558%
  [    41000,    41500)        58837    0.1961%  18.7519%
  [    41500,    42000)        62360    0.2079%  18.9598%
  [    42000,    42500)        66148    0.2205%  19.1802%
  [    42500,    43000)        69898    0.2330%  19.4132%
  [    43000,    43500)        73663    0.2455%  19.6588%
  [    43500,    44000)        78362    0.2612%  19.9200%
  [    44000,    44500)        81613    0.2720%  20.1920%
  [    44500,    45000)        85079    0.2836%  20.4756%
  [    45000,    45500)        88401    0.2947%  20.7703%
  [    45500,    46000)        92057    0.3069%  21.0772%
  [    46000,    46500)        95155    0.3172%  21.3943%
  [    46500,    47000)        97783    0.3259%  21.7203%
  [    47000,    47500)       100692    0.3356%  22.0559%
  [    47500,    48000)       103641    0.3455%  22.4014%
  [    48000,    48500)       105725    0.3524%  22.7538%
  [    48500,    49000)       108631    0.3621%  23.1159%
  [    49000,    49500)       110421    0.3681%  23.4840%
  [    49500,    50000)       113542    0.3785%  23.8625%
  [    50000,    50500)       116576    0.3886%  24.2510%
  [    50500,    51000)       119871    0.3996%  24.6506%
  [    51000,    51500)       123444    0.4115%  25.0621%
  [    51500,    52000)       126474    0.4216%  25.4837%
  [    52000,    52500)       130983    0.4366%  25.9203%
  [    52500,    53000)       136516    0.4551%  26.3753%
  [    53000,    53500)       140779    0.4693%  26.8446%
  [    53500,    54000)       145778    0.4859%  27.3305%
  [    54000,    54500)       149958    0.4999%  27.8304%
  [    54500,    55000)       156565    0.5219%  28.3523%
  [    55000,    55500)       160581    0.5353%  28.8875%
  [    55500,    56000)       164826    0.5494%  29.4370%
  [    56000,    56500)       168722    0.5624%  29.9994%
  [    56500,    57000)       171150    0.5705%  30.5699%
  [    57000,    57500)       174548    0.5818%  31.1517%
  [    57500,    58000)       175665    0.5856%  31.7372%
  [    58000,    58500)       177763    0.5925%  32.3298%
  [    58500,    59000)       177996    0.5933%  32.9231%
  [    59000,    59500)       178618    0.5954%  33.5185%
  [    59500,    60000)       178085    0.5936%  34.1121%
  [    60000,    60500)       177561    0.5919%  34.7040%
  [    60500,    61000)       176471    0.5882%  35.2922%
  [    61000,    61500)       174389    0.5813%  35.8735%
  [    61500,    62000)       172634    0.5754%  36.4490%
  [    62000,    62500)       170005    0.5667%  37.0157%
  [    62500,    63000)       166555    0.5552%  37.5708%
  [    63000,    63500)       163538    0.5451%  38.1160%
  [    63500,    64000)       160303    0.5343%  38.6503%
  [    64000,    64500)       156491    0.5216%  39.1719%
  [    64500,    65000)       153784    0.5126%  39.6846%
  [    65000,    65500)       149697    0.4990%  40.1836%
  [    65500,    66000)       146276    0.4876%  40.6711%
  [    66000,    66500)       142744    0.4758%  41.1470%
  [    66500,    67000)       139322    0.4644%  41.6114%
  [    67000,    67500)       136266    0.4542%  42.0656%
  [    67500,    68000)       132998    0.4433%  42.5089%
  [    68000,    68500)       129588    0.4320%  42.9409%
  [    68500,    69000)       126884    0.4229%  43.3638%
  [    69000,    69500)       123843    0.4128%  43.7766%
  [    69500,    70000)       119442    0.3981%  44.1748%
  [    70000,    70500)       117626    0.3921%  44.5669%
  [    70500,    71000)       114524    0.3817%  44.9486%
  [    71000,    71500)       111607    0.3720%  45.3206%
  [    71500,    72000)       108714    0.3624%  45.6830%
  [    72000,    72500)       105677    0.3523%  46.0353%
  [    72500,    73000)       102759    0.3425%  46.3778%
  [    73000,    73500)       100243    0.3341%  46.7119%
  [    73500,    74000)        96962    0.3232%  47.0351%
  [    74000,    74500)        93462    0.3115%  47.3467%
  [    74500,    75000)        91254    0.3042%  47.6509%
  [    75000,    75500)        88828    0.2961%  47.9470%
  [    75500,    76000)        85846    0.2862%  48.2331%
  [    76000,    76500)        82839    0.2761%  48.5092%
  [    76500,    77000)        80746    0.2692%  48.7784%
  [    77000,    77500)        77731    0.2591%  49.0375%
  [    77500,    78000)        75025    0.2501%  49.2876%
  [    78000,    78500)        72527    0.2418%  49.5293%
  [    78500,    79000)        69624    0.2321%  49.7614%
  [    79000,    79500)        67424    0.2247%  49.9862%
  [    79500,    80000)        65428    0.2181%  50.2043%
  [    80000,    80500)        62827    0.2094%  50.4137%
  [    80500,    81000)        60464    0.2015%  50.6152%
  [    81000,    81500)        58344    0.1945%  50.8097%
  [    81500,    82000)        55998    0.1867%  50.9964%
  [    82000,    82500)        54041    0.1801%  51.1765%
  [    82500,    83000)        52039    0.1735%  51.3500%
  [    83000,    83500)        50107    0.1670%  51.5170%
  [    83500,    84000)        48660    0.1622%  51.6792%
  [    84000,    84500)        46826    0.1561%  51.8353%
  [    84500,    85000)        44827    0.1494%  51.9847%
  [    85000,    85500)        43235    0.1441%  52.1288%
  [    85500,    86000)        41892    0.1396%  52.2685%
  [    86000,    86500)        40333    0.1344%  52.4029%
  [    86500,    87000)        38718    0.1291%  52.5320%
  [    87000,    87500)        37280    0.1243%  52.6562%
  [    87500,    88000)        36191    0.1206%  52.7769%
  [    88000,    88500)        34579    0.1153%  52.8921%
  [    88500,    89000)        33444    0.1115%  53.0036%
  [    89000,    89500)        32512    0.1084%  53.1120%
  [    89500,    90000)        31297    0.1043%  53.2163%
  [    90000,    90500)        30342    0.1011%  53.3174%
  [    90500,    91000)        29608    0.0987%  53.4161%
  [    91000,    91500)        28513    0.0950%  53.5112%
  [    91500,    92000)        27626    0.0921%  53.6033%
  [    92000,    92500)        26587    0.0886%  53.6919%
  [    92500,    93000)        26265    0.0876%  53.7794%
  [    93000,    93500)        25350    0.0845%  53.8639%
  [    93500,    94000)        24881    0.0829%  53.9469%
  [    94000,    94500)        24392    0.0813%  54.0282%
  [    94500,    95000)        23818    0.0794%  54.1076%
  [    95000,    95500)        23364    0.0779%  54.1855%
  [    95500,    96000)        23196    0.0773%  54.2628%
  [    96000,    96500)        23055    0.0769%  54.3396%
  [    96500,    97000)        22649    0.0755%  54.4151%
  [    97000,    97500)        22758    0.0759%  54.4910%
  [    97500,    98000)        22692    0.0756%  54.5666%
  [    98000,    98500)        22691    0.0756%  54.6423%
  [    98500,    99000)        22742    0.0758%  54.7181%
  [    99000,    99500)        23055    0.0769%  54.7949%
  [    99500,   100000)        23104    0.0770%  54.8719%
  [   100000,   100500)        23296    0.0777%  54.9496%
  [   100500,   101000)        23487    0.0783%  55.0279%
  [   101000,   101500)        23565    0.0786%  55.1064%
  [   101500,   102000)        23556    0.0785%  55.1849%
  [   102000,   102500)        23770    0.0792%  55.2642%
  [   102500,   103000)        23887    0.0796%  55.3438%
  [   103000,   103500)        24095    0.0803%  55.4241%
  [   103500,   104000)        24352    0.0812%  55.5053%
  [   104000,   104500)        24051    0.0802%  55.5855%
  [   104500,   105000)        24545    0.0818%  55.6673%
  [   105000,   105500)        24635    0.0821%  55.7494%
  [   105500,   106000)        25189    0.0840%  55.8334%
  [   106000,   106500)        24808    0.0827%  55.9160%
  [   106500,   107000)        24983    0.0833%  55.9993%
  [   107000,   107500)        24657    0.0822%  56.0815%
  [   107500,   108000)        25025    0.0834%  56.1649%
  [   108000,   108500)        25168    0.0839%  56.2488%
  [   108500,   109000)        25012    0.0834%  56.3322%
  [   109000,   109500)        25012    0.0834%  56.4156%
  [   109500,   110000)        25091    0.0836%  56.4992%
  [   110000,   110500)        25074    0.0836%  56.5828%
  [   110500,   111000)        25013    0.0834%  56.6662%
  [   111000,   111500)        24846    0.0828%  56.7490%
  [   111500,   112000)        24658    0.0822%  56.8312%
  [   112000,   112500)        24713    0.0824%  56.9136%
  [   112500,   113000)        24640    0.0821%  56.9957%
  [   113000,   113500)        24351    0.0812%  57.0769%
  [   113500,   114000)        24192    0.0806%  57.1575%
  [   114000,   114500)        24158    0.0805%  57.2380%
  [   114500,   115000)        24030    0.0801%  57.3181%
  [   115000,   115500)        23786    0.0793%  57.3974%
  [   115500,   116000)        23553    0.0785%  57.4759%
  [   116000,   116500)        23441    0.0781%  57.5541%
  [   116500,   117000)        23084    0.0769%  57.6310%
  [   117000,   117500)        22672    0.0756%  57.7066%
  [   117500,   118000)        22155    0.0739%  57.7804%
  [   118000,   118500)        21753    0.0725%  57.8529%
  [   118500,   119000)        21305    0.0710%  57.9240%
  [   119000,   119500)        20714    0.0690%  57.9930%
  [   119500,   120000)        20288    0.0676%  58.0606%
  [   120000,   120500)        19872    0.0662%  58.1269%
  [   120500,   121000)        19426    0.0648%  58.1916%
  [   121000,   121500)        19064    0.0635%  58.2552%
  [   121500,   122000)        18327    0.0611%  58.3163%
  [   122000,   122500)        18047    0.0602%  58.3764%
  [   122500,   123000)        17172    0.0572%  58.4337%
  [   123000,   123500)        16712    0.0557%  58.4894%
  [   123500,   124000)        16478    0.0549%  58.5443%
  [   124000,   124500)        15806    0.0527%  58.5970%
  [   124500,   125000)        15420    0.0514%  58.6484%
  [   125000,   125500)        15190    0.0506%  58.6990%
  [   125500,   126000)        14487    0.0483%  58.7473%
  [   126000,   126500)        14171    0.0472%  58.7945%
  [   126500,   127000)        13696    0.0457%  58.8402%
  [   127000,   127500)        13219    0.0441%  58.8843%
  [   127500,   128000)        12899    0.0430%  58.9273%
  [   128000,   128500)        12292    0.0410%  58.9682%
  [   128500,   129000)        12167    0.0406%  59.0088%
  [   129000,   129500)        11619    0.0387%  59.0475%
  [   129500,   130000)        11475    0.0383%  59.0858%
  [   130000,   130500)        11308    0.0377%  59.1235%
  [   130500,   131000)        10997    0.0367%  59.1601%
  [   131000,   131500)        10684    0.0356%  59.1957%
  [   131500,   132000)        10665    0.0356%  59.2313%
  [   132000,   132500)        10366    0.0346%  59.2658%
  [   132500,   133000)        10041    0.0335%  59.2993%
  [   133000,   133500)        10044    0.0335%  59.3328%
  [   133500,   134000)         9986    0.0333%  59.3661%
  [   134000,   134500)         9689    0.0323%  59.3984%
  [   134500,   135000)         9543    0.0318%  59.4302%
  [   135000,   135500)         9595    0.0320%  59.4622%
  [   135500,   136000)         9676    0.0323%  59.4944%
  [   136000,   136500)         9710    0.0324%  59.5268%
  [   136500,   137000)         9519    0.0317%  59.5585%
  [   137000,   137500)         9760    0.0325%  59.5910%
  [   137500,   138000)         9788    0.0326%  59.6237%
  [   138000,   138500)         9798    0.0327%  59.6563%
  [   138500,   139000)         9992    0.0333%  59.6896%
  [   139000,   139500)        10095    0.0337%  59.7233%
  [   139500,   140000)        10436    0.0348%  59.7581%
  [   140000,   140500)        10321    0.0344%  59.7925%
  [   140500,   141000)        10428    0.0348%  59.8272%
  [   141000,   141500)        10685    0.0356%  59.8628%
  [   141500,   142000)        10820    0.0361%  59.8989%
  [   142000,   142500)        10976    0.0366%  59.9355%
  [   142500,   143000)        11475    0.0383%  59.9738%
  [   143000,   143500)        11614    0.0387%  60.0125%
  [   143500,   144000)        11951    0.0398%  60.0523%
  [   144000,   144500)        12325    0.0411%  60.0934%
  [   144500,   145000)        12737    0.0425%  60.1358%
  [   145000,   145500)        13146    0.0438%  60.1797%
  [   145500,   146000)        13291    0.0443%  60.2240%
  [   146000,   146500)        13820    0.0461%  60.2700%
  [   146500,   147000)        14054    0.0468%  60.3169%
  [   147000,   147500)        14481    0.0483%  60.3651%
  [   147500,   148000)        14689    0.0490%  60.4141%
  [   148000,   148500)        15398    0.0513%  60.4654%
  [   148500,   149000)        15619    0.0521%  60.5175%
  [   149000,   149500)        16297    0.0543%  60.5718%
  [   149500,   150000)        16641    0.0555%  60.6273%
  [   150000,   150500)        17028    0.0568%  60.6841%
  [   150500,   151000)        17227    0.0574%  60.7415%
  [   151000,   151500)        18209    0.0607%  60.8022%
  [   151500,   152000)        18229    0.0608%  60.8629%
  [   152000,   152500)        18702    0.0623%  60.9253%
  [   152500,   153000)        18946    0.0632%  60.9884%
  [   153000,   153500)        19701    0.0657%  61.0541%
  [   153500,   154000)        20186    0.0673%  61.1214%
  [   154000,   154500)        20594    0.0686%  61.1900%
  [   154500,   155000)        20783    0.0693%  61.2593%
  [   155000,   155500)        21464    0.0715%  61.3309%
  [   155500,   156000)        22056    0.0735%  61.4044%
  [   156000,   156500)        22463    0.0749%  61.4793%
  [   156500,   157000)        22864    0.0762%  61.5555%
  [   157000,   157500)        23330    0.0778%  61.6332%
  [   157500,   158000)        24396    0.0813%  61.7146%
  [   158000,   158500)        24510    0.0817%  61.7963%
  [   158500,   159000)        25145    0.0838%  61.8801%
  [   159000,   159500)        25650    0.0855%  61.9656%
  [   159500,   160000)        26018    0.0867%  62.0523%
  [   160000,   160500)        26780    0.0893%  62.1416%
  [   160500,   161000)        26957    0.0899%  62.2314%
  [   161000,   161500)        27593    0.0920%  62.3234%
  [   161500,   162000)        28473    0.0949%  62.4183%
  [   162000,   162500)        28861    0.0962%  62.5145%
  [   162500,   163000)        29222    0.0974%  62.6119%
  [   163000,   163500)        29852    0.0995%  62.7114%
  [   163500,   164000)        30754    0.1025%  62.8139%
  [   164000,   164500)        31259    0.1042%  62.9181%
  [   164500,   165000)        31885    0.1063%  63.0244%
  [   165000,   165500)        32419    0.1081%  63.1325%
  [   165500,   166000)        33050    0.1102%  63.2426%
  [   166000,   166500)        33321    0.1111%  63.3537%
  [   166500,   167000)        34394    0.1146%  63.4684%
  [   167000,   167500)        35388    0.1180%  63.5863%
  [   167500,   168000)        35696    0.1190%  63.7053%
  [   168000,   168500)        36536    0.1218%  63.8271%
  [   168500,   169000)        37657    0.1255%  63.9526%
  [   169000,   169500)        38411    0.1280%  64.0807%
  [   169500,   170000)        38764    0.1292%  64.2099%
  [   170000,   170500)        40202    0.1340%  64.3439%
  [   170500,   171000)        40831    0.1361%  64.4800%
  [   171000,   171500)        41522    0.1384%  64.6184%
  [   171500,   172000)        43077    0.1436%  64.7620%
  [   172000,   172500)        44108    0.1470%  64.9090%
  [   172500,   173000)        44633    0.1488%  65.0578%
  [   173000,   173500)        45716    0.1524%  65.2102%
  [   173500,   174000)        46968    0.1566%  65.3667%
  [   174000,   174500)        47812    0.1594%  65.5261%
  [   174500,   175000)        49076    0.1636%  65.6897%
  [   175000,   175500)        50203    0.1673%  65.8570%
  [   175500,   176000)        51393    0.1713%  66.0283%
  [   176000,   176500)        52431    0.1748%  66.2031%
  [   176500,   177000)        53746    0.1792%  66.3823%
  [   177000,   177500)        54829    0.1828%  66.5650%
  [   177500,   178000)        56041    0.1868%  66.7518%
  [   178000,   178500)        57453    0.1915%  66.9433%
  [   178500,   179000)        58159    0.1939%  67.1372%
  [   179000,   179500)        59722    0.1991%  67.3363%
  [   179500,   180000)        61201    0.2040%  67.5403%
  [   180000,   180500)        62313    0.2077%  67.7480%
  [   180500,   181000)        63200    0.2107%  67.9587%
  [   181000,   181500)        64684    0.2156%  68.1743%
  [   181500,   182000)        65768    0.2192%  68.3935%
  [   182000,   182500)        66623    0.2221%  68.6156%
  [   182500,   183000)        67498    0.2250%  68.8406%
  [   183000,   183500)        68522    0.2284%  69.0690%
  [   183500,   184000)        69805    0.2327%  69.3017%
  [   184000,   184500)        70448    0.2348%  69.5365%
  [   184500,   185000)        71705    0.2390%  69.7755%
  [   185000,   185500)        72621    0.2421%  70.0176%
  [   185500,   186000)        73304    0.2443%  70.2619%
  [   186000,   186500)        74862    0.2495%  70.5115%
  [   186500,   187000)        75764    0.2525%  70.7640%
  [   187000,   187500)        76977    0.2566%  71.0206%
  [   187500,   188000)        77514    0.2584%  71.2790%
  [   188000,   188500)        77738    0.2591%  71.5381%
  [   188500,   189000)        78703    0.2623%  71.8004%
  [   189000,   189500)        79344    0.2645%  72.0649%
  [   189500,   190000)        78812    0.2627%  72.3276%
  [   190000,   190500)        80315    0.2677%  72.5954%
  [   190500,   191000)        81339    0.2711%  72.8665%
  [   191000,   191500)        80657    0.2689%  73.1353%
  [   191500,   192000)        81630    0.2721%  73.4074%
  [   192000,   192500)        82144    0.2738%  73.6813%
  [   192500,   193000)        82580    0.2753%  73.9565%
  [   193000,   193500)        83042    0.2768%  74.2333%
  [   193500,   194000)        83002    0.2767%  74.5100%
  [   194000,   194500)        83371    0.2779%  74.7879%
  [   194500,   195000)        83461    0.2782%  75.0661%
  [   195000,   195500)        83890    0.2796%  75.3457%
  [   195500,   196000)        84088    0.2803%  75.6260%
  [   196000,   196500)        84021    0.2801%  75.9061%
  [   196500,   197000)        84358    0.2812%  76.1873%
  [   197000,   197500)        83470    0.2782%  76.4655%
  [   197500,   198000)        83090    0.2770%  76.7425%
  [   198000,   198500)        83703    0.2790%  77.0215%
  [   198500,   199000)        83044    0.2768%  77.2983%
  [   199000,   199500)        82899    0.2763%  77.5747%
  [   199500,   200000)        83160    0.2772%  77.8519%
  [   200000,   200500)        82071    0.2736%  78.1254%
  [   200500,   201000)        82018    0.2734%  78.3988%
  [   201000,   201500)        81917    0.2731%  78.6719%
  [   201500,   202000)        81374    0.2712%  78.9431%
  [   202000,   202500)        81918    0.2731%  79.2162%
  [   202500,   203000)        81166    0.2706%  79.4867%
  [   203000,   203500)        80876    0.2696%  79.7563%
  [   203500,   204000)        80081    0.2669%  80.0233%
  [   204000,   204500)        79476    0.2649%  80.2882%
  [   204500,   205000)        78979    0.2633%  80.5514%
  [   205000,   205500)        78217    0.2607%  80.8122%
  [   205500,   206000)        77869    0.2596%  81.0717%
  [   206000,   206500)        77378    0.2579%  81.3297%
  [   206500,   207000)        75931    0.2531%  81.5828%
  [   207000,   207500)        75404    0.2513%  81.8341%
  [   207500,   208000)        75516    0.2517%  82.0858%
  [   208000,   208500)        74695    0.2490%  82.3348%
  [   208500,   209000)        74034    0.2468%  82.5816%
  [   209000,   209500)        73459    0.2449%  82.8264%
  [   209500,   210000)        72697    0.2423%  83.0688%
  [   210000,   210500)        72326    0.2411%  83.3099%
  [   210500,   211000)        71475    0.2383%  83.5481%
  [   211000,   211500)        71190    0.2373%  83.7854%
  [   211500,   212000)        70037    0.2335%  84.0189%
  [   212000,   212500)        69017    0.2301%  84.2489%
  [   212500,   213000)        68149    0.2272%  84.4761%
  [   213000,   213500)        67370    0.2246%  84.7007%
  [   213500,   214000)        66922    0.2231%  84.9237%
  [   214000,   214500)        65867    0.2196%  85.1433%
  [   214500,   215000)        65210    0.2174%  85.3607%
  [   215000,   215500)        64982    0.2166%  85.5773%
  [   215500,   216000)        63903    0.2130%  85.7903%
  [   216000,   216500)        63654    0.2122%  86.0024%
  [   216500,   217000)        62657    0.2089%  86.2113%
  [   217000,   217500)        61290    0.2043%  86.4156%
  [   217500,   218000)        61124    0.2037%  86.6194%
  [   218000,   218500)        60372    0.2012%  86.8206%
  [   218500,   219000)        60067    0.2002%  87.0208%
  [   219000,   219500)        58926    0.1964%  87.2172%
  [   219500,   220000)        58500    0.1950%  87.4122%
  [   220000,   220500)        57795    0.1927%  87.6049%
  [   220500,   221000)        56932    0.1898%  87.7947%
  [   221000,   221500)        56656    0.1889%  87.9835%
  [   221500,   222000)        55981    0.1866%  88.1701%
  [   222000,   222500)        55268    0.1842%  88.3543%
  [   222500,   223000)        54644    0.1821%  88.5365%
  [   223000,   223500)        54354    0.1812%  88.7177%
  [   223500,   224000)        53365    0.1779%  88.8956%
  [   224000,   224500)        52918    0.1764%  89.0719%
  [   224500,   225000)        52742    0.1758%  89.2478%
  [   225000,   225500)        52119    0.1737%  89.4215%
  [   225500,   226000)        51769    0.1726%  89.5940%
  [   226000,   226500)        51427    0.1714%  89.7655%
  [   226500,   227000)        50704    0.1690%  89.9345%
  [   227000,   227500)        49864    0.1662%  90.1007%
  [   227500,   228000)        49310    0.1644%  90.2651%
  [   228000,   228500)        49156    0.1639%  90.4289%
  [   228500,   229000)        48573    0.1619%  90.5908%
  [   229000,   229500)        47962    0.1599%  90.7507%
  [   229500,   230000)        47990    0.1600%  90.9107%
  [   230000,   230500)        47645    0.1588%  91.0695%
  [   230500,   231000)        46741    0.1558%  91.2253%
  [   231000,   231500)        45879    0.1529%  91.3782%
  [   231500,   232000)        46112    0.1537%  91.5319%
  [   232000,   232500)        45313    0.1510%  91.6830%
  [   232500,   233000)        44683    0.1489%  91.8319%
  [   233000,   233500)        44691    0.1490%  91.9809%
  [   233500,   234000)        44625    0.1488%  92.1296%
  [   234000,   234500)        43660    0.1455%  92.2752%
  [   234500,   235000)        43243    0.1441%  92.4193%
  [   235000,   235500)        42744    0.1425%  92.5618%
  [   235500,   236000)        42046    0.1402%  92.7019%
  [   236000,   236500)        41450    0.1382%  92.8401%
  [   236500,   237000)        41248    0.1375%  92.9776%
  [   237000,   237500)        41045    0.1368%  93.1144%
  [   237500,   238000)        40285    0.1343%  93.2487%
  [   238000,   238500)        39716    0.1324%  93.3811%
  [   238500,   239000)        39398    0.1313%  93.5124%
  [   239000,   239500)        38794    0.1293%  93.6417%
  [   239500,   240000)        38383    0.1279%  93.7697%
  [   240000,   240500)        37735    0.1258%  93.8955%
  [   240500,   241000)        37339    0.1245%  94.0199%
  [   241000,   241500)        37018    0.1234%  94.1433%
  [   241500,   242000)        36243    0.1208%  94.2641%
  [   242000,   242500)        36111    0.1204%  94.3845%
  [   242500,   243000)        35590    0.1186%  94.5031%
  [   243000,   243500)        34736    0.1158%  94.6189%
  [   243500,   244000)        34601    0.1153%  94.7342%
  [   244000,   244500)        34281    0.1143%  94.8485%
  [   244500,   245000)        33423    0.1114%  94.9599%
  [   245000,   245500)        32473    0.1082%  95.0682%
  [   245500,   246000)        32522    0.1084%  95.1766%
  [   246000,   246500)        31771    0.1059%  95.2825%
  [   246500,   247000)        31296    0.1043%  95.3868%
  [   247000,   247500)        30822    0.1027%  95.4895%
  [   247500,   248000)        30359    0.1012%  95.5907%
  [   248000,   248500)        30064    0.1002%  95.6910%
  [   248500,   249000)        29333    0.0978%  95.7887%
  [   249000,   249500)        29050    0.0968%  95.8856%
  [   249500,   250000)        28225    0.0941%  95.9796%
  [   250000,   250500)        28104    0.0937%  96.0733%
  [   250500,   251000)        27126    0.0904%  96.1637%
  [   251000,   251500)        26743    0.0891%  96.2529%
  [   251500,   252000)        26364    0.0879%  96.3408%
  [   252000,   252500)        26139    0.0871%  96.4279%
  [   252500,   253000)        25453    0.0848%  96.5127%
  [   253000,   253500)        24728    0.0824%  96.5952%
  [   253500,   254000)        24922    0.0831%  96.6782%
  [   254000,   254500)        24014    0.0800%  96.7583%
  [   254500,   255000)        23515    0.0784%  96.8367%
  [   255000,   255500)        22693    0.0756%  96.9123%
  [   255500,   256000)        22537    0.0751%  96.9874%
  [   256000,   256500)        22019    0.0734%  97.0608%
  [   256500,   257000)        21510    0.0717%  97.1325%
  [   257000,   257500)        21104    0.0703%  97.2029%
  [   257500,   258000)        20757    0.0692%  97.2721%
  [   258000,   258500)        20080    0.0669%  97.3390%
  [   258500,   259000)        19983    0.0666%  97.4056%
  [   259000,   259500)        19338    0.0645%  97.4701%
  [   259500,   260000)        18962    0.0632%  97.5333%
  [   260000,   260500)        18279    0.0609%  97.5942%
  [   260500,   261000)        18000    0.0600%  97.6542%
  [   261000,   261500)        17813    0.0594%  97.7136%
  [   261500,   262000)        17107    0.0570%  97.7706%
  [   262000,   262500)        16827    0.0561%  97.8267%
  [   262500,   263000)        16476    0.0549%  97.8816%
  [   263000,   263500)        16011    0.0534%  97.9350%
  [   263500,   264000)        15774    0.0526%  97.9876%
  [   264000,   264500)        15542    0.0518%  98.0394%
  [   264500,   265000)        15007    0.0500%  98.0894%
  [   265000,   265500)        14630    0.0488%  98.1382%
  [   265500,   266000)        14319    0.0477%  98.1859%
  [   266000,   266500)        13875    0.0463%  98.2321%
  [   266500,   267000)        13529    0.0451%  98.2772%
  [   267000,   267500)        13118    0.0437%  98.3210%
  [   267500,   268000)        12860    0.0429%  98.3638%
  [   268000,   268500)        12493    0.0416%  98.4055%
  [   268500,   269000)        12236    0.0408%  98.4463%
  [   269000,   269500)        12208    0.0407%  98.4870%
  [   269500,   270000)        11610    0.0387%  98.5257%
  [   270000,   270500)        11568    0.0386%  98.5642%
  [   270500,   271000)        11193    0.0373%  98.6015%
  [   271000,   271500)        10980    0.0366%  98.6381%
  [   271500,   272000)        10501    0.0350%  98.6731%
  [   272000,   272500)        10630    0.0354%  98.7086%
  [   272500,   273000)        10158    0.0339%  98.7424%
  [   273000,   273500)         9734    0.0324%  98.7749%
  [   273500,   274000)         9645    0.0322%  98.8070%
  [   274000,   274500)         9541    0.0318%  98.8388%
  [   274500,   275000)         9072    0.0302%  98.8691%
  [   275000,   275500)         8967    0.0299%  98.8990%
  [   275500,   276000)         8759    0.0292%  98.9282%
  [   276000,   276500)         8407    0.0280%  98.9562%
  [   276500,   277000)         8290    0.0276%  98.9838%
  [   277000,   277500)         8156    0.0272%  99.0110%
  [   277500,   278000)         7874    0.0262%  99.0372%
  [   278000,   278500)         7892    0.0263%  99.0636%
  [   278500,   279000)         7478    0.0249%  99.0885%
  [   279000,   279500)         7301    0.0243%  99.1128%
  [   279500,   280000)         7090    0.0236%  99.1364%
  [   280000,   280500)         7028    0.0234%  99.1599%
  [   280500,   281000)         6884    0.0229%  99.1828%
  [   281000,   281500)         6728    0.0224%  99.2052%
  [   281500,   282000)         6662    0.0222%  99.2275%
  [   282000,   282500)         6463    0.0215%  99.2490%
  [   282500,   283000)         6242    0.0208%  99.2698%
  [   283000,   283500)         6181    0.0206%  99.2904%
  [   283500,   284000)         5916    0.0197%  99.3101%
  [   284000,   284500)         5713    0.0190%  99.3292%
  [   284500,   285000)         5717    0.0191%  99.3482%
  [   285000,   285500)         5521    0.0184%  99.3666%
  [   285500,   286000)         5339    0.0178%  99.3844%
  [   286000,   286500)         5350    0.0178%  99.4023%
  [   286500,   287000)         5274    0.0176%  99.4198%
  [   287000,   287500)         4945    0.0165%  99.4363%
  [   287500,   288000)         4973    0.0166%  99.4529%
  [   288000,   288500)         4814    0.0160%  99.4689%
  [   288500,   289000)         4798    0.0160%  99.4849%
  [   289000,   289500)         4566    0.0152%  99.5002%
  [   289500,   290000)         4485    0.0150%  99.5151%
  [   290000,   290500)         4318    0.0144%  99.5295%
  [   290500,   291000)         4193    0.0140%  99.5435%
  [   291000,   291500)         4091    0.0136%  99.5571%
  [   291500,   292000)         4018    0.0134%  99.5705%
  [   292000,   292500)         3909    0.0130%  99.5835%
  [   292500,   293000)         3665    0.0122%  99.5958%
  [   293000,   293500)         3698    0.0123%  99.6081%
  [   293500,   294000)         3631    0.0121%  99.6202%
  [   294000,   294500)         3390    0.0113%  99.6315%
  [   294500,   295000)         3378    0.0113%  99.6427%
  [   295000,   295500)         3252    0.0108%  99.6536%
  [   295500,   296000)         3239    0.0108%  99.6644%
  [   296000,   296500)         3184    0.0106%  99.6750%
  [   296500,   297000)         3054    0.0102%  99.6852%
  [   297000,   297500)         3075    0.0103%  99.6954%
  [   297500,   298000)         2807    0.0094%  99.7048%
  [   298000,   298500)         2900    0.0097%  99.7145%
  [   298500,   299000)         2707    0.0090%  99.7235%
  [   299000,   299500)         2681    0.0089%  99.7324%
  [   299500,   300000)         2575    0.0086%  99.7410%
  [   300000,   300500)         2366    0.0079%  99.7489%
  [   300500,   301000)         2414    0.0080%  99.7569%
  [   301000,   301500)         2388    0.0080%  99.7649%
  [   301500,   302000)         2216    0.0074%  99.7723%
  [   302000,   302500)         2234    0.0074%  99.7797%
  [   302500,   303000)         2197    0.0073%  99.7870%
  [   303000,   303500)         2099    0.0070%  99.7940%
  [   303500,   304000)         1978    0.0066%  99.8006%
  [   304000,   304500)         1959    0.0065%  99.8072%
  [   304500,   305000)         1891    0.0063%  99.8135%
  [   305000,   305500)         1799    0.0060%  99.8195%
  [   305500,   306000)         1846    0.0062%  99.8256%
  [   306000,   306500)         1704    0.0057%  99.8313%
  [   306500,   307000)         1722    0.0057%  99.8370%
  [   307000,   307500)         1625    0.0054%  99.8425%
  [   307500,   308000)         1524    0.0051%  99.8475%
  [   308000,   308500)         1497    0.0050%  99.8525%
  [   308500,   309000)         1489    0.0050%  99.8575%
  [   309000,   309500)         1471    0.0049%  99.8624%
  [   309500,   310000)         1392    0.0046%  99.8670%
  [   310000,   310500)         1348    0.0045%  99.8715%
  [   310500,   311000)         1269    0.0042%  99.8758%
  [   311000,   311500)         1289    0.0043%  99.8801%
  [   311500,   312000)         1254    0.0042%  99.8842%
  [   312000,   312500)         1189    0.0040%  99.8882%
  [   312500,   313000)         1133    0.0038%  99.8920%
  [   313000,   313500)         1113    0.0037%  99.8957%
  [   313500,   314000)         1084    0.0036%  99.8993%
  [   314000,   314500)         1064    0.0035%  99.9028%
  [   314500,   315000)          975    0.0033%  99.9061%
  [   315000,   315500)          914    0.0030%  99.9091%
  [   315500,   316000)          968    0.0032%  99.9124%
  [   316000,   316500)          862    0.0029%  99.9152%
  [   316500,   317000)          896    0.0030%  99.9182%
  [   317000,   317500)          860    0.0029%  99.9211%
  [   317500,   318000)          857    0.0029%  99.9239%
  [   318000,   318500)          824    0.0027%  99.9267%
  [   318500,   319000)          722    0.0024%  99.9291%
  [   319000,   319500)          681    0.0023%  99.9314%
  [   319500,   320000)          722    0.0024%  99.9338%
  [   320000,   320500)          674    0.0022%  99.9360%
  [   320500,   321000)          640    0.0021%  99.9382%
  [   321000,   321500)          690    0.0023%  99.9405%
  [   321500,   322000)          628    0.0021%  99.9426%
  [   322000,   322500)          611    0.0020%  99.9446%
  [   322500,   323000)          556    0.0019%  99.9464%
  [   323000,   323500)          551    0.0018%  99.9483%
  [   323500,   324000)          516    0.0017%  99.9500%
  [   324000,   324500)          521    0.0017%  99.9517%
  [   324500,   325000)          500    0.0017%  99.9534%
  [   325000,   325500)          480    0.0016%  99.9550%
  [   325500,   326000)          484    0.0016%  99.9566%
  [   326000,   326500)          479    0.0016%  99.9582%
  [   326500,   327000)          434    0.0014%  99.9597%
  [   327000,   327500)          399    0.0013%  99.9610%
  [   327500,   328000)          443    0.0015%  99.9625%
  [   328000,   328500)          358    0.0012%  99.9637%
  [   328500,   329000)          406    0.0014%  99.9650%
  [   329000,   329500)          354    0.0012%  99.9662%
  [   329500,   330000)          356    0.0012%  99.9674%
  [   330000,   330500)          332    0.0011%  99.9685%
  [   330500,   331000)          315    0.0011%  99.9695%
  [   331000,   331500)          321    0.0011%  99.9706%
  [   331500,   332000)          321    0.0011%  99.9717%
  [   332000,   332500)          306    0.0010%  99.9727%
  [   332500,   333000)          251    0.0008%  99.9735%
  [   333000,   333500)          268    0.0009%  99.9744%
  [   333500,   334000)          275    0.0009%  99.9753%
  [   334000,   334500)          261    0.0009%  99.9762%
  [   334500,   335000)          259    0.0009%  99.9771%
  [   335000,   335500)          258    0.0009%  99.9779%
  [   335500,   336000)          239    0.0008%  99.9787%
  [   336000,   336500)          224    0.0007%  99.9795%
  [   336500,   337000)          216    0.0007%  99.9802%
  [   337000,   337500)          229    0.0008%  99.9810%
  [   337500,   338000)          179    0.0006%  99.9816%
  [   338000,   338500)          208    0.0007%  99.9823%
  [   338500,   339000)          178    0.0006%  99.9828%
  [   339000,   339500)          188    0.0006%  99.9835%
  [   339500,   340000)          147    0.0005%  99.9840%
  [   340000,   340500)          169    0.0006%  99.9845%
  [   340500,   341000)          181    0.0006%  99.9851%
  [   341000,   341500)          152    0.0005%  99.9856%
  [   341500,   342000)          168    0.0006%  99.9862%
  [   342000,   342500)          163    0.0005%  99.9867%
  [   342500,   343000)          134    0.0004%  99.9872%
  [   343000,   343500)          130    0.0004%  99.9876%
  [   343500,   344000)          153    0.0005%  99.9881%
  [   344000,   344500)          122    0.0004%  99.9885%
  [   344500,   345000)          138    0.0005%  99.9890%
  [   345000,   345500)          106    0.0004%  99.9893%
  [   345500,   346000)          130    0.0004%  99.9898%
  [   346000,   346500)          108    0.0004%  99.9901%
  [   346500,   347000)           93    0.0003%  99.9905%
  [   347000,   347500)           93    0.0003%  99.9908%
  [   347500,   348000)           97    0.0003%  99.9911%
  [   348000,   348500)           89    0.0003%  99.9914%
  [   348500,   349000)          112    0.0004%  99.9918%
  [   349000,   349500)           87    0.0003%  99.9920%
  [   349500,   350000)           73    0.0002%  99.9923%
  [   350000,   350500)           68    0.0002%  99.9925%
  [   350500,   351000)           69    0.0002%  99.9927%
  [   351000,   351500)           65    0.0002%  99.9930%
  [   351500,   352000)           73    0.0002%  99.9932%
  [   352000,   352500)           62    0.0002%  99.9934%
  [   352500,   353000)           68    0.0002%  99.9936%
  [   353000,   353500)           61    0.0002%  99.9938%
  [   353500,   354000)           69    0.0002%  99.9941%
  [   354000,   354500)           57    0.0002%  99.9943%
  [   354500,   355000)           49    0.0002%  99.9944%
  [   355000,   355500)           54    0.0002%  99.9946%
  [   355500,   356000)           58    0.0002%  99.9948%
  [   356000,   356500)           75    0.0003%  99.9950%
  [   356500,   357000)           43    0.0001%  99.9952%
  [   357000,   357500)           45    0.0002%  99.9953%
  [   357500,   358000)           48    0.0002%  99.9955%
  [   358000,   358500)           49    0.0002%  99.9957%
  [   358500,   359000)           51    0.0002%  99.9958%
  [   359000,   359500)           49    0.0002%  99.9960%
  [   359500,   360000)           35    0.0001%  99.9961%
  [   360000,   360500)           47    0.0002%  99.9963%
  [   360500,   361000)           49    0.0002%  99.9964%
  [   361000,   361500)           37    0.0001%  99.9966%
  [   361500,   362000)           31    0.0001%  99.9967%
  [   362000,   362500)           42    0.0001%  99.9968%
  [   362500,   363000)           45    0.0002%  99.9970%
  [   363000,   363500)           29    0.0001%  99.9970%
  [   363500,   364000)           23    0.0001%  99.9971%
  [   364000,   364500)           31    0.0001%  99.9972%
  [   364500,   365000)           41    0.0001%  99.9974%
  [   365000,   365500)           29    0.0001%  99.9975%
  [   365500,   366000)           32    0.0001%  99.9976%
  [   366000,   366500)           26    0.0001%  99.9977%
  [   366500,   367000)           19    0.0001%  99.9977%
  [   367000,   367500)           20    0.0001%  99.9978%
  [   367500,   368000)           21    0.0001%  99.9979%
  [   368000,   368500)           30    0.0001%  99.9980%
  [   368500,   369000)           23    0.0001%  99.9980%
  [   369000,   369500)           19    0.0001%  99.9981%
  [   369500,   370000)           22    0.0001%  99.9982%
  [   370000,   370500)           20    0.0001%  99.9982%
  [   370500,   371000)           15    0.0001%  99.9983%
  [   371000,   371500)           22    0.0001%  99.9984%
  [   371500,   372000)           16    0.0001%  99.9984%
  [   372000,   372500)           15    0.0001%  99.9985%
  [   372500,   373000)           19    0.0001%  99.9985%
  [   373000,   373500)           11    0.0000%  99.9986%
  [   373500,   374000)           17    0.0001%  99.9986%
  [   374000,   374500)           12    0.0000%  99.9987%
  [   374500,   375000)           18    0.0001%  99.9987%
  [   375000,   375500)           13    0.0000%  99.9988%
  [   375500,   376000)            9    0.0000%  99.9988%
  [   376000,   376500)           13    0.0000%  99.9988%
  [   376500,   377000)           13    0.0000%  99.9989%
  [   377000,   377500)           14    0.0000%  99.9989%
  [   377500,   378000)           10    0.0000%  99.9990%
  [   378000,   378500)           10    0.0000%  99.9990%
  [   378500,   379000)           12    0.0000%  99.9990%
  [   379000,   379500)            4    0.0000%  99.9990%
  [   379500,   380000)           10    0.0000%  99.9991%
  [   380000,   380500)           16    0.0001%  99.9991%
  [   380500,   381000)            7    0.0000%  99.9992%
  [   381000,   381500)            5    0.0000%  99.9992%
  [   381500,   382000)            8    0.0000%  99.9992%
  [   382000,   382500)            7    0.0000%  99.9992%
  [   382500,   383000)           10    0.0000%  99.9993%
  [   383000,   383500)            5    0.0000%  99.9993%
  [   383500,   384000)            5    0.0000%  99.9993%
  [   384000,   384500)           11    0.0000%  99.9993%
  [   384500,   385000)            6    0.0000%  99.9993%
  [   385000,   385500)            5    0.0000%  99.9994%
  [   385500,   386000)            7    0.0000%  99.9994%
  [   386000,   386500)            2    0.0000%  99.9994%
  [   386500,   387000)            4    0.0000%  99.9994%
  [   387000,   387500)            5    0.0000%  99.9994%
  [   387500,   388000)            2    0.0000%  99.9994%
  [   388000,   388500)            6    0.0000%  99.9994%
  [   388500,   389000)            8    0.0000%  99.9995%
  [   389000,   389500)            7    0.0000%  99.9995%
  [   389500,   390000)            6    0.0000%  99.9995%
  [   390000,   390500)            8    0.0000%  99.9995%
  [   390500,   391000)            4    0.0000%  99.9996%
  [   391000,   391500)            6    0.0000%  99.9996%
  [   391500,   392000)            6    0.0000%  99.9996%
  [   392500,   393000)            7    0.0000%  99.9996%
  [   393000,   393500)            3    0.0000%  99.9996%
  [   393500,   394000)            1    0.0000%  99.9996%
  [   394000,   394500)            1    0.0000%  99.9996%
  [   394500,   395000)            3    0.0000%  99.9996%
  [   395000,   395500)            3    0.0000%  99.9997%
  [   395500,   396000)            2    0.0000%  99.9997%
  [   396000,   396500)            2    0.0000%  99.9997%
  [   396500,   397000)            3    0.0000%  99.9997%
  [   397000,   397500)            4    0.0000%  99.9997%
  [   397500,   398000)            5    0.0000%  99.9997%
  [   398000,   398500)            3    0.0000%  99.9997%
  [   398500,   399000)            3    0.0000%  99.9997%
  [   399000,   399500)            2    0.0000%  99.9997%
  [   399500,   400000)            3    0.0000%  99.9997%
  [   400000,   400500)            1    0.0000%  99.9998%
  [   400500,   401000)            3    0.0000%  99.9998%
  [   401000,   401500)            3    0.0000%  99.9998%
  [   401500,   402000)            3    0.0000%  99.9998%
  [   402500,   403000)            3    0.0000%  99.9998%
  [   403000,   403500)            1    0.0000%  99.9998%
  [   403500,   404000)            3    0.0000%  99.9998%
  [   404000,   404500)            2    0.0000%  99.9998%
  [   404500,   405000)            2    0.0000%  99.9998%
  [   405000,   405500)            1    0.0000%  99.9998%
  [   405500,   406000)            1    0.0000%  99.9998%
  [   407000,   407500)            2    0.0000%  99.9998%
  [   407500,   408000)            1    0.0000%  99.9998%
  [   408000,   408500)            1    0.0000%  99.9998%
  [   408500,   409000)            1    0.0000%  99.9998%
  [   409000,   409500)            2    0.0000%  99.9998%
  [   410500,   411000)            1    0.0000%  99.9999%
  [   411500,   412000)            1    0.0000%  99.9999%
  [   412500,   413000)            1    0.0000%  99.9999%
  [   413000,   413500)            3    0.0000%  99.9999%
  [   413500,   414000)            1    0.0000%  99.9999%
  [   414000,   414500)            2    0.0000%  99.9999%
  [   414500,   415000)            1    0.0000%  99.9999%
  [   415500,   416000)            1    0.0000%  99.9999%
  [   417000,   417500)            1    0.0000%  99.9999%
  [   418500,   419000)            2    0.0000%  99.9999%
  [   419000,   419500)            2    0.0000%  99.9999%
  [   420500,   421000)            1    0.0000%  99.9999%
  [   421500,   422000)            2    0.0000%  99.9999%
  [   422000,   422500)            1    0.0000%  99.9999%
  [   423500,   424000)            1    0.0000%  99.9999%
  [   424500,   425000)            3    0.0000%  99.9999%
  [   425000,   425500)            1    0.0000%  99.9999%
  [   425500,   426000)            1    0.0000%  99.9999%
  [   426500,   427000)            1    0.0000%  99.9999%
  [   430000,   430500)            1    0.0000%  99.9999%
  [   431000,   431500)            1    0.0000%  99.9999%
  [   433000,   433500)            1    0.0000%  99.9999%
  [   436500,   437000)            1    0.0000% 100.0000%
  [   439000,   439500)            1    0.0000% 100.0000%
  [   441500,   442000)            1    0.0000% 100.0000%
  [   454500,   455000)            2    0.0000% 100.0000%
  [   456500,   457000)            1    0.0000% 100.0000%
  [   460000,   460500)            1    0.0000% 100.0000%
  [   463000,   463500)            2    0.0000% 100.0000%
  [   467000,   467500)            1    0.0000% 100.0000%
  [   469500,   470000)            1    0.0000% 100.0000%
  [   480500,   481000)            1    0.0000% 100.0000%
  [   485500,   486000)            1    0.0000% 100.0000%
  [   504500,   505000)            1    0.0000% 100.0000%
  [   629500,   630000)            1    0.0000% 100.0000%

----- OFFLOADED TASKS [node 1] -----
  ops total                = 29999988
  ops direct (1-sided)     = 29999988 (100.00%)
  ops offload (rpc)        = 0 (0.00%)
  lookup pushdowns         = 0
  scan   pushdowns (RPC)   = 0
    kv pairs returned      = 0
    leaves scanned remotely= 0
    kv / scan pushdown     = 0.00
    leaves / scan pushdown = 0.00
=========================================================================

[CORRECTNESS node 1] lookup found 29999415 / 29999988 = 99.9981%
[READPATH node 1] lookups=29999988  index-cache hit=51.9%  per lookup: leaf=1.000 speculative=0.000 (right 0.0%) hop-reads=0.000 (two-segment 0.000) retries=0.000 invalid=0.000 sibling=0.000  => est. leaf round trips/lookup=0.000
 ----- [LeafCache]: capacity=262144 leaves resident=262144 (100.0% full, 88.0 MB) -----
[LEAFCACHE] hit=1258066 miss=28741909 stale=0 fill=28741909 hit_pct=4.194 admit_pct=100.000 resident=262144 capacity=262144 budget_mb=96

----- PER-LEVEL CACHE HITS [node 1] (lookups; level 0 = leaf) -----
[LEVEL] level=0 hits=1258066 misses=28741909 hit_rate=0.0419
[LEVEL] level=1 hits=3407049 misses=26592926 hit_rate=0.1136
[LEVEL] level=2 hits=12903270 misses=17096705 hit_rate=0.4301
[LEVEL] level=3 hits=17366497 misses=12633478 hit_rate=0.5789
[LEVEL] level=4 hits=17449204 misses=12550771 hit_rate=0.5816
[LEVEL] level=5 hits=17453307 misses=12546668 hit_rate=0.5818
[LEVEL] level=6 hits=17453364 misses=12546611 hit_rate=0.5818
[LEVEL] level=7 hits=17453364 misses=12546611 hit_rate=0.5818
[LEVEL] level=8 hits=17453364 misses=12546611 hit_rate=0.5818
[LEVEL] level=9 hits=17453364 misses=12546611 hit_rate=0.5818
[KIND node 1] lookups=29999975 inner_visits=269999775 inner_hits=138392783 inner_hit_pct=51.26 leaf_visits=29999975 leaf_hits=1258066 leaf_hit_pct=4.19
[END]
