Compute node count = 1
kNodeCount 2, kReadRatio 100, kInsertRatio 0, kUpdateRatio 0, kDeleteRatio 0, kRangeRatio 0, totalThreadCount 36, memThreadCount 16 cache_size 8, uniform_workload 1, zipfian 0.990000, bulk_load_num 50000000, warmup_num 10000000, op_num 30000000, check_correctness 0, time_based 0, early_stop 1, index 0, rpc_rate 1.000000, admission_rate 0.100000, auto_tune 0
kMaxThread = 36
KeySpace = 50001000
[GEOMETRY] inner_page=160 leaf_page=512 inner_entries=5 leaf_entries=26 slot=512 placement=mn_only
[4mshared memory size: 64GB, 0x7fa47ec00000[0m
[4mcache size: 2GB[0m
[4mMachine NR: 2[0m
[4mMax_APP_THREAD: 80[0m
[4mNR_DIRECTORY: 16[0m
[4mStart Build the DSMKeeper[0m
I am servers 1 [255.127.0.0]
I connect server 0
[4mdir 0 launch! (core 79 of 80)
[0m
[4mdir 1 launch! (core 78 of 80)
[0m
[4mdir 2 launch! (core 77 of 80)
[0m
[4mdir 3 launch! (core 76 of 80)
[0m
[4mdir 4 launch! (core 75 of 80)
[0m
[4mdir 5 launch! (core 74 of 80)
[0m
[4mdir 6 launch! (core 73 of 80)
[0m
[4mdir 7 launch! (core 72 of 80)
[0m
[4mdir 8 launch! (core 71 of 80)
[0m
[4mdir 9 launch! (core 70 of 80)
[0m
[4mdir 10 launch! (core 69 of 80)
[0m
[4mdir 11 launch! (core 68 of 80)
[0m
[4mdir 12 launch! (core 67 of 80)
[0m
[4mdir 13 launch! (core 66 of 80)
[0m
[4mdir 14 launch! (core 65 of 80)
[0m
[4mdir 15 launch! (core 64 of 80)
[0m
Before barrier finish

----- REMOTE CPU LOAD (memory node dir-threads, 2s window) -----
  dir 0: active=  0.00%  msgs=1           3401 ns/msg
  dir 1: active=  0.00%  msgs=0           0 ns/msg
  dir 2: active=  0.00%  msgs=0           0 ns/msg
  dir 3: active=  0.00%  msgs=0           0 ns/msg
  dir 4: active=  0.00%  msgs=0           0 ns/msg
  dir 5: active=  0.00%  msgs=0           0 ns/msg
  dir 6: active=  0.00%  msgs=0           0 ns/msg
  dir 7: active=  0.00%  msgs=0           0 ns/msg
  dir 8: active=  0.00%  msgs=0           0 ns/msg
  dir 9: active=  0.00%  msgs=0           0 ns/msg
  dir 10: active=  0.00%  msgs=0           0 ns/msg
  dir 11: active=  0.00%  msgs=0           0 ns/msg
  dir 12: active=  0.00%  msgs=0           0 ns/msg
  dir 13: active=  0.00%  msgs=0           0 ns/msg
  dir 14: active=  0.00%  msgs=0           0 ns/msg
  dir 15: active=  0.00%  msgs=0           0 ns/msg
  AGGREGATE active = 0.00% (of 16 dir-threads; 0.00% per-thread avg)  msgs=1
[CPU memory  ] process= 19.94% of 80 cores   system= 20.05%   (window 2s)

----- REMOTE CPU LOAD (memory node dir-threads, 2s window) -----
  dir 0: active=  0.00%  msgs=0           0 ns/msg
  dir 1: active=  0.00%  msgs=0           0 ns/msg
  dir 2: active=  0.00%  msgs=0           0 ns/msg
  dir 3: active=  0.00%  msgs=0           0 ns/msg
  dir 4: active=  0.00%  msgs=0           0 ns/msg
  dir 5: active=  0.00%  msgs=0           0 ns/msg
  dir 6: active=  0.00%  msgs=0           0 ns/msg
  dir 7: active=  0.00%  msgs=0           0 ns/msg
  dir 8: active=  0.00%  msgs=0           0 ns/msg
  dir 9: active=  0.00%  msgs=0           0 ns/msg
  dir 10: active=  0.00%  msgs=0           0 ns/msg
  dir 11: active=  0.00%  msgs=0           0 ns/msg
  dir 12: active=  0.00%  msgs=0           0 ns/msg
  dir 13: active=  0.00%  msgs=0           0 ns/msg
  dir 14: active=  0.00%  msgs=0           0 ns/msg
  dir 15: active=  0.00%  msgs=0           0 ns/msg
  AGGREGATE active = 0.00% (of 16 dir-threads; 0.00% per-thread avg)  msgs=0
[CPU memory  ] process= 19.96% of 80 cores   system= 20.04%   (window 2s)

----- REMOTE CPU LOAD (memory node dir-threads, 2s window) -----
  dir 0: active=  0.00%  msgs=0           0 ns/msg
  dir 1: active=  0.00%  msgs=0           0 ns/msg
  dir 2: active=  0.00%  msgs=0           0 ns/msg
  dir 3: active=  0.00%  msgs=0           0 ns/msg
  dir 4: active=  0.00%  msgs=0           0 ns/msg
  dir 5: active=  0.00%  msgs=0           0 ns/msg
  dir 6: active=  0.00%  msgs=0           0 ns/msg
  dir 7: active=  0.00%  msgs=0           0 ns/msg
  dir 8: active=  0.00%  msgs=0           0 ns/msg
  dir 9: active=  0.00%  msgs=0           0 ns/msg
  dir 10: active=  0.00%  msgs=0           0 ns/msg
  dir 11: active=  0.00%  msgs=0           0 ns/msg
  dir 12: active=  0.00%  msgs=0           0 ns/msg
  dir 13: active=  0.00%  msgs=0           0 ns/msg
  dir 14: active=  0.00%  msgs=0           0 ns/msg
  dir 15: active=  0.00%  msgs=0           0 ns/msg
  AGGREGATE active = 0.00% (of 16 dir-threads; 0.00% per-thread avg)  msgs=0
[CPU memory  ] process= 19.95% of 80 cores   system= 20.01%   (window 2s)

----- REMOTE CPU LOAD (memory node dir-threads, 2s window) -----
  dir 0: active=  0.00%  msgs=0           0 ns/msg
  dir 1: active=  0.00%  msgs=0           0 ns/msg
  dir 2: active=  0.00%  msgs=0           0 ns/msg
  dir 3: active=  0.00%  msgs=0           0 ns/msg
  dir 4: active=  0.00%  msgs=0           0 ns/msg
  dir 5: active=  0.00%  msgs=0           0 ns/msg
  dir 6: active=  0.00%  msgs=0           0 ns/msg
  dir 7: active=  0.00%  msgs=0           0 ns/msg
  dir 8: active=  0.00%  msgs=0           0 ns/msg
  dir 9: active=  0.00%  msgs=0           0 ns/msg
  dir 10: active=  0.00%  msgs=0           0 ns/msg
  dir 11: active=  0.00%  msgs=0           0 ns/msg
  dir 12: active=  0.00%  msgs=0           0 ns/msg
  dir 13: active=  0.00%  msgs=0           0 ns/msg
  dir 14: active=  0.00%  msgs=0           0 ns/msg
  dir 15: active=  0.00%  msgs=0           0 ns/msg
  AGGREGATE active = 0.00% (of 16 dir-threads; 0.00% per-thread avg)  msgs=0
[CPU memory  ] process= 19.95% of 80 cores   system= 20.04%   (window 2s)

----- REMOTE CPU LOAD (memory node dir-threads, 2s window) -----
  dir 0: active=  0.00%  msgs=0           0 ns/msg
  dir 1: active=  0.00%  msgs=0           0 ns/msg
  dir 2: active=  0.00%  msgs=0           0 ns/msg
  dir 3: active=  0.00%  msgs=0           0 ns/msg
  dir 4: active=  0.00%  msgs=0           0 ns/msg
  dir 5: active=  0.00%  msgs=0           0 ns/msg
  dir 6: active=  0.00%  msgs=0           0 ns/msg
  dir 7: active=  0.00%  msgs=0           0 ns/msg
  dir 8: active=  0.00%  msgs=0           0 ns/msg
  dir 9: active=  0.00%  msgs=0           0 ns/msg
  dir 10: active=  0.00%  msgs=0           0 ns/msg
  dir 11: active=  0.00%  msgs=0           0 ns/msg
  dir 12: active=  0.00%  msgs=0           0 ns/msg
  dir 13: active=  0.00%  msgs=0           0 ns/msg
  dir 14: active=  0.00%  msgs=0           0 ns/msg
  dir 15: active=  0.00%  msgs=0           0 ns/msg
  AGGREGATE active = 0.00% (of 16 dir-threads; 0.00% per-thread avg)  msgs=0
[CPU memory  ] process= 19.95% of 80 cores   system= 20.03%   (window 2s)

----- REMOTE CPU LOAD (memory node dir-threads, 2s window) -----
  dir 0: active=  0.00%  msgs=0           0 ns/msg
  dir 1: active=  0.00%  msgs=0           0 ns/msg
  dir 2: active=  0.00%  msgs=0           0 ns/msg
  dir 3: active=  0.00%  msgs=0           0 ns/msg
  dir 4: active=  0.00%  msgs=0           0 ns/msg
  dir 5: active=  0.00%  msgs=0           0 ns/msg
  dir 6: active=  0.00%  msgs=0           0 ns/msg
  dir 7: active=  0.00%  msgs=0           0 ns/msg
  dir 8: active=  0.00%  msgs=0           0 ns/msg
  dir 9: active=  0.00%  msgs=0           0 ns/msg
  dir 10: active=  0.00%  msgs=0           0 ns/msg
  dir 11: active=  0.00%  msgs=0           0 ns/msg
  dir 12: active=  0.00%  msgs=0           0 ns/msg
  dir 13: active=  0.00%  msgs=0           0 ns/msg
  dir 14: active=  0.00%  msgs=0           0 ns/msg
  dir 15: active=  0.00%  msgs=0           0 ns/msg
  AGGREGATE active = 0.00% (of 16 dir-threads; 0.00% per-thread avg)  msgs=0
[CPU memory  ] process= 19.96% of 80 cores   system= 20.04%   (window 2s)

----- REMOTE CPU LOAD (memory node dir-threads, 2s window) -----
  dir 0: active=  0.00%  msgs=0           0 ns/msg
  dir 1: active=  0.00%  msgs=0           0 ns/msg
  dir 2: active=  0.00%  msgs=0           0 ns/msg
  dir 3: active=  0.00%  msgs=0           0 ns/msg
  dir 4: active=  0.00%  msgs=0           0 ns/msg
  dir 5: active=  0.00%  msgs=0           0 ns/msg
  dir 6: active=  0.00%  msgs=0           0 ns/msg
  dir 7: active=  0.00%  msgs=0           0 ns/msg
  dir 8: active=  0.00%  msgs=0           0 ns/msg
  dir 9: active=  0.00%  msgs=0           0 ns/msg
  dir 10: active=  0.00%  msgs=0           0 ns/msg
  dir 11: active=  0.00%  msgs=0           0 ns/msg
  dir 12: active=  0.00%  msgs=0           0 ns/msg
  dir 13: active=  0.00%  msgs=0           0 ns/msg
  dir 14: active=  0.00%  msgs=0           0 ns/msg
  dir 15: active=  0.00%  msgs=0           0 ns/msg
  AGGREGATE active = 0.00% (of 16 dir-threads; 0.00% per-thread avg)  msgs=0
[CPU memory  ] process= 19.94% of 80 cores   system= 20.07%   (window 2s)

----- REMOTE CPU LOAD (memory node dir-threads, 2s window) -----
  dir 0: active=  0.00%  msgs=0           0 ns/msg
  dir 1: active=  0.00%  msgs=0           0 ns/msg
  dir 2: active=  0.00%  msgs=0           0 ns/msg
  dir 3: active=  0.00%  msgs=0           0 ns/msg
  dir 4: active=  0.00%  msgs=0           0 ns/msg
  dir 5: active=  0.00%  msgs=0           0 ns/msg
  dir 6: active=  0.00%  msgs=0           0 ns/msg
  dir 7: active=  0.00%  msgs=0           0 ns/msg
  dir 8: active=  0.00%  msgs=0           0 ns/msg
  dir 9: active=  0.00%  msgs=0           0 ns/msg
  dir 10: active=  0.00%  msgs=0           0 ns/msg
  dir 11: active=  0.00%  msgs=0           0 ns/msg
  dir 12: active=  0.00%  msgs=0           0 ns/msg
  dir 13: active=  0.00%  msgs=0           0 ns/msg
  dir 14: active=  0.00%  msgs=0           0 ns/msg
  dir 15: active=  0.00%  msgs=0           0 ns/msg
  AGGREGATE active = 0.00% (of 16 dir-threads; 0.00% per-thread avg)  msgs=0
[CPU memory  ] process= 19.96% of 80 cores   system= 20.02%   (window 2s)

----- REMOTE CPU LOAD (memory node dir-threads, 2s window) -----
  dir 0: active=  0.00%  msgs=0           0 ns/msg
  dir 1: active=  0.00%  msgs=0           0 ns/msg
  dir 2: active=  0.00%  msgs=0           0 ns/msg
  dir 3: active=  0.00%  msgs=0           0 ns/msg
  dir 4: active=  0.00%  msgs=0           0 ns/msg
  dir 5: active=  0.00%  msgs=0           0 ns/msg
  dir 6: active=  0.00%  msgs=0           0 ns/msg
  dir 7: active=  0.00%  msgs=0           0 ns/msg
  dir 8: active=  0.00%  msgs=0           0 ns/msg
  dir 9: active=  0.00%  msgs=0           0 ns/msg
  dir 10: active=  0.00%  msgs=0           0 ns/msg
  dir 11: active=  0.00%  msgs=0           0 ns/msg
  dir 12: active=  0.00%  msgs=0           0 ns/msg
  dir 13: active=  0.00%  msgs=0           0 ns/msg
  dir 14: active=  0.00%  msgs=0           0 ns/msg
  dir 15: active=  0.00%  msgs=0           0 ns/msg
  AGGREGATE active = 0.00% (of 16 dir-threads; 0.00% per-thread avg)  msgs=0
[CPU memory  ] process= 19.95% of 80 cores   system= 20.02%   (window 2s)

----- REMOTE CPU LOAD (memory node dir-threads, 2s window) -----
  dir 0: active=  0.00%  msgs=0           0 ns/msg
  dir 1: active=  0.00%  msgs=0           0 ns/msg
  dir 2: active=  0.00%  msgs=0           0 ns/msg
  dir 3: active=  0.00%  msgs=0           0 ns/msg
  dir 4: active=  0.00%  msgs=0           0 ns/msg
  dir 5: active=  0.00%  msgs=0           0 ns/msg
  dir 6: active=  0.00%  msgs=0           0 ns/msg
  dir 7: active=  0.00%  msgs=0           0 ns/msg
  dir 8: active=  0.00%  msgs=0           0 ns/msg
  dir 9: active=  0.00%  msgs=0           0 ns/msg
  dir 10: active=  0.00%  msgs=0           0 ns/msg
  dir 11: active=  0.00%  msgs=0           0 ns/msg
  dir 12: active=  0.00%  msgs=0           0 ns/msg
  dir 13: active=  0.00%  msgs=0           0 ns/msg
  dir 14: active=  0.00%  msgs=0           0 ns/msg
  dir 15: active=  0.00%  msgs=0           0 ns/msg
  AGGREGATE active = 0.00% (of 16 dir-threads; 0.00% per-thread avg)  msgs=0
[CPU memory  ] process= 19.95% of 80 cores   system= 20.04%   (window 2s)

----- REMOTE CPU LOAD (memory node dir-threads, 2s window) -----
  dir 0: active=  0.00%  msgs=0           0 ns/msg
  dir 1: active=  0.00%  msgs=0           0 ns/msg
  dir 2: active=  0.00%  msgs=0           0 ns/msg
  dir 3: active=  0.00%  msgs=0           0 ns/msg
  dir 4: active=  0.00%  msgs=0           0 ns/msg
  dir 5: active=  0.00%  msgs=0           0 ns/msg
  dir 6: active=  0.00%  msgs=0           0 ns/msg
  dir 7: active=  0.00%  msgs=0           0 ns/msg
  dir 8: active=  0.00%  msgs=0           0 ns/msg
  dir 9: active=  0.00%  msgs=0           0 ns/msg
  dir 10: active=  0.00%  msgs=0           0 ns/msg
  dir 11: active=  0.00%  msgs=0           0 ns/msg
  dir 12: active=  0.00%  msgs=0           0 ns/msg
  dir 13: active=  0.00%  msgs=0           0 ns/msg
  dir 14: active=  0.00%  msgs=0           0 ns/msg
  dir 15: active=  0.00%  msgs=0           0 ns/msg
  AGGREGATE active = 0.00% (of 16 dir-threads; 0.00% per-thread avg)  msgs=0
[CPU memory  ] process= 19.94% of 80 cores   system= 20.02%   (window 2s)

----- REMOTE CPU LOAD (memory node dir-threads, 2s window) -----
  dir 0: active=  0.00%  msgs=0           0 ns/msg
  dir 1: active=  0.00%  msgs=1           3500 ns/msg
  dir 2: active=  0.00%  msgs=1           2733 ns/msg
  dir 3: active=  0.00%  msgs=1           2079 ns/msg
  dir 4: active=  0.00%  msgs=1           2129 ns/msg
  dir 5: active=  0.00%  msgs=0           0 ns/msg
  dir 6: active=  0.00%  msgs=0           0 ns/msg
  dir 7: active=  0.00%  msgs=0           0 ns/msg
  dir 8: active=  0.00%  msgs=0           0 ns/msg
  dir 9: active=  0.00%  msgs=0           0 ns/msg
  dir 10: active=  0.00%  msgs=0           0 ns/msg
  dir 11: active=  0.00%  msgs=0           0 ns/msg
  dir 12: active=  0.00%  msgs=0           0 ns/msg
  dir 13: active=  0.00%  msgs=0           0 ns/msg
  dir 14: active=  0.00%  msgs=0           0 ns/msg
  dir 15: active=  0.00%  msgs=0           0 ns/msg
  AGGREGATE active = 0.00% (of 16 dir-threads; 0.00% per-thread avg)  msgs=4
[CPU memory  ] process= 19.96% of 80 cores   system= 20.04%   (window 2s)

----- REMOTE CPU LOAD (memory node dir-threads, 2s window) -----
  dir 0: active=  0.00%  msgs=0           0 ns/msg
  dir 1: active=  0.00%  msgs=0           0 ns/msg
  dir 2: active=  0.00%  msgs=0           0 ns/msg
  dir 3: active=  0.00%  msgs=0           0 ns/msg
  dir 4: active=  0.00%  msgs=0           0 ns/msg
  dir 5: active=  0.00%  msgs=1           3173 ns/msg
  dir 6: active=  0.00%  msgs=1           2008 ns/msg
  dir 7: active=  0.00%  msgs=1           2753 ns/msg
  dir 8: active=  0.00%  msgs=1           2564 ns/msg
  dir 9: active=  0.00%  msgs=1           2787 ns/msg
  dir 10: active=  0.00%  msgs=0           0 ns/msg
  dir 11: active=  0.00%  msgs=0           0 ns/msg
  dir 12: active=  0.00%  msgs=0           0 ns/msg
  dir 13: active=  0.00%  msgs=0           0 ns/msg
  dir 14: active=  0.00%  msgs=0           0 ns/msg
  dir 15: active=  0.00%  msgs=0           0 ns/msg
  AGGREGATE active = 0.00% (of 16 dir-threads; 0.00% per-thread avg)  msgs=5
[CPU memory  ] process= 19.94% of 80 cores   system= 20.06%   (window 2s)

----- REMOTE CPU LOAD (memory node dir-threads, 2s window) -----
  dir 0: active=  0.00%  msgs=0           0 ns/msg
  dir 1: active=  0.00%  msgs=0           0 ns/msg
  dir 2: active=  0.00%  msgs=0           0 ns/msg
  dir 3: active=  0.00%  msgs=0           0 ns/msg
  dir 4: active=  0.00%  msgs=0           0 ns/msg
  dir 5: active=  0.00%  msgs=0           0 ns/msg
  dir 6: active=  0.00%  msgs=0           0 ns/msg
  dir 7: active=  0.00%  msgs=0           0 ns/msg
  dir 8: active=  0.00%  msgs=0           0 ns/msg
  dir 9: active=  0.00%  msgs=0           0 ns/msg
  dir 10: active=  0.00%  msgs=1           1729 ns/msg
  dir 11: active=  0.00%  msgs=1           2933 ns/msg
  dir 12: active=  0.00%  msgs=1           2054 ns/msg
  dir 13: active=  0.00%  msgs=1           2791 ns/msg
  dir 14: active=  0.00%  msgs=0           0 ns/msg
  dir 15: active=  0.00%  msgs=0           0 ns/msg
  AGGREGATE active = 0.00% (of 16 dir-threads; 0.00% per-thread avg)  msgs=4
[CPU memory  ] process= 19.96% of 80 cores   system= 20.02%   (window 2s)

----- REMOTE CPU LOAD (memory node dir-threads, 2s window) -----
  dir 0: active=  0.00%  msgs=1           1423 ns/msg
  dir 1: active=  0.00%  msgs=1           1239 ns/msg
  dir 2: active=  0.00%  msgs=1           363 ns/msg
  dir 3: active=  0.00%  msgs=0           0 ns/msg
  dir 4: active=  0.00%  msgs=0           0 ns/msg
  dir 5: active=  0.00%  msgs=0           0 ns/msg
  dir 6: active=  0.00%  msgs=0           0 ns/msg
  dir 7: active=  0.00%  msgs=0           0 ns/msg
  dir 8: active=  0.00%  msgs=0           0 ns/msg
  dir 9: active=  0.00%  msgs=0           0 ns/msg
  dir 10: active=  0.00%  msgs=0           0 ns/msg
  dir 11: active=  0.00%  msgs=0           0 ns/msg
  dir 12: active=  0.00%  msgs=0           0 ns/msg
  dir 13: active=  0.00%  msgs=0           0 ns/msg
  dir 14: active=  0.00%  msgs=1           1829 ns/msg
  dir 15: active=  0.00%  msgs=1           1796 ns/msg
  AGGREGATE active = 0.00% (of 16 dir-threads; 0.00% per-thread avg)  msgs=5
[CPU memory  ] process= 19.95% of 80 cores   system= 20.04%   (window 2s)

----- REMOTE CPU LOAD (memory node dir-threads, 2s window) -----
  dir 0: active=  0.00%  msgs=0           0 ns/msg
  dir 1: active=  0.00%  msgs=0           0 ns/msg
  dir 2: active=  0.00%  msgs=0           0 ns/msg
  dir 3: active=  0.00%  msgs=1           760 ns/msg
  dir 4: active=  0.00%  msgs=1           676 ns/msg
  dir 5: active=  0.00%  msgs=1           902 ns/msg
  dir 6: active=  0.00%  msgs=1           635 ns/msg
  dir 7: active=  0.00%  msgs=0           0 ns/msg
  dir 8: active=  0.00%  msgs=0           0 ns/msg
  dir 9: active=  0.00%  msgs=0           0 ns/msg
  dir 10: active=  0.00%  msgs=0           0 ns/msg
  dir 11: active=  0.00%  msgs=0           0 ns/msg
  dir 12: active=  0.00%  msgs=0           0 ns/msg
  dir 13: active=  0.00%  msgs=0           0 ns/msg
  dir 14: active=  0.00%  msgs=0           0 ns/msg
  dir 15: active=  0.00%  msgs=0           0 ns/msg
  AGGREGATE active = 0.00% (of 16 dir-threads; 0.00% per-thread avg)  msgs=4
[CPU memory  ] process= 19.95% of 80 cores   system= 20.01%   (window 2s)

----- REMOTE CPU LOAD (memory node dir-threads, 2s window) -----
  dir 0: active=  0.00%  msgs=0           0 ns/msg
  dir 1: active=  0.00%  msgs=0           0 ns/msg
  dir 2: active=  0.00%  msgs=0           0 ns/msg
  dir 3: active=  0.00%  msgs=0           0 ns/msg
  dir 4: active=  0.00%  msgs=0           0 ns/msg
  dir 5: active=  0.00%  msgs=0           0 ns/msg
  dir 6: active=  0.00%  msgs=0           0 ns/msg
  dir 7: active=  0.00%  msgs=1           859 ns/msg
  dir 8: active=  0.00%  msgs=1           360 ns/msg
  dir 9: active=  0.00%  msgs=1           1153 ns/msg
  dir 10: active=  0.00%  msgs=1           328 ns/msg
  dir 11: active=  0.00%  msgs=1           1050 ns/msg
  dir 12: active=  0.00%  msgs=0           0 ns/msg
  dir 13: active=  0.00%  msgs=0           0 ns/msg
  dir 14: active=  0.00%  msgs=0           0 ns/msg
  dir 15: active=  0.00%  msgs=0           0 ns/msg
  AGGREGATE active = 0.00% (of 16 dir-threads; 0.00% per-thread avg)  msgs=5
[CPU memory  ] process= 19.95% of 80 cores   system= 20.03%   (window 2s)

----- REMOTE CPU LOAD (memory node dir-threads, 2s window) -----
  dir 0: active=  0.00%  msgs=0           0 ns/msg
  dir 1: active=  0.00%  msgs=0           0 ns/msg
  dir 2: active=  0.00%  msgs=0           0 ns/msg
  dir 3: active=  0.00%  msgs=0           0 ns/msg
  dir 4: active=  0.00%  msgs=0           0 ns/msg
  dir 5: active=  0.00%  msgs=0           0 ns/msg
  dir 6: active=  0.00%  msgs=0           0 ns/msg
  dir 7: active=  0.00%  msgs=0           0 ns/msg
  dir 8: active=  0.00%  msgs=0           0 ns/msg
  dir 9: active=  0.00%  msgs=0           0 ns/msg
  dir 10: active=  0.00%  msgs=0           0 ns/msg
  dir 11: active=  0.00%  msgs=0           0 ns/msg
  dir 12: active=  0.00%  msgs=1           925 ns/msg
  dir 13: active=  0.00%  msgs=1           1268 ns/msg
  dir 14: active=  0.00%  msgs=1           510 ns/msg
  dir 15: active=  0.00%  msgs=1           1038 ns/msg
  AGGREGATE active = 0.00% (of 16 dir-threads; 0.00% per-thread avg)  msgs=4
[CPU memory  ] process= 19.95% of 80 cores   system= 20.03%   (window 2s)

----- REMOTE CPU LOAD (memory node dir-threads, 2s window) -----
  dir 0: active=  0.00%  msgs=1           622 ns/msg
  dir 1: active=  0.00%  msgs=1           938 ns/msg
  dir 2: active=  0.00%  msgs=1           239 ns/msg
  dir 3: active=  0.00%  msgs=1           652 ns/msg
  dir 4: active=  0.00%  msgs=1           389 ns/msg
  dir 5: active=  0.00%  msgs=0           0 ns/msg
  dir 6: active=  0.00%  msgs=0           0 ns/msg
  dir 7: active=  0.00%  msgs=0           0 ns/msg
  dir 8: active=  0.00%  msgs=0           0 ns/msg
  dir 9: active=  0.00%  msgs=0           0 ns/msg
  dir 10: active=  0.00%  msgs=0           0 ns/msg
  dir 11: active=  0.00%  msgs=0           0 ns/msg
  dir 12: active=  0.00%  msgs=0           0 ns/msg
  dir 13: active=  0.00%  msgs=0           0 ns/msg
  dir 14: active=  0.00%  msgs=0           0 ns/msg
  dir 15: active=  0.00%  msgs=0           0 ns/msg
  AGGREGATE active = 0.00% (of 16 dir-threads; 0.00% per-thread avg)  msgs=5
[CPU memory  ] process= 19.96% of 80 cores   system= 20.06%   (window 2s)

----- REMOTE CPU LOAD (memory node dir-threads, 2s window) -----
  dir 0: active=  0.00%  msgs=0           0 ns/msg
  dir 1: active=  0.00%  msgs=0           0 ns/msg
  dir 2: active=  0.00%  msgs=0           0 ns/msg
  dir 3: active=  0.00%  msgs=0           0 ns/msg
  dir 4: active=  0.00%  msgs=0           0 ns/msg
  dir 5: active=  0.00%  msgs=1           655 ns/msg
  dir 6: active=  0.00%  msgs=1           322 ns/msg
  dir 7: active=  0.00%  msgs=1           641 ns/msg
  dir 8: active=  0.00%  msgs=1           368 ns/msg
  dir 9: active=  0.00%  msgs=0           0 ns/msg
  dir 10: active=  0.00%  msgs=0           0 ns/msg
  dir 11: active=  0.00%  msgs=0           0 ns/msg
  dir 12: active=  0.00%  msgs=0           0 ns/msg
  dir 13: active=  0.00%  msgs=0           0 ns/msg
  dir 14: active=  0.00%  msgs=0           0 ns/msg
  dir 15: active=  0.00%  msgs=0           0 ns/msg
  AGGREGATE active = 0.00% (of 16 dir-threads; 0.00% per-thread avg)  msgs=4
[CPU memory  ] process= 19.94% of 80 cores   system= 20.03%   (window 2s)

----- REMOTE CPU LOAD (memory node dir-threads, 2s window) -----
  dir 0: active=  0.00%  msgs=0           0 ns/msg
  dir 1: active=  0.00%  msgs=0           0 ns/msg
  dir 2: active=  0.00%  msgs=0           0 ns/msg
  dir 3: active=  0.00%  msgs=0           0 ns/msg
  dir 4: active=  0.00%  msgs=0           0 ns/msg
  dir 5: active=  0.00%  msgs=0           0 ns/msg
  dir 6: active=  0.00%  msgs=0           0 ns/msg
  dir 7: active=  0.00%  msgs=0           0 ns/msg
  dir 8: active=  0.00%  msgs=0           0 ns/msg
  dir 9: active=  0.00%  msgs=1           740 ns/msg
  dir 10: active=  0.00%  msgs=1           299 ns/msg
  dir 11: active=  0.00%  msgs=1           860 ns/msg
  dir 12: active=  0.00%  msgs=1           221 ns/msg
  dir 13: active=  0.00%  msgs=1           623 ns/msg
  dir 14: active=  0.00%  msgs=0           0 ns/msg
  dir 15: active=  0.00%  msgs=0           0 ns/msg
  AGGREGATE active = 0.00% (of 16 dir-threads; 0.00% per-thread avg)  msgs=5
[CPU memory  ] process= 19.96% of 80 cores   system= 20.03%   (window 2s)

----- REMOTE CPU LOAD (memory node dir-threads, 2s window) -----
  dir 0: active=  0.00%  msgs=1           529 ns/msg
  dir 1: active=  0.00%  msgs=1           811 ns/msg
  dir 2: active=  0.00%  msgs=0           0 ns/msg
  dir 3: active=  0.00%  msgs=0           0 ns/msg
  dir 4: active=  0.00%  msgs=0           0 ns/msg
  dir 5: active=  0.00%  msgs=0           0 ns/msg
  dir 6: active=  0.00%  msgs=0           0 ns/msg
  dir 7: active=  0.00%  msgs=0           0 ns/msg
  dir 8: active=  0.00%  msgs=0           0 ns/msg
  dir 9: active=  0.00%  msgs=0           0 ns/msg
  dir 10: active=  0.00%  msgs=0           0 ns/msg
  dir 11: active=  0.00%  msgs=0           0 ns/msg
  dir 12: active=  0.00%  msgs=0           0 ns/msg
  dir 13: active=  0.00%  msgs=0           0 ns/msg
  dir 14: active=  0.00%  msgs=1           347 ns/msg
  dir 15: active=  0.00%  msgs=1           1246 ns/msg
  AGGREGATE active = 0.00% (of 16 dir-threads; 0.00% per-thread avg)  msgs=4
[CPU memory  ] process= 19.94% of 80 cores   system= 20.04%   (window 2s)

----- REMOTE CPU LOAD (memory node dir-threads, 2s window) -----
  dir 0: active=  0.00%  msgs=0           0 ns/msg
  dir 1: active=  0.00%  msgs=0           0 ns/msg
  dir 2: active=  0.00%  msgs=1           334 ns/msg
  dir 3: active=  0.00%  msgs=1           563 ns/msg
  dir 4: active=  0.00%  msgs=1           373 ns/msg
  dir 5: active=  0.00%  msgs=1           412 ns/msg
  dir 6: active=  0.00%  msgs=0           0 ns/msg
  dir 7: active=  0.00%  msgs=0           0 ns/msg
  dir 8: active=  0.00%  msgs=0           0 ns/msg
  dir 9: active=  0.00%  msgs=0           0 ns/msg
  dir 10: active=  0.00%  msgs=0           0 ns/msg
  dir 11: active=  0.00%  msgs=0           0 ns/msg
  dir 12: active=  0.00%  msgs=0           0 ns/msg
  dir 13: active=  0.00%  msgs=0           0 ns/msg
  dir 14: active=  0.00%  msgs=0           0 ns/msg
  dir 15: active=  0.00%  msgs=0           0 ns/msg
  AGGREGATE active = 0.00% (of 16 dir-threads; 0.00% per-thread avg)  msgs=4
[CPU memory  ] process= 19.95% of 80 cores   system= 20.02%   (window 2s)

----- REMOTE CPU LOAD (memory node dir-threads, 2s window) -----
  dir 0: active=  0.00%  msgs=0           0 ns/msg
  dir 1: active=  0.00%  msgs=0           0 ns/msg
  dir 2: active=  0.00%  msgs=0           0 ns/msg
  dir 3: active=  0.00%  msgs=0           0 ns/msg
  dir 4: active=  0.00%  msgs=0           0 ns/msg
  dir 5: active=  0.00%  msgs=0           0 ns/msg
  dir 6: active=  0.00%  msgs=1           225 ns/msg
  dir 7: active=  0.00%  msgs=1           651 ns/msg
  dir 8: active=  0.00%  msgs=1           324 ns/msg
  dir 9: active=  0.00%  msgs=1           461 ns/msg
  dir 10: active=  0.00%  msgs=1           392 ns/msg
  dir 11: active=  0.00%  msgs=0           0 ns/msg
  dir 12: active=  0.00%  msgs=0           0 ns/msg
  dir 13: active=  0.00%  msgs=0           0 ns/msg
  dir 14: active=  0.00%  msgs=0           0 ns/msg
  dir 15: active=  0.00%  msgs=0           0 ns/msg
  AGGREGATE active = 0.00% (of 16 dir-threads; 0.00% per-thread avg)  msgs=5
[CPU memory  ] process= 19.96% of 80 cores   system= 20.03%   (window 2s)

----- REMOTE CPU LOAD (memory node dir-threads, 2s window) -----
  dir 0: active=  0.00%  msgs=0           0 ns/msg
  dir 1: active=  0.00%  msgs=0           0 ns/msg
  dir 2: active=  0.00%  msgs=0           0 ns/msg
  dir 3: active=  0.00%  msgs=0           0 ns/msg
  dir 4: active=  0.00%  msgs=0           0 ns/msg
  dir 5: active=  0.00%  msgs=0           0 ns/msg
  dir 6: active=  0.00%  msgs=0           0 ns/msg
  dir 7: active=  0.00%  msgs=0           0 ns/msg
  dir 8: active=  0.00%  msgs=0           0 ns/msg
  dir 9: active=  0.00%  msgs=0           0 ns/msg
  dir 10: active=  0.00%  msgs=0           0 ns/msg
  dir 11: active=  0.00%  msgs=1           629 ns/msg
  dir 12: active=  0.00%  msgs=1           234 ns/msg
  dir 13: active=  0.00%  msgs=1           585 ns/msg
  dir 14: active=  0.00%  msgs=1           192 ns/msg
  dir 15: active=  0.00%  msgs=0           0 ns/msg
  AGGREGATE active = 0.00% (of 16 dir-threads; 0.00% per-thread avg)  msgs=4
[CPU memory  ] process= 19.95% of 80 cores   system= 20.04%   (window 2s)

----- REMOTE CPU LOAD (memory node dir-threads, 2s window) -----
  dir 0: active=  0.00%  msgs=1           406 ns/msg
  dir 1: active=  0.00%  msgs=1           747 ns/msg
  dir 2: active=  0.00%  msgs=1           333 ns/msg
  dir 3: active=  0.00%  msgs=1           628 ns/msg
  dir 4: active=  0.00%  msgs=0           0 ns/msg
  dir 5: active=  0.00%  msgs=0           0 ns/msg
  dir 6: active=  0.00%  msgs=0           0 ns/msg
  dir 7: active=  0.00%  msgs=0           0 ns/msg
  dir 8: active=  0.00%  msgs=0           0 ns/msg
  dir 9: active=  0.00%  msgs=0           0 ns/msg
  dir 10: active=  0.00%  msgs=0           0 ns/msg
  dir 11: active=  0.00%  msgs=0           0 ns/msg
  dir 12: active=  0.00%  msgs=0           0 ns/msg
  dir 13: active=  0.00%  msgs=0           0 ns/msg
  dir 14: active=  0.00%  msgs=0           0 ns/msg
  dir 15: active=  0.00%  msgs=1           894 ns/msg
  AGGREGATE active = 0.00% (of 16 dir-threads; 0.00% per-thread avg)  msgs=5
[CPU memory  ] process= 19.94% of 80 cores   system= 20.01%   (window 2s)

----- REMOTE CPU LOAD (memory node dir-threads, 2s window) -----
  dir 0: active=  0.00%  msgs=0           0 ns/msg
  dir 1: active=  0.00%  msgs=0           0 ns/msg
  dir 2: active=  0.00%  msgs=0           0 ns/msg
  dir 3: active=  0.00%  msgs=0           0 ns/msg
  dir 4: active=  0.00%  msgs=1           548 ns/msg
  dir 5: active=  0.00%  msgs=1           418 ns/msg
  dir 6: active=  0.00%  msgs=1           503 ns/msg
  dir 7: active=  0.00%  msgs=1           581 ns/msg
  dir 8: active=  0.00%  msgs=0           0 ns/msg
  dir 9: active=  0.00%  msgs=0           0 ns/msg
  dir 10: active=  0.00%  msgs=0           0 ns/msg
  dir 11: active=  0.00%  msgs=0           0 ns/msg
  dir 12: active=  0.00%  msgs=0           0 ns/msg
  dir 13: active=  0.00%  msgs=0           0 ns/msg
  dir 14: active=  0.00%  msgs=0           0 ns/msg
  dir 15: active=  0.00%  msgs=0           0 ns/msg
  AGGREGATE active = 0.00% (of 16 dir-threads; 0.00% per-thread avg)  msgs=4
[CPU memory  ] process= 19.96% of 80 cores   system= 20.05%   (window 2s)

----- REMOTE CPU LOAD (memory node dir-threads, 2s window) -----
  dir 0: active=  0.00%  msgs=0           0 ns/msg
  dir 1: active=  0.00%  msgs=0           0 ns/msg
  dir 2: active=  0.00%  msgs=0           0 ns/msg
  dir 3: active=  0.00%  msgs=0           0 ns/msg
  dir 4: active=  0.00%  msgs=0           0 ns/msg
  dir 5: active=  0.00%  msgs=0           0 ns/msg
  dir 6: active=  0.00%  msgs=0           0 ns/msg
  dir 7: active=  0.00%  msgs=0           0 ns/msg
  dir 8: active=  0.00%  msgs=1           3395 ns/msg
  dir 9: active=  0.00%  msgs=1           578 ns/msg
  dir 10: active=  0.00%  msgs=1           295 ns/msg
  dir 11: active=  0.00%  msgs=1           579 ns/msg
  dir 12: active=  0.00%  msgs=1           238 ns/msg
  dir 13: active=  0.00%  msgs=0           0 ns/msg
  dir 14: active=  0.00%  msgs=0           0 ns/msg
  dir 15: active=  0.00%  msgs=0           0 ns/msg
  AGGREGATE active = 0.00% (of 16 dir-threads; 0.00% per-thread avg)  msgs=5
[CPU memory  ] process= 19.94% of 80 cores   system= 20.03%   (window 2s)

----- REMOTE CPU LOAD (memory node dir-threads, 2s window) -----
  dir 0: active=  0.00%  msgs=1           493 ns/msg
  dir 1: active=  0.00%  msgs=0           0 ns/msg
  dir 2: active=  0.00%  msgs=0           0 ns/msg
  dir 3: active=  0.00%  msgs=0           0 ns/msg
  dir 4: active=  0.00%  msgs=0           0 ns/msg
  dir 5: active=  0.00%  msgs=0           0 ns/msg
  dir 6: active=  0.00%  msgs=0           0 ns/msg
  dir 7: active=  0.00%  msgs=0           0 ns/msg
  dir 8: active=  0.00%  msgs=0           0 ns/msg
  dir 9: active=  0.00%  msgs=0           0 ns/msg
  dir 10: active=  0.00%  msgs=0           0 ns/msg
  dir 11: active=  0.00%  msgs=0           0 ns/msg
  dir 12: active=  0.00%  msgs=0           0 ns/msg
  dir 13: active=  0.00%  msgs=1           531 ns/msg
  dir 14: active=  0.00%  msgs=1           186 ns/msg
  dir 15: active=  0.00%  msgs=1           1050 ns/msg
  AGGREGATE active = 0.00% (of 16 dir-threads; 0.00% per-thread avg)  msgs=4
[CPU memory  ] process= 19.96% of 80 cores   system= 20.05%   (window 2s)

----- REMOTE CPU LOAD (memory node dir-threads, 2s window) -----
  dir 0: active=  0.00%  msgs=0           0 ns/msg
  dir 1: active=  0.00%  msgs=1           730 ns/msg
  dir 2: active=  0.00%  msgs=1           456 ns/msg
  dir 3: active=  0.00%  msgs=1           432 ns/msg
  dir 4: active=  0.00%  msgs=1           304 ns/msg
  dir 5: active=  0.00%  msgs=1           343 ns/msg
  dir 6: active=  0.00%  msgs=0           0 ns/msg
  dir 7: active=  0.00%  msgs=0           0 ns/msg
  dir 8: active=  0.00%  msgs=0           0 ns/msg
  dir 9: active=  0.00%  msgs=0           0 ns/msg
  dir 10: active=  0.00%  msgs=0           0 ns/msg
  dir 11: active=  0.00%  msgs=0           0 ns/msg
  dir 12: active=  0.00%  msgs=0           0 ns/msg
  dir 13: active=  0.00%  msgs=0           0 ns/msg
  dir 14: active=  0.00%  msgs=0           0 ns/msg
  dir 15: active=  0.00%  msgs=0           0 ns/msg
  AGGREGATE active = 0.00% (of 16 dir-threads; 0.00% per-thread avg)  msgs=5
[CPU memory  ] process= 19.96% of 80 cores   system= 20.06%   (window 2s)

----- REMOTE CPU LOAD (memory node dir-threads, 2s window) -----
  dir 0: active=  0.00%  msgs=0           0 ns/msg
  dir 1: active=  0.00%  msgs=0           0 ns/msg
  dir 2: active=  0.00%  msgs=0           0 ns/msg
  dir 3: active=  0.00%  msgs=0           0 ns/msg
  dir 4: active=  0.00%  msgs=0           0 ns/msg
  dir 5: active=  0.00%  msgs=0           0 ns/msg
  dir 6: active=  0.00%  msgs=1           679 ns/msg
  dir 7: active=  0.00%  msgs=1           618 ns/msg
  dir 8: active=  0.00%  msgs=1           340 ns/msg
  dir 9: active=  0.00%  msgs=1           535 ns/msg
  dir 10: active=  0.00%  msgs=0           0 ns/msg
  dir 11: active=  0.00%  msgs=0           0 ns/msg
  dir 12: active=  0.00%  msgs=0           0 ns/msg
  dir 13: active=  0.00%  msgs=0           0 ns/msg
  dir 14: active=  0.00%  msgs=0           0 ns/msg
  dir 15: active=  0.00%  msgs=0           0 ns/msg
  AGGREGATE active = 0.00% (of 16 dir-threads; 0.00% per-thread avg)  msgs=4
[CPU memory  ] process= 19.95% of 80 cores   system= 20.01%   (window 2s)

----- REMOTE CPU LOAD (memory node dir-threads, 2s window) -----
  dir 0: active=  0.00%  msgs=0           0 ns/msg
  dir 1: active=  0.00%  msgs=0           0 ns/msg
  dir 2: active=  0.00%  msgs=0           0 ns/msg
  dir 3: active=  0.00%  msgs=0           0 ns/msg
  dir 4: active=  0.00%  msgs=0           0 ns/msg
  dir 5: active=  0.00%  msgs=0           0 ns/msg
  dir 6: active=  0.00%  msgs=0           0 ns/msg
  dir 7: active=  0.00%  msgs=0           0 ns/msg
  dir 8: active=  0.00%  msgs=0           0 ns/msg
  dir 9: active=  0.00%  msgs=0           0 ns/msg
  dir 10: active=  0.00%  msgs=1           443 ns/msg
  dir 11: active=  0.00%  msgs=1           582 ns/msg
  dir 12: active=  0.00%  msgs=1           322 ns/msg
  dir 13: active=  0.00%  msgs=1           510 ns/msg
  dir 14: active=  0.00%  msgs=0           0 ns/msg
  dir 15: active=  0.00%  msgs=0           0 ns/msg
  AGGREGATE active = 0.00% (of 16 dir-threads; 0.00% per-thread avg)  msgs=4
[CPU memory  ] process= 19.95% of 80 cores   system= 20.03%   (window 2s)

----- REMOTE CPU LOAD (memory node dir-threads, 2s window) -----
  dir 0: active=  0.00%  msgs=1           423 ns/msg
  dir 1: active=  0.00%  msgs=1           607 ns/msg
  dir 2: active=  0.00%  msgs=1           465 ns/msg
  dir 3: active=  0.00%  msgs=0           0 ns/msg
  dir 4: active=  0.00%  msgs=0           0 ns/msg
  dir 5: active=  0.00%  msgs=0           0 ns/msg
  dir 6: active=  0.00%  msgs=0           0 ns/msg
  dir 7: active=  0.00%  msgs=0           0 ns/msg
  dir 8: active=  0.00%  msgs=0           0 ns/msg
  dir 9: active=  0.00%  msgs=0           0 ns/msg
  dir 10: active=  0.00%  msgs=0           0 ns/msg
  dir 11: active=  0.00%  msgs=0           0 ns/msg
  dir 12: active=  0.00%  msgs=0           0 ns/msg
  dir 13: active=  0.00%  msgs=0           0 ns/msg
  dir 14: active=  0.00%  msgs=1           317 ns/msg
  dir 15: active=  0.00%  msgs=1           970 ns/msg
  AGGREGATE active = 0.00% (of 16 dir-threads; 0.00% per-thread avg)  msgs=5
[CPU memory  ] process= 19.94% of 80 cores   system= 20.01%   (window 2s)

----- REMOTE CPU LOAD (memory node dir-threads, 2s window) -----
  dir 0: active=  0.00%  msgs=0           0 ns/msg
  dir 1: active=  0.00%  msgs=0           0 ns/msg
  dir 2: active=  0.00%  msgs=0           0 ns/msg
  dir 3: active=  0.00%  msgs=1           404 ns/msg
  dir 4: active=  0.00%  msgs=1           379 ns/msg
  dir 5: active=  0.00%  msgs=1           449 ns/msg
  dir 6: active=  0.00%  msgs=1           332 ns/msg
  dir 7: active=  0.00%  msgs=0           0 ns/msg
  dir 8: active=  0.00%  msgs=0           0 ns/msg
  dir 9: active=  0.00%  msgs=0           0 ns/msg
  dir 10: active=  0.00%  msgs=0           0 ns/msg
  dir 11: active=  0.00%  msgs=0           0 ns/msg
  dir 12: active=  0.00%  msgs=0           0 ns/msg
  dir 13: active=  0.00%  msgs=0           0 ns/msg
  dir 14: active=  0.00%  msgs=0           0 ns/msg
  dir 15: active=  0.00%  msgs=0           0 ns/msg
  AGGREGATE active = 0.00% (of 16 dir-threads; 0.00% per-thread avg)  msgs=4
[CPU memory  ] process= 19.96% of 80 cores   system= 20.05%   (window 2s)

----- REMOTE CPU LOAD (memory node dir-threads, 2s window) -----
  dir 0: active=  0.00%  msgs=0           0 ns/msg
  dir 1: active=  0.00%  msgs=0           0 ns/msg
  dir 2: active=  0.00%  msgs=0           0 ns/msg
  dir 3: active=  0.00%  msgs=0           0 ns/msg
  dir 4: active=  0.00%  msgs=0           0 ns/msg
  dir 5: active=  0.00%  msgs=0           0 ns/msg
  dir 6: active=  0.00%  msgs=0           0 ns/msg
  dir 7: active=  0.00%  msgs=1           384 ns/msg
  dir 8: active=  0.00%  msgs=1           343 ns/msg
  dir 9: active=  0.00%  msgs=1           385 ns/msg
  dir 10: active=  0.00%  msgs=1           327 ns/msg
  dir 11: active=  0.00%  msgs=1           580 ns/msg
  dir 12: active=  0.00%  msgs=0           0 ns/msg
  dir 13: active=  0.00%  msgs=0           0 ns/msg
  dir 14: active=  0.00%  msgs=0           0 ns/msg
  dir 15: active=  0.00%  msgs=0           0 ns/msg
  AGGREGATE active = 0.00% (of 16 dir-threads; 0.00% per-thread avg)  msgs=5
[CPU memory  ] process= 19.95% of 80 cores   system= 20.03%   (window 2s)

----- REMOTE CPU LOAD (memory node dir-threads, 2s window) -----
  dir 0: active=  0.00%  msgs=0           0 ns/msg
  dir 1: active=  0.00%  msgs=0           0 ns/msg
  dir 2: active=  0.00%  msgs=0           0 ns/msg
  dir 3: active=  0.00%  msgs=0           0 ns/msg
  dir 4: active=  0.00%  msgs=0           0 ns/msg
  dir 5: active=  0.00%  msgs=0           0 ns/msg
  dir 6: active=  0.00%  msgs=0           0 ns/msg
  dir 7: active=  0.00%  msgs=0           0 ns/msg
  dir 8: active=  0.00%  msgs=0           0 ns/msg
  dir 9: active=  0.00%  msgs=0           0 ns/msg
  dir 10: active=  0.00%  msgs=0           0 ns/msg
  dir 11: active=  0.00%  msgs=0           0 ns/msg
  dir 12: active=  0.00%  msgs=1           368 ns/msg
  dir 13: active=  0.00%  msgs=1           580 ns/msg
  dir 14: active=  0.00%  msgs=1           313 ns/msg
  dir 15: active=  0.00%  msgs=1           864 ns/msg
  AGGREGATE active = 0.00% (of 16 dir-threads; 0.00% per-thread avg)  msgs=4
[CPU memory  ] process= 19.95% of 80 cores   system= 20.04%   (window 2s)

----- REMOTE CPU LOAD (memory node dir-threads, 2s window) -----
  dir 0: active=  0.00%  msgs=1           349 ns/msg
  dir 1: active=  0.00%  msgs=1           563 ns/msg
  dir 2: active=  0.00%  msgs=1           493 ns/msg
  dir 3: active=  0.00%  msgs=1           330 ns/msg
  dir 4: active=  0.00%  msgs=1           380 ns/msg
  dir 5: active=  0.00%  msgs=0           0 ns/msg
  dir 6: active=  0.00%  msgs=0           0 ns/msg
  dir 7: active=  0.00%  msgs=0           0 ns/msg
  dir 8: active=  0.00%  msgs=0           0 ns/msg
  dir 9: active=  0.00%  msgs=0           0 ns/msg
  dir 10: active=  0.00%  msgs=0           0 ns/msg
  dir 11: active=  0.00%  msgs=0           0 ns/msg
  dir 12: active=  0.00%  msgs=0           0 ns/msg
  dir 13: active=  0.00%  msgs=0           0 ns/msg
  dir 14: active=  0.00%  msgs=0           0 ns/msg
  dir 15: active=  0.00%  msgs=0           0 ns/msg
  AGGREGATE active = 0.00% (of 16 dir-threads; 0.00% per-thread avg)  msgs=5
[CPU memory  ] process= 19.94% of 80 cores   system= 20.03%   (window 2s)

----- REMOTE CPU LOAD (memory node dir-threads, 2s window) -----
  dir 0: active=  0.00%  msgs=0           0 ns/msg
  dir 1: active=  0.00%  msgs=0           0 ns/msg
  dir 2: active=  0.00%  msgs=0           0 ns/msg
  dir 3: active=  0.00%  msgs=0           0 ns/msg
  dir 4: active=  0.00%  msgs=0           0 ns/msg
  dir 5: active=  0.00%  msgs=1           511 ns/msg
  dir 6: active=  0.00%  msgs=0           0 ns/msg
  dir 7: active=  0.00%  msgs=0           0 ns/msg
  dir 8: active=  0.00%  msgs=0           0 ns/msg
  dir 9: active=  0.00%  msgs=0           0 ns/msg
  dir 10: active=  0.00%  msgs=0           0 ns/msg
  dir 11: active=  0.00%  msgs=0           0 ns/msg
  dir 12: active=  0.00%  msgs=0           0 ns/msg
  dir 13: active=  0.00%  msgs=0           0 ns/msg
  dir 14: active=  0.00%  msgs=0           0 ns/msg
  dir 15: active=  0.00%  msgs=0           0 ns/msg
  AGGREGATE active = 0.00% (of 16 dir-threads; 0.00% per-thread avg)  msgs=1
[CPU memory  ] process= 19.96% of 80 cores   system= 20.02%   (window 2s)

----- REMOTE CPU LOAD (memory node dir-threads, 2s window) -----
  dir 0: active=  0.00%  msgs=0           0 ns/msg
  dir 1: active=  0.00%  msgs=0           0 ns/msg
  dir 2: active=  0.00%  msgs=0           0 ns/msg
  dir 3: active=  0.00%  msgs=0           0 ns/msg
  dir 4: active=  0.00%  msgs=0           0 ns/msg
  dir 5: active=  0.00%  msgs=0           0 ns/msg
  dir 6: active=  0.00%  msgs=0           0 ns/msg
  dir 7: active=  0.00%  msgs=0           0 ns/msg
  dir 8: active=  0.00%  msgs=0           0 ns/msg
  dir 9: active=  0.00%  msgs=0           0 ns/msg
  dir 10: active=  0.00%  msgs=0           0 ns/msg
  dir 11: active=  0.00%  msgs=0           0 ns/msg
  dir 12: active=  0.00%  msgs=0           0 ns/msg
  dir 13: active=  0.00%  msgs=0           0 ns/msg
  dir 14: active=  0.00%  msgs=0           0 ns/msg
  dir 15: active=  0.00%  msgs=0           0 ns/msg
  AGGREGATE active = 0.00% (of 16 dir-threads; 0.00% per-thread avg)  msgs=0
[CPU memory  ] process= 19.95% of 80 cores   system= 20.02%   (window 2s)

----- REMOTE CPU LOAD (memory node dir-threads, 2s window) -----
  dir 0: active=  0.00%  msgs=0           0 ns/msg
  dir 1: active=  0.00%  msgs=0           0 ns/msg
  dir 2: active=  0.00%  msgs=0           0 ns/msg
  dir 3: active=  0.00%  msgs=0           0 ns/msg
  dir 4: active=  0.00%  msgs=0           0 ns/msg
  dir 5: active=  0.00%  msgs=0           0 ns/msg
  dir 6: active=  0.00%  msgs=0           0 ns/msg
  dir 7: active=  0.00%  msgs=0           0 ns/msg
  dir 8: active=  0.00%  msgs=0           0 ns/msg
  dir 9: active=  0.00%  msgs=0           0 ns/msg
  dir 10: active=  0.00%  msgs=0           0 ns/msg
  dir 11: active=  0.00%  msgs=0           0 ns/msg
  dir 12: active=  0.00%  msgs=0           0 ns/msg
  dir 13: active=  0.00%  msgs=0           0 ns/msg
  dir 14: active=  0.00%  msgs=0           0 ns/msg
  dir 15: active=  0.00%  msgs=0           0 ns/msg
  AGGREGATE active = 0.00% (of 16 dir-threads; 0.00% per-thread avg)  msgs=0
[CPU memory  ] process= 19.95% of 80 cores   system= 20.07%   (window 2s)

----- REMOTE CPU LOAD (memory node dir-threads, 2s window) -----
  dir 0: active=  0.00%  msgs=0           0 ns/msg
  dir 1: active=  0.00%  msgs=0           0 ns/msg
  dir 2: active=  0.00%  msgs=0           0 ns/msg
  dir 3: active=  0.00%  msgs=0           0 ns/msg
  dir 4: active=  0.00%  msgs=0           0 ns/msg
  dir 5: active=  0.00%  msgs=0           0 ns/msg
  dir 6: active=  0.00%  msgs=0           0 ns/msg
  dir 7: active=  0.00%  msgs=0           0 ns/msg
  dir 8: active=  0.00%  msgs=0           0 ns/msg
  dir 9: active=  0.00%  msgs=0           0 ns/msg
  dir 10: active=  0.00%  msgs=0           0 ns/msg
  dir 11: active=  0.00%  msgs=0           0 ns/msg
  dir 12: active=  0.00%  msgs=0           0 ns/msg
  dir 13: active=  0.00%  msgs=0           0 ns/msg
  dir 14: active=  0.00%  msgs=0           0 ns/msg
  dir 15: active=  0.00%  msgs=0           0 ns/msg
  AGGREGATE active = 0.00% (of 16 dir-threads; 0.00% per-thread avg)  msgs=0
[CPU memory  ] process= 19.96% of 80 cores   system= 20.01%   (window 2s)

----- REMOTE CPU LOAD (memory node dir-threads, 2s window) -----
  dir 0: active=  0.00%  msgs=0           0 ns/msg
  dir 1: active=  0.00%  msgs=0           0 ns/msg
  dir 2: active=  0.00%  msgs=0           0 ns/msg
  dir 3: active=  0.00%  msgs=0           0 ns/msg
  dir 4: active=  0.00%  msgs=0           0 ns/msg
  dir 5: active=  0.00%  msgs=0           0 ns/msg
  dir 6: active=  0.00%  msgs=0           0 ns/msg
  dir 7: active=  0.00%  msgs=0           0 ns/msg
  dir 8: active=  0.00%  msgs=0           0 ns/msg
  dir 9: active=  0.00%  msgs=0           0 ns/msg
  dir 10: active=  0.00%  msgs=0           0 ns/msg
  dir 11: active=  0.00%  msgs=0           0 ns/msg
  dir 12: active=  0.00%  msgs=0           0 ns/msg
  dir 13: active=  0.00%  msgs=0           0 ns/msg
  dir 14: active=  0.00%  msgs=0           0 ns/msg
  dir 15: active=  0.00%  msgs=0           0 ns/msg
  AGGREGATE active = 0.00% (of 16 dir-threads; 0.00% per-thread avg)  msgs=0
[CPU memory  ] process= 19.95% of 80 cores   system= 20.04%   (window 2s)

----- REMOTE CPU LOAD (memory node dir-threads, 2s window) -----
  dir 0: active=  0.00%  msgs=0           0 ns/msg
  dir 1: active=  0.00%  msgs=0           0 ns/msg
  dir 2: active=  0.00%  msgs=0           0 ns/msg
  dir 3: active=  0.00%  msgs=0           0 ns/msg
  dir 4: active=  0.00%  msgs=0           0 ns/msg
  dir 5: active=  0.00%  msgs=0           0 ns/msg
  dir 6: active=  0.00%  msgs=0           0 ns/msg
  dir 7: active=  0.00%  msgs=0           0 ns/msg
  dir 8: active=  0.00%  msgs=0           0 ns/msg
  dir 9: active=  0.00%  msgs=0           0 ns/msg
  dir 10: active=  0.00%  msgs=0           0 ns/msg
  dir 11: active=  0.00%  msgs=0           0 ns/msg
  dir 12: active=  0.00%  msgs=0           0 ns/msg
  dir 13: active=  0.00%  msgs=0           0 ns/msg
  dir 14: active=  0.00%  msgs=0           0 ns/msg
  dir 15: active=  0.00%  msgs=0           0 ns/msg
  AGGREGATE active = 0.00% (of 16 dir-threads; 0.00% per-thread avg)  msgs=0
[CPU memory  ] process= 19.95% of 80 cores   system= 20.02%   (window 2s)

----- REMOTE CPU LOAD (memory node dir-threads, 2s window) -----
  dir 0: active=  6.19%  msgs=98709       1255 ns/msg
  dir 1: active=  4.53%  msgs=98709       918 ns/msg
  dir 2: active=  6.05%  msgs=98706       1226 ns/msg
  dir 3: active=  4.48%  msgs=98703       908 ns/msg
  dir 4: active=  6.20%  msgs=98700       1257 ns/msg
  dir 5: active=  4.54%  msgs=98699       919 ns/msg
  dir 6: active=  6.01%  msgs=98697       1218 ns/msg
  dir 7: active=  4.47%  msgs=98694       907 ns/msg
  dir 8: active=  5.99%  msgs=98690       1215 ns/msg
  dir 9: active=  4.60%  msgs=98688       932 ns/msg
  dir 10: active=  5.97%  msgs=98686       1210 ns/msg
  dir 11: active=  4.44%  msgs=98683       899 ns/msg
  dir 12: active=  6.14%  msgs=98679       1245 ns/msg
  dir 13: active=  4.50%  msgs=98678       912 ns/msg
  dir 14: active=  6.03%  msgs=98678       1222 ns/msg
  dir 15: active=  4.48%  msgs=98677       908 ns/msg
  AGGREGATE active = 84.63% (of 16 dir-threads; 5.29% per-thread avg)  msgs=1579076
[CPU memory  ] process= 19.95% of 80 cores   system= 20.03%   (window 2s)

----- REMOTE CPU LOAD (memory node dir-threads, 2s window) -----
  dir 0: active=  9.08%  msgs=145507      1248 ns/msg
  dir 1: active=  7.48%  msgs=145507      1028 ns/msg
  dir 2: active=  8.85%  msgs=145507      1217 ns/msg
  dir 3: active=  7.41%  msgs=145508      1019 ns/msg
  dir 4: active=  9.08%  msgs=145511      1248 ns/msg
  dir 5: active=  7.47%  msgs=145510      1026 ns/msg
  dir 6: active=  8.82%  msgs=145511      1213 ns/msg
  dir 7: active=  7.42%  msgs=145511      1020 ns/msg
  dir 8: active=  8.83%  msgs=145515      1214 ns/msg
  dir 9: active=  7.57%  msgs=145514      1041 ns/msg
  dir 10: active=  8.78%  msgs=145516      1206 ns/msg
  dir 11: active=  7.45%  msgs=145514      1024 ns/msg
  dir 12: active=  9.08%  msgs=145514      1248 ns/msg
  dir 13: active=  7.46%  msgs=145514      1026 ns/msg
  dir 14: active=  8.81%  msgs=145510      1211 ns/msg
  dir 15: active=  7.41%  msgs=145507      1019 ns/msg
  AGGREGATE active = 131.02% (of 16 dir-threads; 8.19% per-thread avg)  msgs=2328176
[CPU memory  ] process= 19.94% of 80 cores   system= 20.07%   (window 2s)

----- REMOTE CPU LOAD (memory node dir-threads, 2s window) -----
  dir 0: active=  8.98%  msgs=145506      1235 ns/msg
  dir 1: active=  7.70%  msgs=145505      1058 ns/msg
  dir 2: active=  8.82%  msgs=145507      1213 ns/msg
  dir 3: active=  7.64%  msgs=145508      1050 ns/msg
  dir 4: active=  9.04%  msgs=145506      1243 ns/msg
  dir 5: active=  7.70%  msgs=145506      1059 ns/msg
  dir 6: active=  8.84%  msgs=145505      1214 ns/msg
  dir 7: active=  7.69%  msgs=145504      1057 ns/msg
  dir 8: active=  8.84%  msgs=145503      1215 ns/msg
  dir 9: active=  7.81%  msgs=145502      1074 ns/msg
  dir 10: active=  8.74%  msgs=145500      1201 ns/msg
  dir 11: active=  7.73%  msgs=145505      1062 ns/msg
  dir 12: active=  9.04%  msgs=145506      1242 ns/msg
  dir 13: active=  7.67%  msgs=145506      1055 ns/msg
  dir 14: active=  8.75%  msgs=145508      1203 ns/msg
  dir 15: active=  7.61%  msgs=145506      1045 ns/msg
  AGGREGATE active = 132.58% (of 16 dir-threads; 8.29% per-thread avg)  msgs=2328083
[CPU memory  ] process= 19.95% of 80 cores   system= 20.02%   (window 2s)

----- REMOTE CPU LOAD (memory node dir-threads, 2s window) -----
  dir 0: active=  8.97%  msgs=144990      1237 ns/msg
  dir 1: active=  7.75%  msgs=144989      1070 ns/msg
  dir 2: active=  8.83%  msgs=144987      1218 ns/msg
  dir 3: active=  7.69%  msgs=144986      1061 ns/msg
  dir 4: active=  8.99%  msgs=144987      1240 ns/msg
  dir 5: active=  7.79%  msgs=144987      1074 ns/msg
  dir 6: active=  8.79%  msgs=144987      1213 ns/msg
  dir 7: active=  7.72%  msgs=144990      1065 ns/msg
  dir 8: active=  8.82%  msgs=144990      1217 ns/msg
  dir 9: active=  7.89%  msgs=144992      1088 ns/msg
  dir 10: active=  8.73%  msgs=144993      1204 ns/msg
  dir 11: active=  7.81%  msgs=144991      1078 ns/msg
  dir 12: active=  9.00%  msgs=144992      1241 ns/msg
  dir 13: active=  7.70%  msgs=144991      1063 ns/msg
  dir 14: active=  8.72%  msgs=144990      1203 ns/msg
  dir 15: active=  7.67%  msgs=144992      1057 ns/msg
  AGGREGATE active = 132.87% (of 16 dir-threads; 8.30% per-thread avg)  msgs=2319834
[CPU memory  ] process= 19.94% of 80 cores   system= 20.04%   (window 2s)

----- REMOTE CPU LOAD (memory node dir-threads, 2s window) -----
  dir 0: active=  9.29%  msgs=148293      1253 ns/msg
  dir 1: active=  7.97%  msgs=148295      1075 ns/msg
  dir 2: active=  9.02%  msgs=148293      1217 ns/msg
  dir 3: active=  7.90%  msgs=148293      1066 ns/msg
  dir 4: active=  9.20%  msgs=148291      1240 ns/msg
  dir 5: active=  7.96%  msgs=148292      1073 ns/msg
  dir 6: active=  8.97%  msgs=148292      1210 ns/msg
  dir 7: active=  8.04%  msgs=148288      1085 ns/msg
  dir 8: active=  9.01%  msgs=148288      1216 ns/msg
  dir 9: active=  8.06%  msgs=148288      1087 ns/msg
  dir 10: active=  8.90%  msgs=148289      1200 ns/msg
  dir 11: active=  7.95%  msgs=148289      1073 ns/msg
  dir 12: active=  9.17%  msgs=148288      1237 ns/msg
  dir 13: active=  7.95%  msgs=148290      1072 ns/msg
  dir 14: active=  8.92%  msgs=148290      1203 ns/msg
  dir 15: active=  7.88%  msgs=148293      1063 ns/msg
  AGGREGATE active = 136.20% (of 16 dir-threads; 8.51% per-thread avg)  msgs=2372652
[CPU memory  ] process= 19.95% of 80 cores   system= 20.01%   (window 2s)

----- REMOTE CPU LOAD (memory node dir-threads, 2s window) -----
  dir 0: active=  9.22%  msgs=148627      1241 ns/msg
  dir 1: active=  7.99%  msgs=148625      1075 ns/msg
  dir 2: active=  9.04%  msgs=148626      1217 ns/msg
  dir 3: active=  7.90%  msgs=148626      1064 ns/msg
  dir 4: active=  9.24%  msgs=148628      1243 ns/msg
  dir 5: active=  7.97%  msgs=148624      1072 ns/msg
  dir 6: active=  8.99%  msgs=148624      1209 ns/msg
  dir 7: active=  7.95%  msgs=148629      1070 ns/msg
  dir 8: active=  9.00%  msgs=148629      1212 ns/msg
  dir 9: active=  8.12%  msgs=148629      1092 ns/msg
  dir 10: active=  8.89%  msgs=148627      1196 ns/msg
  dir 11: active=  7.96%  msgs=148623      1071 ns/msg
  dir 12: active=  9.19%  msgs=148626      1237 ns/msg
  dir 13: active=  7.95%  msgs=148625      1070 ns/msg
  dir 14: active=  8.93%  msgs=148625      1201 ns/msg
  dir 15: active=  7.90%  msgs=148625      1063 ns/msg
  AGGREGATE active = 136.24% (of 16 dir-threads; 8.52% per-thread avg)  msgs=2378018
[CPU memory  ] process= 19.94% of 80 cores   system= 20.01%   (window 2s)

----- REMOTE CPU LOAD (memory node dir-threads, 2s window) -----
  dir 0: active=  9.20%  msgs=148594      1238 ns/msg
  dir 1: active=  7.93%  msgs=148596      1068 ns/msg
  dir 2: active=  9.04%  msgs=148599      1217 ns/msg
  dir 3: active=  7.90%  msgs=148599      1063 ns/msg
  dir 4: active=  9.23%  msgs=148598      1242 ns/msg
  dir 5: active=  7.93%  msgs=148602      1068 ns/msg
  dir 6: active=  8.97%  msgs=148602      1207 ns/msg
  dir 7: active=  7.93%  msgs=148602      1067 ns/msg
  dir 8: active=  9.01%  msgs=148600      1213 ns/msg
  dir 9: active=  8.08%  msgs=148601      1088 ns/msg
  dir 10: active=  8.91%  msgs=148601      1199 ns/msg
  dir 11: active=  7.93%  msgs=148605      1068 ns/msg
  dir 12: active=  9.17%  msgs=148602      1235 ns/msg
  dir 13: active=  7.93%  msgs=148597      1067 ns/msg
  dir 14: active=  8.97%  msgs=148597      1207 ns/msg
  dir 15: active=  7.93%  msgs=148596      1067 ns/msg
  AGGREGATE active = 136.07% (of 16 dir-threads; 8.50% per-thread avg)  msgs=2377591
[CPU memory  ] process= 19.95% of 80 cores   system= 20.08%   (window 2s)

----- REMOTE CPU LOAD (memory node dir-threads, 2s window) -----
  dir 0: active=  9.38%  msgs=148547      1263 ns/msg
  dir 1: active=  7.91%  msgs=148546      1065 ns/msg
  dir 2: active=  9.03%  msgs=148544      1216 ns/msg
  dir 3: active=  7.86%  msgs=148545      1058 ns/msg
  dir 4: active=  9.25%  msgs=148547      1245 ns/msg
  dir 5: active=  7.94%  msgs=148544      1069 ns/msg
  dir 6: active=  8.96%  msgs=148544      1206 ns/msg
  dir 7: active=  7.87%  msgs=148542      1060 ns/msg
  dir 8: active=  9.00%  msgs=148545      1212 ns/msg
  dir 9: active=  8.06%  msgs=148545      1085 ns/msg
  dir 10: active=  8.96%  msgs=148543      1206 ns/msg
  dir 11: active=  7.90%  msgs=148542      1064 ns/msg
  dir 12: active=  9.18%  msgs=148541      1235 ns/msg
  dir 13: active=  7.91%  msgs=148544      1065 ns/msg
  dir 14: active=  8.97%  msgs=148544      1208 ns/msg
  dir 15: active=  7.93%  msgs=148544      1067 ns/msg
  AGGREGATE active = 136.11% (of 16 dir-threads; 8.51% per-thread avg)  msgs=2376707
[CPU memory  ] process= 19.95% of 80 cores   system= 20.03%   (window 2s)

----- REMOTE CPU LOAD (memory node dir-threads, 2s window) -----
  dir 0: active=  9.21%  msgs=148123      1243 ns/msg
  dir 1: active=  7.88%  msgs=148123      1064 ns/msg
  dir 2: active=  9.00%  msgs=148124      1215 ns/msg
  dir 3: active=  7.80%  msgs=148121      1053 ns/msg
  dir 4: active=  9.23%  msgs=148118      1247 ns/msg
  dir 5: active=  7.88%  msgs=148120      1064 ns/msg
  dir 6: active=  8.97%  msgs=148119      1211 ns/msg
  dir 7: active=  7.84%  msgs=148120      1059 ns/msg
  dir 8: active=  9.01%  msgs=148116      1217 ns/msg
  dir 9: active=  7.98%  msgs=148113      1078 ns/msg
  dir 10: active=  8.93%  msgs=148116      1206 ns/msg
  dir 11: active=  7.85%  msgs=148117      1060 ns/msg
  dir 12: active=  9.16%  msgs=148121      1237 ns/msg
  dir 13: active=  7.89%  msgs=148123      1065 ns/msg
  dir 14: active=  8.93%  msgs=148123      1206 ns/msg
  dir 15: active=  7.82%  msgs=148124      1056 ns/msg
  AGGREGATE active = 135.37% (of 16 dir-threads; 8.46% per-thread avg)  msgs=2369921
[CPU memory  ] process= 19.96% of 80 cores   system= 20.05%   (window 2s)

----- REMOTE CPU LOAD (memory node dir-threads, 2s window) -----
  dir 0: active=  9.27%  msgs=148585      1248 ns/msg
  dir 1: active=  7.87%  msgs=148585      1059 ns/msg
  dir 2: active=  9.03%  msgs=148582      1215 ns/msg
  dir 3: active=  7.81%  msgs=148585      1051 ns/msg
  dir 4: active=  9.24%  msgs=148587      1244 ns/msg
  dir 5: active=  7.88%  msgs=148588      1061 ns/msg
  dir 6: active=  9.01%  msgs=148591      1213 ns/msg
  dir 7: active=  7.88%  msgs=148589      1060 ns/msg
  dir 8: active=  9.05%  msgs=148590      1218 ns/msg
  dir 9: active=  7.99%  msgs=148594      1076 ns/msg
  dir 10: active=  8.93%  msgs=148592      1202 ns/msg
  dir 11: active=  7.86%  msgs=148592      1058 ns/msg
  dir 12: active=  9.18%  msgs=148589      1236 ns/msg
  dir 13: active=  7.91%  msgs=148586      1065 ns/msg
  dir 14: active=  8.93%  msgs=148585      1202 ns/msg
  dir 15: active=  7.77%  msgs=148584      1046 ns/msg
  AGGREGATE active = 135.60% (of 16 dir-threads; 8.48% per-thread avg)  msgs=2377404
[CPU memory  ] process= 19.94% of 80 cores   system= 20.01%   (window 2s)

----- REMOTE CPU LOAD (memory node dir-threads, 2s window) -----
  dir 0: active=  9.17%  msgs=148658      1234 ns/msg
  dir 1: active=  7.85%  msgs=148658      1056 ns/msg
  dir 2: active=  9.01%  msgs=148662      1213 ns/msg
  dir 3: active=  7.77%  msgs=148662      1046 ns/msg
  dir 4: active=  9.20%  msgs=148660      1237 ns/msg
  dir 5: active=  7.88%  msgs=148659      1060 ns/msg
  dir 6: active=  8.97%  msgs=148656      1207 ns/msg
  dir 7: active=  7.90%  msgs=148654      1063 ns/msg
  dir 8: active=  9.04%  msgs=148654      1216 ns/msg
  dir 9: active=  7.95%  msgs=148654      1070 ns/msg
  dir 10: active=  8.96%  msgs=148655      1206 ns/msg
  dir 11: active=  7.82%  msgs=148654      1053 ns/msg
  dir 12: active=  9.17%  msgs=148656      1234 ns/msg
  dir 13: active=  7.86%  msgs=148657      1057 ns/msg
  dir 14: active=  8.93%  msgs=148658      1202 ns/msg
  dir 15: active=  7.78%  msgs=148660      1046 ns/msg
  AGGREGATE active = 135.28% (of 16 dir-threads; 8.45% per-thread avg)  msgs=2378517
[CPU memory  ] process= 19.95% of 80 cores   system= 20.01%   (window 2s)

----- REMOTE CPU LOAD (memory node dir-threads, 2s window) -----
  dir 0: active=  9.27%  msgs=148557      1248 ns/msg
  dir 1: active=  7.83%  msgs=148555      1054 ns/msg
  dir 2: active=  9.02%  msgs=148553      1215 ns/msg
  dir 3: active=  7.75%  msgs=148551      1044 ns/msg
  dir 4: active=  9.26%  msgs=148552      1247 ns/msg
  dir 5: active=  7.86%  msgs=148551      1058 ns/msg
  dir 6: active=  8.98%  msgs=148552      1209 ns/msg
  dir 7: active=  7.83%  msgs=148554      1054 ns/msg
  dir 8: active=  8.98%  msgs=148555      1209 ns/msg
  dir 9: active=  7.95%  msgs=148553      1070 ns/msg
  dir 10: active=  8.96%  msgs=148553      1206 ns/msg
  dir 11: active=  7.86%  msgs=148555      1058 ns/msg
  dir 12: active=  9.20%  msgs=148554      1238 ns/msg
  dir 13: active=  7.82%  msgs=148554      1052 ns/msg
  dir 14: active=  8.91%  msgs=148555      1200 ns/msg
  dir 15: active=  7.74%  msgs=148554      1042 ns/msg
  AGGREGATE active = 135.21% (of 16 dir-threads; 8.45% per-thread avg)  msgs=2376858
[CPU memory  ] process= 19.95% of 80 cores   system= 20.06%   (window 2s)

----- REMOTE CPU LOAD (memory node dir-threads, 2s window) -----
  dir 0: active=  4.76%  msgs=76693       1242 ns/msg
  dir 1: active=  4.04%  msgs=76692       1055 ns/msg
  dir 2: active=  4.66%  msgs=76694       1216 ns/msg
  dir 3: active=  4.00%  msgs=76692       1043 ns/msg
  dir 4: active=  4.75%  msgs=76693       1239 ns/msg
  dir 5: active=  4.02%  msgs=76693       1050 ns/msg
  dir 6: active=  4.66%  msgs=76692       1215 ns/msg
  dir 7: active=  4.02%  msgs=76695       1049 ns/msg
  dir 8: active=  4.64%  msgs=76693       1210 ns/msg
  dir 9: active=  4.10%  msgs=76692       1070 ns/msg
  dir 10: active=  4.63%  msgs=76691       1207 ns/msg
  dir 11: active=  4.03%  msgs=76691       1051 ns/msg
  dir 12: active=  4.76%  msgs=76692       1241 ns/msg
  dir 13: active=  4.05%  msgs=76694       1056 ns/msg
  dir 14: active=  4.60%  msgs=76692       1200 ns/msg
  dir 15: active=  3.99%  msgs=76692       1041 ns/msg
  AGGREGATE active = 69.73% (of 16 dir-threads; 4.36% per-thread avg)  msgs=1227081
[CPU memory  ] process= 19.94% of 80 cores   system= 20.01%   (window 2s)

----- REMOTE CPU LOAD (memory node dir-threads, 2s window) -----
  dir 0: active=  0.00%  msgs=0           0 ns/msg
  dir 1: active=  0.00%  msgs=0           0 ns/msg
  dir 2: active=  0.00%  msgs=0           0 ns/msg
  dir 3: active=  0.00%  msgs=0           0 ns/msg
  dir 4: active=  0.00%  msgs=0           0 ns/msg
  dir 5: active=  0.00%  msgs=0           0 ns/msg
  dir 6: active=  0.00%  msgs=0           0 ns/msg
  dir 7: active=  0.00%  msgs=0           0 ns/msg
  dir 8: active=  0.00%  msgs=0           0 ns/msg
  dir 9: active=  0.00%  msgs=0           0 ns/msg
  dir 10: active=  0.00%  msgs=0           0 ns/msg
  dir 11: active=  0.00%  msgs=0           0 ns/msg
  dir 12: active=  0.00%  msgs=0           0 ns/msg
  dir 13: active=  0.00%  msgs=0           0 ns/msg
  dir 14: active=  0.00%  msgs=0           0 ns/msg
  dir 15: active=  0.00%  msgs=0           0 ns/msg
  AGGREGATE active = 0.00% (of 16 dir-threads; 0.00% per-thread avg)  msgs=0
[CPU memory  ] process= 19.95% of 80 cores   system= 20.05%   (window 2s)

----- REMOTE CPU LOAD (memory node dir-threads, 2s window) -----
  dir 0: active=  0.00%  msgs=0           0 ns/msg
  dir 1: active=  0.00%  msgs=0           0 ns/msg
  dir 2: active=  0.00%  msgs=0           0 ns/msg
  dir 3: active=  0.00%  msgs=0           0 ns/msg
  dir 4: active=  0.00%  msgs=0           0 ns/msg
  dir 5: active=  0.00%  msgs=0           0 ns/msg
  dir 6: active=  0.00%  msgs=0           0 ns/msg
  dir 7: active=  0.00%  msgs=0           0 ns/msg
  dir 8: active=  0.00%  msgs=0           0 ns/msg
  dir 9: active=  0.00%  msgs=0           0 ns/msg
  dir 10: active=  0.00%  msgs=0           0 ns/msg
  dir 11: active=  0.00%  msgs=0           0 ns/msg
  dir 12: active=  0.00%  msgs=0           0 ns/msg
  dir 13: active=  0.00%  msgs=0           0 ns/msg
  dir 14: active=  0.00%  msgs=0           0 ns/msg
  dir 15: active=  0.00%  msgs=0           0 ns/msg
  AGGREGATE active = 0.00% (of 16 dir-threads; 0.00% per-thread avg)  msgs=0
[CPU memory  ] process= 19.95% of 80 cores   system= 20.02%   (window 2s)
Avg. rdma read time(ms) = -nan
Avg. rdma write time(ms) = -nan
Avg. rdma read / op = -nan
Avg. rdma write / op = -nan
Avg. rdma cas / op = -nan
Avg. rdma rpc / op = -nan
Avg. all rdma / op = -nan
Avg. rdma read size/ op = -nan
Avg. rdma write size / op = -nan
Avg. rdma RW size / op = -nan
