Compute node count = 1
kNodeCount 2, kReadRatio 100, kInsertRatio 0, kUpdateRatio 0, kDeleteRatio 0, kRangeRatio 0, totalThreadCount 36, memThreadCount 4 cache_size 2600, uniform_workload 1, zipfian 0.990000, bulk_load_num 50000000, warmup_num 10000000, op_num 30000000, check_correctness 0, time_based 0, early_stop 1, index 0, rpc_rate 1.000000, admission_rate 0.100000, auto_tune 0
kMaxThread = 36
KeySpace = 50001000
[GEOMETRY] inner_page=160 leaf_page=512 inner_entries=5 leaf_entries=26 slot=512 placement=mn_only
[4mshared memory size: 64GB, 0x7fce16200000[0m
[4mcache size: 2GB[0m
[4mMachine NR: 2[0m
[4mMax_APP_THREAD: 80[0m
[4mNR_DIRECTORY: 16[0m
[4mStart Build the DSMKeeper[0m
I am servers 1 [254.127.0.0]
I connect server 0
[4mdir 0 launch! (core 79 of 80)
[0m
[4mdir 1 launch! (core 78 of 80)
[0m
[4mdir 2 launch! (core 77 of 80)
[0m
[4mdir 3 launch! (core 76 of 80)
[0m
Before barrier finish

----- REMOTE CPU LOAD (memory node dir-threads, 2s window) -----
  dir 0: active=  0.00%  msgs=1           2832 ns/msg
  dir 1: active=  0.00%  msgs=0           0 ns/msg
  dir 2: active=  0.00%  msgs=0           0 ns/msg
  dir 3: active=  0.00%  msgs=0           0 ns/msg
  AGGREGATE active = 0.00% (of 4 dir-threads; 0.00% per-thread avg)  msgs=1
[CPU memory  ] process=  4.99% of 80 cores   system=  5.03%   (window 2s)

----- REMOTE CPU LOAD (memory node dir-threads, 2s window) -----
  dir 0: active=  0.00%  msgs=0           0 ns/msg
  dir 1: active=  0.00%  msgs=0           0 ns/msg
  dir 2: active=  0.00%  msgs=0           0 ns/msg
  dir 3: active=  0.00%  msgs=0           0 ns/msg
  AGGREGATE active = 0.00% (of 4 dir-threads; 0.00% per-thread avg)  msgs=0
[CPU memory  ] process=  4.99% of 80 cores   system=  5.06%   (window 2s)

----- REMOTE CPU LOAD (memory node dir-threads, 2s window) -----
  dir 0: active=  0.00%  msgs=0           0 ns/msg
  dir 1: active=  0.00%  msgs=0           0 ns/msg
  dir 2: active=  0.00%  msgs=0           0 ns/msg
  dir 3: active=  0.00%  msgs=0           0 ns/msg
  AGGREGATE active = 0.00% (of 4 dir-threads; 0.00% per-thread avg)  msgs=0
[CPU memory  ] process=  4.99% of 80 cores   system=  5.04%   (window 2s)

----- REMOTE CPU LOAD (memory node dir-threads, 2s window) -----
  dir 0: active=  0.00%  msgs=0           0 ns/msg
  dir 1: active=  0.00%  msgs=0           0 ns/msg
  dir 2: active=  0.00%  msgs=0           0 ns/msg
  dir 3: active=  0.00%  msgs=0           0 ns/msg
  AGGREGATE active = 0.00% (of 4 dir-threads; 0.00% per-thread avg)  msgs=0
[CPU memory  ] process=  4.99% of 80 cores   system=  5.01%   (window 2s)

----- REMOTE CPU LOAD (memory node dir-threads, 2s window) -----
  dir 0: active=  0.00%  msgs=0           0 ns/msg
  dir 1: active=  0.00%  msgs=0           0 ns/msg
  dir 2: active=  0.00%  msgs=0           0 ns/msg
  dir 3: active=  0.00%  msgs=0           0 ns/msg
  AGGREGATE active = 0.00% (of 4 dir-threads; 0.00% per-thread avg)  msgs=0
[CPU memory  ] process=  4.99% of 80 cores   system=  5.04%   (window 2s)

----- REMOTE CPU LOAD (memory node dir-threads, 2s window) -----
  dir 0: active=  0.00%  msgs=0           0 ns/msg
  dir 1: active=  0.00%  msgs=0           0 ns/msg
  dir 2: active=  0.00%  msgs=0           0 ns/msg
  dir 3: active=  0.00%  msgs=0           0 ns/msg
  AGGREGATE active = 0.00% (of 4 dir-threads; 0.00% per-thread avg)  msgs=0
[CPU memory  ] process=  4.99% of 80 cores   system=  5.04%   (window 2s)

----- REMOTE CPU LOAD (memory node dir-threads, 2s window) -----
  dir 0: active=  0.00%  msgs=0           0 ns/msg
  dir 1: active=  0.00%  msgs=0           0 ns/msg
  dir 2: active=  0.00%  msgs=0           0 ns/msg
  dir 3: active=  0.00%  msgs=0           0 ns/msg
  AGGREGATE active = 0.00% (of 4 dir-threads; 0.00% per-thread avg)  msgs=0
[CPU memory  ] process=  4.99% of 80 cores   system=  5.04%   (window 2s)

----- REMOTE CPU LOAD (memory node dir-threads, 2s window) -----
  dir 0: active=  0.00%  msgs=0           0 ns/msg
  dir 1: active=  0.00%  msgs=0           0 ns/msg
  dir 2: active=  0.00%  msgs=0           0 ns/msg
  dir 3: active=  0.00%  msgs=0           0 ns/msg
  AGGREGATE active = 0.00% (of 4 dir-threads; 0.00% per-thread avg)  msgs=0
[CPU memory  ] process=  4.99% of 80 cores   system=  5.04%   (window 2s)

----- REMOTE CPU LOAD (memory node dir-threads, 2s window) -----
  dir 0: active=  0.00%  msgs=0           0 ns/msg
  dir 1: active=  0.00%  msgs=0           0 ns/msg
  dir 2: active=  0.00%  msgs=0           0 ns/msg
  dir 3: active=  0.00%  msgs=0           0 ns/msg
  AGGREGATE active = 0.00% (of 4 dir-threads; 0.00% per-thread avg)  msgs=0
[CPU memory  ] process=  4.99% of 80 cores   system=  5.01%   (window 2s)

----- REMOTE CPU LOAD (memory node dir-threads, 2s window) -----
  dir 0: active=  0.00%  msgs=0           0 ns/msg
  dir 1: active=  0.00%  msgs=0           0 ns/msg
  dir 2: active=  0.00%  msgs=0           0 ns/msg
  dir 3: active=  0.00%  msgs=0           0 ns/msg
  AGGREGATE active = 0.00% (of 4 dir-threads; 0.00% per-thread avg)  msgs=0
[CPU memory  ] process=  4.99% of 80 cores   system=  5.02%   (window 2s)

----- REMOTE CPU LOAD (memory node dir-threads, 2s window) -----
  dir 0: active=  0.00%  msgs=0           0 ns/msg
  dir 1: active=  0.00%  msgs=0           0 ns/msg
  dir 2: active=  0.00%  msgs=0           0 ns/msg
  dir 3: active=  0.00%  msgs=0           0 ns/msg
  AGGREGATE active = 0.00% (of 4 dir-threads; 0.00% per-thread avg)  msgs=0
[CPU memory  ] process=  4.99% of 80 cores   system=  5.03%   (window 2s)

----- REMOTE CPU LOAD (memory node dir-threads, 2s window) -----
  dir 0: active=  0.00%  msgs=0           0 ns/msg
  dir 1: active=  0.00%  msgs=1           3190 ns/msg
  dir 2: active=  0.00%  msgs=1           2005 ns/msg
  dir 3: active=  0.00%  msgs=1           2206 ns/msg
  AGGREGATE active = 0.00% (of 4 dir-threads; 0.00% per-thread avg)  msgs=3
[CPU memory  ] process=  4.99% of 80 cores   system=  5.05%   (window 2s)

----- REMOTE CPU LOAD (memory node dir-threads, 2s window) -----
  dir 0: active=  0.00%  msgs=2           482 ns/msg
  dir 1: active=  0.00%  msgs=2           1088 ns/msg
  dir 2: active=  0.00%  msgs=1           226 ns/msg
  dir 3: active=  0.00%  msgs=1           778 ns/msg
  AGGREGATE active = 0.00% (of 4 dir-threads; 0.00% per-thread avg)  msgs=6
[CPU memory  ] process=  4.99% of 80 cores   system=  5.04%   (window 2s)

----- REMOTE CPU LOAD (memory node dir-threads, 2s window) -----
  dir 0: active=  0.00%  msgs=2           282 ns/msg
  dir 1: active=  0.00%  msgs=1           652 ns/msg
  dir 2: active=  0.00%  msgs=2           144 ns/msg
  dir 3: active=  0.00%  msgs=2           423 ns/msg
  AGGREGATE active = 0.00% (of 4 dir-threads; 0.00% per-thread avg)  msgs=7
[CPU memory  ] process=  4.99% of 80 cores   system=  5.02%   (window 2s)

----- REMOTE CPU LOAD (memory node dir-threads, 2s window) -----
  dir 0: active=  0.00%  msgs=1           434 ns/msg
  dir 1: active=  0.00%  msgs=2           640 ns/msg
  dir 2: active=  0.00%  msgs=2           320 ns/msg
  dir 3: active=  0.00%  msgs=1           513 ns/msg
  AGGREGATE active = 0.00% (of 4 dir-threads; 0.00% per-thread avg)  msgs=6
[CPU memory  ] process=  4.99% of 80 cores   system=  5.01%   (window 2s)

----- REMOTE CPU LOAD (memory node dir-threads, 2s window) -----
  dir 0: active=  0.00%  msgs=2           433 ns/msg
  dir 1: active=  0.00%  msgs=2           640 ns/msg
  dir 2: active=  0.00%  msgs=1           568 ns/msg
  dir 3: active=  0.00%  msgs=2           393 ns/msg
  AGGREGATE active = 0.00% (of 4 dir-threads; 0.00% per-thread avg)  msgs=7
[CPU memory  ] process=  4.99% of 80 cores   system=  5.04%   (window 2s)

----- REMOTE CPU LOAD (memory node dir-threads, 2s window) -----
  dir 0: active=  0.00%  msgs=1           382 ns/msg
  dir 1: active=  0.00%  msgs=1           801 ns/msg
  dir 2: active=  0.00%  msgs=2           355 ns/msg
  dir 3: active=  0.00%  msgs=2           452 ns/msg
  AGGREGATE active = 0.00% (of 4 dir-threads; 0.00% per-thread avg)  msgs=6
[CPU memory  ] process=  4.99% of 80 cores   system=  5.04%   (window 2s)

----- REMOTE CPU LOAD (memory node dir-threads, 2s window) -----
  dir 0: active=  0.00%  msgs=2           324 ns/msg
  dir 1: active=  0.00%  msgs=2           542 ns/msg
  dir 2: active=  0.00%  msgs=1           181 ns/msg
  dir 3: active=  0.00%  msgs=1           392 ns/msg
  AGGREGATE active = 0.00% (of 4 dir-threads; 0.00% per-thread avg)  msgs=6
[CPU memory  ] process=  4.99% of 80 cores   system=  5.02%   (window 2s)

----- REMOTE CPU LOAD (memory node dir-threads, 2s window) -----
  dir 0: active=  0.00%  msgs=2           272 ns/msg
  dir 1: active=  0.00%  msgs=1           581 ns/msg
  dir 2: active=  0.00%  msgs=2           363 ns/msg
  dir 3: active=  0.00%  msgs=2           516 ns/msg
  AGGREGATE active = 0.00% (of 4 dir-threads; 0.00% per-thread avg)  msgs=7
[CPU memory  ] process=  4.99% of 80 cores   system=  5.04%   (window 2s)

----- REMOTE CPU LOAD (memory node dir-threads, 2s window) -----
  dir 0: active=  0.00%  msgs=1           198 ns/msg
  dir 1: active=  0.00%  msgs=2           572 ns/msg
  dir 2: active=  0.00%  msgs=2           544 ns/msg
  dir 3: active=  0.00%  msgs=1           476 ns/msg
  AGGREGATE active = 0.00% (of 4 dir-threads; 0.00% per-thread avg)  msgs=6
[CPU memory  ] process=  4.99% of 80 cores   system=  5.02%   (window 2s)

----- REMOTE CPU LOAD (memory node dir-threads, 2s window) -----
  dir 0: active=  0.00%  msgs=2           411 ns/msg
  dir 1: active=  0.00%  msgs=1           730 ns/msg
  dir 2: active=  0.00%  msgs=1           382 ns/msg
  dir 3: active=  0.00%  msgs=2           451 ns/msg
  AGGREGATE active = 0.00% (of 4 dir-threads; 0.00% per-thread avg)  msgs=6
[CPU memory  ] process=  4.99% of 80 cores   system=  5.05%   (window 2s)

----- REMOTE CPU LOAD (memory node dir-threads, 2s window) -----
  dir 0: active=  0.00%  msgs=1           250 ns/msg
  dir 1: active=  0.00%  msgs=2           601 ns/msg
  dir 2: active=  0.00%  msgs=2           306 ns/msg
  dir 3: active=  0.00%  msgs=1           458 ns/msg
  AGGREGATE active = 0.00% (of 4 dir-threads; 0.00% per-thread avg)  msgs=6
[CPU memory  ] process=  4.99% of 80 cores   system=  5.04%   (window 2s)

----- REMOTE CPU LOAD (memory node dir-threads, 2s window) -----
  dir 0: active=  0.00%  msgs=2           378 ns/msg
  dir 1: active=  0.00%  msgs=1           626 ns/msg
  dir 2: active=  0.00%  msgs=1           178 ns/msg
  dir 3: active=  0.00%  msgs=2           521 ns/msg
  AGGREGATE active = 0.00% (of 4 dir-threads; 0.00% per-thread avg)  msgs=6
[CPU memory  ] process=  4.99% of 80 cores   system=  5.02%   (window 2s)

----- REMOTE CPU LOAD (memory node dir-threads, 2s window) -----
  dir 0: active=  0.00%  msgs=1           264 ns/msg
  dir 1: active=  0.00%  msgs=2           596 ns/msg
  dir 2: active=  0.00%  msgs=2           340 ns/msg
  dir 3: active=  0.00%  msgs=2           408 ns/msg
  AGGREGATE active = 0.00% (of 4 dir-threads; 0.00% per-thread avg)  msgs=7
[CPU memory  ] process=  4.99% of 80 cores   system=  5.03%   (window 2s)

----- REMOTE CPU LOAD (memory node dir-threads, 2s window) -----
  dir 0: active=  0.00%  msgs=1           372 ns/msg
  dir 1: active=  0.00%  msgs=1           1023 ns/msg
  dir 2: active=  0.00%  msgs=1           374 ns/msg
  dir 3: active=  0.00%  msgs=1           677 ns/msg
  AGGREGATE active = 0.00% (of 4 dir-threads; 0.00% per-thread avg)  msgs=4
[CPU memory  ] process=  4.99% of 80 cores   system=  5.02%   (window 2s)

----- REMOTE CPU LOAD (memory node dir-threads, 2s window) -----
  dir 0: active=  0.00%  msgs=1           296 ns/msg
  dir 1: active=  0.00%  msgs=1           666 ns/msg
  dir 2: active=  0.00%  msgs=1           205 ns/msg
  dir 3: active=  0.00%  msgs=1           422 ns/msg
  AGGREGATE active = 0.00% (of 4 dir-threads; 0.00% per-thread avg)  msgs=4
[CPU memory  ] process=  4.99% of 80 cores   system=  5.03%   (window 2s)

----- REMOTE CPU LOAD (memory node dir-threads, 2s window) -----
  dir 0: active=  0.00%  msgs=1           333 ns/msg
  dir 1: active=  0.00%  msgs=1           786 ns/msg
  dir 2: active=  0.00%  msgs=1           412 ns/msg
  dir 3: active=  0.00%  msgs=1           645 ns/msg
  AGGREGATE active = 0.00% (of 4 dir-threads; 0.00% per-thread avg)  msgs=4
[CPU memory  ] process=  4.99% of 80 cores   system=  5.05%   (window 2s)

----- REMOTE CPU LOAD (memory node dir-threads, 2s window) -----
  dir 0: active=  0.00%  msgs=1           333 ns/msg
  dir 1: active=  0.00%  msgs=1           666 ns/msg
  dir 2: active=  0.00%  msgs=1           436 ns/msg
  dir 3: active=  0.00%  msgs=0           0 ns/msg
  AGGREGATE active = 0.00% (of 4 dir-threads; 0.00% per-thread avg)  msgs=3
[CPU memory  ] process=  4.99% of 80 cores   system=  5.01%   (window 2s)

----- REMOTE CPU LOAD (memory node dir-threads, 2s window) -----
  dir 0: active=  0.00%  msgs=1           340 ns/msg
  dir 1: active=  0.00%  msgs=1           897 ns/msg
  dir 2: active=  0.00%  msgs=1           438 ns/msg
  dir 3: active=  0.00%  msgs=1           454 ns/msg
  AGGREGATE active = 0.00% (of 4 dir-threads; 0.00% per-thread avg)  msgs=4
[CPU memory  ] process=  4.99% of 80 cores   system=  5.04%   (window 2s)

----- REMOTE CPU LOAD (memory node dir-threads, 2s window) -----
  dir 0: active=  0.00%  msgs=1           346 ns/msg
  dir 1: active=  0.00%  msgs=1           601 ns/msg
  dir 2: active=  0.00%  msgs=1           200 ns/msg
  dir 3: active=  0.00%  msgs=1           631 ns/msg
  AGGREGATE active = 0.00% (of 4 dir-threads; 0.00% per-thread avg)  msgs=4
[CPU memory  ] process=  4.99% of 80 cores   system=  5.03%   (window 2s)

----- REMOTE CPU LOAD (memory node dir-threads, 2s window) -----
  dir 0: active=  0.00%  msgs=1           480 ns/msg
  dir 1: active=  0.00%  msgs=1           874 ns/msg
  dir 2: active=  0.00%  msgs=1           441 ns/msg
  dir 3: active=  0.00%  msgs=1           359 ns/msg
  AGGREGATE active = 0.00% (of 4 dir-threads; 0.00% per-thread avg)  msgs=4
[CPU memory  ] process=  4.99% of 80 cores   system=  5.03%   (window 2s)

----- REMOTE CPU LOAD (memory node dir-threads, 2s window) -----
  dir 0: active=  0.00%  msgs=1           334 ns/msg
  dir 1: active=  0.00%  msgs=1           631 ns/msg
  dir 2: active=  0.00%  msgs=0           0 ns/msg
  dir 3: active=  0.00%  msgs=1           637 ns/msg
  AGGREGATE active = 0.00% (of 4 dir-threads; 0.00% per-thread avg)  msgs=3
[CPU memory  ] process=  4.99% of 80 cores   system=  5.04%   (window 2s)

----- REMOTE CPU LOAD (memory node dir-threads, 2s window) -----
  dir 0: active=  0.00%  msgs=1           381 ns/msg
  dir 1: active=  0.00%  msgs=1           1316 ns/msg
  dir 2: active=  0.00%  msgs=1           409 ns/msg
  dir 3: active=  0.00%  msgs=1           670 ns/msg
  AGGREGATE active = 0.00% (of 4 dir-threads; 0.00% per-thread avg)  msgs=4
[CPU memory  ] process=  4.99% of 80 cores   system=  5.02%   (window 2s)

----- REMOTE CPU LOAD (memory node dir-threads, 2s window) -----
  dir 0: active=  0.00%  msgs=1           312 ns/msg
  dir 1: active=  0.00%  msgs=1           582 ns/msg
  dir 2: active=  0.00%  msgs=1           297 ns/msg
  dir 3: active=  0.00%  msgs=1           564 ns/msg
  AGGREGATE active = 0.00% (of 4 dir-threads; 0.00% per-thread avg)  msgs=4
[CPU memory  ] process=  4.99% of 80 cores   system=  5.04%   (window 2s)

----- REMOTE CPU LOAD (memory node dir-threads, 2s window) -----
  dir 0: active=  0.00%  msgs=0           0 ns/msg
  dir 1: active=  0.00%  msgs=0           0 ns/msg
  dir 2: active=  0.00%  msgs=0           0 ns/msg
  dir 3: active=  0.00%  msgs=0           0 ns/msg
  AGGREGATE active = 0.00% (of 4 dir-threads; 0.00% per-thread avg)  msgs=0
[CPU memory  ] process=  4.99% of 80 cores   system=  5.01%   (window 2s)

----- REMOTE CPU LOAD (memory node dir-threads, 2s window) -----
  dir 0: active=  0.00%  msgs=0           0 ns/msg
  dir 1: active=  0.00%  msgs=0           0 ns/msg
  dir 2: active=  0.00%  msgs=0           0 ns/msg
  dir 3: active=  0.00%  msgs=0           0 ns/msg
  AGGREGATE active = 0.00% (of 4 dir-threads; 0.00% per-thread avg)  msgs=0
[CPU memory  ] process=  4.99% of 80 cores   system=  5.04%   (window 2s)

----- REMOTE CPU LOAD (memory node dir-threads, 2s window) -----
  dir 0: active=  0.00%  msgs=0           0 ns/msg
  dir 1: active=  0.00%  msgs=0           0 ns/msg
  dir 2: active=  0.00%  msgs=0           0 ns/msg
  dir 3: active=  0.00%  msgs=0           0 ns/msg
  AGGREGATE active = 0.00% (of 4 dir-threads; 0.00% per-thread avg)  msgs=0
[CPU memory  ] process=  4.99% of 80 cores   system=  5.02%   (window 2s)

----- REMOTE CPU LOAD (memory node dir-threads, 2s window) -----
  dir 0: active=  0.00%  msgs=0           0 ns/msg
  dir 1: active=  0.00%  msgs=0           0 ns/msg
  dir 2: active=  0.00%  msgs=0           0 ns/msg
  dir 3: active=  0.00%  msgs=0           0 ns/msg
  AGGREGATE active = 0.00% (of 4 dir-threads; 0.00% per-thread avg)  msgs=0
[CPU memory  ] process=  4.99% of 80 cores   system=  5.04%   (window 2s)

----- REMOTE CPU LOAD (memory node dir-threads, 2s window) -----
  dir 0: active=  0.00%  msgs=0           0 ns/msg
  dir 1: active=  0.00%  msgs=0           0 ns/msg
  dir 2: active=  0.00%  msgs=0           0 ns/msg
  dir 3: active=  0.00%  msgs=0           0 ns/msg
  AGGREGATE active = 0.00% (of 4 dir-threads; 0.00% per-thread avg)  msgs=0
[CPU memory  ] process=  4.99% of 80 cores   system=  5.04%   (window 2s)

----- REMOTE CPU LOAD (memory node dir-threads, 2s window) -----
  dir 0: active=  0.00%  msgs=0           0 ns/msg
  dir 1: active=  0.00%  msgs=0           0 ns/msg
  dir 2: active=  0.00%  msgs=0           0 ns/msg
  dir 3: active=  0.00%  msgs=0           0 ns/msg
  AGGREGATE active = 0.00% (of 4 dir-threads; 0.00% per-thread avg)  msgs=0
[CPU memory  ] process=  4.99% of 80 cores   system=  5.01%   (window 2s)

----- REMOTE CPU LOAD (memory node dir-threads, 2s window) -----
  dir 0: active= 25.17%  msgs=1082344     465 ns/msg
  dir 1: active= 19.99%  msgs=1082343     369 ns/msg
  dir 2: active= 24.78%  msgs=1082342     458 ns/msg
  dir 3: active= 19.85%  msgs=1082337     367 ns/msg
  AGGREGATE active = 89.80% (of 4 dir-threads; 22.45% per-thread avg)  msgs=4329366
[CPU memory  ] process=  4.99% of 80 cores   system=  5.03%   (window 2s)

----- REMOTE CPU LOAD (memory node dir-threads, 2s window) -----
  dir 0: active= 48.53%  msgs=2102352     462 ns/msg
  dir 1: active= 42.86%  msgs=2102353     408 ns/msg
  dir 2: active= 47.77%  msgs=2102354     454 ns/msg
  dir 3: active= 42.69%  msgs=2102352     406 ns/msg
  AGGREGATE active = 181.85% (of 4 dir-threads; 45.46% per-thread avg)  msgs=8409411
[CPU memory  ] process=  4.99% of 80 cores   system=  5.02%   (window 2s)

----- REMOTE CPU LOAD (memory node dir-threads, 2s window) -----
  dir 0: active= 25.29%  msgs=1098157     461 ns/msg
  dir 1: active= 22.51%  msgs=1098150     410 ns/msg
  dir 2: active= 24.89%  msgs=1098144     453 ns/msg
  dir 3: active= 22.42%  msgs=1098142     408 ns/msg
  AGGREGATE active = 95.11% (of 4 dir-threads; 23.78% per-thread avg)  msgs=4392593
[CPU memory  ] process=  4.99% of 80 cores   system=  5.01%   (window 2s)

----- REMOTE CPU LOAD (memory node dir-threads, 2s window) -----
  dir 0: active=  0.00%  msgs=0           0 ns/msg
  dir 1: active=  0.00%  msgs=0           0 ns/msg
  dir 2: active=  0.00%  msgs=0           0 ns/msg
  dir 3: active=  0.00%  msgs=0           0 ns/msg
  AGGREGATE active = 0.00% (of 4 dir-threads; 0.00% per-thread avg)  msgs=0
[CPU memory  ] process=  4.99% of 80 cores   system=  5.06%   (window 2s)

----- REMOTE CPU LOAD (memory node dir-threads, 2s window) -----
  dir 0: active=  0.00%  msgs=0           0 ns/msg
  dir 1: active=  0.00%  msgs=0           0 ns/msg
  dir 2: active=  0.00%  msgs=0           0 ns/msg
  dir 3: active=  0.00%  msgs=0           0 ns/msg
  AGGREGATE active = 0.00% (of 4 dir-threads; 0.00% per-thread avg)  msgs=0
[CPU memory  ] process=  4.99% of 80 cores   system=  5.02%   (window 2s)
Avg. rdma read time(ms) = -nan
Avg. rdma write time(ms) = -nan
Avg. rdma read / op = -nan
Avg. rdma write / op = -nan
Avg. rdma cas / op = -nan
Avg. rdma rpc / op = -nan
Avg. all rdma / op = -nan
Avg. rdma read size/ op = -nan
Avg. rdma write size / op = -nan
Avg. rdma RW size / op = -nan
