Compute node count = 1
kNodeCount 2, kReadRatio 100, kInsertRatio 0, kUpdateRatio 0, kDeleteRatio 0, kRangeRatio 0, totalThreadCount 36, memThreadCount 1 cache_size 2600, uniform_workload 1, zipfian 0.990000, bulk_load_num 50000000, warmup_num 10000000, op_num 30000000, check_correctness 0, time_based 0, early_stop 1, index 0, rpc_rate 1.000000, admission_rate 0.100000, auto_tune 0
kMaxThread = 36
KeySpace = 50001000
[GEOMETRY] inner_page=160 leaf_page=512 inner_entries=5 leaf_entries=26 slot=512 placement=mn_only
[4mshared memory size: 64GB, 0x7fef77200000[0m
[4mcache size: 2GB[0m
[4mMachine NR: 2[0m
[4mMax_APP_THREAD: 80[0m
[4mNR_DIRECTORY: 16[0m
[4mStart Build the DSMKeeper[0m
I am servers 0 [255.127.0.0]
I connect server 1
[4mdir 0 launch! (core 79 of 80)
[0m
CNode 0, left bound = 0, right bound = 18446744073709551615
Pushdown (RPC) Rate: 1
Admission Rate: 0.1
Cache size(MB) = 2600
-----Cache initial addr = 0x7feebd800000
page num = 5324800
alloc_unit = 512
entry_num: 5324800
bucket_num: 1774934
[DEX_SAFE_PT] page table keeps overflow buckets linked: ON
Bucket size = 64
entry_num: 532480
bucket_num: 88747
[DEX-R] push reads from the deepest cached node: off (DEX_PUSH_READS_DEEPEST; writes keep DEX's megaLevel rule)
start generating tree
num_partitions = 1
Success: tree root pointer value [1, 67108864]
finish generating tree

----- REMOTE CPU LOAD (memory node dir-threads, 2s window) -----
  dir 0: active=  0.00%  msgs=0           0 ns/msg
  AGGREGATE active = 0.00% (of 1 dir-threads; 0.00% per-thread avg)  msgs=0
[CPU compute ] process=  2.50% of 80 cores   system=  2.51%   (window 2s)
Bulkload num in node 0 = 50000000
First key of bulkloading = 7325973
Last key of bulkloading = 26738230
node warmup num = 9999972
kReadRatio =100
insertmark =100
updatemark =100
deletemark =100
rangemark =100
Finish warmup workload generation

----- REMOTE CPU LOAD (memory node dir-threads, 2s window) -----
  dir 0: active=  0.00%  msgs=0           0 ns/msg
  AGGREGATE active = 0.00% (of 1 dir-threads; 0.00% per-thread avg)  msgs=0
[CPU compute ] process=  2.50% of 80 cores   system=  2.51%   (window 2s)

----- REMOTE CPU LOAD (memory node dir-threads, 2s window) -----
  dir 0: active=  0.00%  msgs=0           0 ns/msg
  AGGREGATE active = 0.00% (of 1 dir-threads; 0.00% per-thread avg)  msgs=0
[CPU compute ] process=  2.51% of 80 cores   system=  4.41%   (window 2s)

----- REMOTE CPU LOAD (memory node dir-threads, 2s window) -----
  dir 0: active=  0.00%  msgs=0           0 ns/msg
  AGGREGATE active = 0.00% (of 1 dir-threads; 0.00% per-thread avg)  msgs=0
[CPU compute ] process=  2.49% of 80 cores   system=  2.51%   (window 2s)

----- REMOTE CPU LOAD (memory node dir-threads, 2s window) -----
  dir 0: active=  0.00%  msgs=0           0 ns/msg
  AGGREGATE active = 0.00% (of 1 dir-threads; 0.00% per-thread avg)  msgs=0
[CPU compute ] process=  2.51% of 80 cores   system=  2.52%   (window 2s)

----- REMOTE CPU LOAD (memory node dir-threads, 2s window) -----
  dir 0: active=  0.00%  msgs=0           0 ns/msg
  AGGREGATE active = 0.00% (of 1 dir-threads; 0.00% per-thread avg)  msgs=0
[CPU compute ] process=  2.50% of 80 cores   system=  2.52%   (window 2s)

----- REMOTE CPU LOAD (memory node dir-threads, 2s window) -----
  dir 0: active=  0.00%  msgs=0           0 ns/msg
  AGGREGATE active = 0.00% (of 1 dir-threads; 0.00% per-thread avg)  msgs=0
[CPU compute ] process=  2.49% of 80 cores   system=  2.52%   (window 2s)
node op_num = 29999988
Finish all workload generation

----- REMOTE CPU LOAD (memory node dir-threads, 2s window) -----
  dir 0: active=  0.00%  msgs=0           0 ns/msg
  AGGREGATE active = 0.00% (of 1 dir-threads; 0.00% per-thread avg)  msgs=0
[CPU compute ] process=  2.50% of 80 cores   system=  4.58%   (window 2s)

----- REMOTE CPU LOAD (memory node dir-threads, 2s window) -----
  dir 0: active=  0.00%  msgs=0           0 ns/msg
  AGGREGATE active = 0.00% (of 1 dir-threads; 0.00% per-thread avg)  msgs=0
[CPU compute ] process=  2.50% of 80 cores   system=  2.52%   (window 2s)

----- REMOTE CPU LOAD (memory node dir-threads, 2s window) -----
  dir 0: active=  0.00%  msgs=0           0 ns/msg
  AGGREGATE active = 0.00% (of 1 dir-threads; 0.00% per-thread avg)  msgs=0
[CPU compute ] process=  2.50% of 80 cores   system=  2.51%   (window 2s)
Fetched new height = 1
Success: tree root pointer value [1, 67109888]
Height = 2
Success: tree root pointer value [1, 67112448]
Height = 3
Success: tree root pointer value [1, 67118080]
Height = 4

----- REMOTE CPU LOAD (memory node dir-threads, 2s window) -----
  dir 0: active=  0.00%  msgs=0           0 ns/msg
  AGGREGATE active = 0.00% (of 1 dir-threads; 0.00% per-thread avg)  msgs=0
[CPU compute ] process=  2.50% of 80 cores   system=  2.52%   (window 2s)
Success: tree root pointer value [1, 67129856]
Height = 5
Success: tree root pointer value [1, 67153920]
Height = 6
Success: tree root pointer value [1, 67202560]
Height = 7
Success: tree root pointer value [1, 67300352]
Height = 8
Success: tree root pointer value [1, 67496448]
Height = 9
Success: tree root pointer value [1, 67889152]
Height = 10
Success: tree root pointer value [1, 68675072]
Height = 11
Success: tree root pointer value [1, 70247424]
Height = 12
Success: tree root pointer value [1, 73392640]
Height = 13
Success: tree root pointer value [1, 79683584]
Height = 14
Success: tree root pointer value [1, 92265984]
Height = 15
Success: tree root pointer value [1, 117431808]
Height = 16
Success: tree root pointer value [1, 167763456]
Height = 17

----- REMOTE CPU LOAD (memory node dir-threads, 2s window) -----
  dir 0: active=  0.00%  msgs=0           0 ns/msg
  AGGREGATE active = 0.00% (of 1 dir-threads; 0.00% per-thread avg)  msgs=0
[CPU compute ] process=  2.50% of 80 cores   system=  2.51%   (window 2s)
Success: tree root pointer value [1, 268427776]
Height = 18

----- REMOTE CPU LOAD (memory node dir-threads, 2s window) -----
  dir 0: active=  0.00%  msgs=0           0 ns/msg
  AGGREGATE active = 0.00% (of 1 dir-threads; 0.00% per-thread avg)  msgs=0
[CPU compute ] process=  2.50% of 80 cores   system=  4.49%   (window 2s)
Success: tree root pointer value [1, 469756928]
Height = 19

----- REMOTE CPU LOAD (memory node dir-threads, 2s window) -----
  dir 0: active=  0.00%  msgs=0           0 ns/msg
  AGGREGATE active = 0.00% (of 1 dir-threads; 0.00% per-thread avg)  msgs=0
[CPU compute ] process=  2.50% of 80 cores   system=  2.53%   (window 2s)

----- REMOTE CPU LOAD (memory node dir-threads, 2s window) -----
  dir 0: active=  0.00%  msgs=0           0 ns/msg
  AGGREGATE active = 0.00% (of 1 dir-threads; 0.00% per-thread avg)  msgs=0
[CPU compute ] process=  2.50% of 80 cores   system=  2.51%   (window 2s)
Success: tree root pointer value [1, 872416256]
Height = 20

----- REMOTE CPU LOAD (memory node dir-threads, 2s window) -----
  dir 0: active=  0.00%  msgs=0           0 ns/msg
  AGGREGATE active = 0.00% (of 1 dir-threads; 0.00% per-thread avg)  msgs=0
[CPU compute ] process=  2.50% of 80 cores   system=  2.52%   (window 2s)

----- REMOTE CPU LOAD (memory node dir-threads, 2s window) -----
  dir 0: active=  0.00%  msgs=0           0 ns/msg
  AGGREGATE active = 0.00% (of 1 dir-threads; 0.00% per-thread avg)  msgs=0
[CPU compute ] process=  2.50% of 80 cores   system=  2.51%   (window 2s)

----- REMOTE CPU LOAD (memory node dir-threads, 2s window) -----
  dir 0: active=  0.00%  msgs=0           0 ns/msg
  AGGREGATE active = 0.00% (of 1 dir-threads; 0.00% per-thread avg)  msgs=0
[CPU compute ] process=  2.50% of 80 cores   system=  4.12%   (window 2s)
Success: tree root pointer value [1, 1677734400]
Height = 21

----- REMOTE CPU LOAD (memory node dir-threads, 2s window) -----
  dir 0: active=  0.00%  msgs=0           0 ns/msg
  AGGREGATE active = 0.00% (of 1 dir-threads; 0.00% per-thread avg)  msgs=0
[CPU compute ] process=  2.50% of 80 cores   system=  2.86%   (window 2s)

----- REMOTE CPU LOAD (memory node dir-threads, 2s window) -----
  dir 0: active=  0.00%  msgs=0           0 ns/msg
  AGGREGATE active = 0.00% (of 1 dir-threads; 0.00% per-thread avg)  msgs=0
[CPU compute ] process=  2.50% of 80 cores   system=  2.51%   (window 2s)

----- REMOTE CPU LOAD (memory node dir-threads, 2s window) -----
  dir 0: active=  0.00%  msgs=0           0 ns/msg
  AGGREGATE active = 0.00% (of 1 dir-threads; 0.00% per-thread avg)  msgs=0
[CPU compute ] process=  2.50% of 80 cores   system=  2.51%   (window 2s)

----- REMOTE CPU LOAD (memory node dir-threads, 2s window) -----
  dir 0: active=  0.00%  msgs=0           0 ns/msg
  AGGREGATE active = 0.00% (of 1 dir-threads; 0.00% per-thread avg)  msgs=0
[CPU compute ] process=  2.50% of 80 cores   system=  2.51%   (window 2s)

----- REMOTE CPU LOAD (memory node dir-threads, 2s window) -----
  dir 0: active=  0.00%  msgs=0           0 ns/msg
  AGGREGATE active = 0.00% (of 1 dir-threads; 0.00% per-thread avg)  msgs=0
[CPU compute ] process=  2.50% of 80 cores   system=  2.51%   (window 2s)

----- REMOTE CPU LOAD (memory node dir-threads, 2s window) -----
  dir 0: active=  0.00%  msgs=0           0 ns/msg
  AGGREGATE active = 0.00% (of 1 dir-threads; 0.00% per-thread avg)  msgs=0
[CPU compute ] process=  2.50% of 80 cores   system=  4.43%   (window 2s)
entering dynamic phase

----- REMOTE CPU LOAD (memory node dir-threads, 2s window) -----
  dir 0: active=  0.00%  msgs=0           0 ns/msg
  AGGREGATE active = 0.00% (of 1 dir-threads; 0.00% per-thread avg)  msgs=0
[CPU compute ] process=  2.50% of 80 cores   system=  2.51%   (window 2s)

----- REMOTE CPU LOAD (memory node dir-threads, 2s window) -----
  dir 0: active=  0.00%  msgs=0           0 ns/msg
  AGGREGATE active = 0.00% (of 1 dir-threads; 0.00% per-thread avg)  msgs=0
[CPU compute ] process=  2.50% of 80 cores   system=  2.52%   (window 2s)

----- REMOTE CPU LOAD (memory node dir-threads, 2s window) -----
  dir 0: active=  0.00%  msgs=0           0 ns/msg
  AGGREGATE active = 0.00% (of 1 dir-threads; 0.00% per-thread avg)  msgs=0
[CPU compute ] process=  2.50% of 80 cores   system=  2.52%   (window 2s)

----- REMOTE CPU LOAD (memory node dir-threads, 2s window) -----
  dir 0: active=  0.00%  msgs=0           0 ns/msg
  AGGREGATE active = 0.00% (of 1 dir-threads; 0.00% per-thread avg)  msgs=0
[CPU compute ] process=  2.50% of 80 cores   system=  2.51%   (window 2s)
Success: tree root pointer value [1, 3288371200]
Height = 22

----- REMOTE CPU LOAD (memory node dir-threads, 2s window) -----
  dir 0: active=  0.00%  msgs=0           0 ns/msg
  AGGREGATE active = 0.00% (of 1 dir-threads; 0.00% per-thread avg)  msgs=0
[CPU compute ] process=  2.50% of 80 cores   system=  4.42%   (window 2s)

----- REMOTE CPU LOAD (memory node dir-threads, 2s window) -----
  dir 0: active=  0.00%  msgs=0           0 ns/msg
  AGGREGATE active = 0.00% (of 1 dir-threads; 0.00% per-thread avg)  msgs=0
[CPU compute ] process=  2.50% of 80 cores   system=  2.51%   (window 2s)

----- REMOTE CPU LOAD (memory node dir-threads, 2s window) -----
  dir 0: active=  0.00%  msgs=0           0 ns/msg
  AGGREGATE active = 0.00% (of 1 dir-threads; 0.00% per-thread avg)  msgs=0
[CPU compute ] process=  2.50% of 80 cores   system=  2.51%   (window 2s)

----- REMOTE CPU LOAD (memory node dir-threads, 2s window) -----
  dir 0: active=  0.00%  msgs=0           0 ns/msg
  AGGREGATE active = 0.00% (of 1 dir-threads; 0.00% per-thread avg)  msgs=0
[CPU compute ] process=  2.50% of 80 cores   system=  2.52%   (window 2s)

----- REMOTE CPU LOAD (memory node dir-threads, 2s window) -----
  dir 0: active=  0.00%  msgs=0           0 ns/msg
  AGGREGATE active = 0.00% (of 1 dir-threads; 0.00% per-thread avg)  msgs=0
[CPU compute ] process=  2.50% of 80 cores   system=  2.52%   (window 2s)
#leaf nodes = 3846153
leaf size(MB) = 1878
#inner nodes = 3846104
inner size(MB) = 1877.98
Tree height = 22
Cache capacity = 5324800
max. leaf entries = 26
max. inner entries = 5
Inner page size = 160
Leaf page size = 512
node 0 finish its bulkload

----- REMOTE CPU LOAD (memory node dir-threads, 2s window) -----
  dir 0: active=  0.00%  msgs=0           0 ns/msg
  AGGREGATE active = 0.00% (of 1 dir-threads; 0.00% per-thread avg)  msgs=0
[CPU compute ] process=  2.50% of 80 cores   system=  4.47%   (window 2s)

----- REMOTE CPU LOAD (memory node dir-threads, 2s window) -----
  dir 0: active=  0.00%  msgs=0           0 ns/msg
  AGGREGATE active = 0.00% (of 1 dir-threads; 0.00% per-thread avg)  msgs=0
[CPU compute ] process=  2.51% of 80 cores   system=  2.51%   (window 2s)

----- REMOTE CPU LOAD (memory node dir-threads, 2s window) -----
  dir 0: active=  0.00%  msgs=0           0 ns/msg
  AGGREGATE active = 0.00% (of 1 dir-threads; 0.00% per-thread avg)  msgs=0
[CPU compute ] process=  2.50% of 80 cores   system=  2.51%   (window 2s)

----- REMOTE CPU LOAD (memory node dir-threads, 2s window) -----
  dir 0: active=  0.00%  msgs=0           0 ns/msg
  AGGREGATE active = 0.00% (of 1 dir-threads; 0.00% per-thread avg)  msgs=0
[CPU compute ] process=  2.50% of 80 cores   system=  2.52%   (window 2s)

----- REMOTE CPU LOAD (memory node dir-threads, 2s window) -----
  dir 0: active=  0.00%  msgs=0           0 ns/msg
  AGGREGATE active = 0.00% (of 1 dir-threads; 0.00% per-thread avg)  msgs=0
[CPU compute ] process=  2.50% of 80 cores   system=  2.51%   (window 2s)

----- REMOTE CPU LOAD (memory node dir-threads, 2s window) -----
  dir 0: active=  0.00%  msgs=0           0 ns/msg
  AGGREGATE active = 0.00% (of 1 dir-threads; 0.00% per-thread avg)  msgs=0
[CPU compute ] process=  2.50% of 80 cores   system=  4.39%   (window 2s)
IMPORTANT: my root is 215506694963201
0 is ready for the benchmark
I am 0
Fetched new height = 22
I am 1
I am 2
I am 4
I am 5
I am 3
I am 28
I am 6
I am 35
I am 12
I am 11
I am 33
I am 7
I am 20
I am 14
I am 9
I am 31
I am 16
I am 29
I am 17
I am 32
I am 8
I am 30
I am 13
I am 34
I am 26
I am 27
I am 15
I am 10
I am 23
I am 22
I am 19
I am 18
I am 24
I am 25
I am 21
entering dynamic phase

----- REMOTE CPU LOAD (memory node dir-threads, 2s window) -----
  dir 0: active=  0.00%  msgs=0           0 ns/msg
  AGGREGATE active = 0.00% (of 1 dir-threads; 0.00% per-thread avg)  msgs=0
[CPU compute ] process= 26.32% of 80 cores   system= 26.35%   (window 2s)
Thread_op_num = 833333
node 0 finish warmup
Start collecting the statistic

----- REMOTE CPU LOAD (memory node dir-threads, 2s window) -----
  dir 0: active=  0.00%  msgs=0           0 ns/msg
  AGGREGATE active = 0.00% (of 1 dir-threads; 0.00% per-thread avg)  msgs=0
[CPU compute ] process= 46.24% of 80 cores   system= 46.27%   (window 2s)
0, throughput 2.6502
cluster throughput 2.650

----- REMOTE CPU LOAD (memory node dir-threads, 2s window) -----
  dir 0: active=  0.00%  msgs=0           0 ns/msg
  AGGREGATE active = 0.00% (of 1 dir-threads; 0.00% per-thread avg)  msgs=0
[CPU compute ] process= 46.26% of 80 cores   system= 46.28%   (window 2s)
0, throughput 2.6565
cluster throughput 2.656

----- REMOTE CPU LOAD (memory node dir-threads, 2s window) -----
  dir 0: active=  0.00%  msgs=0           0 ns/msg
  AGGREGATE active = 0.00% (of 1 dir-threads; 0.00% per-thread avg)  msgs=0
[CPU compute ] process= 46.24% of 80 cores   system= 46.27%   (window 2s)
0, throughput 2.6554
cluster throughput 2.655

----- REMOTE CPU LOAD (memory node dir-threads, 2s window) -----
  dir 0: active=  0.00%  msgs=0           0 ns/msg
  AGGREGATE active = 0.00% (of 1 dir-threads; 0.00% per-thread avg)  msgs=0
[CPU compute ] process= 46.26% of 80 cores   system= 47.48%   (window 2s)
0, throughput 2.6572
cluster throughput 2.657

----- REMOTE CPU LOAD (memory node dir-threads, 2s window) -----
  dir 0: active=  0.00%  msgs=0           0 ns/msg
  AGGREGATE active = 0.00% (of 1 dir-threads; 0.00% per-thread avg)  msgs=0
[CPU compute ] process= 46.24% of 80 cores   system= 46.28%   (window 2s)
0, throughput 2.6544
cluster throughput 2.654

----- REMOTE CPU LOAD (memory node dir-threads, 2s window) -----
  dir 0: active=  0.00%  msgs=0           0 ns/msg
  AGGREGATE active = 0.00% (of 1 dir-threads; 0.00% per-thread avg)  msgs=0
[CPU compute ] process= 46.24% of 80 cores   system= 46.27%   (window 2s)
0, throughput 1.6405
cluster throughput 1.640

----- REMOTE CPU LOAD (memory node dir-threads, 2s window) -----
  dir 0: active=  0.00%  msgs=0           0 ns/msg
  AGGREGATE active = 0.00% (of 1 dir-threads; 0.00% per-thread avg)  msgs=0
[CPU compute ] process=  4.49% of 80 cores   system=  4.48%   (window 2s)
0, throughput 0.0000
cluster throughput 0.000
The time duration = 14 seconds

----- REMOTE CPU LOAD (memory node dir-threads, 2s window) -----
  dir 0: active=  0.00%  msgs=0           0 ns/msg
  AGGREGATE active = 0.00% (of 1 dir-threads; 0.00% per-thread avg)  msgs=0
[CPU compute ] process=  1.25% of 80 cores   system=  1.26%   (window 2s)

==================== LATENCY BUCKETS (500 ns) [node 0] ====================
[LOOKUP]
  ALL                n=29831669   mean=   13.51us  p50=  21.00us  p90=  23.50us  p99=  25.00us  p99.9=  27.00us  max>=622.00us
  LOCAL (cache hit)  n=12590147   mean=    1.74us  p50=   2.00us  p90=   2.50us  p99=   3.00us  p99.9=   5.50us  max>= 52.00us
  REMOTE (miss/rpc)  n=17241522   mean=   22.10us  p50=  22.50us  p90=  24.00us  p99=  25.50us  p99.9=  27.50us  max>=622.00us
[ALL OPS]
  ALL                n=29831669   mean=   13.51us  p50=  21.00us  p90=  23.50us  p99=  25.00us  p99.9=  27.00us  max>=622.00us
  LOCAL (cache hit)  n=12590147   mean=    1.74us  p50=   2.00us  p90=   2.50us  p99=   3.00us  p99.9=   5.50us  max>= 52.00us
  REMOTE (miss/rpc)  n=17241522   mean=   22.10us  p50=  22.50us  p90=  24.00us  p99=  25.50us  p99.9=  27.50us  max>=622.00us

----- 500 ns bucket CDF (all ops) [node 0] -----
  bucket [lo,hi) ns             count        pct       cdf
  [        0,      500)          322    0.0011%   0.0011%
  [      500,     1000)        49150    0.1648%   0.1658%
  [     1000,     1500)      2922198    9.7956%   9.9615%
  [     1500,     2000)      7256110   24.3235%  34.2850%
  [     2000,     2500)      2141471    7.1785%  41.4635%
  [     2500,     3000)       191331    0.6414%  42.1049%
  [     3000,     3500)         7539    0.0253%  42.1301%
  [     3500,     4000)         1248    0.0042%  42.1343%
  [     4000,     4500)         2679    0.0090%  42.1433%
  [     4500,     5000)         4909    0.0165%  42.1597%
  [     5000,     5500)         5175    0.0173%  42.1771%
  [     5500,     6000)         3707    0.0124%  42.1895%
  [     6000,     6500)         2053    0.0069%  42.1964%
  [     6500,     7000)         1039    0.0035%  42.1999%
  [     7000,     7500)          552    0.0019%  42.2017%
  [     7500,     8000)          250    0.0008%  42.2026%
  [     8000,     8500)          124    0.0004%  42.2030%
  [     8500,     9000)           67    0.0002%  42.2032%
  [     9000,     9500)           54    0.0002%  42.2034%
  [     9500,    10000)           21    0.0001%  42.2035%
  [    10000,    10500)           25    0.0001%  42.2036%
  [    10500,    11000)           21    0.0001%  42.2036%
  [    11000,    11500)           25    0.0001%  42.2037%
  [    11500,    12000)           25    0.0001%  42.2038%
  [    12000,    12500)           28    0.0001%  42.2039%
  [    12500,    13000)           24    0.0001%  42.2040%
  [    13000,    13500)           21    0.0001%  42.2040%
  [    13500,    14000)           40    0.0001%  42.2042%
  [    14000,    14500)           53    0.0002%  42.2043%
  [    14500,    15000)          106    0.0004%  42.2047%
  [    15000,    15500)          245    0.0008%  42.2055%
  [    15500,    16000)          443    0.0015%  42.2070%
  [    16000,    16500)          940    0.0032%  42.2102%
  [    16500,    17000)         1844    0.0062%  42.2163%
  [    17000,    17500)         4009    0.0134%  42.2298%
  [    17500,    18000)         9823    0.0329%  42.2627%
  [    18000,    18500)        27221    0.0912%  42.3540%
  [    18500,    19000)        76507    0.2565%  42.6104%
  [    19000,    19500)       201862    0.6767%  43.2871%
  [    19500,    20000)       467480    1.5671%  44.8541%
  [    20000,    20500)       933230    3.1283%  47.9825%
  [    20500,    21000)      1582705    5.3055%  53.2879%
  [    21000,    21500)      2257226    7.5665%  60.8545%
  [    21500,    22000)      2701766    9.0567%  69.9112%
  [    22000,    22500)      2743812    9.1976%  79.1088%
  [    22500,    23000)      2329672    7.8094%  86.9182%
  [    23000,    23500)      1701115    5.7024%  92.6206%
  [    23500,    24000)      1043535    3.4981%  96.1187%
  [    24000,    24500)       578162    1.9381%  98.0567%
  [    24500,    25000)       291689    0.9778%  99.0345%
  [    25000,    25500)       142269    0.4769%  99.5114%
  [    25500,    26000)        69001    0.2313%  99.7427%
  [    26000,    26500)        34503    0.1157%  99.8584%
  [    26500,    27000)        17550    0.0588%  99.9172%
  [    27000,    27500)         9130    0.0306%  99.9478%
  [    27500,    28000)         4807    0.0161%  99.9639%
  [    28000,    28500)         2550    0.0085%  99.9725%
  [    28500,    29000)         1398    0.0047%  99.9772%
  [    29000,    29500)          847    0.0028%  99.9800%
  [    29500,    30000)          583    0.0020%  99.9820%
  [    30000,    30500)          368    0.0012%  99.9832%
  [    30500,    31000)          311    0.0010%  99.9842%
  [    31000,    31500)          252    0.0008%  99.9851%
  [    31500,    32000)          177    0.0006%  99.9857%
  [    32000,    32500)          146    0.0005%  99.9862%
  [    32500,    33000)          121    0.0004%  99.9866%
  [    33000,    33500)          102    0.0003%  99.9869%
  [    33500,    34000)           85    0.0003%  99.9872%
  [    34000,    34500)           88    0.0003%  99.9875%
  [    34500,    35000)           69    0.0002%  99.9877%
  [    35000,    35500)           56    0.0002%  99.9879%
  [    35500,    36000)           64    0.0002%  99.9881%
  [    36000,    36500)           59    0.0002%  99.9883%
  [    36500,    37000)           56    0.0002%  99.9885%
  [    37000,    37500)           53    0.0002%  99.9887%
  [    37500,    38000)           33    0.0001%  99.9888%
  [    38000,    38500)           57    0.0002%  99.9890%
  [    38500,    39000)           52    0.0002%  99.9892%
  [    39000,    39500)           57    0.0002%  99.9894%
  [    39500,    40000)           64    0.0002%  99.9896%
  [    40000,    40500)           68    0.0002%  99.9898%
  [    40500,    41000)           54    0.0002%  99.9900%
  [    41000,    41500)           70    0.0002%  99.9902%
  [    41500,    42000)           59    0.0002%  99.9904%
  [    42000,    42500)           66    0.0002%  99.9906%
  [    42500,    43000)           93    0.0003%  99.9910%
  [    43000,    43500)           76    0.0003%  99.9912%
  [    43500,    44000)           96    0.0003%  99.9915%
  [    44000,    44500)           90    0.0003%  99.9918%
  [    44500,    45000)          112    0.0004%  99.9922%
  [    45000,    45500)          112    0.0004%  99.9926%
  [    45500,    46000)           93    0.0003%  99.9929%
  [    46000,    46500)           99    0.0003%  99.9932%
  [    46500,    47000)           98    0.0003%  99.9936%
  [    47000,    47500)           58    0.0002%  99.9938%
  [    47500,    48000)           50    0.0002%  99.9939%
  [    48000,    48500)           71    0.0002%  99.9942%
  [    48500,    49000)           60    0.0002%  99.9944%
  [    49000,    49500)           87    0.0003%  99.9946%
  [    49500,    50000)           46    0.0002%  99.9948%
  [    50000,    50500)           55    0.0002%  99.9950%
  [    50500,    51000)           42    0.0001%  99.9951%
  [    51000,    51500)           38    0.0001%  99.9953%
  [    51500,    52000)           33    0.0001%  99.9954%
  [    52000,    52500)           56    0.0002%  99.9956%
  [    52500,    53000)           47    0.0002%  99.9957%
  [    53000,    53500)           29    0.0001%  99.9958%
  [    53500,    54000)           37    0.0001%  99.9959%
  [    54000,    54500)           35    0.0001%  99.9961%
  [    54500,    55000)           27    0.0001%  99.9961%
  [    55000,    55500)           31    0.0001%  99.9962%
  [    55500,    56000)           32    0.0001%  99.9964%
  [    56000,    56500)           14    0.0000%  99.9964%
  [    56500,    57000)           33    0.0001%  99.9965%
  [    57000,    57500)           27    0.0001%  99.9966%
  [    57500,    58000)           24    0.0001%  99.9967%
  [    58000,    58500)           21    0.0001%  99.9968%
  [    58500,    59000)           11    0.0000%  99.9968%
  [    59000,    59500)           17    0.0001%  99.9968%
  [    59500,    60000)           16    0.0001%  99.9969%
  [    60000,    60500)           20    0.0001%  99.9970%
  [    60500,    61000)           28    0.0001%  99.9971%
  [    61000,    61500)           27    0.0001%  99.9972%
  [    61500,    62000)            9    0.0000%  99.9972%
  [    62000,    62500)            9    0.0000%  99.9972%
  [    62500,    63000)            9    0.0000%  99.9972%
  [    63000,    63500)            6    0.0000%  99.9973%
  [    63500,    64000)            4    0.0000%  99.9973%
  [    64000,    64500)            4    0.0000%  99.9973%
  [    64500,    65000)            4    0.0000%  99.9973%
  [    65000,    65500)            8    0.0000%  99.9973%
  [    65500,    66000)            8    0.0000%  99.9974%
  [    66000,    66500)            9    0.0000%  99.9974%
  [    66500,    67000)           17    0.0001%  99.9974%
  [    67000,    67500)            9    0.0000%  99.9975%
  [    67500,    68000)            9    0.0000%  99.9975%
  [    68000,    68500)            3    0.0000%  99.9975%
  [    68500,    69000)            4    0.0000%  99.9975%
  [    69000,    69500)            4    0.0000%  99.9975%
  [    70000,    70500)            8    0.0000%  99.9976%
  [    70500,    71000)            6    0.0000%  99.9976%
  [    71000,    71500)            7    0.0000%  99.9976%
  [    71500,    72000)            6    0.0000%  99.9976%
  [    72000,    72500)            6    0.0000%  99.9977%
  [    72500,    73000)            9    0.0000%  99.9977%
  [    73000,    73500)           12    0.0000%  99.9977%
  [    73500,    74000)           25    0.0001%  99.9978%
  [    74000,    74500)           16    0.0001%  99.9979%
  [    74500,    75000)            8    0.0000%  99.9979%
  [    75000,    75500)            7    0.0000%  99.9979%
  [    75500,    76000)            3    0.0000%  99.9979%
  [    76000,    76500)           10    0.0000%  99.9980%
  [    76500,    77000)            6    0.0000%  99.9980%
  [    77000,    77500)           11    0.0000%  99.9980%
  [    77500,    78000)           14    0.0000%  99.9981%
  [    78000,    78500)            7    0.0000%  99.9981%
  [    78500,    79000)           12    0.0000%  99.9981%
  [    79000,    79500)            8    0.0000%  99.9981%
  [    80000,    80500)            1    0.0000%  99.9981%
  [    81000,    81500)            2    0.0000%  99.9982%
  [    81500,    82000)            3    0.0000%  99.9982%
  [    82000,    82500)            2    0.0000%  99.9982%
  [    82500,    83000)            9    0.0000%  99.9982%
  [    83000,    83500)           10    0.0000%  99.9982%
  [    83500,    84000)            4    0.0000%  99.9983%
  [    84000,    84500)            5    0.0000%  99.9983%
  [    84500,    85000)            2    0.0000%  99.9983%
  [    85000,    85500)            1    0.0000%  99.9983%
  [    86000,    86500)            1    0.0000%  99.9983%
  [    87000,    87500)            1    0.0000%  99.9983%
  [    87500,    88000)            1    0.0000%  99.9983%
  [    88500,    89000)            1    0.0000%  99.9983%
  [    89500,    90000)            3    0.0000%  99.9983%
  [    90000,    90500)            5    0.0000%  99.9983%
  [    90500,    91000)           13    0.0000%  99.9984%
  [    91000,    91500)           15    0.0001%  99.9984%
  [    91500,    92000)            9    0.0000%  99.9984%
  [    92000,    92500)           10    0.0000%  99.9985%
  [    92500,    93000)            9    0.0000%  99.9985%
  [    93500,    94000)            3    0.0000%  99.9985%
  [    94000,    94500)            1    0.0000%  99.9985%
  [    94500,    95000)            4    0.0000%  99.9985%
  [    95000,    95500)           18    0.0001%  99.9986%
  [    95500,    96000)           15    0.0001%  99.9986%
  [    96000,    96500)            8    0.0000%  99.9987%
  [    96500,    97000)            9    0.0000%  99.9987%
  [    97000,    97500)            9    0.0000%  99.9987%
  [    97500,    98000)            5    0.0000%  99.9987%
  [    98000,    98500)            3    0.0000%  99.9988%
  [    98500,    99000)            3    0.0000%  99.9988%
  [    99000,    99500)            3    0.0000%  99.9988%
  [    99500,   100000)            9    0.0000%  99.9988%
  [   100000,   100500)            3    0.0000%  99.9988%
  [   100500,   101000)           15    0.0001%  99.9989%
  [   101000,   101500)           14    0.0000%  99.9989%
  [   101500,   102000)            8    0.0000%  99.9989%
  [   102000,   102500)           10    0.0000%  99.9990%
  [   102500,   103000)            3    0.0000%  99.9990%
  [   103000,   103500)            5    0.0000%  99.9990%
  [   103500,   104000)            2    0.0000%  99.9990%
  [   104000,   104500)            3    0.0000%  99.9990%
  [   104500,   105000)            9    0.0000%  99.9990%
  [   105000,   105500)            5    0.0000%  99.9991%
  [   105500,   106000)            5    0.0000%  99.9991%
  [   106000,   106500)            4    0.0000%  99.9991%
  [   106500,   107000)            5    0.0000%  99.9991%
  [   107000,   107500)           15    0.0001%  99.9992%
  [   107500,   108000)            7    0.0000%  99.9992%
  [   108000,   108500)           16    0.0001%  99.9992%
  [   108500,   109000)           22    0.0001%  99.9993%
  [   109000,   109500)           14    0.0000%  99.9994%
  [   109500,   110000)           17    0.0001%  99.9994%
  [   110000,   110500)           12    0.0000%  99.9995%
  [   110500,   111000)            7    0.0000%  99.9995%
  [   111000,   111500)           11    0.0000%  99.9995%
  [   111500,   112000)           15    0.0001%  99.9996%
  [   112000,   112500)            7    0.0000%  99.9996%
  [   112500,   113000)            5    0.0000%  99.9996%
  [   129500,   130000)            1    0.0000%  99.9996%
  [   132500,   133000)            1    0.0000%  99.9996%
  [   134000,   134500)            1    0.0000%  99.9996%
  [   239000,   239500)            1    0.0000%  99.9996%
  [   239500,   240000)            1    0.0000%  99.9996%
  [   240000,   240500)            1    0.0000%  99.9996%
  [   246000,   246500)            1    0.0000%  99.9996%
  [   253500,   254000)            1    0.0000%  99.9996%
  [   255000,   255500)            1    0.0000%  99.9996%
  [   316500,   317000)            3    0.0000%  99.9996%
  [   317000,   317500)            1    0.0000%  99.9997%
  [   317500,   318000)            8    0.0000%  99.9997%
  [   318000,   318500)            7    0.0000%  99.9997%
  [   318500,   319000)            4    0.0000%  99.9997%
  [   319000,   319500)            8    0.0000%  99.9997%
  [   319500,   320000)            3    0.0000%  99.9998%
  [   320500,   321000)            2    0.0000%  99.9998%
  [   334000,   334500)            1    0.0000%  99.9998%
  [   334500,   335000)            7    0.0000%  99.9998%
  [   335000,   335500)           10    0.0000%  99.9998%
  [   335500,   336000)            9    0.0000%  99.9998%
  [   336000,   336500)            5    0.0000%  99.9999%
  [   336500,   337000)            3    0.0000%  99.9999%
  [   337000,   337500)            1    0.0000%  99.9999%
  [   618500,   619000)            1    0.0000%  99.9999%
  [   619000,   619500)            2    0.0000%  99.9999%
  [   619500,   620000)            8    0.0000%  99.9999%
  [   620000,   620500)            6    0.0000%  99.9999%
  [   620500,   621000)           11    0.0000% 100.0000%
  [   621000,   621500)            6    0.0000% 100.0000%
  [   621500,   622000)            2    0.0000% 100.0000%

----- REMOTE OPERATIONS [node 0] -----
  ops total                = 29831669
  ops local  (cache hit)   = 12590147 (42.20%)
  ops remote (>=1 net op)  = 17241522 (57.80%)
  remote ops total         = 17241522
    rdma read              = 0
    rdma write             = 0
    rdma cas               = 0
    rpc pushdown           = 17241522
  remote ops / op          = 0.5780
  remote ops / remote op   = 1.0000

----- OFFLOADED TASKS [node 0] -----
  lookup pushdowns         = 17241522
  scan    pushdowns (RPC)  = 0
    kv pairs returned      = 0
    leaves scanned remotely= 0
    kv / scan pushdown     = 0.00
    leaves / scan pushdown = 0.00
  per-thread breakdown (tid: lookups | scans | kv | leaves):
    t0        477018 |          0 |          0 |          0
    t1        479869 |          0 |          0 |          0
    t2        478842 |          0 |          0 |          0
    t3        477834 |          0 |          0 |          0
    t4        477315 |          0 |          0 |          0
    t5        479346 |          0 |          0 |          0
    t6        479331 |          0 |          0 |          0
    t7        477844 |          0 |          0 |          0
    t8        480592 |          0 |          0 |          0
    t9        479431 |          0 |          0 |          0
    t10       477253 |          0 |          0 |          0
    t11       481211 |          0 |          0 |          0
    t12       479846 |          0 |          0 |          0
    t13       479485 |          0 |          0 |          0
    t14       477333 |          0 |          0 |          0
    t15       478397 |          0 |          0 |          0
    t16       478849 |          0 |          0 |          0
    t17       479831 |          0 |          0 |          0
    t18       479021 |          0 |          0 |          0
    t19       478804 |          0 |          0 |          0
    t20       478160 |          0 |          0 |          0
    t21       478996 |          0 |          0 |          0
    t22       477042 |          0 |          0 |          0
    t23       477681 |          0 |          0 |          0
    t24       479867 |          0 |          0 |          0
    t25       478980 |          0 |          0 |          0
    t26       478722 |          0 |          0 |          0
    t27       478911 |          0 |          0 |          0
    t28       478363 |          0 |          0 |          0
    t29       479241 |          0 |          0 |          0
    t30       479103 |          0 |          0 |          0
    t31       479224 |          0 |          0 |          0
    t32       478931 |          0 |          0 |          0
    t33       479375 |          0 |          0 |          0
    t34       480777 |          0 |          0 |          0
    t35       480697 |          0 |          0 |          0

----- PATH-AWARE CACHE MISS RATE [node 0] -----
  node accesses (hit+miss) = 625917690
  node cache hits          = 608676168 (97.25%)
  MISS RATE                = 2.7546%  (17241522 / 625917690)
  inner-node miss          = 773304 (4.49% of misses, 0.1235% rate)
  leaf-node  miss          = 16468218 (95.51% of misses, 2.6311% rate)
  total miss               = 17241522
  cache writebacks         = 0
=========================================================================

Round 0 (max_throughput): 2.65464 Mops/s
Round 0 (straggler_throughput): 2.65464 Mops/s
Before barrier finish
Avg. rdma read time(ms) = -nan
Avg. rdma write time(ms) = -nan
Avg. rdma read / op = 0
Avg. rdma write / op = 0
Avg. rdma cas / op = 0
Avg. rdma rpc / op = 0.57796
Avg. all rdma / op = 0.57796
Avg. rdma read size/ op = 19.0727
Avg. rdma write size / op = 0
Avg. rdma RW size / op = 19.0727
------------------------------------------
Node 0 average throughput = 2.48533
Node 0 total throughput = 2.65464
All CN throughput (Max) = 2.65464
All CN throughput (Straggler) = 2.65464
Final throughput = 2.65464
[CORRECTNESS node 0] ops ok 29831099 / 29831669 = 99.9981%; scans 0, rows 0 (0.00 per scan)
------------------------------------------
