Compute node count = 1
kNodeCount 2, kReadRatio 100, kInsertRatio 0, kUpdateRatio 0, kDeleteRatio 0, kRangeRatio 0, totalThreadCount 36, memThreadCount 4 cache_size 8, uniform_workload 1, zipfian 0.990000, bulk_load_num 50000000, warmup_num 10000000, op_num 30000000, check_correctness 0, time_based 0, early_stop 1, index 0, rpc_rate 1.000000, admission_rate 0.100000, auto_tune 0
kMaxThread = 36
KeySpace = 50001000
[GEOMETRY] inner_page=160 leaf_page=512 inner_entries=5 leaf_entries=26 slot=512 placement=mn_only
[4mshared memory size: 64GB, 0x7fef77200000[0m
[4mcache size: 2GB[0m
[4mMachine NR: 2[0m
[4mMax_APP_THREAD: 80[0m
[4mNR_DIRECTORY: 16[0m
[4mStart Build the DSMKeeper[0m
I am servers 0 [255.127.0.0]
I connect server 1
[4mdir 0 launch! (core 79 of 80)
[0m
[4mdir 1 launch! (core 79 of 80)
[0m
[4mdir 3 launch! (core 79 of 80)
[0m
CNode 0, left bound = 0, right bound = 18446744073709551615
Pushdown (RPC) Rate: 1
Admission Rate: 0.1
Cache size(MB) = 8
-----Cache initial addr = 0x7fef5e600000
page num = 16384
alloc_unit = 512
entry_num: 16384
bucket_num: 5462
[DEX_SAFE_PT] page table keeps overflow buckets linked: ON
Bucket size = 64
entry_num: 1638
bucket_num: 273
[DEX-R] push reads from the deepest cached node: off (DEX_PUSH_READS_DEEPEST; writes keep DEX's megaLevel rule)
start generating tree
num_partitions = 1
Success: tree root pointer value [1, 67108864]
finish generating tree
[4mdir 2 launch! (core 79 of 80)
[0m
Bulkload num in node 0 = 50000000
First key of bulkloading = 7325973
Last key of bulkloading = 26738230
node warmup num = 9999972
kReadRatio =100
insertmark =100
updatemark =100
deletemark =100
rangemark =100
[CPU compute ] process=  2.50% of 80 cores   system=  2.51%   (window 2s)

----- REMOTE CPU LOAD (memory node dir-threads, 2s window) -----
  dir 0: active=  0.00%  msgs=0           0 ns/msg
  dir 1: active=  0.00%  msgs=0           0 ns/msg
  dir 2: active=  0.00%  msgs=0           0 ns/msg
  dir 3: active=  0.00%  msgs=0           0 ns/msg
  AGGREGATE active = 0.00% (of 4 dir-threads; 0.00% per-thread avg)  msgs=0
Finish warmup workload generation
[CPU compute ] process=  2.50% of 80 cores   system=  2.52%   (window 2s)

----- REMOTE CPU LOAD (memory node dir-threads, 2s window) -----
  dir 0: active=  0.00%  msgs=0           0 ns/msg
  dir 1: active=  0.00%  msgs=0           0 ns/msg
  dir 2: active=  0.00%  msgs=0           0 ns/msg
  dir 3: active=  0.00%  msgs=0           0 ns/msg
  AGGREGATE active = 0.00% (of 4 dir-threads; 0.00% per-thread avg)  msgs=0
[CPU compute ] process=  2.51% of 80 cores   system=  2.51%   (window 2s)

----- REMOTE CPU LOAD (memory node dir-threads, 2s window) -----
  dir 0: active=  0.00%  msgs=0           0 ns/msg
  dir 1: active=  0.00%  msgs=0           0 ns/msg
  dir 2: active=  0.00%  msgs=0           0 ns/msg
  dir 3: active=  0.00%  msgs=0           0 ns/msg
  AGGREGATE active = 0.00% (of 4 dir-threads; 0.00% per-thread avg)  msgs=0
[CPU compute ] process=  2.49% of 80 cores   system=  2.52%   (window 2s)

----- REMOTE CPU LOAD (memory node dir-threads, 2s window) -----
  dir 0: active=  0.00%  msgs=0           0 ns/msg
  dir 1: active=  0.00%  msgs=0           0 ns/msg
  dir 2: active=  0.00%  msgs=0           0 ns/msg
  dir 3: active=  0.00%  msgs=0           0 ns/msg
  AGGREGATE active = 0.00% (of 4 dir-threads; 0.00% per-thread avg)  msgs=0
[CPU compute ] process=  2.50% of 80 cores   system=  4.45%   (window 2s)

----- REMOTE CPU LOAD (memory node dir-threads, 2s window) -----
  dir 0: active=  0.00%  msgs=0           0 ns/msg
  dir 1: active=  0.00%  msgs=0           0 ns/msg
  dir 2: active=  0.00%  msgs=0           0 ns/msg
  dir 3: active=  0.00%  msgs=0           0 ns/msg
  AGGREGATE active = 0.00% (of 4 dir-threads; 0.00% per-thread avg)  msgs=0
[CPU compute ] process=  2.51% of 80 cores   system=  2.52%   (window 2s)

----- REMOTE CPU LOAD (memory node dir-threads, 2s window) -----
  dir 0: active=  0.00%  msgs=0           0 ns/msg
  dir 1: active=  0.00%  msgs=0           0 ns/msg
  dir 2: active=  0.00%  msgs=0           0 ns/msg
  dir 3: active=  0.00%  msgs=0           0 ns/msg
  AGGREGATE active = 0.00% (of 4 dir-threads; 0.00% per-thread avg)  msgs=0
[CPU compute ] process=  2.50% of 80 cores   system=  2.51%   (window 2s)

----- REMOTE CPU LOAD (memory node dir-threads, 2s window) -----
  dir 0: active=  0.00%  msgs=0           0 ns/msg
  dir 1: active=  0.00%  msgs=0           0 ns/msg
  dir 2: active=  0.00%  msgs=0           0 ns/msg
  dir 3: active=  0.00%  msgs=0           0 ns/msg
  AGGREGATE active = 0.00% (of 4 dir-threads; 0.00% per-thread avg)  msgs=0
node op_num = 29999988
Finish all workload generation
[CPU compute ] process=  2.50% of 80 cores   system=  2.52%   (window 2s)

----- REMOTE CPU LOAD (memory node dir-threads, 2s window) -----
  dir 0: active=  0.00%  msgs=0           0 ns/msg
  dir 1: active=  0.00%  msgs=0           0 ns/msg
  dir 2: active=  0.00%  msgs=0           0 ns/msg
  dir 3: active=  0.00%  msgs=0           0 ns/msg
  AGGREGATE active = 0.00% (of 4 dir-threads; 0.00% per-thread avg)  msgs=0
[CPU compute ] process=  2.50% of 80 cores   system=  2.51%   (window 2s)

----- REMOTE CPU LOAD (memory node dir-threads, 2s window) -----
  dir 0: active=  0.00%  msgs=0           0 ns/msg
  dir 1: active=  0.00%  msgs=0           0 ns/msg
  dir 2: active=  0.00%  msgs=0           0 ns/msg
  dir 3: active=  0.00%  msgs=0           0 ns/msg
  AGGREGATE active = 0.00% (of 4 dir-threads; 0.00% per-thread avg)  msgs=0
Fetched new height = 1
Success: tree root pointer value [1, 67109888]
Height = 2
Success: tree root pointer value [1, 67112448]
Height = 3
Success: tree root pointer value [1, 67118080]
Height = 4
[CPU compute ] process=  2.50% of 80 cores   system=  4.48%   (window 2s)

----- REMOTE CPU LOAD (memory node dir-threads, 2s window) -----
  dir 0: active=  0.00%  msgs=0           0 ns/msg
  dir 1: active=  0.00%  msgs=0           0 ns/msg
  dir 2: active=  0.00%  msgs=0           0 ns/msg
  dir 3: active=  0.00%  msgs=0           0 ns/msg
  AGGREGATE active = 0.00% (of 4 dir-threads; 0.00% per-thread avg)  msgs=0
Success: tree root pointer value [1, 67129856]
Height = 5
Success: tree root pointer value [1, 67153920]
Height = 6
[CPU compute ] process=  2.50% of 80 cores   system=  2.51%   (window 2s)
Success: tree root pointer value [1, 67202560]
Height = 7
Success: tree root pointer value [1, 67300352]
Height = 8

----- REMOTE CPU LOAD (memory node dir-threads, 2s window) -----
  dir 0: active=  0.00%  msgs=0           0 ns/msg
  dir 1: active=  0.00%  msgs=0           0 ns/msg
  dir 2: active=  0.00%  msgs=0           0 ns/msg
  dir 3: active=  0.00%  msgs=0           0 ns/msg
  AGGREGATE active = 0.00% (of 4 dir-threads; 0.00% per-thread avg)  msgs=0
Success: tree root pointer value [1, 67496448]
Height = 9
Success: tree root pointer value [1, 67889152]
Height = 10
Success: tree root pointer value [1, 68675072]
Height = 11
Success: tree root pointer value [1, 70247424]
Height = 12
Success: tree root pointer value [1, 73392640]
Height = 13
entering dynamic phase
Success: tree root pointer value [1, 79683584]
Height = 14
Success: tree root pointer value [1, 92265984]
Height = 15
Success: tree root pointer value [1, 17263746560]
Height = 16
Success: tree root pointer value [1, 34460392960]
Height = 17
[CPU compute ] process=  2.50% of 80 cores   system=  2.52%   (window 2s)

----- REMOTE CPU LOAD (memory node dir-threads, 2s window) -----
  dir 0: active=  0.00%  msgs=0           0 ns/msg
  dir 1: active=  0.00%  msgs=0           0 ns/msg
  dir 2: active=  0.00%  msgs=0           0 ns/msg
  dir 3: active=  0.00%  msgs=0           0 ns/msg
  AGGREGATE active = 0.00% (of 4 dir-threads; 0.00% per-thread avg)  msgs=0
Success: tree root pointer value [1, 17314079232]
Height = 18
[CPU compute ] process=  2.50% of 80 cores   system=  2.51%   (window 2s)

----- REMOTE CPU LOAD (memory node dir-threads, 2s window) -----
  dir 0: active=  0.00%  msgs=0           0 ns/msg
  dir 1: active=  0.00%  msgs=0           0 ns/msg
  dir 2: active=  0.00%  msgs=0           0 ns/msg
  dir 3: active=  0.00%  msgs=0           0 ns/msg
  AGGREGATE active = 0.00% (of 4 dir-threads; 0.00% per-thread avg)  msgs=0
Success: tree root pointer value [1, 51707374592]
Height = 19
[CPU compute ] process=  2.50% of 80 cores   system=  2.51%   (window 2s)

----- REMOTE CPU LOAD (memory node dir-threads, 2s window) -----
  dir 0: active=  0.00%  msgs=0           0 ns/msg
  dir 1: active=  0.00%  msgs=0           0 ns/msg
  dir 2: active=  0.00%  msgs=0           0 ns/msg
  dir 3: active=  0.00%  msgs=0           0 ns/msg
  AGGREGATE active = 0.00% (of 4 dir-threads; 0.00% per-thread avg)  msgs=0
[CPU compute ] process=  2.50% of 80 cores   system=  4.46%   (window 2s)

----- REMOTE CPU LOAD (memory node dir-threads, 2s window) -----
  dir 0: active=  0.00%  msgs=0           0 ns/msg
  dir 1: active=  0.00%  msgs=0           0 ns/msg
  dir 2: active=  0.00%  msgs=0           0 ns/msg
  dir 3: active=  0.00%  msgs=0           0 ns/msg
  AGGREGATE active = 0.00% (of 4 dir-threads; 0.00% per-thread avg)  msgs=0

----- REMOTE CPU LOAD (memory node dir-threads, 2s window) -----
  dir 0: active=  0.00%  msgs=0           0 ns/msg
  dir 1: active=  0.00%  msgs=0           0 ns/msg
  dir 2: active=  0.00%  msgs=0           0 ns/msg
  dir 3: active=  0.00%  msgs=0           0 ns/msg
  AGGREGATE active = 0.00% (of 4 dir-threads; 0.00% per-thread avg)  msgs=0
[CPU compute ] process=  2.50% of 80 cores   system=  2.52%   (window 2s)
Success: tree root pointer value [1, 268436480]
Height = 20

----- REMOTE CPU LOAD (memory node dir-threads, 2s window) -----
  dir 0: active=  0.00%  msgs=0           0 ns/msg
  dir 1: active=  0.00%  msgs=0           0 ns/msg
  dir 2: active=  0.00%  msgs=0           0 ns/msg
  dir 3: active=  0.00%  msgs=0           0 ns/msg
  AGGREGATE active = 0.00% (of 4 dir-threads; 0.00% per-thread avg)  msgs=0
[CPU compute ] process=  2.50% of 80 cores   system=  2.52%   (window 2s)
[CPU compute ] process=  2.50% of 80 cores   system=  2.51%   (window 2s)

----- REMOTE CPU LOAD (memory node dir-threads, 2s window) -----
  dir 0: active=  0.00%  msgs=0           0 ns/msg
  dir 1: active=  0.00%  msgs=0           0 ns/msg
  dir 2: active=  0.00%  msgs=0           0 ns/msg
  dir 3: active=  0.00%  msgs=0           0 ns/msg
  AGGREGATE active = 0.00% (of 4 dir-threads; 0.00% per-thread avg)  msgs=0
[CPU compute ] process=  2.50% of 80 cores   system=  2.51%   (window 2s)

----- REMOTE CPU LOAD (memory node dir-threads, 2s window) -----
  dir 0: active=  0.00%  msgs=0           0 ns/msg
  dir 1: active=  0.00%  msgs=0           0 ns/msg
  dir 2: active=  0.00%  msgs=0           0 ns/msg
  dir 3: active=  0.00%  msgs=0           0 ns/msg
  AGGREGATE active = 0.00% (of 4 dir-threads; 0.00% per-thread avg)  msgs=0
[CPU compute ] process=  2.50% of 80 cores   system=  4.45%   (window 2s)

----- REMOTE CPU LOAD (memory node dir-threads, 2s window) -----
  dir 0: active=  0.00%  msgs=0           0 ns/msg
  dir 1: active=  0.00%  msgs=0           0 ns/msg
  dir 2: active=  0.00%  msgs=0           0 ns/msg
  dir 3: active=  0.00%  msgs=0           0 ns/msg
  AGGREGATE active = 0.00% (of 4 dir-threads; 0.00% per-thread avg)  msgs=0
[CPU compute ] process=  2.50% of 80 cores   system=  2.51%   (window 2s)

----- REMOTE CPU LOAD (memory node dir-threads, 2s window) -----
  dir 0: active=  0.00%  msgs=0           0 ns/msg
  dir 1: active=  0.00%  msgs=0           0 ns/msg
  dir 2: active=  0.00%  msgs=0           0 ns/msg
  dir 3: active=  0.00%  msgs=0           0 ns/msg
  AGGREGATE active = 0.00% (of 4 dir-threads; 0.00% per-thread avg)  msgs=0
Success: tree root pointer value [1, 469774848]
Height = 21
[CPU compute ] process=  2.50% of 80 cores   system=  2.51%   (window 2s)

----- REMOTE CPU LOAD (memory node dir-threads, 2s window) -----
  dir 0: active=  0.00%  msgs=0           0 ns/msg
  dir 1: active=  0.00%  msgs=0           0 ns/msg
  dir 2: active=  0.00%  msgs=0           0 ns/msg
  dir 3: active=  0.00%  msgs=0           0 ns/msg
  AGGREGATE active = 0.00% (of 4 dir-threads; 0.00% per-thread avg)  msgs=0
[CPU compute ] process=  2.50% of 80 cores   system=  2.51%   (window 2s)

----- REMOTE CPU LOAD (memory node dir-threads, 2s window) -----
  dir 0: active=  0.00%  msgs=0           0 ns/msg
  dir 1: active=  0.00%  msgs=0           0 ns/msg
  dir 2: active=  0.00%  msgs=0           0 ns/msg
  dir 3: active=  0.00%  msgs=0           0 ns/msg
  AGGREGATE active = 0.00% (of 4 dir-threads; 0.00% per-thread avg)  msgs=0
[CPU compute ] process=  2.50% of 80 cores   system=  2.53%   (window 2s)

----- REMOTE CPU LOAD (memory node dir-threads, 2s window) -----
  dir 0: active=  0.00%  msgs=0           0 ns/msg
  dir 1: active=  0.00%  msgs=0           0 ns/msg
  dir 2: active=  0.00%  msgs=0           0 ns/msg
  dir 3: active=  0.00%  msgs=0           0 ns/msg
  AGGREGATE active = 0.00% (of 4 dir-threads; 0.00% per-thread avg)  msgs=0
[CPU compute ] process=  2.50% of 80 cores   system=  4.42%   (window 2s)

----- REMOTE CPU LOAD (memory node dir-threads, 2s window) -----
  dir 0: active=  0.00%  msgs=0           0 ns/msg
  dir 1: active=  0.00%  msgs=0           0 ns/msg
  dir 2: active=  0.00%  msgs=0           0 ns/msg
  dir 3: active=  0.00%  msgs=0           0 ns/msg
  AGGREGATE active = 0.00% (of 4 dir-threads; 0.00% per-thread avg)  msgs=0
[CPU compute ] process=  2.50% of 80 cores   system=  2.52%   (window 2s)

----- REMOTE CPU LOAD (memory node dir-threads, 2s window) -----
  dir 0: active=  0.00%  msgs=0           0 ns/msg
  dir 1: active=  0.00%  msgs=0           0 ns/msg
  dir 2: active=  0.00%  msgs=0           0 ns/msg
  dir 3: active=  0.00%  msgs=0           0 ns/msg
  AGGREGATE active = 0.00% (of 4 dir-threads; 0.00% per-thread avg)  msgs=0

----- REMOTE CPU LOAD (memory node dir-threads, 2s window) -----
  dir 0: active=  0.00%  msgs=0           0 ns/msg
  dir 1: active=  0.00%  msgs=0           0 ns/msg
  dir 2: active=  0.00%  msgs=0           0 ns/msg
  dir 3: active=  0.00%  msgs=0           0 ns/msg
  AGGREGATE active = 0.00% (of 4 dir-threads; 0.00% per-thread avg)  msgs=0
[CPU compute ] process=  2.50% of 80 cores   system=  2.50%   (window 2s)

----- REMOTE CPU LOAD (memory node dir-threads, 2s window) -----
  dir 0: active=  0.00%  msgs=0           0 ns/msg
  dir 1: active=  0.00%  msgs=0           0 ns/msg
  dir 2: active=  0.00%  msgs=0           0 ns/msg
  dir 3: active=  0.00%  msgs=0           0 ns/msg
  AGGREGATE active = 0.00% (of 4 dir-threads; 0.00% per-thread avg)  msgs=0
[CPU compute ] process=  2.50% of 80 cores   system=  2.51%   (window 2s)

----- REMOTE CPU LOAD (memory node dir-threads, 2s window) -----
  dir 0: active=  0.00%  msgs=0           0 ns/msg
  dir 1: active=  0.00%  msgs=0           0 ns/msg
  dir 2: active=  0.00%  msgs=0           0 ns/msg
  dir 3: active=  0.00%  msgs=0           0 ns/msg
  AGGREGATE active = 0.00% (of 4 dir-threads; 0.00% per-thread avg)  msgs=0
[CPU compute ] process=  2.50% of 80 cores   system=  2.53%   (window 2s)

----- REMOTE CPU LOAD (memory node dir-threads, 2s window) -----
  dir 0: active=  0.00%  msgs=0           0 ns/msg
  dir 1: active=  0.00%  msgs=0           0 ns/msg
  dir 2: active=  0.00%  msgs=0           0 ns/msg
  dir 3: active=  0.00%  msgs=0           0 ns/msg
  AGGREGATE active = 0.00% (of 4 dir-threads; 0.00% per-thread avg)  msgs=0
[CPU compute ] process=  2.50% of 80 cores   system=  3.55%   (window 2s)

----- REMOTE CPU LOAD (memory node dir-threads, 2s window) -----
  dir 0: active=  0.00%  msgs=0           0 ns/msg
  dir 1: active=  0.00%  msgs=0           0 ns/msg
  dir 2: active=  0.00%  msgs=0           0 ns/msg
  dir 3: active=  0.00%  msgs=0           0 ns/msg
  AGGREGATE active = 0.00% (of 4 dir-threads; 0.00% per-thread avg)  msgs=0
[CPU compute ] process=  2.50% of 80 cores   system=  3.45%   (window 2s)
[CPU compute ] process=  2.50% of 80 cores   system=  2.51%   (window 2s)

----- REMOTE CPU LOAD (memory node dir-threads, 2s window) -----
  dir 0: active=  0.00%  msgs=0           0 ns/msg
  dir 1: active=  0.00%  msgs=0           0 ns/msg
  dir 2: active=  0.00%  msgs=0           0 ns/msg
  dir 3: active=  0.00%  msgs=0           0 ns/msg
  AGGREGATE active = 0.00% (of 4 dir-threads; 0.00% per-thread avg)  msgs=0
Success: tree root pointer value [1, 872452096]
Height = 22
[CPU compute ] process=  2.50% of 80 cores   system=  2.51%   (window 2s)

----- REMOTE CPU LOAD (memory node dir-threads, 2s window) -----
  dir 0: active=  0.00%  msgs=0           0 ns/msg
  dir 1: active=  0.00%  msgs=0           0 ns/msg
  dir 2: active=  0.00%  msgs=0           0 ns/msg
  dir 3: active=  0.00%  msgs=0           0 ns/msg
  AGGREGATE active = 0.00% (of 4 dir-threads; 0.00% per-thread avg)  msgs=0
[CPU compute ] process=  2.50% of 80 cores   system=  2.51%   (window 2s)

----- REMOTE CPU LOAD (memory node dir-threads, 2s window) -----
  dir 0: active=  0.00%  msgs=0           0 ns/msg
  dir 1: active=  0.00%  msgs=0           0 ns/msg
  dir 2: active=  0.00%  msgs=0           0 ns/msg
  dir 3: active=  0.00%  msgs=0           0 ns/msg
  AGGREGATE active = 0.00% (of 4 dir-threads; 0.00% per-thread avg)  msgs=0
[CPU compute ] process=  2.50% of 80 cores   system=  2.52%   (window 2s)

----- REMOTE CPU LOAD (memory node dir-threads, 2s window) -----
  dir 0: active=  0.00%  msgs=0           0 ns/msg
  dir 1: active=  0.00%  msgs=0           0 ns/msg
  dir 2: active=  0.00%  msgs=0           0 ns/msg
  dir 3: active=  0.00%  msgs=0           0 ns/msg
  AGGREGATE active = 0.00% (of 4 dir-threads; 0.00% per-thread avg)  msgs=0
[CPU compute ] process=  2.50% of 80 cores   system=  4.44%   (window 2s)

----- REMOTE CPU LOAD (memory node dir-threads, 2s window) -----
  dir 0: active=  0.00%  msgs=0           0 ns/msg
  dir 1: active=  0.00%  msgs=0           0 ns/msg
  dir 2: active=  0.00%  msgs=0           0 ns/msg
  dir 3: active=  0.00%  msgs=0           0 ns/msg
  AGGREGATE active = 0.00% (of 4 dir-threads; 0.00% per-thread avg)  msgs=0
[CPU compute ] process=  2.50% of 80 cores   system=  2.52%   (window 2s)

----- REMOTE CPU LOAD (memory node dir-threads, 2s window) -----
  dir 0: active=  0.00%  msgs=0           0 ns/msg
  dir 1: active=  0.00%  msgs=0           0 ns/msg
  dir 2: active=  0.00%  msgs=0           0 ns/msg
  dir 3: active=  0.00%  msgs=0           0 ns/msg
  AGGREGATE active = 0.00% (of 4 dir-threads; 0.00% per-thread avg)  msgs=0
#leaf nodes = 3846153
leaf size(MB) = 1878
#inner nodes = 3846104
inner size(MB) = 1877.98
Tree height = 22
Cache capacity = 16384
max. leaf entries = 26
max. inner entries = 5
Inner page size = 160
Leaf page size = 512
node 0 finish its bulkload
IMPORTANT: my root is 57177020563457
0 is ready for the benchmark
I am 0
Fetched new height = 22
I am 13
I am 1
I am 8
I am 35
I am 3
I am 19
I am 2
I am 17
I am 12
I am 23
I am 18
I am 31
I am 33
I am 26
I am 34
I am 14
I am 5
I am 16
I am 9
I am 27
I am 10
I am 30
I am 25
I am 28
I am 6
I am 32
I am 7
I am 22
I am 11
I am 21
I am 29
I am 15
I am 24
I am 20
I am 4
entering dynamic phase
[CPU compute ] process= 32.00% of 80 cores   system= 32.05%   (window 2s)

----- REMOTE CPU LOAD (memory node dir-threads, 2s window) -----
  dir 0: active=  0.00%  msgs=0           0 ns/msg
  dir 1: active=  0.00%  msgs=0           0 ns/msg
  dir 2: active=  0.00%  msgs=0           0 ns/msg
  dir 3: active=  0.00%  msgs=0           0 ns/msg
  AGGREGATE active = 0.00% (of 4 dir-threads; 0.00% per-thread avg)  msgs=0
[CPU compute ] process= 46.26% of 80 cores   system= 46.28%   (window 2s)

----- REMOTE CPU LOAD (memory node dir-threads, 2s window) -----
  dir 0: active=  0.00%  msgs=0           0 ns/msg
  dir 1: active=  0.00%  msgs=0           0 ns/msg
  dir 2: active=  0.00%  msgs=0           0 ns/msg
  dir 3: active=  0.00%  msgs=0           0 ns/msg
  AGGREGATE active = 0.00% (of 4 dir-threads; 0.00% per-thread avg)  msgs=0
[CPU compute ] process= 46.25% of 80 cores   system= 46.26%   (window 2s)

----- REMOTE CPU LOAD (memory node dir-threads, 2s window) -----
  dir 0: active=  0.00%  msgs=0           0 ns/msg
  dir 1: active=  0.00%  msgs=0           0 ns/msg
  dir 2: active=  0.00%  msgs=0           0 ns/msg
  dir 3: active=  0.00%  msgs=0           0 ns/msg
  AGGREGATE active = 0.00% (of 4 dir-threads; 0.00% per-thread avg)  msgs=0
[CPU compute ] process= 46.24% of 80 cores   system= 47.26%   (window 2s)

----- REMOTE CPU LOAD (memory node dir-threads, 2s window) -----
  dir 0: active=  0.00%  msgs=0           0 ns/msg
  dir 1: active=  0.00%  msgs=0           0 ns/msg
  dir 2: active=  0.00%  msgs=0           0 ns/msg
  dir 3: active=  0.00%  msgs=0           0 ns/msg
  AGGREGATE active = 0.00% (of 4 dir-threads; 0.00% per-thread avg)  msgs=0
[CPU compute ] process= 46.24% of 80 cores   system= 46.27%   (window 2s)

----- REMOTE CPU LOAD (memory node dir-threads, 2s window) -----
  dir 0: active=  0.00%  msgs=0           0 ns/msg
  dir 1: active=  0.00%  msgs=0           0 ns/msg
  dir 2: active=  0.00%  msgs=0           0 ns/msg
  dir 3: active=  0.00%  msgs=0           0 ns/msg
  AGGREGATE active = 0.00% (of 4 dir-threads; 0.00% per-thread avg)  msgs=0
Thread_op_num = 833333
node 0 finish warmup
[CPU compute ] process= 46.26% of 80 cores   system= 46.29%   (window 2s)

----- REMOTE CPU LOAD (memory node dir-threads, 2s window) -----
  dir 0: active=  0.00%  msgs=0           0 ns/msg
  dir 1: active=  0.00%  msgs=0           0 ns/msg
  dir 2: active=  0.00%  msgs=0           0 ns/msg
  dir 3: active=  0.00%  msgs=0           0 ns/msg
  AGGREGATE active = 0.00% (of 4 dir-threads; 0.00% per-thread avg)  msgs=0
Start collecting the statistic
[CPU compute ] process= 46.25% of 80 cores   system= 46.27%   (window 2s)

----- REMOTE CPU LOAD (memory node dir-threads, 2s window) -----
  dir 0: active=  0.00%  msgs=0           0 ns/msg
  dir 1: active=  0.00%  msgs=0           0 ns/msg
  dir 2: active=  0.00%  msgs=0           0 ns/msg
  dir 3: active=  0.00%  msgs=0           0 ns/msg
  AGGREGATE active = 0.00% (of 4 dir-threads; 0.00% per-thread avg)  msgs=0
0, throughput 1.1583
cluster throughput 1.158
[CPU compute ] process= 46.24% of 80 cores   system= 46.27%   (window 2s)

----- REMOTE CPU LOAD (memory node dir-threads, 2s window) -----
  dir 0: active=  0.00%  msgs=0           0 ns/msg
  dir 1: active=  0.00%  msgs=0           0 ns/msg
  dir 2: active=  0.00%  msgs=0           0 ns/msg
  dir 3: active=  0.00%  msgs=0           0 ns/msg
  AGGREGATE active = 0.00% (of 4 dir-threads; 0.00% per-thread avg)  msgs=0
0, throughput 1.1852
cluster throughput 1.185
[CPU compute ] process= 46.26% of 80 cores   system= 47.49%   (window 2s)

----- REMOTE CPU LOAD (memory node dir-threads, 2s window) -----
  dir 0: active=  0.00%  msgs=0           0 ns/msg
  dir 1: active=  0.00%  msgs=0           0 ns/msg
  dir 2: active=  0.00%  msgs=0           0 ns/msg
  dir 3: active=  0.00%  msgs=0           0 ns/msg
  AGGREGATE active = 0.00% (of 4 dir-threads; 0.00% per-thread avg)  msgs=0
0, throughput 1.1824
cluster throughput 1.182
[CPU compute ] process= 46.24% of 80 cores   system= 46.27%   (window 2s)

----- REMOTE CPU LOAD (memory node dir-threads, 2s window) -----
  dir 0: active=  0.00%  msgs=0           0 ns/msg
  dir 1: active=  0.00%  msgs=0           0 ns/msg
  dir 2: active=  0.00%  msgs=0           0 ns/msg
  dir 3: active=  0.00%  msgs=0           0 ns/msg
  AGGREGATE active = 0.00% (of 4 dir-threads; 0.00% per-thread avg)  msgs=0
0, throughput 1.1861
cluster throughput 1.186
[CPU compute ] process= 46.25% of 80 cores   system= 46.27%   (window 2s)

----- REMOTE CPU LOAD (memory node dir-threads, 2s window) -----
  dir 0: active=  0.00%  msgs=0           0 ns/msg
  dir 1: active=  0.00%  msgs=0           0 ns/msg
  dir 2: active=  0.00%  msgs=0           0 ns/msg
  dir 3: active=  0.00%  msgs=0           0 ns/msg
  AGGREGATE active = 0.00% (of 4 dir-threads; 0.00% per-thread avg)  msgs=0
0, throughput 1.1851
cluster throughput 1.185
[CPU compute ] process= 46.24% of 80 cores   system= 46.27%   (window 2s)

----- REMOTE CPU LOAD (memory node dir-threads, 2s window) -----
  dir 0: active=  0.00%  msgs=0           0 ns/msg
  dir 1: active=  0.00%  msgs=0           0 ns/msg
  dir 2: active=  0.00%  msgs=0           0 ns/msg
  dir 3: active=  0.00%  msgs=0           0 ns/msg
  AGGREGATE active = 0.00% (of 4 dir-threads; 0.00% per-thread avg)  msgs=0
0, throughput 1.1854
cluster throughput 1.185
[CPU compute ] process= 46.25% of 80 cores   system= 46.28%   (window 2s)

----- REMOTE CPU LOAD (memory node dir-threads, 2s window) -----
  dir 0: active=  0.00%  msgs=0           0 ns/msg
  dir 1: active=  0.00%  msgs=0           0 ns/msg
  dir 2: active=  0.00%  msgs=0           0 ns/msg
  dir 3: active=  0.00%  msgs=0           0 ns/msg
  AGGREGATE active = 0.00% (of 4 dir-threads; 0.00% per-thread avg)  msgs=0
0, throughput 1.1845
cluster throughput 1.184
[CPU compute ] process= 46.26% of 80 cores   system= 47.26%   (window 2s)

----- REMOTE CPU LOAD (memory node dir-threads, 2s window) -----
  dir 0: active=  0.00%  msgs=0           0 ns/msg
  dir 1: active=  0.00%  msgs=0           0 ns/msg
  dir 2: active=  0.00%  msgs=0           0 ns/msg
  dir 3: active=  0.00%  msgs=0           0 ns/msg
  AGGREGATE active = 0.00% (of 4 dir-threads; 0.00% per-thread avg)  msgs=0
0, throughput 1.1813
cluster throughput 1.181
[CPU compute ] process= 46.24% of 80 cores   system= 46.27%   (window 2s)

----- REMOTE CPU LOAD (memory node dir-threads, 2s window) -----
  dir 0: active=  0.00%  msgs=0           0 ns/msg
  dir 1: active=  0.00%  msgs=0           0 ns/msg
  dir 2: active=  0.00%  msgs=0           0 ns/msg
  dir 3: active=  0.00%  msgs=0           0 ns/msg
  AGGREGATE active = 0.00% (of 4 dir-threads; 0.00% per-thread avg)  msgs=0
0, throughput 1.1842
cluster throughput 1.184
[CPU compute ] process= 46.24% of 80 cores   system= 46.27%   (window 2s)

----- REMOTE CPU LOAD (memory node dir-threads, 2s window) -----
  dir 0: active=  0.00%  msgs=0           0 ns/msg
  dir 1: active=  0.00%  msgs=0           0 ns/msg
  dir 2: active=  0.00%  msgs=0           0 ns/msg
  dir 3: active=  0.00%  msgs=0           0 ns/msg
  AGGREGATE active = 0.00% (of 4 dir-threads; 0.00% per-thread avg)  msgs=0
0, throughput 1.1839
cluster throughput 1.183
[CPU compute ] process= 46.24% of 80 cores   system= 46.27%   (window 2s)

----- REMOTE CPU LOAD (memory node dir-threads, 2s window) -----
  dir 0: active=  0.00%  msgs=0           0 ns/msg
  dir 1: active=  0.00%  msgs=0           0 ns/msg
  dir 2: active=  0.00%  msgs=0           0 ns/msg
  dir 3: active=  0.00%  msgs=0           0 ns/msg
  AGGREGATE active = 0.00% (of 4 dir-threads; 0.00% per-thread avg)  msgs=0
0, throughput 1.1842
cluster throughput 1.184
[CPU compute ] process= 46.26% of 80 cores   system= 46.28%   (window 2s)

----- REMOTE CPU LOAD (memory node dir-threads, 2s window) -----
  dir 0: active=  0.00%  msgs=0           0 ns/msg
  dir 1: active=  0.00%  msgs=0           0 ns/msg
  dir 2: active=  0.00%  msgs=0           0 ns/msg
  dir 3: active=  0.00%  msgs=0           0 ns/msg
  AGGREGATE active = 0.00% (of 4 dir-threads; 0.00% per-thread avg)  msgs=0
0, throughput 1.1847
cluster throughput 1.184
[CPU compute ] process= 24.24% of 80 cores   system= 26.37%   (window 2s)

----- REMOTE CPU LOAD (memory node dir-threads, 2s window) -----
  dir 0: active=  0.00%  msgs=0           0 ns/msg
  dir 1: active=  0.00%  msgs=0           0 ns/msg
  dir 2: active=  0.00%  msgs=0           0 ns/msg
  dir 3: active=  0.00%  msgs=0           0 ns/msg
  AGGREGATE active = 0.00% (of 4 dir-threads; 0.00% per-thread avg)  msgs=0
0, throughput 0.2236
cluster throughput 0.223
[CPU compute ] process=  1.25% of 80 cores   system=  1.28%   (window 2s)

----- REMOTE CPU LOAD (memory node dir-threads, 2s window) -----
  dir 0: active=  0.00%  msgs=0           0 ns/msg
  dir 1: active=  0.00%  msgs=0           0 ns/msg
  dir 2: active=  0.00%  msgs=0           0 ns/msg
  dir 3: active=  0.00%  msgs=0           0 ns/msg
  AGGREGATE active = 0.00% (of 4 dir-threads; 0.00% per-thread avg)  msgs=0
0, throughput 0.0000
cluster throughput 0.000
The time duration = 28 seconds
[CPU compute ] process=  1.26% of 80 cores   system=  1.28%   (window 2s)

----- REMOTE CPU LOAD (memory node dir-threads, 2s window) -----
  dir 0: active=  0.00%  msgs=0           0 ns/msg
  dir 1: active=  0.00%  msgs=0           0 ns/msg
  dir 2: active=  0.00%  msgs=0           0 ns/msg
  dir 3: active=  0.00%  msgs=0           0 ns/msg
  AGGREGATE active = 0.00% (of 4 dir-threads; 0.00% per-thread avg)  msgs=0

==================== LATENCY BUCKETS (500 ns) [node 0] ====================
[LOOKUP]
  ALL                n=28820532   mean=   30.39us  p50=  31.00us  p90=  38.00us  p99=  43.00us  p99.9=  47.00us  max>=342.00us
  LOCAL (cache hit)         (no samples)
  REMOTE (miss/rpc)  n=28820532   mean=   30.39us  p50=  31.00us  p90=  38.00us  p99=  43.00us  p99.9=  47.00us  max>=342.00us
[ALL OPS]
  ALL                n=28820532   mean=   30.39us  p50=  31.00us  p90=  38.00us  p99=  43.00us  p99.9=  47.00us  max>=342.00us
  LOCAL (cache hit)         (no samples)
  REMOTE (miss/rpc)  n=28820532   mean=   30.39us  p50=  31.00us  p90=  38.00us  p99=  43.00us  p99.9=  47.00us  max>=342.00us

----- 500 ns bucket CDF (all ops) [node 0] -----
  bucket [lo,hi) ns             count        pct       cdf
  [     4000,     4500)            7    0.0000%   0.0000%
  [     4500,     5000)          163    0.0006%   0.0006%
  [     5000,     5500)         1350    0.0047%   0.0053%
  [     5500,     6000)         5198    0.0180%   0.0233%
  [     6000,     6500)        10485    0.0364%   0.0597%
  [     6500,     7000)        13674    0.0474%   0.1071%
  [     7000,     7500)        13318    0.0462%   0.1533%
  [     7500,     8000)        10867    0.0377%   0.1911%
  [     8000,     8500)         8427    0.0292%   0.2203%
  [     8500,     9000)         8675    0.0301%   0.2504%
  [     9000,     9500)        12256    0.0425%   0.2929%
  [     9500,    10000)        16026    0.0556%   0.3485%
  [    10000,    10500)        18522    0.0643%   0.4128%
  [    10500,    11000)        20296    0.0704%   0.4832%
  [    11000,    11500)        20833    0.0723%   0.5555%
  [    11500,    12000)        20193    0.0701%   0.6256%
  [    12000,    12500)        18555    0.0644%   0.6899%
  [    12500,    13000)        19070    0.0662%   0.7561%
  [    13000,    13500)        26439    0.0917%   0.8478%
  [    13500,    14000)        41669    0.1446%   0.9924%
  [    14000,    14500)        59507    0.2065%   1.1989%
  [    14500,    15000)        70080    0.2432%   1.4421%
  [    15000,    15500)        72314    0.2509%   1.6930%
  [    15500,    16000)        70829    0.2458%   1.9387%
  [    16000,    16500)        71621    0.2485%   2.1872%
  [    16500,    17000)        81571    0.2830%   2.4703%
  [    17000,    17500)        98235    0.3409%   2.8111%
  [    17500,    18000)       116522    0.4043%   3.2154%
  [    18000,    18500)       132149    0.4585%   3.6739%
  [    18500,    19000)       141378    0.4905%   4.1645%
  [    19000,    19500)       141381    0.4906%   4.6550%
  [    19500,    20000)       140822    0.4886%   5.1437%
  [    20000,    20500)       153671    0.5332%   5.6769%
  [    20500,    21000)       191875    0.6658%   6.3426%
  [    21000,    21500)       252372    0.8757%   7.2183%
  [    21500,    22000)       312583    1.0846%   8.3029%
  [    22000,    22500)       359179    1.2463%   9.5491%
  [    22500,    23000)       387521    1.3446%  10.8937%
  [    23000,    23500)       411849    1.4290%  12.3227%
  [    23500,    24000)       429254    1.4894%  13.8122%
  [    24000,    24500)       465647    1.6157%  15.4278%
  [    24500,    25000)       511808    1.7758%  17.2037%
  [    25000,    25500)       565673    1.9627%  19.1664%
  [    25500,    26000)       615351    2.1351%  21.3015%
  [    26000,    26500)       648276    2.2494%  23.5509%
  [    26500,    27000)       664538    2.3058%  25.8567%
  [    27000,    27500)       677926    2.3522%  28.2089%
  [    27500,    28000)       714225    2.4782%  30.6871%
  [    28000,    28500)       792569    2.7500%  33.4371%
  [    28500,    29000)       896265    3.1098%  36.5469%
  [    29000,    29500)       992535    3.4438%  39.9908%
  [    29500,    30000)      1050186    3.6439%  43.6346%
  [    30000,    30500)      1077265    3.7378%  47.3725%
  [    30500,    31000)      1077601    3.7390%  51.1115%
  [    31000,    31500)      1102607    3.8258%  54.9373%
  [    31500,    32000)      1071709    3.7186%  58.6558%
  [    32000,    32500)      1052241    3.6510%  62.3068%
  [    32500,    33000)      1020086    3.5394%  65.8463%
  [    33000,    33500)       982797    3.4101%  69.2563%
  [    33500,    34000)       933183    3.2379%  72.4942%
  [    34000,    34500)       877759    3.0456%  75.5398%
  [    34500,    35000)       818593    2.8403%  78.3801%
  [    35000,    35500)       761565    2.6424%  81.0226%
  [    35500,    36000)       709230    2.4608%  83.4834%
  [    36000,    36500)       657359    2.2809%  85.7643%
  [    36500,    37000)       606555    2.1046%  87.8689%
  [    37000,    37500)       550932    1.9116%  89.7805%
  [    37500,    38000)       488961    1.6966%  91.4771%
  [    38000,    38500)       425181    1.4753%  92.9523%
  [    38500,    39000)       366051    1.2701%  94.2224%
  [    39000,    39500)       315722    1.0955%  95.3179%
  [    39500,    40000)       265648    0.9217%  96.2397%
  [    40000,    40500)       225396    0.7821%  97.0217%
  [    40500,    41000)       186589    0.6474%  97.6691%
  [    41000,    41500)       152050    0.5276%  98.1967%
  [    41500,    42000)       121917    0.4230%  98.6197%
  [    42000,    42500)        94884    0.3292%  98.9490%
  [    42500,    43000)        73855    0.2563%  99.2052%
  [    43000,    43500)        55932    0.1941%  99.3993%
  [    43500,    44000)        41957    0.1456%  99.5449%
  [    44000,    44500)        31738    0.1101%  99.6550%
  [    44500,    45000)        24412    0.0847%  99.7397%
  [    45000,    45500)        18184    0.0631%  99.8028%
  [    45500,    46000)        13722    0.0476%  99.8504%
  [    46000,    46500)        10430    0.0362%  99.8866%
  [    46500,    47000)         7834    0.0272%  99.9138%
  [    47000,    47500)         5756    0.0200%  99.9337%
  [    47500,    48000)         4124    0.0143%  99.9481%
  [    48000,    48500)         3081    0.0107%  99.9587%
  [    48500,    49000)         2135    0.0074%  99.9661%
  [    49000,    49500)         1677    0.0058%  99.9720%
  [    49500,    50000)         1212    0.0042%  99.9762%
  [    50000,    50500)          927    0.0032%  99.9794%
  [    50500,    51000)          707    0.0025%  99.9818%
  [    51000,    51500)          538    0.0019%  99.9837%
  [    51500,    52000)          457    0.0016%  99.9853%
  [    52000,    52500)          356    0.0012%  99.9865%
  [    52500,    53000)          310    0.0011%  99.9876%
  [    53000,    53500)          269    0.0009%  99.9885%
  [    53500,    54000)          213    0.0007%  99.9893%
  [    54000,    54500)          204    0.0007%  99.9900%
  [    54500,    55000)          211    0.0007%  99.9907%
  [    55000,    55500)          156    0.0005%  99.9913%
  [    55500,    56000)          156    0.0005%  99.9918%
  [    56000,    56500)          119    0.0004%  99.9922%
  [    56500,    57000)          114    0.0004%  99.9926%
  [    57000,    57500)          119    0.0004%  99.9930%
  [    57500,    58000)          103    0.0004%  99.9934%
  [    58000,    58500)          105    0.0004%  99.9937%
  [    58500,    59000)           99    0.0003%  99.9941%
  [    59000,    59500)           82    0.0003%  99.9944%
  [    59500,    60000)           76    0.0003%  99.9946%
  [    60000,    60500)           71    0.0002%  99.9949%
  [    60500,    61000)           58    0.0002%  99.9951%
  [    61000,    61500)           71    0.0002%  99.9953%
  [    61500,    62000)           69    0.0002%  99.9956%
  [    62000,    62500)           61    0.0002%  99.9958%
  [    62500,    63000)           53    0.0002%  99.9960%
  [    63000,    63500)           40    0.0001%  99.9961%
  [    63500,    64000)           38    0.0001%  99.9962%
  [    64000,    64500)           47    0.0002%  99.9964%
  [    64500,    65000)           37    0.0001%  99.9965%
  [    65000,    65500)           47    0.0002%  99.9967%
  [    65500,    66000)           30    0.0001%  99.9968%
  [    66000,    66500)           30    0.0001%  99.9969%
  [    66500,    67000)           31    0.0001%  99.9970%
  [    67000,    67500)           43    0.0001%  99.9972%
  [    67500,    68000)           26    0.0001%  99.9972%
  [    68000,    68500)           16    0.0001%  99.9973%
  [    68500,    69000)           26    0.0001%  99.9974%
  [    69000,    69500)           34    0.0001%  99.9975%
  [    69500,    70000)           24    0.0001%  99.9976%
  [    70000,    70500)           18    0.0001%  99.9977%
  [    70500,    71000)           20    0.0001%  99.9977%
  [    71000,    71500)           20    0.0001%  99.9978%
  [    71500,    72000)           23    0.0001%  99.9979%
  [    72000,    72500)           19    0.0001%  99.9979%
  [    72500,    73000)           14    0.0000%  99.9980%
  [    73000,    73500)           14    0.0000%  99.9980%
  [    73500,    74000)           13    0.0000%  99.9981%
  [    74000,    74500)           19    0.0001%  99.9981%
  [    74500,    75000)           18    0.0001%  99.9982%
  [    75000,    75500)           16    0.0001%  99.9983%
  [    75500,    76000)           10    0.0000%  99.9983%
  [    76000,    76500)           15    0.0001%  99.9984%
  [    76500,    77000)           14    0.0000%  99.9984%
  [    77000,    77500)           13    0.0000%  99.9984%
  [    77500,    78000)           21    0.0001%  99.9985%
  [    78000,    78500)           10    0.0000%  99.9986%
  [    78500,    79000)           14    0.0000%  99.9986%
  [    79000,    79500)            6    0.0000%  99.9986%
  [    79500,    80000)            5    0.0000%  99.9986%
  [    80000,    80500)           11    0.0000%  99.9987%
  [    80500,    81000)           11    0.0000%  99.9987%
  [    81000,    81500)            9    0.0000%  99.9987%
  [    81500,    82000)            7    0.0000%  99.9988%
  [    82000,    82500)           10    0.0000%  99.9988%
  [    82500,    83000)            7    0.0000%  99.9988%
  [    83000,    83500)           10    0.0000%  99.9989%
  [    83500,    84000)            4    0.0000%  99.9989%
  [    84000,    84500)            9    0.0000%  99.9989%
  [    84500,    85000)           13    0.0000%  99.9990%
  [    85000,    85500)            9    0.0000%  99.9990%
  [    85500,    86000)            3    0.0000%  99.9990%
  [    86000,    86500)           10    0.0000%  99.9990%
  [    86500,    87000)            6    0.0000%  99.9991%
  [    87000,    87500)            3    0.0000%  99.9991%
  [    87500,    88000)            9    0.0000%  99.9991%
  [    88000,    88500)            6    0.0000%  99.9991%
  [    88500,    89000)            5    0.0000%  99.9991%
  [    89000,    89500)            9    0.0000%  99.9992%
  [    89500,    90000)           12    0.0000%  99.9992%
  [    90000,    90500)            7    0.0000%  99.9992%
  [    90500,    91000)            7    0.0000%  99.9993%
  [    91000,    91500)            3    0.0000%  99.9993%
  [    91500,    92000)            5    0.0000%  99.9993%
  [    92000,    92500)            6    0.0000%  99.9993%
  [    92500,    93000)            6    0.0000%  99.9993%
  [    93000,    93500)            2    0.0000%  99.9993%
  [    93500,    94000)            5    0.0000%  99.9993%
  [    94000,    94500)            8    0.0000%  99.9994%
  [    94500,    95000)            5    0.0000%  99.9994%
  [    95000,    95500)            3    0.0000%  99.9994%
  [    95500,    96000)            5    0.0000%  99.9994%
  [    96000,    96500)            6    0.0000%  99.9994%
  [    96500,    97000)            2    0.0000%  99.9994%
  [    97000,    97500)            4    0.0000%  99.9995%
  [    97500,    98000)            9    0.0000%  99.9995%
  [    98000,    98500)            5    0.0000%  99.9995%
  [    98500,    99000)            5    0.0000%  99.9995%
  [    99000,    99500)            5    0.0000%  99.9995%
  [    99500,   100000)            3    0.0000%  99.9996%
  [   100000,   100500)            6    0.0000%  99.9996%
  [   100500,   101000)            1    0.0000%  99.9996%
  [   101000,   101500)            5    0.0000%  99.9996%
  [   101500,   102000)            7    0.0000%  99.9996%
  [   102000,   102500)            1    0.0000%  99.9996%
  [   102500,   103000)            2    0.0000%  99.9996%
  [   103000,   103500)            2    0.0000%  99.9996%
  [   103500,   104000)            4    0.0000%  99.9997%
  [   104000,   104500)            1    0.0000%  99.9997%
  [   104500,   105000)            3    0.0000%  99.9997%
  [   105000,   105500)            2    0.0000%  99.9997%
  [   105500,   106000)            1    0.0000%  99.9997%
  [   106000,   106500)            5    0.0000%  99.9997%
  [   106500,   107000)            3    0.0000%  99.9997%
  [   107000,   107500)            1    0.0000%  99.9997%
  [   107500,   108000)            3    0.0000%  99.9997%
  [   108000,   108500)            5    0.0000%  99.9997%
  [   108500,   109000)            1    0.0000%  99.9997%
  [   109000,   109500)            2    0.0000%  99.9997%
  [   109500,   110000)            3    0.0000%  99.9998%
  [   110000,   110500)            2    0.0000%  99.9998%
  [   110500,   111000)            2    0.0000%  99.9998%
  [   111000,   111500)            3    0.0000%  99.9998%
  [   111500,   112000)            3    0.0000%  99.9998%
  [   112000,   112500)            3    0.0000%  99.9998%
  [   113000,   113500)            2    0.0000%  99.9998%
  [   113500,   114000)            1    0.0000%  99.9998%
  [   114500,   115000)            2    0.0000%  99.9998%
  [   115000,   115500)            1    0.0000%  99.9998%
  [   115500,   116000)            3    0.0000%  99.9998%
  [   116000,   116500)            1    0.0000%  99.9998%
  [   116500,   117000)            1    0.0000%  99.9998%
  [   117000,   117500)            1    0.0000%  99.9998%
  [   117500,   118000)            2    0.0000%  99.9999%
  [   118000,   118500)            1    0.0000%  99.9999%
  [   118500,   119000)            5    0.0000%  99.9999%
  [   119000,   119500)            2    0.0000%  99.9999%
  [   120500,   121000)            1    0.0000%  99.9999%
  [   121500,   122000)            3    0.0000%  99.9999%
  [   122000,   122500)            4    0.0000%  99.9999%
  [   123000,   123500)            1    0.0000%  99.9999%
  [   124500,   125000)            1    0.0000%  99.9999%
  [   126000,   126500)            1    0.0000%  99.9999%
  [   127500,   128000)            1    0.0000%  99.9999%
  [   142000,   142500)            1    0.0000%  99.9999%
  [   157000,   157500)            1    0.0000%  99.9999%
  [   162500,   163000)            1    0.0000%  99.9999%
  [   169000,   169500)            1    0.0000%  99.9999%
  [   190000,   190500)            1    0.0000%  99.9999%
  [   193000,   193500)            1    0.0000%  99.9999%
  [   208000,   208500)            1    0.0000%  99.9999%
  [   209500,   210000)            1    0.0000%  99.9999%
  [   210000,   210500)            1    0.0000% 100.0000%
  [   212500,   213000)            1    0.0000% 100.0000%
  [   214000,   214500)            1    0.0000% 100.0000%
  [   215500,   216000)            1    0.0000% 100.0000%
  [   218000,   218500)            1    0.0000% 100.0000%
  [   218500,   219000)            1    0.0000% 100.0000%
  [   221500,   222000)            1    0.0000% 100.0000%
  [   231000,   231500)            1    0.0000% 100.0000%
  [   233500,   234000)            1    0.0000% 100.0000%
  [   235000,   235500)            1    0.0000% 100.0000%
  [   238500,   239000)            2    0.0000% 100.0000%
  [   239000,   239500)            1    0.0000% 100.0000%
  [   242000,   242500)            1    0.0000% 100.0000%
  [   341500,   342000)            1    0.0000% 100.0000%

----- REMOTE OPERATIONS [node 0] -----
  ops total                = 28820532
  ops local  (cache hit)   = 0 (0.00%)
  ops remote (>=1 net op)  = 28820532 (100.00%)
  remote ops total         = 195465245
    rdma read              = 166644713
    rdma write             = 0
    rdma cas               = 0
    rpc pushdown           = 28820532
  remote ops / op          = 6.7822
  remote ops / remote op   = 6.7822

----- OFFLOADED TASKS [node 0] -----
  lookup pushdowns         = 28820532
  scan    pushdowns (RPC)  = 0
    kv pairs returned      = 0
    leaves scanned remotely= 0
    kv / scan pushdown     = 0.00
    leaves / scan pushdown = 0.00
  per-thread breakdown (tid: lookups | scans | kv | leaves):
    t0        814700 |          0 |          0 |          0
    t1        768599 |          0 |          0 |          0
    t2        825469 |          0 |          0 |          0
    t3        768515 |          0 |          0 |          0
    t4        828127 |          0 |          0 |          0
    t5        774567 |          0 |          0 |          0
    t6        829904 |          0 |          0 |          0
    t7        770514 |          0 |          0 |          0
    t8        833333 |          0 |          0 |          0
    t9        771312 |          0 |          0 |          0
    t10       830992 |          0 |          0 |          0
    t11       772147 |          0 |          0 |          0
    t12       829425 |          0 |          0 |          0
    t13       773513 |          0 |          0 |          0
    t14       827488 |          0 |          0 |          0
    t15       767722 |          0 |          0 |          0
    t16       830772 |          0 |          0 |          0
    t17       775613 |          0 |          0 |          0
    t18       828330 |          0 |          0 |          0
    t19       771801 |          0 |          0 |          0
    t20       833316 |          0 |          0 |          0
    t21       774797 |          0 |          0 |          0
    t22       829192 |          0 |          0 |          0
    t23       770623 |          0 |          0 |          0
    t24       833210 |          0 |          0 |          0
    t25       773152 |          0 |          0 |          0
    t26       827958 |          0 |          0 |          0
    t27       769481 |          0 |          0 |          0
    t28       831939 |          0 |          0 |          0
    t29       773437 |          0 |          0 |          0
    t30       832579 |          0 |          0 |          0
    t31       773822 |          0 |          0 |          0
    t32       832832 |          0 |          0 |          0
    t33       775115 |          0 |          0 |          0
    t34       829568 |          0 |          0 |          0
    t35       766668 |          0 |          0 |          0

----- PATH-AWARE CACHE MISS RATE [node 0] -----
  node accesses (hit+miss) = 539879359
  node cache hits          = 344432458 (63.80%)
  MISS RATE                = 36.2020%  (195446901 / 539879359)
  inner-node miss          = 195446872 (100.00% of misses, 36.2020% rate)
  leaf-node  miss          = 29 (0.00% of misses, 0.0000% rate)
  total miss               = 195446901
  cache writebacks         = 0
=========================================================================

Round 0 (max_throughput): 1.18213 Mops/s
Round 0 (straggler_throughput): 1.18213 Mops/s
Before barrier finish
Avg. rdma read time(ms) = 0
Avg. rdma write time(ms) = -nan
Avg. rdma read / op = 5.78215
Avg. rdma write / op = 0
Avg. rdma cas / op = 0
Avg. rdma rpc / op = 1
Avg. all rdma / op = 6.78215
Avg. rdma read size/ op = 2993.15
Avg. rdma write size / op = 0
Avg. rdma RW size / op = 2993.15
------------------------------------------
Node 0 average throughput = 1.108
Node 0 total throughput = 1.18213
All CN throughput (Max) = 1.18213
All CN throughput (Straggler) = 1.18213
Final throughput = 1.18213
[CORRECTNESS node 0] ops ok 28819989 / 28820532 = 99.9981%; scans 0, rows 0 (0.00 per scan)
------------------------------------------
