Compute node count = 1
kNodeCount 2, kReadRatio 100, kInsertRatio 0, kUpdateRatio 0, kDeleteRatio 0, kRangeRatio 0, totalThreadCount 36, memThreadCount 4 cache_size 1024, uniform_workload 1, zipfian 0.990000, bulk_load_num 50000000, warmup_num 10000000, op_num 30000000, check_correctness 0, time_based 0, early_stop 1, index 0, rpc_rate 1.000000, admission_rate 0.100000, auto_tune 0
kMaxThread = 36
KeySpace = 50001000
[GEOMETRY] inner_page=160 leaf_page=512 inner_entries=5 leaf_entries=26 slot=512 placement=mn_only
[4mshared memory size: 64GB, 0x7f3fe1400000[0m
[4mcache size: 2GB[0m
[4mMachine NR: 2[0m
[4mMax_APP_THREAD: 80[0m
[4mNR_DIRECTORY: 16[0m
[4mStart Build the DSMKeeper[0m
I am servers 1 [253.127.0.0]
I connect server 0
[4mdir 0 launch! (core 79 of 80)
[0m
[4mdir 1 launch! (core 78 of 80)
[0m
[4mdir 2 launch! (core 77 of 80)
[0m
[4mdir 3 launch! (core 76 of 80)
[0m
Before barrier finish

----- REMOTE CPU LOAD (memory node dir-threads, 2s window) -----
  dir 0: active=  0.00%  msgs=1           3062 ns/msg
  dir 1: active=  0.00%  msgs=0           0 ns/msg
  dir 2: active=  0.00%  msgs=0           0 ns/msg
  dir 3: active=  0.00%  msgs=0           0 ns/msg
  AGGREGATE active = 0.00% (of 4 dir-threads; 0.00% per-thread avg)  msgs=1
[CPU memory  ] process=  4.99% of 80 cores   system=  5.04%   (window 2s)

----- REMOTE CPU LOAD (memory node dir-threads, 2s window) -----
  dir 0: active=  0.00%  msgs=0           0 ns/msg
  dir 1: active=  0.00%  msgs=0           0 ns/msg
  dir 2: active=  0.00%  msgs=0           0 ns/msg
  dir 3: active=  0.00%  msgs=0           0 ns/msg
  AGGREGATE active = 0.00% (of 4 dir-threads; 0.00% per-thread avg)  msgs=0
[CPU memory  ] process=  4.99% of 80 cores   system=  5.01%   (window 2s)

----- REMOTE CPU LOAD (memory node dir-threads, 2s window) -----
  dir 0: active=  0.00%  msgs=0           0 ns/msg
  dir 1: active=  0.00%  msgs=0           0 ns/msg
  dir 2: active=  0.00%  msgs=0           0 ns/msg
  dir 3: active=  0.00%  msgs=0           0 ns/msg
  AGGREGATE active = 0.00% (of 4 dir-threads; 0.00% per-thread avg)  msgs=0
[CPU memory  ] process=  4.99% of 80 cores   system=  5.06%   (window 2s)

----- REMOTE CPU LOAD (memory node dir-threads, 2s window) -----
  dir 0: active=  0.00%  msgs=0           0 ns/msg
  dir 1: active=  0.00%  msgs=0           0 ns/msg
  dir 2: active=  0.00%  msgs=0           0 ns/msg
  dir 3: active=  0.00%  msgs=0           0 ns/msg
  AGGREGATE active = 0.00% (of 4 dir-threads; 0.00% per-thread avg)  msgs=0
[CPU memory  ] process=  4.99% of 80 cores   system=  5.02%   (window 2s)

----- REMOTE CPU LOAD (memory node dir-threads, 2s window) -----
  dir 0: active=  0.00%  msgs=0           0 ns/msg
  dir 1: active=  0.00%  msgs=0           0 ns/msg
  dir 2: active=  0.00%  msgs=0           0 ns/msg
  dir 3: active=  0.00%  msgs=0           0 ns/msg
  AGGREGATE active = 0.00% (of 4 dir-threads; 0.00% per-thread avg)  msgs=0
[CPU memory  ] process=  4.99% of 80 cores   system=  5.04%   (window 2s)

----- REMOTE CPU LOAD (memory node dir-threads, 2s window) -----
  dir 0: active=  0.00%  msgs=0           0 ns/msg
  dir 1: active=  0.00%  msgs=0           0 ns/msg
  dir 2: active=  0.00%  msgs=0           0 ns/msg
  dir 3: active=  0.00%  msgs=0           0 ns/msg
  AGGREGATE active = 0.00% (of 4 dir-threads; 0.00% per-thread avg)  msgs=0
[CPU memory  ] process=  4.99% of 80 cores   system=  5.04%   (window 2s)

----- REMOTE CPU LOAD (memory node dir-threads, 2s window) -----
  dir 0: active=  0.00%  msgs=0           0 ns/msg
  dir 1: active=  0.00%  msgs=0           0 ns/msg
  dir 2: active=  0.00%  msgs=0           0 ns/msg
  dir 3: active=  0.00%  msgs=0           0 ns/msg
  AGGREGATE active = 0.00% (of 4 dir-threads; 0.00% per-thread avg)  msgs=0
[CPU memory  ] process=  4.99% of 80 cores   system=  5.03%   (window 2s)

----- REMOTE CPU LOAD (memory node dir-threads, 2s window) -----
  dir 0: active=  0.00%  msgs=0           0 ns/msg
  dir 1: active=  0.00%  msgs=0           0 ns/msg
  dir 2: active=  0.00%  msgs=0           0 ns/msg
  dir 3: active=  0.00%  msgs=0           0 ns/msg
  AGGREGATE active = 0.00% (of 4 dir-threads; 0.00% per-thread avg)  msgs=0
[CPU memory  ] process=  4.99% of 80 cores   system=  5.03%   (window 2s)

----- REMOTE CPU LOAD (memory node dir-threads, 2s window) -----
  dir 0: active=  0.00%  msgs=0           0 ns/msg
  dir 1: active=  0.00%  msgs=0           0 ns/msg
  dir 2: active=  0.00%  msgs=0           0 ns/msg
  dir 3: active=  0.00%  msgs=0           0 ns/msg
  AGGREGATE active = 0.00% (of 4 dir-threads; 0.00% per-thread avg)  msgs=0
[CPU memory  ] process=  4.99% of 80 cores   system=  5.02%   (window 2s)

----- REMOTE CPU LOAD (memory node dir-threads, 2s window) -----
  dir 0: active=  0.00%  msgs=0           0 ns/msg
  dir 1: active=  0.00%  msgs=0           0 ns/msg
  dir 2: active=  0.00%  msgs=0           0 ns/msg
  dir 3: active=  0.00%  msgs=0           0 ns/msg
  AGGREGATE active = 0.00% (of 4 dir-threads; 0.00% per-thread avg)  msgs=0
[CPU memory  ] process=  5.00% of 80 cores   system=  5.02%   (window 2s)

----- REMOTE CPU LOAD (memory node dir-threads, 2s window) -----
  dir 0: active=  0.00%  msgs=0           0 ns/msg
  dir 1: active=  0.00%  msgs=0           0 ns/msg
  dir 2: active=  0.00%  msgs=0           0 ns/msg
  dir 3: active=  0.00%  msgs=0           0 ns/msg
  AGGREGATE active = 0.00% (of 4 dir-threads; 0.00% per-thread avg)  msgs=0
[CPU memory  ] process=  4.99% of 80 cores   system=  5.16%   (window 2s)

----- REMOTE CPU LOAD (memory node dir-threads, 2s window) -----
  dir 0: active=  0.00%  msgs=1           993 ns/msg
  dir 1: active=  0.00%  msgs=2           2377 ns/msg
  dir 2: active=  0.00%  msgs=1           2146 ns/msg
  dir 3: active=  0.00%  msgs=1           2301 ns/msg
  AGGREGATE active = 0.00% (of 4 dir-threads; 0.00% per-thread avg)  msgs=5
[CPU memory  ] process=  4.99% of 80 cores   system=  5.02%   (window 2s)

----- REMOTE CPU LOAD (memory node dir-threads, 2s window) -----
  dir 0: active=  0.00%  msgs=1           246 ns/msg
  dir 1: active=  0.00%  msgs=1           1511 ns/msg
  dir 2: active=  0.00%  msgs=2           310 ns/msg
  dir 3: active=  0.00%  msgs=2           916 ns/msg
  AGGREGATE active = 0.00% (of 4 dir-threads; 0.00% per-thread avg)  msgs=6
[CPU memory  ] process=  4.99% of 80 cores   system=  5.03%   (window 2s)

----- REMOTE CPU LOAD (memory node dir-threads, 2s window) -----
  dir 0: active=  0.00%  msgs=2           243 ns/msg
  dir 1: active=  0.00%  msgs=2           952 ns/msg
  dir 2: active=  0.00%  msgs=2           264 ns/msg
  dir 3: active=  0.00%  msgs=1           766 ns/msg
  AGGREGATE active = 0.00% (of 4 dir-threads; 0.00% per-thread avg)  msgs=7
[CPU memory  ] process=  4.99% of 80 cores   system=  5.02%   (window 2s)

----- REMOTE CPU LOAD (memory node dir-threads, 2s window) -----
  dir 0: active=  0.00%  msgs=2           335 ns/msg
  dir 1: active=  0.00%  msgs=1           1324 ns/msg
  dir 2: active=  0.00%  msgs=1           370 ns/msg
  dir 3: active=  0.00%  msgs=2           845 ns/msg
  AGGREGATE active = 0.00% (of 4 dir-threads; 0.00% per-thread avg)  msgs=6
[CPU memory  ] process=  4.99% of 80 cores   system=  5.02%   (window 2s)

----- REMOTE CPU LOAD (memory node dir-threads, 2s window) -----
  dir 0: active=  0.00%  msgs=1           251 ns/msg
  dir 1: active=  0.00%  msgs=2           985 ns/msg
  dir 2: active=  0.00%  msgs=2           352 ns/msg
  dir 3: active=  0.00%  msgs=2           794 ns/msg
  AGGREGATE active = 0.00% (of 4 dir-threads; 0.00% per-thread avg)  msgs=7
[CPU memory  ] process=  4.99% of 80 cores   system=  5.04%   (window 2s)

----- REMOTE CPU LOAD (memory node dir-threads, 2s window) -----
  dir 0: active=  0.00%  msgs=1           341 ns/msg
  dir 1: active=  0.00%  msgs=1           949 ns/msg
  dir 2: active=  0.00%  msgs=1           439 ns/msg
  dir 3: active=  0.00%  msgs=1           995 ns/msg
  AGGREGATE active = 0.00% (of 4 dir-threads; 0.00% per-thread avg)  msgs=4
[CPU memory  ] process=  4.99% of 80 cores   system=  5.06%   (window 2s)

----- REMOTE CPU LOAD (memory node dir-threads, 2s window) -----
  dir 0: active=  0.00%  msgs=1           325 ns/msg
  dir 1: active=  0.00%  msgs=1           853 ns/msg
  dir 2: active=  0.00%  msgs=1           240 ns/msg
  dir 3: active=  0.00%  msgs=1           659 ns/msg
  AGGREGATE active = 0.00% (of 4 dir-threads; 0.00% per-thread avg)  msgs=4
[CPU memory  ] process=  4.99% of 80 cores   system=  5.04%   (window 2s)

----- REMOTE CPU LOAD (memory node dir-threads, 2s window) -----
  dir 0: active=  0.00%  msgs=1           725 ns/msg
  dir 1: active=  0.00%  msgs=1           968 ns/msg
  dir 2: active=  0.00%  msgs=1           379 ns/msg
  dir 3: active=  0.00%  msgs=1           868 ns/msg
  AGGREGATE active = 0.00% (of 4 dir-threads; 0.00% per-thread avg)  msgs=4
[CPU memory  ] process=  4.99% of 80 cores   system=  5.02%   (window 2s)

----- REMOTE CPU LOAD (memory node dir-threads, 2s window) -----
  dir 0: active=  0.00%  msgs=1           352 ns/msg
  dir 1: active=  0.00%  msgs=1           703 ns/msg
  dir 2: active=  0.00%  msgs=1           435 ns/msg
  dir 3: active=  0.00%  msgs=0           0 ns/msg
  AGGREGATE active = 0.00% (of 4 dir-threads; 0.00% per-thread avg)  msgs=3
[CPU memory  ] process=  4.99% of 80 cores   system=  5.01%   (window 2s)

----- REMOTE CPU LOAD (memory node dir-threads, 2s window) -----
  dir 0: active=  0.00%  msgs=1           440 ns/msg
  dir 1: active=  0.00%  msgs=1           890 ns/msg
  dir 2: active=  0.00%  msgs=1           341 ns/msg
  dir 3: active=  0.00%  msgs=1           738 ns/msg
  AGGREGATE active = 0.00% (of 4 dir-threads; 0.00% per-thread avg)  msgs=4
[CPU memory  ] process=  4.99% of 80 cores   system=  5.04%   (window 2s)

----- REMOTE CPU LOAD (memory node dir-threads, 2s window) -----
  dir 0: active=  0.00%  msgs=1           368 ns/msg
  dir 1: active=  0.00%  msgs=1           608 ns/msg
  dir 2: active=  0.00%  msgs=1           356 ns/msg
  dir 3: active=  0.00%  msgs=1           1021 ns/msg
  AGGREGATE active = 0.00% (of 4 dir-threads; 0.00% per-thread avg)  msgs=4
[CPU memory  ] process=  4.99% of 80 cores   system=  5.02%   (window 2s)

----- REMOTE CPU LOAD (memory node dir-threads, 2s window) -----
  dir 0: active=  0.00%  msgs=1           428 ns/msg
  dir 1: active=  0.00%  msgs=1           737 ns/msg
  dir 2: active=  0.00%  msgs=1           388 ns/msg
  dir 3: active=  0.00%  msgs=1           941 ns/msg
  AGGREGATE active = 0.00% (of 4 dir-threads; 0.00% per-thread avg)  msgs=4
[CPU memory  ] process=  4.99% of 80 cores   system=  5.06%   (window 2s)

----- REMOTE CPU LOAD (memory node dir-threads, 2s window) -----
  dir 0: active=  0.00%  msgs=1           423 ns/msg
  dir 1: active=  0.00%  msgs=1           850 ns/msg
  dir 2: active=  0.00%  msgs=1           450 ns/msg
  dir 3: active=  0.00%  msgs=1           661 ns/msg
  AGGREGATE active = 0.00% (of 4 dir-threads; 0.00% per-thread avg)  msgs=4
[CPU memory  ] process=  4.99% of 80 cores   system=  5.01%   (window 2s)

----- REMOTE CPU LOAD (memory node dir-threads, 2s window) -----
  dir 0: active=  0.00%  msgs=1           467 ns/msg
  dir 1: active=  0.00%  msgs=1           1050 ns/msg
  dir 2: active=  0.00%  msgs=1           306 ns/msg
  dir 3: active=  0.00%  msgs=1           980 ns/msg
  AGGREGATE active = 0.00% (of 4 dir-threads; 0.00% per-thread avg)  msgs=4
[CPU memory  ] process=  4.99% of 80 cores   system=  5.02%   (window 2s)

----- REMOTE CPU LOAD (memory node dir-threads, 2s window) -----
  dir 0: active=  0.00%  msgs=1           443 ns/msg
  dir 1: active=  0.00%  msgs=1           653 ns/msg
  dir 2: active=  0.00%  msgs=0           0 ns/msg
  dir 3: active=  0.00%  msgs=1           557 ns/msg
  AGGREGATE active = 0.00% (of 4 dir-threads; 0.00% per-thread avg)  msgs=3
[CPU memory  ] process=  4.99% of 80 cores   system=  5.03%   (window 2s)

----- REMOTE CPU LOAD (memory node dir-threads, 2s window) -----
  dir 0: active=  0.00%  msgs=1           370 ns/msg
  dir 1: active=  0.00%  msgs=1           790 ns/msg
  dir 2: active=  0.00%  msgs=1           313 ns/msg
  dir 3: active=  0.00%  msgs=1           748 ns/msg
  AGGREGATE active = 0.00% (of 4 dir-threads; 0.00% per-thread avg)  msgs=4
[CPU memory  ] process=  4.99% of 80 cores   system=  5.02%   (window 2s)

----- REMOTE CPU LOAD (memory node dir-threads, 2s window) -----
  dir 0: active=  0.00%  msgs=1           262 ns/msg
  dir 1: active=  0.00%  msgs=1           729 ns/msg
  dir 2: active=  0.00%  msgs=1           610 ns/msg
  dir 3: active=  0.00%  msgs=1           594 ns/msg
  AGGREGATE active = 0.00% (of 4 dir-threads; 0.00% per-thread avg)  msgs=4
[CPU memory  ] process=  4.99% of 80 cores   system=  5.02%   (window 2s)

----- REMOTE CPU LOAD (memory node dir-threads, 2s window) -----
  dir 0: active=  0.00%  msgs=1           423 ns/msg
  dir 1: active=  0.00%  msgs=1           761 ns/msg
  dir 2: active=  0.00%  msgs=1           379 ns/msg
  dir 3: active=  0.00%  msgs=1           854 ns/msg
  AGGREGATE active = 0.00% (of 4 dir-threads; 0.00% per-thread avg)  msgs=4
[CPU memory  ] process=  4.99% of 80 cores   system=  5.06%   (window 2s)

----- REMOTE CPU LOAD (memory node dir-threads, 2s window) -----
  dir 0: active=  0.00%  msgs=1           211 ns/msg
  dir 1: active=  0.00%  msgs=1           574 ns/msg
  dir 2: active=  0.00%  msgs=1           301 ns/msg
  dir 3: active=  0.00%  msgs=1           583 ns/msg
  AGGREGATE active = 0.00% (of 4 dir-threads; 0.00% per-thread avg)  msgs=4
[CPU memory  ] process=  4.99% of 80 cores   system=  5.01%   (window 2s)

----- REMOTE CPU LOAD (memory node dir-threads, 2s window) -----
  dir 0: active=  0.00%  msgs=1           433 ns/msg
  dir 1: active=  0.00%  msgs=1           1305 ns/msg
  dir 2: active=  0.00%  msgs=1           334 ns/msg
  dir 3: active=  0.00%  msgs=1           1023 ns/msg
  AGGREGATE active = 0.00% (of 4 dir-threads; 0.00% per-thread avg)  msgs=4
[CPU memory  ] process=  4.99% of 80 cores   system=  5.04%   (window 2s)

----- REMOTE CPU LOAD (memory node dir-threads, 2s window) -----
  dir 0: active=  0.00%  msgs=1           314 ns/msg
  dir 1: active=  0.00%  msgs=0           0 ns/msg
  dir 2: active=  0.00%  msgs=1           435 ns/msg
  dir 3: active=  0.00%  msgs=1           944 ns/msg
  AGGREGATE active = 0.00% (of 4 dir-threads; 0.00% per-thread avg)  msgs=3
[CPU memory  ] process=  4.99% of 80 cores   system=  5.02%   (window 2s)

----- REMOTE CPU LOAD (memory node dir-threads, 2s window) -----
  dir 0: active=  0.00%  msgs=1           375 ns/msg
  dir 1: active=  0.00%  msgs=1           1041 ns/msg
  dir 2: active=  0.00%  msgs=1           257 ns/msg
  dir 3: active=  0.00%  msgs=1           1127 ns/msg
  AGGREGATE active = 0.00% (of 4 dir-threads; 0.00% per-thread avg)  msgs=4
[CPU memory  ] process=  5.00% of 80 cores   system=  5.02%   (window 2s)

----- REMOTE CPU LOAD (memory node dir-threads, 2s window) -----
  dir 0: active=  0.00%  msgs=1           214 ns/msg
  dir 1: active=  0.00%  msgs=1           946 ns/msg
  dir 2: active=  0.00%  msgs=1           441 ns/msg
  dir 3: active=  0.00%  msgs=1           736 ns/msg
  AGGREGATE active = 0.00% (of 4 dir-threads; 0.00% per-thread avg)  msgs=4
[CPU memory  ] process=  4.99% of 80 cores   system=  5.04%   (window 2s)

----- REMOTE CPU LOAD (memory node dir-threads, 2s window) -----
  dir 0: active=  0.00%  msgs=1           500 ns/msg
  dir 1: active=  0.00%  msgs=1           1061 ns/msg
  dir 2: active=  0.00%  msgs=1           222 ns/msg
  dir 3: active=  0.00%  msgs=1           878 ns/msg
  AGGREGATE active = 0.00% (of 4 dir-threads; 0.00% per-thread avg)  msgs=4
[CPU memory  ] process=  4.99% of 80 cores   system=  5.04%   (window 2s)

----- REMOTE CPU LOAD (memory node dir-threads, 2s window) -----
  dir 0: active=  0.00%  msgs=1           352 ns/msg
  dir 1: active=  0.00%  msgs=1           814 ns/msg
  dir 2: active=  0.00%  msgs=1           448 ns/msg
  dir 3: active=  0.00%  msgs=1           652 ns/msg
  AGGREGATE active = 0.00% (of 4 dir-threads; 0.00% per-thread avg)  msgs=4
[CPU memory  ] process=  4.99% of 80 cores   system=  5.04%   (window 2s)

----- REMOTE CPU LOAD (memory node dir-threads, 2s window) -----
  dir 0: active=  0.00%  msgs=0           0 ns/msg
  dir 1: active=  0.00%  msgs=1           886 ns/msg
  dir 2: active=  0.00%  msgs=1           244 ns/msg
  dir 3: active=  0.00%  msgs=1           1143 ns/msg
  AGGREGATE active = 0.00% (of 4 dir-threads; 0.00% per-thread avg)  msgs=3
[CPU memory  ] process=  4.99% of 80 cores   system=  5.01%   (window 2s)

----- REMOTE CPU LOAD (memory node dir-threads, 2s window) -----
  dir 0: active=  0.00%  msgs=1           509 ns/msg
  dir 1: active=  0.00%  msgs=1           700 ns/msg
  dir 2: active=  0.00%  msgs=1           417 ns/msg
  dir 3: active=  0.00%  msgs=1           676 ns/msg
  AGGREGATE active = 0.00% (of 4 dir-threads; 0.00% per-thread avg)  msgs=4
[CPU memory  ] process=  4.99% of 80 cores   system=  5.03%   (window 2s)

----- REMOTE CPU LOAD (memory node dir-threads, 2s window) -----
  dir 0: active=  0.00%  msgs=1           451 ns/msg
  dir 1: active=  0.00%  msgs=1           1121 ns/msg
  dir 2: active=  0.00%  msgs=0           0 ns/msg
  dir 3: active=  0.00%  msgs=0           0 ns/msg
  AGGREGATE active = 0.00% (of 4 dir-threads; 0.00% per-thread avg)  msgs=2
[CPU memory  ] process=  4.99% of 80 cores   system=  5.03%   (window 2s)

----- REMOTE CPU LOAD (memory node dir-threads, 2s window) -----
  dir 0: active=  0.00%  msgs=0           0 ns/msg
  dir 1: active=  0.00%  msgs=0           0 ns/msg
  dir 2: active=  0.00%  msgs=0           0 ns/msg
  dir 3: active=  0.00%  msgs=0           0 ns/msg
  AGGREGATE active = 0.00% (of 4 dir-threads; 0.00% per-thread avg)  msgs=0
[CPU memory  ] process=  4.99% of 80 cores   system=  5.02%   (window 2s)

----- REMOTE CPU LOAD (memory node dir-threads, 2s window) -----
  dir 0: active=  0.00%  msgs=0           0 ns/msg
  dir 1: active=  0.00%  msgs=0           0 ns/msg
  dir 2: active=  0.00%  msgs=0           0 ns/msg
  dir 3: active=  0.00%  msgs=0           0 ns/msg
  AGGREGATE active = 0.00% (of 4 dir-threads; 0.00% per-thread avg)  msgs=0
[CPU memory  ] process=  4.99% of 80 cores   system=  5.04%   (window 2s)

----- REMOTE CPU LOAD (memory node dir-threads, 2s window) -----
  dir 0: active=  0.00%  msgs=0           0 ns/msg
  dir 1: active=  0.00%  msgs=0           0 ns/msg
  dir 2: active=  0.00%  msgs=0           0 ns/msg
  dir 3: active=  0.00%  msgs=0           0 ns/msg
  AGGREGATE active = 0.00% (of 4 dir-threads; 0.00% per-thread avg)  msgs=0
[CPU memory  ] process=  4.99% of 80 cores   system=  5.05%   (window 2s)

----- REMOTE CPU LOAD (memory node dir-threads, 2s window) -----
  dir 0: active= 19.87%  msgs=570429      697 ns/msg
  dir 1: active= 15.65%  msgs=570429      549 ns/msg
  dir 2: active= 19.66%  msgs=570429      689 ns/msg
  dir 3: active= 15.57%  msgs=570423      546 ns/msg
  AGGREGATE active = 70.76% (of 4 dir-threads; 17.69% per-thread avg)  msgs=2281710
[CPU memory  ] process=  4.99% of 80 cores   system=  5.01%   (window 2s)

----- REMOTE CPU LOAD (memory node dir-threads, 2s window) -----
  dir 0: active= 73.88%  msgs=2133261     693 ns/msg
  dir 1: active= 67.37%  msgs=2133261     632 ns/msg
  dir 2: active= 73.13%  msgs=2133261     686 ns/msg
  dir 3: active= 67.16%  msgs=2133267     630 ns/msg
  AGGREGATE active = 281.54% (of 4 dir-threads; 70.38% per-thread avg)  msgs=8533050
[CPU memory  ] process=  4.99% of 80 cores   system=  5.04%   (window 2s)

----- REMOTE CPU LOAD (memory node dir-threads, 2s window) -----
  dir 0: active= 73.80%  msgs=2140175     690 ns/msg
  dir 1: active= 69.17%  msgs=2140176     646 ns/msg
  dir 2: active= 73.06%  msgs=2140176     683 ns/msg
  dir 3: active= 69.02%  msgs=2140176     645 ns/msg
  AGGREGATE active = 285.05% (of 4 dir-threads; 71.26% per-thread avg)  msgs=8560703
[CPU memory  ] process=  4.99% of 80 cores   system=  5.02%   (window 2s)

----- REMOTE CPU LOAD (memory node dir-threads, 2s window) -----
  dir 0: active= 73.75%  msgs=2140642     689 ns/msg
  dir 1: active= 69.14%  msgs=2140642     646 ns/msg
  dir 2: active= 72.90%  msgs=2140642     681 ns/msg
  dir 3: active= 68.92%  msgs=2140636     644 ns/msg
  AGGREGATE active = 284.71% (of 4 dir-threads; 71.18% per-thread avg)  msgs=8562562
[CPU memory  ] process=  4.99% of 80 cores   system=  5.04%   (window 2s)

----- REMOTE CPU LOAD (memory node dir-threads, 2s window) -----
  dir 0: active= 11.89%  msgs=345423      688 ns/msg
  dir 1: active= 11.13%  msgs=345412      644 ns/msg
  dir 2: active= 11.76%  msgs=345406      681 ns/msg
  dir 3: active= 11.10%  msgs=345401      642 ns/msg
  AGGREGATE active = 45.87% (of 4 dir-threads; 11.47% per-thread avg)  msgs=1381642
[CPU memory  ] process=  4.99% of 80 cores   system=  5.01%   (window 2s)

----- REMOTE CPU LOAD (memory node dir-threads, 2s window) -----
  dir 0: active=  0.00%  msgs=0           0 ns/msg
  dir 1: active=  0.00%  msgs=0           0 ns/msg
  dir 2: active=  0.00%  msgs=0           0 ns/msg
  dir 3: active=  0.00%  msgs=0           0 ns/msg
  AGGREGATE active = 0.00% (of 4 dir-threads; 0.00% per-thread avg)  msgs=0
[CPU memory  ] process=  4.99% of 80 cores   system=  5.06%   (window 2s)
Avg. rdma read time(ms) = -nan
Avg. rdma write time(ms) = -nan
Avg. rdma read / op = -nan
Avg. rdma write / op = -nan
Avg. rdma cas / op = -nan
Avg. rdma rpc / op = -nan
Avg. all rdma / op = -nan
Avg. rdma read size/ op = -nan
Avg. rdma write size / op = -nan
Avg. rdma RW size / op = -nan
