Compute node count = 1
kNodeCount 2, kReadRatio 0, kInsertRatio 0, kUpdateRatio 0, kDeleteRatio 0, kRangeRatio 100, totalThreadCount 36, memThreadCount 1 cache_size 1024, uniform_workload 0, zipfian 0.990000, bulk_load_num 50000000, warmup_num 10000000, op_num 30000000, check_correctness 0, time_based 0, early_stop 1, index 0, rpc_rate 1.000000, admission_rate 0.100000, auto_tune 0
kMaxThread = 36
KeySpace = 50001000
[GEOMETRY] inner_page=160 leaf_page=512 inner_entries=5 leaf_entries=26 slot=512 placement=mn_only
[4mshared memory size: 64GB, 0x7fa523200000[0m
[4mcache size: 2GB[0m
[4mMachine NR: 2[0m
[4mMax_APP_THREAD: 80[0m
[4mNR_DIRECTORY: 16[0m
[4mStart Build the DSMKeeper[0m
I am servers 1 [254.127.0.0]
I connect server 0
[4mdir 0 launch! (core 79 of 80)
[0m
Before barrier finish

----- REMOTE CPU LOAD (memory node dir-threads, 2s window) -----
  dir 0: active=  0.00%  msgs=1           3044 ns/msg
  AGGREGATE active = 0.00% (of 1 dir-threads; 0.00% per-thread avg)  msgs=1
[CPU memory  ] process=  1.25% of 80 cores   system=  1.26%   (window 2s)

----- REMOTE CPU LOAD (memory node dir-threads, 2s window) -----
  dir 0: active=  0.00%  msgs=0           0 ns/msg
  AGGREGATE active = 0.00% (of 1 dir-threads; 0.00% per-thread avg)  msgs=0
[CPU memory  ] process=  1.26% of 80 cores   system=  1.29%   (window 2s)

----- REMOTE CPU LOAD (memory node dir-threads, 2s window) -----
  dir 0: active=  0.00%  msgs=0           0 ns/msg
  AGGREGATE active = 0.00% (of 1 dir-threads; 0.00% per-thread avg)  msgs=0
[CPU memory  ] process=  1.25% of 80 cores   system=  1.25%   (window 2s)

----- REMOTE CPU LOAD (memory node dir-threads, 2s window) -----
  dir 0: active=  0.00%  msgs=0           0 ns/msg
  AGGREGATE active = 0.00% (of 1 dir-threads; 0.00% per-thread avg)  msgs=0
[CPU memory  ] process=  1.25% of 80 cores   system=  1.26%   (window 2s)

----- REMOTE CPU LOAD (memory node dir-threads, 2s window) -----
  dir 0: active=  0.00%  msgs=0           0 ns/msg
  AGGREGATE active = 0.00% (of 1 dir-threads; 0.00% per-thread avg)  msgs=0
[CPU memory  ] process=  1.25% of 80 cores   system=  1.31%   (window 2s)

----- REMOTE CPU LOAD (memory node dir-threads, 2s window) -----
  dir 0: active=  0.00%  msgs=0           0 ns/msg
  AGGREGATE active = 0.00% (of 1 dir-threads; 0.00% per-thread avg)  msgs=0
[CPU memory  ] process=  1.25% of 80 cores   system=  1.26%   (window 2s)

----- REMOTE CPU LOAD (memory node dir-threads, 2s window) -----
  dir 0: active=  0.00%  msgs=0           0 ns/msg
  AGGREGATE active = 0.00% (of 1 dir-threads; 0.00% per-thread avg)  msgs=0
[CPU memory  ] process=  1.26% of 80 cores   system=  1.28%   (window 2s)

----- REMOTE CPU LOAD (memory node dir-threads, 2s window) -----
  dir 0: active=  0.00%  msgs=2           531 ns/msg
  AGGREGATE active = 0.00% (of 1 dir-threads; 0.00% per-thread avg)  msgs=2
[CPU memory  ] process=  1.25% of 80 cores   system=  1.27%   (window 2s)

----- REMOTE CPU LOAD (memory node dir-threads, 2s window) -----
  dir 0: active=  0.00%  msgs=7           295 ns/msg
  AGGREGATE active = 0.00% (of 1 dir-threads; 0.00% per-thread avg)  msgs=7
[CPU memory  ] process=  1.24% of 80 cores   system=  1.26%   (window 2s)

----- REMOTE CPU LOAD (memory node dir-threads, 2s window) -----
  dir 0: active=  0.00%  msgs=7           350 ns/msg
  AGGREGATE active = 0.00% (of 1 dir-threads; 0.00% per-thread avg)  msgs=7
[CPU memory  ] process=  1.25% of 80 cores   system=  1.32%   (window 2s)

----- REMOTE CPU LOAD (memory node dir-threads, 2s window) -----
  dir 0: active=  0.00%  msgs=6           370 ns/msg
  AGGREGATE active = 0.00% (of 1 dir-threads; 0.00% per-thread avg)  msgs=6
[CPU memory  ] process=  1.25% of 80 cores   system=  1.25%   (window 2s)

----- REMOTE CPU LOAD (memory node dir-threads, 2s window) -----
  dir 0: active=  0.00%  msgs=6           386 ns/msg
  AGGREGATE active = 0.00% (of 1 dir-threads; 0.00% per-thread avg)  msgs=6
[CPU memory  ] process=  1.26% of 80 cores   system=  1.28%   (window 2s)

----- REMOTE CPU LOAD (memory node dir-threads, 2s window) -----
  dir 0: active=  0.00%  msgs=5           497 ns/msg
  AGGREGATE active = 0.00% (of 1 dir-threads; 0.00% per-thread avg)  msgs=5
[CPU memory  ] process=  1.25% of 80 cores   system=  1.27%   (window 2s)

----- REMOTE CPU LOAD (memory node dir-threads, 2s window) -----
  dir 0: active=  0.00%  msgs=4           335 ns/msg
  AGGREGATE active = 0.00% (of 1 dir-threads; 0.00% per-thread avg)  msgs=4
[CPU memory  ] process=  1.25% of 80 cores   system=  1.25%   (window 2s)

----- REMOTE CPU LOAD (memory node dir-threads, 2s window) -----
  dir 0: active=  0.00%  msgs=4           345 ns/msg
  AGGREGATE active = 0.00% (of 1 dir-threads; 0.00% per-thread avg)  msgs=4
[CPU memory  ] process=  1.25% of 80 cores   system=  1.31%   (window 2s)

----- REMOTE CPU LOAD (memory node dir-threads, 2s window) -----
  dir 0: active=  0.00%  msgs=4           420 ns/msg
  AGGREGATE active = 0.00% (of 1 dir-threads; 0.00% per-thread avg)  msgs=4
[CPU memory  ] process=  1.26% of 80 cores   system=  1.27%   (window 2s)

----- REMOTE CPU LOAD (memory node dir-threads, 2s window) -----
  dir 0: active=  0.00%  msgs=4           438 ns/msg
  AGGREGATE active = 0.00% (of 1 dir-threads; 0.00% per-thread avg)  msgs=4
[CPU memory  ] process=  1.25% of 80 cores   system=  1.27%   (window 2s)

----- REMOTE CPU LOAD (memory node dir-threads, 2s window) -----
  dir 0: active=  0.00%  msgs=4           394 ns/msg
  AGGREGATE active = 0.00% (of 1 dir-threads; 0.00% per-thread avg)  msgs=4
[CPU memory  ] process=  1.25% of 80 cores   system=  1.26%   (window 2s)

----- REMOTE CPU LOAD (memory node dir-threads, 2s window) -----
  dir 0: active=  0.00%  msgs=4           398 ns/msg
  AGGREGATE active = 0.00% (of 1 dir-threads; 0.00% per-thread avg)  msgs=4
[CPU memory  ] process=  1.24% of 80 cores   system=  1.27%   (window 2s)

----- REMOTE CPU LOAD (memory node dir-threads, 2s window) -----
  dir 0: active=  0.00%  msgs=3           473 ns/msg
  AGGREGATE active = 0.00% (of 1 dir-threads; 0.00% per-thread avg)  msgs=3
[CPU memory  ] process=  1.26% of 80 cores   system=  1.27%   (window 2s)

----- REMOTE CPU LOAD (memory node dir-threads, 2s window) -----
  dir 0: active=  0.00%  msgs=4           441 ns/msg
  AGGREGATE active = 0.00% (of 1 dir-threads; 0.00% per-thread avg)  msgs=4
[CPU memory  ] process=  1.25% of 80 cores   system=  1.30%   (window 2s)

----- REMOTE CPU LOAD (memory node dir-threads, 2s window) -----
  dir 0: active=  0.00%  msgs=4           357 ns/msg
  AGGREGATE active = 0.00% (of 1 dir-threads; 0.00% per-thread avg)  msgs=4
[CPU memory  ] process=  1.25% of 80 cores   system=  1.27%   (window 2s)

----- REMOTE CPU LOAD (memory node dir-threads, 2s window) -----
  dir 0: active=  0.00%  msgs=4           403 ns/msg
  AGGREGATE active = 0.00% (of 1 dir-threads; 0.00% per-thread avg)  msgs=4
[CPU memory  ] process=  1.25% of 80 cores   system=  1.27%   (window 2s)

----- REMOTE CPU LOAD (memory node dir-threads, 2s window) -----
  dir 0: active=  0.00%  msgs=4           458 ns/msg
  AGGREGATE active = 0.00% (of 1 dir-threads; 0.00% per-thread avg)  msgs=4
[CPU memory  ] process=  1.26% of 80 cores   system=  1.26%   (window 2s)

----- REMOTE CPU LOAD (memory node dir-threads, 2s window) -----
  dir 0: active=  0.00%  msgs=4           378 ns/msg
  AGGREGATE active = 0.00% (of 1 dir-threads; 0.00% per-thread avg)  msgs=4
[CPU memory  ] process=  1.25% of 80 cores   system=  1.29%   (window 2s)

----- REMOTE CPU LOAD (memory node dir-threads, 2s window) -----
  dir 0: active=  0.00%  msgs=3           355 ns/msg
  AGGREGATE active = 0.00% (of 1 dir-threads; 0.00% per-thread avg)  msgs=3
[CPU memory  ] process=  1.25% of 80 cores   system=  1.26%   (window 2s)

----- REMOTE CPU LOAD (memory node dir-threads, 2s window) -----
  dir 0: active=  0.00%  msgs=4           343 ns/msg
  AGGREGATE active = 0.00% (of 1 dir-threads; 0.00% per-thread avg)  msgs=4
[CPU memory  ] process=  1.25% of 80 cores   system=  1.31%   (window 2s)

----- REMOTE CPU LOAD (memory node dir-threads, 2s window) -----
  dir 0: active=  0.00%  msgs=4           310 ns/msg
  AGGREGATE active = 0.00% (of 1 dir-threads; 0.00% per-thread avg)  msgs=4
[CPU memory  ] process=  1.25% of 80 cores   system=  1.26%   (window 2s)

----- REMOTE CPU LOAD (memory node dir-threads, 2s window) -----
  dir 0: active=  0.00%  msgs=4           410 ns/msg
  AGGREGATE active = 0.00% (of 1 dir-threads; 0.00% per-thread avg)  msgs=4
[CPU memory  ] process=  1.25% of 80 cores   system=  1.26%   (window 2s)

----- REMOTE CPU LOAD (memory node dir-threads, 2s window) -----
  dir 0: active=  0.00%  msgs=4           326 ns/msg
  AGGREGATE active = 0.00% (of 1 dir-threads; 0.00% per-thread avg)  msgs=4
[CPU memory  ] process=  1.25% of 80 cores   system=  1.27%   (window 2s)

----- REMOTE CPU LOAD (memory node dir-threads, 2s window) -----
  dir 0: active=  0.00%  msgs=4           397 ns/msg
  AGGREGATE active = 0.00% (of 1 dir-threads; 0.00% per-thread avg)  msgs=4
[CPU memory  ] process=  1.26% of 80 cores   system=  1.26%   (window 2s)

----- REMOTE CPU LOAD (memory node dir-threads, 2s window) -----
  dir 0: active=  0.00%  msgs=3           266 ns/msg
  AGGREGATE active = 0.00% (of 1 dir-threads; 0.00% per-thread avg)  msgs=3
[CPU memory  ] process=  1.25% of 80 cores   system=  1.28%   (window 2s)

----- REMOTE CPU LOAD (memory node dir-threads, 2s window) -----
  dir 0: active=  0.00%  msgs=4           363 ns/msg
  AGGREGATE active = 0.00% (of 1 dir-threads; 0.00% per-thread avg)  msgs=4
[CPU memory  ] process=  1.25% of 80 cores   system=  1.29%   (window 2s)

----- REMOTE CPU LOAD (memory node dir-threads, 2s window) -----
  dir 0: active=  0.00%  msgs=4           387 ns/msg
  AGGREGATE active = 0.00% (of 1 dir-threads; 0.00% per-thread avg)  msgs=4
[CPU memory  ] process=  1.25% of 80 cores   system=  1.26%   (window 2s)

----- REMOTE CPU LOAD (memory node dir-threads, 2s window) -----
  dir 0: active=  0.00%  msgs=3           355 ns/msg
  AGGREGATE active = 0.00% (of 1 dir-threads; 0.00% per-thread avg)  msgs=3
[CPU memory  ] process=  1.26% of 80 cores   system=  1.28%   (window 2s)

----- REMOTE CPU LOAD (memory node dir-threads, 2s window) -----
  dir 0: active=  0.00%  msgs=0           0 ns/msg
  AGGREGATE active = 0.00% (of 1 dir-threads; 0.00% per-thread avg)  msgs=0
[CPU memory  ] process=  1.25% of 80 cores   system=  1.27%   (window 2s)

----- REMOTE CPU LOAD (memory node dir-threads, 2s window) -----
  dir 0: active=  0.00%  msgs=0           0 ns/msg
  AGGREGATE active = 0.00% (of 1 dir-threads; 0.00% per-thread avg)  msgs=0
[CPU memory  ] process=  1.24% of 80 cores   system=  1.27%   (window 2s)

----- REMOTE CPU LOAD (memory node dir-threads, 2s window) -----
  dir 0: active=  0.00%  msgs=0           0 ns/msg
  AGGREGATE active = 0.00% (of 1 dir-threads; 0.00% per-thread avg)  msgs=0
[CPU memory  ] process=  1.25% of 80 cores   system=  1.27%   (window 2s)

----- REMOTE CPU LOAD (memory node dir-threads, 2s window) -----
  dir 0: active=  0.00%  msgs=0           0 ns/msg
  AGGREGATE active = 0.00% (of 1 dir-threads; 0.00% per-thread avg)  msgs=0
[CPU memory  ] process=  1.25% of 80 cores   system=  1.29%   (window 2s)

----- REMOTE CPU LOAD (memory node dir-threads, 2s window) -----
  dir 0: active=  0.00%  msgs=0           0 ns/msg
  AGGREGATE active = 0.00% (of 1 dir-threads; 0.00% per-thread avg)  msgs=0
[CPU memory  ] process=  1.26% of 80 cores   system=  1.27%   (window 2s)

----- REMOTE CPU LOAD (memory node dir-threads, 2s window) -----
  dir 0: active=  0.00%  msgs=0           0 ns/msg
  AGGREGATE active = 0.00% (of 1 dir-threads; 0.00% per-thread avg)  msgs=0
[CPU memory  ] process=  1.25% of 80 cores   system=  1.26%   (window 2s)

----- REMOTE CPU LOAD (memory node dir-threads, 2s window) -----
  dir 0: active= 79.76%  msgs=967516      1649 ns/msg
  AGGREGATE active = 79.76% (of 1 dir-threads; 79.76% per-thread avg)  msgs=967516
[CPU memory  ] process=  1.25% of 80 cores   system=  1.28%   (window 2s)

----- REMOTE CPU LOAD (memory node dir-threads, 2s window) -----
  dir 0: active= 87.50%  msgs=1070285     1635 ns/msg
  AGGREGATE active = 87.50% (of 1 dir-threads; 87.50% per-thread avg)  msgs=1070285
[CPU memory  ] process=  1.25% of 80 cores   system=  1.26%   (window 2s)

----- REMOTE CPU LOAD (memory node dir-threads, 2s window) -----
  dir 0: active= 87.51%  msgs=1069548     1636 ns/msg
  AGGREGATE active = 87.51% (of 1 dir-threads; 87.51% per-thread avg)  msgs=1069548
[CPU memory  ] process=  1.25% of 80 cores   system=  1.26%   (window 2s)

----- REMOTE CPU LOAD (memory node dir-threads, 2s window) -----
  dir 0: active= 87.52%  msgs=1068788     1638 ns/msg
  AGGREGATE active = 87.52% (of 1 dir-threads; 87.52% per-thread avg)  msgs=1068788
[CPU memory  ] process=  1.25% of 80 cores   system=  1.32%   (window 2s)

----- REMOTE CPU LOAD (memory node dir-threads, 2s window) -----
  dir 0: active= 87.50%  msgs=1069344     1637 ns/msg
  AGGREGATE active = 87.50% (of 1 dir-threads; 87.50% per-thread avg)  msgs=1069344
[CPU memory  ] process=  1.24% of 80 cores   system=  1.26%   (window 2s)

----- REMOTE CPU LOAD (memory node dir-threads, 2s window) -----
  dir 0: active= 87.52%  msgs=1067827     1639 ns/msg
  AGGREGATE active = 87.52% (of 1 dir-threads; 87.52% per-thread avg)  msgs=1067827
[CPU memory  ] process=  1.25% of 80 cores   system=  1.27%   (window 2s)

----- REMOTE CPU LOAD (memory node dir-threads, 2s window) -----
  dir 0: active= 87.50%  msgs=1069564     1636 ns/msg
  AGGREGATE active = 87.50% (of 1 dir-threads; 87.50% per-thread avg)  msgs=1069564
[CPU memory  ] process=  1.26% of 80 cores   system=  1.27%   (window 2s)

----- REMOTE CPU LOAD (memory node dir-threads, 2s window) -----
  dir 0: active= 87.53%  msgs=1068523     1638 ns/msg
  AGGREGATE active = 87.53% (of 1 dir-threads; 87.53% per-thread avg)  msgs=1068523
[CPU memory  ] process=  1.25% of 80 cores   system=  1.25%   (window 2s)

----- REMOTE CPU LOAD (memory node dir-threads, 2s window) -----
  dir 0: active= 87.50%  msgs=1068940     1637 ns/msg
  AGGREGATE active = 87.50% (of 1 dir-threads; 87.50% per-thread avg)  msgs=1068940
[CPU memory  ] process=  1.24% of 80 cores   system=  1.28%   (window 2s)

----- REMOTE CPU LOAD (memory node dir-threads, 2s window) -----
  dir 0: active= 87.51%  msgs=1069127     1637 ns/msg
  AGGREGATE active = 87.51% (of 1 dir-threads; 87.51% per-thread avg)  msgs=1069127
[CPU memory  ] process=  1.25% of 80 cores   system=  1.29%   (window 2s)

----- REMOTE CPU LOAD (memory node dir-threads, 2s window) -----
  dir 0: active= 87.52%  msgs=1068385     1638 ns/msg
  AGGREGATE active = 87.52% (of 1 dir-threads; 87.52% per-thread avg)  msgs=1068385
[CPU memory  ] process=  1.25% of 80 cores   system=  1.27%   (window 2s)

----- REMOTE CPU LOAD (memory node dir-threads, 2s window) -----
  dir 0: active= 87.51%  msgs=1068627     1638 ns/msg
  AGGREGATE active = 87.51% (of 1 dir-threads; 87.51% per-thread avg)  msgs=1068627
[CPU memory  ] process=  1.25% of 80 cores   system=  1.27%   (window 2s)

----- REMOTE CPU LOAD (memory node dir-threads, 2s window) -----
  dir 0: active= 87.51%  msgs=1069839     1636 ns/msg
  AGGREGATE active = 87.51% (of 1 dir-threads; 87.51% per-thread avg)  msgs=1069839
[CPU memory  ] process=  1.25% of 80 cores   system=  1.26%   (window 2s)

----- REMOTE CPU LOAD (memory node dir-threads, 2s window) -----
  dir 0: active= 87.51%  msgs=1070111     1636 ns/msg
  AGGREGATE active = 87.51% (of 1 dir-threads; 87.51% per-thread avg)  msgs=1070111
[CPU memory  ] process=  1.25% of 80 cores   system=  1.27%   (window 2s)

----- REMOTE CPU LOAD (memory node dir-threads, 2s window) -----
  dir 0: active= 87.52%  msgs=1069384     1637 ns/msg
  AGGREGATE active = 87.52% (of 1 dir-threads; 87.52% per-thread avg)  msgs=1069384
[CPU memory  ] process=  1.25% of 80 cores   system=  1.27%   (window 2s)

----- REMOTE CPU LOAD (memory node dir-threads, 2s window) -----
  dir 0: active= 87.51%  msgs=1068983     1637 ns/msg
  AGGREGATE active = 87.51% (of 1 dir-threads; 87.51% per-thread avg)  msgs=1068983
[CPU memory  ] process=  1.24% of 80 cores   system=  1.31%   (window 2s)

----- REMOTE CPU LOAD (memory node dir-threads, 2s window) -----
  dir 0: active= 83.64%  msgs=1022750     1636 ns/msg
  AGGREGATE active = 83.64% (of 1 dir-threads; 83.64% per-thread avg)  msgs=1022750
[CPU memory  ] process=  1.26% of 80 cores   system=  1.26%   (window 2s)

----- REMOTE CPU LOAD (memory node dir-threads, 2s window) -----
  dir 0: active=  0.00%  msgs=0           0 ns/msg
  AGGREGATE active = 0.00% (of 1 dir-threads; 0.00% per-thread avg)  msgs=0
[CPU memory  ] process=  1.24% of 80 cores   system=  1.26%   (window 2s)

----- REMOTE CPU LOAD (memory node dir-threads, 2s window) -----
  dir 0: active=  0.00%  msgs=0           0 ns/msg
  AGGREGATE active = 0.00% (of 1 dir-threads; 0.00% per-thread avg)  msgs=0
[CPU memory  ] process=  1.26% of 80 cores   system=  1.27%   (window 2s)
Avg. rdma read time(ms) = -nan
Avg. rdma write time(ms) = -nan
Avg. rdma read / op = -nan
Avg. rdma write / op = -nan
Avg. rdma cas / op = -nan
Avg. rdma rpc / op = -nan
Avg. all rdma / op = -nan
Avg. rdma read size/ op = -nan
Avg. rdma write size / op = -nan
Avg. rdma RW size / op = -nan
