Compute node count = 1
kNodeCount 2, kReadRatio 0, kInsertRatio 0, kUpdateRatio 0, kDeleteRatio 0, kRangeRatio 100, totalThreadCount 36, memThreadCount 8 cache_size 32, uniform_workload 0, zipfian 0.990000, bulk_load_num 50000000, warmup_num 10000000, op_num 30000000, check_correctness 0, time_based 0, early_stop 1, index 0, rpc_rate 1.000000, admission_rate 0.100000, auto_tune 0
kMaxThread = 36
KeySpace = 50001000
[GEOMETRY] inner_page=160 leaf_page=512 inner_entries=5 leaf_entries=26 slot=512 placement=mn_only
[4mshared memory size: 64GB, 0x7f33d5600000[0m
[4mcache size: 2GB[0m
[4mMachine NR: 2[0m
[4mMax_APP_THREAD: 80[0m
[4mNR_DIRECTORY: 16[0m
[4mStart Build the DSMKeeper[0m
I am servers 1 [253.127.0.0]
I connect server 0
[4mdir 0 launch! (core 79 of 80)
[0m
[4mdir 1 launch! (core 78 of 80)
[0m
[4mdir 2 launch! (core 77 of 80)
[0m
[4mdir 5 launch! (core 74 of 80)
[0m
[4mdir 6 launch! (core 73 of 80)
[0m
[4mdir 7 launch! (core 72 of 80)
[0m
[4mdir 4 launch! (core 75 of 80)
[0m
[4mdir 3 launch! (core 76 of 80)
[0m
Before barrier finish

----- REMOTE CPU LOAD (memory node dir-threads, 2s window) -----
  dir 0: active=  0.00%  msgs=1           3784 ns/msg
  dir 1: active=  0.00%  msgs=0           0 ns/msg
  dir 2: active=  0.00%  msgs=0           0 ns/msg
  dir 3: active=  0.00%  msgs=0           0 ns/msg
  dir 4: active=  0.00%  msgs=0           0 ns/msg
  dir 5: active=  0.00%  msgs=0           0 ns/msg
  dir 6: active=  0.00%  msgs=0           0 ns/msg
  dir 7: active=  0.00%  msgs=0           0 ns/msg
  AGGREGATE active = 0.00% (of 8 dir-threads; 0.00% per-thread avg)  msgs=1
[CPU memory  ] process=  9.97% of 80 cores   system= 10.02%   (window 2s)

----- REMOTE CPU LOAD (memory node dir-threads, 2s window) -----
  dir 0: active=  0.00%  msgs=0           0 ns/msg
  dir 1: active=  0.00%  msgs=0           0 ns/msg
  dir 2: active=  0.00%  msgs=0           0 ns/msg
  dir 3: active=  0.00%  msgs=0           0 ns/msg
  dir 4: active=  0.00%  msgs=0           0 ns/msg
  dir 5: active=  0.00%  msgs=0           0 ns/msg
  dir 6: active=  0.00%  msgs=0           0 ns/msg
  dir 7: active=  0.00%  msgs=0           0 ns/msg
  AGGREGATE active = 0.00% (of 8 dir-threads; 0.00% per-thread avg)  msgs=0
[CPU memory  ] process=  9.98% of 80 cores   system= 10.07%   (window 2s)

----- REMOTE CPU LOAD (memory node dir-threads, 2s window) -----
  dir 0: active=  0.00%  msgs=0           0 ns/msg
  dir 1: active=  0.00%  msgs=0           0 ns/msg
  dir 2: active=  0.00%  msgs=0           0 ns/msg
  dir 3: active=  0.00%  msgs=0           0 ns/msg
  dir 4: active=  0.00%  msgs=0           0 ns/msg
  dir 5: active=  0.00%  msgs=0           0 ns/msg
  dir 6: active=  0.00%  msgs=0           0 ns/msg
  dir 7: active=  0.00%  msgs=0           0 ns/msg
  AGGREGATE active = 0.00% (of 8 dir-threads; 0.00% per-thread avg)  msgs=0
[CPU memory  ] process=  9.99% of 80 cores   system= 10.03%   (window 2s)

----- REMOTE CPU LOAD (memory node dir-threads, 2s window) -----
  dir 0: active=  0.00%  msgs=0           0 ns/msg
  dir 1: active=  0.00%  msgs=0           0 ns/msg
  dir 2: active=  0.00%  msgs=0           0 ns/msg
  dir 3: active=  0.00%  msgs=0           0 ns/msg
  dir 4: active=  0.00%  msgs=0           0 ns/msg
  dir 5: active=  0.00%  msgs=0           0 ns/msg
  dir 6: active=  0.00%  msgs=0           0 ns/msg
  dir 7: active=  0.00%  msgs=0           0 ns/msg
  AGGREGATE active = 0.00% (of 8 dir-threads; 0.00% per-thread avg)  msgs=0
[CPU memory  ] process=  9.97% of 80 cores   system= 10.02%   (window 2s)

----- REMOTE CPU LOAD (memory node dir-threads, 2s window) -----
  dir 0: active=  0.00%  msgs=0           0 ns/msg
  dir 1: active=  0.00%  msgs=0           0 ns/msg
  dir 2: active=  0.00%  msgs=0           0 ns/msg
  dir 3: active=  0.00%  msgs=0           0 ns/msg
  dir 4: active=  0.00%  msgs=0           0 ns/msg
  dir 5: active=  0.00%  msgs=0           0 ns/msg
  dir 6: active=  0.00%  msgs=0           0 ns/msg
  dir 7: active=  0.00%  msgs=0           0 ns/msg
  AGGREGATE active = 0.00% (of 8 dir-threads; 0.00% per-thread avg)  msgs=0
[CPU memory  ] process=  9.97% of 80 cores   system= 10.03%   (window 2s)

----- REMOTE CPU LOAD (memory node dir-threads, 2s window) -----
  dir 0: active=  0.00%  msgs=0           0 ns/msg
  dir 1: active=  0.00%  msgs=0           0 ns/msg
  dir 2: active=  0.00%  msgs=0           0 ns/msg
  dir 3: active=  0.00%  msgs=0           0 ns/msg
  dir 4: active=  0.00%  msgs=0           0 ns/msg
  dir 5: active=  0.00%  msgs=0           0 ns/msg
  dir 6: active=  0.00%  msgs=0           0 ns/msg
  dir 7: active=  0.00%  msgs=0           0 ns/msg
  AGGREGATE active = 0.00% (of 8 dir-threads; 0.00% per-thread avg)  msgs=0
[CPU memory  ] process=  9.98% of 80 cores   system= 10.02%   (window 2s)

----- REMOTE CPU LOAD (memory node dir-threads, 2s window) -----
  dir 0: active=  0.00%  msgs=0           0 ns/msg
  dir 1: active=  0.00%  msgs=0           0 ns/msg
  dir 2: active=  0.00%  msgs=0           0 ns/msg
  dir 3: active=  0.00%  msgs=0           0 ns/msg
  dir 4: active=  0.00%  msgs=0           0 ns/msg
  dir 5: active=  0.00%  msgs=0           0 ns/msg
  dir 6: active=  0.00%  msgs=0           0 ns/msg
  dir 7: active=  0.00%  msgs=0           0 ns/msg
  AGGREGATE active = 0.00% (of 8 dir-threads; 0.00% per-thread avg)  msgs=0
[CPU memory  ] process=  9.97% of 80 cores   system= 10.05%   (window 2s)

----- REMOTE CPU LOAD (memory node dir-threads, 2s window) -----
  dir 0: active=  0.00%  msgs=0           0 ns/msg
  dir 1: active=  0.00%  msgs=1           3539 ns/msg
  dir 2: active=  0.00%  msgs=1           2074 ns/msg
  dir 3: active=  0.00%  msgs=1           2041 ns/msg
  dir 4: active=  0.00%  msgs=0           0 ns/msg
  dir 5: active=  0.00%  msgs=0           0 ns/msg
  dir 6: active=  0.00%  msgs=0           0 ns/msg
  dir 7: active=  0.00%  msgs=0           0 ns/msg
  AGGREGATE active = 0.00% (of 8 dir-threads; 0.00% per-thread avg)  msgs=3
[CPU memory  ] process=  9.99% of 80 cores   system= 10.05%   (window 2s)

----- REMOTE CPU LOAD (memory node dir-threads, 2s window) -----
  dir 0: active=  0.00%  msgs=1           924 ns/msg
  dir 1: active=  0.00%  msgs=0           0 ns/msg
  dir 2: active=  0.00%  msgs=0           0 ns/msg
  dir 3: active=  0.00%  msgs=0           0 ns/msg
  dir 4: active=  0.00%  msgs=1           1982 ns/msg
  dir 5: active=  0.00%  msgs=1           2627 ns/msg
  dir 6: active=  0.00%  msgs=1           2351 ns/msg
  dir 7: active=  0.00%  msgs=1           1923 ns/msg
  AGGREGATE active = 0.00% (of 8 dir-threads; 0.00% per-thread avg)  msgs=5
[CPU memory  ] process=  9.98% of 80 cores   system= 10.02%   (window 2s)

----- REMOTE CPU LOAD (memory node dir-threads, 2s window) -----
  dir 0: active=  0.00%  msgs=0           0 ns/msg
  dir 1: active=  0.00%  msgs=1           1372 ns/msg
  dir 2: active=  0.00%  msgs=1           427 ns/msg
  dir 3: active=  0.00%  msgs=1           523 ns/msg
  dir 4: active=  0.00%  msgs=1           253 ns/msg
  dir 5: active=  0.00%  msgs=0           0 ns/msg
  dir 6: active=  0.00%  msgs=0           0 ns/msg
  dir 7: active=  0.00%  msgs=0           0 ns/msg
  AGGREGATE active = 0.00% (of 8 dir-threads; 0.00% per-thread avg)  msgs=4
[CPU memory  ] process=  9.97% of 80 cores   system= 10.04%   (window 2s)

----- REMOTE CPU LOAD (memory node dir-threads, 2s window) -----
  dir 0: active=  0.00%  msgs=1           267 ns/msg
  dir 1: active=  0.00%  msgs=0           0 ns/msg
  dir 2: active=  0.00%  msgs=0           0 ns/msg
  dir 3: active=  0.00%  msgs=0           0 ns/msg
  dir 4: active=  0.00%  msgs=0           0 ns/msg
  dir 5: active=  0.00%  msgs=1           871 ns/msg
  dir 6: active=  0.00%  msgs=1           283 ns/msg
  dir 7: active=  0.00%  msgs=1           498 ns/msg
  AGGREGATE active = 0.00% (of 8 dir-threads; 0.00% per-thread avg)  msgs=4
[CPU memory  ] process=  9.98% of 80 cores   system= 10.02%   (window 2s)

----- REMOTE CPU LOAD (memory node dir-threads, 2s window) -----
  dir 0: active=  0.00%  msgs=0           0 ns/msg
  dir 1: active=  0.00%  msgs=1           1538 ns/msg
  dir 2: active=  0.00%  msgs=1           235 ns/msg
  dir 3: active=  0.00%  msgs=1           536 ns/msg
  dir 4: active=  0.00%  msgs=1           214 ns/msg
  dir 5: active=  0.00%  msgs=1           877 ns/msg
  dir 6: active=  0.00%  msgs=0           0 ns/msg
  dir 7: active=  0.00%  msgs=0           0 ns/msg
  AGGREGATE active = 0.00% (of 8 dir-threads; 0.00% per-thread avg)  msgs=5
[CPU memory  ] process=  9.98% of 80 cores   system= 10.03%   (window 2s)

----- REMOTE CPU LOAD (memory node dir-threads, 2s window) -----
  dir 0: active=  0.00%  msgs=1           286 ns/msg
  dir 1: active=  0.00%  msgs=1           840 ns/msg
  dir 2: active=  0.00%  msgs=0           0 ns/msg
  dir 3: active=  0.00%  msgs=0           0 ns/msg
  dir 4: active=  0.00%  msgs=0           0 ns/msg
  dir 5: active=  0.00%  msgs=0           0 ns/msg
  dir 6: active=  0.00%  msgs=1           192 ns/msg
  dir 7: active=  0.00%  msgs=1           647 ns/msg
  AGGREGATE active = 0.00% (of 8 dir-threads; 0.00% per-thread avg)  msgs=4
[CPU memory  ] process=  9.97% of 80 cores   system= 10.03%   (window 2s)

----- REMOTE CPU LOAD (memory node dir-threads, 2s window) -----
  dir 0: active=  0.00%  msgs=0           0 ns/msg
  dir 1: active=  0.00%  msgs=0           0 ns/msg
  dir 2: active=  0.00%  msgs=1           291 ns/msg
  dir 3: active=  0.00%  msgs=1           573 ns/msg
  dir 4: active=  0.00%  msgs=1           350 ns/msg
  dir 5: active=  0.00%  msgs=1           896 ns/msg
  dir 6: active=  0.00%  msgs=1           321 ns/msg
  dir 7: active=  0.00%  msgs=0           0 ns/msg
  AGGREGATE active = 0.00% (of 8 dir-threads; 0.00% per-thread avg)  msgs=5
[CPU memory  ] process=  9.98% of 80 cores   system= 10.04%   (window 2s)

----- REMOTE CPU LOAD (memory node dir-threads, 2s window) -----
  dir 0: active=  0.00%  msgs=1           406 ns/msg
  dir 1: active=  0.00%  msgs=1           729 ns/msg
  dir 2: active=  0.00%  msgs=1           669 ns/msg
  dir 3: active=  0.00%  msgs=0           0 ns/msg
  dir 4: active=  0.00%  msgs=0           0 ns/msg
  dir 5: active=  0.00%  msgs=0           0 ns/msg
  dir 6: active=  0.00%  msgs=0           0 ns/msg
  dir 7: active=  0.00%  msgs=1           557 ns/msg
  AGGREGATE active = 0.00% (of 8 dir-threads; 0.00% per-thread avg)  msgs=4
[CPU memory  ] process=  9.97% of 80 cores   system= 10.03%   (window 2s)

----- REMOTE CPU LOAD (memory node dir-threads, 2s window) -----
  dir 0: active=  0.00%  msgs=0           0 ns/msg
  dir 1: active=  0.00%  msgs=0           0 ns/msg
  dir 2: active=  0.00%  msgs=0           0 ns/msg
  dir 3: active=  0.00%  msgs=1           480 ns/msg
  dir 4: active=  0.00%  msgs=1           286 ns/msg
  dir 5: active=  0.00%  msgs=1           691 ns/msg
  dir 6: active=  0.00%  msgs=1           250 ns/msg
  dir 7: active=  0.00%  msgs=0           0 ns/msg
  AGGREGATE active = 0.00% (of 8 dir-threads; 0.00% per-thread avg)  msgs=4
[CPU memory  ] process=  9.98% of 80 cores   system= 10.02%   (window 2s)

----- REMOTE CPU LOAD (memory node dir-threads, 2s window) -----
  dir 0: active=  0.00%  msgs=1           527 ns/msg
  dir 1: active=  0.00%  msgs=1           821 ns/msg
  dir 2: active=  0.00%  msgs=1           325 ns/msg
  dir 3: active=  0.00%  msgs=1           478 ns/msg
  dir 4: active=  0.00%  msgs=0           0 ns/msg
  dir 5: active=  0.00%  msgs=0           0 ns/msg
  dir 6: active=  0.00%  msgs=0           0 ns/msg
  dir 7: active=  0.00%  msgs=1           654 ns/msg
  AGGREGATE active = 0.00% (of 8 dir-threads; 0.00% per-thread avg)  msgs=5
[CPU memory  ] process=  9.98% of 80 cores   system= 10.04%   (window 2s)

----- REMOTE CPU LOAD (memory node dir-threads, 2s window) -----
  dir 0: active=  0.00%  msgs=0           0 ns/msg
  dir 1: active=  0.00%  msgs=0           0 ns/msg
  dir 2: active=  0.00%  msgs=0           0 ns/msg
  dir 3: active=  0.00%  msgs=0           0 ns/msg
  dir 4: active=  0.00%  msgs=1           405 ns/msg
  dir 5: active=  0.00%  msgs=1           906 ns/msg
  dir 6: active=  0.00%  msgs=1           396 ns/msg
  dir 7: active=  0.00%  msgs=1           508 ns/msg
  AGGREGATE active = 0.00% (of 8 dir-threads; 0.00% per-thread avg)  msgs=4
[CPU memory  ] process=  9.98% of 80 cores   system= 10.02%   (window 2s)

----- REMOTE CPU LOAD (memory node dir-threads, 2s window) -----
  dir 0: active=  0.00%  msgs=1           420 ns/msg
  dir 1: active=  0.00%  msgs=1           830 ns/msg
  dir 2: active=  0.00%  msgs=1           297 ns/msg
  dir 3: active=  0.00%  msgs=1           450 ns/msg
  dir 4: active=  0.00%  msgs=0           0 ns/msg
  dir 5: active=  0.00%  msgs=0           0 ns/msg
  dir 6: active=  0.00%  msgs=0           0 ns/msg
  dir 7: active=  0.00%  msgs=0           0 ns/msg
  AGGREGATE active = 0.00% (of 8 dir-threads; 0.00% per-thread avg)  msgs=4
[CPU memory  ] process=  9.97% of 80 cores   system= 10.06%   (window 2s)

----- REMOTE CPU LOAD (memory node dir-threads, 2s window) -----
  dir 0: active=  0.00%  msgs=1           438 ns/msg
  dir 1: active=  0.00%  msgs=0           0 ns/msg
  dir 2: active=  0.00%  msgs=0           0 ns/msg
  dir 3: active=  0.00%  msgs=0           0 ns/msg
  dir 4: active=  0.00%  msgs=1           584 ns/msg
  dir 5: active=  0.00%  msgs=1           680 ns/msg
  dir 6: active=  0.00%  msgs=1           426 ns/msg
  dir 7: active=  0.00%  msgs=1           478 ns/msg
  AGGREGATE active = 0.00% (of 8 dir-threads; 0.00% per-thread avg)  msgs=5
[CPU memory  ] process=  9.98% of 80 cores   system= 10.04%   (window 2s)

----- REMOTE CPU LOAD (memory node dir-threads, 2s window) -----
  dir 0: active=  0.00%  msgs=0           0 ns/msg
  dir 1: active=  0.00%  msgs=1           1027 ns/msg
  dir 2: active=  0.00%  msgs=1           351 ns/msg
  dir 3: active=  0.00%  msgs=1           403 ns/msg
  dir 4: active=  0.00%  msgs=1           371 ns/msg
  dir 5: active=  0.00%  msgs=0           0 ns/msg
  dir 6: active=  0.00%  msgs=0           0 ns/msg
  dir 7: active=  0.00%  msgs=0           0 ns/msg
  AGGREGATE active = 0.00% (of 8 dir-threads; 0.00% per-thread avg)  msgs=4
[CPU memory  ] process=  9.99% of 80 cores   system= 10.02%   (window 2s)

----- REMOTE CPU LOAD (memory node dir-threads, 2s window) -----
  dir 0: active=  0.00%  msgs=1           436 ns/msg
  dir 1: active=  0.00%  msgs=0           0 ns/msg
  dir 2: active=  0.00%  msgs=0           0 ns/msg
  dir 3: active=  0.00%  msgs=0           0 ns/msg
  dir 4: active=  0.00%  msgs=0           0 ns/msg
  dir 5: active=  0.00%  msgs=1           546 ns/msg
  dir 6: active=  0.00%  msgs=1           333 ns/msg
  dir 7: active=  0.00%  msgs=1           363 ns/msg
  AGGREGATE active = 0.00% (of 8 dir-threads; 0.00% per-thread avg)  msgs=4
[CPU memory  ] process=  9.97% of 80 cores   system= 10.05%   (window 2s)

----- REMOTE CPU LOAD (memory node dir-threads, 2s window) -----
  dir 0: active=  0.00%  msgs=0           0 ns/msg
  dir 1: active=  0.00%  msgs=1           724 ns/msg
  dir 2: active=  0.00%  msgs=1           296 ns/msg
  dir 3: active=  0.00%  msgs=1           475 ns/msg
  dir 4: active=  0.00%  msgs=1           251 ns/msg
  dir 5: active=  0.00%  msgs=1           639 ns/msg
  dir 6: active=  0.00%  msgs=0           0 ns/msg
  dir 7: active=  0.00%  msgs=0           0 ns/msg
  AGGREGATE active = 0.00% (of 8 dir-threads; 0.00% per-thread avg)  msgs=5
[CPU memory  ] process=  9.98% of 80 cores   system= 10.01%   (window 2s)

----- REMOTE CPU LOAD (memory node dir-threads, 2s window) -----
  dir 0: active=  0.00%  msgs=1           306 ns/msg
  dir 1: active=  0.00%  msgs=1           602 ns/msg
  dir 2: active=  0.00%  msgs=0           0 ns/msg
  dir 3: active=  0.00%  msgs=0           0 ns/msg
  dir 4: active=  0.00%  msgs=0           0 ns/msg
  dir 5: active=  0.00%  msgs=0           0 ns/msg
  dir 6: active=  0.00%  msgs=1           439 ns/msg
  dir 7: active=  0.00%  msgs=1           407 ns/msg
  AGGREGATE active = 0.00% (of 8 dir-threads; 0.00% per-thread avg)  msgs=4
[CPU memory  ] process=  9.98% of 80 cores   system= 10.02%   (window 2s)

----- REMOTE CPU LOAD (memory node dir-threads, 2s window) -----
  dir 0: active=  0.00%  msgs=0           0 ns/msg
  dir 1: active=  0.00%  msgs=0           0 ns/msg
  dir 2: active=  0.00%  msgs=1           312 ns/msg
  dir 3: active=  0.00%  msgs=1           524 ns/msg
  dir 4: active=  0.00%  msgs=1           282 ns/msg
  dir 5: active=  0.00%  msgs=1           611 ns/msg
  dir 6: active=  0.00%  msgs=0           0 ns/msg
  dir 7: active=  0.00%  msgs=0           0 ns/msg
  AGGREGATE active = 0.00% (of 8 dir-threads; 0.00% per-thread avg)  msgs=4
[CPU memory  ] process=  9.97% of 80 cores   system= 10.06%   (window 2s)

----- REMOTE CPU LOAD (memory node dir-threads, 2s window) -----
  dir 0: active=  0.00%  msgs=1           407 ns/msg
  dir 1: active=  0.00%  msgs=1           710 ns/msg
  dir 2: active=  0.00%  msgs=0           0 ns/msg
  dir 3: active=  0.00%  msgs=0           0 ns/msg
  dir 4: active=  0.00%  msgs=0           0 ns/msg
  dir 5: active=  0.00%  msgs=0           0 ns/msg
  dir 6: active=  0.00%  msgs=1           226 ns/msg
  dir 7: active=  0.00%  msgs=1           486 ns/msg
  AGGREGATE active = 0.00% (of 8 dir-threads; 0.00% per-thread avg)  msgs=4
[CPU memory  ] process=  9.98% of 80 cores   system= 10.02%   (window 2s)

----- REMOTE CPU LOAD (memory node dir-threads, 2s window) -----
  dir 0: active=  0.00%  msgs=0           0 ns/msg
  dir 1: active=  0.00%  msgs=0           0 ns/msg
  dir 2: active=  0.00%  msgs=1           375 ns/msg
  dir 3: active=  0.00%  msgs=1           515 ns/msg
  dir 4: active=  0.00%  msgs=1           327 ns/msg
  dir 5: active=  0.00%  msgs=1           676 ns/msg
  dir 6: active=  0.00%  msgs=1           539 ns/msg
  dir 7: active=  0.00%  msgs=0           0 ns/msg
  AGGREGATE active = 0.00% (of 8 dir-threads; 0.00% per-thread avg)  msgs=5
[CPU memory  ] process=  9.98% of 80 cores   system= 10.04%   (window 2s)

----- REMOTE CPU LOAD (memory node dir-threads, 2s window) -----
  dir 0: active=  0.00%  msgs=1           529 ns/msg
  dir 1: active=  0.00%  msgs=1           572 ns/msg
  dir 2: active=  0.00%  msgs=1           486 ns/msg
  dir 3: active=  0.00%  msgs=0           0 ns/msg
  dir 4: active=  0.00%  msgs=0           0 ns/msg
  dir 5: active=  0.00%  msgs=0           0 ns/msg
  dir 6: active=  0.00%  msgs=0           0 ns/msg
  dir 7: active=  0.00%  msgs=1           404 ns/msg
  AGGREGATE active = 0.00% (of 8 dir-threads; 0.00% per-thread avg)  msgs=4
[CPU memory  ] process=  9.98% of 80 cores   system= 10.02%   (window 2s)

----- REMOTE CPU LOAD (memory node dir-threads, 2s window) -----
  dir 0: active=  0.00%  msgs=0           0 ns/msg
  dir 1: active=  0.00%  msgs=0           0 ns/msg
  dir 2: active=  0.00%  msgs=0           0 ns/msg
  dir 3: active=  0.00%  msgs=1           456 ns/msg
  dir 4: active=  0.00%  msgs=1           282 ns/msg
  dir 5: active=  0.00%  msgs=1           780 ns/msg
  dir 6: active=  0.00%  msgs=1           324 ns/msg
  dir 7: active=  0.00%  msgs=0           0 ns/msg
  AGGREGATE active = 0.00% (of 8 dir-threads; 0.00% per-thread avg)  msgs=4
[CPU memory  ] process=  9.98% of 80 cores   system= 10.04%   (window 2s)

----- REMOTE CPU LOAD (memory node dir-threads, 2s window) -----
  dir 0: active=  0.00%  msgs=1           560 ns/msg
  dir 1: active=  0.00%  msgs=1           1091 ns/msg
  dir 2: active=  0.00%  msgs=1           359 ns/msg
  dir 3: active=  0.00%  msgs=1           552 ns/msg
  dir 4: active=  0.00%  msgs=0           0 ns/msg
  dir 5: active=  0.00%  msgs=0           0 ns/msg
  dir 6: active=  0.00%  msgs=0           0 ns/msg
  dir 7: active=  0.00%  msgs=1           632 ns/msg
  AGGREGATE active = 0.00% (of 8 dir-threads; 0.00% per-thread avg)  msgs=5
[CPU memory  ] process=  9.97% of 80 cores   system= 10.04%   (window 2s)

----- REMOTE CPU LOAD (memory node dir-threads, 2s window) -----
  dir 0: active=  0.00%  msgs=0           0 ns/msg
  dir 1: active=  0.00%  msgs=0           0 ns/msg
  dir 2: active=  0.00%  msgs=0           0 ns/msg
  dir 3: active=  0.00%  msgs=0           0 ns/msg
  dir 4: active=  0.00%  msgs=1           298 ns/msg
  dir 5: active=  0.00%  msgs=1           601 ns/msg
  dir 6: active=  0.00%  msgs=1           438 ns/msg
  dir 7: active=  0.00%  msgs=1           558 ns/msg
  AGGREGATE active = 0.00% (of 8 dir-threads; 0.00% per-thread avg)  msgs=4
[CPU memory  ] process=  9.98% of 80 cores   system= 10.07%   (window 2s)

----- REMOTE CPU LOAD (memory node dir-threads, 2s window) -----
  dir 0: active=  0.00%  msgs=1           309 ns/msg
  dir 1: active=  0.00%  msgs=1           991 ns/msg
  dir 2: active=  0.00%  msgs=1           215 ns/msg
  dir 3: active=  0.00%  msgs=1           433 ns/msg
  dir 4: active=  0.00%  msgs=0           0 ns/msg
  dir 5: active=  0.00%  msgs=0           0 ns/msg
  dir 6: active=  0.00%  msgs=0           0 ns/msg
  dir 7: active=  0.00%  msgs=0           0 ns/msg
  AGGREGATE active = 0.00% (of 8 dir-threads; 0.00% per-thread avg)  msgs=4
[CPU memory  ] process=  9.97% of 80 cores   system= 10.04%   (window 2s)

----- REMOTE CPU LOAD (memory node dir-threads, 2s window) -----
  dir 0: active=  0.00%  msgs=0           0 ns/msg
  dir 1: active=  0.00%  msgs=0           0 ns/msg
  dir 2: active=  0.00%  msgs=0           0 ns/msg
  dir 3: active=  0.00%  msgs=0           0 ns/msg
  dir 4: active=  0.00%  msgs=1           549 ns/msg
  dir 5: active=  0.00%  msgs=1           562 ns/msg
  dir 6: active=  0.00%  msgs=1           468 ns/msg
  dir 7: active=  0.00%  msgs=1           398 ns/msg
  AGGREGATE active = 0.00% (of 8 dir-threads; 0.00% per-thread avg)  msgs=4
[CPU memory  ] process=  9.98% of 80 cores   system= 10.03%   (window 2s)

----- REMOTE CPU LOAD (memory node dir-threads, 2s window) -----
  dir 0: active=  0.00%  msgs=1           459 ns/msg
  dir 1: active=  0.00%  msgs=1           487 ns/msg
  dir 2: active=  0.00%  msgs=1           444 ns/msg
  dir 3: active=  0.00%  msgs=1           435 ns/msg
  dir 4: active=  0.00%  msgs=1           364 ns/msg
  dir 5: active=  0.00%  msgs=0           0 ns/msg
  dir 6: active=  0.00%  msgs=0           0 ns/msg
  dir 7: active=  0.00%  msgs=0           0 ns/msg
  AGGREGATE active = 0.00% (of 8 dir-threads; 0.00% per-thread avg)  msgs=5
[CPU memory  ] process=  9.98% of 80 cores   system= 10.03%   (window 2s)

----- REMOTE CPU LOAD (memory node dir-threads, 2s window) -----
  dir 0: active=  0.00%  msgs=0           0 ns/msg
  dir 1: active=  0.00%  msgs=0           0 ns/msg
  dir 2: active=  0.00%  msgs=0           0 ns/msg
  dir 3: active=  0.00%  msgs=0           0 ns/msg
  dir 4: active=  0.00%  msgs=0           0 ns/msg
  dir 5: active=  0.00%  msgs=1           614 ns/msg
  dir 6: active=  0.00%  msgs=0           0 ns/msg
  dir 7: active=  0.00%  msgs=0           0 ns/msg
  AGGREGATE active = 0.00% (of 8 dir-threads; 0.00% per-thread avg)  msgs=1
[CPU memory  ] process=  9.98% of 80 cores   system= 10.05%   (window 2s)

----- REMOTE CPU LOAD (memory node dir-threads, 2s window) -----
  dir 0: active=  0.00%  msgs=0           0 ns/msg
  dir 1: active=  0.00%  msgs=0           0 ns/msg
  dir 2: active=  0.00%  msgs=0           0 ns/msg
  dir 3: active=  0.00%  msgs=0           0 ns/msg
  dir 4: active=  0.00%  msgs=0           0 ns/msg
  dir 5: active=  0.00%  msgs=0           0 ns/msg
  dir 6: active=  0.00%  msgs=0           0 ns/msg
  dir 7: active=  0.00%  msgs=0           0 ns/msg
  AGGREGATE active = 0.00% (of 8 dir-threads; 0.00% per-thread avg)  msgs=0
[CPU memory  ] process=  9.97% of 80 cores   system= 10.05%   (window 2s)

----- REMOTE CPU LOAD (memory node dir-threads, 2s window) -----
  dir 0: active=  0.00%  msgs=0           0 ns/msg
  dir 1: active=  0.00%  msgs=0           0 ns/msg
  dir 2: active=  0.00%  msgs=0           0 ns/msg
  dir 3: active=  0.00%  msgs=0           0 ns/msg
  dir 4: active=  0.00%  msgs=0           0 ns/msg
  dir 5: active=  0.00%  msgs=0           0 ns/msg
  dir 6: active=  0.00%  msgs=0           0 ns/msg
  dir 7: active=  0.00%  msgs=0           0 ns/msg
  AGGREGATE active = 0.00% (of 8 dir-threads; 0.00% per-thread avg)  msgs=0
[CPU memory  ] process=  9.97% of 80 cores   system= 10.12%   (window 2s)

----- REMOTE CPU LOAD (memory node dir-threads, 2s window) -----
  dir 0: active=  0.00%  msgs=0           0 ns/msg
  dir 1: active=  0.00%  msgs=0           0 ns/msg
  dir 2: active=  0.00%  msgs=0           0 ns/msg
  dir 3: active=  0.00%  msgs=0           0 ns/msg
  dir 4: active=  0.00%  msgs=0           0 ns/msg
  dir 5: active=  0.00%  msgs=0           0 ns/msg
  dir 6: active=  0.00%  msgs=0           0 ns/msg
  dir 7: active=  0.00%  msgs=0           0 ns/msg
  AGGREGATE active = 0.00% (of 8 dir-threads; 0.00% per-thread avg)  msgs=0
[CPU memory  ] process=  9.97% of 80 cores   system= 10.01%   (window 2s)

----- REMOTE CPU LOAD (memory node dir-threads, 2s window) -----
  dir 0: active=  0.00%  msgs=0           0 ns/msg
  dir 1: active=  0.00%  msgs=0           0 ns/msg
  dir 2: active=  0.00%  msgs=0           0 ns/msg
  dir 3: active=  0.00%  msgs=0           0 ns/msg
  dir 4: active=  0.00%  msgs=0           0 ns/msg
  dir 5: active=  0.00%  msgs=0           0 ns/msg
  dir 6: active=  0.00%  msgs=0           0 ns/msg
  dir 7: active=  0.00%  msgs=0           0 ns/msg
  AGGREGATE active = 0.00% (of 8 dir-threads; 0.00% per-thread avg)  msgs=0
[CPU memory  ] process=  9.98% of 80 cores   system= 10.03%   (window 2s)

----- REMOTE CPU LOAD (memory node dir-threads, 2s window) -----
  dir 0: active=  0.00%  msgs=0           0 ns/msg
  dir 1: active=  0.00%  msgs=0           0 ns/msg
  dir 2: active=  0.00%  msgs=0           0 ns/msg
  dir 3: active=  0.00%  msgs=0           0 ns/msg
  dir 4: active=  0.00%  msgs=0           0 ns/msg
  dir 5: active=  0.00%  msgs=0           0 ns/msg
  dir 6: active=  0.00%  msgs=0           0 ns/msg
  dir 7: active=  0.00%  msgs=0           0 ns/msg
  AGGREGATE active = 0.00% (of 8 dir-threads; 0.00% per-thread avg)  msgs=0
[CPU memory  ] process=  9.97% of 80 cores   system= 10.04%   (window 2s)

----- REMOTE CPU LOAD (memory node dir-threads, 2s window) -----
  dir 0: active=  0.00%  msgs=0           0 ns/msg
  dir 1: active=  0.00%  msgs=0           0 ns/msg
  dir 2: active=  0.00%  msgs=0           0 ns/msg
  dir 3: active=  0.00%  msgs=0           0 ns/msg
  dir 4: active=  0.00%  msgs=0           0 ns/msg
  dir 5: active=  0.00%  msgs=0           0 ns/msg
  dir 6: active=  0.00%  msgs=0           0 ns/msg
  dir 7: active=  0.00%  msgs=0           0 ns/msg
  AGGREGATE active = 0.00% (of 8 dir-threads; 0.00% per-thread avg)  msgs=0
[CPU memory  ] process=  9.98% of 80 cores   system= 10.04%   (window 2s)

----- REMOTE CPU LOAD (memory node dir-threads, 2s window) -----
  dir 0: active=  0.00%  msgs=0           0 ns/msg
  dir 1: active=  0.00%  msgs=0           0 ns/msg
  dir 2: active=  0.00%  msgs=0           0 ns/msg
  dir 3: active=  0.00%  msgs=0           0 ns/msg
  dir 4: active=  0.00%  msgs=0           0 ns/msg
  dir 5: active=  0.00%  msgs=0           0 ns/msg
  dir 6: active=  0.00%  msgs=0           0 ns/msg
  dir 7: active=  0.00%  msgs=0           0 ns/msg
  AGGREGATE active = 0.00% (of 8 dir-threads; 0.00% per-thread avg)  msgs=0
[CPU memory  ] process=  9.99% of 80 cores   system= 10.04%   (window 2s)

----- REMOTE CPU LOAD (memory node dir-threads, 2s window) -----
  dir 0: active=  0.00%  msgs=0           0 ns/msg
  dir 1: active=  0.00%  msgs=0           0 ns/msg
  dir 2: active=  0.00%  msgs=0           0 ns/msg
  dir 3: active=  0.00%  msgs=0           0 ns/msg
  dir 4: active=  0.00%  msgs=0           0 ns/msg
  dir 5: active=  0.00%  msgs=0           0 ns/msg
  dir 6: active=  0.00%  msgs=0           0 ns/msg
  dir 7: active=  0.00%  msgs=0           0 ns/msg
  AGGREGATE active = 0.00% (of 8 dir-threads; 0.00% per-thread avg)  msgs=0
[CPU memory  ] process=  9.97% of 80 cores   system= 10.01%   (window 2s)

----- REMOTE CPU LOAD (memory node dir-threads, 2s window) -----
  dir 0: active=  0.00%  msgs=0           0 ns/msg
  dir 1: active=  0.00%  msgs=0           0 ns/msg
  dir 2: active=  0.00%  msgs=0           0 ns/msg
  dir 3: active=  0.00%  msgs=0           0 ns/msg
  dir 4: active=  0.00%  msgs=0           0 ns/msg
  dir 5: active=  0.00%  msgs=0           0 ns/msg
  dir 6: active=  0.00%  msgs=0           0 ns/msg
  dir 7: active=  0.00%  msgs=0           0 ns/msg
  AGGREGATE active = 0.00% (of 8 dir-threads; 0.00% per-thread avg)  msgs=0
[CPU memory  ] process=  9.98% of 80 cores   system= 10.02%   (window 2s)

----- REMOTE CPU LOAD (memory node dir-threads, 2s window) -----
  dir 0: active= 48.37%  msgs=384346      2517 ns/msg
  dir 1: active= 40.52%  msgs=384346      2109 ns/msg
  dir 2: active= 47.27%  msgs=384346      2460 ns/msg
  dir 3: active= 40.49%  msgs=384342      2107 ns/msg
  dir 4: active= 48.37%  msgs=384339      2517 ns/msg
  dir 5: active= 40.86%  msgs=384336      2126 ns/msg
  dir 6: active= 46.89%  msgs=384332      2440 ns/msg
  dir 7: active= 41.05%  msgs=384329      2136 ns/msg
  AGGREGATE active = 353.82% (of 8 dir-threads; 44.23% per-thread avg)  msgs=3074716
[CPU memory  ] process=  9.97% of 80 cores   system= 10.04%   (window 2s)

----- REMOTE CPU LOAD (memory node dir-threads, 2s window) -----
  dir 0: active= 72.50%  msgs=578428      2507 ns/msg
  dir 1: active= 61.27%  msgs=578428      2119 ns/msg
  dir 2: active= 71.00%  msgs=578428      2455 ns/msg
  dir 3: active= 61.21%  msgs=578431      2117 ns/msg
  dir 4: active= 72.50%  msgs=578430      2507 ns/msg
  dir 5: active= 61.77%  msgs=578428      2136 ns/msg
  dir 6: active= 70.34%  msgs=578428      2432 ns/msg
  dir 7: active= 62.20%  msgs=578427      2151 ns/msg
  AGGREGATE active = 532.79% (of 8 dir-threads; 66.60% per-thread avg)  msgs=4627428
[CPU memory  ] process=  9.97% of 80 cores   system= 10.06%   (window 2s)

----- REMOTE CPU LOAD (memory node dir-threads, 2s window) -----
  dir 0: active= 73.06%  msgs=579959      2520 ns/msg
  dir 1: active= 61.07%  msgs=579959      2106 ns/msg
  dir 2: active= 71.52%  msgs=579959      2466 ns/msg
  dir 3: active= 61.15%  msgs=579958      2109 ns/msg
  dir 4: active= 73.06%  msgs=579957      2519 ns/msg
  dir 5: active= 61.48%  msgs=579958      2120 ns/msg
  dir 6: active= 70.98%  msgs=579958      2448 ns/msg
  dir 7: active= 61.96%  msgs=579958      2137 ns/msg
  AGGREGATE active = 534.27% (of 8 dir-threads; 66.78% per-thread avg)  msgs=4639666
[CPU memory  ] process=  9.98% of 80 cores   system= 10.04%   (window 2s)

----- REMOTE CPU LOAD (memory node dir-threads, 2s window) -----
  dir 0: active= 73.85%  msgs=584959      2525 ns/msg
  dir 1: active= 61.28%  msgs=584959      2095 ns/msg
  dir 2: active= 72.35%  msgs=584959      2474 ns/msg
  dir 3: active= 61.22%  msgs=584959      2093 ns/msg
  dir 4: active= 73.88%  msgs=584959      2526 ns/msg
  dir 5: active= 61.60%  msgs=584960      2106 ns/msg
  dir 6: active= 71.85%  msgs=584960      2457 ns/msg
  dir 7: active= 62.17%  msgs=584959      2126 ns/msg
  AGGREGATE active = 538.19% (of 8 dir-threads; 67.27% per-thread avg)  msgs=4679674
[CPU memory  ] process=  9.97% of 80 cores   system= 10.03%   (window 2s)

----- REMOTE CPU LOAD (memory node dir-threads, 2s window) -----
  dir 0: active= 74.27%  msgs=586784      2532 ns/msg
  dir 1: active= 61.31%  msgs=586784      2090 ns/msg
  dir 2: active= 72.84%  msgs=586783      2483 ns/msg
  dir 3: active= 61.08%  msgs=586783      2082 ns/msg
  dir 4: active= 74.45%  msgs=586783      2538 ns/msg
  dir 5: active= 61.61%  msgs=586782      2100 ns/msg
  dir 6: active= 72.21%  msgs=586784      2461 ns/msg
  dir 7: active= 62.10%  msgs=586785      2117 ns/msg
  AGGREGATE active = 539.86% (of 8 dir-threads; 67.48% per-thread avg)  msgs=4694268
[CPU memory  ] process=  9.98% of 80 cores   system= 10.04%   (window 2s)

----- REMOTE CPU LOAD (memory node dir-threads, 2s window) -----
  dir 0: active= 62.86%  msgs=495660      2537 ns/msg
  dir 1: active= 51.61%  msgs=495657      2082 ns/msg
  dir 2: active= 61.68%  msgs=495652      2489 ns/msg
  dir 3: active= 51.48%  msgs=495648      2078 ns/msg
  dir 4: active= 62.97%  msgs=495651      2541 ns/msg
  dir 5: active= 51.92%  msgs=495649      2095 ns/msg
  dir 6: active= 61.24%  msgs=495648      2471 ns/msg
  dir 7: active= 52.29%  msgs=495647      2110 ns/msg
  AGGREGATE active = 456.05% (of 8 dir-threads; 57.01% per-thread avg)  msgs=3965212
[CPU memory  ] process=  9.97% of 80 cores   system= 10.04%   (window 2s)

----- REMOTE CPU LOAD (memory node dir-threads, 2s window) -----
  dir 0: active=  0.00%  msgs=0           0 ns/msg
  dir 1: active=  0.00%  msgs=0           0 ns/msg
  dir 2: active=  0.00%  msgs=0           0 ns/msg
  dir 3: active=  0.00%  msgs=0           0 ns/msg
  dir 4: active=  0.00%  msgs=0           0 ns/msg
  dir 5: active=  0.00%  msgs=0           0 ns/msg
  dir 6: active=  0.00%  msgs=0           0 ns/msg
  dir 7: active=  0.00%  msgs=0           0 ns/msg
  AGGREGATE active = 0.00% (of 8 dir-threads; 0.00% per-thread avg)  msgs=0
[CPU memory  ] process=  9.98% of 80 cores   system= 10.04%   (window 2s)

----- REMOTE CPU LOAD (memory node dir-threads, 2s window) -----
  dir 0: active=  0.00%  msgs=0           0 ns/msg
  dir 1: active=  0.00%  msgs=0           0 ns/msg
  dir 2: active=  0.00%  msgs=0           0 ns/msg
  dir 3: active=  0.00%  msgs=0           0 ns/msg
  dir 4: active=  0.00%  msgs=0           0 ns/msg
  dir 5: active=  0.00%  msgs=0           0 ns/msg
  dir 6: active=  0.00%  msgs=0           0 ns/msg
  dir 7: active=  0.00%  msgs=0           0 ns/msg
  AGGREGATE active = 0.00% (of 8 dir-threads; 0.00% per-thread avg)  msgs=0
[CPU memory  ] process=  9.98% of 80 cores   system= 10.05%   (window 2s)
Avg. rdma read time(ms) = -nan
Avg. rdma write time(ms) = -nan
Avg. rdma read / op = -nan
Avg. rdma write / op = -nan
Avg. rdma cas / op = -nan
Avg. rdma rpc / op = -nan
Avg. all rdma / op = -nan
Avg. rdma read size/ op = -nan
Avg. rdma write size / op = -nan
Avg. rdma RW size / op = -nan
