Compute node count = 1
kNodeCount 2, kReadRatio 100, kInsertRatio 0, kUpdateRatio 0, kDeleteRatio 0, kRangeRatio 0, totalThreadCount 36, memThreadCount 1 cache_size 32, uniform_workload 0, zipfian 0.990000, bulk_load_num 50000000, warmup_num 10000000, op_num 30000000, check_correctness 0, time_based 0, early_stop 1, index 0, rpc_rate 0.000000, admission_rate 0.100000, auto_tune 0
kMaxThread = 36
KeySpace = 50001000
[GEOMETRY] inner_page=160 leaf_page=512 inner_entries=5 leaf_entries=26 slot=512 placement=mn_only
[4mshared memory size: 64GB, 0x7fef77200000[0m
[4mcache size: 2GB[0m
[4mMachine NR: 2[0m
[4mMax_APP_THREAD: 80[0m
[4mNR_DIRECTORY: 16[0m
[4mStart Build the DSMKeeper[0m
I am servers 0 [255.127.0.0]
I connect server 1
[4mdir 0 launch! (core 79 of 80)
[0m
CNode 0, left bound = 0, right bound = 18446744073709551615
Pushdown (RPC) Rate: 0
Admission Rate: 0.1
Cache size(MB) = 32
-----Cache initial addr = 0x7fef5e000000
page num = 65536
alloc_unit = 512
entry_num: 65536
bucket_num: 21846
[DEX_SAFE_PT] page table keeps overflow buckets linked: ON
Bucket size = 64
entry_num: 6553
bucket_num: 1093
[DEX-R] push reads from the deepest cached node: off (DEX_PUSH_READS_DEEPEST; writes keep DEX's megaLevel rule)
start generating tree
num_partitions = 1
Success: tree root pointer value [1, 67108864]
finish generating tree
Bulkload num in node 0 = 50000000

----- REMOTE CPU LOAD (memory node dir-threads, 2s window) -----
  dir 0: active=  0.00%  msgs=0           0 ns/msg
  AGGREGATE active = 0.00% (of 1 dir-threads; 0.00% per-thread avg)  msgs=0
[CPU compute ] process=  2.50% of 80 cores   system=  2.51%   (window 2s)
First key of bulkloading = 7325973
Last key of bulkloading = 26738230
node warmup num = 9999972
kReadRatio =100
insertmark =100
updatemark =100
deletemark =100
rangemark =100
Finish warmup workload generation

----- REMOTE CPU LOAD (memory node dir-threads, 2s window) -----
  dir 0: active=  0.00%  msgs=0           0 ns/msg
  AGGREGATE active = 0.00% (of 1 dir-threads; 0.00% per-thread avg)  msgs=0
[CPU compute ] process=  2.50% of 80 cores   system=  2.51%   (window 2s)

----- REMOTE CPU LOAD (memory node dir-threads, 2s window) -----
  dir 0: active=  0.00%  msgs=0           0 ns/msg
  AGGREGATE active = 0.00% (of 1 dir-threads; 0.00% per-thread avg)  msgs=0
[CPU compute ] process=  2.50% of 80 cores   system=  2.51%   (window 2s)

----- REMOTE CPU LOAD (memory node dir-threads, 2s window) -----
  dir 0: active=  0.00%  msgs=0           0 ns/msg
  AGGREGATE active = 0.00% (of 1 dir-threads; 0.00% per-thread avg)  msgs=0
[CPU compute ] process=  2.50% of 80 cores   system=  2.51%   (window 2s)
node op_num = 29999988
Finish all workload generation

----- REMOTE CPU LOAD (memory node dir-threads, 2s window) -----
  dir 0: active=  0.00%  msgs=0           0 ns/msg
  AGGREGATE active = 0.00% (of 1 dir-threads; 0.00% per-thread avg)  msgs=0
[CPU compute ] process=  2.50% of 80 cores   system=  3.45%   (window 2s)

----- REMOTE CPU LOAD (memory node dir-threads, 2s window) -----
  dir 0: active=  0.00%  msgs=0           0 ns/msg
  AGGREGATE active = 0.00% (of 1 dir-threads; 0.00% per-thread avg)  msgs=0
[CPU compute ] process=  2.50% of 80 cores   system=  3.54%   (window 2s)
Fetched new height = 1
Success: tree root pointer value [1, 67109888]
Height = 2
Success: tree root pointer value [1, 67112448]
Height = 3
Success: tree root pointer value [1, 67118080]
Height = 4

----- REMOTE CPU LOAD (memory node dir-threads, 2s window) -----
  dir 0: active=  0.00%  msgs=0           0 ns/msg
  AGGREGATE active = 0.00% (of 1 dir-threads; 0.00% per-thread avg)  msgs=0
[CPU compute ] process=  2.50% of 80 cores   system=  2.51%   (window 2s)
Success: tree root pointer value [1, 67129856]
Height = 5
Success: tree root pointer value [1, 67153920]
Height = 6
Success: tree root pointer value [1, 67202560]
Height = 7
Success: tree root pointer value [1, 67300352]
Height = 8
Success: tree root pointer value [1, 67496448]
Height = 9
Success: tree root pointer value [1, 67889152]
Height = 10
Success: tree root pointer value [1, 68675072]
Height = 11
Success: tree root pointer value [1, 70247424]
Height = 12
Success: tree root pointer value [1, 73392640]
Height = 13
Success: tree root pointer value [1, 79683584]
Height = 14
Success: tree root pointer value [1, 92265984]
Height = 15
entering dynamic phase
Success: tree root pointer value [1, 117431808]
Height = 16
Success: tree root pointer value [1, 167763456]
Height = 17

----- REMOTE CPU LOAD (memory node dir-threads, 2s window) -----
  dir 0: active=  0.00%  msgs=0           0 ns/msg
  AGGREGATE active = 0.00% (of 1 dir-threads; 0.00% per-thread avg)  msgs=0
[CPU compute ] process=  2.50% of 80 cores   system=  2.51%   (window 2s)
Success: tree root pointer value [1, 268427776]
Height = 18

----- REMOTE CPU LOAD (memory node dir-threads, 2s window) -----
  dir 0: active=  0.00%  msgs=0           0 ns/msg
  AGGREGATE active = 0.00% (of 1 dir-threads; 0.00% per-thread avg)  msgs=0
[CPU compute ] process=  2.50% of 80 cores   system=  2.50%   (window 2s)
Success: tree root pointer value [1, 469756928]
Height = 19

----- REMOTE CPU LOAD (memory node dir-threads, 2s window) -----
  dir 0: active=  0.00%  msgs=0           0 ns/msg
  AGGREGATE active = 0.00% (of 1 dir-threads; 0.00% per-thread avg)  msgs=0
[CPU compute ] process=  2.50% of 80 cores   system=  2.51%   (window 2s)

----- REMOTE CPU LOAD (memory node dir-threads, 2s window) -----
  dir 0: active=  0.00%  msgs=0           0 ns/msg
  AGGREGATE active = 0.00% (of 1 dir-threads; 0.00% per-thread avg)  msgs=0
[CPU compute ] process=  2.50% of 80 cores   system=  4.44%   (window 2s)

----- REMOTE CPU LOAD (memory node dir-threads, 2s window) -----
  dir 0: active=  0.00%  msgs=0           0 ns/msg
  AGGREGATE active = 0.00% (of 1 dir-threads; 0.00% per-thread avg)  msgs=0
[CPU compute ] process=  2.50% of 80 cores   system=  2.51%   (window 2s)
Success: tree root pointer value [1, 872416256]
Height = 20

----- REMOTE CPU LOAD (memory node dir-threads, 2s window) -----
  dir 0: active=  0.00%  msgs=0           0 ns/msg
  AGGREGATE active = 0.00% (of 1 dir-threads; 0.00% per-thread avg)  msgs=0
[CPU compute ] process=  2.50% of 80 cores   system=  2.51%   (window 2s)

----- REMOTE CPU LOAD (memory node dir-threads, 2s window) -----
  dir 0: active=  0.00%  msgs=0           0 ns/msg
  AGGREGATE active = 0.00% (of 1 dir-threads; 0.00% per-thread avg)  msgs=0
[CPU compute ] process=  2.50% of 80 cores   system=  2.50%   (window 2s)

----- REMOTE CPU LOAD (memory node dir-threads, 2s window) -----
  dir 0: active=  0.00%  msgs=0           0 ns/msg
  AGGREGATE active = 0.00% (of 1 dir-threads; 0.00% per-thread avg)  msgs=0
[CPU compute ] process=  2.50% of 80 cores   system=  2.51%   (window 2s)

----- REMOTE CPU LOAD (memory node dir-threads, 2s window) -----
  dir 0: active=  0.00%  msgs=0           0 ns/msg
  AGGREGATE active = 0.00% (of 1 dir-threads; 0.00% per-thread avg)  msgs=0
[CPU compute ] process=  2.50% of 80 cores   system=  4.45%   (window 2s)

----- REMOTE CPU LOAD (memory node dir-threads, 2s window) -----
  dir 0: active=  0.00%  msgs=0           0 ns/msg
  AGGREGATE active = 0.00% (of 1 dir-threads; 0.00% per-thread avg)  msgs=0
[CPU compute ] process=  2.50% of 80 cores   system=  2.50%   (window 2s)

----- REMOTE CPU LOAD (memory node dir-threads, 2s window) -----
  dir 0: active=  0.00%  msgs=0           0 ns/msg
  AGGREGATE active = 0.00% (of 1 dir-threads; 0.00% per-thread avg)  msgs=0
[CPU compute ] process=  2.50% of 80 cores   system=  2.51%   (window 2s)
Success: tree root pointer value [1, 1677734400]
Height = 21

----- REMOTE CPU LOAD (memory node dir-threads, 2s window) -----
  dir 0: active=  0.00%  msgs=0           0 ns/msg
  AGGREGATE active = 0.00% (of 1 dir-threads; 0.00% per-thread avg)  msgs=0
[CPU compute ] process=  2.50% of 80 cores   system=  2.51%   (window 2s)

----- REMOTE CPU LOAD (memory node dir-threads, 2s window) -----
  dir 0: active=  0.00%  msgs=0           0 ns/msg
  AGGREGATE active = 0.00% (of 1 dir-threads; 0.00% per-thread avg)  msgs=0
[CPU compute ] process=  2.50% of 80 cores   system=  2.50%   (window 2s)

----- REMOTE CPU LOAD (memory node dir-threads, 2s window) -----
  dir 0: active=  0.00%  msgs=0           0 ns/msg
  AGGREGATE active = 0.00% (of 1 dir-threads; 0.00% per-thread avg)  msgs=0
[CPU compute ] process=  2.50% of 80 cores   system=  4.42%   (window 2s)

----- REMOTE CPU LOAD (memory node dir-threads, 2s window) -----
  dir 0: active=  0.00%  msgs=0           0 ns/msg
  AGGREGATE active = 0.00% (of 1 dir-threads; 0.00% per-thread avg)  msgs=0
[CPU compute ] process=  2.50% of 80 cores   system=  2.51%   (window 2s)

----- REMOTE CPU LOAD (memory node dir-threads, 2s window) -----
  dir 0: active=  0.00%  msgs=0           0 ns/msg
  AGGREGATE active = 0.00% (of 1 dir-threads; 0.00% per-thread avg)  msgs=0
[CPU compute ] process=  2.50% of 80 cores   system=  2.53%   (window 2s)

----- REMOTE CPU LOAD (memory node dir-threads, 2s window) -----
  dir 0: active=  0.00%  msgs=0           0 ns/msg
  AGGREGATE active = 0.00% (of 1 dir-threads; 0.00% per-thread avg)  msgs=0
[CPU compute ] process=  2.50% of 80 cores   system=  2.51%   (window 2s)

----- REMOTE CPU LOAD (memory node dir-threads, 2s window) -----
  dir 0: active=  0.00%  msgs=0           0 ns/msg
  AGGREGATE active = 0.00% (of 1 dir-threads; 0.00% per-thread avg)  msgs=0
[CPU compute ] process=  2.50% of 80 cores   system=  2.51%   (window 2s)

----- REMOTE CPU LOAD (memory node dir-threads, 2s window) -----
  dir 0: active=  0.00%  msgs=0           0 ns/msg
  AGGREGATE active = 0.00% (of 1 dir-threads; 0.00% per-thread avg)  msgs=0
[CPU compute ] process=  2.50% of 80 cores   system=  4.52%   (window 2s)

----- REMOTE CPU LOAD (memory node dir-threads, 2s window) -----
  dir 0: active=  0.00%  msgs=0           0 ns/msg
  AGGREGATE active = 0.00% (of 1 dir-threads; 0.00% per-thread avg)  msgs=0
[CPU compute ] process=  2.50% of 80 cores   system=  2.51%   (window 2s)

----- REMOTE CPU LOAD (memory node dir-threads, 2s window) -----
  dir 0: active=  0.00%  msgs=0           0 ns/msg
  AGGREGATE active = 0.00% (of 1 dir-threads; 0.00% per-thread avg)  msgs=0
[CPU compute ] process=  2.50% of 80 cores   system=  2.51%   (window 2s)

----- REMOTE CPU LOAD (memory node dir-threads, 2s window) -----
  dir 0: active=  0.00%  msgs=0           0 ns/msg
  AGGREGATE active = 0.00% (of 1 dir-threads; 0.00% per-thread avg)  msgs=0
[CPU compute ] process=  2.50% of 80 cores   system=  2.50%   (window 2s)
Success: tree root pointer value [1, 3288371200]
Height = 22

----- REMOTE CPU LOAD (memory node dir-threads, 2s window) -----
  dir 0: active=  0.00%  msgs=0           0 ns/msg
  AGGREGATE active = 0.00% (of 1 dir-threads; 0.00% per-thread avg)  msgs=0
[CPU compute ] process=  2.50% of 80 cores   system=  2.51%   (window 2s)

----- REMOTE CPU LOAD (memory node dir-threads, 2s window) -----
  dir 0: active=  0.00%  msgs=0           0 ns/msg
  AGGREGATE active = 0.00% (of 1 dir-threads; 0.00% per-thread avg)  msgs=0
[CPU compute ] process=  2.50% of 80 cores   system=  4.53%   (window 2s)

----- REMOTE CPU LOAD (memory node dir-threads, 2s window) -----
  dir 0: active=  0.00%  msgs=0           0 ns/msg
  AGGREGATE active = 0.00% (of 1 dir-threads; 0.00% per-thread avg)  msgs=0
[CPU compute ] process=  2.50% of 80 cores   system=  2.51%   (window 2s)

----- REMOTE CPU LOAD (memory node dir-threads, 2s window) -----
  dir 0: active=  0.00%  msgs=0           0 ns/msg
  AGGREGATE active = 0.00% (of 1 dir-threads; 0.00% per-thread avg)  msgs=0
[CPU compute ] process=  2.50% of 80 cores   system=  2.50%   (window 2s)

----- REMOTE CPU LOAD (memory node dir-threads, 2s window) -----
  dir 0: active=  0.00%  msgs=0           0 ns/msg
  AGGREGATE active = 0.00% (of 1 dir-threads; 0.00% per-thread avg)  msgs=0
[CPU compute ] process=  2.50% of 80 cores   system=  2.51%   (window 2s)
#leaf nodes = 3846153
leaf size(MB) = 1878
#inner nodes = 3846104
inner size(MB) = 1877.98
Tree height = 22
Cache capacity = 65536
max. leaf entries = 26
max. inner entries = 5
Inner page size = 160
Leaf page size = 512
node 0 finish its bulkload
IMPORTANT: my root is 215506694963201
0 is ready for the benchmark
I am 0
Fetched new height = 22
I am 4
I am 6
I am 1
I am 3
I am 18
I am 17
I am 16
I am 21
I am 25
I am 33
I am 9
I am 27
I am 7
I am 11
I am 24
I am 15
I am 13
I am 26
I am 19
I am 23
I am 14
I am 8
I am 10
I am 30
I am 29
I am 20
I am 28
I am 35
I am 12
I am 32
I am 22
I am 34
I am 31
I am 5
I am 2
entering dynamic phase

----- REMOTE CPU LOAD (memory node dir-threads, 2s window) -----
  dir 0: active=  0.00%  msgs=0           0 ns/msg
  AGGREGATE active = 0.00% (of 1 dir-threads; 0.00% per-thread avg)  msgs=0
[CPU compute ] process= 35.92% of 80 cores   system= 35.94%   (window 2s)

----- REMOTE CPU LOAD (memory node dir-threads, 2s window) -----
  dir 0: active=  0.00%  msgs=0           0 ns/msg
  AGGREGATE active = 0.00% (of 1 dir-threads; 0.00% per-thread avg)  msgs=0
[CPU compute ] process= 46.24% of 80 cores   system= 46.31%   (window 2s)
Thread_op_num = 833333

----- REMOTE CPU LOAD (memory node dir-threads, 2s window) -----
  dir 0: active=  0.00%  msgs=0           0 ns/msg
  AGGREGATE active = 0.00% (of 1 dir-threads; 0.00% per-thread avg)  msgs=0
[CPU compute ] process= 46.27% of 80 cores   system= 47.38%   (window 2s)
node 0 finish warmup
Start collecting the statistic

----- REMOTE CPU LOAD (memory node dir-threads, 2s window) -----
  dir 0: active=  0.00%  msgs=0           0 ns/msg
  AGGREGATE active = 0.00% (of 1 dir-threads; 0.00% per-thread avg)  msgs=0
[CPU compute ] process= 46.24% of 80 cores   system= 46.26%   (window 2s)
0, throughput 1.7871
cluster throughput 1.787

----- REMOTE CPU LOAD (memory node dir-threads, 2s window) -----
  dir 0: active=  0.00%  msgs=0           0 ns/msg
  AGGREGATE active = 0.00% (of 1 dir-threads; 0.00% per-thread avg)  msgs=0
[CPU compute ] process= 46.24% of 80 cores   system= 46.27%   (window 2s)
0, throughput 1.7868
cluster throughput 1.786

----- REMOTE CPU LOAD (memory node dir-threads, 2s window) -----
  dir 0: active=  0.00%  msgs=0           0 ns/msg
  AGGREGATE active = 0.00% (of 1 dir-threads; 0.00% per-thread avg)  msgs=0
[CPU compute ] process= 46.26% of 80 cores   system= 46.28%   (window 2s)
0, throughput 1.7877
cluster throughput 1.787

----- REMOTE CPU LOAD (memory node dir-threads, 2s window) -----
  dir 0: active=  0.00%  msgs=0           0 ns/msg
  AGGREGATE active = 0.00% (of 1 dir-threads; 0.00% per-thread avg)  msgs=0
[CPU compute ] process= 46.24% of 80 cores   system= 46.26%   (window 2s)
0, throughput 1.7794
cluster throughput 1.779

----- REMOTE CPU LOAD (memory node dir-threads, 2s window) -----
  dir 0: active=  0.00%  msgs=0           0 ns/msg
  AGGREGATE active = 0.00% (of 1 dir-threads; 0.00% per-thread avg)  msgs=0
[CPU compute ] process= 46.24% of 80 cores   system= 47.44%   (window 2s)
0, throughput 1.7823
cluster throughput 1.782

----- REMOTE CPU LOAD (memory node dir-threads, 2s window) -----
  dir 0: active=  0.00%  msgs=0           0 ns/msg
  AGGREGATE active = 0.00% (of 1 dir-threads; 0.00% per-thread avg)  msgs=0
[CPU compute ] process= 46.24% of 80 cores   system= 46.27%   (window 2s)
0, throughput 1.7851
cluster throughput 1.785

----- REMOTE CPU LOAD (memory node dir-threads, 2s window) -----
  dir 0: active=  0.00%  msgs=0           0 ns/msg
  AGGREGATE active = 0.00% (of 1 dir-threads; 0.00% per-thread avg)  msgs=0
[CPU compute ] process= 46.27% of 80 cores   system= 46.27%   (window 2s)
0, throughput 1.7839
cluster throughput 1.783

----- REMOTE CPU LOAD (memory node dir-threads, 2s window) -----
  dir 0: active=  0.00%  msgs=0           0 ns/msg
  AGGREGATE active = 0.00% (of 1 dir-threads; 0.00% per-thread avg)  msgs=0
[CPU compute ] process= 46.24% of 80 cores   system= 46.26%   (window 2s)
0, throughput 1.7833
cluster throughput 1.783

----- REMOTE CPU LOAD (memory node dir-threads, 2s window) -----
  dir 0: active=  0.00%  msgs=0           0 ns/msg
  AGGREGATE active = 0.00% (of 1 dir-threads; 0.00% per-thread avg)  msgs=0
[CPU compute ] process= 13.18% of 80 cores   system= 13.18%   (window 2s)
0, throughput 0.0549
cluster throughput 0.054

----- REMOTE CPU LOAD (memory node dir-threads, 2s window) -----
  dir 0: active=  0.00%  msgs=0           0 ns/msg
  AGGREGATE active = 0.00% (of 1 dir-threads; 0.00% per-thread avg)  msgs=0
[CPU compute ] process=  1.26% of 80 cores   system=  3.20%   (window 2s)
0, throughput 0.0000
cluster throughput 0.000
The time duration = 20 seconds

----- REMOTE CPU LOAD (memory node dir-threads, 2s window) -----
  dir 0: active=  0.00%  msgs=0           0 ns/msg
  AGGREGATE active = 0.00% (of 1 dir-threads; 0.00% per-thread avg)  msgs=0
[CPU compute ] process=  1.25% of 80 cores   system=  1.26%   (window 2s)

==================== LATENCY BUCKETS (500 ns) [node 0] ====================
[LOOKUP]
  ALL                n=28663678   mean=   20.12us  p50=  25.50us  p90=  36.00us  p99=  41.50us  p99.9=  45.50us  max>=271.00us
  LOCAL (cache hit)  n=6225756    mean=    0.77us  p50=   1.00us  p90=   1.50us  p99=   2.50us  p99.9=   4.50us  max>= 19.00us
  REMOTE (miss/rpc)  n=22437922   mean=   25.49us  p50=  28.50us  p90=  36.50us  p99=  42.00us  p99.9=  46.00us  max>=271.00us
[ALL OPS]
  ALL                n=28663678   mean=   20.12us  p50=  25.50us  p90=  36.00us  p99=  41.50us  p99.9=  45.50us  max>=271.00us
  LOCAL (cache hit)  n=6225756    mean=    0.77us  p50=   1.00us  p90=   1.50us  p99=   2.50us  p99.9=   4.50us  max>= 19.00us
  REMOTE (miss/rpc)  n=22437922   mean=   25.49us  p50=  28.50us  p90=  36.50us  p99=  42.00us  p99.9=  46.00us  max>=271.00us

----- 500 ns bucket CDF (all ops) [node 0] -----
  bucket [lo,hi) ns             count        pct       cdf
  [        0,      500)      1609858    5.6164%   5.6164%
  [      500,     1000)      3314466   11.5633%  17.1797%
  [     1000,     1500)       956728    3.3378%  20.5174%
  [     1500,     2000)       222424    0.7760%  21.2934%
  [     2000,     2500)        63366    0.2211%  21.5145%
  [     2500,     3000)        67236    0.2346%  21.7491%
  [     3000,     3500)       480944    1.6779%  23.4269%
  [     3500,     4000)       796850    2.7800%  26.2069%
  [     4000,     4500)       593092    2.0691%  28.2761%
  [     4500,     5000)       311106    1.0854%  29.3614%
  [     5000,     5500)       148227    0.5171%  29.8786%
  [     5500,     6000)        78626    0.2743%  30.1529%
  [     6000,     6500)        92809    0.3238%  30.4767%
  [     6500,     7000)       115562    0.4032%  30.8798%
  [     7000,     7500)       108651    0.3791%  31.2589%
  [     7500,     8000)       109097    0.3806%  31.6395%
  [     8000,     8500)       112228    0.3915%  32.0310%
  [     8500,     9000)       100243    0.3497%  32.3807%
  [     9000,     9500)        74445    0.2597%  32.6405%
  [     9500,    10000)        58404    0.2038%  32.8442%
  [    10000,    10500)        74353    0.2594%  33.1036%
  [    10500,    11000)       110264    0.3847%  33.4883%
  [    11000,    11500)       129854    0.4530%  33.9413%
  [    11500,    12000)       121180    0.4228%  34.3641%
  [    12000,    12500)        97148    0.3389%  34.7030%
  [    12500,    13000)        79563    0.2776%  34.9806%
  [    13000,    13500)        76035    0.2653%  35.2459%
  [    13500,    14000)        81096    0.2829%  35.5288%
  [    14000,    14500)        89580    0.3125%  35.8413%
  [    14500,    15000)        99247    0.3462%  36.1875%
  [    15000,    15500)       103079    0.3596%  36.5472%
  [    15500,    16000)        96937    0.3382%  36.8854%
  [    16000,    16500)        88551    0.3089%  37.1943%
  [    16500,    17000)        94575    0.3299%  37.5242%
  [    17000,    17500)       119058    0.4154%  37.9396%
  [    17500,    18000)       146223    0.5101%  38.4497%
  [    18000,    18500)       160974    0.5616%  39.0113%
  [    18500,    19000)       163029    0.5688%  39.5801%
  [    19000,    19500)       162220    0.5659%  40.1460%
  [    19500,    20000)       166255    0.5800%  40.7260%
  [    20000,    20500)       174552    0.6090%  41.3350%
  [    20500,    21000)       185193    0.6461%  41.9811%
  [    21000,    21500)       202829    0.7076%  42.6887%
  [    21500,    22000)       224314    0.7826%  43.4713%
  [    22000,    22500)       235551    0.8218%  44.2931%
  [    22500,    23000)       235287    0.8209%  45.1139%
  [    23000,    23500)       242192    0.8449%  45.9589%
  [    23500,    24000)       277264    0.9673%  46.9262%
  [    24000,    24500)       341287    1.1907%  48.1168%
  [    24500,    25000)       398008    1.3885%  49.5054%
  [    25000,    25500)       426487    1.4879%  50.9933%
  [    25500,    26000)       428610    1.4953%  52.4886%
  [    26000,    26500)       439266    1.5325%  54.0211%
  [    26500,    27000)       461865    1.6113%  55.6324%
  [    27000,    27500)       494374    1.7247%  57.3571%
  [    27500,    28000)       524053    1.8283%  59.1854%
  [    28000,    28500)       555696    1.9387%  61.1241%
  [    28500,    29000)       581346    2.0282%  63.1522%
  [    29000,    29500)       592819    2.0682%  65.2204%
  [    29500,    30000)       581893    2.0301%  67.2505%
  [    30000,    30500)       572742    1.9981%  69.2487%
  [    30500,    31000)       591414    2.0633%  71.3119%
  [    31000,    31500)       633147    2.2089%  73.5208%
  [    31500,    32000)       663762    2.3157%  75.8365%
  [    32000,    32500)       664946    2.3198%  78.1563%
  [    32500,    33000)       634252    2.2127%  80.3691%
  [    33000,    33500)       594622    2.0745%  82.4436%
  [    33500,    34000)       554141    1.9333%  84.3768%
  [    34000,    34500)       523686    1.8270%  86.2038%
  [    34500,    35000)       494720    1.7259%  87.9298%
  [    35000,    35500)       467702    1.6317%  89.5614%
  [    35500,    36000)       435467    1.5192%  91.0807%
  [    36000,    36500)       393359    1.3723%  92.4530%
  [    36500,    37000)       346852    1.2101%  93.6631%
  [    37000,    37500)       299498    1.0449%  94.7079%
  [    37500,    38000)       255291    0.8906%  95.5986%
  [    38000,    38500)       217212    0.7578%  96.3564%
  [    38500,    39000)       186408    0.6503%  97.0067%
  [    39000,    39500)       162461    0.5668%  97.5735%
  [    39500,    40000)       139526    0.4868%  98.0603%
  [    40000,    40500)       118524    0.4135%  98.4738%
  [    40500,    41000)        97620    0.3406%  98.8143%
  [    41000,    41500)        78070    0.2724%  99.0867%
  [    41500,    42000)        62019    0.2164%  99.3031%
  [    42000,    42500)        48328    0.1686%  99.4717%
  [    42500,    43000)        36860    0.1286%  99.6003%
  [    43000,    43500)        28609    0.0998%  99.7001%
  [    43500,    44000)        21947    0.0766%  99.7766%
  [    44000,    44500)        16659    0.0581%  99.8348%
  [    44500,    45000)        12382    0.0432%  99.8780%
  [    45000,    45500)         9167    0.0320%  99.9099%
  [    45500,    46000)         6822    0.0238%  99.9337%
  [    46000,    46500)         4906    0.0171%  99.9509%
  [    46500,    47000)         3551    0.0124%  99.9632%
  [    47000,    47500)         2483    0.0087%  99.9719%
  [    47500,    48000)         1859    0.0065%  99.9784%
  [    48000,    48500)         1255    0.0044%  99.9828%
  [    48500,    49000)          948    0.0033%  99.9861%
  [    49000,    49500)          629    0.0022%  99.9883%
  [    49500,    50000)          484    0.0017%  99.9900%
  [    50000,    50500)          404    0.0014%  99.9914%
  [    50500,    51000)          319    0.0011%  99.9925%
  [    51000,    51500)          253    0.0009%  99.9934%
  [    51500,    52000)          195    0.0007%  99.9940%
  [    52000,    52500)          148    0.0005%  99.9946%
  [    52500,    53000)          145    0.0005%  99.9951%
  [    53000,    53500)          124    0.0004%  99.9955%
  [    53500,    54000)           95    0.0003%  99.9958%
  [    54000,    54500)           97    0.0003%  99.9962%
  [    54500,    55000)           82    0.0003%  99.9965%
  [    55000,    55500)           75    0.0003%  99.9967%
  [    55500,    56000)           69    0.0002%  99.9970%
  [    56000,    56500)           68    0.0002%  99.9972%
  [    56500,    57000)           69    0.0002%  99.9974%
  [    57000,    57500)           48    0.0002%  99.9976%
  [    57500,    58000)           45    0.0002%  99.9978%
  [    58000,    58500)           55    0.0002%  99.9979%
  [    58500,    59000)           43    0.0002%  99.9981%
  [    59000,    59500)           42    0.0001%  99.9982%
  [    59500,    60000)           46    0.0002%  99.9984%
  [    60000,    60500)           42    0.0001%  99.9986%
  [    60500,    61000)           28    0.0001%  99.9986%
  [    61000,    61500)           19    0.0001%  99.9987%
  [    61500,    62000)           28    0.0001%  99.9988%
  [    62000,    62500)           34    0.0001%  99.9989%
  [    62500,    63000)           25    0.0001%  99.9990%
  [    63000,    63500)           19    0.0001%  99.9991%
  [    63500,    64000)           24    0.0001%  99.9992%
  [    64000,    64500)           17    0.0001%  99.9992%
  [    64500,    65000)           16    0.0001%  99.9993%
  [    65000,    65500)           17    0.0001%  99.9993%
  [    65500,    66000)           12    0.0000%  99.9994%
  [    66000,    66500)           10    0.0000%  99.9994%
  [    66500,    67000)            9    0.0000%  99.9995%
  [    67000,    67500)           14    0.0000%  99.9995%
  [    67500,    68000)            6    0.0000%  99.9995%
  [    68000,    68500)            7    0.0000%  99.9995%
  [    68500,    69000)           11    0.0000%  99.9996%
  [    69000,    69500)           12    0.0000%  99.9996%
  [    69500,    70000)            8    0.0000%  99.9997%
  [    70000,    70500)            5    0.0000%  99.9997%
  [    70500,    71000)            2    0.0000%  99.9997%
  [    71000,    71500)            5    0.0000%  99.9997%
  [    71500,    72000)            3    0.0000%  99.9997%
  [    72000,    72500)            3    0.0000%  99.9997%
  [    72500,    73000)            2    0.0000%  99.9997%
  [    73000,    73500)            4    0.0000%  99.9997%
  [    73500,    74000)            6    0.0000%  99.9998%
  [    74000,    74500)            5    0.0000%  99.9998%
  [    74500,    75000)            4    0.0000%  99.9998%
  [    75000,    75500)            2    0.0000%  99.9998%
  [    75500,    76000)            6    0.0000%  99.9998%
  [    76000,    76500)            4    0.0000%  99.9998%
  [    76500,    77000)            2    0.0000%  99.9998%
  [    77000,    77500)            2    0.0000%  99.9998%
  [    77500,    78000)            2    0.0000%  99.9999%
  [    78000,    78500)            1    0.0000%  99.9999%
  [    78500,    79000)            2    0.0000%  99.9999%
  [    79000,    79500)            2    0.0000%  99.9999%
  [    79500,    80000)            3    0.0000%  99.9999%
  [    80500,    81000)            2    0.0000%  99.9999%
  [    81000,    81500)            2    0.0000%  99.9999%
  [    81500,    82000)            1    0.0000%  99.9999%
  [    82000,    82500)            1    0.0000%  99.9999%
  [    82500,    83000)            3    0.0000%  99.9999%
  [    83000,    83500)            2    0.0000%  99.9999%
  [    83500,    84000)            1    0.0000%  99.9999%
  [    84000,    84500)            2    0.0000%  99.9999%
  [    84500,    85000)            1    0.0000%  99.9999%
  [    85000,    85500)            1    0.0000%  99.9999%
  [    86000,    86500)            1    0.0000%  99.9999%
  [    87500,    88000)            1    0.0000%  99.9999%
  [    92500,    93000)            1    0.0000%  99.9999%
  [    96500,    97000)            1    0.0000% 100.0000%
  [   103500,   104000)            1    0.0000% 100.0000%
  [   108000,   108500)            1    0.0000% 100.0000%
  [   108500,   109000)            1    0.0000% 100.0000%
  [   117000,   117500)            1    0.0000% 100.0000%
  [   117500,   118000)            1    0.0000% 100.0000%
  [   137500,   138000)            1    0.0000% 100.0000%
  [   245500,   246000)            1    0.0000% 100.0000%
  [   257000,   257500)            1    0.0000% 100.0000%
  [   258500,   259000)            1    0.0000% 100.0000%
  [   259500,   260000)            1    0.0000% 100.0000%
  [   260000,   260500)            1    0.0000% 100.0000%
  [   263500,   264000)            1    0.0000% 100.0000%
  [   270000,   270500)            1    0.0000% 100.0000%
  [   270500,   271000)            1    0.0000% 100.0000%

----- REMOTE OPERATIONS [node 0] -----
  ops total                = 28663678
  ops local  (cache hit)   = 6225756 (21.72%)
  ops remote (>=1 net op)  = 22437922 (78.28%)
  remote ops total         = 150039519
    rdma read              = 150039519
    rdma write             = 0
    rdma cas               = 0
    rpc pushdown           = 0
  remote ops / op          = 5.2345
  remote ops / remote op   = 6.6869

----- OFFLOADED TASKS [node 0] -----
  lookup pushdowns         = 0
  scan    pushdowns (RPC)  = 0
    kv pairs returned      = 0
    leaves scanned remotely= 0
    kv / scan pushdown     = 0.00
    leaves / scan pushdown = 0.00

----- PATH-AWARE CACHE MISS RATE [node 0] -----
  node accesses (hit+miss) = 611869130
  node cache hits          = 461832823 (75.48%)
  MISS RATE                = 24.5210%  (150036307 / 611869130)
  inner-node miss          = 127615289 (85.06% of misses, 20.8566% rate)
  leaf-node  miss          = 22421018 (14.94% of misses, 3.6643% rate)
  total miss               = 150036307
  cache writebacks         = 0
=========================================================================

Round 0 (max_throughput): 1.78442 Mops/s
Round 0 (straggler_throughput): 1.78441 Mops/s
Before barrier finish
Avg. rdma read time(ms) = 0
Avg. rdma write time(ms) = -nan
Avg. rdma read / op = 5.23448
Avg. rdma write / op = 0
Avg. rdma cas / op = 0
Avg. rdma rpc / op = 0
Avg. all rdma / op = 5.23448
Avg. rdma read size/ op = 2680
Avg. rdma write size / op = 0
Avg. rdma RW size / op = 2680
------------------------------------------
Node 0 average throughput = 1.59178
Node 0 total throughput = 1.78442
All CN throughput (Max) = 1.78442
All CN throughput (Straggler) = 1.78441
Final throughput = 1.78441
[CORRECTNESS node 0] ops ok 28663179 / 28663678 = 99.9983%; scans 0, rows 0 (0.00 per scan)
------------------------------------------
