Compute node count = 1
kNodeCount 2, kReadRatio 100, kInsertRatio 0, kUpdateRatio 0, kDeleteRatio 0, kRangeRatio 0, totalThreadCount 36, memThreadCount 2 cache_size 128, uniform_workload 1, zipfian 0.990000, bulk_load_num 50000000, warmup_num 10000000, op_num 30000000, check_correctness 0, time_based 0, early_stop 1, index 0, rpc_rate 1.000000, admission_rate 0.100000, auto_tune 0
kMaxThread = 36
KeySpace = 50001000
[GEOMETRY] inner_page=160 leaf_page=512 inner_entries=5 leaf_entries=26 slot=512 placement=mn_only
[4mshared memory size: 64GB, 0x7fef77200000[0m
[4mcache size: 2GB[0m
[4mMachine NR: 2[0m
[4mMax_APP_THREAD: 80[0m
[4mNR_DIRECTORY: 16[0m
[4mStart Build the DSMKeeper[0m
I am servers 0 [255.127.0.0]
I connect server 1
[4mdir 0 launch! (core 79 of 80)
[0m
[4mdir 1 launch! (core 79 of 80)
[0m
CNode 0, left bound = 0, right bound = 18446744073709551615
Pushdown (RPC) Rate: 1
Admission Rate: 0.1
Cache size(MB) = 128
-----Cache initial addr = 0x7fef50000000
page num = 262144
alloc_unit = 512
entry_num: 262144
bucket_num: 87382
[DEX_SAFE_PT] page table keeps overflow buckets linked: ON
Bucket size = 64
entry_num: 26214
bucket_num: 4369
[DEX-R] push reads from the deepest cached node: ON (DEX_PUSH_READS_DEEPEST; writes keep DEX's megaLevel rule)
start generating tree
num_partitions = 1
Success: tree root pointer value [1, 67108864]
finish generating tree
Bulkload num in node 0 = 50000000

----- REMOTE CPU LOAD (memory node dir-threads, 2s window) -----
  dir 0: active=  0.00%  msgs=0           0 ns/msg
  dir 1: active=  0.00%  msgs=0           0 ns/msg
  AGGREGATE active = 0.00% (of 2 dir-threads; 0.00% per-thread avg)  msgs=0
[CPU compute ] process=  2.50% of 80 cores   system=  3.85%   (window 2s)
First key of bulkloading = 7325973
Last key of bulkloading = 26738230
node warmup num = 9999972
kReadRatio =100
insertmark =100
updatemark =100
deletemark =100
rangemark =100
Finish warmup workload generation

----- REMOTE CPU LOAD (memory node dir-threads, 2s window) -----
  dir 0: active=  0.00%  msgs=0           0 ns/msg
  dir 1: active=  0.00%  msgs=0           0 ns/msg
  AGGREGATE active = 0.00% (of 2 dir-threads; 0.00% per-thread avg)  msgs=0
[CPU compute ] process=  2.50% of 80 cores   system=  3.16%   (window 2s)

----- REMOTE CPU LOAD (memory node dir-threads, 2s window) -----
  dir 0: active=  0.00%  msgs=0           0 ns/msg
  dir 1: active=  0.00%  msgs=0           0 ns/msg
  AGGREGATE active = 0.00% (of 2 dir-threads; 0.00% per-thread avg)  msgs=0
[CPU compute ] process=  2.50% of 80 cores   system=  2.52%   (window 2s)

----- REMOTE CPU LOAD (memory node dir-threads, 2s window) -----
  dir 0: active=  0.00%  msgs=0           0 ns/msg
  dir 1: active=  0.00%  msgs=0           0 ns/msg
  AGGREGATE active = 0.00% (of 2 dir-threads; 0.00% per-thread avg)  msgs=0
[CPU compute ] process=  2.50% of 80 cores   system=  2.51%   (window 2s)

----- REMOTE CPU LOAD (memory node dir-threads, 2s window) -----
  dir 0: active=  0.00%  msgs=0           0 ns/msg
  dir 1: active=  0.00%  msgs=0           0 ns/msg
  AGGREGATE active = 0.00% (of 2 dir-threads; 0.00% per-thread avg)  msgs=0
[CPU compute ] process=  2.50% of 80 cores   system=  2.52%   (window 2s)

----- REMOTE CPU LOAD (memory node dir-threads, 2s window) -----
  dir 0: active=  0.00%  msgs=0           0 ns/msg
  dir 1: active=  0.00%  msgs=0           0 ns/msg
  AGGREGATE active = 0.00% (of 2 dir-threads; 0.00% per-thread avg)  msgs=0
[CPU compute ] process=  2.50% of 80 cores   system=  2.53%   (window 2s)

----- REMOTE CPU LOAD (memory node dir-threads, 2s window) -----
  dir 0: active=  0.00%  msgs=0           0 ns/msg
  dir 1: active=  0.00%  msgs=0           0 ns/msg
  AGGREGATE active = 0.00% (of 2 dir-threads; 0.00% per-thread avg)  msgs=0
[CPU compute ] process=  2.51% of 80 cores   system=  4.41%   (window 2s)
node op_num = 29999988
Finish all workload generation

----- REMOTE CPU LOAD (memory node dir-threads, 2s window) -----
  dir 0: active=  0.00%  msgs=0           0 ns/msg
  dir 1: active=  0.00%  msgs=0           0 ns/msg
  AGGREGATE active = 0.00% (of 2 dir-threads; 0.00% per-thread avg)  msgs=0
[CPU compute ] process=  2.49% of 80 cores   system=  2.51%   (window 2s)

----- REMOTE CPU LOAD (memory node dir-threads, 2s window) -----
  dir 0: active=  0.00%  msgs=0           0 ns/msg
  dir 1: active=  0.00%  msgs=0           0 ns/msg
  AGGREGATE active = 0.00% (of 2 dir-threads; 0.00% per-thread avg)  msgs=0
[CPU compute ] process=  2.50% of 80 cores   system=  2.52%   (window 2s)
Fetched new height = 1
Success: tree root pointer value [1, 67109888]
Height = 2
Success: tree root pointer value [1, 67112448]
Height = 3
Success: tree root pointer value [1, 67118080]
Height = 4

----- REMOTE CPU LOAD (memory node dir-threads, 2s window) -----
  dir 0: active=  0.00%  msgs=0           0 ns/msg
  dir 1: active=  0.00%  msgs=0           0 ns/msg
  AGGREGATE active = 0.00% (of 2 dir-threads; 0.00% per-thread avg)  msgs=0
[CPU compute ] process=  2.50% of 80 cores   system=  2.51%   (window 2s)

----- REMOTE CPU LOAD (memory node dir-threads, 2s window) -----
  dir 0: active=  0.00%  msgs=0           0 ns/msg
  dir 1: active=  0.00%  msgs=0           0 ns/msg
  AGGREGATE active = 0.00% (of 2 dir-threads; 0.00% per-thread avg)  msgs=0
[CPU compute ] process=  2.50% of 80 cores   system=  2.51%   (window 2s)
Success: tree root pointer value [1, 67129856]
Height = 5
Success: tree root pointer value [1, 67153920]
Height = 6
Success: tree root pointer value [1, 67202560]
Height = 7
Success: tree root pointer value [1, 67300352]
Height = 8
Success: tree root pointer value [1, 67496448]
Height = 9
Success: tree root pointer value [1, 67889152]
Height = 10
Success: tree root pointer value [1, 68675072]
Height = 11
Success: tree root pointer value [1, 70247424]
Height = 12
Success: tree root pointer value [1, 73392640]
Height = 13
Success: tree root pointer value [1, 79683584]
Height = 14
Success: tree root pointer value [1, 92265984]
Height = 15
Success: tree root pointer value [1, 34443615744]
Height = 16
Success: tree root pointer value [1, 134209024]
Height = 17
entering dynamic phase

----- REMOTE CPU LOAD (memory node dir-threads, 2s window) -----
  dir 0: active=  0.00%  msgs=0           0 ns/msg
  dir 1: active=  0.00%  msgs=0           0 ns/msg
  AGGREGATE active = 0.00% (of 2 dir-threads; 0.00% per-thread avg)  msgs=0
[CPU compute ] process=  2.50% of 80 cores   system=  4.63%   (window 2s)
Success: tree root pointer value [1, 34527502848]
Height = 18

----- REMOTE CPU LOAD (memory node dir-threads, 2s window) -----
  dir 0: active=  0.00%  msgs=0           0 ns/msg
  dir 1: active=  0.00%  msgs=0           0 ns/msg
  AGGREGATE active = 0.00% (of 2 dir-threads; 0.00% per-thread avg)  msgs=0
[CPU compute ] process=  2.50% of 80 cores   system=  2.51%   (window 2s)
Success: tree root pointer value [1, 34628168704]
Height = 19

----- REMOTE CPU LOAD (memory node dir-threads, 2s window) -----
  dir 0: active=  0.00%  msgs=0           0 ns/msg
  dir 1: active=  0.00%  msgs=0           0 ns/msg
  AGGREGATE active = 0.00% (of 2 dir-threads; 0.00% per-thread avg)  msgs=0
[CPU compute ] process=  2.50% of 80 cores   system=  2.52%   (window 2s)

----- REMOTE CPU LOAD (memory node dir-threads, 2s window) -----
  dir 0: active=  0.00%  msgs=0           0 ns/msg
  dir 1: active=  0.00%  msgs=0           0 ns/msg
  AGGREGATE active = 0.00% (of 2 dir-threads; 0.00% per-thread avg)  msgs=0
[CPU compute ] process=  2.50% of 80 cores   system=  2.51%   (window 2s)

----- REMOTE CPU LOAD (memory node dir-threads, 2s window) -----
  dir 0: active=  0.00%  msgs=0           0 ns/msg
  dir 1: active=  0.00%  msgs=0           0 ns/msg
  AGGREGATE active = 0.00% (of 2 dir-threads; 0.00% per-thread avg)  msgs=0
[CPU compute ] process=  2.50% of 80 cores   system=  2.52%   (window 2s)
Success: tree root pointer value [1, 469763072]
Height = 20

----- REMOTE CPU LOAD (memory node dir-threads, 2s window) -----
  dir 0: active=  0.00%  msgs=0           0 ns/msg
  dir 1: active=  0.00%  msgs=0           0 ns/msg
  AGGREGATE active = 0.00% (of 2 dir-threads; 0.00% per-thread avg)  msgs=0
[CPU compute ] process=  2.50% of 80 cores   system=  4.47%   (window 2s)

----- REMOTE CPU LOAD (memory node dir-threads, 2s window) -----
  dir 0: active=  0.00%  msgs=0           0 ns/msg
  dir 1: active=  0.00%  msgs=0           0 ns/msg
  AGGREGATE active = 0.00% (of 2 dir-threads; 0.00% per-thread avg)  msgs=0
[CPU compute ] process=  2.50% of 80 cores   system=  2.51%   (window 2s)

----- REMOTE CPU LOAD (memory node dir-threads, 2s window) -----
  dir 0: active=  0.00%  msgs=0           0 ns/msg
  dir 1: active=  0.00%  msgs=0           0 ns/msg
  AGGREGATE active = 0.00% (of 2 dir-threads; 0.00% per-thread avg)  msgs=0
[CPU compute ] process=  2.50% of 80 cores   system=  2.52%   (window 2s)

----- REMOTE CPU LOAD (memory node dir-threads, 2s window) -----
  dir 0: active=  0.00%  msgs=0           0 ns/msg
  dir 1: active=  0.00%  msgs=0           0 ns/msg
  AGGREGATE active = 0.00% (of 2 dir-threads; 0.00% per-thread avg)  msgs=0
[CPU compute ] process=  2.50% of 80 cores   system=  2.51%   (window 2s)

----- REMOTE CPU LOAD (memory node dir-threads, 2s window) -----
  dir 0: active=  0.00%  msgs=0           0 ns/msg
  dir 1: active=  0.00%  msgs=0           0 ns/msg
  AGGREGATE active = 0.00% (of 2 dir-threads; 0.00% per-thread avg)  msgs=0
[CPU compute ] process=  2.50% of 80 cores   system=  2.52%   (window 2s)

----- REMOTE CPU LOAD (memory node dir-threads, 2s window) -----
  dir 0: active=  0.00%  msgs=0           0 ns/msg
  dir 1: active=  0.00%  msgs=0           0 ns/msg
  AGGREGATE active = 0.00% (of 2 dir-threads; 0.00% per-thread avg)  msgs=0
[CPU compute ] process=  2.50% of 80 cores   system=  4.39%   (window 2s)
Success: tree root pointer value [1, 872428032]
Height = 21

----- REMOTE CPU LOAD (memory node dir-threads, 2s window) -----
  dir 0: active=  0.00%  msgs=0           0 ns/msg
  dir 1: active=  0.00%  msgs=0           0 ns/msg
  AGGREGATE active = 0.00% (of 2 dir-threads; 0.00% per-thread avg)  msgs=0
[CPU compute ] process=  2.50% of 80 cores   system=  2.52%   (window 2s)

----- REMOTE CPU LOAD (memory node dir-threads, 2s window) -----
  dir 0: active=  0.00%  msgs=0           0 ns/msg
  dir 1: active=  0.00%  msgs=0           0 ns/msg
  AGGREGATE active = 0.00% (of 2 dir-threads; 0.00% per-thread avg)  msgs=0
[CPU compute ] process=  2.50% of 80 cores   system=  2.52%   (window 2s)

----- REMOTE CPU LOAD (memory node dir-threads, 2s window) -----
  dir 0: active=  0.00%  msgs=0           0 ns/msg
  dir 1: active=  0.00%  msgs=0           0 ns/msg
  AGGREGATE active = 0.00% (of 2 dir-threads; 0.00% per-thread avg)  msgs=0
[CPU compute ] process=  2.50% of 80 cores   system=  2.52%   (window 2s)

----- REMOTE CPU LOAD (memory node dir-threads, 2s window) -----
  dir 0: active=  0.00%  msgs=0           0 ns/msg
  dir 1: active=  0.00%  msgs=0           0 ns/msg
  AGGREGATE active = 0.00% (of 2 dir-threads; 0.00% per-thread avg)  msgs=0
[CPU compute ] process=  2.50% of 80 cores   system=  2.51%   (window 2s)

----- REMOTE CPU LOAD (memory node dir-threads, 2s window) -----
  dir 0: active=  0.00%  msgs=0           0 ns/msg
  dir 1: active=  0.00%  msgs=0           0 ns/msg
  AGGREGATE active = 0.00% (of 2 dir-threads; 0.00% per-thread avg)  msgs=0
[CPU compute ] process=  2.50% of 80 cores   system=  4.54%   (window 2s)

----- REMOTE CPU LOAD (memory node dir-threads, 2s window) -----
  dir 0: active=  0.00%  msgs=0           0 ns/msg
  dir 1: active=  0.00%  msgs=0           0 ns/msg
  AGGREGATE active = 0.00% (of 2 dir-threads; 0.00% per-thread avg)  msgs=0
[CPU compute ] process=  2.50% of 80 cores   system=  2.51%   (window 2s)

----- REMOTE CPU LOAD (memory node dir-threads, 2s window) -----
  dir 0: active=  0.00%  msgs=0           0 ns/msg
  dir 1: active=  0.00%  msgs=0           0 ns/msg
  AGGREGATE active = 0.00% (of 2 dir-threads; 0.00% per-thread avg)  msgs=0
[CPU compute ] process=  2.50% of 80 cores   system=  2.51%   (window 2s)

----- REMOTE CPU LOAD (memory node dir-threads, 2s window) -----
  dir 0: active=  0.00%  msgs=0           0 ns/msg
  dir 1: active=  0.00%  msgs=0           0 ns/msg
  AGGREGATE active = 0.00% (of 2 dir-threads; 0.00% per-thread avg)  msgs=0
[CPU compute ] process=  2.50% of 80 cores   system=  2.51%   (window 2s)

----- REMOTE CPU LOAD (memory node dir-threads, 2s window) -----
  dir 0: active=  0.00%  msgs=0           0 ns/msg
  dir 1: active=  0.00%  msgs=0           0 ns/msg
  AGGREGATE active = 0.00% (of 2 dir-threads; 0.00% per-thread avg)  msgs=0
[CPU compute ] process=  2.50% of 80 cores   system=  2.53%   (window 2s)

----- REMOTE CPU LOAD (memory node dir-threads, 2s window) -----
  dir 0: active=  0.00%  msgs=0           0 ns/msg
  dir 1: active=  0.00%  msgs=0           0 ns/msg
  AGGREGATE active = 0.00% (of 2 dir-threads; 0.00% per-thread avg)  msgs=0
[CPU compute ] process=  2.50% of 80 cores   system=  2.92%   (window 2s)

----- REMOTE CPU LOAD (memory node dir-threads, 2s window) -----
  dir 0: active=  0.00%  msgs=0           0 ns/msg
  dir 1: active=  0.00%  msgs=0           0 ns/msg
  AGGREGATE active = 0.00% (of 2 dir-threads; 0.00% per-thread avg)  msgs=0
[CPU compute ] process=  2.50% of 80 cores   system=  4.07%   (window 2s)

----- REMOTE CPU LOAD (memory node dir-threads, 2s window) -----
  dir 0: active=  0.00%  msgs=0           0 ns/msg
  dir 1: active=  0.00%  msgs=0           0 ns/msg
  AGGREGATE active = 0.00% (of 2 dir-threads; 0.00% per-thread avg)  msgs=0
[CPU compute ] process=  2.50% of 80 cores   system=  2.52%   (window 2s)
Success: tree root pointer value [1, 1677758464]
Height = 22

----- REMOTE CPU LOAD (memory node dir-threads, 2s window) -----
  dir 0: active=  0.00%  msgs=0           0 ns/msg
  dir 1: active=  0.00%  msgs=0           0 ns/msg
  AGGREGATE active = 0.00% (of 2 dir-threads; 0.00% per-thread avg)  msgs=0
[CPU compute ] process=  2.50% of 80 cores   system=  2.51%   (window 2s)

----- REMOTE CPU LOAD (memory node dir-threads, 2s window) -----
  dir 0: active=  0.00%  msgs=0           0 ns/msg
  dir 1: active=  0.00%  msgs=0           0 ns/msg
  AGGREGATE active = 0.00% (of 2 dir-threads; 0.00% per-thread avg)  msgs=0
[CPU compute ] process=  2.50% of 80 cores   system=  2.51%   (window 2s)

----- REMOTE CPU LOAD (memory node dir-threads, 2s window) -----
  dir 0: active=  0.00%  msgs=0           0 ns/msg
  dir 1: active=  0.00%  msgs=0           0 ns/msg
  AGGREGATE active = 0.00% (of 2 dir-threads; 0.00% per-thread avg)  msgs=0
[CPU compute ] process=  2.50% of 80 cores   system=  2.52%   (window 2s)

----- REMOTE CPU LOAD (memory node dir-threads, 2s window) -----
  dir 0: active=  0.00%  msgs=0           0 ns/msg
  dir 1: active=  0.00%  msgs=0           0 ns/msg
  AGGREGATE active = 0.00% (of 2 dir-threads; 0.00% per-thread avg)  msgs=0
[CPU compute ] process=  2.50% of 80 cores   system=  4.52%   (window 2s)

----- REMOTE CPU LOAD (memory node dir-threads, 2s window) -----
  dir 0: active=  0.00%  msgs=0           0 ns/msg
  dir 1: active=  0.00%  msgs=0           0 ns/msg
  AGGREGATE active = 0.00% (of 2 dir-threads; 0.00% per-thread avg)  msgs=0
[CPU compute ] process=  2.50% of 80 cores   system=  2.51%   (window 2s)
#leaf nodes = 3846153
leaf size(MB) = 1878
#inner nodes = 3846104
inner size(MB) = 1877.98
Tree height = 22
Cache capacity = 262144
max. leaf entries = 26
max. inner entries = 5
Inner page size = 160
Leaf page size = 512
node 0 finish its bulkload
IMPORTANT: my root is 109953578696705
0 is ready for the benchmark
I am 0
Fetched new height = 22
I am 12
I am 2
I am 7
I am 6
I am 9
I am 3
I am 1
I am 5
I am 11
I am 10
I am 4
I am 13
I am 8
I am 14
I am 15
I am 18
I am 16
I am 17
I am 19
I am 35
I am 21
I am 34
I am 30
I am 23
I am 29
I am 27
I am 28
I am 32
I am 25
I am 26
I am 24
I am 22
I am 31
I am 33
I am 20
entering dynamic phase

----- REMOTE CPU LOAD (memory node dir-threads, 2s window) -----
  dir 0: active=  0.00%  msgs=0           0 ns/msg
  dir 1: active=  0.00%  msgs=0           0 ns/msg
  AGGREGATE active = 0.00% (of 2 dir-threads; 0.00% per-thread avg)  msgs=0
[CPU compute ] process=  5.11% of 80 cores   system=  5.15%   (window 2s)

----- REMOTE CPU LOAD (memory node dir-threads, 2s window) -----
  dir 0: active=  0.00%  msgs=0           0 ns/msg
  dir 1: active=  0.00%  msgs=0           0 ns/msg
  AGGREGATE active = 0.00% (of 2 dir-threads; 0.00% per-thread avg)  msgs=0
[CPU compute ] process= 46.24% of 80 cores   system= 46.28%   (window 2s)

----- REMOTE CPU LOAD (memory node dir-threads, 2s window) -----
  dir 0: active=  0.00%  msgs=0           0 ns/msg
  dir 1: active=  0.00%  msgs=0           0 ns/msg
  AGGREGATE active = 0.00% (of 2 dir-threads; 0.00% per-thread avg)  msgs=0
[CPU compute ] process= 46.26% of 80 cores   system= 46.28%   (window 2s)

----- REMOTE CPU LOAD (memory node dir-threads, 2s window) -----
  dir 0: active=  0.00%  msgs=0           0 ns/msg
  dir 1: active=  0.00%  msgs=0           0 ns/msg
  AGGREGATE active = 0.00% (of 2 dir-threads; 0.00% per-thread avg)  msgs=0
[CPU compute ] process= 46.24% of 80 cores   system= 47.44%   (window 2s)
Thread_op_num = 833333
node 0 finish warmup
Start collecting the statistic

----- REMOTE CPU LOAD (memory node dir-threads, 2s window) -----
  dir 0: active=  0.00%  msgs=0           0 ns/msg
  dir 1: active=  0.00%  msgs=0           0 ns/msg
  AGGREGATE active = 0.00% (of 2 dir-threads; 0.00% per-thread avg)  msgs=0
[CPU compute ] process= 46.24% of 80 cores   system= 46.26%   (window 2s)
0, throughput 1.2379
cluster throughput 1.237

----- REMOTE CPU LOAD (memory node dir-threads, 2s window) -----
  dir 0: active=  0.00%  msgs=0           0 ns/msg
  dir 1: active=  0.00%  msgs=0           0 ns/msg
  AGGREGATE active = 0.00% (of 2 dir-threads; 0.00% per-thread avg)  msgs=0
[CPU compute ] process= 46.27% of 80 cores   system= 46.29%   (window 2s)
0, throughput 1.2625
cluster throughput 1.262

----- REMOTE CPU LOAD (memory node dir-threads, 2s window) -----
  dir 0: active=  0.00%  msgs=0           0 ns/msg
  dir 1: active=  0.00%  msgs=0           0 ns/msg
  AGGREGATE active = 0.00% (of 2 dir-threads; 0.00% per-thread avg)  msgs=0
[CPU compute ] process= 46.24% of 80 cores   system= 46.27%   (window 2s)
0, throughput 1.2664
cluster throughput 1.266

----- REMOTE CPU LOAD (memory node dir-threads, 2s window) -----
  dir 0: active=  0.00%  msgs=0           0 ns/msg
  dir 1: active=  0.00%  msgs=0           0 ns/msg
  AGGREGATE active = 0.00% (of 2 dir-threads; 0.00% per-thread avg)  msgs=0
[CPU compute ] process= 46.24% of 80 cores   system= 46.27%   (window 2s)
0, throughput 1.2684
cluster throughput 1.268

----- REMOTE CPU LOAD (memory node dir-threads, 2s window) -----
  dir 0: active=  0.00%  msgs=0           0 ns/msg
  dir 1: active=  0.00%  msgs=0           0 ns/msg
  AGGREGATE active = 0.00% (of 2 dir-threads; 0.00% per-thread avg)  msgs=0
[CPU compute ] process= 46.24% of 80 cores   system= 47.40%   (window 2s)
0, throughput 1.2696
cluster throughput 1.269

----- REMOTE CPU LOAD (memory node dir-threads, 2s window) -----
  dir 0: active=  0.00%  msgs=0           0 ns/msg
  dir 1: active=  0.00%  msgs=0           0 ns/msg
  AGGREGATE active = 0.00% (of 2 dir-threads; 0.00% per-thread avg)  msgs=0
[CPU compute ] process= 46.27% of 80 cores   system= 46.28%   (window 2s)
0, throughput 1.2692
cluster throughput 1.269

----- REMOTE CPU LOAD (memory node dir-threads, 2s window) -----
  dir 0: active=  0.00%  msgs=0           0 ns/msg
  dir 1: active=  0.00%  msgs=0           0 ns/msg
  AGGREGATE active = 0.00% (of 2 dir-threads; 0.00% per-thread avg)  msgs=0
[CPU compute ] process= 46.24% of 80 cores   system= 46.27%   (window 2s)
0, throughput 1.2696
cluster throughput 1.269

----- REMOTE CPU LOAD (memory node dir-threads, 2s window) -----
  dir 0: active=  0.00%  msgs=0           0 ns/msg
  dir 1: active=  0.00%  msgs=0           0 ns/msg
  AGGREGATE active = 0.00% (of 2 dir-threads; 0.00% per-thread avg)  msgs=0
[CPU compute ] process= 46.24% of 80 cores   system= 46.28%   (window 2s)
0, throughput 1.2695
cluster throughput 1.269

----- REMOTE CPU LOAD (memory node dir-threads, 2s window) -----
  dir 0: active=  0.00%  msgs=0           0 ns/msg
  dir 1: active=  0.00%  msgs=0           0 ns/msg
  AGGREGATE active = 0.00% (of 2 dir-threads; 0.00% per-thread avg)  msgs=0
[CPU compute ] process= 46.24% of 80 cores   system= 46.27%   (window 2s)
0, throughput 1.2695
cluster throughput 1.269

----- REMOTE CPU LOAD (memory node dir-threads, 2s window) -----
  dir 0: active=  0.00%  msgs=0           0 ns/msg
  dir 1: active=  0.00%  msgs=0           0 ns/msg
  AGGREGATE active = 0.00% (of 2 dir-threads; 0.00% per-thread avg)  msgs=0
[CPU compute ] process= 46.27% of 80 cores   system= 47.47%   (window 2s)
0, throughput 1.2683
cluster throughput 1.268

----- REMOTE CPU LOAD (memory node dir-threads, 2s window) -----
  dir 0: active=  0.00%  msgs=0           0 ns/msg
  dir 1: active=  0.00%  msgs=0           0 ns/msg
  AGGREGATE active = 0.00% (of 2 dir-threads; 0.00% per-thread avg)  msgs=0
[CPU compute ] process= 46.24% of 80 cores   system= 46.27%   (window 2s)
0, throughput 1.2693
cluster throughput 1.269

----- REMOTE CPU LOAD (memory node dir-threads, 2s window) -----
  dir 0: active=  0.00%  msgs=0           0 ns/msg
  dir 1: active=  0.00%  msgs=0           0 ns/msg
  AGGREGATE active = 0.00% (of 2 dir-threads; 0.00% per-thread avg)  msgs=0
[CPU compute ] process= 46.24% of 80 cores   system= 46.27%   (window 2s)
0, throughput 1.0623
cluster throughput 1.062

----- REMOTE CPU LOAD (memory node dir-threads, 2s window) -----
  dir 0: active=  0.00%  msgs=0           0 ns/msg
  dir 1: active=  0.00%  msgs=0           0 ns/msg
  AGGREGATE active = 0.00% (of 2 dir-threads; 0.00% per-thread avg)  msgs=0
[CPU compute ] process= 36.16% of 80 cores   system= 36.17%   (window 2s)
0, throughput 0.0000
cluster throughput 0.000
The time duration = 26 seconds

----- REMOTE CPU LOAD (memory node dir-threads, 2s window) -----
  dir 0: active=  0.00%  msgs=0           0 ns/msg
  dir 1: active=  0.00%  msgs=0           0 ns/msg
  AGGREGATE active = 0.00% (of 2 dir-threads; 0.00% per-thread avg)  msgs=0
[CPU compute ] process=  1.25% of 80 cores   system=  1.26%   (window 2s)

==================== LATENCY BUCKETS (500 ns) [node 0] ====================
[LOOKUP]
  ALL                n=29967734   mean=   28.39us  p50=  26.50us  p90=  52.50us  p99=  56.00us  p99.9=  59.00us  max>=606.50us
  LOCAL (cache hit)  n=9633       mean=    1.78us  p50=   2.00us  p90=   2.50us  p99=   3.00us  p99.9=   5.00us  max>=  7.50us
  REMOTE (miss/rpc)  n=29958101   mean=   28.40us  p50=  32.50us  p90=  52.50us  p99=  56.00us  p99.9=  59.00us  max>=606.50us
[ALL OPS]
  ALL                n=29967734   mean=   28.39us  p50=  26.50us  p90=  52.50us  p99=  56.00us  p99.9=  59.00us  max>=606.50us
  LOCAL (cache hit)  n=9633       mean=    1.78us  p50=   2.00us  p90=   2.50us  p99=   3.00us  p99.9=   5.00us  max>=  7.50us
  REMOTE (miss/rpc)  n=29958101   mean=   28.40us  p50=  32.50us  p90=  52.50us  p99=  56.00us  p99.9=  59.00us  max>=606.50us

----- 500 ns bucket CDF (all ops) [node 0] -----
  bucket [lo,hi) ns             count        pct       cdf
  [      500,     1000)           34    0.0001%   0.0001%
  [     1000,     1500)         1928    0.0064%   0.0065%
  [     1500,     2000)         5393    0.0180%   0.0245%
  [     2000,     2500)         2018    0.0067%   0.0313%
  [     2500,     3000)          231    0.0008%   0.0320%
  [     3000,     3500)           13    0.0000%   0.0321%
  [     3500,     4000)           19    0.0001%   0.0322%
  [     4000,     4500)         4827    0.0161%   0.0483%
  [     4500,     5000)       196925    0.6571%   0.7054%
  [     5000,     5500)      1455614    4.8573%   5.5627%
  [     5500,     6000)      3264026   10.8918%  16.4545%
  [     6000,     6500)      3502672   11.6881%  28.1426%
  [     6500,     7000)      2638161    8.8033%  36.9459%
  [     7000,     7500)      1670858    5.5755%  42.5215%
  [     7500,     8000)       974924    3.2532%  45.7747%
  [     8000,     8500)       537807    1.7946%  47.5693%
  [     8500,     9000)       300739    1.0035%  48.5729%
  [     9000,     9500)       171276    0.5715%  49.1444%
  [     9500,    10000)        99649    0.3325%  49.4769%
  [    10000,    10500)        58069    0.1938%  49.6707%
  [    10500,    11000)        34774    0.1160%  49.7867%
  [    11000,    11500)        21044    0.0702%  49.8570%
  [    11500,    12000)        12695    0.0424%  49.8993%
  [    12000,    12500)         7585    0.0253%  49.9246%
  [    12500,    13000)         4584    0.0153%  49.9399%
  [    13000,    13500)         2792    0.0093%  49.9492%
  [    13500,    14000)         1820    0.0061%  49.9553%
  [    14000,    14500)         1309    0.0044%  49.9597%
  [    14500,    15000)         1001    0.0033%  49.9630%
  [    15000,    15500)          727    0.0024%  49.9655%
  [    15500,    16000)          663    0.0022%  49.9677%
  [    16000,    16500)          594    0.0020%  49.9696%
  [    16500,    17000)          556    0.0019%  49.9715%
  [    17000,    17500)          484    0.0016%  49.9731%
  [    17500,    18000)          451    0.0015%  49.9746%
  [    18000,    18500)          458    0.0015%  49.9762%
  [    18500,    19000)          446    0.0015%  49.9776%
  [    19000,    19500)          453    0.0015%  49.9792%
  [    19500,    20000)          429    0.0014%  49.9806%
  [    20000,    20500)          455    0.0015%  49.9821%
  [    20500,    21000)          416    0.0014%  49.9835%
  [    21000,    21500)          412    0.0014%  49.9849%
  [    21500,    22000)          439    0.0015%  49.9863%
  [    22000,    22500)          445    0.0015%  49.9878%
  [    22500,    23000)          472    0.0016%  49.9894%
  [    23000,    23500)          445    0.0015%  49.9909%
  [    23500,    24000)          465    0.0016%  49.9924%
  [    24000,    24500)          472    0.0016%  49.9940%
  [    24500,    25000)          489    0.0016%  49.9956%
  [    25000,    25500)          457    0.0015%  49.9972%
  [    25500,    26000)          428    0.0014%  49.9986%
  [    26000,    26500)          427    0.0014%  50.0000%
  [    26500,    27000)          410    0.0014%  50.0014%
  [    27000,    27500)          430    0.0014%  50.0028%
  [    27500,    28000)          449    0.0015%  50.0043%
  [    28000,    28500)          395    0.0013%  50.0056%
  [    28500,    29000)          406    0.0014%  50.0070%
  [    29000,    29500)          410    0.0014%  50.0084%
  [    29500,    30000)          427    0.0014%  50.0098%
  [    30000,    30500)          480    0.0016%  50.0114%
  [    30500,    31000)          465    0.0016%  50.0129%
  [    31000,    31500)          466    0.0016%  50.0145%
  [    31500,    32000)          401    0.0013%  50.0158%
  [    32000,    32500)          463    0.0015%  50.0174%
  [    32500,    33000)          458    0.0015%  50.0189%
  [    33000,    33500)          467    0.0016%  50.0205%
  [    33500,    34000)          489    0.0016%  50.0221%
  [    34000,    34500)          458    0.0015%  50.0236%
  [    34500,    35000)          449    0.0015%  50.0251%
  [    35000,    35500)          470    0.0016%  50.0267%
  [    35500,    36000)          451    0.0015%  50.0282%
  [    36000,    36500)          460    0.0015%  50.0297%
  [    36500,    37000)          442    0.0015%  50.0312%
  [    37000,    37500)          452    0.0015%  50.0327%
  [    37500,    38000)          504    0.0017%  50.0344%
  [    38000,    38500)          510    0.0017%  50.0361%
  [    38500,    39000)          686    0.0023%  50.0384%
  [    39000,    39500)          893    0.0030%  50.0414%
  [    39500,    40000)         1171    0.0039%  50.0453%
  [    40000,    40500)         1747    0.0058%  50.0511%
  [    40500,    41000)         2787    0.0093%  50.0604%
  [    41000,    41500)         4539    0.0151%  50.0755%
  [    41500,    42000)         7580    0.0253%  50.1008%
  [    42000,    42500)        12115    0.0404%  50.1413%
  [    42500,    43000)        19383    0.0647%  50.2059%
  [    43000,    43500)        31176    0.1040%  50.3100%
  [    43500,    44000)        49435    0.1650%  50.4749%
  [    44000,    44500)        76859    0.2565%  50.7314%
  [    44500,    45000)       117537    0.3922%  51.1236%
  [    45000,    45500)       173029    0.5774%  51.7010%
  [    45500,    46000)       248145    0.8280%  52.5290%
  [    46000,    46500)       342593    1.1432%  53.6722%
  [    46500,    47000)       462016    1.5417%  55.2140%
  [    47000,    47500)       597495    1.9938%  57.2078%
  [    47500,    48000)       743858    2.4822%  59.6900%
  [    48000,    48500)       883267    2.9474%  62.6373%
  [    48500,    49000)      1019859    3.4032%  66.0405%
  [    49000,    49500)      1111370    3.7086%  69.7491%
  [    49500,    50000)      1168981    3.9008%  73.6499%
  [    50000,    50500)      1178592    3.9329%  77.5828%
  [    50500,    51000)      1142265    3.8116%  81.3944%
  [    51000,    51500)      1061996    3.5438%  84.9382%
  [    51500,    52000)       948286    3.1644%  88.1026%
  [    52000,    52500)       814825    2.7190%  90.8216%
  [    52500,    53000)       679877    2.2687%  93.0903%
  [    53000,    53500)       545467    1.8202%  94.9104%
  [    53500,    54000)       422362    1.4094%  96.3198%
  [    54000,    54500)       317397    1.0591%  97.3790%
  [    54500,    55000)       235203    0.7849%  98.1638%
  [    55000,    55500)       168741    0.5631%  98.7269%
  [    55500,    56000)       119221    0.3978%  99.1247%
  [    56000,    56500)        83040    0.2771%  99.4018%
  [    56500,    57000)        57477    0.1918%  99.5936%
  [    57000,    57500)        38687    0.1291%  99.7227%
  [    57500,    58000)        26053    0.0869%  99.8097%
  [    58000,    58500)        17516    0.0584%  99.8681%
  [    58500,    59000)        11461    0.0382%  99.9063%
  [    59000,    59500)         7314    0.0244%  99.9308%
  [    59500,    60000)         4532    0.0151%  99.9459%
  [    60000,    60500)         3000    0.0100%  99.9559%
  [    60500,    61000)         1850    0.0062%  99.9621%
  [    61000,    61500)         1262    0.0042%  99.9663%
  [    61500,    62000)          773    0.0026%  99.9689%
  [    62000,    62500)          539    0.0018%  99.9707%
  [    62500,    63000)          363    0.0012%  99.9719%
  [    63000,    63500)          280    0.0009%  99.9728%
  [    63500,    64000)          255    0.0009%  99.9736%
  [    64000,    64500)          216    0.0007%  99.9744%
  [    64500,    65000)          153    0.0005%  99.9749%
  [    65000,    65500)          158    0.0005%  99.9754%
  [    65500,    66000)          142    0.0005%  99.9759%
  [    66000,    66500)          134    0.0004%  99.9763%
  [    66500,    67000)          116    0.0004%  99.9767%
  [    67000,    67500)          129    0.0004%  99.9771%
  [    67500,    68000)          137    0.0005%  99.9776%
  [    68000,    68500)          126    0.0004%  99.9780%
  [    68500,    69000)          125    0.0004%  99.9784%
  [    69000,    69500)          138    0.0005%  99.9789%
  [    69500,    70000)          129    0.0004%  99.9793%
  [    70000,    70500)          152    0.0005%  99.9798%
  [    70500,    71000)          127    0.0004%  99.9803%
  [    71000,    71500)          133    0.0004%  99.9807%
  [    71500,    72000)          124    0.0004%  99.9811%
  [    72000,    72500)          131    0.0004%  99.9816%
  [    72500,    73000)          142    0.0005%  99.9820%
  [    73000,    73500)          138    0.0005%  99.9825%
  [    73500,    74000)          150    0.0005%  99.9830%
  [    74000,    74500)          163    0.0005%  99.9835%
  [    74500,    75000)          145    0.0005%  99.9840%
  [    75000,    75500)          164    0.0005%  99.9846%
  [    75500,    76000)          130    0.0004%  99.9850%
  [    76000,    76500)          145    0.0005%  99.9855%
  [    76500,    77000)          136    0.0005%  99.9859%
  [    77000,    77500)          136    0.0005%  99.9864%
  [    77500,    78000)          118    0.0004%  99.9868%
  [    78000,    78500)          118    0.0004%  99.9872%
  [    78500,    79000)          111    0.0004%  99.9875%
  [    79000,    79500)          109    0.0004%  99.9879%
  [    79500,    80000)          100    0.0003%  99.9882%
  [    80000,    80500)           75    0.0003%  99.9885%
  [    80500,    81000)           81    0.0003%  99.9888%
  [    81000,    81500)           73    0.0002%  99.9890%
  [    81500,    82000)           67    0.0002%  99.9892%
  [    82000,    82500)           81    0.0003%  99.9895%
  [    82500,    83000)           76    0.0003%  99.9898%
  [    83000,    83500)           87    0.0003%  99.9900%
  [    83500,    84000)           79    0.0003%  99.9903%
  [    84000,    84500)           70    0.0002%  99.9905%
  [    84500,    85000)           72    0.0002%  99.9908%
  [    85000,    85500)           96    0.0003%  99.9911%
  [    85500,    86000)           86    0.0003%  99.9914%
  [    86000,    86500)           71    0.0002%  99.9916%
  [    86500,    87000)           71    0.0002%  99.9919%
  [    87000,    87500)           71    0.0002%  99.9921%
  [    87500,    88000)           73    0.0002%  99.9923%
  [    88000,    88500)           78    0.0003%  99.9926%
  [    88500,    89000)           82    0.0003%  99.9929%
  [    89000,    89500)           70    0.0002%  99.9931%
  [    89500,    90000)           74    0.0002%  99.9934%
  [    90000,    90500)           59    0.0002%  99.9936%
  [    90500,    91000)           55    0.0002%  99.9937%
  [    91000,    91500)           64    0.0002%  99.9940%
  [    91500,    92000)           53    0.0002%  99.9941%
  [    92000,    92500)           60    0.0002%  99.9943%
  [    92500,    93000)           68    0.0002%  99.9946%
  [    93000,    93500)           74    0.0002%  99.9948%
  [    93500,    94000)           62    0.0002%  99.9950%
  [    94000,    94500)           57    0.0002%  99.9952%
  [    94500,    95000)           55    0.0002%  99.9954%
  [    95000,    95500)           67    0.0002%  99.9956%
  [    95500,    96000)           57    0.0002%  99.9958%
  [    96000,    96500)           64    0.0002%  99.9960%
  [    96500,    97000)           57    0.0002%  99.9962%
  [    97000,    97500)           82    0.0003%  99.9965%
  [    97500,    98000)           67    0.0002%  99.9967%
  [    98000,    98500)           65    0.0002%  99.9969%
  [    98500,    99000)           58    0.0002%  99.9971%
  [    99000,    99500)           56    0.0002%  99.9973%
  [    99500,   100000)           54    0.0002%  99.9975%
  [   100000,   100500)           38    0.0001%  99.9976%
  [   100500,   101000)           35    0.0001%  99.9977%
  [   101000,   101500)           28    0.0001%  99.9978%
  [   101500,   102000)           24    0.0001%  99.9979%
  [   102000,   102500)           15    0.0001%  99.9979%
  [   102500,   103000)           17    0.0001%  99.9980%
  [   103000,   103500)            9    0.0000%  99.9980%
  [   103500,   104000)            2    0.0000%  99.9980%
  [   104000,   104500)            7    0.0000%  99.9981%
  [   104500,   105000)            6    0.0000%  99.9981%
  [   105000,   105500)            2    0.0000%  99.9981%
  [   105500,   106000)            5    0.0000%  99.9981%
  [   106000,   106500)            1    0.0000%  99.9981%
  [   106500,   107000)            2    0.0000%  99.9981%
  [   107500,   108000)            1    0.0000%  99.9981%
  [   108000,   108500)            2    0.0000%  99.9981%
  [   108500,   109000)            4    0.0000%  99.9981%
  [   109000,   109500)            6    0.0000%  99.9982%
  [   109500,   110000)            5    0.0000%  99.9982%
  [   110000,   110500)            8    0.0000%  99.9982%
  [   110500,   111000)           10    0.0000%  99.9982%
  [   111000,   111500)            4    0.0000%  99.9983%
  [   111500,   112000)            6    0.0000%  99.9983%
  [   112000,   112500)            7    0.0000%  99.9983%
  [   112500,   113000)            9    0.0000%  99.9983%
  [   113000,   113500)            5    0.0000%  99.9983%
  [   113500,   114000)            7    0.0000%  99.9984%
  [   114000,   114500)            1    0.0000%  99.9984%
  [   114500,   115000)            3    0.0000%  99.9984%
  [   115500,   116000)            2    0.0000%  99.9984%
  [   117500,   118000)            1    0.0000%  99.9984%
  [   129500,   130000)            1    0.0000%  99.9984%
  [   130500,   131000)            3    0.0000%  99.9984%
  [   132500,   133000)            1    0.0000%  99.9984%
  [   133000,   133500)            4    0.0000%  99.9984%
  [   133500,   134000)            4    0.0000%  99.9984%
  [   134000,   134500)            7    0.0000%  99.9985%
  [   134500,   135000)            6    0.0000%  99.9985%
  [   135000,   135500)            7    0.0000%  99.9985%
  [   135500,   136000)            3    0.0000%  99.9985%
  [   136000,   136500)            4    0.0000%  99.9985%
  [   136500,   137000)            9    0.0000%  99.9986%
  [   137000,   137500)           14    0.0000%  99.9986%
  [   137500,   138000)           18    0.0001%  99.9987%
  [   138000,   138500)           30    0.0001%  99.9988%
  [   138500,   139000)           25    0.0001%  99.9988%
  [   139000,   139500)           28    0.0001%  99.9989%
  [   139500,   140000)           27    0.0001%  99.9990%
  [   140000,   140500)           19    0.0001%  99.9991%
  [   140500,   141000)           18    0.0001%  99.9991%
  [   141000,   141500)           15    0.0001%  99.9992%
  [   141500,   142000)           14    0.0000%  99.9992%
  [   142000,   142500)            8    0.0000%  99.9993%
  [   142500,   143000)           11    0.0000%  99.9993%
  [   143000,   143500)           10    0.0000%  99.9993%
  [   143500,   144000)           14    0.0000%  99.9994%
  [   144000,   144500)            7    0.0000%  99.9994%
  [   144500,   145000)            8    0.0000%  99.9994%
  [   145000,   145500)            5    0.0000%  99.9995%
  [   145500,   146000)            6    0.0000%  99.9995%
  [   147500,   148000)            1    0.0000%  99.9995%
  [   225500,   226000)            1    0.0000%  99.9995%
  [   231500,   232000)            1    0.0000%  99.9995%
  [   237500,   238000)            1    0.0000%  99.9995%
  [   242000,   242500)            1    0.0000%  99.9995%
  [   248500,   249000)            1    0.0000%  99.9995%
  [   252000,   252500)            2    0.0000%  99.9995%
  [   253500,   254000)            1    0.0000%  99.9995%
  [   256000,   256500)            1    0.0000%  99.9995%
  [   259500,   260000)            1    0.0000%  99.9995%
  [   263500,   264000)            1    0.0000%  99.9995%
  [   266500,   267000)            1    0.0000%  99.9995%
  [   584000,   584500)            2    0.0000%  99.9995%
  [   584500,   585000)            4    0.0000%  99.9995%
  [   585000,   585500)            6    0.0000%  99.9996%
  [   585500,   586000)            4    0.0000%  99.9996%
  [   586000,   586500)            2    0.0000%  99.9996%
  [   586500,   587000)            1    0.0000%  99.9996%
  [   587000,   587500)            1    0.0000%  99.9996%
  [   587500,   588000)            5    0.0000%  99.9996%
  [   588000,   588500)            4    0.0000%  99.9996%
  [   589000,   589500)            4    0.0000%  99.9996%
  [   589500,   590000)            6    0.0000%  99.9996%
  [   590000,   590500)            2    0.0000%  99.9997%
  [   590500,   591000)            3    0.0000%  99.9997%
  [   591000,   591500)            3    0.0000%  99.9997%
  [   591500,   592000)            3    0.0000%  99.9997%
  [   592500,   593000)            1    0.0000%  99.9997%
  [   593000,   593500)            2    0.0000%  99.9997%
  [   593500,   594000)            1    0.0000%  99.9997%
  [   594000,   594500)            4    0.0000%  99.9997%
  [   594500,   595000)            3    0.0000%  99.9997%
  [   595000,   595500)            4    0.0000%  99.9997%
  [   595500,   596000)            2    0.0000%  99.9997%
  [   596000,   596500)            2    0.0000%  99.9997%
  [   596500,   597000)            2    0.0000%  99.9998%
  [   597000,   597500)            2    0.0000%  99.9998%
  [   597500,   598000)            2    0.0000%  99.9998%
  [   598000,   598500)            5    0.0000%  99.9998%
  [   598500,   599000)           10    0.0000%  99.9998%
  [   599000,   599500)           11    0.0000%  99.9999%
  [   599500,   600000)           11    0.0000%  99.9999%
  [   600000,   600500)            8    0.0000%  99.9999%
  [   600500,   601000)            5    0.0000%  99.9999%
  [   601000,   601500)            4    0.0000%  99.9999%
  [   601500,   602000)            2    0.0000% 100.0000%
  [   602000,   602500)            3    0.0000% 100.0000%
  [   602500,   603000)            1    0.0000% 100.0000%
  [   603000,   603500)            2    0.0000% 100.0000%
  [   603500,   604000)            1    0.0000% 100.0000%
  [   604000,   604500)            1    0.0000% 100.0000%
  [   604500,   605000)            2    0.0000% 100.0000%
  [   605000,   605500)            2    0.0000% 100.0000%
  [   606000,   606500)            1    0.0000% 100.0000%

----- REMOTE OPERATIONS [node 0] -----
  ops total                = 29967734
  ops local  (cache hit)   = 9633 (0.03%)
  ops remote (>=1 net op)  = 29958101 (99.97%)
  remote ops total         = 29958101
    rdma read              = 0
    rdma write             = 0
    rdma cas               = 0
    rpc pushdown           = 29958101
  remote ops / op          = 0.9997
  remote ops / remote op   = 1.0000

----- OFFLOADED TASKS [node 0] -----
  lookup pushdowns         = 29958101
  scan    pushdowns (RPC)  = 0
    kv pairs returned      = 0
    leaves scanned remotely= 0
    kv / scan pushdown     = 0.00
    leaves / scan pushdown = 0.00
  per-thread breakdown (tid: lookups | scans | kv | leaves):
    t0        832152 |          0 |          0 |          0
    t1        831479 |          0 |          0 |          0
    t2        832665 |          0 |          0 |          0
    t3        831797 |          0 |          0 |          0
    t4        831917 |          0 |          0 |          0
    t5        831717 |          0 |          0 |          0
    t6        832837 |          0 |          0 |          0
    t7        831669 |          0 |          0 |          0
    t8        833068 |          0 |          0 |          0
    t9        831895 |          0 |          0 |          0
    t10       832720 |          0 |          0 |          0
    t11       831723 |          0 |          0 |          0
    t12       832381 |          0 |          0 |          0
    t13       831649 |          0 |          0 |          0
    t14       832539 |          0 |          0 |          0
    t15       831489 |          0 |          0 |          0
    t16       832263 |          0 |          0 |          0
    t17       831657 |          0 |          0 |          0
    t18       833013 |          0 |          0 |          0
    t19       831641 |          0 |          0 |          0
    t20       832753 |          0 |          0 |          0
    t21       831747 |          0 |          0 |          0
    t22       832531 |          0 |          0 |          0
    t23       831427 |          0 |          0 |          0
    t24       833069 |          0 |          0 |          0
    t25       831797 |          0 |          0 |          0
    t26       832926 |          0 |          0 |          0
    t27       831655 |          0 |          0 |          0
    t28       832719 |          0 |          0 |          0
    t29       831943 |          0 |          0 |          0
    t30       832959 |          0 |          0 |          0
    t31       831683 |          0 |          0 |          0
    t32       832263 |          0 |          0 |          0
    t33       831785 |          0 |          0 |          0
    t34       832769 |          0 |          0 |          0
    t35       831804 |          0 |          0 |          0

----- PATH-AWARE CACHE MISS RATE [node 0] -----
  node accesses (hit+miss) = 500863088
  node cache hits          = 470904987 (94.02%)
  MISS RATE                = 5.9813%  (29958101 / 500863088)
  inner-node miss          = 29750615 (99.31% of misses, 5.9399% rate)
  leaf-node  miss          = 207486 (0.69% of misses, 0.0414% rate)
  total miss               = 29958101
  cache writebacks         = 0
=========================================================================

Round 0 (max_throughput): 1.26562 Mops/s
Round 0 (straggler_throughput): 1.26562 Mops/s
Before barrier finish
Avg. rdma read time(ms) = -nan
Avg. rdma write time(ms) = -nan
Avg. rdma read / op = 0
Avg. rdma write / op = 0
Avg. rdma cas / op = 0
Avg. rdma rpc / op = 0.999679
Avg. all rdma / op = 0.999679
Avg. rdma read size/ op = 32.9894
Avg. rdma write size / op = 0
Avg. rdma RW size / op = 32.9894
------------------------------------------
Node 0 average throughput = 1.24808
Node 0 total throughput = 1.26562
All CN throughput (Max) = 1.26562
All CN throughput (Straggler) = 1.26562
Final throughput = 1.26562
[CORRECTNESS node 0] ops ok 29967163 / 29967734 = 99.9981%; scans 0, rows 0 (0.00 per scan)
------------------------------------------
