Compute node count = 1
kNodeCount 2, kReadRatio 0, kInsertRatio 0, kUpdateRatio 0, kDeleteRatio 0, kRangeRatio 100, totalThreadCount 36, memThreadCount 2 cache_size 1024, uniform_workload 0, zipfian 0.990000, bulk_load_num 50000000, warmup_num 10000000, op_num 30000000, check_correctness 0, time_based 0, early_stop 1, index 0, rpc_rate 1.000000, admission_rate 0.100000, auto_tune 0
kMaxThread = 36
KeySpace = 50001000
[GEOMETRY] inner_page=160 leaf_page=512 inner_entries=5 leaf_entries=26 slot=512 placement=mn_only
[4mshared memory size: 64GB, 0x7fef77200000[0m
[4mcache size: 2GB[0m
[4mMachine NR: 2[0m
[4mMax_APP_THREAD: 80[0m
[4mNR_DIRECTORY: 16[0m
[4mStart Build the DSMKeeper[0m
I am servers 0 [255.127.0.0]
I connect server 1
[4mdir 0 launch! (core 79 of 80)
[0m
[4mdir 1 launch! (core 79 of 80)
[0m
CNode 0, left bound = 0, right bound = 18446744073709551615
Pushdown (RPC) Rate: 1
Admission Rate: 0.1
Cache size(MB) = 1024
-----Cache initial addr = 0x7fef18000000
page num = 2097152
alloc_unit = 512
entry_num: 2097152
bucket_num: 699051
[DEX_SAFE_PT] page table keeps overflow buckets linked: ON
Bucket size = 64
entry_num: 209715
bucket_num: 34953
[DEX-R] push reads from the deepest cached node: off (DEX_PUSH_READS_DEEPEST; writes keep DEX's megaLevel rule)
start generating tree
num_partitions = 1
Success: tree root pointer value [1, 67108864]
finish generating tree

----- REMOTE CPU LOAD (memory node dir-threads, 2s window) -----
  dir 0: active=  0.00%  msgs=0           0 ns/msg
  dir 1: active=  0.00%  msgs=0           0 ns/msg
  AGGREGATE active = 0.00% (of 2 dir-threads; 0.00% per-thread avg)  msgs=0
[CPU compute ] process=  2.50% of 80 cores   system=  2.52%   (window 2s)
Bulkload num in node 0 = 50000000
First key of bulkloading = 7325973
Last key of bulkloading = 26738230
node warmup num = 9999972
kReadRatio =0
insertmark =0
updatemark =0
deletemark =0
rangemark =100
Finish warmup workload generation

----- REMOTE CPU LOAD (memory node dir-threads, 2s window) -----
  dir 0: active=  0.00%  msgs=0           0 ns/msg
  dir 1: active=  0.00%  msgs=0           0 ns/msg
  AGGREGATE active = 0.00% (of 2 dir-threads; 0.00% per-thread avg)  msgs=0
[CPU compute ] process=  2.50% of 80 cores   system=  4.39%   (window 2s)

----- REMOTE CPU LOAD (memory node dir-threads, 2s window) -----
  dir 0: active=  0.00%  msgs=0           0 ns/msg
  dir 1: active=  0.00%  msgs=0           0 ns/msg
  AGGREGATE active = 0.00% (of 2 dir-threads; 0.00% per-thread avg)  msgs=0
[CPU compute ] process=  2.50% of 80 cores   system=  2.52%   (window 2s)

----- REMOTE CPU LOAD (memory node dir-threads, 2s window) -----
  dir 0: active=  0.00%  msgs=0           0 ns/msg
  dir 1: active=  0.00%  msgs=0           0 ns/msg
  AGGREGATE active = 0.00% (of 2 dir-threads; 0.00% per-thread avg)  msgs=0
[CPU compute ] process=  2.50% of 80 cores   system=  2.52%   (window 2s)
node op_num = 29999988
Finish all workload generation

----- REMOTE CPU LOAD (memory node dir-threads, 2s window) -----
  dir 0: active=  0.00%  msgs=0           0 ns/msg
  dir 1: active=  0.00%  msgs=0           0 ns/msg
  AGGREGATE active = 0.00% (of 2 dir-threads; 0.00% per-thread avg)  msgs=0
[CPU compute ] process=  2.50% of 80 cores   system=  2.52%   (window 2s)

----- REMOTE CPU LOAD (memory node dir-threads, 2s window) -----
  dir 0: active=  0.00%  msgs=0           0 ns/msg
  dir 1: active=  0.00%  msgs=0           0 ns/msg
  AGGREGATE active = 0.00% (of 2 dir-threads; 0.00% per-thread avg)  msgs=0
[CPU compute ] process=  2.50% of 80 cores   system=  2.52%   (window 2s)
[CPU compute ] process=  2.50% of 80 cores   system=  4.41%   (window 2s)

----- REMOTE CPU LOAD (memory node dir-threads, 2s window) -----
  dir 0: active=  0.00%  msgs=0           0 ns/msg
  dir 1: active=  0.00%  msgs=0           0 ns/msg
  AGGREGATE active = 0.00% (of 2 dir-threads; 0.00% per-thread avg)  msgs=0
Fetched new height = 1
Success: tree root pointer value [1, 67109888]
Height = 2
Success: tree root pointer value [1, 67112448]
Height = 3
Success: tree root pointer value [1, 67118080]
Height = 4
Success: tree root pointer value [1, 67129856]
Height = 5
Success: tree root pointer value [1, 67153920]
Height = 6
Success: tree root pointer value [1, 67202560]
Height = 7
Success: tree root pointer value [1, 67300352]
Height = 8
Success: tree root pointer value [1, 67496448]
Height = 9
Success: tree root pointer value [1, 67889152]
Height = 10
Success: tree root pointer value [1, 68675072]
Height = 11
Success: tree root pointer value [1, 70247424]
Height = 12
Success: tree root pointer value [1, 73392640]
Height = 13
Success: tree root pointer value [1, 79683584]
Height = 14
Success: tree root pointer value [1, 92265984]
Height = 15
Success: tree root pointer value [1, 34443615744]
Height = 16
[CPU compute ] process=  2.50% of 80 cores   system=  2.52%   (window 2s)

----- REMOTE CPU LOAD (memory node dir-threads, 2s window) -----
  dir 0: active=  0.00%  msgs=0           0 ns/msg
  dir 1: active=  0.00%  msgs=0           0 ns/msg
  AGGREGATE active = 0.00% (of 2 dir-threads; 0.00% per-thread avg)  msgs=0
Success: tree root pointer value [1, 134209024]
Height = 17
Success: tree root pointer value [1, 34527502848]
Height = 18

----- REMOTE CPU LOAD (memory node dir-threads, 2s window) -----
  dir 0: active=  0.00%  msgs=0           0 ns/msg
  dir 1: active=  0.00%  msgs=0           0 ns/msg
  AGGREGATE active = 0.00% (of 2 dir-threads; 0.00% per-thread avg)  msgs=0
[CPU compute ] process=  2.50% of 80 cores   system=  2.52%   (window 2s)
Success: tree root pointer value [1, 34628168704]
Height = 19

----- REMOTE CPU LOAD (memory node dir-threads, 2s window) -----
  dir 0: active=  0.00%  msgs=0           0 ns/msg
  dir 1: active=  0.00%  msgs=0           0 ns/msg
  AGGREGATE active = 0.00% (of 2 dir-threads; 0.00% per-thread avg)  msgs=0
[CPU compute ] process=  2.50% of 80 cores   system=  2.51%   (window 2s)

----- REMOTE CPU LOAD (memory node dir-threads, 2s window) -----
  dir 0: active=  0.00%  msgs=0           0 ns/msg
  dir 1: active=  0.00%  msgs=0           0 ns/msg
  AGGREGATE active = 0.00% (of 2 dir-threads; 0.00% per-thread avg)  msgs=0
[CPU compute ] process=  2.50% of 80 cores   system=  2.51%   (window 2s)
Success: tree root pointer value [1, 469763072]
Height = 20

----- REMOTE CPU LOAD (memory node dir-threads, 2s window) -----
  dir 0: active=  0.00%  msgs=0           0 ns/msg
  dir 1: active=  0.00%  msgs=0           0 ns/msg
  AGGREGATE active = 0.00% (of 2 dir-threads; 0.00% per-thread avg)  msgs=0
[CPU compute ] process=  2.50% of 80 cores   system=  2.52%   (window 2s)
entering dynamic phase

----- REMOTE CPU LOAD (memory node dir-threads, 2s window) -----
  dir 0: active=  0.00%  msgs=0           0 ns/msg
  dir 1: active=  0.00%  msgs=0           0 ns/msg
  AGGREGATE active = 0.00% (of 2 dir-threads; 0.00% per-thread avg)  msgs=0
[CPU compute ] process=  2.50% of 80 cores   system=  4.50%   (window 2s)

----- REMOTE CPU LOAD (memory node dir-threads, 2s window) -----
  dir 0: active=  0.00%  msgs=0           0 ns/msg
  dir 1: active=  0.00%  msgs=0           0 ns/msg
  AGGREGATE active = 0.00% (of 2 dir-threads; 0.00% per-thread avg)  msgs=0
[CPU compute ] process=  2.50% of 80 cores   system=  2.52%   (window 2s)

----- REMOTE CPU LOAD (memory node dir-threads, 2s window) -----
  dir 0: active=  0.00%  msgs=0           0 ns/msg
  dir 1: active=  0.00%  msgs=0           0 ns/msg
  AGGREGATE active = 0.00% (of 2 dir-threads; 0.00% per-thread avg)  msgs=0
[CPU compute ] process=  2.50% of 80 cores   system=  2.52%   (window 2s)

----- REMOTE CPU LOAD (memory node dir-threads, 2s window) -----
  dir 0: active=  0.00%  msgs=0           0 ns/msg
  dir 1: active=  0.00%  msgs=0           0 ns/msg
  AGGREGATE active = 0.00% (of 2 dir-threads; 0.00% per-thread avg)  msgs=0
[CPU compute ] process=  2.50% of 80 cores   system=  2.53%   (window 2s)
Success: tree root pointer value [1, 872428032]
Height = 21

----- REMOTE CPU LOAD (memory node dir-threads, 2s window) -----
  dir 0: active=  0.00%  msgs=0           0 ns/msg
  dir 1: active=  0.00%  msgs=0           0 ns/msg
  AGGREGATE active = 0.00% (of 2 dir-threads; 0.00% per-thread avg)  msgs=0
[CPU compute ] process=  2.50% of 80 cores   system=  2.52%   (window 2s)

----- REMOTE CPU LOAD (memory node dir-threads, 2s window) -----
  dir 0: active=  0.00%  msgs=0           0 ns/msg
  dir 1: active=  0.00%  msgs=0           0 ns/msg
  AGGREGATE active = 0.00% (of 2 dir-threads; 0.00% per-thread avg)  msgs=0
[CPU compute ] process=  2.50% of 80 cores   system=  4.43%   (window 2s)

----- REMOTE CPU LOAD (memory node dir-threads, 2s window) -----
  dir 0: active=  0.00%  msgs=0           0 ns/msg
  dir 1: active=  0.00%  msgs=0           0 ns/msg
  AGGREGATE active = 0.00% (of 2 dir-threads; 0.00% per-thread avg)  msgs=0
[CPU compute ] process=  2.50% of 80 cores   system=  2.52%   (window 2s)

----- REMOTE CPU LOAD (memory node dir-threads, 2s window) -----
  dir 0: active=  0.00%  msgs=0           0 ns/msg
  dir 1: active=  0.00%  msgs=0           0 ns/msg
  AGGREGATE active = 0.00% (of 2 dir-threads; 0.00% per-thread avg)  msgs=0
[CPU compute ] process=  2.50% of 80 cores   system=  2.52%   (window 2s)

----- REMOTE CPU LOAD (memory node dir-threads, 2s window) -----
  dir 0: active=  0.00%  msgs=0           0 ns/msg
  dir 1: active=  0.00%  msgs=0           0 ns/msg
  AGGREGATE active = 0.00% (of 2 dir-threads; 0.00% per-thread avg)  msgs=0
[CPU compute ] process=  2.50% of 80 cores   system=  2.51%   (window 2s)

----- REMOTE CPU LOAD (memory node dir-threads, 2s window) -----
  dir 0: active=  0.00%  msgs=0           0 ns/msg
  dir 1: active=  0.00%  msgs=0           0 ns/msg
  AGGREGATE active = 0.00% (of 2 dir-threads; 0.00% per-thread avg)  msgs=0
[CPU compute ] process=  2.50% of 80 cores   system=  2.53%   (window 2s)

----- REMOTE CPU LOAD (memory node dir-threads, 2s window) -----
  dir 0: active=  0.00%  msgs=0           0 ns/msg
  dir 1: active=  0.00%  msgs=0           0 ns/msg
  AGGREGATE active = 0.00% (of 2 dir-threads; 0.00% per-thread avg)  msgs=0
[CPU compute ] process=  2.50% of 80 cores   system=  4.45%   (window 2s)

----- REMOTE CPU LOAD (memory node dir-threads, 2s window) -----
  dir 0: active=  0.00%  msgs=0           0 ns/msg
  dir 1: active=  0.00%  msgs=0           0 ns/msg
  AGGREGATE active = 0.00% (of 2 dir-threads; 0.00% per-thread avg)  msgs=0
[CPU compute ] process=  2.50% of 80 cores   system=  2.54%   (window 2s)

----- REMOTE CPU LOAD (memory node dir-threads, 2s window) -----
  dir 0: active=  0.00%  msgs=0           0 ns/msg
  dir 1: active=  0.00%  msgs=0           0 ns/msg
  AGGREGATE active = 0.00% (of 2 dir-threads; 0.00% per-thread avg)  msgs=0
[CPU compute ] process=  2.50% of 80 cores   system=  2.51%   (window 2s)

----- REMOTE CPU LOAD (memory node dir-threads, 2s window) -----
  dir 0: active=  0.00%  msgs=0           0 ns/msg
  dir 1: active=  0.00%  msgs=0           0 ns/msg
  AGGREGATE active = 0.00% (of 2 dir-threads; 0.00% per-thread avg)  msgs=0
[CPU compute ] process=  2.50% of 80 cores   system=  2.53%   (window 2s)

----- REMOTE CPU LOAD (memory node dir-threads, 2s window) -----
  dir 0: active=  0.00%  msgs=0           0 ns/msg
  dir 1: active=  0.00%  msgs=0           0 ns/msg
  AGGREGATE active = 0.00% (of 2 dir-threads; 0.00% per-thread avg)  msgs=0
[CPU compute ] process=  2.50% of 80 cores   system=  2.51%   (window 2s)

----- REMOTE CPU LOAD (memory node dir-threads, 2s window) -----
  dir 0: active=  0.00%  msgs=0           0 ns/msg
  dir 1: active=  0.00%  msgs=0           0 ns/msg
  AGGREGATE active = 0.00% (of 2 dir-threads; 0.00% per-thread avg)  msgs=0
[CPU compute ] process=  2.50% of 80 cores   system=  4.37%   (window 2s)

----- REMOTE CPU LOAD (memory node dir-threads, 2s window) -----
  dir 0: active=  0.00%  msgs=0           0 ns/msg
  dir 1: active=  0.00%  msgs=0           0 ns/msg
  AGGREGATE active = 0.00% (of 2 dir-threads; 0.00% per-thread avg)  msgs=0
[CPU compute ] process=  2.50% of 80 cores   system=  2.51%   (window 2s)
Success: tree root pointer value [1, 1677758464]
Height = 22

----- REMOTE CPU LOAD (memory node dir-threads, 2s window) -----
  dir 0: active=  0.00%  msgs=0           0 ns/msg
  dir 1: active=  0.00%  msgs=0           0 ns/msg
  AGGREGATE active = 0.00% (of 2 dir-threads; 0.00% per-thread avg)  msgs=0
[CPU compute ] process=  2.50% of 80 cores   system=  2.53%   (window 2s)

----- REMOTE CPU LOAD (memory node dir-threads, 2s window) -----
  dir 0: active=  0.00%  msgs=0           0 ns/msg
  dir 1: active=  0.00%  msgs=0           0 ns/msg
  AGGREGATE active = 0.00% (of 2 dir-threads; 0.00% per-thread avg)  msgs=0
[CPU compute ] process=  2.50% of 80 cores   system=  2.51%   (window 2s)

----- REMOTE CPU LOAD (memory node dir-threads, 2s window) -----
  dir 0: active=  0.00%  msgs=0           0 ns/msg
  dir 1: active=  0.00%  msgs=0           0 ns/msg
  AGGREGATE active = 0.00% (of 2 dir-threads; 0.00% per-thread avg)  msgs=0
[CPU compute ] process=  2.50% of 80 cores   system=  2.52%   (window 2s)

----- REMOTE CPU LOAD (memory node dir-threads, 2s window) -----
  dir 0: active=  0.00%  msgs=0           0 ns/msg
  dir 1: active=  0.00%  msgs=0           0 ns/msg
  AGGREGATE active = 0.00% (of 2 dir-threads; 0.00% per-thread avg)  msgs=0
[CPU compute ] process=  2.50% of 80 cores   system=  4.44%   (window 2s)

----- REMOTE CPU LOAD (memory node dir-threads, 2s window) -----
  dir 0: active=  0.00%  msgs=0           0 ns/msg
  dir 1: active=  0.00%  msgs=0           0 ns/msg
  AGGREGATE active = 0.00% (of 2 dir-threads; 0.00% per-thread avg)  msgs=0
[CPU compute ] process=  2.50% of 80 cores   system=  2.51%   (window 2s)
#leaf nodes = 3846153
leaf size(MB) = 1878
#inner nodes = 3846104
inner size(MB) = 1877.98
Tree height = 22
Cache capacity = 2097152
max. leaf entries = 26
max. inner entries = 5
Inner page size = 160
Leaf page size = 512
node 0 finish its bulkload

----- REMOTE CPU LOAD (memory node dir-threads, 2s window) -----
  dir 0: active=  0.00%  msgs=0           0 ns/msg
  dir 1: active=  0.00%  msgs=0           0 ns/msg
  AGGREGATE active = 0.00% (of 2 dir-threads; 0.00% per-thread avg)  msgs=0
[CPU compute ] process=  2.51% of 80 cores   system=  2.52%   (window 2s)

----- REMOTE CPU LOAD (memory node dir-threads, 2s window) -----
  dir 0: active=  0.00%  msgs=0           0 ns/msg
  dir 1: active=  0.00%  msgs=0           0 ns/msg
  AGGREGATE active = 0.00% (of 2 dir-threads; 0.00% per-thread avg)  msgs=0
[CPU compute ] process=  2.50% of 80 cores   system=  2.51%   (window 2s)

----- REMOTE CPU LOAD (memory node dir-threads, 2s window) -----
  dir 0: active=  0.00%  msgs=0           0 ns/msg
  dir 1: active=  0.00%  msgs=0           0 ns/msg
  AGGREGATE active = 0.00% (of 2 dir-threads; 0.00% per-thread avg)  msgs=0
[CPU compute ] process=  2.50% of 80 cores   system=  2.52%   (window 2s)
IMPORTANT: my root is 109953578696705
0 is ready for the benchmark
I am 0
Fetched new height = 22
I am 2
I am 1
I am 31
I am 3
I am 4
I am 5
I am 7
I am 11
I am 6
I am 8
I am 10
I am 14
I am 12
I am 23
I am 27
I am 29
I am 21
I am 13
I am 16
I am 17
I am 22
I am 30
I am 32
I am 34
I am 35
I am 24
I am 28
I am 20
I am 19
I am 33
I am 9
I am 25
I am 26
I am 18
I am 15
entering dynamic phase

----- REMOTE CPU LOAD (memory node dir-threads, 2s window) -----
  dir 0: active=  0.00%  msgs=0           0 ns/msg
  dir 1: active=  0.00%  msgs=0           0 ns/msg
  AGGREGATE active = 0.00% (of 2 dir-threads; 0.00% per-thread avg)  msgs=0
[CPU compute ] process= 39.51% of 80 cores   system= 40.32%   (window 2s)

----- REMOTE CPU LOAD (memory node dir-threads, 2s window) -----
  dir 0: active=  0.00%  msgs=0           0 ns/msg
  dir 1: active=  0.00%  msgs=0           0 ns/msg
  AGGREGATE active = 0.00% (of 2 dir-threads; 0.00% per-thread avg)  msgs=0
[CPU compute ] process= 46.25% of 80 cores   system= 46.66%   (window 2s)

----- REMOTE CPU LOAD (memory node dir-threads, 2s window) -----
  dir 0: active=  0.00%  msgs=0           0 ns/msg
  dir 1: active=  0.00%  msgs=0           0 ns/msg
  AGGREGATE active = 0.00% (of 2 dir-threads; 0.00% per-thread avg)  msgs=0
[CPU compute ] process= 46.25% of 80 cores   system= 46.28%   (window 2s)
Thread_op_num = 833333

----- REMOTE CPU LOAD (memory node dir-threads, 2s window) -----
  dir 0: active=  0.00%  msgs=0           0 ns/msg
  dir 1: active=  0.00%  msgs=0           0 ns/msg
  AGGREGATE active = 0.00% (of 2 dir-threads; 0.00% per-thread avg)  msgs=0
[CPU compute ] process= 46.24% of 80 cores   system= 46.28%   (window 2s)
node 0 finish warmup
Start collecting the statistic

----- REMOTE CPU LOAD (memory node dir-threads, 2s window) -----
  dir 0: active=  0.00%  msgs=0           0 ns/msg
  dir 1: active=  0.00%  msgs=0           0 ns/msg
  AGGREGATE active = 0.00% (of 2 dir-threads; 0.00% per-thread avg)  msgs=0
[CPU compute ] process= 46.25% of 80 cores   system= 46.29%   (window 2s)
0, throughput 1.9987
cluster throughput 1.998

----- REMOTE CPU LOAD (memory node dir-threads, 2s window) -----
  dir 0: active=  0.00%  msgs=0           0 ns/msg
  dir 1: active=  0.00%  msgs=0           0 ns/msg
  AGGREGATE active = 0.00% (of 2 dir-threads; 0.00% per-thread avg)  msgs=0
[CPU compute ] process= 46.25% of 80 cores   system= 46.27%   (window 2s)
0, throughput 2.0165
cluster throughput 2.016

----- REMOTE CPU LOAD (memory node dir-threads, 2s window) -----
  dir 0: active=  0.00%  msgs=0           0 ns/msg
  dir 1: active=  0.00%  msgs=0           0 ns/msg
  AGGREGATE active = 0.00% (of 2 dir-threads; 0.00% per-thread avg)  msgs=0
[CPU compute ] process= 46.25% of 80 cores   system= 47.43%   (window 2s)
0, throughput 2.0151
cluster throughput 2.015

----- REMOTE CPU LOAD (memory node dir-threads, 2s window) -----
  dir 0: active=  0.00%  msgs=0           0 ns/msg
  dir 1: active=  0.00%  msgs=0           0 ns/msg
  AGGREGATE active = 0.00% (of 2 dir-threads; 0.00% per-thread avg)  msgs=0
[CPU compute ] process= 46.25% of 80 cores   system= 46.27%   (window 2s)
0, throughput 2.0114
cluster throughput 2.011

----- REMOTE CPU LOAD (memory node dir-threads, 2s window) -----
  dir 0: active=  0.00%  msgs=0           0 ns/msg
  dir 1: active=  0.00%  msgs=0           0 ns/msg
  AGGREGATE active = 0.00% (of 2 dir-threads; 0.00% per-thread avg)  msgs=0
[CPU compute ] process= 46.25% of 80 cores   system= 46.28%   (window 2s)
0, throughput 2.0082
cluster throughput 2.008

----- REMOTE CPU LOAD (memory node dir-threads, 2s window) -----
  dir 0: active=  0.00%  msgs=0           0 ns/msg
  dir 1: active=  0.00%  msgs=0           0 ns/msg
  AGGREGATE active = 0.00% (of 2 dir-threads; 0.00% per-thread avg)  msgs=0
[CPU compute ] process= 46.25% of 80 cores   system= 46.30%   (window 2s)
0, throughput 2.0042
cluster throughput 2.004

----- REMOTE CPU LOAD (memory node dir-threads, 2s window) -----
  dir 0: active=  0.00%  msgs=0           0 ns/msg
  dir 1: active=  0.00%  msgs=0           0 ns/msg
  AGGREGATE active = 0.00% (of 2 dir-threads; 0.00% per-thread avg)  msgs=0
[CPU compute ] process= 46.25% of 80 cores   system= 46.29%   (window 2s)
0, throughput 2.0010
cluster throughput 2.000

----- REMOTE CPU LOAD (memory node dir-threads, 2s window) -----
  dir 0: active=  0.00%  msgs=0           0 ns/msg
  dir 1: active=  0.00%  msgs=0           0 ns/msg
  AGGREGATE active = 0.00% (of 2 dir-threads; 0.00% per-thread avg)  msgs=0
[CPU compute ] process= 26.38% of 80 cores   system= 27.56%   (window 2s)
0, throughput 0.8104
cluster throughput 0.810

----- REMOTE CPU LOAD (memory node dir-threads, 2s window) -----
  dir 0: active=  0.00%  msgs=0           0 ns/msg
  dir 1: active=  0.00%  msgs=0           0 ns/msg
  AGGREGATE active = 0.00% (of 2 dir-threads; 0.00% per-thread avg)  msgs=0
[CPU compute ] process=  1.25% of 80 cores   system=  1.26%   (window 2s)
0, throughput 0.0000
cluster throughput 0.000
The time duration = 18 seconds

----- REMOTE CPU LOAD (memory node dir-threads, 2s window) -----
  dir 0: active=  0.00%  msgs=0           0 ns/msg
  dir 1: active=  0.00%  msgs=0           0 ns/msg
  AGGREGATE active = 0.00% (of 2 dir-threads; 0.00% per-thread avg)  msgs=0
[CPU compute ] process=  1.25% of 80 cores   system=  1.26%   (window 2s)

==================== LATENCY BUCKETS (500 ns) [node 0] ====================
[RANGE]
  ALL                n=29734379   mean=   17.88us  p50=  14.50us  p90=  39.50us  p99=  48.50us  p99.9=  54.50us  max>=622.50us
  LOCAL (cache hit)  n=11728424   mean=    4.20us  p50=   4.50us  p90=   5.50us  p99=   8.00us  p99.9=  10.00us  max>=242.00us
  REMOTE (miss/rpc)  n=18005955   mean=   26.79us  p50=  27.50us  p90=  42.00us  p99=  50.00us  p99.9=  55.50us  max>=622.50us
[ALL OPS]
  ALL                n=29734379   mean=   17.88us  p50=  14.50us  p90=  39.50us  p99=  48.50us  p99.9=  54.50us  max>=622.50us
  LOCAL (cache hit)  n=11728424   mean=    4.20us  p50=   4.50us  p90=   5.50us  p99=   8.00us  p99.9=  10.00us  max>=242.00us
  REMOTE (miss/rpc)  n=18005955   mean=   26.79us  p50=  27.50us  p90=  42.00us  p99=  50.00us  p99.9=  55.50us  max>=622.50us

----- 500 ns bucket CDF (all ops) [node 0] -----
  bucket [lo,hi) ns             count        pct       cdf
  [     2000,     2500)          618    0.0021%   0.0021%
  [     2500,     3000)       196782    0.6618%   0.6639%
  [     3000,     3500)      1650602    5.5512%   6.2150%
  [     3500,     4000)      3752945   12.6216%  18.8366%
  [     4000,     4500)      3807834   12.8062%  31.6428%
  [     4500,     5000)       972590    3.2709%  34.9137%
  [     5000,     5500)       352497    1.1855%  36.0992%
  [     5500,     6000)       274529    0.9233%  37.0225%
  [     6000,     6500)       241915    0.8136%  37.8360%
  [     6500,     7000)       185806    0.6249%  38.4609%
  [     7000,     7500)       122548    0.4121%  38.8731%
  [     7500,     8000)        77371    0.2602%  39.1333%
  [     8000,     8500)        50756    0.1707%  39.3040%
  [     8500,     9000)        39947    0.1343%  39.4383%
  [     9000,     9500)        57463    0.1933%  39.6316%
  [     9500,    10000)       112663    0.3789%  40.0105%
  [    10000,    10500)       197236    0.6633%  40.6738%
  [    10500,    11000)       289334    0.9731%  41.6469%
  [    11000,    11500)       364009    1.2242%  42.8711%
  [    11500,    12000)       407854    1.3717%  44.2427%
  [    12000,    12500)       419879    1.4121%  45.6548%
  [    12500,    13000)       419285    1.4101%  47.0649%
  [    13000,    13500)       414840    1.3952%  48.4601%
  [    13500,    14000)       411884    1.3852%  49.8453%
  [    14000,    14500)       402817    1.3547%  51.2000%
  [    14500,    15000)       391217    1.3157%  52.5157%
  [    15000,    15500)       381515    1.2831%  53.7988%
  [    15500,    16000)       376434    1.2660%  55.0648%
  [    16000,    16500)       357379    1.2019%  56.2667%
  [    16500,    17000)       332821    1.1193%  57.3860%
  [    17000,    17500)       304007    1.0224%  58.4084%
  [    17500,    18000)       283167    0.9523%  59.3607%
  [    18000,    18500)       268115    0.9017%  60.2624%
  [    18500,    19000)       260362    0.8756%  61.1381%
  [    19000,    19500)       253117    0.8513%  61.9893%
  [    19500,    20000)       242388    0.8152%  62.8045%
  [    20000,    20500)       227113    0.7638%  63.5683%
  [    20500,    21000)       210085    0.7065%  64.2748%
  [    21000,    21500)       192638    0.6479%  64.9227%
  [    21500,    22000)       176308    0.5929%  65.5156%
  [    22000,    22500)       163541    0.5500%  66.0657%
  [    22500,    23000)       150767    0.5070%  66.5727%
  [    23000,    23500)       140952    0.4740%  67.0467%
  [    23500,    24000)       126676    0.4260%  67.4728%
  [    24000,    24500)       119923    0.4033%  67.8761%
  [    24500,    25000)       113475    0.3816%  68.2577%
  [    25000,    25500)       108605    0.3653%  68.6230%
  [    25500,    26000)       105740    0.3556%  68.9786%
  [    26000,    26500)       105090    0.3534%  69.3320%
  [    26500,    27000)       107175    0.3604%  69.6924%
  [    27000,    27500)       110705    0.3723%  70.0648%
  [    27500,    28000)       118069    0.3971%  70.4618%
  [    28000,    28500)       128701    0.4328%  70.8947%
  [    28500,    29000)       140066    0.4711%  71.3657%
  [    29000,    29500)       154643    0.5201%  71.8858%
  [    29500,    30000)       169785    0.5710%  72.4568%
  [    30000,    30500)       187647    0.6311%  73.0879%
  [    30500,    31000)       207733    0.6986%  73.7865%
  [    31000,    31500)       230012    0.7736%  74.5601%
  [    31500,    32000)       247494    0.8323%  75.3924%
  [    32000,    32500)       263309    0.8855%  76.2780%
  [    32500,    33000)       280709    0.9441%  77.2220%
  [    33000,    33500)       298223    1.0030%  78.2250%
  [    33500,    34000)       311442    1.0474%  79.2724%
  [    34000,    34500)       321659    1.0818%  80.3542%
  [    34500,    35000)       328253    1.1040%  81.4581%
  [    35000,    35500)       331154    1.1137%  82.5718%
  [    35500,    36000)       330320    1.1109%  83.6827%
  [    36000,    36500)       328754    1.1056%  84.7884%
  [    36500,    37000)       323847    1.0891%  85.8775%
  [    37000,    37500)       317189    1.0667%  86.9442%
  [    37500,    38000)       307535    1.0343%  87.9785%
  [    38000,    38500)       294031    0.9889%  88.9674%
  [    38500,    39000)       276966    0.9315%  89.8988%
  [    39000,    39500)       267910    0.9010%  90.7998%
  [    39500,    40000)       251752    0.8467%  91.6465%
  [    40000,    40500)       236402    0.7950%  92.4416%
  [    40500,    41000)       220121    0.7403%  93.1819%
  [    41000,    41500)       204705    0.6884%  93.8703%
  [    41500,    42000)       190946    0.6422%  94.5125%
  [    42000,    42500)       176285    0.5929%  95.1053%
  [    42500,    43000)       163172    0.5488%  95.6541%
  [    43000,    43500)       149786    0.5037%  96.1578%
  [    43500,    44000)       136549    0.4592%  96.6171%
  [    44000,    44500)       123332    0.4148%  97.0319%
  [    44500,    45000)       111794    0.3760%  97.4078%
  [    45000,    45500)       100508    0.3380%  97.7459%
  [    45500,    46000)        90237    0.3035%  98.0493%
  [    46000,    46500)        80847    0.2719%  98.3212%
  [    46500,    47000)        71810    0.2415%  98.5627%
  [    47000,    47500)        62263    0.2094%  98.7721%
  [    47500,    48000)        54442    0.1831%  98.9552%
  [    48000,    48500)        48036    0.1616%  99.1168%
  [    48500,    49000)        41624    0.1400%  99.2568%
  [    49000,    49500)        35693    0.1200%  99.3768%
  [    49500,    50000)        30707    0.1033%  99.4801%
  [    50000,    50500)        26112    0.0878%  99.5679%
  [    50500,    51000)        22165    0.0745%  99.6424%
  [    51000,    51500)        18571    0.0625%  99.7049%
  [    51500,    52000)        15465    0.0520%  99.7569%
  [    52000,    52500)        13239    0.0445%  99.8014%
  [    52500,    53000)        10755    0.0362%  99.8376%
  [    53000,    53500)         8859    0.0298%  99.8674%
  [    53500,    54000)         7020    0.0236%  99.8910%
  [    54000,    54500)         5932    0.0199%  99.9109%
  [    54500,    55000)         4963    0.0167%  99.9276%
  [    55000,    55500)         3996    0.0134%  99.9411%
  [    55500,    56000)         3168    0.0107%  99.9517%
  [    56000,    56500)         2614    0.0088%  99.9605%
  [    56500,    57000)         2090    0.0070%  99.9675%
  [    57000,    57500)         1633    0.0055%  99.9730%
  [    57500,    58000)         1293    0.0043%  99.9774%
  [    58000,    58500)         1025    0.0034%  99.9808%
  [    58500,    59000)          834    0.0028%  99.9836%
  [    59000,    59500)          649    0.0022%  99.9858%
  [    59500,    60000)          550    0.0018%  99.9877%
  [    60000,    60500)          377    0.0013%  99.9889%
  [    60500,    61000)          363    0.0012%  99.9902%
  [    61000,    61500)          252    0.0008%  99.9910%
  [    61500,    62000)          205    0.0007%  99.9917%
  [    62000,    62500)          159    0.0005%  99.9922%
  [    62500,    63000)          125    0.0004%  99.9927%
  [    63000,    63500)          126    0.0004%  99.9931%
  [    63500,    64000)           90    0.0003%  99.9934%
  [    64000,    64500)           79    0.0003%  99.9936%
  [    64500,    65000)           62    0.0002%  99.9939%
  [    65000,    65500)           44    0.0001%  99.9940%
  [    65500,    66000)           59    0.0002%  99.9942%
  [    66000,    66500)           53    0.0002%  99.9944%
  [    66500,    67000)           38    0.0001%  99.9945%
  [    67000,    67500)           26    0.0001%  99.9946%
  [    67500,    68000)           31    0.0001%  99.9947%
  [    68000,    68500)           32    0.0001%  99.9948%
  [    68500,    69000)           29    0.0001%  99.9949%
  [    69000,    69500)           27    0.0001%  99.9950%
  [    69500,    70000)           27    0.0001%  99.9951%
  [    70000,    70500)           19    0.0001%  99.9952%
  [    70500,    71000)           27    0.0001%  99.9952%
  [    71000,    71500)           23    0.0001%  99.9953%
  [    71500,    72000)           23    0.0001%  99.9954%
  [    72000,    72500)           27    0.0001%  99.9955%
  [    72500,    73000)           24    0.0001%  99.9956%
  [    73000,    73500)           16    0.0001%  99.9956%
  [    73500,    74000)           14    0.0000%  99.9957%
  [    74000,    74500)           15    0.0001%  99.9957%
  [    74500,    75000)           14    0.0000%  99.9958%
  [    75000,    75500)           14    0.0000%  99.9958%
  [    75500,    76000)           17    0.0001%  99.9959%
  [    76000,    76500)           11    0.0000%  99.9959%
  [    76500,    77000)           15    0.0001%  99.9960%
  [    77000,    77500)           15    0.0001%  99.9960%
  [    77500,    78000)            9    0.0000%  99.9960%
  [    78000,    78500)           18    0.0001%  99.9961%
  [    78500,    79000)           20    0.0001%  99.9962%
  [    79000,    79500)           14    0.0000%  99.9962%
  [    79500,    80000)           17    0.0001%  99.9963%
  [    80000,    80500)           10    0.0000%  99.9963%
  [    80500,    81000)           12    0.0000%  99.9963%
  [    81000,    81500)           21    0.0001%  99.9964%
  [    81500,    82000)           14    0.0000%  99.9965%
  [    82000,    82500)           13    0.0000%  99.9965%
  [    82500,    83000)           12    0.0000%  99.9965%
  [    83000,    83500)           11    0.0000%  99.9966%
  [    83500,    84000)           11    0.0000%  99.9966%
  [    84000,    84500)           12    0.0000%  99.9967%
  [    84500,    85000)           15    0.0001%  99.9967%
  [    85000,    85500)            9    0.0000%  99.9967%
  [    85500,    86000)           13    0.0000%  99.9968%
  [    86000,    86500)            8    0.0000%  99.9968%
  [    86500,    87000)           13    0.0000%  99.9969%
  [    87000,    87500)            8    0.0000%  99.9969%
  [    87500,    88000)           14    0.0000%  99.9969%
  [    88000,    88500)           12    0.0000%  99.9970%
  [    88500,    89000)            9    0.0000%  99.9970%
  [    89000,    89500)           13    0.0000%  99.9970%
  [    89500,    90000)            5    0.0000%  99.9971%
  [    90000,    90500)            8    0.0000%  99.9971%
  [    90500,    91000)           18    0.0001%  99.9971%
  [    91000,    91500)            5    0.0000%  99.9972%
  [    91500,    92000)            6    0.0000%  99.9972%
  [    92000,    92500)           14    0.0000%  99.9972%
  [    92500,    93000)           13    0.0000%  99.9973%
  [    93000,    93500)           11    0.0000%  99.9973%
  [    93500,    94000)            6    0.0000%  99.9973%
  [    94000,    94500)            5    0.0000%  99.9973%
  [    94500,    95000)            7    0.0000%  99.9974%
  [    95000,    95500)            6    0.0000%  99.9974%
  [    95500,    96000)            6    0.0000%  99.9974%
  [    96000,    96500)            8    0.0000%  99.9974%
  [    96500,    97000)           10    0.0000%  99.9975%
  [    97000,    97500)            8    0.0000%  99.9975%
  [    97500,    98000)            5    0.0000%  99.9975%
  [    98000,    98500)            9    0.0000%  99.9975%
  [    98500,    99000)            3    0.0000%  99.9976%
  [    99000,    99500)            8    0.0000%  99.9976%
  [    99500,   100000)           11    0.0000%  99.9976%
  [   100000,   100500)            4    0.0000%  99.9976%
  [   100500,   101000)            4    0.0000%  99.9976%
  [   101000,   101500)            6    0.0000%  99.9977%
  [   101500,   102000)            9    0.0000%  99.9977%
  [   102000,   102500)           11    0.0000%  99.9977%
  [   102500,   103000)            7    0.0000%  99.9978%
  [   103000,   103500)           12    0.0000%  99.9978%
  [   103500,   104000)            6    0.0000%  99.9978%
  [   104000,   104500)            7    0.0000%  99.9978%
  [   104500,   105000)            8    0.0000%  99.9979%
  [   105000,   105500)            8    0.0000%  99.9979%
  [   105500,   106000)            6    0.0000%  99.9979%
  [   106000,   106500)            4    0.0000%  99.9979%
  [   106500,   107000)            7    0.0000%  99.9980%
  [   107000,   107500)            8    0.0000%  99.9980%
  [   107500,   108000)           11    0.0000%  99.9980%
  [   108000,   108500)            8    0.0000%  99.9980%
  [   108500,   109000)            9    0.0000%  99.9981%
  [   109000,   109500)            8    0.0000%  99.9981%
  [   109500,   110000)            9    0.0000%  99.9981%
  [   110000,   110500)            6    0.0000%  99.9982%
  [   110500,   111000)           17    0.0001%  99.9982%
  [   111000,   111500)            6    0.0000%  99.9982%
  [   111500,   112000)           18    0.0001%  99.9983%
  [   112000,   112500)            7    0.0000%  99.9983%
  [   112500,   113000)           10    0.0000%  99.9983%
  [   113000,   113500)            8    0.0000%  99.9984%
  [   113500,   114000)           15    0.0001%  99.9984%
  [   114000,   114500)           14    0.0000%  99.9985%
  [   114500,   115000)           11    0.0000%  99.9985%
  [   115000,   115500)            3    0.0000%  99.9985%
  [   115500,   116000)            8    0.0000%  99.9985%
  [   116000,   116500)           11    0.0000%  99.9986%
  [   116500,   117000)           16    0.0001%  99.9986%
  [   117000,   117500)            9    0.0000%  99.9987%
  [   117500,   118000)           11    0.0000%  99.9987%
  [   118000,   118500)           11    0.0000%  99.9987%
  [   118500,   119000)            3    0.0000%  99.9988%
  [   119000,   119500)            8    0.0000%  99.9988%
  [   119500,   120000)            6    0.0000%  99.9988%
  [   120000,   120500)            4    0.0000%  99.9988%
  [   120500,   121000)           10    0.0000%  99.9988%
  [   121000,   121500)            8    0.0000%  99.9989%
  [   121500,   122000)            6    0.0000%  99.9989%
  [   122000,   122500)            4    0.0000%  99.9989%
  [   122500,   123000)            4    0.0000%  99.9989%
  [   123000,   123500)            5    0.0000%  99.9989%
  [   123500,   124000)            8    0.0000%  99.9990%
  [   124000,   124500)            4    0.0000%  99.9990%
  [   124500,   125000)            8    0.0000%  99.9990%
  [   125000,   125500)            7    0.0000%  99.9990%
  [   125500,   126000)            4    0.0000%  99.9990%
  [   126000,   126500)            4    0.0000%  99.9991%
  [   126500,   127000)            2    0.0000%  99.9991%
  [   127000,   127500)            1    0.0000%  99.9991%
  [   127500,   128000)            5    0.0000%  99.9991%
  [   128000,   128500)            1    0.0000%  99.9991%
  [   128500,   129000)            2    0.0000%  99.9991%
  [   129500,   130000)            1    0.0000%  99.9991%
  [   130000,   130500)            2    0.0000%  99.9991%
  [   130500,   131000)            2    0.0000%  99.9991%
  [   131500,   132000)            1    0.0000%  99.9991%
  [   132000,   132500)            2    0.0000%  99.9991%
  [   132500,   133000)            1    0.0000%  99.9991%
  [   133500,   134000)            1    0.0000%  99.9991%
  [   137500,   138000)            1    0.0000%  99.9991%
  [   172000,   172500)            1    0.0000%  99.9991%
  [   179500,   180000)            2    0.0000%  99.9991%
  [   183000,   183500)            1    0.0000%  99.9991%
  [   183500,   184000)            3    0.0000%  99.9992%
  [   186000,   186500)            1    0.0000%  99.9992%
  [   186500,   187000)            3    0.0000%  99.9992%
  [   187000,   187500)            3    0.0000%  99.9992%
  [   187500,   188000)            4    0.0000%  99.9992%
  [   188000,   188500)            2    0.0000%  99.9992%
  [   188500,   189000)            6    0.0000%  99.9992%
  [   189000,   189500)            2    0.0000%  99.9992%
  [   189500,   190000)            1    0.0000%  99.9992%
  [   190000,   190500)            4    0.0000%  99.9992%
  [   190500,   191000)            8    0.0000%  99.9993%
  [   191000,   191500)            5    0.0000%  99.9993%
  [   191500,   192000)            9    0.0000%  99.9993%
  [   192000,   192500)            2    0.0000%  99.9993%
  [   192500,   193000)            1    0.0000%  99.9993%
  [   193000,   193500)            4    0.0000%  99.9993%
  [   193500,   194000)            8    0.0000%  99.9994%
  [   194000,   194500)            5    0.0000%  99.9994%
  [   194500,   195000)            3    0.0000%  99.9994%
  [   195000,   195500)            3    0.0000%  99.9994%
  [   195500,   196000)            6    0.0000%  99.9994%
  [   196000,   196500)            6    0.0000%  99.9994%
  [   196500,   197000)            4    0.0000%  99.9995%
  [   197000,   197500)            4    0.0000%  99.9995%
  [   197500,   198000)            8    0.0000%  99.9995%
  [   198000,   198500)            8    0.0000%  99.9995%
  [   198500,   199000)            5    0.0000%  99.9995%
  [   199000,   199500)            4    0.0000%  99.9996%
  [   199500,   200000)           11    0.0000%  99.9996%
  [   200000,   200500)            1    0.0000%  99.9996%
  [   200500,   201000)            5    0.0000%  99.9996%
  [   201000,   201500)            3    0.0000%  99.9996%
  [   201500,   202000)            3    0.0000%  99.9996%
  [   202000,   202500)            6    0.0000%  99.9997%
  [   202500,   203000)            4    0.0000%  99.9997%
  [   203000,   203500)            3    0.0000%  99.9997%
  [   203500,   204000)            5    0.0000%  99.9997%
  [   204500,   205000)            1    0.0000%  99.9997%
  [   205500,   206000)            1    0.0000%  99.9997%
  [   206500,   207000)            1    0.0000%  99.9997%
  [   207000,   207500)            4    0.0000%  99.9997%
  [   208500,   209000)            1    0.0000%  99.9997%
  [   209000,   209500)            1    0.0000%  99.9997%
  [   210000,   210500)            1    0.0000%  99.9997%
  [   212000,   212500)            1    0.0000%  99.9997%
  [   214500,   215000)            1    0.0000%  99.9997%
  [   215500,   216000)            1    0.0000%  99.9997%
  [   233500,   234000)            1    0.0000%  99.9997%
  [   234000,   234500)            1    0.0000%  99.9997%
  [   234500,   235000)            1    0.0000%  99.9997%
  [   239000,   239500)            1    0.0000%  99.9997%
  [   241500,   242000)            2    0.0000%  99.9998%
  [   252000,   252500)            1    0.0000%  99.9998%
  [   550000,   550500)            1    0.0000%  99.9998%
  [   550500,   551000)            1    0.0000%  99.9998%
  [   551500,   552000)            2    0.0000%  99.9998%
  [   552500,   553000)            5    0.0000%  99.9998%
  [   555000,   555500)            3    0.0000%  99.9998%
  [   555500,   556000)            2    0.0000%  99.9998%
  [   556000,   556500)            2    0.0000%  99.9998%
  [   557500,   558000)            1    0.0000%  99.9998%
  [   558000,   558500)            1    0.0000%  99.9998%
  [   558500,   559000)            1    0.0000%  99.9998%
  [   559000,   559500)            1    0.0000%  99.9998%
  [   559500,   560000)            1    0.0000%  99.9998%
  [   560500,   561000)            1    0.0000%  99.9998%
  [   586000,   586500)            1    0.0000%  99.9998%
  [   588000,   588500)            1    0.0000%  99.9998%
  [   588500,   589000)            2    0.0000%  99.9998%
  [   589000,   589500)            2    0.0000%  99.9999%
  [   590500,   591000)            2    0.0000%  99.9999%
  [   591500,   592000)            1    0.0000%  99.9999%
  [   592000,   592500)            4    0.0000%  99.9999%
  [   592500,   593000)            2    0.0000%  99.9999%
  [   593500,   594000)            2    0.0000%  99.9999%
  [   594500,   595000)            1    0.0000%  99.9999%
  [   595000,   595500)            2    0.0000%  99.9999%
  [   596000,   596500)            2    0.0000%  99.9999%
  [   597000,   597500)            3    0.0000%  99.9999%
  [   597500,   598000)            2    0.0000%  99.9999%
  [   598000,   598500)            1    0.0000%  99.9999%
  [   599000,   599500)            1    0.0000%  99.9999%
  [   599500,   600000)            1    0.0000%  99.9999%
  [   600500,   601000)            1    0.0000%  99.9999%
  [   602500,   603000)            1    0.0000%  99.9999%
  [   604500,   605000)            1    0.0000%  99.9999%
  [   605000,   605500)            1    0.0000%  99.9999%
  [   608500,   609000)            1    0.0000%  99.9999%
  [   609500,   610000)            1    0.0000% 100.0000%
  [   610500,   611000)            1    0.0000% 100.0000%
  [   614000,   614500)            1    0.0000% 100.0000%
  [   614500,   615000)            1    0.0000% 100.0000%
  [   615000,   615500)            1    0.0000% 100.0000%
  [   616000,   616500)            1    0.0000% 100.0000%
  [   618500,   619000)            1    0.0000% 100.0000%
  [   619500,   620000)            1    0.0000% 100.0000%
  [   620000,   620500)            4    0.0000% 100.0000%
  [   620500,   621000)            1    0.0000% 100.0000%
  [   622000,   622500)            2    0.0000% 100.0000%

----- REMOTE OPERATIONS [node 0] -----
  ops total                = 29734379
  ops local  (cache hit)   = 11728424 (39.44%)
  ops remote (>=1 net op)  = 18005955 (60.56%)
  remote ops total         = 48050679
    rdma read              = 30044725
    rdma write             = 0
    rdma cas               = 0
    rpc pushdown           = 18005954
  remote ops / op          = 1.6160
  remote ops / remote op   = 2.6686

----- OFFLOADED TASKS [node 0] -----
  lookup pushdowns         = 0
  scan    pushdowns (RPC)  = 18005954
    kv pairs returned      = 1750720982
    leaves scanned remotely= 150602782
    kv / scan pushdown     = 97.23
    leaves / scan pushdown = 8.36
  per-thread breakdown (tid: lookups | scans | kv | leaves):
    t0             0 |     501237 |   48725517 |    4191229
    t1             0 |     497255 |   48356247 |    4159912
    t2             0 |     501249 |   48734761 |    4192541
    t3             0 |     496526 |   48280124 |    4153085
    t4             0 |     503185 |   48907549 |    4207391
    t5             0 |     498469 |   48471429 |    4169255
    t6             0 |     502381 |   48843474 |    4201795
    t7             0 |     496037 |   48241356 |    4149646
    t8             0 |     504669 |   49083075 |    4221888
    t9             0 |     497489 |   48372085 |    4161579
    t10            0 |     502523 |   48867581 |    4203816
    t11            0 |     498317 |   48461386 |    4169188
    t12            0 |     502377 |   48844976 |    4201985
    t13            0 |     498549 |   48472786 |    4170388
    t14            0 |     500751 |   48694610 |    4188736
    t15            0 |     495940 |   48216557 |    4148125
    t16            0 |     503957 |   48989997 |    4214329
    t17            0 |     499243 |   48542208 |    4175513
    t18            0 |     503154 |   48918493 |    4208006
    t19            0 |     497503 |   48365087 |    4160216
    t20            0 |     503557 |   48964799 |    4212116
    t21            0 |     498945 |   48506459 |    4172253
    t22            0 |     501555 |   48774851 |    4195266
    t23            0 |     496214 |   48240489 |    4150150
    t24            0 |     504777 |   49076534 |    4221723
    t25            0 |     498005 |   48418753 |    4165164
    t26            0 |     500756 |   48700440 |    4189391
    t27            0 |     496551 |   48272446 |    4152496
    t28            0 |     504304 |   49026942 |    4217371
    t29            0 |     498309 |   48447976 |    4167060
    t30            0 |     502491 |   48862672 |    4203837
    t31            0 |     497997 |   48407999 |    4163961
    t32            0 |     504616 |   49060907 |    4220550
    t33            0 |     498814 |   48496706 |    4171660
    t34            0 |     501841 |   48788688 |    4197329
    t35            0 |     496411 |   48285023 |    4153832

----- PATH-AWARE CACHE MISS RATE [node 0] -----
  node accesses (hit+miss) = 2619800802
  node cache hits          = 2589756085 (98.85%)
  MISS RATE                = 1.1468%  (30044717 / 2619800802)
  inner-node miss          = 12038763 (40.07% of misses, 0.4595% rate)
  leaf-node  miss          = 18005954 (59.93% of misses, 0.6873% rate)
  total miss               = 30044717
  cache writebacks         = 0
=========================================================================

Round 0 (max_throughput): 2.00753 Mops/s
Round 0 (straggler_throughput): 2.0075 Mops/s
Before barrier finish
Avg. rdma read time(ms) = 0
Avg. rdma write time(ms) = -nan
Avg. rdma read / op = 1.01044
Avg. rdma write / op = 0
Avg. rdma cas / op = 0
Avg. rdma rpc / op = 0.60556
Avg. all rdma / op = 1.616
Avg. rdma read size/ op = 1169.34
Avg. rdma write size / op = 0
Avg. rdma RW size / op = 1169.34
------------------------------------------
Node 0 average throughput = 1.85775
Node 0 total throughput = 2.00753
All CN throughput (Max) = 2.00753
All CN throughput (Straggler) = 2.0075
Final throughput = 2.0075
[CORRECTNESS node 0] ops ok 29734379 / 29734379 = 100.0000%; scans 29734379, rows 2973437021 (100.00 per scan)
------------------------------------------
