nodes 2, threads 36, mix R/I/U/S=100/0/0/0, zipf-0.99, bulk 50M warmup 10M op 30M, offload 100%, scan_range 100
[4mshared memory size: 64GB, 0x7feeda800000[0m
[4mrdma cache size: 4GB[0m
[4mMachine NR: 2[0m
[4mCompute server 1 start up [10.30.1.6]
[0m
I connect server 0
[CONFIG node 1] bulk load: bottom-up build, 8 keys per leaf, 6 children per inner node (CHIME_BULK_BUILD / CHIME_BUILD_LEAF_KEYS / CHIME_BUILD_INNER_FANOUT)
[CONFIG node 1] clients on this node: yes (CHIME_MN_CLIENTS)
[CONFIG node 1] leaf cache by key=0 owner=0 admit_push=0.00 granule=16 (CHIME_LEAF_BY_KEY / CHIME_LEAF_OWNER / CHIME_LEAF_ADMIT_PUSH / CHIME_LEAF_KEY_GRANULE)
[CONFIG node 1] scan path: from_cache=1 offload_always=0 (CHIME_SCAN_FROM_CACHE / CHIME_SCAN_OFFLOAD_ALWAYS)
[CONFIG node 1] push ops: both (CHIME_PUSH_OPS; applies only with offloading on)
[CACHE node 1] total=128 MB index=128 MB leaf=0 MB
[CONFIG node 1] dir threads = 1 (CHIME_DIR_THREADS, max 16) -- MUST match the other node
[CORES node 1] linear pinning: app threads -> CPUs 0..35, main -> 79, dir threads -> 79 (REV_DIR_CPUS)
[CONFIG] hotspot buffer + speculative read: off (CHIME_HOTSPOT; stock CHIME: on above 50 MB)
workload generated: keyspace=50001000 bulk=50000000 warmup=9999972 op=29999988
[4mKey space set: keySpaceSize=50000000[0m
I am 65
I am 39
I am 43
I am 37
I am 45
I am 57
I am 55
I am 53
I am 61
I am 46
I am 42
I am 59
I am 51
I am 60
I am 41
I am 47
I am 64
I am 52
I am 36
I am 56
I am 44
I am 49
I am 48
I am 50
I am 58
I am 62
I am 54
I am 66
I am 67
I am 68
I am 70
I am 71
I am 38
I am 63
I am 69
I am 40
[build] leaves: 10% (625001/6250000)
[build] leaves: 20% (1250002/6250000)
[build] leaves: 30% (1875003/6250000)
[build] leaves: 40% (2500004/6250000)
[build] leaves: 50% (3125005/6250000)
[build] leaves: 60% (3750006/6250000)
[build] leaves: 70% (4375007/6250000)
[build] leaves: 80% (5000008/6250000)
[build] leaves: 90% (5625009/6250000)
[build] inner level 1: 1041667 nodes
[build] inner level 2: 173611 nodes
[build] inner level 3: 28935 nodes
[build] inner level 4: 4823 nodes
[build] inner level 5: 804 nodes
[build] inner level 6: 134 nodes
[build] inner level 7: 23 nodes
[build] inner level 8: 4 nodes
[build] inner level 9: 1 nodes
[build] done in 18.9s: height=10 leaves=6250000 inner_nodes=1250002 (8 keys per leaf, 6 children per inner node)
[TREE] height=10 leaves=6250000 inner_nodes=1250002 keys_per_leaf=8.00 inner_MB=399.4 leaf_MB=2104.0 total_MB=2503.4 (internal span 16, leaf span 16, node bytes inner=335 leaf=353)
node 1 warmup done in 25s
[INDEX] --- post-bulk-load cache occupancy (cache = 128 MB) ---
 ----- [TreeCache]:  cache size=128 MB free_size=0.000 MB skiplist_node_cnt=1185276 ----- 
consumed cache size = 128.000 MB
 ----- [IdxCache]:  cache size=0 MB free_size=0.000 MB ---- 
consumed hotspot buffer size = 0.000000 MB

[LEAFCACHE] off
1, throughput 5.1071 Mops
1, throughput 5.1225 Mops
1, throughput 5.0956 Mops
1, throughput 5.0391 Mops
1, throughput 5.1237 Mops
1, throughput 5.1181 Mops
1, throughput 5.1198 Mops
1, throughput 5.1217 Mops
1, throughput 5.1100 Mops
1, throughput 5.1171 Mops
1, throughput 5.1268 Mops
1, throughput 3.7877 Mops
[RESULT node 1] ops=29999988 elapsed=5.935s throughput=5.0543 Mops mode=op-bounded
[RDMA node 1] ops=29999988 posts=30123204 read_wr=38941357 read_bytes=4336351425 write_wr=0 write_bytes=0 atomic_wr=0 send_wr=2159825 send_bytes=88552825
[RDMA node 1] per_op: round_trips=1.0041 reads=1.2980 writes=0.0000 atomics=0.0000 sends=0.0720 verbs=1.3700 bytes=147.5

==================== LATENCY BUCKETS (500 ns) [node 1] ====================
[LOOKUP]
  ALL                n=29999988   mean=    6.99us  p50=   7.00us  p90=   9.50us  p99=  15.50us  p99.9=  23.00us  max>=932.50us
  DIRECT (1-sided)   n=27840163   mean=    6.57us  p50=   6.50us  p90=   8.50us  p99=  12.50us  p99.9=  23.00us  max>=145.00us
  OFFLOAD (rpc)      n=2159825    mean=   12.33us  p50=  12.50us  p90=  15.00us  p99=  18.00us  p99.9=  21.50us  max>=932.50us
[ALL OPS]
  ALL                n=29999988   mean=    6.99us  p50=   7.00us  p90=   9.50us  p99=  15.50us  p99.9=  23.00us  max>=932.50us
  DIRECT (1-sided)   n=27840163   mean=    6.57us  p50=   6.50us  p90=   8.50us  p99=  12.50us  p99.9=  23.00us  max>=145.00us
  OFFLOAD (rpc)      n=2159825    mean=   12.33us  p50=  12.50us  p90=  15.00us  p99=  18.00us  p99.9=  21.50us  max>=932.50us

----- 500 ns bucket CDF (all ops) [node 1] -----
  bucket [lo,hi) ns             count        pct       cdf
  [      500,     1000)         9204    0.0307%   0.0307%
  [     1000,     1500)        42934    0.1431%   0.1738%
  [     1500,     2000)        67628    0.2254%   0.3992%
  [     2000,     2500)        85091    0.2836%   0.6829%
  [     2500,     3000)        94121    0.3137%   0.9966%
  [     3000,     3500)       106223    0.3541%   1.3507%
  [     3500,     4000)       219083    0.7303%   2.0809%
  [     4000,     4500)       924541    3.0818%   5.1628%
  [     4500,     5000)      2253306    7.5110%  12.6738%
  [     5000,     5500)      3386980   11.2899%  23.9637%
  [     5500,     6000)      3716832   12.3894%  36.3532%
  [     6000,     6500)      3609625   12.0321%  48.3852%
  [     6500,     7000)      3551904   11.8397%  60.2249%
  [     7000,     7500)      3258864   10.8629%  71.0878%
  [     7500,     8000)      2536564    8.4552%  79.5430%
  [     8000,     8500)      1669099    5.5637%  85.1067%
  [     8500,     9000)      1000667    3.3356%  88.4423%
  [     9000,     9500)       577175    1.9239%  90.3662%
  [     9500,    10000)       343322    1.1444%  91.5106%
  [    10000,    10500)       233844    0.7795%  92.2901%
  [    10500,    11000)       214573    0.7152%  93.0053%
  [    11000,    11500)       249826    0.8328%  93.8381%
  [    11500,    12000)       292289    0.9743%  94.8124%
  [    12000,    12500)       306950    1.0232%  95.8355%
  [    12500,    13000)       284385    0.9480%  96.7835%
  [    13000,    13500)       239516    0.7984%  97.5819%
  [    13500,    14000)       186819    0.6227%  98.2046%
  [    14000,    14500)       137570    0.4586%  98.6632%
  [    14500,    15000)        98933    0.3298%  98.9929%
  [    15000,    15500)        69389    0.2313%  99.2242%
  [    15500,    16000)        49247    0.1642%  99.3884%
  [    16000,    16500)        35005    0.1167%  99.5051%
  [    16500,    17000)        25711    0.0857%  99.5908%
  [    17000,    17500)        19454    0.0648%  99.6556%
  [    17500,    18000)        14785    0.0493%  99.7049%
  [    18000,    18500)        11946    0.0398%  99.7447%
  [    18500,    19000)         9654    0.0322%  99.7769%
  [    19000,    19500)         7904    0.0263%  99.8032%
  [    19500,    20000)         6675    0.0223%  99.8255%
  [    20000,    20500)         5617    0.0187%  99.8442%
  [    20500,    21000)         5070    0.0169%  99.8611%
  [    21000,    21500)         4480    0.0149%  99.8761%
  [    21500,    22000)         3797    0.0127%  99.8887%
  [    22000,    22500)         3321    0.0111%  99.8998%
  [    22500,    23000)         3070    0.0102%  99.9100%
  [    23000,    23500)         2700    0.0090%  99.9190%
  [    23500,    24000)         2373    0.0079%  99.9269%
  [    24000,    24500)         2163    0.0072%  99.9341%
  [    24500,    25000)         2029    0.0068%  99.9409%
  [    25000,    25500)         1794    0.0060%  99.9469%
  [    25500,    26000)         1598    0.0053%  99.9522%
  [    26000,    26500)         1449    0.0048%  99.9570%
  [    26500,    27000)         1196    0.0040%  99.9610%
  [    27000,    27500)         1167    0.0039%  99.9649%
  [    27500,    28000)         1034    0.0034%  99.9684%
  [    28000,    28500)          869    0.0029%  99.9713%
  [    28500,    29000)          812    0.0027%  99.9740%
  [    29000,    29500)          692    0.0023%  99.9763%
  [    29500,    30000)          640    0.0021%  99.9784%
  [    30000,    30500)          566    0.0019%  99.9803%
  [    30500,    31000)          518    0.0017%  99.9820%
  [    31000,    31500)          500    0.0017%  99.9837%
  [    31500,    32000)          432    0.0014%  99.9851%
  [    32000,    32500)          359    0.0012%  99.9863%
  [    32500,    33000)          351    0.0012%  99.9875%
  [    33000,    33500)          305    0.0010%  99.9885%
  [    33500,    34000)          267    0.0009%  99.9894%
  [    34000,    34500)          197    0.0007%  99.9901%
  [    34500,    35000)          206    0.0007%  99.9907%
  [    35000,    35500)          225    0.0008%  99.9915%
  [    35500,    36000)          195    0.0007%  99.9921%
  [    36000,    36500)          183    0.0006%  99.9927%
  [    36500,    37000)          141    0.0005%  99.9932%
  [    37000,    37500)          130    0.0004%  99.9937%
  [    37500,    38000)          133    0.0004%  99.9941%
  [    38000,    38500)           97    0.0003%  99.9944%
  [    38500,    39000)           98    0.0003%  99.9947%
  [    39000,    39500)           94    0.0003%  99.9951%
  [    39500,    40000)           74    0.0002%  99.9953%
  [    40000,    40500)           77    0.0003%  99.9956%
  [    40500,    41000)           80    0.0003%  99.9958%
  [    41000,    41500)           69    0.0002%  99.9961%
  [    41500,    42000)           51    0.0002%  99.9962%
  [    42000,    42500)           50    0.0002%  99.9964%
  [    42500,    43000)           43    0.0001%  99.9965%
  [    43000,    43500)           51    0.0002%  99.9967%
  [    43500,    44000)           48    0.0002%  99.9969%
  [    44000,    44500)           39    0.0001%  99.9970%
  [    44500,    45000)           37    0.0001%  99.9971%
  [    45000,    45500)           36    0.0001%  99.9972%
  [    45500,    46000)           33    0.0001%  99.9974%
  [    46000,    46500)           26    0.0001%  99.9974%
  [    46500,    47000)           26    0.0001%  99.9975%
  [    47000,    47500)           21    0.0001%  99.9976%
  [    47500,    48000)           19    0.0001%  99.9977%
  [    48000,    48500)           20    0.0001%  99.9977%
  [    48500,    49000)           19    0.0001%  99.9978%
  [    49000,    49500)           15    0.0001%  99.9978%
  [    49500,    50000)           22    0.0001%  99.9979%
  [    50000,    50500)           19    0.0001%  99.9980%
  [    50500,    51000)           12    0.0000%  99.9980%
  [    51000,    51500)           13    0.0000%  99.9981%
  [    51500,    52000)            4    0.0000%  99.9981%
  [    52000,    52500)            9    0.0000%  99.9981%
  [    52500,    53000)            8    0.0000%  99.9981%
  [    53000,    53500)           10    0.0000%  99.9982%
  [    53500,    54000)           11    0.0000%  99.9982%
  [    54000,    54500)           10    0.0000%  99.9982%
  [    54500,    55000)            7    0.0000%  99.9983%
  [    55000,    55500)            9    0.0000%  99.9983%
  [    55500,    56000)            4    0.0000%  99.9983%
  [    56000,    56500)            5    0.0000%  99.9983%
  [    56500,    57000)            8    0.0000%  99.9983%
  [    57000,    57500)            8    0.0000%  99.9984%
  [    57500,    58000)            8    0.0000%  99.9984%
  [    58000,    58500)           12    0.0000%  99.9984%
  [    58500,    59000)            6    0.0000%  99.9985%
  [    59000,    59500)            9    0.0000%  99.9985%
  [    59500,    60000)            5    0.0000%  99.9985%
  [    60000,    60500)            9    0.0000%  99.9985%
  [    60500,    61000)           13    0.0000%  99.9986%
  [    61000,    61500)            5    0.0000%  99.9986%
  [    61500,    62000)            5    0.0000%  99.9986%
  [    62000,    62500)            2    0.0000%  99.9986%
  [    62500,    63000)            6    0.0000%  99.9986%
  [    63000,    63500)            4    0.0000%  99.9986%
  [    63500,    64000)            5    0.0000%  99.9987%
  [    64000,    64500)            4    0.0000%  99.9987%
  [    64500,    65000)            6    0.0000%  99.9987%
  [    65000,    65500)            3    0.0000%  99.9987%
  [    65500,    66000)            8    0.0000%  99.9987%
  [    66000,    66500)            3    0.0000%  99.9987%
  [    66500,    67000)            5    0.0000%  99.9988%
  [    67000,    67500)            4    0.0000%  99.9988%
  [    67500,    68000)            3    0.0000%  99.9988%
  [    68000,    68500)            4    0.0000%  99.9988%
  [    68500,    69000)            5    0.0000%  99.9988%
  [    69000,    69500)            5    0.0000%  99.9988%
  [    69500,    70000)            7    0.0000%  99.9989%
  [    70000,    70500)            9    0.0000%  99.9989%
  [    70500,    71000)            3    0.0000%  99.9989%
  [    71000,    71500)            5    0.0000%  99.9989%
  [    71500,    72000)            5    0.0000%  99.9989%
  [    72000,    72500)            6    0.0000%  99.9989%
  [    72500,    73000)            4    0.0000%  99.9990%
  [    73000,    73500)            5    0.0000%  99.9990%
  [    73500,    74000)            4    0.0000%  99.9990%
  [    74000,    74500)            2    0.0000%  99.9990%
  [    74500,    75000)            4    0.0000%  99.9990%
  [    75000,    75500)            2    0.0000%  99.9990%
  [    75500,    76000)            5    0.0000%  99.9990%
  [    76000,    76500)            2    0.0000%  99.9990%
  [    76500,    77000)            7    0.0000%  99.9991%
  [    77000,    77500)            3    0.0000%  99.9991%
  [    77500,    78000)            4    0.0000%  99.9991%
  [    78000,    78500)            3    0.0000%  99.9991%
  [    78500,    79000)            2    0.0000%  99.9991%
  [    79500,    80000)            1    0.0000%  99.9991%
  [    80000,    80500)            2    0.0000%  99.9991%
  [    80500,    81000)            2    0.0000%  99.9991%
  [    82000,    82500)            2    0.0000%  99.9991%
  [    82500,    83000)            4    0.0000%  99.9991%
  [    83000,    83500)            2    0.0000%  99.9991%
  [    83500,    84000)            3    0.0000%  99.9992%
  [    84000,    84500)            1    0.0000%  99.9992%
  [    84500,    85000)            4    0.0000%  99.9992%
  [    85500,    86000)            1    0.0000%  99.9992%
  [    86000,    86500)            5    0.0000%  99.9992%
  [    87000,    87500)            2    0.0000%  99.9992%
  [    87500,    88000)            1    0.0000%  99.9992%
  [    88000,    88500)            2    0.0000%  99.9992%
  [    88500,    89000)            1    0.0000%  99.9992%
  [    89000,    89500)            1    0.0000%  99.9992%
  [    89500,    90000)            3    0.0000%  99.9992%
  [    90000,    90500)            3    0.0000%  99.9992%
  [    90500,    91000)            2    0.0000%  99.9992%
  [    91000,    91500)            1    0.0000%  99.9992%
  [    91500,    92000)            4    0.0000%  99.9993%
  [    92000,    92500)            3    0.0000%  99.9993%
  [    92500,    93000)            3    0.0000%  99.9993%
  [    93500,    94000)            2    0.0000%  99.9993%
  [    94000,    94500)            3    0.0000%  99.9993%
  [    94500,    95000)            1    0.0000%  99.9993%
  [    95000,    95500)            5    0.0000%  99.9993%
  [    95500,    96000)            3    0.0000%  99.9993%
  [    96000,    96500)            4    0.0000%  99.9993%
  [    96500,    97000)            5    0.0000%  99.9994%
  [    97000,    97500)            2    0.0000%  99.9994%
  [    97500,    98000)            2    0.0000%  99.9994%
  [    98000,    98500)            1    0.0000%  99.9994%
  [    98500,    99000)            4    0.0000%  99.9994%
  [    99000,    99500)            3    0.0000%  99.9994%
  [   100000,   100500)            2    0.0000%  99.9994%
  [   100500,   101000)            3    0.0000%  99.9994%
  [   101000,   101500)            4    0.0000%  99.9994%
  [   101500,   102000)            2    0.0000%  99.9994%
  [   102000,   102500)            4    0.0000%  99.9994%
  [   102500,   103000)            3    0.0000%  99.9995%
  [   103000,   103500)            3    0.0000%  99.9995%
  [   103500,   104000)            3    0.0000%  99.9995%
  [   104000,   104500)            2    0.0000%  99.9995%
  [   105500,   106000)            1    0.0000%  99.9995%
  [   106000,   106500)            1    0.0000%  99.9995%
  [   106500,   107000)            2    0.0000%  99.9995%
  [   107000,   107500)            2    0.0000%  99.9995%
  [   107500,   108000)            3    0.0000%  99.9995%
  [   108000,   108500)            1    0.0000%  99.9995%
  [   108500,   109000)            1    0.0000%  99.9995%
  [   109000,   109500)            2    0.0000%  99.9995%
  [   109500,   110000)            1    0.0000%  99.9995%
  [   110500,   111000)            1    0.0000%  99.9995%
  [   111500,   112000)            3    0.0000%  99.9995%
  [   112500,   113000)            1    0.0000%  99.9995%
  [   113500,   114000)            1    0.0000%  99.9996%
  [   115000,   115500)            2    0.0000%  99.9996%
  [   115500,   116000)            4    0.0000%  99.9996%
  [   116000,   116500)            2    0.0000%  99.9996%
  [   116500,   117000)            3    0.0000%  99.9996%
  [   117000,   117500)            1    0.0000%  99.9996%
  [   117500,   118000)            1    0.0000%  99.9996%
  [   118000,   118500)            2    0.0000%  99.9996%
  [   118500,   119000)            2    0.0000%  99.9996%
  [   119000,   119500)            1    0.0000%  99.9996%
  [   119500,   120000)            5    0.0000%  99.9996%
  [   120500,   121000)            3    0.0000%  99.9996%
  [   121000,   121500)            2    0.0000%  99.9996%
  [   122000,   122500)            3    0.0000%  99.9997%
  [   122500,   123000)            2    0.0000%  99.9997%
  [   123500,   124000)            3    0.0000%  99.9997%
  [   124000,   124500)            6    0.0000%  99.9997%
  [   124500,   125000)            2    0.0000%  99.9997%
  [   125000,   125500)            1    0.0000%  99.9997%
  [   126000,   126500)            1    0.0000%  99.9997%
  [   126500,   127000)            1    0.0000%  99.9997%
  [   127000,   127500)            1    0.0000%  99.9997%
  [   128000,   128500)            1    0.0000%  99.9997%
  [   129000,   129500)            3    0.0000%  99.9997%
  [   129500,   130000)            1    0.0000%  99.9997%
  [   130000,   130500)            1    0.0000%  99.9997%
  [   131500,   132000)            5    0.0000%  99.9997%
  [   133000,   133500)            2    0.0000%  99.9998%
  [   134500,   135000)            1    0.0000%  99.9998%
  [   144500,   145000)            1    0.0000%  99.9998%
  [   178000,   178500)            1    0.0000%  99.9998%
  [   184000,   184500)            1    0.0000%  99.9998%
  [   218000,   218500)            1    0.0000%  99.9998%
  [   232000,   232500)            1    0.0000%  99.9998%
  [   236500,   237000)            1    0.0000%  99.9998%
  [   240000,   240500)            1    0.0000%  99.9998%
  [   251000,   251500)            1    0.0000%  99.9998%
  [   252500,   253000)            1    0.0000%  99.9998%
  [   253000,   253500)            1    0.0000%  99.9998%
  [   255500,   256000)            1    0.0000%  99.9998%
  [   261000,   261500)            1    0.0000%  99.9998%
  [   261500,   262000)            1    0.0000%  99.9998%
  [   266500,   267000)            1    0.0000%  99.9998%
  [   272500,   273000)            1    0.0000%  99.9998%
  [   274000,   274500)            2    0.0000%  99.9998%
  [   277000,   277500)            1    0.0000%  99.9998%
  [   278000,   278500)            1    0.0000%  99.9998%
  [   278500,   279000)            1    0.0000%  99.9998%
  [   281500,   282000)            1    0.0000%  99.9998%
  [   289500,   290000)            1    0.0000%  99.9998%
  [   291000,   291500)            1    0.0000%  99.9998%
  [   295500,   296000)            1    0.0000%  99.9998%
  [   296000,   296500)            1    0.0000%  99.9998%
  [   297500,   298000)            2    0.0000%  99.9998%
  [   298000,   298500)            1    0.0000%  99.9999%
  [   299000,   299500)            1    0.0000%  99.9999%
  [   299500,   300000)            1    0.0000%  99.9999%
  [   300000,   300500)            3    0.0000%  99.9999%
  [   304000,   304500)            1    0.0000%  99.9999%
  [   305000,   305500)            1    0.0000%  99.9999%
  [   305500,   306000)            1    0.0000%  99.9999%
  [   743000,   743500)            1    0.0000%  99.9999%
  [   748500,   749000)            1    0.0000%  99.9999%
  [   824000,   824500)            1    0.0000%  99.9999%
  [   828500,   829000)            1    0.0000%  99.9999%
  [   844000,   844500)            1    0.0000%  99.9999%
  [   847000,   847500)            1    0.0000%  99.9999%
  [   848000,   848500)            1    0.0000%  99.9999%
  [   877500,   878000)            1    0.0000%  99.9999%
  [   882500,   883000)            1    0.0000%  99.9999%
  [   883500,   884000)            1    0.0000%  99.9999%
  [   900000,   900500)            1    0.0000%  99.9999%
  [   913500,   914000)            1    0.0000%  99.9999%
  [   915500,   916000)            2    0.0000%  99.9999%
  [   916000,   916500)            1    0.0000%  99.9999%
  [   916500,   917000)            1    0.0000%  99.9999%
  [   917500,   918000)            1    0.0000%  99.9999%
  [   918000,   918500)            3    0.0000%  99.9999%
  [   918500,   919000)            2    0.0000% 100.0000%
  [   919000,   919500)            1    0.0000% 100.0000%
  [   920000,   920500)            1    0.0000% 100.0000%
  [   921000,   921500)            1    0.0000% 100.0000%
  [   921500,   922000)            1    0.0000% 100.0000%
  [   922000,   922500)            2    0.0000% 100.0000%
  [   925000,   925500)            1    0.0000% 100.0000%
  [   926500,   927000)            2    0.0000% 100.0000%
  [   928000,   928500)            1    0.0000% 100.0000%
  [   928500,   929000)            1    0.0000% 100.0000%
  [   930000,   930500)            1    0.0000% 100.0000%
  [   932000,   932500)            2    0.0000% 100.0000%

----- OFFLOADED TASKS [node 1] -----
  ops total                = 29999988
  ops direct (1-sided)     = 27840163 (92.80%)
  ops offload (rpc)        = 2159825 (7.20%)
  lookup pushdowns         = 2159825
  scan   pushdowns (RPC)   = 0
    kv pairs returned      = 0
    leaves scanned remotely= 0
    kv / scan pushdown     = 0.00
    leaves / scan pushdown = 0.00
=========================================================================

[CORRECTNESS node 1] lookup found 29999419 / 29999988 = 99.9981%
[READPATH node 1] lookups=29999988  index-cache hit=93.9%  per lookup: leaf=0.876 speculative=0.000 (right 0.0%) hop-reads=0.876 (two-segment 0.366) retries=0.000 invalid=0.000 sibling=0.000  => est. leaf round trips/lookup=0.876
[LEAFCACHE] off

----- PER-LEVEL CACHE HITS [node 1] (lookups; level 0 = leaf) -----
[LEVEL] level=0 hits=0 misses=28439822 hit_rate=0.0000
[LEVEL] level=1 hits=26279997 misses=2159825 hit_rate=0.9241
[LEVEL] level=2 hits=26740967 misses=1698855 hit_rate=0.9403
[LEVEL] level=3 hits=26756302 misses=1683520 hit_rate=0.9408
[LEVEL] level=4 hits=26756440 misses=1683382 hit_rate=0.9408
[LEVEL] level=5 hits=26756440 misses=1683382 hit_rate=0.9408
[LEVEL] level=6 hits=26756440 misses=1683382 hit_rate=0.9408
[LEVEL] level=7 hits=26756440 misses=1683382 hit_rate=0.9408
[LEVEL] level=8 hits=26756440 misses=1683382 hit_rate=0.9408
[LEVEL] level=9 hits=26756440 misses=1683382 hit_rate=0.9408
[KIND node 1] lookups=28439822 inner_visits=255958398 inner_hits=240315906 inner_hit_pct=93.89 leaf_visits=28439822 leaf_hits=0 leaf_hit_pct=0.00
[END]
