nodes 2, threads 24, mix R/I/U/S=0/0/0/100, uniform, bulk 50M warmup 10M op 50M, offload 0%, scan_range 100
[4mshared memory size: 64GB, 0x7feeda800000[0m
[4mrdma cache size: 4GB[0m
[4mMachine NR: 2[0m
[4mCompute server 0 start up [10.30.1.6]
[0m
I connect server 1
[4mMemory server 0 start up[0m
[0;31mcan't bind core![0m
[4mdir 0 launch!
[0m

----- REMOTE CPU LOAD (memory node dir-threads, 2s window) -----
  dir 0: active=  0.00%  msgs=1           2930 ns/msg
  AGGREGATE active = 0.00% (of 1 dir-threads; 0.00% per-thread avg)  msgs=1
workload generated: keyspace=50001000 bulk=50000000 warmup=9999984 op=49999992
I am 19
I am 4
I am 12
I am 8
I am 2
I am 10
I am 9
I am 7
I am 13
I am 0
I am 23
I am 18
I am 22
I am 15
I am 16
I am 6
I am 5
I am 21
I am 14
I am 17
I am 11
I am 20
I am 3
I am 1
[INFO] new root level 4

----- REMOTE CPU LOAD (memory node dir-threads, 2s window) -----
  dir 0: active= 26.29%  msgs=439197      1197 ns/msg
  AGGREGATE active = 26.29% (of 1 dir-threads; 26.29% per-thread avg)  msgs=439197

----- REMOTE CPU LOAD (memory node dir-threads, 2s window) -----
  dir 0: active= 88.24%  msgs=1211026     1457 ns/msg
  AGGREGATE active = 88.24% (of 1 dir-threads; 88.24% per-thread avg)  msgs=1211026

----- REMOTE CPU LOAD (memory node dir-threads, 2s window) -----
  dir 0: active= 90.07%  msgs=988881      1822 ns/msg
  AGGREGATE active = 90.07% (of 1 dir-threads; 90.07% per-thread avg)  msgs=988881
[INFO] new root level 5

----- REMOTE CPU LOAD (memory node dir-threads, 2s window) -----
  dir 0: active= 91.42%  msgs=869256      2104 ns/msg
  AGGREGATE active = 91.42% (of 1 dir-threads; 91.42% per-thread avg)  msgs=869256

----- REMOTE CPU LOAD (memory node dir-threads, 2s window) -----
  dir 0: active= 92.44%  msgs=763445      2422 ns/msg
  AGGREGATE active = 92.44% (of 1 dir-threads; 92.44% per-thread avg)  msgs=763445

----- REMOTE CPU LOAD (memory node dir-threads, 2s window) -----
  dir 0: active= 93.29%  msgs=678913      2748 ns/msg
  AGGREGATE active = 93.29% (of 1 dir-threads; 93.29% per-thread avg)  msgs=678913

----- REMOTE CPU LOAD (memory node dir-threads, 2s window) -----
  dir 0: active= 93.91%  msgs=615091      3054 ns/msg
  AGGREGATE active = 93.91% (of 1 dir-threads; 93.91% per-thread avg)  msgs=615091

----- REMOTE CPU LOAD (memory node dir-threads, 2s window) -----
  dir 0: active= 94.36%  msgs=559497      3373 ns/msg
  AGGREGATE active = 94.36% (of 1 dir-threads; 94.36% per-thread avg)  msgs=559497

----- REMOTE CPU LOAD (memory node dir-threads, 2s window) -----
  dir 0: active= 94.83%  msgs=519003      3655 ns/msg
  AGGREGATE active = 94.83% (of 1 dir-threads; 94.83% per-thread avg)  msgs=519003

----- REMOTE CPU LOAD (memory node dir-threads, 2s window) -----
  dir 0: active= 95.22%  msgs=481242      3957 ns/msg
  AGGREGATE active = 95.22% (of 1 dir-threads; 95.22% per-thread avg)  msgs=481242

----- REMOTE CPU LOAD (memory node dir-threads, 2s window) -----
  dir 0: active= 95.53%  msgs=448327      4262 ns/msg
  AGGREGATE active = 95.53% (of 1 dir-threads; 95.53% per-thread avg)  msgs=448327

----- REMOTE CPU LOAD (memory node dir-threads, 2s window) -----
  dir 0: active= 95.81%  msgs=419181      4571 ns/msg
  AGGREGATE active = 95.81% (of 1 dir-threads; 95.81% per-thread avg)  msgs=419181

----- REMOTE CPU LOAD (memory node dir-threads, 2s window) -----
  dir 0: active= 96.04%  msgs=393693      4879 ns/msg
  AGGREGATE active = 96.04% (of 1 dir-threads; 96.04% per-thread avg)  msgs=393693

----- REMOTE CPU LOAD (memory node dir-threads, 2s window) -----
  dir 0: active= 96.25%  msgs=370494      5196 ns/msg
  AGGREGATE active = 96.25% (of 1 dir-threads; 96.25% per-thread avg)  msgs=370494

----- REMOTE CPU LOAD (memory node dir-threads, 2s window) -----
  dir 0: active= 96.47%  msgs=351975      5482 ns/msg
  AGGREGATE active = 96.47% (of 1 dir-threads; 96.47% per-thread avg)  msgs=351975

----- REMOTE CPU LOAD (memory node dir-threads, 2s window) -----
  dir 0: active= 96.64%  msgs=333948      5788 ns/msg
  AGGREGATE active = 96.64% (of 1 dir-threads; 96.64% per-thread avg)  msgs=333948

----- REMOTE CPU LOAD (memory node dir-threads, 2s window) -----
  dir 0: active= 96.80%  msgs=318046      6088 ns/msg
  AGGREGATE active = 96.80% (of 1 dir-threads; 96.80% per-thread avg)  msgs=318046

----- REMOTE CPU LOAD (memory node dir-threads, 2s window) -----
  dir 0: active= 96.95%  msgs=303120      6397 ns/msg
  AGGREGATE active = 96.95% (of 1 dir-threads; 96.95% per-thread avg)  msgs=303120

----- REMOTE CPU LOAD (memory node dir-threads, 2s window) -----
  dir 0: active= 97.06%  msgs=288448      6730 ns/msg
  AGGREGATE active = 97.06% (of 1 dir-threads; 97.06% per-thread avg)  msgs=288448

----- REMOTE CPU LOAD (memory node dir-threads, 2s window) -----
  dir 0: active= 97.19%  msgs=276929      7019 ns/msg
  AGGREGATE active = 97.19% (of 1 dir-threads; 97.19% per-thread avg)  msgs=276929

----- REMOTE CPU LOAD (memory node dir-threads, 2s window) -----
  dir 0: active= 97.30%  msgs=265488      7330 ns/msg
  AGGREGATE active = 97.30% (of 1 dir-threads; 97.30% per-thread avg)  msgs=265488

----- REMOTE CPU LOAD (memory node dir-threads, 2s window) -----
  dir 0: active= 97.39%  msgs=255676      7619 ns/msg
  AGGREGATE active = 97.39% (of 1 dir-threads; 97.39% per-thread avg)  msgs=255676

----- REMOTE CPU LOAD (memory node dir-threads, 2s window) -----
  dir 0: active= 97.47%  msgs=247117      7889 ns/msg
  AGGREGATE active = 97.47% (of 1 dir-threads; 97.47% per-thread avg)  msgs=247117

----- REMOTE CPU LOAD (memory node dir-threads, 2s window) -----
  dir 0: active= 97.54%  msgs=236585      8246 ns/msg
  AGGREGATE active = 97.54% (of 1 dir-threads; 97.54% per-thread avg)  msgs=236585

----- REMOTE CPU LOAD (memory node dir-threads, 2s window) -----
  dir 0: active= 97.63%  msgs=229691      8501 ns/msg
  AGGREGATE active = 97.63% (of 1 dir-threads; 97.63% per-thread avg)  msgs=229691

----- REMOTE CPU LOAD (memory node dir-threads, 2s window) -----
  dir 0: active= 97.69%  msgs=224025      8722 ns/msg
  AGGREGATE active = 97.69% (of 1 dir-threads; 97.69% per-thread avg)  msgs=224025

----- REMOTE CPU LOAD (memory node dir-threads, 2s window) -----
  dir 0: active= 97.74%  msgs=219164      8919 ns/msg
  AGGREGATE active = 97.74% (of 1 dir-threads; 97.74% per-thread avg)  msgs=219164

----- REMOTE CPU LOAD (memory node dir-threads, 2s window) -----
  dir 0: active= 97.78%  msgs=216763      9022 ns/msg
  AGGREGATE active = 97.78% (of 1 dir-threads; 97.78% per-thread avg)  msgs=216763

----- REMOTE CPU LOAD (memory node dir-threads, 2s window) -----
  dir 0: active= 97.79%  msgs=215798      9064 ns/msg
  AGGREGATE active = 97.79% (of 1 dir-threads; 97.79% per-thread avg)  msgs=215798

----- REMOTE CPU LOAD (memory node dir-threads, 2s window) -----
  dir 0: active= 97.82%  msgs=216770      9025 ns/msg
  AGGREGATE active = 97.82% (of 1 dir-threads; 97.82% per-thread avg)  msgs=216770

----- REMOTE CPU LOAD (memory node dir-threads, 2s window) -----
  dir 0: active= 97.83%  msgs=217068      9014 ns/msg
  AGGREGATE active = 97.83% (of 1 dir-threads; 97.83% per-thread avg)  msgs=217068

----- REMOTE CPU LOAD (memory node dir-threads, 2s window) -----
  dir 0: active= 97.84%  msgs=217026      9017 ns/msg
  AGGREGATE active = 97.84% (of 1 dir-threads; 97.84% per-thread avg)  msgs=217026

----- REMOTE CPU LOAD (memory node dir-threads, 2s window) -----
  dir 0: active= 97.85%  msgs=217232      9009 ns/msg
  AGGREGATE active = 97.85% (of 1 dir-threads; 97.85% per-thread avg)  msgs=217232

----- REMOTE CPU LOAD (memory node dir-threads, 2s window) -----
  dir 0: active= 97.82%  msgs=216565      9034 ns/msg
  AGGREGATE active = 97.82% (of 1 dir-threads; 97.82% per-thread avg)  msgs=216565

----- REMOTE CPU LOAD (memory node dir-threads, 2s window) -----
  dir 0: active= 97.81%  msgs=217169      9008 ns/msg
  AGGREGATE active = 97.81% (of 1 dir-threads; 97.81% per-thread avg)  msgs=217169

----- REMOTE CPU LOAD (memory node dir-threads, 2s window) -----
  dir 0: active= 97.84%  msgs=217449      8999 ns/msg
  AGGREGATE active = 97.84% (of 1 dir-threads; 97.84% per-thread avg)  msgs=217449

----- REMOTE CPU LOAD (memory node dir-threads, 2s window) -----
  dir 0: active= 97.86%  msgs=217600      8994 ns/msg
  AGGREGATE active = 97.86% (of 1 dir-threads; 97.86% per-thread avg)  msgs=217600

----- REMOTE CPU LOAD (memory node dir-threads, 2s window) -----
  dir 0: active= 97.85%  msgs=217744      8988 ns/msg
  AGGREGATE active = 97.85% (of 1 dir-threads; 97.85% per-thread avg)  msgs=217744

----- REMOTE CPU LOAD (memory node dir-threads, 2s window) -----
  dir 0: active= 97.82%  msgs=216974      9017 ns/msg
  AGGREGATE active = 97.82% (of 1 dir-threads; 97.82% per-thread avg)  msgs=216974

----- REMOTE CPU LOAD (memory node dir-threads, 2s window) -----
  dir 0: active= 97.81%  msgs=217430      8998 ns/msg
  AGGREGATE active = 97.81% (of 1 dir-threads; 97.81% per-thread avg)  msgs=217430

----- REMOTE CPU LOAD (memory node dir-threads, 2s window) -----
  dir 0: active= 97.83%  msgs=217613      8992 ns/msg
  AGGREGATE active = 97.83% (of 1 dir-threads; 97.83% per-thread avg)  msgs=217613

----- REMOTE CPU LOAD (memory node dir-threads, 2s window) -----
  dir 0: active= 97.84%  msgs=217624      8992 ns/msg
  AGGREGATE active = 97.84% (of 1 dir-threads; 97.84% per-thread avg)  msgs=217624

----- REMOTE CPU LOAD (memory node dir-threads, 2s window) -----
  dir 0: active= 97.85%  msgs=217806      8985 ns/msg
  AGGREGATE active = 97.85% (of 1 dir-threads; 97.85% per-thread avg)  msgs=217806

----- REMOTE CPU LOAD (memory node dir-threads, 2s window) -----
  dir 0: active= 97.84%  msgs=217398      9002 ns/msg
  AGGREGATE active = 97.84% (of 1 dir-threads; 97.84% per-thread avg)  msgs=217398

----- REMOTE CPU LOAD (memory node dir-threads, 2s window) -----
  dir 0: active= 97.80%  msgs=216834      9021 ns/msg
  AGGREGATE active = 97.80% (of 1 dir-threads; 97.80% per-thread avg)  msgs=216834

----- REMOTE CPU LOAD (memory node dir-threads, 2s window) -----
  dir 0: active= 97.83%  msgs=217443      8999 ns/msg
  AGGREGATE active = 97.83% (of 1 dir-threads; 97.83% per-thread avg)  msgs=217443

----- REMOTE CPU LOAD (memory node dir-threads, 2s window) -----
  dir 0: active= 97.84%  msgs=217452      8999 ns/msg
  AGGREGATE active = 97.84% (of 1 dir-threads; 97.84% per-thread avg)  msgs=217452

----- REMOTE CPU LOAD (memory node dir-threads, 2s window) -----
  dir 0: active= 97.85%  msgs=217636      8992 ns/msg
  AGGREGATE active = 97.85% (of 1 dir-threads; 97.85% per-thread avg)  msgs=217636

----- REMOTE CPU LOAD (memory node dir-threads, 2s window) -----
  dir 0: active= 97.86%  msgs=217374      9004 ns/msg
  AGGREGATE active = 97.86% (of 1 dir-threads; 97.86% per-thread avg)  msgs=217374

----- REMOTE CPU LOAD (memory node dir-threads, 2s window) -----
  dir 0: active= 97.79%  msgs=216215      9046 ns/msg
  AGGREGATE active = 97.79% (of 1 dir-threads; 97.79% per-thread avg)  msgs=216215

----- REMOTE CPU LOAD (memory node dir-threads, 2s window) -----
  dir 0: active= 97.82%  msgs=217494      8996 ns/msg
  AGGREGATE active = 97.82% (of 1 dir-threads; 97.82% per-thread avg)  msgs=217494

----- REMOTE CPU LOAD (memory node dir-threads, 2s window) -----
  dir 0: active= 97.84%  msgs=217777      8986 ns/msg
  AGGREGATE active = 97.84% (of 1 dir-threads; 97.84% per-thread avg)  msgs=217777

----- REMOTE CPU LOAD (memory node dir-threads, 2s window) -----
  dir 0: active= 97.85%  msgs=217851      8983 ns/msg
  AGGREGATE active = 97.85% (of 1 dir-threads; 97.85% per-thread avg)  msgs=217851

----- REMOTE CPU LOAD (memory node dir-threads, 2s window) -----
  dir 0: active= 97.85%  msgs=217844      8984 ns/msg
  AGGREGATE active = 97.85% (of 1 dir-threads; 97.85% per-thread avg)  msgs=217844

----- REMOTE CPU LOAD (memory node dir-threads, 2s window) -----
  dir 0: active= 97.80%  msgs=216756      9024 ns/msg
  AGGREGATE active = 97.80% (of 1 dir-threads; 97.80% per-thread avg)  msgs=216756

----- REMOTE CPU LOAD (memory node dir-threads, 2s window) -----
  dir 0: active= 97.82%  msgs=217459      8997 ns/msg
  AGGREGATE active = 97.82% (of 1 dir-threads; 97.82% per-thread avg)  msgs=217459

----- REMOTE CPU LOAD (memory node dir-threads, 2s window) -----
  dir 0: active= 97.83%  msgs=217606      8992 ns/msg
  AGGREGATE active = 97.83% (of 1 dir-threads; 97.83% per-thread avg)  msgs=217606

----- REMOTE CPU LOAD (memory node dir-threads, 2s window) -----
  dir 0: active= 97.84%  msgs=217718      8989 ns/msg
  AGGREGATE active = 97.84% (of 1 dir-threads; 97.84% per-thread avg)  msgs=217718

----- REMOTE CPU LOAD (memory node dir-threads, 2s window) -----
  dir 0: active= 97.86%  msgs=217610      8994 ns/msg
  AGGREGATE active = 97.86% (of 1 dir-threads; 97.86% per-thread avg)  msgs=217610

----- REMOTE CPU LOAD (memory node dir-threads, 2s window) -----
  dir 0: active= 97.82%  msgs=216869      9021 ns/msg
  AGGREGATE active = 97.82% (of 1 dir-threads; 97.82% per-thread avg)  msgs=216869

----- REMOTE CPU LOAD (memory node dir-threads, 2s window) -----
  dir 0: active= 97.82%  msgs=217562      8992 ns/msg
  AGGREGATE active = 97.82% (of 1 dir-threads; 97.82% per-thread avg)  msgs=217562

----- REMOTE CPU LOAD (memory node dir-threads, 2s window) -----
  dir 0: active= 97.83%  msgs=217717      8988 ns/msg
  AGGREGATE active = 97.83% (of 1 dir-threads; 97.83% per-thread avg)  msgs=217717
node 0 warmup done in 123s
0, throughput 0.0000 Mops
epoch 1: cluster throughput 0.031 Mops
0, throughput 0.0444 Mops
epoch 2: cluster throughput 0.148 Mops
0, throughput 0.0318 Mops
epoch 3: cluster throughput 0.113 Mops
0, throughput 0.0848 Mops
epoch 4: cluster throughput 0.084 Mops
0, throughput 0.0436 Mops
epoch 5: cluster throughput 0.043 Mops
0, throughput 0.1098 Mops
epoch 6: cluster throughput 0.172 Mops
0, throughput 0.1068 Mops
epoch 7: cluster throughput 0.208 Mops
0, throughput 0.1079 Mops
epoch 8: cluster throughput 0.222 Mops
0, throughput 0.1098 Mops
epoch 9: cluster throughput 0.150 Mops
0, throughput 0.1054 Mops
epoch 10: cluster throughput 0.105 Mops

==================== LATENCY BUCKETS (500 ns) [node 0] ====================
[RANGE]
  ALL                n=262        mean=  273.10us  p50= 225.50us  p90= 438.50us  p99= 453.50us  p99.9= 476.50us  max>=480.00us
  DIRECT (1-sided)          (no samples)
  OFFLOAD (rpc)      n=262        mean=  273.10us  p50= 225.50us  p90= 438.50us  p99= 453.50us  p99.9= 476.50us  max>=480.00us
[ALL OPS]
  ALL                n=262        mean=  273.10us  p50= 225.50us  p90= 438.50us  p99= 453.50us  p99.9= 476.50us  max>=480.00us
  DIRECT (1-sided)          (no samples)
  OFFLOAD (rpc)      n=262        mean=  273.10us  p50= 225.50us  p90= 438.50us  p99= 453.50us  p99.9= 476.50us  max>=480.00us

----- 500 ns bucket CDF (all ops) [node 0] -----
  bucket [lo,hi) ns             count        pct       cdf
  [   209500,   210000)            1    0.3817%   0.3817%
  [   210000,   210500)            1    0.3817%   0.7634%
  [   211000,   211500)            2    0.7634%   1.5267%
  [   211500,   212000)            1    0.3817%   1.9084%
  [   212500,   213000)            1    0.3817%   2.2901%
  [   213000,   213500)            3    1.1450%   3.4351%
  [   213500,   214000)            1    0.3817%   3.8168%
  [   214500,   215000)            3    1.1450%   4.9618%
  [   215000,   215500)            2    0.7634%   5.7252%
  [   215500,   216000)            1    0.3817%   6.1069%
  [   216000,   216500)            2    0.7634%   6.8702%
  [   216500,   217000)            4    1.5267%   8.3969%
  [   217000,   217500)            5    1.9084%  10.3053%
  [   217500,   218000)            6    2.2901%  12.5954%
  [   218000,   218500)           11    4.1985%  16.7939%
  [   218500,   219000)           11    4.1985%  20.9924%
  [   219000,   219500)           12    4.5802%  25.5725%
  [   219500,   220000)            6    2.2901%  27.8626%
  [   220000,   220500)            8    3.0534%  30.9160%
  [   220500,   221000)            7    2.6718%  33.5878%
  [   221000,   221500)            8    3.0534%  36.6412%
  [   221500,   222000)            8    3.0534%  39.6947%
  [   222000,   222500)            2    0.7634%  40.4580%
  [   222500,   223000)            2    0.7634%  41.2214%
  [   223000,   223500)            5    1.9084%  43.1298%
  [   223500,   224000)            4    1.5267%  44.6565%
  [   224000,   224500)            5    1.9084%  46.5649%
  [   224500,   225000)            5    1.9084%  48.4733%
  [   225000,   225500)            6    2.2901%  50.7634%
  [   225500,   226000)            3    1.1450%  51.9084%
  [   226000,   226500)            4    1.5267%  53.4351%
  [   226500,   227000)            7    2.6718%  56.1069%
  [   227000,   227500)           13    4.9618%  61.0687%
  [   227500,   228000)            8    3.0534%  64.1221%
  [   228000,   228500)            2    0.7634%  64.8855%
  [   228500,   229000)            6    2.2901%  67.1756%
  [   229000,   229500)            4    1.5267%  68.7023%
  [   229500,   230000)            4    1.5267%  70.2290%
  [   230000,   230500)            2    0.7634%  70.9924%
  [   231000,   231500)            2    0.7634%  71.7557%
  [   232500,   233000)            3    1.1450%  72.9008%
  [   234500,   235000)            1    0.3817%  73.2824%
  [   238000,   238500)            1    0.3817%  73.6641%
  [   264000,   264500)            1    0.3817%  74.0458%
  [   271000,   271500)            1    0.3817%  74.4275%
  [   274000,   274500)            1    0.3817%  74.8092%
  [   296000,   296500)            1    0.3817%  75.1908%
  [   297500,   298000)            1    0.3817%  75.5725%
  [   301500,   302000)            1    0.3817%  75.9542%
  [   311000,   311500)            1    0.3817%  76.3359%
  [   322000,   322500)            1    0.3817%  76.7176%
  [   341500,   342000)            1    0.3817%  77.0992%
  [   364000,   364500)            1    0.3817%  77.4809%
  [   369000,   369500)            1    0.3817%  77.8626%
  [   378000,   378500)            1    0.3817%  78.2443%
  [   387000,   387500)            1    0.3817%  78.6260%
  [   395000,   395500)            1    0.3817%  79.0076%
  [   405000,   405500)            1    0.3817%  79.3893%
  [   414500,   415000)            1    0.3817%  79.7710%
  [   426500,   427000)            1    0.3817%  80.1527%
  [   427000,   427500)            3    1.1450%  81.2977%
  [   427500,   428000)            1    0.3817%  81.6794%
  [   428000,   428500)            3    1.1450%  82.8244%
  [   429500,   430000)            2    0.7634%  83.5878%
  [   430000,   430500)            2    0.7634%  84.3511%
  [   430500,   431000)            1    0.3817%  84.7328%
  [   431000,   431500)            3    1.1450%  85.8779%
  [   432500,   433000)            1    0.3817%  86.2595%
  [   434000,   434500)            1    0.3817%  86.6412%
  [   435000,   435500)            1    0.3817%  87.0229%
  [   436500,   437000)            1    0.3817%  87.4046%
  [   437500,   438000)            2    0.7634%  88.1679%
  [   438000,   438500)            5    1.9084%  90.0763%
  [   438500,   439000)            1    0.3817%  90.4580%
  [   439000,   439500)            4    1.5267%  91.9847%
  [   439500,   440000)            5    1.9084%  93.8931%
  [   440000,   440500)            1    0.3817%  94.2748%
  [   440500,   441000)            3    1.1450%  95.4198%
  [   441000,   441500)            2    0.7634%  96.1832%
  [   442500,   443000)            2    0.7634%  96.9466%
  [   443000,   443500)            2    0.7634%  97.7099%
  [   443500,   444000)            1    0.3817%  98.0916%
  [   445000,   445500)            1    0.3817%  98.4733%
  [   453000,   453500)            1    0.3817%  98.8550%
  [   461000,   461500)            1    0.3817%  99.2366%
  [   476000,   476500)            1    0.3817%  99.6183%
  [   479500,   480000)            1    0.3817% 100.0000%

----- OFFLOADED TASKS [node 0] -----
  ops total                = 262
  ops direct (1-sided)     = 0 (0.00%)
  ops offload (rpc)        = 262 (100.00%)
  lookup pushdowns         = 0
  scan   pushdowns (RPC)   = 262
    kv pairs returned      = 26200
    leaves scanned remotely= 953
    kv / scan pushdown     = 100.00
    leaves / scan pushdown = 3.64
=========================================================================

[END]
