nodes 2, threads 36, mix R/I/U/S=100/0/0/0, uniform, bulk 50M warmup 10M op 30M, offload 100%, scan_range 100
[4mshared memory size: 64GB, 0x7feeda800000[0m
[4mrdma cache size: 4GB[0m
[4mMachine NR: 2[0m
[4mCompute server 1 start up [10.30.1.6]
[0m
I connect server 0
[CONFIG node 1] bulk load: bottom-up build, 8 keys per leaf, 6 children per inner node (CHIME_BULK_BUILD / CHIME_BUILD_LEAF_KEYS / CHIME_BUILD_INNER_FANOUT)
[CONFIG node 1] clients on this node: yes (CHIME_MN_CLIENTS)
[CONFIG node 1] leaf cache by key=0 owner=0 admit_push=0.00 granule=16 (CHIME_LEAF_BY_KEY / CHIME_LEAF_OWNER / CHIME_LEAF_ADMIT_PUSH / CHIME_LEAF_KEY_GRANULE)
[CONFIG node 1] scan path: from_cache=1 offload_always=0 (CHIME_SCAN_FROM_CACHE / CHIME_SCAN_OFFLOAD_ALWAYS)
[CONFIG node 1] push ops: both (CHIME_PUSH_OPS; applies only with offloading on)
[CACHE node 1] total=256 MB index=256 MB leaf=0 MB
[CONFIG node 1] dir threads = 8 (CHIME_DIR_THREADS, max 16) -- MUST match the other node
[CORES node 1] linear pinning: app threads -> CPUs 0..35, main -> 79, dir threads -> 79 (REV_DIR_CPUS)
[CONFIG] hotspot buffer + speculative read: on (CHIME_HOTSPOT; stock CHIME: on above 50 MB)
workload generated: keyspace=50001000 bulk=50000000 warmup=9999972 op=29999988
[4mKey space set: keySpaceSize=50000000[0m
I am 36
I am 40
I am 64
I am 39
I am 42
I am 41
I am 37
I am 48
I am 44
I am 53
I am 52
I am 38
I am 50
I am 45
I am 47
I am 54
I am 49
I am 57
I am 55
I am 56
I am 46
I am 62
I am 63
I am 67
I am 69
I am 70
I am 68
I am 58
I am 65
I am 66
I am 71
I am 59
I am 60
I am 43
I am 61
I am 51
[build] leaves: 10% (625001/6250000)
[build] leaves: 20% (1250002/6250000)
[build] leaves: 30% (1875003/6250000)
[build] leaves: 40% (2500004/6250000)
[build] leaves: 50% (3125005/6250000)
[build] leaves: 60% (3750006/6250000)
[build] leaves: 70% (4375007/6250000)
[build] leaves: 80% (5000008/6250000)
[build] leaves: 90% (5625009/6250000)
[build] inner level 1: 1041667 nodes
[build] inner level 2: 173611 nodes
[build] inner level 3: 28935 nodes
[build] inner level 4: 4823 nodes
[build] inner level 5: 804 nodes
[build] inner level 6: 134 nodes
[build] inner level 7: 23 nodes
[build] inner level 8: 4 nodes
[build] inner level 9: 1 nodes
[build] done in 18.9s: height=10 leaves=6250000 inner_nodes=1250002 (8 keys per leaf, 6 children per inner node)
[TREE] height=10 leaves=6250000 inner_nodes=1250002 keys_per_leaf=8.00 inner_MB=399.4 leaf_MB=2104.0 total_MB=2503.4 (internal span 16, leaf span 16, node bytes inner=335 leaf=353)
node 1 warmup done in 25s
[INDEX] --- post-bulk-load cache occupancy (cache = 256 MB) ---
 ----- [TreeCache]:  cache size=226 MB free_size=63.886 MB skiplist_node_cnt=1249922 ----- 
consumed cache size = 162.114 MB
 ----- [IdxCache]:  cache size=30 MB free_size=0.000 MB ---- 
consumed hotspot buffer size = 30.000000 MB

[LEAFCACHE] off
1, throughput 2.6548 Mops
1, throughput 2.6625 Mops
1, throughput 2.6543 Mops
1, throughput 2.6594 Mops
1, throughput 2.6399 Mops
1, throughput 2.6161 Mops
1, throughput 2.6569 Mops
1, throughput 2.6564 Mops
1, throughput 2.6557 Mops
1, throughput 2.6583 Mops
1, throughput 2.6521 Mops
1, throughput 2.6583 Mops
1, throughput 2.6520 Mops
1, throughput 2.6466 Mops
1, throughput 2.6461 Mops
1, throughput 2.6531 Mops
1, throughput 2.6557 Mops
1, throughput 2.6550 Mops
1, throughput 2.6527 Mops
1, throughput 2.6507 Mops
1, throughput 2.6540 Mops
1, throughput 2.4563 Mops
1, throughput 1.4877 Mops
1, throughput 0.3539 Mops
[RESULT node 1] ops=29999988 elapsed=11.729s throughput=2.5578 Mops mode=op-bounded
[RDMA node 1] ops=29999988 posts=30001842 read_wr=42597329 read_bytes=4764940316 write_wr=0 write_bytes=0 atomic_wr=0 send_wr=2297 send_bytes=94177
[RDMA node 1] per_op: round_trips=1.0001 reads=1.4199 writes=0.0000 atomics=0.0000 sends=0.0001 verbs=1.4200 bytes=158.8

==================== LATENCY BUCKETS (500 ns) [node 1] ====================
[LOOKUP]
  ALL                n=29999988   mean=   13.46us  p50=  12.50us  p90=  17.50us  p99=  35.00us  p99.9= 103.00us  max>=357.50us
  DIRECT (1-sided)   n=29997691   mean=   13.46us  p50=  12.50us  p90=  17.50us  p99=  35.00us  p99.9= 103.00us  max>=357.50us
  OFFLOAD (rpc)      n=2297       mean=   15.18us  p50=  15.50us  p90=  18.00us  p99=  26.00us  p99.9=  31.50us  max>= 60.50us
[ALL OPS]
  ALL                n=29999988   mean=   13.46us  p50=  12.50us  p90=  17.50us  p99=  35.00us  p99.9= 103.00us  max>=357.50us
  DIRECT (1-sided)   n=29997691   mean=   13.46us  p50=  12.50us  p90=  17.50us  p99=  35.00us  p99.9= 103.00us  max>=357.50us
  OFFLOAD (rpc)      n=2297       mean=   15.18us  p50=  15.50us  p90=  18.00us  p99=  26.00us  p99.9=  31.50us  max>= 60.50us

----- 500 ns bucket CDF (all ops) [node 1] -----
  bucket [lo,hi) ns             count        pct       cdf
  [     2000,     2500)            1    0.0000%   0.0000%
  [     3000,     3500)            1    0.0000%   0.0000%
  [     3500,     4000)            1    0.0000%   0.0000%
  [     4000,     4500)            1    0.0000%   0.0000%
  [     4500,     5000)            1    0.0000%   0.0000%
  [     5000,     5500)            2    0.0000%   0.0000%
  [     5500,     6000)           49    0.0002%   0.0002%
  [     6000,     6500)          414    0.0014%   0.0016%
  [     6500,     7000)         3607    0.0120%   0.0136%
  [     7000,     7500)        20889    0.0696%   0.0832%
  [     7500,     8000)        84892    0.2830%   0.3662%
  [     8000,     8500)       251210    0.8374%   1.2036%
  [     8500,     9000)       577606    1.9254%   3.1289%
  [     9000,     9500)      1060168    3.5339%   6.6628%
  [     9500,    10000)      1623226    5.4108%  12.0736%
  [    10000,    10500)      2140150    7.1338%  19.2074%
  [    10500,    11000)      2536255    8.4542%  27.6616%
  [    11000,    11500)      2770243    9.2341%  36.8957%
  [    11500,    12000)      2819260    9.3975%  46.2933%
  [    12000,    12500)      2695184    8.9840%  55.2772%
  [    12500,    13000)      2408398    8.0280%  63.3052%
  [    13000,    13500)      2030032    6.7668%  70.0720%
  [    13500,    14000)      1625622    5.4187%  75.4907%
  [    14000,    14500)      1242931    4.1431%  79.6338%
  [    14500,    15000)       931683    3.1056%  82.7395%
  [    15000,    15500)       695404    2.3180%  85.0575%
  [    15500,    16000)       527695    1.7590%  86.8165%
  [    16000,    16500)       417449    1.3915%  88.2079%
  [    16500,    17000)       343485    1.1450%  89.3529%
  [    17000,    17500)       294954    0.9832%  90.3361%
  [    17500,    18000)       260049    0.8668%  91.2029%
  [    18000,    18500)       231193    0.7706%  91.9736%
  [    18500,    19000)       210095    0.7003%  92.6739%
  [    19000,    19500)       190274    0.6342%  93.3081%
  [    19500,    20000)       173513    0.5784%  93.8865%
  [    20000,    20500)       159566    0.5319%  94.4184%
  [    20500,    21000)       144224    0.4807%  94.8991%
  [    21000,    21500)       131841    0.4395%  95.3386%
  [    21500,    22000)       119997    0.4000%  95.7386%
  [    22000,    22500)       108819    0.3627%  96.1013%
  [    22500,    23000)        98296    0.3277%  96.4290%
  [    23000,    23500)        87574    0.2919%  96.7209%
  [    23500,    24000)        79777    0.2659%  96.9868%
  [    24000,    24500)        70872    0.2362%  97.2230%
  [    24500,    25000)        62765    0.2092%  97.4323%
  [    25000,    25500)        56631    0.1888%  97.6210%
  [    25500,    26000)        50700    0.1690%  97.7900%
  [    26000,    26500)        44824    0.1494%  97.9394%
  [    26500,    27000)        40058    0.1335%  98.0730%
  [    27000,    27500)        35789    0.1193%  98.1923%
  [    27500,    28000)        31868    0.1062%  98.2985%
  [    28000,    28500)        28576    0.0953%  98.3938%
  [    28500,    29000)        25233    0.0841%  98.4779%
  [    29000,    29500)        22396    0.0747%  98.5525%
  [    29500,    30000)        19803    0.0660%  98.6185%
  [    30000,    30500)        17922    0.0597%  98.6783%
  [    30500,    31000)        15962    0.0532%  98.7315%
  [    31000,    31500)        14163    0.0472%  98.7787%
  [    31500,    32000)        12896    0.0430%  98.8217%
  [    32000,    32500)        11471    0.0382%  98.8599%
  [    32500,    33000)        10345    0.0345%  98.8944%
  [    33000,    33500)         9558    0.0319%  98.9262%
  [    33500,    34000)         8584    0.0286%  98.9549%
  [    34000,    34500)         7861    0.0262%  98.9811%
  [    34500,    35000)         7303    0.0243%  99.0054%
  [    35000,    35500)         6745    0.0225%  99.0279%
  [    35500,    36000)         6094    0.0203%  99.0482%
  [    36000,    36500)         5815    0.0194%  99.0676%
  [    36500,    37000)         5530    0.0184%  99.0860%
  [    37000,    37500)         5333    0.0178%  99.1038%
  [    37500,    38000)         4938    0.0165%  99.1203%
  [    38000,    38500)         4756    0.0159%  99.1361%
  [    38500,    39000)         4508    0.0150%  99.1511%
  [    39000,    39500)         4434    0.0148%  99.1659%
  [    39500,    40000)         4103    0.0137%  99.1796%
  [    40000,    40500)         3988    0.0133%  99.1929%
  [    40500,    41000)         4038    0.0135%  99.2063%
  [    41000,    41500)         3855    0.0129%  99.2192%
  [    41500,    42000)         3754    0.0125%  99.2317%
  [    42000,    42500)         3737    0.0125%  99.2442%
  [    42500,    43000)         3587    0.0120%  99.2561%
  [    43000,    43500)         3674    0.0122%  99.2684%
  [    43500,    44000)         3509    0.0117%  99.2801%
  [    44000,    44500)         3385    0.0113%  99.2914%
  [    44500,    45000)         3401    0.0113%  99.3027%
  [    45000,    45500)         3299    0.0110%  99.3137%
  [    45500,    46000)         3208    0.0107%  99.3244%
  [    46000,    46500)         3174    0.0106%  99.3350%
  [    46500,    47000)         3119    0.0104%  99.3454%
  [    47000,    47500)         2981    0.0099%  99.3553%
  [    47500,    48000)         2908    0.0097%  99.3650%
  [    48000,    48500)         2821    0.0094%  99.3744%
  [    48500,    49000)         2884    0.0096%  99.3840%
  [    49000,    49500)         2892    0.0096%  99.3936%
  [    49500,    50000)         2744    0.0091%  99.4028%
  [    50000,    50500)         2804    0.0093%  99.4121%
  [    50500,    51000)         2720    0.0091%  99.4212%
  [    51000,    51500)         2757    0.0092%  99.4304%
  [    51500,    52000)         2642    0.0088%  99.4392%
  [    52000,    52500)         2647    0.0088%  99.4480%
  [    52500,    53000)         2568    0.0086%  99.4566%
  [    53000,    53500)         2503    0.0083%  99.4649%
  [    53500,    54000)         2411    0.0080%  99.4730%
  [    54000,    54500)         2398    0.0080%  99.4810%
  [    54500,    55000)         2400    0.0080%  99.4890%
  [    55000,    55500)         2383    0.0079%  99.4969%
  [    55500,    56000)         2422    0.0081%  99.5050%
  [    56000,    56500)         2320    0.0077%  99.5127%
  [    56500,    57000)         2369    0.0079%  99.5206%
  [    57000,    57500)         2225    0.0074%  99.5280%
  [    57500,    58000)         2213    0.0074%  99.5354%
  [    58000,    58500)         2203    0.0073%  99.5427%
  [    58500,    59000)         2242    0.0075%  99.5502%
  [    59000,    59500)         2166    0.0072%  99.5574%
  [    59500,    60000)         2075    0.0069%  99.5643%
  [    60000,    60500)         2072    0.0069%  99.5713%
  [    60500,    61000)         1991    0.0066%  99.5779%
  [    61000,    61500)         2022    0.0067%  99.5846%
  [    61500,    62000)         2009    0.0067%  99.5913%
  [    62000,    62500)         1933    0.0064%  99.5978%
  [    62500,    63000)         2001    0.0067%  99.6044%
  [    63000,    63500)         1959    0.0065%  99.6110%
  [    63500,    64000)         1869    0.0062%  99.6172%
  [    64000,    64500)         1903    0.0063%  99.6235%
  [    64500,    65000)         1803    0.0060%  99.6296%
  [    65000,    65500)         1747    0.0058%  99.6354%
  [    65500,    66000)         1760    0.0059%  99.6412%
  [    66000,    66500)         1723    0.0057%  99.6470%
  [    66500,    67000)         1721    0.0057%  99.6527%
  [    67000,    67500)         1682    0.0056%  99.6583%
  [    67500,    68000)         1659    0.0055%  99.6639%
  [    68000,    68500)         1684    0.0056%  99.6695%
  [    68500,    69000)         1628    0.0054%  99.6749%
  [    69000,    69500)         1585    0.0053%  99.6802%
  [    69500,    70000)         1509    0.0050%  99.6852%
  [    70000,    70500)         1492    0.0050%  99.6902%
  [    70500,    71000)         1494    0.0050%  99.6952%
  [    71000,    71500)         1534    0.0051%  99.7003%
  [    71500,    72000)         1495    0.0050%  99.7053%
  [    72000,    72500)         1492    0.0050%  99.7102%
  [    72500,    73000)         1446    0.0048%  99.7151%
  [    73000,    73500)         1390    0.0046%  99.7197%
  [    73500,    74000)         1448    0.0048%  99.7245%
  [    74000,    74500)         1317    0.0044%  99.7289%
  [    74500,    75000)         1358    0.0045%  99.7334%
  [    75000,    75500)         1293    0.0043%  99.7377%
  [    75500,    76000)         1295    0.0043%  99.7421%
  [    76000,    76500)         1360    0.0045%  99.7466%
  [    76500,    77000)         1220    0.0041%  99.7507%
  [    77000,    77500)         1247    0.0042%  99.7548%
  [    77500,    78000)         1209    0.0040%  99.7588%
  [    78000,    78500)         1234    0.0041%  99.7630%
  [    78500,    79000)         1194    0.0040%  99.7669%
  [    79000,    79500)         1110    0.0037%  99.7706%
  [    79500,    80000)         1128    0.0038%  99.7744%
  [    80000,    80500)         1126    0.0038%  99.7782%
  [    80500,    81000)         1158    0.0039%  99.7820%
  [    81000,    81500)         1118    0.0037%  99.7857%
  [    81500,    82000)         1094    0.0036%  99.7894%
  [    82000,    82500)         1036    0.0035%  99.7928%
  [    82500,    83000)         1011    0.0034%  99.7962%
  [    83000,    83500)         1074    0.0036%  99.7998%
  [    83500,    84000)         1011    0.0034%  99.8032%
  [    84000,    84500)          948    0.0032%  99.8063%
  [    84500,    85000)          979    0.0033%  99.8096%
  [    85000,    85500)          982    0.0033%  99.8129%
  [    85500,    86000)          966    0.0032%  99.8161%
  [    86000,    86500)          912    0.0030%  99.8191%
  [    86500,    87000)          909    0.0030%  99.8221%
  [    87000,    87500)          918    0.0031%  99.8252%
  [    87500,    88000)          990    0.0033%  99.8285%
  [    88000,    88500)          930    0.0031%  99.8316%
  [    88500,    89000)          865    0.0029%  99.8345%
  [    89000,    89500)          856    0.0029%  99.8373%
  [    89500,    90000)          841    0.0028%  99.8401%
  [    90000,    90500)          834    0.0028%  99.8429%
  [    90500,    91000)          821    0.0027%  99.8457%
  [    91000,    91500)          822    0.0027%  99.8484%
  [    91500,    92000)          803    0.0027%  99.8511%
  [    92000,    92500)          786    0.0026%  99.8537%
  [    92500,    93000)          776    0.0026%  99.8563%
  [    93000,    93500)          782    0.0026%  99.8589%
  [    93500,    94000)          738    0.0025%  99.8614%
  [    94000,    94500)          736    0.0025%  99.8638%
  [    94500,    95000)          714    0.0024%  99.8662%
  [    95000,    95500)          728    0.0024%  99.8686%
  [    95500,    96000)          687    0.0023%  99.8709%
  [    96000,    96500)          743    0.0025%  99.8734%
  [    96500,    97000)          661    0.0022%  99.8756%
  [    97000,    97500)          684    0.0023%  99.8779%
  [    97500,    98000)          687    0.0023%  99.8802%
  [    98000,    98500)          646    0.0022%  99.8823%
  [    98500,    99000)          639    0.0021%  99.8844%
  [    99000,    99500)          634    0.0021%  99.8866%
  [    99500,   100000)          631    0.0021%  99.8887%
  [   100000,   100500)          638    0.0021%  99.8908%
  [   100500,   101000)          663    0.0022%  99.8930%
  [   101000,   101500)          615    0.0021%  99.8950%
  [   101500,   102000)          592    0.0020%  99.8970%
  [   102000,   102500)          619    0.0021%  99.8991%
  [   102500,   103000)          585    0.0020%  99.9010%
  [   103000,   103500)          599    0.0020%  99.9030%
  [   103500,   104000)          571    0.0019%  99.9049%
  [   104000,   104500)          548    0.0018%  99.9068%
  [   104500,   105000)          556    0.0019%  99.9086%
  [   105000,   105500)          558    0.0019%  99.9105%
  [   105500,   106000)          514    0.0017%  99.9122%
  [   106000,   106500)          497    0.0017%  99.9138%
  [   106500,   107000)          477    0.0016%  99.9154%
  [   107000,   107500)          525    0.0018%  99.9172%
  [   107500,   108000)          514    0.0017%  99.9189%
  [   108000,   108500)          497    0.0017%  99.9205%
  [   108500,   109000)          461    0.0015%  99.9221%
  [   109000,   109500)          468    0.0016%  99.9236%
  [   109500,   110000)          475    0.0016%  99.9252%
  [   110000,   110500)          435    0.0015%  99.9267%
  [   110500,   111000)          476    0.0016%  99.9283%
  [   111000,   111500)          481    0.0016%  99.9299%
  [   111500,   112000)          414    0.0014%  99.9312%
  [   112000,   112500)          437    0.0015%  99.9327%
  [   112500,   113000)          410    0.0014%  99.9341%
  [   113000,   113500)          442    0.0015%  99.9355%
  [   113500,   114000)          384    0.0013%  99.9368%
  [   114000,   114500)          422    0.0014%  99.9382%
  [   114500,   115000)          443    0.0015%  99.9397%
  [   115000,   115500)          342    0.0011%  99.9408%
  [   115500,   116000)          373    0.0012%  99.9421%
  [   116000,   116500)          372    0.0012%  99.9433%
  [   116500,   117000)          376    0.0013%  99.9446%
  [   117000,   117500)          335    0.0011%  99.9457%
  [   117500,   118000)          353    0.0012%  99.9469%
  [   118000,   118500)          361    0.0012%  99.9481%
  [   118500,   119000)          337    0.0011%  99.9492%
  [   119000,   119500)          352    0.0012%  99.9504%
  [   119500,   120000)          361    0.0012%  99.9516%
  [   120000,   120500)          332    0.0011%  99.9527%
  [   120500,   121000)          315    0.0011%  99.9537%
  [   121000,   121500)          327    0.0011%  99.9548%
  [   121500,   122000)          294    0.0010%  99.9558%
  [   122000,   122500)          298    0.0010%  99.9568%
  [   122500,   123000)          311    0.0010%  99.9578%
  [   123000,   123500)          290    0.0010%  99.9588%
  [   123500,   124000)          286    0.0010%  99.9598%
  [   124000,   124500)          265    0.0009%  99.9606%
  [   124500,   125000)          301    0.0010%  99.9616%
  [   125000,   125500)          254    0.0008%  99.9625%
  [   125500,   126000)          257    0.0009%  99.9633%
  [   126000,   126500)          261    0.0009%  99.9642%
  [   126500,   127000)          258    0.0009%  99.9651%
  [   127000,   127500)          256    0.0009%  99.9659%
  [   127500,   128000)          258    0.0009%  99.9668%
  [   128000,   128500)          233    0.0008%  99.9676%
  [   128500,   129000)          217    0.0007%  99.9683%
  [   129000,   129500)          215    0.0007%  99.9690%
  [   129500,   130000)          230    0.0008%  99.9698%
  [   130000,   130500)          213    0.0007%  99.9705%
  [   130500,   131000)          207    0.0007%  99.9712%
  [   131000,   131500)          240    0.0008%  99.9720%
  [   131500,   132000)          199    0.0007%  99.9726%
  [   132000,   132500)          195    0.0007%  99.9733%
  [   132500,   133000)          220    0.0007%  99.9740%
  [   133000,   133500)          200    0.0007%  99.9747%
  [   133500,   134000)          211    0.0007%  99.9754%
  [   134000,   134500)          202    0.0007%  99.9761%
  [   134500,   135000)          178    0.0006%  99.9767%
  [   135000,   135500)          160    0.0005%  99.9772%
  [   135500,   136000)          205    0.0007%  99.9779%
  [   136000,   136500)          170    0.0006%  99.9784%
  [   136500,   137000)          158    0.0005%  99.9790%
  [   137000,   137500)          173    0.0006%  99.9795%
  [   137500,   138000)          156    0.0005%  99.9801%
  [   138000,   138500)          146    0.0005%  99.9806%
  [   138500,   139000)          128    0.0004%  99.9810%
  [   139000,   139500)          149    0.0005%  99.9815%
  [   139500,   140000)          130    0.0004%  99.9819%
  [   140000,   140500)          136    0.0005%  99.9824%
  [   140500,   141000)          132    0.0004%  99.9828%
  [   141000,   141500)          118    0.0004%  99.9832%
  [   141500,   142000)          137    0.0005%  99.9837%
  [   142000,   142500)          124    0.0004%  99.9841%
  [   142500,   143000)          127    0.0004%  99.9845%
  [   143000,   143500)          122    0.0004%  99.9849%
  [   143500,   144000)          152    0.0005%  99.9854%
  [   144000,   144500)          116    0.0004%  99.9858%
  [   144500,   145000)          122    0.0004%  99.9862%
  [   145000,   145500)          112    0.0004%  99.9866%
  [   145500,   146000)          124    0.0004%  99.9870%
  [   146000,   146500)          126    0.0004%  99.9874%
  [   146500,   147000)          111    0.0004%  99.9878%
  [   147000,   147500)          111    0.0004%  99.9881%
  [   147500,   148000)          111    0.0004%  99.9885%
  [   148000,   148500)           83    0.0003%  99.9888%
  [   148500,   149000)          127    0.0004%  99.9892%
  [   149000,   149500)          110    0.0004%  99.9896%
  [   149500,   150000)          101    0.0003%  99.9899%
  [   150000,   150500)           88    0.0003%  99.9902%
  [   150500,   151000)           95    0.0003%  99.9905%
  [   151000,   151500)           83    0.0003%  99.9908%
  [   151500,   152000)           86    0.0003%  99.9911%
  [   152000,   152500)           81    0.0003%  99.9914%
  [   152500,   153000)           92    0.0003%  99.9917%
  [   153000,   153500)           79    0.0003%  99.9919%
  [   153500,   154000)           73    0.0002%  99.9922%
  [   154000,   154500)           80    0.0003%  99.9924%
  [   154500,   155000)           66    0.0002%  99.9927%
  [   155000,   155500)           91    0.0003%  99.9930%
  [   155500,   156000)           86    0.0003%  99.9932%
  [   156000,   156500)           79    0.0003%  99.9935%
  [   156500,   157000)           77    0.0003%  99.9938%
  [   157000,   157500)           78    0.0003%  99.9940%
  [   157500,   158000)           58    0.0002%  99.9942%
  [   158000,   158500)           64    0.0002%  99.9944%
  [   158500,   159000)           83    0.0003%  99.9947%
  [   159000,   159500)           65    0.0002%  99.9949%
  [   159500,   160000)           63    0.0002%  99.9951%
  [   160000,   160500)           36    0.0001%  99.9953%
  [   160500,   161000)           56    0.0002%  99.9954%
  [   161000,   161500)           55    0.0002%  99.9956%
  [   161500,   162000)           47    0.0002%  99.9958%
  [   162000,   162500)           44    0.0001%  99.9959%
  [   162500,   163000)           39    0.0001%  99.9961%
  [   163000,   163500)           44    0.0001%  99.9962%
  [   163500,   164000)           40    0.0001%  99.9963%
  [   164000,   164500)           38    0.0001%  99.9965%
  [   164500,   165000)           49    0.0002%  99.9966%
  [   165000,   165500)           36    0.0001%  99.9968%
  [   165500,   166000)           42    0.0001%  99.9969%
  [   166000,   166500)           42    0.0001%  99.9970%
  [   166500,   167000)           37    0.0001%  99.9972%
  [   167000,   167500)           39    0.0001%  99.9973%
  [   167500,   168000)           30    0.0001%  99.9974%
  [   168000,   168500)           39    0.0001%  99.9975%
  [   168500,   169000)           30    0.0001%  99.9976%
  [   169000,   169500)           28    0.0001%  99.9977%
  [   169500,   170000)           29    0.0001%  99.9978%
  [   170000,   170500)           35    0.0001%  99.9979%
  [   170500,   171000)           23    0.0001%  99.9980%
  [   171000,   171500)           24    0.0001%  99.9981%
  [   171500,   172000)           36    0.0001%  99.9982%
  [   172000,   172500)           28    0.0001%  99.9983%
  [   172500,   173000)           22    0.0001%  99.9984%
  [   173000,   173500)           35    0.0001%  99.9985%
  [   173500,   174000)           12    0.0000%  99.9985%
  [   174000,   174500)           14    0.0000%  99.9986%
  [   174500,   175000)           29    0.0001%  99.9987%
  [   175000,   175500)           27    0.0001%  99.9988%
  [   175500,   176000)           23    0.0001%  99.9988%
  [   176000,   176500)           19    0.0001%  99.9989%
  [   176500,   177000)           24    0.0001%  99.9990%
  [   177000,   177500)           14    0.0000%  99.9990%
  [   177500,   178000)           17    0.0001%  99.9991%
  [   178000,   178500)           17    0.0001%  99.9991%
  [   178500,   179000)           13    0.0000%  99.9992%
  [   179000,   179500)           16    0.0001%  99.9992%
  [   179500,   180000)           16    0.0001%  99.9993%
  [   180000,   180500)           14    0.0000%  99.9993%
  [   180500,   181000)           12    0.0000%  99.9994%
  [   181000,   181500)           11    0.0000%  99.9994%
  [   181500,   182000)            9    0.0000%  99.9994%
  [   182000,   182500)           12    0.0000%  99.9995%
  [   182500,   183000)            3    0.0000%  99.9995%
  [   183000,   183500)            7    0.0000%  99.9995%
  [   183500,   184000)           13    0.0000%  99.9996%
  [   184000,   184500)           13    0.0000%  99.9996%
  [   184500,   185000)            8    0.0000%  99.9996%
  [   185000,   185500)            9    0.0000%  99.9997%
  [   185500,   186000)            6    0.0000%  99.9997%
  [   186000,   186500)            5    0.0000%  99.9997%
  [   186500,   187000)            8    0.0000%  99.9997%
  [   187000,   187500)            7    0.0000%  99.9997%
  [   187500,   188000)            4    0.0000%  99.9998%
  [   188000,   188500)            4    0.0000%  99.9998%
  [   188500,   189000)            5    0.0000%  99.9998%
  [   189000,   189500)            6    0.0000%  99.9998%
  [   189500,   190000)            4    0.0000%  99.9998%
  [   190000,   190500)            8    0.0000%  99.9998%
  [   190500,   191000)            2    0.0000%  99.9999%
  [   191000,   191500)            2    0.0000%  99.9999%
  [   191500,   192000)            1    0.0000%  99.9999%
  [   192000,   192500)            6    0.0000%  99.9999%
  [   192500,   193000)            4    0.0000%  99.9999%
  [   193000,   193500)            5    0.0000%  99.9999%
  [   193500,   194000)            1    0.0000%  99.9999%
  [   194000,   194500)            5    0.0000%  99.9999%
  [   194500,   195000)            2    0.0000%  99.9999%
  [   195000,   195500)            2    0.0000%  99.9999%
  [   196000,   196500)            2    0.0000% 100.0000%
  [   196500,   197000)            3    0.0000% 100.0000%
  [   197000,   197500)            1    0.0000% 100.0000%
  [   197500,   198000)            1    0.0000% 100.0000%
  [   199000,   199500)            1    0.0000% 100.0000%
  [   199500,   200000)            1    0.0000% 100.0000%
  [   200000,   200500)            1    0.0000% 100.0000%
  [   200500,   201000)            1    0.0000% 100.0000%
  [   202000,   202500)            1    0.0000% 100.0000%
  [   202500,   203000)            1    0.0000% 100.0000%
  [   203000,   203500)            1    0.0000% 100.0000%
  [   203500,   204000)            1    0.0000% 100.0000%
  [   357000,   357500)            1    0.0000% 100.0000%

----- OFFLOADED TASKS [node 1] -----
  ops total                = 29999988
  ops direct (1-sided)     = 29997691 (99.99%)
  ops offload (rpc)        = 2297 (0.01%)
  lookup pushdowns         = 2297
  scan   pushdowns (RPC)   = 0
    kv pairs returned      = 0
    leaves scanned remotely= 0
    kv / scan pushdown     = 0.00
    leaves / scan pushdown = 0.00
=========================================================================

[CORRECTNESS node 1] lookup found 29999343 / 29999988 = 99.9978%
[READPATH node 1] lookups=29999988  index-cache hit=100.0%  per lookup: leaf=1.000 speculative=0.039 (right 100.0%) hop-reads=0.961 (two-segment 0.420) retries=0.000 invalid=0.000 sibling=0.000  => est. leaf round trips/lookup=1.000
[LEAFCACHE] off

----- PER-LEVEL CACHE HITS [node 1] (lookups; level 0 = leaf) -----
[LEVEL] level=0 hits=0 misses=29999968 hit_rate=0.0000
[LEVEL] level=1 hits=29997671 misses=2297 hit_rate=0.9999
[LEVEL] level=2 hits=29998094 misses=1874 hit_rate=0.9999
[LEVEL] level=3 hits=29998094 misses=1874 hit_rate=0.9999
[LEVEL] level=4 hits=29998094 misses=1874 hit_rate=0.9999
[LEVEL] level=5 hits=29998094 misses=1874 hit_rate=0.9999
[LEVEL] level=6 hits=29998094 misses=1874 hit_rate=0.9999
[LEVEL] level=7 hits=29998094 misses=1874 hit_rate=0.9999
[LEVEL] level=8 hits=29998094 misses=1874 hit_rate=0.9999
[LEVEL] level=9 hits=29998094 misses=1874 hit_rate=0.9999
[KIND node 1] lookups=29999968 inner_visits=269999712 inner_hits=269982423 inner_hit_pct=99.99 leaf_visits=29999968 leaf_hits=0 leaf_hit_pct=0.00
[END]
