nodes 2, threads 36, mix R/I/U/S=0/0/0/100, uniform, bulk 50M warmup 10M op 30M, offload 100%, scan_range 100
[4mshared memory size: 64GB, 0x7fc698800000[0m
[4mrdma cache size: 4GB[0m
[4mMachine NR: 2[0m
[4mCompute server 0 start up [10.30.1.8]
[0m
I connect server 1
[4mMemory server 0 start up (2/16 dir threads active)[0m
[4mdir 1 launch! (core 78 of 80)
[0m
[4mdir 0 launch! (core 79 of 80)
[0m
[CONFIG node 0] bulk load: bottom-up build, 8 keys per leaf, 6 children per inner node (CHIME_BULK_BUILD / CHIME_BUILD_LEAF_KEYS / CHIME_BUILD_INNER_FANOUT)
[CONFIG node 0] clients on this node: no (CHIME_MN_CLIENTS)
[CONFIG node 0] leaf cache by key=0 owner=0 admit_push=0.00 granule=16 (CHIME_LEAF_BY_KEY / CHIME_LEAF_OWNER / CHIME_LEAF_ADMIT_PUSH / CHIME_LEAF_KEY_GRANULE)
[CONFIG node 0] scan path: from_cache=1 offload_always=1 (CHIME_SCAN_FROM_CACHE / CHIME_SCAN_OFFLOAD_ALWAYS)
[CONFIG node 0] push ops: both (CHIME_PUSH_OPS; applies only with offloading on)
[CACHE node 0] total=32 MB index=32 MB leaf=0 MB
index cache = 32 MB (CHIME_CACHE_MB)
[CONFIG] leaf cache = OFF  (CHIME_CACHE_LEAF / CHIME_LEAF_CACHE_PCT)
[CONFIG node 0] dir threads = 2 (CHIME_DIR_THREADS, max 16) -- MUST match the other node
[CORES node 0] linear pinning: app threads -> CPUs 0..35, main -> 0, dir threads -> 79,78,77,76,75,74,73,72,71,70,69,68,67,66,65,64,63,62,61,60,59,58,57,56,55,54,53,52,51,50,49,48,47,46,45,44,43,42,41,40,39,38,37,36,35,34,33,32,31,30,29,28,27,26,25,24,23,22,21,20,19,18,17,16,15,14,13,12,11,10,9,8,7,6,5,4,3,2,1,0 (REV_DIR_CPUS)
[GEOMETRY] leaf    : span=16 val=8B trans=329B alloc=353B
[GEOMETRY] internal: span=16        trans=319B alloc=335B
[GEOMETRY] internal/leaf = 0.97x  (OK: internal < leaf)
[GEOMETRY] tree ~= 3.12M leaves * 329B = 0.96 GB
[GEOMETRY] index ~= 63.4 MB (leaves 100% full; TRUE value is HIGHER --
[GEOMETRY]          read '[TreeCache] consumed cache size' below)
[CONFIG] hotspot buffer + speculative read: off (CHIME_HOTSPOT; stock CHIME: on above 50 MB)
[CONFIG] offload rate = 100%, min cache-boundary level = 2 (offload cache MISSES only)
[CONFIG] warmup offload rate = 0% (CHIME_WARMUP_OFFLOAD); measured phase uses 100%

----- REMOTE CPU LOAD (memory node dir-threads, 2s window) -----
  dir 0: active=  0.00%  msgs=0           0 ns/msg
  dir 1: active=  0.00%  msgs=1           4903 ns/msg
  AGGREGATE active = 0.00% (of 2 dir-threads; 0.00% per-thread avg)  msgs=1

----- REMOTE CPU LOAD (memory node dir-threads, 2s window) -----
  dir 0: active=  0.00%  msgs=0           0 ns/msg
  dir 1: active=  0.00%  msgs=0           0 ns/msg
  AGGREGATE active = 0.00% (of 2 dir-threads; 0.00% per-thread avg)  msgs=0

----- REMOTE CPU LOAD (memory node dir-threads, 2s window) -----
  dir 0: active=  0.00%  msgs=0           0 ns/msg
  dir 1: active=  0.00%  msgs=0           0 ns/msg
  AGGREGATE active = 0.00% (of 2 dir-threads; 0.00% per-thread avg)  msgs=0
workload generated: keyspace=50001000 bulk=50000000 warmup=9999972 op=29999988
[4mKey space set: keySpaceSize=50000000[0m
I am 0
I am 1
I am 4
I am 3
I am 2
I am 5
I am 13
I am 19
I am 29
I am 21
I am 17
I am 23
I am 15
I am 9
I am 25
I am 7
I am 28
I am 30
I am 31
I am 10
I am 14
I am 8
I am 16
I am 22
I am 24
I am 18
I am 20
I am 11
I am 6
I am 34
I am 32
I am 35
I am 33
I am 26
I am 27
I am 12

----- REMOTE CPU LOAD (memory node dir-threads, 2s window) -----
  dir 0: active=  0.00%  msgs=0           0 ns/msg
  dir 1: active=  0.00%  msgs=0           0 ns/msg
  AGGREGATE active = 0.00% (of 2 dir-threads; 0.00% per-thread avg)  msgs=0

----- REMOTE CPU LOAD (memory node dir-threads, 2s window) -----
  dir 0: active=  0.00%  msgs=72          293 ns/msg
  dir 1: active=  0.00%  msgs=72          240 ns/msg
  AGGREGATE active = 0.00% (of 2 dir-threads; 0.00% per-thread avg)  msgs=144

----- REMOTE CPU LOAD (memory node dir-threads, 2s window) -----
  dir 0: active=  0.00%  msgs=0           0 ns/msg
  dir 1: active=  0.00%  msgs=0           0 ns/msg
  AGGREGATE active = 0.00% (of 2 dir-threads; 0.00% per-thread avg)  msgs=0

----- REMOTE CPU LOAD (memory node dir-threads, 2s window) -----
  dir 0: active=  0.00%  msgs=0           0 ns/msg
  dir 1: active=  0.00%  msgs=0           0 ns/msg
  AGGREGATE active = 0.00% (of 2 dir-threads; 0.00% per-thread avg)  msgs=0

----- REMOTE CPU LOAD (memory node dir-threads, 2s window) -----
  dir 0: active=  0.00%  msgs=0           0 ns/msg
  dir 1: active=  0.00%  msgs=0           0 ns/msg
  AGGREGATE active = 0.00% (of 2 dir-threads; 0.00% per-thread avg)  msgs=0

----- REMOTE CPU LOAD (memory node dir-threads, 2s window) -----
  dir 0: active=  0.00%  msgs=0           0 ns/msg
  dir 1: active=  0.00%  msgs=0           0 ns/msg
  AGGREGATE active = 0.00% (of 2 dir-threads; 0.00% per-thread avg)  msgs=0

----- REMOTE CPU LOAD (memory node dir-threads, 2s window) -----
  dir 0: active=  0.00%  msgs=0           0 ns/msg
  dir 1: active=  0.00%  msgs=0           0 ns/msg
  AGGREGATE active = 0.00% (of 2 dir-threads; 0.00% per-thread avg)  msgs=0

----- REMOTE CPU LOAD (memory node dir-threads, 2s window) -----
  dir 0: active=  0.00%  msgs=0           0 ns/msg
  dir 1: active=  0.00%  msgs=0           0 ns/msg
  AGGREGATE active = 0.00% (of 2 dir-threads; 0.00% per-thread avg)  msgs=0

----- REMOTE CPU LOAD (memory node dir-threads, 2s window) -----
  dir 0: active=  0.00%  msgs=7           565 ns/msg
  dir 1: active=  0.00%  msgs=7           754 ns/msg
  AGGREGATE active = 0.00% (of 2 dir-threads; 0.00% per-thread avg)  msgs=14

----- REMOTE CPU LOAD (memory node dir-threads, 2s window) -----
  dir 0: active=  0.00%  msgs=7           368 ns/msg
  dir 1: active=  0.00%  msgs=7           327 ns/msg
  AGGREGATE active = 0.00% (of 2 dir-threads; 0.00% per-thread avg)  msgs=14

----- REMOTE CPU LOAD (memory node dir-threads, 2s window) -----
  dir 0: active=  0.00%  msgs=0           0 ns/msg
  dir 1: active=  0.00%  msgs=0           0 ns/msg
  AGGREGATE active = 0.00% (of 2 dir-threads; 0.00% per-thread avg)  msgs=0

----- REMOTE CPU LOAD (memory node dir-threads, 2s window) -----
  dir 0: active=  0.00%  msgs=0           0 ns/msg
  dir 1: active=  0.00%  msgs=0           0 ns/msg
  AGGREGATE active = 0.00% (of 2 dir-threads; 0.00% per-thread avg)  msgs=0

----- REMOTE CPU LOAD (memory node dir-threads, 2s window) -----
  dir 0: active=  0.00%  msgs=0           0 ns/msg
  dir 1: active=  0.00%  msgs=0           0 ns/msg
  AGGREGATE active = 0.00% (of 2 dir-threads; 0.00% per-thread avg)  msgs=0

----- REMOTE CPU LOAD (memory node dir-threads, 2s window) -----
  dir 0: active=  0.00%  msgs=0           0 ns/msg
  dir 1: active=  0.00%  msgs=0           0 ns/msg
  AGGREGATE active = 0.00% (of 2 dir-threads; 0.00% per-thread avg)  msgs=0

----- REMOTE CPU LOAD (memory node dir-threads, 2s window) -----
  dir 0: active=  0.00%  msgs=0           0 ns/msg
  dir 1: active=  0.00%  msgs=0           0 ns/msg
  AGGREGATE active = 0.00% (of 2 dir-threads; 0.00% per-thread avg)  msgs=0

----- REMOTE CPU LOAD (memory node dir-threads, 2s window) -----
  dir 0: active=  0.00%  msgs=0           0 ns/msg
  dir 1: active=  0.00%  msgs=0           0 ns/msg
  AGGREGATE active = 0.00% (of 2 dir-threads; 0.00% per-thread avg)  msgs=0

----- REMOTE CPU LOAD (memory node dir-threads, 2s window) -----
  dir 0: active=  0.00%  msgs=0           0 ns/msg
  dir 1: active=  0.00%  msgs=0           0 ns/msg
  AGGREGATE active = 0.00% (of 2 dir-threads; 0.00% per-thread avg)  msgs=0

----- REMOTE CPU LOAD (memory node dir-threads, 2s window) -----
  dir 0: active=  0.00%  msgs=0           0 ns/msg
  dir 1: active=  0.00%  msgs=0           0 ns/msg
  AGGREGATE active = 0.00% (of 2 dir-threads; 0.00% per-thread avg)  msgs=0

----- REMOTE CPU LOAD (memory node dir-threads, 2s window) -----
  dir 0: active=  0.00%  msgs=0           0 ns/msg
  dir 1: active=  0.00%  msgs=0           0 ns/msg
  AGGREGATE active = 0.00% (of 2 dir-threads; 0.00% per-thread avg)  msgs=0

----- REMOTE CPU LOAD (memory node dir-threads, 2s window) -----
  dir 0: active=  0.00%  msgs=0           0 ns/msg
  dir 1: active=  0.00%  msgs=0           0 ns/msg
  AGGREGATE active = 0.00% (of 2 dir-threads; 0.00% per-thread avg)  msgs=0

----- REMOTE CPU LOAD (memory node dir-threads, 2s window) -----
  dir 0: active=  0.00%  msgs=0           0 ns/msg
  dir 1: active=  0.00%  msgs=0           0 ns/msg
  AGGREGATE active = 0.00% (of 2 dir-threads; 0.00% per-thread avg)  msgs=0

----- REMOTE CPU LOAD (memory node dir-threads, 2s window) -----
  dir 0: active=  0.00%  msgs=0           0 ns/msg
  dir 1: active=  0.00%  msgs=0           0 ns/msg
  AGGREGATE active = 0.00% (of 2 dir-threads; 0.00% per-thread avg)  msgs=0

----- REMOTE CPU LOAD (memory node dir-threads, 2s window) -----
  dir 0: active=  0.00%  msgs=0           0 ns/msg
  dir 1: active=  0.00%  msgs=0           0 ns/msg
  AGGREGATE active = 0.00% (of 2 dir-threads; 0.00% per-thread avg)  msgs=0

----- REMOTE CPU LOAD (memory node dir-threads, 2s window) -----
  dir 0: active=  0.00%  msgs=0           0 ns/msg
  dir 1: active=  0.00%  msgs=0           0 ns/msg
  AGGREGATE active = 0.00% (of 2 dir-threads; 0.00% per-thread avg)  msgs=0

----- REMOTE CPU LOAD (memory node dir-threads, 2s window) -----
  dir 0: active=  0.00%  msgs=0           0 ns/msg
  dir 1: active=  0.00%  msgs=0           0 ns/msg
  AGGREGATE active = 0.00% (of 2 dir-threads; 0.00% per-thread avg)  msgs=0

----- REMOTE CPU LOAD (memory node dir-threads, 2s window) -----
  dir 0: active=  0.00%  msgs=0           0 ns/msg
  dir 1: active=  0.00%  msgs=0           0 ns/msg
  AGGREGATE active = 0.00% (of 2 dir-threads; 0.00% per-thread avg)  msgs=0

----- REMOTE CPU LOAD (memory node dir-threads, 2s window) -----
  dir 0: active=  0.00%  msgs=0           0 ns/msg
  dir 1: active=  0.00%  msgs=0           0 ns/msg
  AGGREGATE active = 0.00% (of 2 dir-threads; 0.00% per-thread avg)  msgs=0

----- REMOTE CPU LOAD (memory node dir-threads, 2s window) -----
  dir 0: active=  0.00%  msgs=0           0 ns/msg
  dir 1: active=  0.00%  msgs=0           0 ns/msg
  AGGREGATE active = 0.00% (of 2 dir-threads; 0.00% per-thread avg)  msgs=0

----- REMOTE CPU LOAD (memory node dir-threads, 2s window) -----
  dir 0: active=  0.00%  msgs=0           0 ns/msg
  dir 1: active=  0.00%  msgs=0           0 ns/msg
  AGGREGATE active = 0.00% (of 2 dir-threads; 0.00% per-thread avg)  msgs=0

----- REMOTE CPU LOAD (memory node dir-threads, 2s window) -----
  dir 0: active=  0.00%  msgs=0           0 ns/msg
  dir 1: active=  0.00%  msgs=0           0 ns/msg
  AGGREGATE active = 0.00% (of 2 dir-threads; 0.00% per-thread avg)  msgs=0

----- REMOTE CPU LOAD (memory node dir-threads, 2s window) -----
  dir 0: active=  0.00%  msgs=0           0 ns/msg
  dir 1: active=  0.00%  msgs=0           0 ns/msg
  AGGREGATE active = 0.00% (of 2 dir-threads; 0.00% per-thread avg)  msgs=0

----- REMOTE CPU LOAD (memory node dir-threads, 2s window) -----
  dir 0: active=  0.00%  msgs=0           0 ns/msg
  dir 1: active=  0.00%  msgs=0           0 ns/msg
  AGGREGATE active = 0.00% (of 2 dir-threads; 0.00% per-thread avg)  msgs=0

----- REMOTE CPU LOAD (memory node dir-threads, 2s window) -----
  dir 0: active=  0.00%  msgs=0           0 ns/msg
  dir 1: active=  0.00%  msgs=0           0 ns/msg
  AGGREGATE active = 0.00% (of 2 dir-threads; 0.00% per-thread avg)  msgs=0

----- REMOTE CPU LOAD (memory node dir-threads, 2s window) -----
  dir 0: active=  0.00%  msgs=0           0 ns/msg
  dir 1: active=  0.00%  msgs=0           0 ns/msg
  AGGREGATE active = 0.00% (of 2 dir-threads; 0.00% per-thread avg)  msgs=0

----- REMOTE CPU LOAD (memory node dir-threads, 2s window) -----
  dir 0: active=  0.00%  msgs=0           0 ns/msg
  dir 1: active=  0.00%  msgs=0           0 ns/msg
  AGGREGATE active = 0.00% (of 2 dir-threads; 0.00% per-thread avg)  msgs=0

----- REMOTE CPU LOAD (memory node dir-threads, 2s window) -----
  dir 0: active=  0.00%  msgs=0           0 ns/msg
  dir 1: active=  0.00%  msgs=0           0 ns/msg
  AGGREGATE active = 0.00% (of 2 dir-threads; 0.00% per-thread avg)  msgs=0

----- REMOTE CPU LOAD (memory node dir-threads, 2s window) -----
  dir 0: active=  0.00%  msgs=0           0 ns/msg
  dir 1: active=  0.00%  msgs=0           0 ns/msg
  AGGREGATE active = 0.00% (of 2 dir-threads; 0.00% per-thread avg)  msgs=0

----- REMOTE CPU LOAD (memory node dir-threads, 2s window) -----
  dir 0: active=  0.00%  msgs=0           0 ns/msg
  dir 1: active=  0.00%  msgs=0           0 ns/msg
  AGGREGATE active = 0.00% (of 2 dir-threads; 0.00% per-thread avg)  msgs=0

----- REMOTE CPU LOAD (memory node dir-threads, 2s window) -----
  dir 0: active=  0.00%  msgs=0           0 ns/msg
  dir 1: active=  0.00%  msgs=0           0 ns/msg
  AGGREGATE active = 0.00% (of 2 dir-threads; 0.00% per-thread avg)  msgs=0

----- REMOTE CPU LOAD (memory node dir-threads, 2s window) -----
  dir 0: active=  0.00%  msgs=0           0 ns/msg
  dir 1: active=  0.00%  msgs=0           0 ns/msg
  AGGREGATE active = 0.00% (of 2 dir-threads; 0.00% per-thread avg)  msgs=0

----- REMOTE CPU LOAD (memory node dir-threads, 2s window) -----
  dir 0: active=  0.00%  msgs=0           0 ns/msg
  dir 1: active=  0.00%  msgs=0           0 ns/msg
  AGGREGATE active = 0.00% (of 2 dir-threads; 0.00% per-thread avg)  msgs=0

----- REMOTE CPU LOAD (memory node dir-threads, 2s window) -----
  dir 0: active=  0.00%  msgs=0           0 ns/msg
  dir 1: active=  0.00%  msgs=0           0 ns/msg
  AGGREGATE active = 0.00% (of 2 dir-threads; 0.00% per-thread avg)  msgs=0

----- REMOTE CPU LOAD (memory node dir-threads, 2s window) -----
  dir 0: active=  0.00%  msgs=0           0 ns/msg
  dir 1: active=  0.00%  msgs=0           0 ns/msg
  AGGREGATE active = 0.00% (of 2 dir-threads; 0.00% per-thread avg)  msgs=0

----- REMOTE CPU LOAD (memory node dir-threads, 2s window) -----
  dir 0: active=  0.00%  msgs=0           0 ns/msg
  dir 1: active=  0.00%  msgs=0           0 ns/msg
  AGGREGATE active = 0.00% (of 2 dir-threads; 0.00% per-thread avg)  msgs=0

----- REMOTE CPU LOAD (memory node dir-threads, 2s window) -----
  dir 0: active=  0.00%  msgs=0           0 ns/msg
  dir 1: active=  0.00%  msgs=0           0 ns/msg
  AGGREGATE active = 0.00% (of 2 dir-threads; 0.00% per-thread avg)  msgs=0

----- REMOTE CPU LOAD (memory node dir-threads, 2s window) -----
  dir 0: active=  0.00%  msgs=0           0 ns/msg
  dir 1: active=  0.00%  msgs=0           0 ns/msg
  AGGREGATE active = 0.00% (of 2 dir-threads; 0.00% per-thread avg)  msgs=0

----- REMOTE CPU LOAD (memory node dir-threads, 2s window) -----
  dir 0: active=  0.00%  msgs=0           0 ns/msg
  dir 1: active=  0.00%  msgs=0           0 ns/msg
  AGGREGATE active = 0.00% (of 2 dir-threads; 0.00% per-thread avg)  msgs=0

----- REMOTE CPU LOAD (memory node dir-threads, 2s window) -----
  dir 0: active=  0.00%  msgs=0           0 ns/msg
  dir 1: active=  0.00%  msgs=0           0 ns/msg
  AGGREGATE active = 0.00% (of 2 dir-threads; 0.00% per-thread avg)  msgs=0

----- REMOTE CPU LOAD (memory node dir-threads, 2s window) -----
  dir 0: active=  0.00%  msgs=0           0 ns/msg
  dir 1: active=  0.00%  msgs=0           0 ns/msg
  AGGREGATE active = 0.00% (of 2 dir-threads; 0.00% per-thread avg)  msgs=0

----- REMOTE CPU LOAD (memory node dir-threads, 2s window) -----
  dir 0: active=  0.00%  msgs=0           0 ns/msg
  dir 1: active=  0.00%  msgs=0           0 ns/msg
  AGGREGATE active = 0.00% (of 2 dir-threads; 0.00% per-thread avg)  msgs=0

----- REMOTE CPU LOAD (memory node dir-threads, 2s window) -----
  dir 0: active=  0.00%  msgs=0           0 ns/msg
  dir 1: active=  0.00%  msgs=0           0 ns/msg
  AGGREGATE active = 0.00% (of 2 dir-threads; 0.00% per-thread avg)  msgs=0

----- REMOTE CPU LOAD (memory node dir-threads, 2s window) -----
  dir 0: active=  0.00%  msgs=0           0 ns/msg
  dir 1: active=  0.00%  msgs=0           0 ns/msg
  AGGREGATE active = 0.00% (of 2 dir-threads; 0.00% per-thread avg)  msgs=0

----- REMOTE CPU LOAD (memory node dir-threads, 2s window) -----
  dir 0: active=  0.00%  msgs=0           0 ns/msg
  dir 1: active=  0.00%  msgs=0           0 ns/msg
  AGGREGATE active = 0.00% (of 2 dir-threads; 0.00% per-thread avg)  msgs=0

----- REMOTE CPU LOAD (memory node dir-threads, 2s window) -----
  dir 0: active=  0.00%  msgs=0           0 ns/msg
  dir 1: active=  0.00%  msgs=0           0 ns/msg
  AGGREGATE active = 0.00% (of 2 dir-threads; 0.00% per-thread avg)  msgs=0

----- REMOTE CPU LOAD (memory node dir-threads, 2s window) -----
  dir 0: active=  0.00%  msgs=0           0 ns/msg
  dir 1: active=  0.00%  msgs=0           0 ns/msg
  AGGREGATE active = 0.00% (of 2 dir-threads; 0.00% per-thread avg)  msgs=0

----- REMOTE CPU LOAD (memory node dir-threads, 2s window) -----
  dir 0: active=  0.00%  msgs=0           0 ns/msg
  dir 1: active=  0.00%  msgs=0           0 ns/msg
  AGGREGATE active = 0.00% (of 2 dir-threads; 0.00% per-thread avg)  msgs=0

----- REMOTE CPU LOAD (memory node dir-threads, 2s window) -----
  dir 0: active=  0.00%  msgs=0           0 ns/msg
  dir 1: active=  0.00%  msgs=0           0 ns/msg
  AGGREGATE active = 0.00% (of 2 dir-threads; 0.00% per-thread avg)  msgs=0

----- REMOTE CPU LOAD (memory node dir-threads, 2s window) -----
  dir 0: active=  0.00%  msgs=0           0 ns/msg
  dir 1: active=  0.00%  msgs=0           0 ns/msg
  AGGREGATE active = 0.00% (of 2 dir-threads; 0.00% per-thread avg)  msgs=0

----- REMOTE CPU LOAD (memory node dir-threads, 2s window) -----
  dir 0: active=  0.00%  msgs=0           0 ns/msg
  dir 1: active=  0.00%  msgs=0           0 ns/msg
  AGGREGATE active = 0.00% (of 2 dir-threads; 0.00% per-thread avg)  msgs=0

----- REMOTE CPU LOAD (memory node dir-threads, 2s window) -----
  dir 0: active=  0.00%  msgs=0           0 ns/msg
  dir 1: active=  0.00%  msgs=0           0 ns/msg
  AGGREGATE active = 0.00% (of 2 dir-threads; 0.00% per-thread avg)  msgs=0

----- REMOTE CPU LOAD (memory node dir-threads, 2s window) -----
  dir 0: active=  0.00%  msgs=0           0 ns/msg
  dir 1: active=  0.00%  msgs=0           0 ns/msg
  AGGREGATE active = 0.00% (of 2 dir-threads; 0.00% per-thread avg)  msgs=0

----- REMOTE CPU LOAD (memory node dir-threads, 2s window) -----
  dir 0: active=  0.00%  msgs=0           0 ns/msg
  dir 1: active=  0.00%  msgs=0           0 ns/msg
  AGGREGATE active = 0.00% (of 2 dir-threads; 0.00% per-thread avg)  msgs=0

----- REMOTE CPU LOAD (memory node dir-threads, 2s window) -----
  dir 0: active=  0.00%  msgs=0           0 ns/msg
  dir 1: active=  0.00%  msgs=0           0 ns/msg
  AGGREGATE active = 0.00% (of 2 dir-threads; 0.00% per-thread avg)  msgs=0

----- REMOTE CPU LOAD (memory node dir-threads, 2s window) -----
  dir 0: active=  0.00%  msgs=0           0 ns/msg
  dir 1: active=  0.00%  msgs=0           0 ns/msg
  AGGREGATE active = 0.00% (of 2 dir-threads; 0.00% per-thread avg)  msgs=0

----- REMOTE CPU LOAD (memory node dir-threads, 2s window) -----
  dir 0: active=  0.00%  msgs=0           0 ns/msg
  dir 1: active=  0.00%  msgs=0           0 ns/msg
  AGGREGATE active = 0.00% (of 2 dir-threads; 0.00% per-thread avg)  msgs=0

----- REMOTE CPU LOAD (memory node dir-threads, 2s window) -----
  dir 0: active=  0.00%  msgs=0           0 ns/msg
  dir 1: active=  0.00%  msgs=0           0 ns/msg
  AGGREGATE active = 0.00% (of 2 dir-threads; 0.00% per-thread avg)  msgs=0

----- REMOTE CPU LOAD (memory node dir-threads, 2s window) -----
  dir 0: active=  0.00%  msgs=0           0 ns/msg
  dir 1: active=  0.00%  msgs=0           0 ns/msg
  AGGREGATE active = 0.00% (of 2 dir-threads; 0.00% per-thread avg)  msgs=0

----- REMOTE CPU LOAD (memory node dir-threads, 2s window) -----
  dir 0: active=  0.00%  msgs=0           0 ns/msg
  dir 1: active=  0.00%  msgs=0           0 ns/msg
  AGGREGATE active = 0.00% (of 2 dir-threads; 0.00% per-thread avg)  msgs=0

----- REMOTE CPU LOAD (memory node dir-threads, 2s window) -----
  dir 0: active=  0.00%  msgs=0           0 ns/msg
  dir 1: active=  0.00%  msgs=0           0 ns/msg
  AGGREGATE active = 0.00% (of 2 dir-threads; 0.00% per-thread avg)  msgs=0

----- REMOTE CPU LOAD (memory node dir-threads, 2s window) -----
  dir 0: active=  0.00%  msgs=0           0 ns/msg
  dir 1: active=  0.00%  msgs=0           0 ns/msg
  AGGREGATE active = 0.00% (of 2 dir-threads; 0.00% per-thread avg)  msgs=0

----- REMOTE CPU LOAD (memory node dir-threads, 2s window) -----
  dir 0: active=  0.00%  msgs=0           0 ns/msg
  dir 1: active=  0.00%  msgs=0           0 ns/msg
  AGGREGATE active = 0.00% (of 2 dir-threads; 0.00% per-thread avg)  msgs=0

----- REMOTE CPU LOAD (memory node dir-threads, 2s window) -----
  dir 0: active=  0.00%  msgs=0           0 ns/msg
  dir 1: active=  0.00%  msgs=0           0 ns/msg
  AGGREGATE active = 0.00% (of 2 dir-threads; 0.00% per-thread avg)  msgs=0

----- REMOTE CPU LOAD (memory node dir-threads, 2s window) -----
  dir 0: active=  0.00%  msgs=0           0 ns/msg
  dir 1: active=  0.00%  msgs=0           0 ns/msg
  AGGREGATE active = 0.00% (of 2 dir-threads; 0.00% per-thread avg)  msgs=0

----- REMOTE CPU LOAD (memory node dir-threads, 2s window) -----
  dir 0: active=  0.00%  msgs=0           0 ns/msg
  dir 1: active=  0.00%  msgs=0           0 ns/msg
  AGGREGATE active = 0.00% (of 2 dir-threads; 0.00% per-thread avg)  msgs=0

----- REMOTE CPU LOAD (memory node dir-threads, 2s window) -----
  dir 0: active=  0.00%  msgs=0           0 ns/msg
  dir 1: active=  0.00%  msgs=0           0 ns/msg
  AGGREGATE active = 0.00% (of 2 dir-threads; 0.00% per-thread avg)  msgs=0

----- REMOTE CPU LOAD (memory node dir-threads, 2s window) -----
  dir 0: active=  0.00%  msgs=0           0 ns/msg
  dir 1: active=  0.00%  msgs=0           0 ns/msg
  AGGREGATE active = 0.00% (of 2 dir-threads; 0.00% per-thread avg)  msgs=0

----- REMOTE CPU LOAD (memory node dir-threads, 2s window) -----
  dir 0: active=  0.00%  msgs=0           0 ns/msg
  dir 1: active=  0.00%  msgs=0           0 ns/msg
  AGGREGATE active = 0.00% (of 2 dir-threads; 0.00% per-thread avg)  msgs=0

----- REMOTE CPU LOAD (memory node dir-threads, 2s window) -----
  dir 0: active=  0.00%  msgs=0           0 ns/msg
  dir 1: active=  0.00%  msgs=0           0 ns/msg
  AGGREGATE active = 0.00% (of 2 dir-threads; 0.00% per-thread avg)  msgs=0

----- REMOTE CPU LOAD (memory node dir-threads, 2s window) -----
  dir 0: active=  0.00%  msgs=0           0 ns/msg
  dir 1: active=  0.00%  msgs=0           0 ns/msg
  AGGREGATE active = 0.00% (of 2 dir-threads; 0.00% per-thread avg)  msgs=0

----- REMOTE CPU LOAD (memory node dir-threads, 2s window) -----
  dir 0: active=  0.00%  msgs=0           0 ns/msg
  dir 1: active=  0.00%  msgs=0           0 ns/msg
  AGGREGATE active = 0.00% (of 2 dir-threads; 0.00% per-thread avg)  msgs=0

----- REMOTE CPU LOAD (memory node dir-threads, 2s window) -----
  dir 0: active=  0.00%  msgs=0           0 ns/msg
  dir 1: active=  0.00%  msgs=0           0 ns/msg
  AGGREGATE active = 0.00% (of 2 dir-threads; 0.00% per-thread avg)  msgs=0

----- REMOTE CPU LOAD (memory node dir-threads, 2s window) -----
  dir 0: active=  0.00%  msgs=0           0 ns/msg
  dir 1: active=  0.00%  msgs=0           0 ns/msg
  AGGREGATE active = 0.00% (of 2 dir-threads; 0.00% per-thread avg)  msgs=0

----- REMOTE CPU LOAD (memory node dir-threads, 2s window) -----
  dir 0: active=  0.00%  msgs=0           0 ns/msg
  dir 1: active=  0.00%  msgs=0           0 ns/msg
  AGGREGATE active = 0.00% (of 2 dir-threads; 0.00% per-thread avg)  msgs=0

----- REMOTE CPU LOAD (memory node dir-threads, 2s window) -----
  dir 0: active=  0.00%  msgs=0           0 ns/msg
  dir 1: active=  0.00%  msgs=0           0 ns/msg
  AGGREGATE active = 0.00% (of 2 dir-threads; 0.00% per-thread avg)  msgs=0

----- REMOTE CPU LOAD (memory node dir-threads, 2s window) -----
  dir 0: active=  0.00%  msgs=0           0 ns/msg
  dir 1: active=  0.00%  msgs=0           0 ns/msg
  AGGREGATE active = 0.00% (of 2 dir-threads; 0.00% per-thread avg)  msgs=0

----- REMOTE CPU LOAD (memory node dir-threads, 2s window) -----
  dir 0: active=  0.00%  msgs=0           0 ns/msg
  dir 1: active=  0.00%  msgs=0           0 ns/msg
  AGGREGATE active = 0.00% (of 2 dir-threads; 0.00% per-thread avg)  msgs=0

----- REMOTE CPU LOAD (memory node dir-threads, 2s window) -----
  dir 0: active=  0.00%  msgs=0           0 ns/msg
  dir 1: active=  0.00%  msgs=0           0 ns/msg
  AGGREGATE active = 0.00% (of 2 dir-threads; 0.00% per-thread avg)  msgs=0

----- REMOTE CPU LOAD (memory node dir-threads, 2s window) -----
  dir 0: active=  0.00%  msgs=0           0 ns/msg
  dir 1: active=  0.00%  msgs=0           0 ns/msg
  AGGREGATE active = 0.00% (of 2 dir-threads; 0.00% per-thread avg)  msgs=0

----- REMOTE CPU LOAD (memory node dir-threads, 2s window) -----
  dir 0: active=  0.00%  msgs=0           0 ns/msg
  dir 1: active=  0.00%  msgs=0           0 ns/msg
  AGGREGATE active = 0.00% (of 2 dir-threads; 0.00% per-thread avg)  msgs=0

----- REMOTE CPU LOAD (memory node dir-threads, 2s window) -----
  dir 0: active=  0.00%  msgs=0           0 ns/msg
  dir 1: active=  0.00%  msgs=0           0 ns/msg
  AGGREGATE active = 0.00% (of 2 dir-threads; 0.00% per-thread avg)  msgs=0

----- REMOTE CPU LOAD (memory node dir-threads, 2s window) -----
  dir 0: active=  0.00%  msgs=0           0 ns/msg
  dir 1: active=  0.00%  msgs=0           0 ns/msg
  AGGREGATE active = 0.00% (of 2 dir-threads; 0.00% per-thread avg)  msgs=0

----- REMOTE CPU LOAD (memory node dir-threads, 2s window) -----
  dir 0: active=  0.00%  msgs=0           0 ns/msg
  dir 1: active=  0.00%  msgs=0           0 ns/msg
  AGGREGATE active = 0.00% (of 2 dir-threads; 0.00% per-thread avg)  msgs=0

----- REMOTE CPU LOAD (memory node dir-threads, 2s window) -----
  dir 0: active=  0.00%  msgs=0           0 ns/msg
  dir 1: active=  0.00%  msgs=0           0 ns/msg
  AGGREGATE active = 0.00% (of 2 dir-threads; 0.00% per-thread avg)  msgs=0

----- REMOTE CPU LOAD (memory node dir-threads, 2s window) -----
  dir 0: active=  0.00%  msgs=0           0 ns/msg
  dir 1: active=  0.00%  msgs=0           0 ns/msg
  AGGREGATE active = 0.00% (of 2 dir-threads; 0.00% per-thread avg)  msgs=0

----- REMOTE CPU LOAD (memory node dir-threads, 2s window) -----
  dir 0: active=  0.00%  msgs=0           0 ns/msg
  dir 1: active=  0.00%  msgs=0           0 ns/msg
  AGGREGATE active = 0.00% (of 2 dir-threads; 0.00% per-thread avg)  msgs=0

----- REMOTE CPU LOAD (memory node dir-threads, 2s window) -----
  dir 0: active=  0.00%  msgs=0           0 ns/msg
  dir 1: active=  0.00%  msgs=0           0 ns/msg
  AGGREGATE active = 0.00% (of 2 dir-threads; 0.00% per-thread avg)  msgs=0

----- REMOTE CPU LOAD (memory node dir-threads, 2s window) -----
  dir 0: active=  0.00%  msgs=0           0 ns/msg
  dir 1: active=  0.00%  msgs=0           0 ns/msg
  AGGREGATE active = 0.00% (of 2 dir-threads; 0.00% per-thread avg)  msgs=0

----- REMOTE CPU LOAD (memory node dir-threads, 2s window) -----
  dir 0: active=  0.00%  msgs=0           0 ns/msg
  dir 1: active=  0.00%  msgs=0           0 ns/msg
  AGGREGATE active = 0.00% (of 2 dir-threads; 0.00% per-thread avg)  msgs=0

----- REMOTE CPU LOAD (memory node dir-threads, 2s window) -----
  dir 0: active=  0.00%  msgs=0           0 ns/msg
  dir 1: active=  0.00%  msgs=0           0 ns/msg
  AGGREGATE active = 0.00% (of 2 dir-threads; 0.00% per-thread avg)  msgs=0

----- REMOTE CPU LOAD (memory node dir-threads, 2s window) -----
  dir 0: active=  0.00%  msgs=0           0 ns/msg
  dir 1: active=  0.00%  msgs=0           0 ns/msg
  AGGREGATE active = 0.00% (of 2 dir-threads; 0.00% per-thread avg)  msgs=0

----- REMOTE CPU LOAD (memory node dir-threads, 2s window) -----
  dir 0: active=  0.00%  msgs=0           0 ns/msg
  dir 1: active=  0.00%  msgs=0           0 ns/msg
  AGGREGATE active = 0.00% (of 2 dir-threads; 0.00% per-thread avg)  msgs=0

----- REMOTE CPU LOAD (memory node dir-threads, 2s window) -----
  dir 0: active=  0.00%  msgs=0           0 ns/msg
  dir 1: active=  0.00%  msgs=0           0 ns/msg
  AGGREGATE active = 0.00% (of 2 dir-threads; 0.00% per-thread avg)  msgs=0

----- REMOTE CPU LOAD (memory node dir-threads, 2s window) -----
  dir 0: active=  0.00%  msgs=0           0 ns/msg
  dir 1: active=  0.00%  msgs=0           0 ns/msg
  AGGREGATE active = 0.00% (of 2 dir-threads; 0.00% per-thread avg)  msgs=0

----- REMOTE CPU LOAD (memory node dir-threads, 2s window) -----
  dir 0: active=  0.00%  msgs=0           0 ns/msg
  dir 1: active=  0.00%  msgs=0           0 ns/msg
  AGGREGATE active = 0.00% (of 2 dir-threads; 0.00% per-thread avg)  msgs=0

----- REMOTE CPU LOAD (memory node dir-threads, 2s window) -----
  dir 0: active=  0.00%  msgs=0           0 ns/msg
  dir 1: active=  0.00%  msgs=0           0 ns/msg
  AGGREGATE active = 0.00% (of 2 dir-threads; 0.00% per-thread avg)  msgs=0

----- REMOTE CPU LOAD (memory node dir-threads, 2s window) -----
  dir 0: active=  0.00%  msgs=0           0 ns/msg
  dir 1: active=  0.00%  msgs=0           0 ns/msg
  AGGREGATE active = 0.00% (of 2 dir-threads; 0.00% per-thread avg)  msgs=0

----- REMOTE CPU LOAD (memory node dir-threads, 2s window) -----
  dir 0: active=  0.00%  msgs=0           0 ns/msg
  dir 1: active=  0.00%  msgs=0           0 ns/msg
  AGGREGATE active = 0.00% (of 2 dir-threads; 0.00% per-thread avg)  msgs=0

----- REMOTE CPU LOAD (memory node dir-threads, 2s window) -----
  dir 0: active=  0.00%  msgs=0           0 ns/msg
  dir 1: active=  0.00%  msgs=0           0 ns/msg
  AGGREGATE active = 0.00% (of 2 dir-threads; 0.00% per-thread avg)  msgs=0

----- REMOTE CPU LOAD (memory node dir-threads, 2s window) -----
  dir 0: active=  0.00%  msgs=0           0 ns/msg
  dir 1: active=  0.00%  msgs=0           0 ns/msg
  AGGREGATE active = 0.00% (of 2 dir-threads; 0.00% per-thread avg)  msgs=0

----- REMOTE CPU LOAD (memory node dir-threads, 2s window) -----
  dir 0: active=  0.00%  msgs=0           0 ns/msg
  dir 1: active=  0.00%  msgs=0           0 ns/msg
  AGGREGATE active = 0.00% (of 2 dir-threads; 0.00% per-thread avg)  msgs=0

----- REMOTE CPU LOAD (memory node dir-threads, 2s window) -----
  dir 0: active=  0.00%  msgs=0           0 ns/msg
  dir 1: active=  0.00%  msgs=0           0 ns/msg
  AGGREGATE active = 0.00% (of 2 dir-threads; 0.00% per-thread avg)  msgs=0
[CONFIG] warmup finished with offload 0%; measured phase now at 100%
node 0 warmup done in 222s

----- REMOTE CPU LOAD (memory node dir-threads, 2s window) -----
  dir 0: active= 18.18%  msgs=46301       7854 ns/msg
  dir 1: active= 18.31%  msgs=44365       8254 ns/msg
  AGGREGATE active = 36.49% (of 2 dir-threads; 18.24% per-thread avg)  msgs=90666
0, throughput 0.0000 Mops
[RESULT node 0] ops=0 elapsed=0.000s throughput=0.0000 Mops mode=op-bounded
[RDMA node 0] ops=0 posts=121092 read_wr=0 read_bytes=0 write_wr=0 write_bytes=0 atomic_wr=0 send_wr=121092 send_bytes=4964772

==================== LATENCY BUCKETS (500 ns) [node 0] ====================
[ALL OPS]
  ALL                       (no samples)
  DIRECT (1-sided)          (no samples)
  OFFLOAD (rpc)             (no samples)

----- 500 ns bucket CDF (all ops) [node 0] -----
  (no samples)

----- OFFLOADED TASKS [node 0] -----
  ops total                = 0
  ops direct (1-sided)     = 0 (0.00%)
  ops offload (rpc)        = 0 (0.00%)
  lookup pushdowns         = 0
  scan   pushdowns (RPC)   = 0
    kv pairs returned      = 0
    leaves scanned remotely= 0
    kv / scan pushdown     = 0.00
    leaves / scan pushdown = 0.00
=========================================================================

[LEAFCACHE] off
[END]

----- REMOTE CPU LOAD (memory node dir-threads, 2s window) -----
  dir 0: active= 97.08%  msgs=245079      7923 ns/msg
  dir 1: active= 97.76%  msgs=240852      8118 ns/msg
  AGGREGATE active = 194.85% (of 2 dir-threads; 97.42% per-thread avg)  msgs=485931

----- REMOTE CPU LOAD (memory node dir-threads, 2s window) -----
  dir 0: active= 97.11%  msgs=243245      7985 ns/msg
  dir 1: active= 97.78%  msgs=242321      8071 ns/msg
  AGGREGATE active = 194.89% (of 2 dir-threads; 97.44% per-thread avg)  msgs=485566

----- REMOTE CPU LOAD (memory node dir-threads, 2s window) -----
  dir 0: active= 97.11%  msgs=243306      7983 ns/msg
  dir 1: active= 97.78%  msgs=242773      8056 ns/msg
  AGGREGATE active = 194.89% (of 2 dir-threads; 97.44% per-thread avg)  msgs=486079

----- REMOTE CPU LOAD (memory node dir-threads, 2s window) -----
  dir 0: active= 97.10%  msgs=243400      7979 ns/msg
  dir 1: active= 97.78%  msgs=243242      8040 ns/msg
  AGGREGATE active = 194.88% (of 2 dir-threads; 97.44% per-thread avg)  msgs=486642

----- REMOTE CPU LOAD (memory node dir-threads, 2s window) -----
  dir 0: active= 97.10%  msgs=243602      7972 ns/msg
  dir 1: active= 97.77%  msgs=243502      8031 ns/msg
  AGGREGATE active = 194.87% (of 2 dir-threads; 97.43% per-thread avg)  msgs=487104

----- REMOTE CPU LOAD (memory node dir-threads, 2s window) -----
  dir 0: active= 97.10%  msgs=243684      7969 ns/msg
  dir 1: active= 97.76%  msgs=243503      8030 ns/msg
  AGGREGATE active = 194.86% (of 2 dir-threads; 97.43% per-thread avg)  msgs=487187

----- REMOTE CPU LOAD (memory node dir-threads, 2s window) -----
  dir 0: active= 97.09%  msgs=243723      7968 ns/msg
  dir 1: active= 97.75%  msgs=243678      8023 ns/msg
  AGGREGATE active = 194.84% (of 2 dir-threads; 97.42% per-thread avg)  msgs=487401

----- REMOTE CPU LOAD (memory node dir-threads, 2s window) -----
  dir 0: active= 97.09%  msgs=244035      7957 ns/msg
  dir 1: active= 97.75%  msgs=243787      8020 ns/msg
  AGGREGATE active = 194.84% (of 2 dir-threads; 97.42% per-thread avg)  msgs=487822

----- REMOTE CPU LOAD (memory node dir-threads, 2s window) -----
  dir 0: active= 97.08%  msgs=243669      7969 ns/msg
  dir 1: active= 97.74%  msgs=243655      8023 ns/msg
  AGGREGATE active = 194.82% (of 2 dir-threads; 97.41% per-thread avg)  msgs=487324

----- REMOTE CPU LOAD (memory node dir-threads, 2s window) -----
  dir 0: active= 97.08%  msgs=243907      7961 ns/msg
  dir 1: active= 97.74%  msgs=243658      8023 ns/msg
  AGGREGATE active = 194.82% (of 2 dir-threads; 97.41% per-thread avg)  msgs=487565

----- REMOTE CPU LOAD (memory node dir-threads, 2s window) -----
  dir 0: active= 97.09%  msgs=243943      7960 ns/msg
  dir 1: active= 97.74%  msgs=243853      8017 ns/msg
  AGGREGATE active = 194.83% (of 2 dir-threads; 97.41% per-thread avg)  msgs=487796

----- REMOTE CPU LOAD (memory node dir-threads, 2s window) -----
  dir 0: active= 97.09%  msgs=243749      7967 ns/msg
  dir 1: active= 97.73%  msgs=243779      8018 ns/msg
  AGGREGATE active = 194.82% (of 2 dir-threads; 97.41% per-thread avg)  msgs=487528

----- REMOTE CPU LOAD (memory node dir-threads, 2s window) -----
  dir 0: active= 97.08%  msgs=244135      7953 ns/msg
  dir 1: active= 97.73%  msgs=243897      8014 ns/msg
  AGGREGATE active = 194.81% (of 2 dir-threads; 97.40% per-thread avg)  msgs=488032

----- REMOTE CPU LOAD (memory node dir-threads, 2s window) -----
  dir 0: active= 97.08%  msgs=244039      7956 ns/msg
  dir 1: active= 97.73%  msgs=243962      8012 ns/msg
  AGGREGATE active = 194.81% (of 2 dir-threads; 97.40% per-thread avg)  msgs=488001

----- REMOTE CPU LOAD (memory node dir-threads, 2s window) -----
  dir 0: active= 97.08%  msgs=244278      7948 ns/msg
  dir 1: active= 97.73%  msgs=244086      8008 ns/msg
  AGGREGATE active = 194.81% (of 2 dir-threads; 97.40% per-thread avg)  msgs=488364

----- REMOTE CPU LOAD (memory node dir-threads, 2s window) -----
  dir 0: active= 97.07%  msgs=243936      7959 ns/msg
  dir 1: active= 97.73%  msgs=243782      8018 ns/msg
  AGGREGATE active = 194.80% (of 2 dir-threads; 97.40% per-thread avg)  msgs=487718

----- REMOTE CPU LOAD (memory node dir-threads, 2s window) -----
  dir 0: active= 97.07%  msgs=243918      7960 ns/msg
  dir 1: active= 97.73%  msgs=243660      8022 ns/msg
  AGGREGATE active = 194.80% (of 2 dir-threads; 97.40% per-thread avg)  msgs=487578

----- REMOTE CPU LOAD (memory node dir-threads, 2s window) -----
  dir 0: active= 97.07%  msgs=244235      7949 ns/msg
  dir 1: active= 97.72%  msgs=243899      8014 ns/msg
  AGGREGATE active = 194.79% (of 2 dir-threads; 97.40% per-thread avg)  msgs=488134

----- REMOTE CPU LOAD (memory node dir-threads, 2s window) -----
  dir 0: active= 97.08%  msgs=244113      7954 ns/msg
  dir 1: active= 97.72%  msgs=243825      8016 ns/msg
  AGGREGATE active = 194.79% (of 2 dir-threads; 97.40% per-thread avg)  msgs=487938

----- REMOTE CPU LOAD (memory node dir-threads, 2s window) -----
  dir 0: active= 97.07%  msgs=243997      7957 ns/msg
  dir 1: active= 97.72%  msgs=243697      8020 ns/msg
  AGGREGATE active = 194.78% (of 2 dir-threads; 97.39% per-thread avg)  msgs=487694

----- REMOTE CPU LOAD (memory node dir-threads, 2s window) -----
  dir 0: active= 97.07%  msgs=244077      7954 ns/msg
  dir 1: active= 97.71%  msgs=243792      8016 ns/msg
  AGGREGATE active = 194.78% (of 2 dir-threads; 97.39% per-thread avg)  msgs=487869

----- REMOTE CPU LOAD (memory node dir-threads, 2s window) -----
  dir 0: active= 97.06%  msgs=244309      7946 ns/msg
  dir 1: active= 97.71%  msgs=243538      8025 ns/msg
  AGGREGATE active = 194.78% (of 2 dir-threads; 97.39% per-thread avg)  msgs=487847

----- REMOTE CPU LOAD (memory node dir-threads, 2s window) -----
  dir 0: active= 97.06%  msgs=244112      7953 ns/msg
  dir 1: active= 97.71%  msgs=243511      8025 ns/msg
  AGGREGATE active = 194.77% (of 2 dir-threads; 97.39% per-thread avg)  msgs=487623

----- REMOTE CPU LOAD (memory node dir-threads, 2s window) -----
  dir 0: active= 97.06%  msgs=243952      7958 ns/msg
  dir 1: active= 97.70%  msgs=243511      8025 ns/msg
  AGGREGATE active = 194.77% (of 2 dir-threads; 97.38% per-thread avg)  msgs=487463

----- REMOTE CPU LOAD (memory node dir-threads, 2s window) -----
  dir 0: active= 97.06%  msgs=243930      7959 ns/msg
  dir 1: active= 97.70%  msgs=243671      8020 ns/msg
  AGGREGATE active = 194.77% (of 2 dir-threads; 97.38% per-thread avg)  msgs=487601

----- REMOTE CPU LOAD (memory node dir-threads, 2s window) -----
  dir 0: active= 97.06%  msgs=244445      7942 ns/msg
  dir 1: active= 97.70%  msgs=243545      8024 ns/msg
  AGGREGATE active = 194.77% (of 2 dir-threads; 97.38% per-thread avg)  msgs=487990

----- REMOTE CPU LOAD (memory node dir-threads, 2s window) -----
  dir 0: active= 97.06%  msgs=244407      7943 ns/msg
  dir 1: active= 97.70%  msgs=243478      8026 ns/msg
  AGGREGATE active = 194.76% (of 2 dir-threads; 97.38% per-thread avg)  msgs=487885

----- REMOTE CPU LOAD (memory node dir-threads, 2s window) -----
  dir 0: active= 97.06%  msgs=244162      7951 ns/msg
  dir 1: active= 97.69%  msgs=243517      8023 ns/msg
  AGGREGATE active = 194.75% (of 2 dir-threads; 97.38% per-thread avg)  msgs=487679

----- REMOTE CPU LOAD (memory node dir-threads, 2s window) -----
  dir 0: active= 97.06%  msgs=244494      7940 ns/msg
  dir 1: active= 97.69%  msgs=243419      8027 ns/msg
  AGGREGATE active = 194.74% (of 2 dir-threads; 97.37% per-thread avg)  msgs=487913

----- REMOTE CPU LOAD (memory node dir-threads, 2s window) -----
  dir 0: active= 97.06%  msgs=244354      7944 ns/msg
  dir 1: active= 97.68%  msgs=243538      8022 ns/msg
  AGGREGATE active = 194.74% (of 2 dir-threads; 97.37% per-thread avg)  msgs=487892

----- REMOTE CPU LOAD (memory node dir-threads, 2s window) -----
  dir 0: active= 97.06%  msgs=244130      7952 ns/msg
  dir 1: active= 97.68%  msgs=243057      8038 ns/msg
  AGGREGATE active = 194.73% (of 2 dir-threads; 97.37% per-thread avg)  msgs=487187

----- REMOTE CPU LOAD (memory node dir-threads, 2s window) -----
  dir 0: active= 97.06%  msgs=244158      7951 ns/msg
  dir 1: active= 97.68%  msgs=243179      8034 ns/msg
  AGGREGATE active = 194.73% (of 2 dir-threads; 97.37% per-thread avg)  msgs=487337

----- REMOTE CPU LOAD (memory node dir-threads, 2s window) -----
  dir 0: active= 97.05%  msgs=244286      7946 ns/msg
  dir 1: active= 97.68%  msgs=243235      8032 ns/msg
  AGGREGATE active = 194.73% (of 2 dir-threads; 97.36% per-thread avg)  msgs=487521

----- REMOTE CPU LOAD (memory node dir-threads, 2s window) -----
  dir 0: active= 97.05%  msgs=244246      7947 ns/msg
  dir 1: active= 97.67%  msgs=243277      8030 ns/msg
  AGGREGATE active = 194.72% (of 2 dir-threads; 97.36% per-thread avg)  msgs=487523

----- REMOTE CPU LOAD (memory node dir-threads, 2s window) -----
  dir 0: active= 97.05%  msgs=244314      7945 ns/msg
  dir 1: active= 97.67%  msgs=243430      8025 ns/msg
  AGGREGATE active = 194.72% (of 2 dir-threads; 97.36% per-thread avg)  msgs=487744

----- REMOTE CPU LOAD (memory node dir-threads, 2s window) -----
  dir 0: active= 97.05%  msgs=244080      7953 ns/msg
  dir 1: active= 97.67%  msgs=243130      8035 ns/msg
  AGGREGATE active = 194.72% (of 2 dir-threads; 97.36% per-thread avg)  msgs=487210

----- REMOTE CPU LOAD (memory node dir-threads, 2s window) -----
  dir 0: active= 97.05%  msgs=244183      7949 ns/msg
  dir 1: active= 97.66%  msgs=243156      8033 ns/msg
  AGGREGATE active = 194.72% (of 2 dir-threads; 97.36% per-thread avg)  msgs=487339

----- REMOTE CPU LOAD (memory node dir-threads, 2s window) -----
  dir 0: active= 97.04%  msgs=244351      7943 ns/msg
  dir 1: active= 97.67%  msgs=243278      8029 ns/msg
  AGGREGATE active = 194.71% (of 2 dir-threads; 97.35% per-thread avg)  msgs=487629

----- REMOTE CPU LOAD (memory node dir-threads, 2s window) -----
  dir 0: active= 97.04%  msgs=244268      7946 ns/msg
  dir 1: active= 97.66%  msgs=243377      8026 ns/msg
  AGGREGATE active = 194.71% (of 2 dir-threads; 97.35% per-thread avg)  msgs=487645

----- REMOTE CPU LOAD (memory node dir-threads, 2s window) -----
  dir 0: active= 97.05%  msgs=244165      7950 ns/msg
  dir 1: active= 97.66%  msgs=243248      8030 ns/msg
  AGGREGATE active = 194.71% (of 2 dir-threads; 97.36% per-thread avg)  msgs=487413

----- REMOTE CPU LOAD (memory node dir-threads, 2s window) -----
  dir 0: active= 97.05%  msgs=244266      7946 ns/msg
  dir 1: active= 97.66%  msgs=243071      8036 ns/msg
  AGGREGATE active = 194.71% (of 2 dir-threads; 97.35% per-thread avg)  msgs=487337

----- REMOTE CPU LOAD (memory node dir-threads, 2s window) -----
  dir 0: active= 97.04%  msgs=244516      7938 ns/msg
  dir 1: active= 97.66%  msgs=242926      8041 ns/msg
  AGGREGATE active = 194.71% (of 2 dir-threads; 97.35% per-thread avg)  msgs=487442

----- REMOTE CPU LOAD (memory node dir-threads, 2s window) -----
  dir 0: active= 97.04%  msgs=244262      7946 ns/msg
  dir 1: active= 97.66%  msgs=243135      8034 ns/msg
  AGGREGATE active = 194.70% (of 2 dir-threads; 97.35% per-thread avg)  msgs=487397

----- REMOTE CPU LOAD (memory node dir-threads, 2s window) -----
  dir 0: active= 97.03%  msgs=244194      7948 ns/msg
  dir 1: active= 97.66%  msgs=243163      8033 ns/msg
  AGGREGATE active = 194.69% (of 2 dir-threads; 97.35% per-thread avg)  msgs=487357

----- REMOTE CPU LOAD (memory node dir-threads, 2s window) -----
  dir 0: active= 97.03%  msgs=244604      7934 ns/msg
  dir 1: active= 97.66%  msgs=242904      8041 ns/msg
  AGGREGATE active = 194.69% (of 2 dir-threads; 97.34% per-thread avg)  msgs=487508

----- REMOTE CPU LOAD (memory node dir-threads, 2s window) -----
  dir 0: active= 97.03%  msgs=244044      7952 ns/msg
  dir 1: active= 97.66%  msgs=242920      8041 ns/msg
  AGGREGATE active = 194.69% (of 2 dir-threads; 97.35% per-thread avg)  msgs=486964

----- REMOTE CPU LOAD (memory node dir-threads, 2s window) -----
  dir 0: active= 97.03%  msgs=244316      7945 ns/msg
  dir 1: active= 97.65%  msgs=243034      8039 ns/msg
  AGGREGATE active = 194.68% (of 2 dir-threads; 97.34% per-thread avg)  msgs=487350

----- REMOTE CPU LOAD (memory node dir-threads, 2s window) -----
  dir 0: active= 97.03%  msgs=244199      7947 ns/msg
  dir 1: active= 97.66%  msgs=242913      8041 ns/msg
  AGGREGATE active = 194.69% (of 2 dir-threads; 97.34% per-thread avg)  msgs=487112

----- REMOTE CPU LOAD (memory node dir-threads, 2s window) -----
  dir 0: active= 97.02%  msgs=244373      7940 ns/msg
  dir 1: active= 97.66%  msgs=243099      8035 ns/msg
  AGGREGATE active = 194.67% (of 2 dir-threads; 97.34% per-thread avg)  msgs=487472

----- REMOTE CPU LOAD (memory node dir-threads, 2s window) -----
  dir 0: active= 97.03%  msgs=244351      7942 ns/msg
  dir 1: active= 97.65%  msgs=242911      8040 ns/msg
  AGGREGATE active = 194.68% (of 2 dir-threads; 97.34% per-thread avg)  msgs=487262

----- REMOTE CPU LOAD (memory node dir-threads, 2s window) -----
  dir 0: active= 97.04%  msgs=244486      7938 ns/msg
  dir 1: active= 97.65%  msgs=242877      8041 ns/msg
  AGGREGATE active = 194.68% (of 2 dir-threads; 97.34% per-thread avg)  msgs=487363

----- REMOTE CPU LOAD (memory node dir-threads, 2s window) -----
  dir 0: active= 97.03%  msgs=244217      7946 ns/msg
  dir 1: active= 97.64%  msgs=242858      8042 ns/msg
  AGGREGATE active = 194.67% (of 2 dir-threads; 97.34% per-thread avg)  msgs=487075

----- REMOTE CPU LOAD (memory node dir-threads, 2s window) -----
  dir 0: active= 97.03%  msgs=243984      7954 ns/msg
  dir 1: active= 97.64%  msgs=242835      8042 ns/msg
  AGGREGATE active = 194.67% (of 2 dir-threads; 97.34% per-thread avg)  msgs=486819

----- REMOTE CPU LOAD (memory node dir-threads, 2s window) -----
  dir 0: active= 97.02%  msgs=244463      7938 ns/msg
  dir 1: active= 97.64%  msgs=242738      8045 ns/msg
  AGGREGATE active = 194.66% (of 2 dir-threads; 97.33% per-thread avg)  msgs=487201

----- REMOTE CPU LOAD (memory node dir-threads, 2s window) -----
  dir 0: active= 97.02%  msgs=244236      7945 ns/msg
  dir 1: active= 97.63%  msgs=242869      8040 ns/msg
  AGGREGATE active = 194.66% (of 2 dir-threads; 97.33% per-thread avg)  msgs=487105

----- REMOTE CPU LOAD (memory node dir-threads, 2s window) -----
  dir 0: active= 97.02%  msgs=244312      7943 ns/msg
  dir 1: active= 97.64%  msgs=242757      8044 ns/msg
  AGGREGATE active = 194.66% (of 2 dir-threads; 97.33% per-thread avg)  msgs=487069

----- REMOTE CPU LOAD (memory node dir-threads, 2s window) -----
  dir 0: active= 97.03%  msgs=244285      7944 ns/msg
  dir 1: active= 97.64%  msgs=242738      8045 ns/msg
  AGGREGATE active = 194.66% (of 2 dir-threads; 97.33% per-thread avg)  msgs=487023

----- REMOTE CPU LOAD (memory node dir-threads, 2s window) -----
  dir 0: active= 97.02%  msgs=244263      7944 ns/msg
  dir 1: active= 97.63%  msgs=242774      8043 ns/msg
  AGGREGATE active = 194.65% (of 2 dir-threads; 97.33% per-thread avg)  msgs=487037

----- REMOTE CPU LOAD (memory node dir-threads, 2s window) -----
  dir 0: active= 97.02%  msgs=244333      7942 ns/msg
  dir 1: active= 97.63%  msgs=242973      8037 ns/msg
  AGGREGATE active = 194.66% (of 2 dir-threads; 97.33% per-thread avg)  msgs=487306

----- REMOTE CPU LOAD (memory node dir-threads, 2s window) -----
  dir 0: active= 97.01%  msgs=244500      7935 ns/msg
  dir 1: active= 97.64%  msgs=242735      8045 ns/msg
  AGGREGATE active = 194.64% (of 2 dir-threads; 97.32% per-thread avg)  msgs=487235

----- REMOTE CPU LOAD (memory node dir-threads, 2s window) -----
  dir 0: active= 97.02%  msgs=244197      7946 ns/msg
  dir 1: active= 97.63%  msgs=242444      8055 ns/msg
  AGGREGATE active = 194.65% (of 2 dir-threads; 97.32% per-thread avg)  msgs=486641
