nodes 2, threads 36, mix R/I/U/S=100/0/0/0, uniform, bulk 50M warmup 10M op 30M, offload 100%, scan_range 100
[4mshared memory size: 64GB, 0x7feeda800000[0m
[4mrdma cache size: 4GB[0m
[4mMachine NR: 2[0m
[4mCompute server 1 start up [10.30.1.6]
[0m
I connect server 0
[CONFIG node 1] bulk load: bottom-up build, 8 keys per leaf, 3 children per inner node (CHIME_BULK_BUILD / CHIME_BUILD_LEAF_KEYS / CHIME_BUILD_INNER_FANOUT)
[CONFIG node 1] clients on this node: yes (CHIME_MN_CLIENTS)
[CONFIG node 1] leaf cache by key=1 owner=1 admit_push=0.10 granule=16 (CHIME_LEAF_BY_KEY / CHIME_LEAF_OWNER / CHIME_LEAF_ADMIT_PUSH / CHIME_LEAF_KEY_GRANULE)
[CONFIG node 1] scan path: from_cache=1 offload_always=0 (CHIME_SCAN_FROM_CACHE / CHIME_SCAN_OFFLOAD_ALWAYS)
[CONFIG node 1] push ops: both (CHIME_PUSH_OPS; applies only with offloading on)
[CACHE node 1] total=512 MB index=32 MB leaf=480 MB
[CONFIG node 1] dir threads = 16 (CHIME_DIR_THREADS, max 16) -- MUST match the other node
[CORES node 1] linear pinning: app threads -> CPUs 0..35, main -> 79, dir threads -> 79 (REV_DIR_CPUS)
[CONFIG] hotspot buffer + speculative read: off (CHIME_HOTSPOT; stock CHIME: on above 50 MB)
 ----- [LeafCache]: budget=480 MB -> 157040 sets x 8 ways = 1256320 leaves (352 B/leaf, 480.0 MB) -----
 ----- [LeafCache]: by_key=1 (index 57.5 MB, granule 16 keys) owner=1 (no network check on a hit) admit_push=0.10 -----
workload generated: keyspace=50001000 bulk=50000000 warmup=9999972 op=29999988
[4mKey space set: keySpaceSize=50000000[0m
I am 36
I am 37
I am 42
I am 40
I am 38
I am 69
I am 39
I am 43
I am 44
I am 55
I am 47
I am 53
I am 50
I am 70
I am 52
I am 41
I am 60
I am 71
I am 59
I am 57
I am 46
I am 56
I am 68
I am 58
I am 61
I am 48
I am 62
I am 64
I am 65
I am 66
I am 51
I am 63
I am 67
I am 54
I am 49
I am 45
[build] leaves: 10% (625001/6250000)
[build] leaves: 20% (1250002/6250000)
[build] leaves: 30% (1875003/6250000)
[build] leaves: 40% (2500004/6250000)
[build] leaves: 50% (3125005/6250000)
[build] leaves: 60% (3750006/6250000)
[build] leaves: 70% (4375007/6250000)
[build] leaves: 80% (5000008/6250000)
[build] leaves: 90% (5625009/6250000)
[build] inner level 1: 2083333 nodes
[build] inner level 2: 694444 nodes
[build] inner level 3: 231481 nodes
[build] inner level 4: 77160 nodes
[build] inner level 5: 25720 nodes
[build] inner level 6: 8573 nodes
[build] inner level 7: 2858 nodes
[build] inner level 8: 953 nodes
[build] inner level 9: 318 nodes
[build] inner level 10: 106 nodes
[build] inner level 11: 35 nodes
[build] inner level 12: 12 nodes
[build] inner level 13: 4 nodes
[build] inner level 14: 1 nodes
[build] done in 23.1s: height=15 leaves=6250000 inner_nodes=3124998 (8 keys per leaf, 3 children per inner node)
[TREE] height=15 leaves=6250000 inner_nodes=3124998 keys_per_leaf=8.00 inner_MB=998.4 leaf_MB=2104.0 total_MB=3102.4 (internal span 16, leaf span 16, node bytes inner=335 leaf=353)
node 1 warmup done in 61s
[INDEX] --- post-bulk-load cache occupancy (cache = 32 MB) ---
 ----- [TreeCache]:  cache size=32 MB free_size=0.000 MB skiplist_node_cnt=3107683 ----- 
consumed cache size = 32.000 MB
 ----- [IdxCache]:  cache size=0 MB free_size=0.000 MB ---- 
consumed hotspot buffer size = 0.000000 MB

 ----- [LeafCache]: capacity=1256320 leaves resident=1256320 (100.0% full, 421.7 MB) -----
[LEAFCACHE] hit=1856386 miss=8143579 stale=0 fill=8143579 hit_pct=18.564 admit_pct=100.000 resident=1256320 capacity=1256320 budget_mb=480
[LEAFKEY] by_key=1 owner=1 admit_push=0.10 key_hits=399 push_admits=347
1, throughput 2.7128 Mops
1, throughput 2.7040 Mops
1, throughput 2.7354 Mops
1, throughput 2.7464 Mops
1, throughput 2.7478 Mops
1, throughput 2.7524 Mops
1, throughput 2.7546 Mops
1, throughput 2.7552 Mops
1, throughput 2.7555 Mops
1, throughput 2.7575 Mops
1, throughput 2.7616 Mops
1, throughput 2.7601 Mops
1, throughput 2.7586 Mops
1, throughput 2.7594 Mops
1, throughput 2.7564 Mops
1, throughput 2.7584 Mops
1, throughput 2.7585 Mops
1, throughput 2.7622 Mops
1, throughput 2.7605 Mops
1, throughput 2.7597 Mops
1, throughput 2.7635 Mops
1, throughput 2.0064 Mops
1, throughput 0.2023 Mops
[RESULT node 1] ops=29999988 elapsed=11.289s throughput=2.6573 Mops mode=op-bounded
[RDMA node 1] ops=29999988 posts=37425404 read_wr=19528825 read_bytes=1200147539 write_wr=0 write_bytes=0 atomic_wr=0 send_wr=24055381 send_bytes=986270621
[RDMA node 1] per_op: round_trips=1.2475 reads=0.6510 writes=0.0000 atomics=0.0000 sends=0.8018 verbs=1.4528 bytes=72.9

==================== LATENCY BUCKETS (500 ns) [node 1] ====================
[LOOKUP]
  ALL                n=29999988   mean=   13.02us  p50=  13.50us  p90=  21.50us  p99=  30.00us  p99.9=  37.00us  max>=729.00us
  DIRECT (1-sided)   n=5944607    mean=    3.22us  p50=   2.00us  p90=  13.00us  p99=  18.00us  p99.9=  21.50us  max>=669.50us
  OFFLOAD (rpc)      n=24055381   mean=   15.44us  p50=  15.00us  p90=  22.50us  p99=  31.00us  p99.9=  38.00us  max>=729.00us
[ALL OPS]
  ALL                n=29999988   mean=   13.02us  p50=  13.50us  p90=  21.50us  p99=  30.00us  p99.9=  37.00us  max>=729.00us
  DIRECT (1-sided)   n=5944607    mean=    3.22us  p50=   2.00us  p90=  13.00us  p99=  18.00us  p99.9=  21.50us  max>=669.50us
  OFFLOAD (rpc)      n=24055381   mean=   15.44us  p50=  15.00us  p90=  22.50us  p99=  31.00us  p99.9=  38.00us  max>=729.00us

----- 500 ns bucket CDF (all ops) [node 1] -----
  bucket [lo,hi) ns             count        pct       cdf
  [        0,      500)           23    0.0001%   0.0001%
  [      500,     1000)       245788    0.8193%   0.8194%
  [     1000,     1500)      2652735    8.8425%   9.6618%
  [     1500,     2000)      1846703    6.1557%  15.8175%
  [     2000,     2500)       312257    1.0409%  16.8584%
  [     2500,     3000)        31320    0.1044%  16.9628%
  [     3000,     3500)         8032    0.0268%  16.9895%
  [     3500,     4000)        11960    0.0399%  17.0294%
  [     4000,     4500)         8798    0.0293%  17.0587%
  [     4500,     5000)         7575    0.0253%  17.0840%
  [     5000,     5500)         6864    0.0229%  17.1069%
  [     5500,     6000)         7094    0.0236%  17.1305%
  [     6000,     6500)         7885    0.0263%  17.1568%
  [     6500,     7000)         8999    0.0300%  17.1868%
  [     7000,     7500)        11840    0.0395%  17.2263%
  [     7500,     8000)        27253    0.0908%  17.3171%
  [     8000,     8500)        88907    0.2964%  17.6135%
  [     8500,     9000)       243280    0.8109%  18.4244%
  [     9000,     9500)       503446    1.6782%  20.1025%
  [     9500,    10000)       818270    2.7276%  22.8301%
  [    10000,    10500)      1088905    3.6297%  26.4598%
  [    10500,    11000)      1277846    4.2595%  30.7193%
  [    11000,    11500)      1375416    4.5847%  35.3040%
  [    11500,    12000)      1352447    4.5082%  39.8122%
  [    12000,    12500)      1248365    4.1612%  43.9734%
  [    12500,    13000)      1124719    3.7491%  47.7224%
  [    13000,    13500)      1044701    3.4823%  51.2048%
  [    13500,    14000)      1032622    3.4421%  54.6469%
  [    14000,    14500)      1067782    3.5593%  58.2061%
  [    14500,    15000)      1115294    3.7176%  61.9238%
  [    15000,    15500)      1137187    3.7906%  65.7144%
  [    15500,    16000)      1118176    3.7273%  69.4417%
  [    16000,    16500)      1044027    3.4801%  72.9217%
  [    16500,    17000)       938140    3.1271%  76.0489%
  [    17000,    17500)       820805    2.7360%  78.7849%
  [    17500,    18000)       706072    2.3536%  81.1385%
  [    18000,    18500)       604489    2.0150%  83.1534%
  [    18500,    19000)       517573    1.7252%  84.8787%
  [    19000,    19500)       447746    1.4925%  86.3712%
  [    19500,    20000)       393905    1.3130%  87.6842%
  [    20000,    20500)       349114    1.1637%  88.8479%
  [    20500,    21000)       316219    1.0541%  89.9020%
  [    21000,    21500)       287616    0.9587%  90.8607%
  [    21500,    22000)       262666    0.8756%  91.7362%
  [    22000,    22500)       241589    0.8053%  92.5415%
  [    22500,    23000)       222554    0.7418%  93.2834%
  [    23000,    23500)       205755    0.6859%  93.9692%
  [    23500,    24000)       189901    0.6330%  94.6022%
  [    24000,    24500)       176481    0.5883%  95.1905%
  [    24500,    25000)       163260    0.5442%  95.7347%
  [    25000,    25500)       150931    0.5031%  96.2378%
  [    25500,    26000)       138391    0.4613%  96.6991%
  [    26000,    26500)       126522    0.4217%  97.1209%
  [    26500,    27000)       114565    0.3819%  97.5027%
  [    27000,    27500)       102354    0.3412%  97.8439%
  [    27500,    28000)        91136    0.3038%  98.1477%
  [    28000,    28500)        80614    0.2687%  98.4164%
  [    28500,    29000)        70339    0.2345%  98.6509%
  [    29000,    29500)        60464    0.2015%  98.8524%
  [    29500,    30000)        52120    0.1737%  99.0262%
  [    30000,    30500)        45135    0.1505%  99.1766%
  [    30500,    31000)        38398    0.1280%  99.3046%
  [    31000,    31500)        32780    0.1093%  99.4139%
  [    31500,    32000)        27479    0.0916%  99.5055%
  [    32000,    32500)        22978    0.0766%  99.5821%
  [    32500,    33000)        19537    0.0651%  99.6472%
  [    33000,    33500)        16268    0.0542%  99.7014%
  [    33500,    34000)        13605    0.0454%  99.7468%
  [    34000,    34500)        11569    0.0386%  99.7853%
  [    34500,    35000)         9646    0.0322%  99.8175%
  [    35000,    35500)         8188    0.0273%  99.8448%
  [    35500,    36000)         6947    0.0232%  99.8679%
  [    36000,    36500)         5947    0.0198%  99.8878%
  [    36500,    37000)         4967    0.0166%  99.9043%
  [    37000,    37500)         4216    0.0141%  99.9184%
  [    37500,    38000)         3561    0.0119%  99.9302%
  [    38000,    38500)         3005    0.0100%  99.9402%
  [    38500,    39000)         2631    0.0088%  99.9490%
  [    39000,    39500)         2154    0.0072%  99.9562%
  [    39500,    40000)         1936    0.0065%  99.9627%
  [    40000,    40500)         1607    0.0054%  99.9680%
  [    40500,    41000)         1356    0.0045%  99.9725%
  [    41000,    41500)         1106    0.0037%  99.9762%
  [    41500,    42000)         1006    0.0034%  99.9796%
  [    42000,    42500)          813    0.0027%  99.9823%
  [    42500,    43000)          730    0.0024%  99.9847%
  [    43000,    43500)          583    0.0019%  99.9867%
  [    43500,    44000)          555    0.0019%  99.9885%
  [    44000,    44500)          469    0.0016%  99.9901%
  [    44500,    45000)          359    0.0012%  99.9913%
  [    45000,    45500)          330    0.0011%  99.9924%
  [    45500,    46000)          253    0.0008%  99.9932%
  [    46000,    46500)          231    0.0008%  99.9940%
  [    46500,    47000)          196    0.0007%  99.9946%
  [    47000,    47500)          171    0.0006%  99.9952%
  [    47500,    48000)          180    0.0006%  99.9958%
  [    48000,    48500)          130    0.0004%  99.9962%
  [    48500,    49000)          119    0.0004%  99.9966%
  [    49000,    49500)           96    0.0003%  99.9970%
  [    49500,    50000)           83    0.0003%  99.9972%
  [    50000,    50500)           78    0.0003%  99.9975%
  [    50500,    51000)           63    0.0002%  99.9977%
  [    51000,    51500)           65    0.0002%  99.9979%
  [    51500,    52000)           56    0.0002%  99.9981%
  [    52000,    52500)           39    0.0001%  99.9982%
  [    52500,    53000)           47    0.0002%  99.9984%
  [    53000,    53500)           46    0.0002%  99.9985%
  [    53500,    54000)           27    0.0001%  99.9986%
  [    54000,    54500)           26    0.0001%  99.9987%
  [    54500,    55000)           25    0.0001%  99.9988%
  [    55000,    55500)           18    0.0001%  99.9989%
  [    55500,    56000)           15    0.0001%  99.9989%
  [    56000,    56500)           20    0.0001%  99.9990%
  [    56500,    57000)           28    0.0001%  99.9991%
  [    57000,    57500)           14    0.0000%  99.9991%
  [    57500,    58000)            7    0.0000%  99.9991%
  [    58000,    58500)           13    0.0000%  99.9992%
  [    58500,    59000)            7    0.0000%  99.9992%
  [    59000,    59500)            7    0.0000%  99.9992%
  [    59500,    60000)            7    0.0000%  99.9993%
  [    60000,    60500)            4    0.0000%  99.9993%
  [    60500,    61000)            9    0.0000%  99.9993%
  [    61000,    61500)            4    0.0000%  99.9993%
  [    61500,    62000)            8    0.0000%  99.9993%
  [    62000,    62500)            7    0.0000%  99.9994%
  [    62500,    63000)            5    0.0000%  99.9994%
  [    63000,    63500)            6    0.0000%  99.9994%
  [    63500,    64000)            4    0.0000%  99.9994%
  [    64000,    64500)            4    0.0000%  99.9994%
  [    64500,    65000)            6    0.0000%  99.9994%
  [    65000,    65500)            4    0.0000%  99.9995%
  [    65500,    66000)            3    0.0000%  99.9995%
  [    66000,    66500)            3    0.0000%  99.9995%
  [    66500,    67000)            7    0.0000%  99.9995%
  [    67000,    67500)            2    0.0000%  99.9995%
  [    67500,    68000)            5    0.0000%  99.9995%
  [    68000,    68500)            5    0.0000%  99.9995%
  [    68500,    69000)            3    0.0000%  99.9996%
  [    69500,    70000)            1    0.0000%  99.9996%
  [    70000,    70500)            3    0.0000%  99.9996%
  [    70500,    71000)            2    0.0000%  99.9996%
  [    71000,    71500)            1    0.0000%  99.9996%
  [    71500,    72000)            3    0.0000%  99.9996%
  [    72000,    72500)            1    0.0000%  99.9996%
  [    72500,    73000)            3    0.0000%  99.9996%
  [    73500,    74000)            2    0.0000%  99.9996%
  [    74000,    74500)            2    0.0000%  99.9996%
  [    74500,    75000)            6    0.0000%  99.9996%
  [    75000,    75500)            1    0.0000%  99.9996%
  [    75500,    76000)            2    0.0000%  99.9996%
  [    76000,    76500)            2    0.0000%  99.9996%
  [    76500,    77000)            2    0.0000%  99.9997%
  [    77500,    78000)            2    0.0000%  99.9997%
  [    78000,    78500)            1    0.0000%  99.9997%
  [    79000,    79500)            1    0.0000%  99.9997%
  [    79500,    80000)            3    0.0000%  99.9997%
  [    80000,    80500)            1    0.0000%  99.9997%
  [    80500,    81000)            2    0.0000%  99.9997%
  [    81000,    81500)            2    0.0000%  99.9997%
  [    81500,    82000)            3    0.0000%  99.9997%
  [    82000,    82500)            1    0.0000%  99.9997%
  [    83500,    84000)            3    0.0000%  99.9997%
  [    84500,    85000)            3    0.0000%  99.9997%
  [    85500,    86000)            1    0.0000%  99.9997%
  [    86500,    87000)            1    0.0000%  99.9997%
  [    87000,    87500)            2    0.0000%  99.9997%
  [    87500,    88000)            2    0.0000%  99.9997%
  [    88500,    89000)            2    0.0000%  99.9998%
  [    89000,    89500)            1    0.0000%  99.9998%
  [    89500,    90000)            1    0.0000%  99.9998%
  [    90500,    91000)            3    0.0000%  99.9998%
  [    91000,    91500)            1    0.0000%  99.9998%
  [    91500,    92000)            1    0.0000%  99.9998%
  [    92000,    92500)            1    0.0000%  99.9998%
  [    92500,    93000)            1    0.0000%  99.9998%
  [    93000,    93500)            1    0.0000%  99.9998%
  [    93500,    94000)            2    0.0000%  99.9998%
  [    95000,    95500)            1    0.0000%  99.9998%
  [    95500,    96000)            2    0.0000%  99.9998%
  [    97000,    97500)            1    0.0000%  99.9998%
  [    98000,    98500)            2    0.0000%  99.9998%
  [    98500,    99000)            1    0.0000%  99.9998%
  [    99000,    99500)            1    0.0000%  99.9998%
  [   101000,   101500)            1    0.0000%  99.9998%
  [   101500,   102000)            1    0.0000%  99.9998%
  [   105000,   105500)            2    0.0000%  99.9998%
  [   110000,   110500)            1    0.0000%  99.9998%
  [   111000,   111500)            1    0.0000%  99.9998%
  [   111500,   112000)            1    0.0000%  99.9998%
  [   119000,   119500)            1    0.0000%  99.9998%
  [   123000,   123500)            1    0.0000%  99.9999%
  [   177000,   177500)            1    0.0000%  99.9999%
  [   188000,   188500)            1    0.0000%  99.9999%
  [   190000,   190500)            2    0.0000%  99.9999%
  [   191000,   191500)            1    0.0000%  99.9999%
  [   191500,   192000)            1    0.0000%  99.9999%
  [   192000,   192500)            1    0.0000%  99.9999%
  [   192500,   193000)            1    0.0000%  99.9999%
  [   193000,   193500)            1    0.0000%  99.9999%
  [   195000,   195500)            1    0.0000%  99.9999%
  [   195500,   196000)            1    0.0000%  99.9999%
  [   196500,   197000)            1    0.0000%  99.9999%
  [   197500,   198000)            1    0.0000%  99.9999%
  [   198000,   198500)            1    0.0000%  99.9999%
  [   204000,   204500)            1    0.0000%  99.9999%
  [   205000,   205500)            1    0.0000%  99.9999%
  [   210000,   210500)            1    0.0000%  99.9999%
  [   250500,   251000)            1    0.0000%  99.9999%
  [   252000,   252500)            1    0.0000%  99.9999%
  [   256000,   256500)            1    0.0000%  99.9999%
  [   258000,   258500)            2    0.0000%  99.9999%
  [   258500,   259000)            1    0.0000%  99.9999%
  [   259500,   260000)            1    0.0000%  99.9999%
  [   261000,   261500)            1    0.0000%  99.9999%
  [   435000,   435500)            1    0.0000%  99.9999%
  [   472500,   473000)            1    0.0000%  99.9999%
  [   582000,   582500)            1    0.0000%  99.9999%
  [   586000,   586500)            1    0.0000%  99.9999%
  [   593000,   593500)            2    0.0000% 100.0000%
  [   637500,   638000)            1    0.0000% 100.0000%
  [   640500,   641000)            1    0.0000% 100.0000%
  [   643000,   643500)            1    0.0000% 100.0000%
  [   669000,   669500)            1    0.0000% 100.0000%
  [   680000,   680500)            1    0.0000% 100.0000%
  [   684500,   685000)            1    0.0000% 100.0000%
  [   687000,   687500)            1    0.0000% 100.0000%
  [   705000,   705500)            1    0.0000% 100.0000%
  [   707000,   707500)            1    0.0000% 100.0000%
  [   708500,   709000)            1    0.0000% 100.0000%
  [   725000,   725500)            1    0.0000% 100.0000%
  [   728000,   728500)            1    0.0000% 100.0000%
  [   728500,   729000)            1    0.0000% 100.0000%

----- OFFLOADED TASKS [node 1] -----
  ops total                = 29999988
  ops direct (1-sided)     = 5944607 (19.82%)
  ops offload (rpc)        = 24055381 (80.18%)
  lookup pushdowns         = 24055381
  scan   pushdowns (RPC)   = 0
    kv pairs returned      = 0
    leaves scanned remotely= 0
    kv / scan pushdown     = 0.00
    leaves / scan pushdown = 0.00
=========================================================================

[CORRECTNESS node 1] lookup found 29999429 / 29999988 = 99.9981%
[READPATH node 1] lookups=29999988  index-cache hit=49.6%  per lookup: leaf=0.026 speculative=0.000 (right 0.0%) hop-reads=0.000 (two-segment 0.000) retries=0.000 invalid=0.000 sibling=0.000  => est. leaf round trips/lookup=0.000
 ----- [LeafCache]: capacity=1256320 leaves resident=1256320 (100.0% full, 421.7 MB) -----
[LEAFCACHE] hit=5186309 miss=758273 stale=0 fill=3079401 hit_pct=87.244 admit_pct=406.107 resident=1256320 capacity=1256320 budget_mb=480
[LEAFKEY] by_key=1 owner=1 admit_push=0.10 key_hits=5158493 push_admits=2321128

----- PER-LEVEL CACHE HITS [node 1] (lookups; level 0 = leaf) -----
[LEVEL] level=0 hits=5186309 misses=24813654 hit_rate=0.1729
[LEVEL] level=1 hits=786089 misses=24055381 hit_rate=0.0316
[LEVEL] level=2 hits=3222251 misses=21619219 hit_rate=0.1297
[LEVEL] level=3 hits=7739881 misses=17101589 hit_rate=0.3116
[LEVEL] level=4 hits=13229192 misses=11612278 hit_rate=0.5325
[LEVEL] level=5 hits=14411907 misses=10429563 hit_rate=0.5802
[LEVEL] level=6 hits=14532147 misses=10309323 hit_rate=0.5850
[LEVEL] level=7 hits=14549636 misses=10291834 hit_rate=0.5857
[LEVEL] level=8 hits=14550848 misses=10290622 hit_rate=0.5857
[LEVEL] level=9 hits=14550848 misses=10290622 hit_rate=0.5857
[LEVEL] level=10 hits=14550848 misses=10290622 hit_rate=0.5857
[LEVEL] level=11 hits=14550848 misses=10290622 hit_rate=0.5857
[LEVEL] level=12 hits=14550848 misses=10290622 hit_rate=0.5857
[LEVEL] level=13 hits=14550848 misses=10290622 hit_rate=0.5857
[LEVEL] level=14 hits=14550848 misses=10290622 hit_rate=0.5857
[KIND node 1] lookups=29999963 inner_visits=347780580 inner_hits=170327039 inner_hit_pct=48.98 leaf_visits=29999963 leaf_hits=5186309 leaf_hit_pct=17.29
[END]
