nodes 2, threads 36, mix R/I/U/S=100/0/0/0, uniform, bulk 50M warmup 10M op 30M, offload 100%, scan_range 100
[4mshared memory size: 64GB, 0x7feeda800000[0m
[4mrdma cache size: 4GB[0m
[4mMachine NR: 2[0m
[4mCompute server 1 start up [10.30.1.6]
[0m
I connect server 0
[CONFIG node 1] bulk load: bottom-up build, 8 keys per leaf, 6 children per inner node (CHIME_BULK_BUILD / CHIME_BUILD_LEAF_KEYS / CHIME_BUILD_INNER_FANOUT)
[CONFIG node 1] clients on this node: yes (CHIME_MN_CLIENTS)
[CONFIG node 1] leaf cache by key=1 owner=1 admit_push=0.10 granule=16 (CHIME_LEAF_BY_KEY / CHIME_LEAF_OWNER / CHIME_LEAF_ADMIT_PUSH / CHIME_LEAF_KEY_GRANULE)
[CONFIG node 1] scan path: from_cache=1 offload_always=0 (CHIME_SCAN_FROM_CACHE / CHIME_SCAN_OFFLOAD_ALWAYS)
[CONFIG node 1] push ops: both (CHIME_PUSH_OPS; applies only with offloading on)
[CACHE node 1] total=16 MB index=8 MB leaf=8 MB
[CONFIG node 1] dir threads = 16 (CHIME_DIR_THREADS, max 16) -- MUST match the other node
[CORES node 1] linear pinning: app threads -> CPUs 0..35, main -> 79, dir threads -> 79 (REV_DIR_CPUS)
[CONFIG] hotspot buffer + speculative read: off (CHIME_HOTSPOT; stock CHIME: on above 50 MB)
 ----- [LeafCache]: budget=8 MB -> 2375 sets x 8 ways = 19000 leaves (352 B/leaf, 8.0 MB) -----
 ----- [LeafCache]: by_key=1 (index 0.9 MB, granule 16 keys) owner=1 (no network check on a hit) admit_push=0.10 -----
workload generated: keyspace=50001000 bulk=50000000 warmup=9999972 op=29999988
[4mKey space set: keySpaceSize=50000000[0m
I am 70
I am 48
I am 47
I am 45
I am 43
I am 49
I am 59
I am 58
I am 41
I am 51
I am 50
I am 53
I am 44
I am 52
I am 36
I am 42
I am 40
I am 46
I am 37
I am 56
I am 57
I am 67
I am 65
I am 61
I am 64
I am 63
I am 60
I am 71
I am 54
I am 55
I am 62
I am 66
I am 68
I am 39
I am 38
I am 69
[build] leaves: 10% (625001/6250000)
[build] leaves: 20% (1250002/6250000)
[build] leaves: 30% (1875003/6250000)
[build] leaves: 40% (2500004/6250000)
[build] leaves: 50% (3125005/6250000)
[build] leaves: 60% (3750006/6250000)
[build] leaves: 70% (4375007/6250000)
[build] leaves: 80% (5000008/6250000)
[build] leaves: 90% (5625009/6250000)
[build] inner level 1: 1041667 nodes
[build] inner level 2: 173611 nodes
[build] inner level 3: 28935 nodes
[build] inner level 4: 4823 nodes
[build] inner level 5: 804 nodes
[build] inner level 6: 134 nodes
[build] inner level 7: 23 nodes
[build] inner level 8: 4 nodes
[build] inner level 9: 1 nodes
[build] done in 18.9s: height=10 leaves=6250000 inner_nodes=1250002 (8 keys per leaf, 6 children per inner node)
[TREE] height=10 leaves=6250000 inner_nodes=1250002 keys_per_leaf=8.00 inner_MB=399.4 leaf_MB=2104.0 total_MB=2503.4 (internal span 16, leaf span 16, node bytes inner=335 leaf=353)
node 1 warmup done in 56s
[INDEX] --- post-bulk-load cache occupancy (cache = 8 MB) ---
 ----- [TreeCache]:  cache size=8 MB free_size=0.000 MB skiplist_node_cnt=1249932 ----- 
consumed cache size = 8.000 MB
 ----- [IdxCache]:  cache size=0 MB free_size=0.000 MB ---- 
consumed hotspot buffer size = 0.000000 MB

 ----- [LeafCache]: capacity=19000 leaves resident=19000 (100.0% full, 6.4 MB) -----
[LEAFCACHE] hit=30411 miss=9969550 stale=0 fill=9969550 hit_pct=0.304 admit_pct=100.000 resident=19000 capacity=19000 budget_mb=8
[LEAFKEY] by_key=1 owner=1 admit_push=0.10 key_hits=4469 push_admits=0
1, throughput 2.3081 Mops
1, throughput 2.3232 Mops
1, throughput 2.3258 Mops
1, throughput 2.3241 Mops
1, throughput 2.3254 Mops
1, throughput 2.3256 Mops
1, throughput 2.3259 Mops
1, throughput 2.3259 Mops
1, throughput 2.3287 Mops
1, throughput 2.3280 Mops
1, throughput 2.3268 Mops
1, throughput 2.3276 Mops
1, throughput 2.3281 Mops
1, throughput 2.3301 Mops
1, throughput 2.3307 Mops
1, throughput 2.3289 Mops
1, throughput 2.3308 Mops
1, throughput 2.2903 Mops
1, throughput 2.3319 Mops
1, throughput 2.3311 Mops
1, throughput 2.3343 Mops
1, throughput 2.3339 Mops
1, throughput 2.3315 Mops
1, throughput 2.3299 Mops
1, throughput 2.3291 Mops
1, throughput 1.7279 Mops
1, throughput 0.1047 Mops
[RESULT node 1] ops=29999988 elapsed=13.133s throughput=2.2843 Mops mode=op-bounded
[RDMA node 1] ops=29999988 posts=48103425 read_wr=25544449 read_bytes=1370642378 write_wr=0 write_bytes=0 atomic_wr=0 send_wr=29439724 send_bytes=1207028684
[RDMA node 1] per_op: round_trips=1.6034 reads=0.8515 writes=0.0000 atomics=0.0000 sends=0.9813 verbs=1.8328 bytes=85.9

==================== LATENCY BUCKETS (500 ns) [node 1] ====================
[LOOKUP]
  ALL                n=29999988   mean=   15.40us  p50=  14.50us  p90=  23.00us  p99=  33.00us  p99.9=  43.00us  max>=1000.00us
  DIRECT (1-sided)   n=560264     mean=   11.63us  p50=  13.00us  p90=  15.00us  p99=  18.00us  p99.9=  21.50us  max>= 87.50us
  OFFLOAD (rpc)      n=29439724   mean=   15.48us  p50=  14.50us  p90=  23.50us  p99=  33.50us  p99.9=  43.00us  max>=1000.00us
[ALL OPS]
  ALL                n=29999988   mean=   15.40us  p50=  14.50us  p90=  23.00us  p99=  33.00us  p99.9=  43.00us  max>=1000.00us
  DIRECT (1-sided)   n=560264     mean=   11.63us  p50=  13.00us  p90=  15.00us  p99=  18.00us  p99.9=  21.50us  max>= 87.50us
  OFFLOAD (rpc)      n=29439724   mean=   15.48us  p50=  14.50us  p90=  23.50us  p99=  33.50us  p99.9=  43.00us  max>=1000.00us

----- 500 ns bucket CDF (all ops) [node 1] -----
  bucket [lo,hi) ns             count        pct       cdf
  [        0,      500)            1    0.0000%   0.0000%
  [      500,     1000)        12431    0.0414%   0.0414%
  [     1000,     1500)        35158    0.1172%   0.1586%
  [     1500,     2000)        10705    0.0357%   0.1943%
  [     2000,     2500)         1237    0.0041%   0.1984%
  [     2500,     3000)          135    0.0005%   0.1989%
  [     3000,     3500)           98    0.0003%   0.1992%
  [     3500,     4000)          128    0.0004%   0.1996%
  [     4000,     4500)          102    0.0003%   0.2000%
  [     4500,     5000)          132    0.0004%   0.2004%
  [     5000,     5500)          123    0.0004%   0.2008%
  [     5500,     6000)          281    0.0009%   0.2018%
  [     6000,     6500)         1660    0.0055%   0.2073%
  [     6500,     7000)        11558    0.0385%   0.2458%
  [     7000,     7500)        60604    0.2020%   0.4478%
  [     7500,     8000)       211352    0.7045%   1.1524%
  [     8000,     8500)       500725    1.6691%   2.8214%
  [     8500,     9000)       849246    2.8308%   5.6523%
  [     9000,     9500)      1119012    3.7300%   9.3823%
  [     9500,    10000)      1237504    4.1250%  13.5073%
  [    10000,    10500)      1223918    4.0797%  17.5870%
  [    10500,    11000)      1168833    3.8961%  21.4832%
  [    11000,    11500)      1153668    3.8456%  25.3287%
  [    11500,    12000)      1212056    4.0402%  29.3689%
  [    12000,    12500)      1319797    4.3993%  33.7682%
  [    12500,    13000)      1431269    4.7709%  38.5391%
  [    13000,    13500)      1488136    4.9605%  43.4996%
  [    13500,    14000)      1468648    4.8955%  48.3951%
  [    14000,    14500)      1377801    4.5927%  52.9877%
  [    14500,    15000)      1248513    4.1617%  57.1495%
  [    15000,    15500)      1112010    3.7067%  60.8562%
  [    15500,    16000)       982798    3.2760%  64.1322%
  [    16000,    16500)       868158    2.8939%  67.0260%
  [    16500,    17000)       784154    2.6138%  69.6399%
  [    17000,    17500)       721262    2.4042%  72.0441%
  [    17500,    18000)       674624    2.2487%  74.2928%
  [    18000,    18500)       629477    2.0983%  76.3911%
  [    18500,    19000)       589101    1.9637%  78.3547%
  [    19000,    19500)       552229    1.8408%  80.1955%
  [    19500,    20000)       517029    1.7234%  81.9189%
  [    20000,    20500)       484480    1.6149%  83.5339%
  [    20500,    21000)       455056    1.5169%  85.0507%
  [    21000,    21500)       427308    1.4244%  86.4751%
  [    21500,    22000)       398954    1.3298%  87.8049%
  [    22000,    22500)       370858    1.2362%  89.0411%
  [    22500,    23000)       341224    1.1374%  90.1785%
  [    23000,    23500)       313763    1.0459%  91.2244%
  [    23500,    24000)       282284    0.9409%  92.1654%
  [    24000,    24500)       253804    0.8460%  93.0114%
  [    24500,    25000)       226384    0.7546%  93.7660%
  [    25000,    25500)       201577    0.6719%  94.4379%
  [    25500,    26000)       178907    0.5964%  95.0343%
  [    26000,    26500)       159067    0.5302%  95.5645%
  [    26500,    27000)       141729    0.4724%  96.0369%
  [    27000,    27500)       126568    0.4219%  96.4588%
  [    27500,    28000)       113607    0.3787%  96.8375%
  [    28000,    28500)       101911    0.3397%  97.1772%
  [    28500,    29000)        91669    0.3056%  97.4828%
  [    29000,    29500)        82497    0.2750%  97.7578%
  [    29500,    30000)        74529    0.2484%  98.0062%
  [    30000,    30500)        66456    0.2215%  98.2277%
  [    30500,    31000)        59156    0.1972%  98.4249%
  [    31000,    31500)        52924    0.1764%  98.6013%
  [    31500,    32000)        46793    0.1560%  98.7573%
  [    32000,    32500)        41166    0.1372%  98.8945%
  [    32500,    33000)        36810    0.1227%  99.0172%
  [    33000,    33500)        32801    0.1093%  99.1266%
  [    33500,    34000)        28752    0.0958%  99.2224%
  [    34000,    34500)        25885    0.0863%  99.3087%
  [    34500,    35000)        23201    0.0773%  99.3860%
  [    35000,    35500)        20509    0.0684%  99.4544%
  [    35500,    36000)        18121    0.0604%  99.5148%
  [    36000,    36500)        16166    0.0539%  99.5687%
  [    36500,    37000)        14181    0.0473%  99.6159%
  [    37000,    37500)        12682    0.0423%  99.6582%
  [    37500,    38000)        11301    0.0377%  99.6959%
  [    38000,    38500)        10024    0.0334%  99.7293%
  [    38500,    39000)         8987    0.0300%  99.7593%
  [    39000,    39500)         8163    0.0272%  99.7865%
  [    39500,    40000)         7121    0.0237%  99.8102%
  [    40000,    40500)         6326    0.0211%  99.8313%
  [    40500,    41000)         5614    0.0187%  99.8500%
  [    41000,    41500)         4911    0.0164%  99.8664%
  [    41500,    42000)         4249    0.0142%  99.8805%
  [    42000,    42500)         3820    0.0127%  99.8933%
  [    42500,    43000)         3443    0.0115%  99.9047%
  [    43000,    43500)         3011    0.0100%  99.9148%
  [    43500,    44000)         2713    0.0090%  99.9238%
  [    44000,    44500)         2412    0.0080%  99.9319%
  [    44500,    45000)         2080    0.0069%  99.9388%
  [    45000,    45500)         1908    0.0064%  99.9452%
  [    45500,    46000)         1810    0.0060%  99.9512%
  [    46000,    46500)         1512    0.0050%  99.9562%
  [    46500,    47000)         1272    0.0042%  99.9605%
  [    47000,    47500)         1235    0.0041%  99.9646%
  [    47500,    48000)         1028    0.0034%  99.9680%
  [    48000,    48500)          980    0.0033%  99.9713%
  [    48500,    49000)          826    0.0028%  99.9740%
  [    49000,    49500)          763    0.0025%  99.9766%
  [    49500,    50000)          698    0.0023%  99.9789%
  [    50000,    50500)          594    0.0020%  99.9809%
  [    50500,    51000)          529    0.0018%  99.9826%
  [    51000,    51500)          465    0.0016%  99.9842%
  [    51500,    52000)          424    0.0014%  99.9856%
  [    52000,    52500)          421    0.0014%  99.9870%
  [    52500,    53000)          354    0.0012%  99.9882%
  [    53000,    53500)          308    0.0010%  99.9892%
  [    53500,    54000)          271    0.0009%  99.9901%
  [    54000,    54500)          237    0.0008%  99.9909%
  [    54500,    55000)          222    0.0007%  99.9917%
  [    55000,    55500)          209    0.0007%  99.9923%
  [    55500,    56000)          201    0.0007%  99.9930%
  [    56000,    56500)          160    0.0005%  99.9936%
  [    56500,    57000)          146    0.0005%  99.9940%
  [    57000,    57500)          157    0.0005%  99.9946%
  [    57500,    58000)          152    0.0005%  99.9951%
  [    58000,    58500)          123    0.0004%  99.9955%
  [    58500,    59000)          101    0.0003%  99.9958%
  [    59000,    59500)          104    0.0003%  99.9962%
  [    59500,    60000)           95    0.0003%  99.9965%
  [    60000,    60500)           97    0.0003%  99.9968%
  [    60500,    61000)           74    0.0002%  99.9970%
  [    61000,    61500)           63    0.0002%  99.9973%
  [    61500,    62000)           52    0.0002%  99.9974%
  [    62000,    62500)           49    0.0002%  99.9976%
  [    62500,    63000)           49    0.0002%  99.9978%
  [    63000,    63500)           36    0.0001%  99.9979%
  [    63500,    64000)           51    0.0002%  99.9980%
  [    64000,    64500)           41    0.0001%  99.9982%
  [    64500,    65000)           43    0.0001%  99.9983%
  [    65000,    65500)           27    0.0001%  99.9984%
  [    65500,    66000)           32    0.0001%  99.9985%
  [    66000,    66500)           34    0.0001%  99.9986%
  [    66500,    67000)           25    0.0001%  99.9987%
  [    67000,    67500)           23    0.0001%  99.9988%
  [    67500,    68000)           27    0.0001%  99.9989%
  [    68000,    68500)           11    0.0000%  99.9989%
  [    68500,    69000)           10    0.0000%  99.9990%
  [    69000,    69500)           16    0.0001%  99.9990%
  [    69500,    70000)           15    0.0001%  99.9991%
  [    70000,    70500)           19    0.0001%  99.9991%
  [    70500,    71000)           13    0.0000%  99.9992%
  [    71000,    71500)           11    0.0000%  99.9992%
  [    71500,    72000)           14    0.0000%  99.9993%
  [    72000,    72500)           16    0.0001%  99.9993%
  [    72500,    73000)            8    0.0000%  99.9993%
  [    73000,    73500)           11    0.0000%  99.9994%
  [    73500,    74000)            5    0.0000%  99.9994%
  [    74000,    74500)            3    0.0000%  99.9994%
  [    74500,    75000)            7    0.0000%  99.9994%
  [    75000,    75500)            6    0.0000%  99.9994%
  [    75500,    76000)            9    0.0000%  99.9995%
  [    76000,    76500)            4    0.0000%  99.9995%
  [    76500,    77000)            8    0.0000%  99.9995%
  [    77000,    77500)            6    0.0000%  99.9995%
  [    77500,    78000)            6    0.0000%  99.9995%
  [    78000,    78500)            2    0.0000%  99.9996%
  [    78500,    79000)            7    0.0000%  99.9996%
  [    79000,    79500)            2    0.0000%  99.9996%
  [    79500,    80000)            4    0.0000%  99.9996%
  [    80000,    80500)            2    0.0000%  99.9996%
  [    80500,    81000)            6    0.0000%  99.9996%
  [    81000,    81500)            2    0.0000%  99.9996%
  [    81500,    82000)            1    0.0000%  99.9996%
  [    82000,    82500)            1    0.0000%  99.9996%
  [    82500,    83000)            2    0.0000%  99.9996%
  [    83000,    83500)            5    0.0000%  99.9997%
  [    83500,    84000)            3    0.0000%  99.9997%
  [    84500,    85000)            1    0.0000%  99.9997%
  [    85000,    85500)            1    0.0000%  99.9997%
  [    85500,    86000)            1    0.0000%  99.9997%
  [    86000,    86500)            1    0.0000%  99.9997%
  [    87000,    87500)            3    0.0000%  99.9997%
  [    87500,    88000)            2    0.0000%  99.9997%
  [    88000,    88500)            2    0.0000%  99.9997%
  [    88500,    89000)            1    0.0000%  99.9997%
  [    89000,    89500)            1    0.0000%  99.9997%
  [    89500,    90000)            1    0.0000%  99.9997%
  [    90000,    90500)            3    0.0000%  99.9997%
  [    90500,    91000)            1    0.0000%  99.9997%
  [    91000,    91500)            2    0.0000%  99.9997%
  [    91500,    92000)            2    0.0000%  99.9997%
  [    92000,    92500)            3    0.0000%  99.9998%
  [    92500,    93000)            2    0.0000%  99.9998%
  [    94000,    94500)            2    0.0000%  99.9998%
  [    94500,    95000)            1    0.0000%  99.9998%
  [    95000,    95500)            2    0.0000%  99.9998%
  [    95500,    96000)            2    0.0000%  99.9998%
  [    96000,    96500)            1    0.0000%  99.9998%
  [    97500,    98000)            1    0.0000%  99.9998%
  [    98000,    98500)            1    0.0000%  99.9998%
  [   100000,   100500)            1    0.0000%  99.9998%
  [   101000,   101500)            2    0.0000%  99.9998%
  [   102500,   103000)            1    0.0000%  99.9998%
  [   104000,   104500)            1    0.0000%  99.9998%
  [   106000,   106500)            2    0.0000%  99.9998%
  [   108000,   108500)            1    0.0000%  99.9998%
  [   122000,   122500)            1    0.0000%  99.9998%
  [   134500,   135000)            1    0.0000%  99.9998%
  [   158500,   159000)            1    0.0000%  99.9998%
  [   161000,   161500)            1    0.0000%  99.9998%
  [   178000,   178500)            1    0.0000%  99.9998%
  [   179500,   180000)            2    0.0000%  99.9998%
  [   180500,   181000)            1    0.0000%  99.9998%
  [   181000,   181500)            1    0.0000%  99.9999%
  [   182000,   182500)            1    0.0000%  99.9999%
  [   183000,   183500)            1    0.0000%  99.9999%
  [   183500,   184000)            4    0.0000%  99.9999%
  [   185000,   185500)            1    0.0000%  99.9999%
  [   185500,   186000)            1    0.0000%  99.9999%
  [   188000,   188500)            2    0.0000%  99.9999%
  [   189000,   189500)            1    0.0000%  99.9999%
  [   191000,   191500)            1    0.0000%  99.9999%
  [   192000,   192500)            1    0.0000%  99.9999%
  [   192500,   193000)            2    0.0000%  99.9999%
  [   195000,   195500)            1    0.0000%  99.9999%
  [   197000,   197500)            1    0.0000%  99.9999%
  [   201500,   202000)            1    0.0000%  99.9999%
  [   203500,   204000)            1    0.0000%  99.9999%
  [   207000,   207500)            1    0.0000%  99.9999%
  [   227500,   228000)            1    0.0000%  99.9999%
  [   242500,   243000)            1    0.0000%  99.9999%
  [   248000,   248500)            1    0.0000%  99.9999%
  [   253000,   253500)            1    0.0000%  99.9999%
  [   257500,   258000)            1    0.0000%  99.9999%
  [   262000,   262500)            1    0.0000%  99.9999%
  [   269000,   269500)            1    0.0000%  99.9999%
  [   278500,   279000)            1    0.0000%  99.9999%
  [   279000,   279500)            1    0.0000%  99.9999%
  [   295500,   296000)            1    0.0000% 100.0000%
  [   299500,   300000)            1    0.0000% 100.0000%
  [   301000,   301500)            1    0.0000% 100.0000%
  [   302000,   302500)            1    0.0000% 100.0000%
  [   305500,   306000)            1    0.0000% 100.0000%
  [   307500,   308000)            1    0.0000% 100.0000%
  [   308500,   309000)            1    0.0000% 100.0000%
  [   309000,   309500)            1    0.0000% 100.0000%
  [   310500,   311000)            1    0.0000% 100.0000%
  [   312500,   313000)            1    0.0000% 100.0000%
  [   320500,   321000)            1    0.0000% 100.0000%
  [   999500, +inf)                   4    0.0000% 100.0000%

----- OFFLOADED TASKS [node 1] -----
  ops total                = 29999988
  ops direct (1-sided)     = 560264 (1.87%)
  ops offload (rpc)        = 29439724 (98.13%)
  lookup pushdowns         = 29439724
  scan   pushdowns (RPC)   = 0
    kv pairs returned      = 0
    leaves scanned remotely= 0
    kv / scan pushdown     = 0.00
    leaves / scan pushdown = 0.00
=========================================================================

[CORRECTNESS node 1] lookup found 29999393 / 29999988 = 99.9980%
[READPATH node 1] lookups=29999988  index-cache hit=39.0%  per lookup: leaf=0.017 speculative=0.000 (right 0.0%) hop-reads=0.000 (two-segment 0.000) retries=0.000 invalid=0.000 sibling=0.000  => est. leaf round trips/lookup=0.000
 ----- [LeafCache]: capacity=19000 leaves resident=19000 (100.0% full, 6.4 MB) -----
[LEAFCACHE] hit=60788 miss=499461 stale=0 fill=3440374 hit_pct=10.850 admit_pct=688.817 resident=19000 capacity=19000 budget_mb=8
[LEAFKEY] by_key=1 owner=1 admit_push=0.10 key_hits=60397 push_admits=2940913

----- PER-LEVEL CACHE HITS [node 1] (lookups; level 0 = leaf) -----
[LEVEL] level=0 hits=60788 misses=29939185 hit_rate=0.0020
[LEVEL] level=1 hits=499852 misses=29439724 hit_rate=0.0167
[LEVEL] level=2 hits=3243466 misses=26696110 hit_rate=0.1083
[LEVEL] level=3 hits=10289477 misses=19650099 hit_rate=0.3437
[LEVEL] level=4 hits=14586630 misses=15352946 hit_rate=0.4872
[LEVEL] level=5 hits=14707250 misses=15232326 hit_rate=0.4912
[LEVEL] level=6 hits=14716249 misses=15223327 hit_rate=0.4915
[LEVEL] level=7 hits=14716249 misses=15223327 hit_rate=0.4915
[LEVEL] level=8 hits=14716249 misses=15223327 hit_rate=0.4915
[LEVEL] level=9 hits=14716249 misses=15223327 hit_rate=0.4915
[KIND node 1] lookups=29999973 inner_visits=269456184 inner_hits=102191671 inner_hit_pct=37.93 leaf_visits=29999973 leaf_hits=60788 leaf_hit_pct=0.20
[END]
