Compute node count = 1
kNodeCount 2, kReadRatio 100, kInsertRatio 0, kUpdateRatio 0, kDeleteRatio 0, kRangeRatio 0, totalThreadCount 36, memThreadCount 4 cache_size 8, uniform_workload 0, zipfian 0.990000, bulk_load_num 50000000, warmup_num 10000000, op_num 30000000, check_correctness 0, time_based 0, early_stop 1, index 0, rpc_rate 1.000000, admission_rate 0.100000, auto_tune 0
kMaxThread = 36
KeySpace = 50001000
[GEOMETRY] inner_page=160 leaf_page=512 inner_entries=5 leaf_entries=26 slot=512 placement=mn_only
[4mshared memory size: 64GB, 0x7fef77200000[0m
[4mcache size: 2GB[0m
[4mMachine NR: 2[0m
[4mMax_APP_THREAD: 80[0m
[4mNR_DIRECTORY: 16[0m
[4mStart Build the DSMKeeper[0m
I am servers 0 [255.127.0.0]
I connect server 1
[4mdir 0 launch! (core 79 of 80)
[0m
[4mdir 1 launch! (core 79 of 80)
[0m
CNode 0, left bound = 0, right bound = 18446744073709551615
Pushdown (RPC) Rate: 1
Admission Rate: 0.1
Cache size(MB) = 8
-----Cache initial addr = 0x7fef5e600000
[4mdir 3 launch! (core 79 of 80)
[0m
page num = 16384
alloc_unit = 512
entry_num: 16384
bucket_num: 5462
[DEX_SAFE_PT] page table keeps overflow buckets linked: ON
Bucket size = 64
entry_num: 1638
bucket_num: 273
[DEX-R] push reads from the deepest cached node: ON (DEX_PUSH_READS_DEEPEST; writes keep DEX's megaLevel rule)
start generating tree
num_partitions = 1
Success: tree root pointer value [1, 67108864]
finish generating tree
[4mdir 2 launch! (core 79 of 80)
[0m
Bulkload num in node 0 = 50000000
First key of bulkloading = 7325973
Last key of bulkloading = 26738230
node warmup num = 9999972
kReadRatio =100
insertmark =100
updatemark =100
deletemark =100
rangemark =100
[CPU compute ] process=  2.50% of 80 cores   system=  2.52%   (window 2s)

----- REMOTE CPU LOAD (memory node dir-threads, 2s window) -----
  dir 0: active=  0.00%  msgs=0           0 ns/msg
  dir 1: active=  0.00%  msgs=0           0 ns/msg
  dir 2: active=  0.00%  msgs=0           0 ns/msg
  dir 3: active=  0.00%  msgs=0           0 ns/msg
  AGGREGATE active = 0.00% (of 4 dir-threads; 0.00% per-thread avg)  msgs=0
Finish warmup workload generation
[CPU compute ] process=  2.50% of 80 cores   system=  2.51%   (window 2s)

----- REMOTE CPU LOAD (memory node dir-threads, 2s window) -----
  dir 0: active=  0.00%  msgs=0           0 ns/msg
  dir 1: active=  0.00%  msgs=0           0 ns/msg
  dir 2: active=  0.00%  msgs=0           0 ns/msg
  dir 3: active=  0.00%  msgs=0           0 ns/msg
  AGGREGATE active = 0.00% (of 4 dir-threads; 0.00% per-thread avg)  msgs=0
[CPU compute ] process=  2.49% of 80 cores   system=  2.52%   (window 2s)

----- REMOTE CPU LOAD (memory node dir-threads, 2s window) -----
  dir 0: active=  0.00%  msgs=0           0 ns/msg
  dir 1: active=  0.00%  msgs=0           0 ns/msg
  dir 2: active=  0.00%  msgs=0           0 ns/msg
  dir 3: active=  0.00%  msgs=0           0 ns/msg
  AGGREGATE active = 0.00% (of 4 dir-threads; 0.00% per-thread avg)  msgs=0
[CPU compute ] process=  2.51% of 80 cores   system=  2.53%   (window 2s)

----- REMOTE CPU LOAD (memory node dir-threads, 2s window) -----
  dir 0: active=  0.00%  msgs=0           0 ns/msg
  dir 1: active=  0.00%  msgs=0           0 ns/msg
  dir 2: active=  0.00%  msgs=0           0 ns/msg
  dir 3: active=  0.00%  msgs=0           0 ns/msg
  AGGREGATE active = 0.00% (of 4 dir-threads; 0.00% per-thread avg)  msgs=0
node op_num = 29999988
Finish all workload generation
[CPU compute ] process=  2.50% of 80 cores   system=  4.42%   (window 2s)

----- REMOTE CPU LOAD (memory node dir-threads, 2s window) -----
  dir 0: active=  0.00%  msgs=0           0 ns/msg
  dir 1: active=  0.00%  msgs=0           0 ns/msg
  dir 2: active=  0.00%  msgs=0           0 ns/msg
  dir 3: active=  0.00%  msgs=0           0 ns/msg
  AGGREGATE active = 0.00% (of 4 dir-threads; 0.00% per-thread avg)  msgs=0
[CPU compute ] process=  2.50% of 80 cores   system=  2.51%   (window 2s)

----- REMOTE CPU LOAD (memory node dir-threads, 2s window) -----
  dir 0: active=  0.00%  msgs=0           0 ns/msg
  dir 1: active=  0.00%  msgs=0           0 ns/msg
  dir 2: active=  0.00%  msgs=0           0 ns/msg
  dir 3: active=  0.00%  msgs=0           0 ns/msg
  AGGREGATE active = 0.00% (of 4 dir-threads; 0.00% per-thread avg)  msgs=0
Fetched new height = 1
Success: tree root pointer value [1, 67109888]
Height = 2
Success: tree root pointer value [1, 67112448]
Height = 3
Success: tree root pointer value [1, 67118080]
Height = 4
[CPU compute ] process=  2.50% of 80 cores   system=  2.53%   (window 2s)

----- REMOTE CPU LOAD (memory node dir-threads, 2s window) -----
  dir 0: active=  0.00%  msgs=0           0 ns/msg
  dir 1: active=  0.00%  msgs=0           0 ns/msg
  dir 2: active=  0.00%  msgs=0           0 ns/msg
  dir 3: active=  0.00%  msgs=0           0 ns/msg
  AGGREGATE active = 0.00% (of 4 dir-threads; 0.00% per-thread avg)  msgs=0
Success: tree root pointer value [1, 67129856]
Height = 5
Success: tree root pointer value [1, 67153920]
Height = 6
Success: tree root pointer value [1, 67202560]
Height = 7
Success: tree root pointer value [1, 67300352]
Height = 8
Success: tree root pointer value [1, 67496448]
Height = 9
Success: tree root pointer value [1, 67889152]
Height = 10
Success: tree root pointer value [1, 68675072]
Height = 11
Success: tree root pointer value [1, 70247424]
Height = 12
Success: tree root pointer value [1, 73392640]
Height = 13
entering dynamic phase
Success: tree root pointer value [1, 79683584]
Height = 14
Success: tree root pointer value [1, 92265984]
Height = 15
Success: tree root pointer value [1, 17263746560]
Height = 16
Success: tree root pointer value [1, 34460392960]
Height = 17
[CPU compute ] process=  2.50% of 80 cores   system=  2.53%   (window 2s)

----- REMOTE CPU LOAD (memory node dir-threads, 2s window) -----
  dir 0: active=  0.00%  msgs=0           0 ns/msg
  dir 1: active=  0.00%  msgs=0           0 ns/msg
  dir 2: active=  0.00%  msgs=0           0 ns/msg
  dir 3: active=  0.00%  msgs=0           0 ns/msg
  AGGREGATE active = 0.00% (of 4 dir-threads; 0.00% per-thread avg)  msgs=0
Success: tree root pointer value [1, 17314079232]
Height = 18
[CPU compute ] process=  2.50% of 80 cores   system=  2.51%   (window 2s)

----- REMOTE CPU LOAD (memory node dir-threads, 2s window) -----
  dir 0: active=  0.00%  msgs=0           0 ns/msg
  dir 1: active=  0.00%  msgs=0           0 ns/msg
  dir 2: active=  0.00%  msgs=0           0 ns/msg
  dir 3: active=  0.00%  msgs=0           0 ns/msg
  AGGREGATE active = 0.00% (of 4 dir-threads; 0.00% per-thread avg)  msgs=0
Success: tree root pointer value [1, 51707374592]
Height = 19
[CPU compute ] process=  2.50% of 80 cores   system=  4.46%   (window 2s)

----- REMOTE CPU LOAD (memory node dir-threads, 2s window) -----
  dir 0: active=  0.00%  msgs=0           0 ns/msg
  dir 1: active=  0.00%  msgs=0           0 ns/msg
  dir 2: active=  0.00%  msgs=0           0 ns/msg
  dir 3: active=  0.00%  msgs=0           0 ns/msg
  AGGREGATE active = 0.00% (of 4 dir-threads; 0.00% per-thread avg)  msgs=0
[CPU compute ] process=  2.50% of 80 cores   system=  2.51%   (window 2s)

----- REMOTE CPU LOAD (memory node dir-threads, 2s window) -----
  dir 0: active=  0.00%  msgs=0           0 ns/msg
  dir 1: active=  0.00%  msgs=0           0 ns/msg
  dir 2: active=  0.00%  msgs=0           0 ns/msg
  dir 3: active=  0.00%  msgs=0           0 ns/msg
  AGGREGATE active = 0.00% (of 4 dir-threads; 0.00% per-thread avg)  msgs=0
[CPU compute ] process=  2.50% of 80 cores   system=  2.51%   (window 2s)

----- REMOTE CPU LOAD (memory node dir-threads, 2s window) -----
  dir 0: active=  0.00%  msgs=0           0 ns/msg
  dir 1: active=  0.00%  msgs=0           0 ns/msg
  dir 2: active=  0.00%  msgs=0           0 ns/msg
  dir 3: active=  0.00%  msgs=0           0 ns/msg
  AGGREGATE active = 0.00% (of 4 dir-threads; 0.00% per-thread avg)  msgs=0
Success: tree root pointer value [1, 268436480]
Height = 20
[CPU compute ] process=  2.50% of 80 cores   system=  2.51%   (window 2s)

----- REMOTE CPU LOAD (memory node dir-threads, 2s window) -----
  dir 0: active=  0.00%  msgs=0           0 ns/msg
  dir 1: active=  0.00%  msgs=0           0 ns/msg
  dir 2: active=  0.00%  msgs=0           0 ns/msg
  dir 3: active=  0.00%  msgs=0           0 ns/msg
  AGGREGATE active = 0.00% (of 4 dir-threads; 0.00% per-thread avg)  msgs=0
[CPU compute ] process=  2.50% of 80 cores   system=  2.52%   (window 2s)

----- REMOTE CPU LOAD (memory node dir-threads, 2s window) -----
  dir 0: active=  0.00%  msgs=0           0 ns/msg
  dir 1: active=  0.00%  msgs=0           0 ns/msg
  dir 2: active=  0.00%  msgs=0           0 ns/msg
  dir 3: active=  0.00%  msgs=0           0 ns/msg
  AGGREGATE active = 0.00% (of 4 dir-threads; 0.00% per-thread avg)  msgs=0
[CPU compute ] process=  2.50% of 80 cores   system=  2.77%   (window 2s)

----- REMOTE CPU LOAD (memory node dir-threads, 2s window) -----
  dir 0: active=  0.00%  msgs=0           0 ns/msg
  dir 1: active=  0.00%  msgs=0           0 ns/msg
  dir 2: active=  0.00%  msgs=0           0 ns/msg
  dir 3: active=  0.00%  msgs=0           0 ns/msg
  AGGREGATE active = 0.00% (of 4 dir-threads; 0.00% per-thread avg)  msgs=0
[CPU compute ] process=  2.50% of 80 cores   system=  4.19%   (window 2s)

----- REMOTE CPU LOAD (memory node dir-threads, 2s window) -----
  dir 0: active=  0.00%  msgs=0           0 ns/msg
  dir 1: active=  0.00%  msgs=0           0 ns/msg
  dir 2: active=  0.00%  msgs=0           0 ns/msg
  dir 3: active=  0.00%  msgs=0           0 ns/msg
  AGGREGATE active = 0.00% (of 4 dir-threads; 0.00% per-thread avg)  msgs=0
[CPU compute ] process=  2.50% of 80 cores   system=  2.51%   (window 2s)

----- REMOTE CPU LOAD (memory node dir-threads, 2s window) -----
  dir 0: active=  0.00%  msgs=0           0 ns/msg
  dir 1: active=  0.00%  msgs=0           0 ns/msg
  dir 2: active=  0.00%  msgs=0           0 ns/msg
  dir 3: active=  0.00%  msgs=0           0 ns/msg
  AGGREGATE active = 0.00% (of 4 dir-threads; 0.00% per-thread avg)  msgs=0
Success: tree root pointer value [1, 469774848]
Height = 21
[CPU compute ] process=  2.50% of 80 cores   system=  2.51%   (window 2s)

----- REMOTE CPU LOAD (memory node dir-threads, 2s window) -----
  dir 0: active=  0.00%  msgs=0           0 ns/msg
  dir 1: active=  0.00%  msgs=0           0 ns/msg
  dir 2: active=  0.00%  msgs=0           0 ns/msg
  dir 3: active=  0.00%  msgs=0           0 ns/msg
  AGGREGATE active = 0.00% (of 4 dir-threads; 0.00% per-thread avg)  msgs=0
[CPU compute ] process=  2.50% of 80 cores   system=  2.52%   (window 2s)

----- REMOTE CPU LOAD (memory node dir-threads, 2s window) -----
  dir 0: active=  0.00%  msgs=0           0 ns/msg
  dir 1: active=  0.00%  msgs=0           0 ns/msg
  dir 2: active=  0.00%  msgs=0           0 ns/msg
  dir 3: active=  0.00%  msgs=0           0 ns/msg
  AGGREGATE active = 0.00% (of 4 dir-threads; 0.00% per-thread avg)  msgs=0
[CPU compute ] process=  2.50% of 80 cores   system=  2.51%   (window 2s)

----- REMOTE CPU LOAD (memory node dir-threads, 2s window) -----
  dir 0: active=  0.00%  msgs=0           0 ns/msg
  dir 1: active=  0.00%  msgs=0           0 ns/msg
  dir 2: active=  0.00%  msgs=0           0 ns/msg
  dir 3: active=  0.00%  msgs=0           0 ns/msg
  AGGREGATE active = 0.00% (of 4 dir-threads; 0.00% per-thread avg)  msgs=0
[CPU compute ] process=  2.50% of 80 cores   system=  4.44%   (window 2s)

----- REMOTE CPU LOAD (memory node dir-threads, 2s window) -----
  dir 0: active=  0.00%  msgs=0           0 ns/msg
  dir 1: active=  0.00%  msgs=0           0 ns/msg
  dir 2: active=  0.00%  msgs=0           0 ns/msg
  dir 3: active=  0.00%  msgs=0           0 ns/msg
  AGGREGATE active = 0.00% (of 4 dir-threads; 0.00% per-thread avg)  msgs=0
[CPU compute ] process=  2.50% of 80 cores   system=  2.52%   (window 2s)

----- REMOTE CPU LOAD (memory node dir-threads, 2s window) -----
  dir 0: active=  0.00%  msgs=0           0 ns/msg
  dir 1: active=  0.00%  msgs=0           0 ns/msg
  dir 2: active=  0.00%  msgs=0           0 ns/msg
  dir 3: active=  0.00%  msgs=0           0 ns/msg
  AGGREGATE active = 0.00% (of 4 dir-threads; 0.00% per-thread avg)  msgs=0
[CPU compute ] process=  2.50% of 80 cores   system=  2.51%   (window 2s)

----- REMOTE CPU LOAD (memory node dir-threads, 2s window) -----
  dir 0: active=  0.00%  msgs=0           0 ns/msg
  dir 1: active=  0.00%  msgs=0           0 ns/msg
  dir 2: active=  0.00%  msgs=0           0 ns/msg
  dir 3: active=  0.00%  msgs=0           0 ns/msg
  AGGREGATE active = 0.00% (of 4 dir-threads; 0.00% per-thread avg)  msgs=0
[CPU compute ] process=  2.50% of 80 cores   system=  2.51%   (window 2s)

----- REMOTE CPU LOAD (memory node dir-threads, 2s window) -----
  dir 0: active=  0.00%  msgs=0           0 ns/msg
  dir 1: active=  0.00%  msgs=0           0 ns/msg
  dir 2: active=  0.00%  msgs=0           0 ns/msg
  dir 3: active=  0.00%  msgs=0           0 ns/msg
  AGGREGATE active = 0.00% (of 4 dir-threads; 0.00% per-thread avg)  msgs=0
[CPU compute ] process=  2.50% of 80 cores   system=  2.51%   (window 2s)

----- REMOTE CPU LOAD (memory node dir-threads, 2s window) -----
  dir 0: active=  0.00%  msgs=0           0 ns/msg
  dir 1: active=  0.00%  msgs=0           0 ns/msg
  dir 2: active=  0.00%  msgs=0           0 ns/msg
  dir 3: active=  0.00%  msgs=0           0 ns/msg
  AGGREGATE active = 0.00% (of 4 dir-threads; 0.00% per-thread avg)  msgs=0
[CPU compute ] process=  2.50% of 80 cores   system=  4.42%   (window 2s)

----- REMOTE CPU LOAD (memory node dir-threads, 2s window) -----
  dir 0: active=  0.00%  msgs=0           0 ns/msg
  dir 1: active=  0.00%  msgs=0           0 ns/msg
  dir 2: active=  0.00%  msgs=0           0 ns/msg
  dir 3: active=  0.00%  msgs=0           0 ns/msg
  AGGREGATE active = 0.00% (of 4 dir-threads; 0.00% per-thread avg)  msgs=0
[CPU compute ] process=  2.50% of 80 cores   system=  2.53%   (window 2s)

----- REMOTE CPU LOAD (memory node dir-threads, 2s window) -----
  dir 0: active=  0.00%  msgs=0           0 ns/msg
  dir 1: active=  0.00%  msgs=0           0 ns/msg
  dir 2: active=  0.00%  msgs=0           0 ns/msg
  dir 3: active=  0.00%  msgs=0           0 ns/msg
  AGGREGATE active = 0.00% (of 4 dir-threads; 0.00% per-thread avg)  msgs=0
[CPU compute ] process=  2.51% of 80 cores   system=  2.51%   (window 2s)

----- REMOTE CPU LOAD (memory node dir-threads, 2s window) -----
  dir 0: active=  0.00%  msgs=0           0 ns/msg
  dir 1: active=  0.00%  msgs=0           0 ns/msg
  dir 2: active=  0.00%  msgs=0           0 ns/msg
  dir 3: active=  0.00%  msgs=0           0 ns/msg
  AGGREGATE active = 0.00% (of 4 dir-threads; 0.00% per-thread avg)  msgs=0
Success: tree root pointer value [1, 872452096]
Height = 22
[CPU compute ] process=  2.49% of 80 cores   system=  2.51%   (window 2s)

----- REMOTE CPU LOAD (memory node dir-threads, 2s window) -----
  dir 0: active=  0.00%  msgs=0           0 ns/msg
  dir 1: active=  0.00%  msgs=0           0 ns/msg
  dir 2: active=  0.00%  msgs=0           0 ns/msg
  dir 3: active=  0.00%  msgs=0           0 ns/msg
  AGGREGATE active = 0.00% (of 4 dir-threads; 0.00% per-thread avg)  msgs=0
[CPU compute ] process=  2.50% of 80 cores   system=  2.52%   (window 2s)

----- REMOTE CPU LOAD (memory node dir-threads, 2s window) -----
  dir 0: active=  0.00%  msgs=0           0 ns/msg
  dir 1: active=  0.00%  msgs=0           0 ns/msg
  dir 2: active=  0.00%  msgs=0           0 ns/msg
  dir 3: active=  0.00%  msgs=0           0 ns/msg
  AGGREGATE active = 0.00% (of 4 dir-threads; 0.00% per-thread avg)  msgs=0
[CPU compute ] process=  2.50% of 80 cores   system=  4.44%   (window 2s)

----- REMOTE CPU LOAD (memory node dir-threads, 2s window) -----
  dir 0: active=  0.00%  msgs=0           0 ns/msg
  dir 1: active=  0.00%  msgs=0           0 ns/msg
  dir 2: active=  0.00%  msgs=0           0 ns/msg
  dir 3: active=  0.00%  msgs=0           0 ns/msg
  AGGREGATE active = 0.00% (of 4 dir-threads; 0.00% per-thread avg)  msgs=0
[CPU compute ] process=  2.50% of 80 cores   system=  2.52%   (window 2s)

----- REMOTE CPU LOAD (memory node dir-threads, 2s window) -----
  dir 0: active=  0.00%  msgs=0           0 ns/msg
  dir 1: active=  0.00%  msgs=0           0 ns/msg
  dir 2: active=  0.00%  msgs=0           0 ns/msg
  dir 3: active=  0.00%  msgs=0           0 ns/msg
  AGGREGATE active = 0.00% (of 4 dir-threads; 0.00% per-thread avg)  msgs=0
[CPU compute ] process=  2.51% of 80 cores   system=  2.52%   (window 2s)

----- REMOTE CPU LOAD (memory node dir-threads, 2s window) -----
  dir 0: active=  0.00%  msgs=0           0 ns/msg
  dir 1: active=  0.00%  msgs=0           0 ns/msg
  dir 2: active=  0.00%  msgs=0           0 ns/msg
  dir 3: active=  0.00%  msgs=0           0 ns/msg
  AGGREGATE active = 0.00% (of 4 dir-threads; 0.00% per-thread avg)  msgs=0
#leaf nodes = 3846153
leaf size(MB) = 1878
#inner nodes = 3846104
inner size(MB) = 1877.98
Tree height = 22
Cache capacity = 16384
max. leaf entries = 26
max. inner entries = 5
Inner page size = 160
Leaf page size = 512
node 0 finish its bulkload
IMPORTANT: my root is 57177020563457
0 is ready for the benchmark
I am 0
Fetched new height = 22
I am 2
I am 1
I am 34
I am 4
I am 7
I am 11
I am 3
I am 8
I am 12
I am 13
I am 9
I am 19
I am 17
I am 5
I am 24
I am 25
I am 18
I am 14
I am 22
I am 6
I am 16
I am 10
I am 35
I am 27
I am 26
I am 15
I am 31
I am 20
I am 32
I am 23
I am 30
I am 29
I am 28
I am 33
I am 21
entering dynamic phase
[CPU compute ] process= 18.85% of 80 cores   system= 18.89%   (window 2s)

----- REMOTE CPU LOAD (memory node dir-threads, 2s window) -----
  dir 0: active=  0.00%  msgs=0           0 ns/msg
  dir 1: active=  0.00%  msgs=0           0 ns/msg
  dir 2: active=  0.00%  msgs=0           0 ns/msg
  dir 3: active=  0.00%  msgs=0           0 ns/msg
  AGGREGATE active = 0.00% (of 4 dir-threads; 0.00% per-thread avg)  msgs=0
[CPU compute ] process= 46.24% of 80 cores   system= 46.27%   (window 2s)

----- REMOTE CPU LOAD (memory node dir-threads, 2s window) -----
  dir 0: active=  0.00%  msgs=0           0 ns/msg
  dir 1: active=  0.00%  msgs=0           0 ns/msg
  dir 2: active=  0.00%  msgs=0           0 ns/msg
  dir 3: active=  0.00%  msgs=0           0 ns/msg
  AGGREGATE active = 0.00% (of 4 dir-threads; 0.00% per-thread avg)  msgs=0
[CPU compute ] process= 46.24% of 80 cores   system= 47.43%   (window 2s)

----- REMOTE CPU LOAD (memory node dir-threads, 2s window) -----
  dir 0: active=  0.00%  msgs=0           0 ns/msg
  dir 1: active=  0.00%  msgs=0           0 ns/msg
  dir 2: active=  0.00%  msgs=0           0 ns/msg
  dir 3: active=  0.00%  msgs=0           0 ns/msg
  AGGREGATE active = 0.00% (of 4 dir-threads; 0.00% per-thread avg)  msgs=0
[CPU compute ] process= 46.26% of 80 cores   system= 46.28%   (window 2s)

----- REMOTE CPU LOAD (memory node dir-threads, 2s window) -----
  dir 0: active=  0.00%  msgs=0           0 ns/msg
  dir 1: active=  0.00%  msgs=0           0 ns/msg
  dir 2: active=  0.00%  msgs=0           0 ns/msg
  dir 3: active=  0.00%  msgs=0           0 ns/msg
  AGGREGATE active = 0.00% (of 4 dir-threads; 0.00% per-thread avg)  msgs=0
Thread_op_num = 833333
node 0 finish warmup
[CPU compute ] process= 46.24% of 80 cores   system= 46.27%   (window 2s)

----- REMOTE CPU LOAD (memory node dir-threads, 2s window) -----
  dir 0: active=  0.00%  msgs=0           0 ns/msg
  dir 1: active=  0.00%  msgs=0           0 ns/msg
  dir 2: active=  0.00%  msgs=0           0 ns/msg
  dir 3: active=  0.00%  msgs=0           0 ns/msg
  AGGREGATE active = 0.00% (of 4 dir-threads; 0.00% per-thread avg)  msgs=0
Start collecting the statistic
[CPU compute ] process= 46.24% of 80 cores   system= 46.27%   (window 2s)

----- REMOTE CPU LOAD (memory node dir-threads, 2s window) -----
  dir 0: active=  0.00%  msgs=0           0 ns/msg
  dir 1: active=  0.00%  msgs=0           0 ns/msg
  dir 2: active=  0.00%  msgs=0           0 ns/msg
  dir 3: active=  0.00%  msgs=0           0 ns/msg
  AGGREGATE active = 0.00% (of 4 dir-threads; 0.00% per-thread avg)  msgs=0
0, throughput 2.7555
cluster throughput 2.755
[CPU compute ] process= 46.25% of 80 cores   system= 46.27%   (window 2s)

----- REMOTE CPU LOAD (memory node dir-threads, 2s window) -----
  dir 0: active=  0.00%  msgs=0           0 ns/msg
  dir 1: active=  0.00%  msgs=0           0 ns/msg
  dir 2: active=  0.00%  msgs=0           0 ns/msg
  dir 3: active=  0.00%  msgs=0           0 ns/msg
  AGGREGATE active = 0.00% (of 4 dir-threads; 0.00% per-thread avg)  msgs=0
0, throughput 2.7789
cluster throughput 2.778
[CPU compute ] process= 46.25% of 80 cores   system= 47.50%   (window 2s)

----- REMOTE CPU LOAD (memory node dir-threads, 2s window) -----
  dir 0: active=  0.00%  msgs=0           0 ns/msg
  dir 1: active=  0.00%  msgs=0           0 ns/msg
  dir 2: active=  0.00%  msgs=0           0 ns/msg
  dir 3: active=  0.00%  msgs=0           0 ns/msg
  AGGREGATE active = 0.00% (of 4 dir-threads; 0.00% per-thread avg)  msgs=0
0, throughput 2.7722
cluster throughput 2.772
[CPU compute ] process= 46.25% of 80 cores   system= 46.29%   (window 2s)

----- REMOTE CPU LOAD (memory node dir-threads, 2s window) -----
  dir 0: active=  0.00%  msgs=0           0 ns/msg
  dir 1: active=  0.00%  msgs=0           0 ns/msg
  dir 2: active=  0.00%  msgs=0           0 ns/msg
  dir 3: active=  0.00%  msgs=0           0 ns/msg
  AGGREGATE active = 0.00% (of 4 dir-threads; 0.00% per-thread avg)  msgs=0
0, throughput 2.7638
cluster throughput 2.763
[CPU compute ] process= 46.25% of 80 cores   system= 46.27%   (window 2s)

----- REMOTE CPU LOAD (memory node dir-threads, 2s window) -----
  dir 0: active=  0.00%  msgs=0           0 ns/msg
  dir 1: active=  0.00%  msgs=0           0 ns/msg
  dir 2: active=  0.00%  msgs=0           0 ns/msg
  dir 3: active=  0.00%  msgs=0           0 ns/msg
  AGGREGATE active = 0.00% (of 4 dir-threads; 0.00% per-thread avg)  msgs=0
0, throughput 2.7590
cluster throughput 2.759
[CPU compute ] process= 46.26% of 80 cores   system= 46.29%   (window 2s)

----- REMOTE CPU LOAD (memory node dir-threads, 2s window) -----
  dir 0: active=  0.00%  msgs=0           0 ns/msg
  dir 1: active=  0.00%  msgs=0           0 ns/msg
  dir 2: active=  0.00%  msgs=0           0 ns/msg
  dir 3: active=  0.00%  msgs=0           0 ns/msg
  AGGREGATE active = 0.00% (of 4 dir-threads; 0.00% per-thread avg)  msgs=0
0, throughput 1.0725
cluster throughput 1.072
[CPU compute ] process=  1.81% of 80 cores   system=  1.84%   (window 2s)

----- REMOTE CPU LOAD (memory node dir-threads, 2s window) -----
  dir 0: active=  0.00%  msgs=0           0 ns/msg
  dir 1: active=  0.00%  msgs=0           0 ns/msg
  dir 2: active=  0.00%  msgs=0           0 ns/msg
  dir 3: active=  0.00%  msgs=0           0 ns/msg
  AGGREGATE active = 0.00% (of 4 dir-threads; 0.00% per-thread avg)  msgs=0
0, throughput 0.0000
cluster throughput 0.000
The time duration = 14 seconds
[CPU compute ] process=  1.25% of 80 cores   system=  1.52%   (window 2s)

----- REMOTE CPU LOAD (memory node dir-threads, 2s window) -----
  dir 0: active=  0.00%  msgs=0           0 ns/msg
  dir 1: active=  0.00%  msgs=0           0 ns/msg
  dir 2: active=  0.00%  msgs=0           0 ns/msg
  dir 3: active=  0.00%  msgs=0           0 ns/msg
  AGGREGATE active = 0.00% (of 4 dir-threads; 0.00% per-thread avg)  msgs=0

==================== LATENCY BUCKETS (500 ns) [node 0] ====================
[LOOKUP]
  ALL                n=29806196   mean=   12.97us  p50=   9.00us  p90=  29.50us  p99=  41.50us  p99.9=  53.50us  max>=1000.00us
  LOCAL (cache hit)  n=3422561    mean=    0.62us  p50=   1.00us  p90=   1.00us  p99=   1.50us  p99.9=   2.00us  max>= 29.00us
  REMOTE (miss/rpc)  n=26383635   mean=   14.57us  p50=  10.50us  p90=  30.50us  p99=  42.00us  p99.9=  54.50us  max>=1000.00us
[ALL OPS]
  ALL                n=29806196   mean=   12.97us  p50=   9.00us  p90=  29.50us  p99=  41.50us  p99.9=  53.50us  max>=1000.00us
  LOCAL (cache hit)  n=3422561    mean=    0.62us  p50=   1.00us  p90=   1.00us  p99=   1.50us  p99.9=   2.00us  max>= 29.00us
  REMOTE (miss/rpc)  n=26383635   mean=   14.57us  p50=  10.50us  p90=  30.50us  p99=  42.00us  p99.9=  54.50us  max>=1000.00us

----- 500 ns bucket CDF (all ops) [node 0] -----
  bucket [lo,hi) ns             count        pct       cdf
  [        0,      500)      1117233    3.7483%   3.7483%
  [      500,     1000)      2120258    7.1135%  10.8618%
  [     1000,     1500)       177557    0.5957%  11.4575%
  [     1500,     2000)         5121    0.0172%  11.4747%
  [     2000,     2500)          221    0.0007%  11.4754%
  [     2500,     3000)          154    0.0005%  11.4759%
  [     3000,     3500)          513    0.0017%  11.4777%
  [     3500,     4000)        16355    0.0549%  11.5325%
  [     4000,     4500)       213101    0.7150%  12.2475%
  [     4500,     5000)       689514    2.3133%  14.5608%
  [     5000,     5500)      1141128    3.8285%  18.3893%
  [     5500,     6000)      1577557    5.2927%  23.6820%
  [     6000,     6500)      1783398    5.9833%  29.6653%
  [     6500,     7000)      1647728    5.5281%  35.1935%
  [     7000,     7500)      1400666    4.6992%  39.8927%
  [     7500,     8000)      1197878    4.0189%  43.9116%
  [     8000,     8500)      1017880    3.4150%  47.3266%
  [     8500,     9000)       871061    2.9224%  50.2490%
  [     9000,     9500)       747378    2.5075%  52.7565%
  [     9500,    10000)       644866    2.1635%  54.9200%
  [    10000,    10500)       560014    1.8789%  56.7989%
  [    10500,    11000)       495489    1.6624%  58.4612%
  [    11000,    11500)       451358    1.5143%  59.9755%
  [    11500,    12000)       417383    1.4003%  61.3759%
  [    12000,    12500)       385501    1.2934%  62.6692%
  [    12500,    13000)       357800    1.2004%  63.8696%
  [    13000,    13500)       335673    1.1262%  64.9958%
  [    13500,    14000)       316890    1.0632%  66.0590%
  [    14000,    14500)       303509    1.0183%  67.0773%
  [    14500,    15000)       290744    0.9754%  68.0527%
  [    15000,    15500)       279022    0.9361%  68.9888%
  [    15500,    16000)       272378    0.9138%  69.9027%
  [    16000,    16500)       264444    0.8872%  70.7899%
  [    16500,    17000)       259229    0.8697%  71.6596%
  [    17000,    17500)       253838    0.8516%  72.5112%
  [    17500,    18000)       247775    0.8313%  73.3425%
  [    18000,    18500)       245288    0.8229%  74.1655%
  [    18500,    19000)       241517    0.8103%  74.9758%
  [    19000,    19500)       239339    0.8030%  75.7787%
  [    19500,    20000)       236387    0.7931%  76.5718%
  [    20000,    20500)       235420    0.7898%  77.3616%
  [    20500,    21000)       234351    0.7862%  78.1479%
  [    21000,    21500)       232681    0.7806%  78.9285%
  [    21500,    22000)       230737    0.7741%  79.7027%
  [    22000,    22500)       229758    0.7708%  80.4735%
  [    22500,    23000)       228143    0.7654%  81.2389%
  [    23000,    23500)       226843    0.7611%  82.0000%
  [    23500,    24000)       224994    0.7549%  82.7548%
  [    24000,    24500)       223108    0.7485%  83.5034%
  [    24500,    25000)       219418    0.7361%  84.2395%
  [    25000,    25500)       218080    0.7317%  84.9712%
  [    25500,    26000)       215080    0.7216%  85.6928%
  [    26000,    26500)       210861    0.7074%  86.4002%
  [    26500,    27000)       207958    0.6977%  87.0979%
  [    27000,    27500)       204028    0.6845%  87.7824%
  [    27500,    28000)       200327    0.6721%  88.4545%
  [    28000,    28500)       195658    0.6564%  89.1110%
  [    28500,    29000)       190863    0.6403%  89.7513%
  [    29000,    29500)       186970    0.6273%  90.3786%
  [    29500,    30000)       182312    0.6117%  90.9903%
  [    30000,    30500)       177186    0.5945%  91.5847%
  [    30500,    31000)       170926    0.5735%  92.1582%
  [    31000,    31500)       166574    0.5589%  92.7170%
  [    31500,    32000)       159308    0.5345%  93.2515%
  [    32000,    32500)       153430    0.5148%  93.7663%
  [    32500,    33000)       146404    0.4912%  94.2575%
  [    33000,    33500)       139984    0.4696%  94.7271%
  [    33500,    34000)       132352    0.4440%  95.1711%
  [    34000,    34500)       126105    0.4231%  95.5942%
  [    34500,    35000)       118347    0.3971%  95.9913%
  [    35000,    35500)       111836    0.3752%  96.3665%
  [    35500,    36000)       104926    0.3520%  96.7185%
  [    36000,    36500)        97484    0.3271%  97.0456%
  [    36500,    37000)        90408    0.3033%  97.3489%
  [    37000,    37500)        83140    0.2789%  97.6278%
  [    37500,    38000)        76486    0.2566%  97.8844%
  [    38000,    38500)        69693    0.2338%  98.1183%
  [    38500,    39000)        63153    0.2119%  98.3301%
  [    39000,    39500)        56711    0.1903%  98.5204%
  [    39500,    40000)        51553    0.1730%  98.6934%
  [    40000,    40500)        46025    0.1544%  98.8478%
  [    40500,    41000)        41449    0.1391%  98.9869%
  [    41000,    41500)        36207    0.1215%  99.1083%
  [    41500,    42000)        32422    0.1088%  99.2171%
  [    42000,    42500)        28556    0.0958%  99.3129%
  [    42500,    43000)        25057    0.0841%  99.3970%
  [    43000,    43500)        21701    0.0728%  99.4698%
  [    43500,    44000)        19025    0.0638%  99.5336%
  [    44000,    44500)        16422    0.0551%  99.5887%
  [    44500,    45000)        14192    0.0476%  99.6363%
  [    45000,    45500)        12084    0.0405%  99.6769%
  [    45500,    46000)        10414    0.0349%  99.7118%
  [    46000,    46500)         8838    0.0297%  99.7415%
  [    46500,    47000)         7681    0.0258%  99.7672%
  [    47000,    47500)         6650    0.0223%  99.7895%
  [    47500,    48000)         5636    0.0189%  99.8084%
  [    48000,    48500)         4748    0.0159%  99.8244%
  [    48500,    49000)         4084    0.0137%  99.8381%
  [    49000,    49500)         3493    0.0117%  99.8498%
  [    49500,    50000)         3070    0.0103%  99.8601%
  [    50000,    50500)         2566    0.0086%  99.8687%
  [    50500,    51000)         2261    0.0076%  99.8763%
  [    51000,    51500)         2009    0.0067%  99.8830%
  [    51500,    52000)         1807    0.0061%  99.8891%
  [    52000,    52500)         1659    0.0056%  99.8947%
  [    52500,    53000)         1556    0.0052%  99.8999%
  [    53000,    53500)         1399    0.0047%  99.9046%
  [    53500,    54000)         1254    0.0042%  99.9088%
  [    54000,    54500)         1236    0.0041%  99.9129%
  [    54500,    55000)         1137    0.0038%  99.9167%
  [    55000,    55500)         1029    0.0035%  99.9202%
  [    55500,    56000)         1056    0.0035%  99.9237%
  [    56000,    56500)          994    0.0033%  99.9271%
  [    56500,    57000)          960    0.0032%  99.9303%
  [    57000,    57500)          868    0.0029%  99.9332%
  [    57500,    58000)          845    0.0028%  99.9360%
  [    58000,    58500)          776    0.0026%  99.9386%
  [    58500,    59000)          775    0.0026%  99.9412%
  [    59000,    59500)          775    0.0026%  99.9438%
  [    59500,    60000)          754    0.0025%  99.9464%
  [    60000,    60500)          637    0.0021%  99.9485%
  [    60500,    61000)          676    0.0023%  99.9508%
  [    61000,    61500)          620    0.0021%  99.9529%
  [    61500,    62000)          598    0.0020%  99.9549%
  [    62000,    62500)          578    0.0019%  99.9568%
  [    62500,    63000)          539    0.0018%  99.9586%
  [    63000,    63500)          519    0.0017%  99.9604%
  [    63500,    64000)          518    0.0017%  99.9621%
  [    64000,    64500)          473    0.0016%  99.9637%
  [    64500,    65000)          451    0.0015%  99.9652%
  [    65000,    65500)          426    0.0014%  99.9666%
  [    65500,    66000)          426    0.0014%  99.9680%
  [    66000,    66500)          409    0.0014%  99.9694%
  [    66500,    67000)          376    0.0013%  99.9707%
  [    67000,    67500)          372    0.0012%  99.9719%
  [    67500,    68000)          335    0.0011%  99.9731%
  [    68000,    68500)          362    0.0012%  99.9743%
  [    68500,    69000)          310    0.0010%  99.9753%
  [    69000,    69500)          291    0.0010%  99.9763%
  [    69500,    70000)          321    0.0011%  99.9774%
  [    70000,    70500)          292    0.0010%  99.9783%
  [    70500,    71000)          260    0.0009%  99.9792%
  [    71000,    71500)          266    0.0009%  99.9801%
  [    71500,    72000)          267    0.0009%  99.9810%
  [    72000,    72500)          245    0.0008%  99.9818%
  [    72500,    73000)          233    0.0008%  99.9826%
  [    73000,    73500)          237    0.0008%  99.9834%
  [    73500,    74000)          240    0.0008%  99.9842%
  [    74000,    74500)          180    0.0006%  99.9848%
  [    74500,    75000)          196    0.0007%  99.9855%
  [    75000,    75500)          173    0.0006%  99.9860%
  [    75500,    76000)          175    0.0006%  99.9866%
  [    76000,    76500)          169    0.0006%  99.9872%
  [    76500,    77000)          163    0.0005%  99.9877%
  [    77000,    77500)          150    0.0005%  99.9883%
  [    77500,    78000)          134    0.0004%  99.9887%
  [    78000,    78500)          117    0.0004%  99.9891%
  [    78500,    79000)          128    0.0004%  99.9895%
  [    79000,    79500)          119    0.0004%  99.9899%
  [    79500,    80000)          115    0.0004%  99.9903%
  [    80000,    80500)          119    0.0004%  99.9907%
  [    80500,    81000)           97    0.0003%  99.9910%
  [    81000,    81500)           91    0.0003%  99.9913%
  [    81500,    82000)           88    0.0003%  99.9916%
  [    82000,    82500)           75    0.0003%  99.9919%
  [    82500,    83000)           87    0.0003%  99.9922%
  [    83000,    83500)           81    0.0003%  99.9924%
  [    83500,    84000)           83    0.0003%  99.9927%
  [    84000,    84500)           66    0.0002%  99.9929%
  [    84500,    85000)           83    0.0003%  99.9932%
  [    85000,    85500)           58    0.0002%  99.9934%
  [    85500,    86000)           51    0.0002%  99.9936%
  [    86000,    86500)           67    0.0002%  99.9938%
  [    86500,    87000)           52    0.0002%  99.9940%
  [    87000,    87500)           52    0.0002%  99.9942%
  [    87500,    88000)           55    0.0002%  99.9944%
  [    88000,    88500)           57    0.0002%  99.9945%
  [    88500,    89000)           59    0.0002%  99.9947%
  [    89000,    89500)           52    0.0002%  99.9949%
  [    89500,    90000)           46    0.0002%  99.9951%
  [    90000,    90500)           33    0.0001%  99.9952%
  [    90500,    91000)           33    0.0001%  99.9953%
  [    91000,    91500)           56    0.0002%  99.9955%
  [    91500,    92000)           39    0.0001%  99.9956%
  [    92000,    92500)           38    0.0001%  99.9957%
  [    92500,    93000)           35    0.0001%  99.9959%
  [    93000,    93500)           41    0.0001%  99.9960%
  [    93500,    94000)           25    0.0001%  99.9961%
  [    94000,    94500)           41    0.0001%  99.9962%
  [    94500,    95000)           26    0.0001%  99.9963%
  [    95000,    95500)           37    0.0001%  99.9964%
  [    95500,    96000)           32    0.0001%  99.9965%
  [    96000,    96500)           29    0.0001%  99.9966%
  [    96500,    97000)           32    0.0001%  99.9967%
  [    97000,    97500)           29    0.0001%  99.9968%
  [    97500,    98000)           26    0.0001%  99.9969%
  [    98000,    98500)           20    0.0001%  99.9970%
  [    98500,    99000)           23    0.0001%  99.9971%
  [    99000,    99500)           24    0.0001%  99.9971%
  [    99500,   100000)           19    0.0001%  99.9972%
  [   100000,   100500)           24    0.0001%  99.9973%
  [   100500,   101000)           17    0.0001%  99.9973%
  [   101000,   101500)           19    0.0001%  99.9974%
  [   101500,   102000)           21    0.0001%  99.9975%
  [   102000,   102500)           19    0.0001%  99.9975%
  [   102500,   103000)           15    0.0001%  99.9976%
  [   103000,   103500)           23    0.0001%  99.9977%
  [   103500,   104000)           13    0.0000%  99.9977%
  [   104000,   104500)           17    0.0001%  99.9978%
  [   104500,   105000)           10    0.0000%  99.9978%
  [   105000,   105500)           14    0.0000%  99.9979%
  [   105500,   106000)           15    0.0001%  99.9979%
  [   106000,   106500)            5    0.0000%  99.9979%
  [   106500,   107000)           12    0.0000%  99.9980%
  [   107000,   107500)           20    0.0001%  99.9980%
  [   107500,   108000)           12    0.0000%  99.9981%
  [   108000,   108500)           11    0.0000%  99.9981%
  [   108500,   109000)           15    0.0001%  99.9982%
  [   109000,   109500)            9    0.0000%  99.9982%
  [   109500,   110000)            8    0.0000%  99.9982%
  [   110000,   110500)           10    0.0000%  99.9982%
  [   110500,   111000)           13    0.0000%  99.9983%
  [   111000,   111500)            7    0.0000%  99.9983%
  [   111500,   112000)           16    0.0001%  99.9984%
  [   112000,   112500)           12    0.0000%  99.9984%
  [   112500,   113000)           12    0.0000%  99.9984%
  [   113000,   113500)            9    0.0000%  99.9985%
  [   113500,   114000)           11    0.0000%  99.9985%
  [   114000,   114500)           12    0.0000%  99.9986%
  [   114500,   115000)           10    0.0000%  99.9986%
  [   115000,   115500)           16    0.0001%  99.9986%
  [   115500,   116000)            7    0.0000%  99.9987%
  [   116000,   116500)           12    0.0000%  99.9987%
  [   116500,   117000)            5    0.0000%  99.9987%
  [   117000,   117500)           12    0.0000%  99.9988%
  [   117500,   118000)            8    0.0000%  99.9988%
  [   118000,   118500)           10    0.0000%  99.9988%
  [   118500,   119000)            7    0.0000%  99.9988%
  [   119000,   119500)           11    0.0000%  99.9989%
  [   119500,   120000)            7    0.0000%  99.9989%
  [   120000,   120500)            9    0.0000%  99.9989%
  [   120500,   121000)            9    0.0000%  99.9990%
  [   121000,   121500)            9    0.0000%  99.9990%
  [   121500,   122000)            9    0.0000%  99.9990%
  [   122000,   122500)            4    0.0000%  99.9990%
  [   122500,   123000)            3    0.0000%  99.9991%
  [   123000,   123500)            4    0.0000%  99.9991%
  [   123500,   124000)            5    0.0000%  99.9991%
  [   124000,   124500)            7    0.0000%  99.9991%
  [   124500,   125000)            4    0.0000%  99.9991%
  [   125000,   125500)            4    0.0000%  99.9991%
  [   125500,   126000)            8    0.0000%  99.9992%
  [   126000,   126500)            6    0.0000%  99.9992%
  [   126500,   127000)            4    0.0000%  99.9992%
  [   127000,   127500)            7    0.0000%  99.9992%
  [   127500,   128000)            4    0.0000%  99.9992%
  [   128000,   128500)            4    0.0000%  99.9992%
  [   128500,   129000)            4    0.0000%  99.9993%
  [   129000,   129500)            4    0.0000%  99.9993%
  [   129500,   130000)            5    0.0000%  99.9993%
  [   130000,   130500)            2    0.0000%  99.9993%
  [   130500,   131000)            6    0.0000%  99.9993%
  [   131000,   131500)            6    0.0000%  99.9993%
  [   131500,   132000)            8    0.0000%  99.9994%
  [   132000,   132500)           10    0.0000%  99.9994%
  [   132500,   133000)            7    0.0000%  99.9994%
  [   133000,   133500)            8    0.0000%  99.9994%
  [   133500,   134000)            2    0.0000%  99.9994%
  [   134000,   134500)            3    0.0000%  99.9995%
  [   134500,   135000)            3    0.0000%  99.9995%
  [   135000,   135500)            5    0.0000%  99.9995%
  [   135500,   136000)            4    0.0000%  99.9995%
  [   136000,   136500)            6    0.0000%  99.9995%
  [   136500,   137000)            5    0.0000%  99.9995%
  [   137000,   137500)            6    0.0000%  99.9996%
  [   137500,   138000)            4    0.0000%  99.9996%
  [   138000,   138500)            8    0.0000%  99.9996%
  [   138500,   139000)            5    0.0000%  99.9996%
  [   139000,   139500)            4    0.0000%  99.9996%
  [   139500,   140000)            3    0.0000%  99.9996%
  [   140000,   140500)            2    0.0000%  99.9996%
  [   140500,   141000)            2    0.0000%  99.9997%
  [   141500,   142000)            4    0.0000%  99.9997%
  [   142500,   143000)            4    0.0000%  99.9997%
  [   143000,   143500)            2    0.0000%  99.9997%
  [   143500,   144000)            1    0.0000%  99.9997%
  [   144000,   144500)            3    0.0000%  99.9997%
  [   145000,   145500)            2    0.0000%  99.9997%
  [   145500,   146000)            1    0.0000%  99.9997%
  [   146000,   146500)            1    0.0000%  99.9997%
  [   146500,   147000)            1    0.0000%  99.9997%
  [   147000,   147500)            1    0.0000%  99.9997%
  [   147500,   148000)            1    0.0000%  99.9997%
  [   148000,   148500)            1    0.0000%  99.9997%
  [   148500,   149000)            2    0.0000%  99.9997%
  [   149000,   149500)            3    0.0000%  99.9997%
  [   149500,   150000)            2    0.0000%  99.9997%
  [   150000,   150500)            1    0.0000%  99.9998%
  [   150500,   151000)            2    0.0000%  99.9998%
  [   151500,   152000)            1    0.0000%  99.9998%
  [   153000,   153500)            1    0.0000%  99.9998%
  [   159000,   159500)            2    0.0000%  99.9998%
  [   160500,   161000)            2    0.0000%  99.9998%
  [   161500,   162000)            2    0.0000%  99.9998%
  [   162000,   162500)            2    0.0000%  99.9998%
  [   162500,   163000)            1    0.0000%  99.9998%
  [   163500,   164000)            1    0.0000%  99.9998%
  [   164000,   164500)            2    0.0000%  99.9998%
  [   165000,   165500)            1    0.0000%  99.9998%
  [   167500,   168000)            1    0.0000%  99.9998%
  [   169000,   169500)            1    0.0000%  99.9998%
  [   171000,   171500)            1    0.0000%  99.9998%
  [   172000,   172500)            1    0.0000%  99.9998%
  [   173500,   174000)            1    0.0000%  99.9998%
  [   174000,   174500)            1    0.0000%  99.9998%
  [   176500,   177000)            1    0.0000%  99.9998%
  [   179000,   179500)            1    0.0000%  99.9998%
  [   179500,   180000)            1    0.0000%  99.9998%
  [   180500,   181000)            1    0.0000%  99.9998%
  [   181500,   182000)            1    0.0000%  99.9998%
  [   186500,   187000)            1    0.0000%  99.9998%
  [   192500,   193000)            1    0.0000%  99.9999%
  [   194000,   194500)            2    0.0000%  99.9999%
  [   197500,   198000)            1    0.0000%  99.9999%
  [   199000,   199500)            1    0.0000%  99.9999%
  [   202000,   202500)            1    0.0000%  99.9999%
  [   206500,   207000)            1    0.0000%  99.9999%
  [   237500,   238000)            1    0.0000%  99.9999%
  [   251000,   251500)            1    0.0000%  99.9999%
  [   999500, +inf)                  36    0.0001% 100.0000%

----- REMOTE OPERATIONS [node 0] -----
  ops total                = 29806196
  ops local  (cache hit)   = 3422561 (11.48%)
  ops remote (>=1 net op)  = 26383635 (88.52%)
  remote ops total         = 26383635
    rdma read              = 0
    rdma write             = 0
    rdma cas               = 0
    rpc pushdown           = 26383635
  remote ops / op          = 0.8852
  remote ops / remote op   = 1.0000

----- OFFLOADED TASKS [node 0] -----
  lookup pushdowns         = 26383635
  scan    pushdowns (RPC)  = 0
    kv pairs returned      = 0
    leaves scanned remotely= 0
    kv / scan pushdown     = 0.00
    leaves / scan pushdown = 0.00
  per-thread breakdown (tid: lookups | scans | kv | leaves):
    t0        733989 |          0 |          0 |          0
    t1        726841 |          0 |          0 |          0
    t2        735035 |          0 |          0 |          0
    t3        729374 |          0 |          0 |          0
    t4        737213 |          0 |          0 |          0
    t5        730326 |          0 |          0 |          0
    t6        736784 |          0 |          0 |          0
    t7        729551 |          0 |          0 |          0
    t8        736194 |          0 |          0 |          0
    t9        729819 |          0 |          0 |          0
    t10       736415 |          0 |          0 |          0
    t11       729731 |          0 |          0 |          0
    t12       735673 |          0 |          0 |          0
    t13       729335 |          0 |          0 |          0
    t14       734762 |          0 |          0 |          0
    t15       729499 |          0 |          0 |          0
    t16       736765 |          0 |          0 |          0
    t17       731041 |          0 |          0 |          0
    t18       736663 |          0 |          0 |          0
    t19       728999 |          0 |          0 |          0
    t20       736755 |          0 |          0 |          0
    t21       729759 |          0 |          0 |          0
    t22       736350 |          0 |          0 |          0
    t23       729185 |          0 |          0 |          0
    t24       736564 |          0 |          0 |          0
    t25       729137 |          0 |          0 |          0
    t26       736169 |          0 |          0 |          0
    t27       729135 |          0 |          0 |          0
    t28       736333 |          0 |          0 |          0
    t29       730751 |          0 |          0 |          0
    t30       736991 |          0 |          0 |          0
    t31       730247 |          0 |          0 |          0
    t32       736635 |          0 |          0 |          0
    t33       729429 |          0 |          0 |          0
    t34       736339 |          0 |          0 |          0
    t35       729847 |          0 |          0 |          0

----- PATH-AWARE CACHE MISS RATE [node 0] -----
  node accesses (hit+miss) = 738430751
  node cache hits          = 712047116 (96.43%)
  MISS RATE                = 3.5729%  (26383635 / 738430751)
  inner-node miss          = 24058663 (91.19% of misses, 3.2581% rate)
  leaf-node  miss          = 2324972 (8.81% of misses, 0.3149% rate)
  total miss               = 26383635
  cache writebacks         = 0
=========================================================================

Round 0 (max_throughput): 2.76525 Mops/s
Round 0 (straggler_throughput): 2.76523 Mops/s
Before barrier finish
Avg. rdma read time(ms) = -nan
Avg. rdma write time(ms) = -nan
Avg. rdma read / op = 0
Avg. rdma write / op = 0
Avg. rdma cas / op = 0
Avg. rdma rpc / op = 0.885173
Avg. all rdma / op = 0.885173
Avg. rdma read size/ op = 29.2107
Avg. rdma write size / op = 0
Avg. rdma RW size / op = 29.2107
------------------------------------------
Node 0 average throughput = 2.48317
Node 0 total throughput = 2.76525
All CN throughput (Max) = 2.76525
All CN throughput (Straggler) = 2.76523
Final throughput = 2.76523
[CORRECTNESS node 0] ops ok 29805675 / 29806196 = 99.9983%; scans 0, rows 0 (0.00 per scan)
------------------------------------------
