nodes 2, threads 36, mix R/I/U/S=100/0/0/0, uniform, bulk 50M warmup 10M op 30M, offload 100%, scan_range 100
[4mshared memory size: 64GB, 0x7feeda800000[0m
[4mrdma cache size: 4GB[0m
[4mMachine NR: 2[0m
[4mCompute server 1 start up [10.30.1.6]
[0m
I connect server 0
[CONFIG node 1] bulk load: bottom-up build, 8 keys per leaf, 6 children per inner node (CHIME_BULK_BUILD / CHIME_BUILD_LEAF_KEYS / CHIME_BUILD_INNER_FANOUT)
[CONFIG node 1] clients on this node: yes (CHIME_MN_CLIENTS)
[CONFIG node 1] leaf cache by key=1 owner=1 admit_push=0.10 granule=16 (CHIME_LEAF_BY_KEY / CHIME_LEAF_OWNER / CHIME_LEAF_ADMIT_PUSH / CHIME_LEAF_KEY_GRANULE)
[CONFIG node 1] scan path: from_cache=1 offload_always=0 (CHIME_SCAN_FROM_CACHE / CHIME_SCAN_OFFLOAD_ALWAYS)
[CONFIG node 1] push ops: both (CHIME_PUSH_OPS; applies only with offloading on)
[CACHE node 1] total=32 MB index=16 MB leaf=16 MB
[CONFIG node 1] dir threads = 8 (CHIME_DIR_THREADS, max 16) -- MUST match the other node
[CORES node 1] linear pinning: app threads -> CPUs 0..35, main -> 79, dir threads -> 79 (REV_DIR_CPUS)
[CONFIG] hotspot buffer + speculative read: off (CHIME_HOTSPOT; stock CHIME: on above 50 MB)
 ----- [LeafCache]: budget=16 MB -> 4997 sets x 8 ways = 39976 leaves (352 B/leaf, 16.0 MB) -----
 ----- [LeafCache]: by_key=1 (index 1.8 MB, granule 16 keys) owner=1 (no network check on a hit) admit_push=0.10 -----
workload generated: keyspace=50001000 bulk=50000000 warmup=9999972 op=29999988
[4mKey space set: keySpaceSize=50000000[0m
I am 60
I am 38
I am 36
I am 45
I am 37
I am 41
I am 47
I am 43
I am 39
I am 49
I am 66
I am 46
I am 50
I am 42
I am 52
I am 51
I am 59
I am 64
I am 48
I am 44
I am 58
I am 56
I am 70
I am 55
I am 62
I am 65
I am 53
I am 63
I am 67
I am 69
I am 61
I am 68
I am 71
I am 54
I am 57
I am 40
[build] leaves: 10% (625001/6250000)
[build] leaves: 20% (1250002/6250000)
[build] leaves: 30% (1875003/6250000)
[build] leaves: 40% (2500004/6250000)
[build] leaves: 50% (3125005/6250000)
[build] leaves: 60% (3750006/6250000)
[build] leaves: 70% (4375007/6250000)
[build] leaves: 80% (5000008/6250000)
[build] leaves: 90% (5625009/6250000)
[build] inner level 1: 1041667 nodes
[build] inner level 2: 173611 nodes
[build] inner level 3: 28935 nodes
[build] inner level 4: 4823 nodes
[build] inner level 5: 804 nodes
[build] inner level 6: 134 nodes
[build] inner level 7: 23 nodes
[build] inner level 8: 4 nodes
[build] inner level 9: 1 nodes
[build] done in 19.4s: height=10 leaves=6250000 inner_nodes=1250002 (8 keys per leaf, 6 children per inner node)
[TREE] height=10 leaves=6250000 inner_nodes=1250002 keys_per_leaf=8.00 inner_MB=399.4 leaf_MB=2104.0 total_MB=2503.4 (internal span 16, leaf span 16, node bytes inner=335 leaf=353)
node 1 warmup done in 61s
[INDEX] --- post-bulk-load cache occupancy (cache = 16 MB) ---
 ----- [TreeCache]:  cache size=16 MB free_size=0.000 MB skiplist_node_cnt=1249929 ----- 
consumed cache size = 16.000 MB
 ----- [IdxCache]:  cache size=0 MB free_size=0.000 MB ---- 
consumed hotspot buffer size = 0.000000 MB

 ----- [LeafCache]: capacity=39976 leaves resident=39976 (100.0% full, 13.4 MB) -----
[LEAFCACHE] hit=64157 miss=9935809 stale=0 fill=9935809 hit_pct=0.642 admit_pct=100.000 resident=39976 capacity=39976 budget_mb=16
[LEAFKEY] by_key=1 owner=1 admit_push=0.10 key_hits=0 push_admits=0
1, throughput 2.5828 Mops
1, throughput 2.5990 Mops
1, throughput 2.6042 Mops
1, throughput 2.6027 Mops
1, throughput 2.6072 Mops
1, throughput 2.6048 Mops
1, throughput 2.5667 Mops
1, throughput 2.6079 Mops
1, throughput 2.6084 Mops
1, throughput 2.6069 Mops
1, throughput 2.6082 Mops
1, throughput 2.6079 Mops
1, throughput 2.6094 Mops
1, throughput 2.6095 Mops
1, throughput 2.6101 Mops
1, throughput 2.6097 Mops
1, throughput 2.6121 Mops
1, throughput 2.6119 Mops
1, throughput 2.6142 Mops
1, throughput 2.6134 Mops
1, throughput 2.6130 Mops
1, throughput 2.6133 Mops
1, throughput 2.4754 Mops
1, throughput 0.1909 Mops
[RESULT node 1] ops=29999988 elapsed=11.785s throughput=2.5455 Mops mode=op-bounded
[RDMA node 1] ops=29999988 posts=46621441 read_wr=26304018 read_bytes=1611723900 write_wr=0 write_bytes=0 atomic_wr=0 send_wr=28584631 send_bytes=1171969871
[RDMA node 1] per_op: round_trips=1.5540 reads=0.8768 writes=0.0000 atomics=0.0000 sends=0.9528 verbs=1.8296 bytes=92.8

==================== LATENCY BUCKETS (500 ns) [node 1] ====================
[LOOKUP]
  ALL                n=29999988   mean=   13.75us  p50=  13.50us  p90=  19.50us  p99=  26.50us  p99.9=  32.50us  max>=358.00us
  DIRECT (1-sided)   n=1415357    mean=   11.53us  p50=  12.50us  p90=  14.50us  p99=  17.50us  p99.9=  20.50us  max>=113.50us
  OFFLOAD (rpc)      n=28584631   mean=   13.86us  p50=  13.50us  p90=  20.00us  p99=  27.00us  p99.9=  32.50us  max>=358.00us
[ALL OPS]
  ALL                n=29999988   mean=   13.75us  p50=  13.50us  p90=  19.50us  p99=  26.50us  p99.9=  32.50us  max>=358.00us
  DIRECT (1-sided)   n=1415357    mean=   11.53us  p50=  12.50us  p90=  14.50us  p99=  17.50us  p99.9=  20.50us  max>=113.50us
  OFFLOAD (rpc)      n=28584631   mean=   13.86us  p50=  13.50us  p90=  20.00us  p99=  27.00us  p99.9=  32.50us  max>=358.00us

----- 500 ns bucket CDF (all ops) [node 1] -----
  bucket [lo,hi) ns             count        pct       cdf
  [        0,      500)           18    0.0001%   0.0001%
  [      500,     1000)        40748    0.1358%   0.1359%
  [     1000,     1500)        78135    0.2605%   0.3963%
  [     1500,     2000)        11780    0.0393%   0.4356%
  [     2000,     2500)          658    0.0022%   0.4378%
  [     2500,     3000)          199    0.0007%   0.4385%
  [     3000,     3500)          324    0.0011%   0.4395%
  [     3500,     4000)          348    0.0012%   0.4407%
  [     4000,     4500)          363    0.0012%   0.4419%
  [     4500,     5000)          492    0.0016%   0.4436%
  [     5000,     5500)          432    0.0014%   0.4450%
  [     5500,     6000)          473    0.0016%   0.4466%
  [     6000,     6500)         1119    0.0037%   0.4503%
  [     6500,     7000)         9403    0.0313%   0.4816%
  [     7000,     7500)        60358    0.2012%   0.6828%
  [     7500,     8000)       241661    0.8055%   1.4884%
  [     8000,     8500)       611400    2.0380%   3.5264%
  [     8500,     9000)      1083172    3.6106%   7.1369%
  [     9000,     9500)      1449235    4.8308%  11.9677%
  [     9500,    10000)      1609716    5.3657%  17.3335%
  [    10000,    10500)      1595371    5.3179%  22.6514%
  [    10500,    11000)      1513196    5.0440%  27.6953%
  [    11000,    11500)      1447069    4.8236%  32.5189%
  [    11500,    12000)      1458780    4.8626%  37.3815%
  [    12000,    12500)      1561253    5.2042%  42.5857%
  [    12500,    13000)      1692556    5.6419%  48.2275%
  [    13000,    13500)      1783571    5.9452%  54.1728%
  [    13500,    14000)      1767426    5.8914%  60.0642%
  [    14000,    14500)      1639162    5.4639%  65.5281%
  [    14500,    15000)      1437554    4.7918%  70.3199%
  [    15000,    15500)      1207267    4.0242%  74.3442%
  [    15500,    16000)       989737    3.2991%  77.6433%
  [    16000,    16500)       801039    2.6701%  80.3134%
  [    16500,    17000)       664558    2.2152%  82.5286%
  [    17000,    17500)       565857    1.8862%  84.4148%
  [    17500,    18000)       495009    1.6500%  86.0648%
  [    18000,    18500)       440174    1.4672%  87.5321%
  [    18500,    19000)       396466    1.3216%  88.8536%
  [    19000,    19500)       357058    1.1902%  90.0438%
  [    19500,    20000)       324739    1.0825%  91.1263%
  [    20000,    20500)       298757    0.9959%  92.1221%
  [    20500,    21000)       277647    0.9255%  93.0476%
  [    21000,    21500)       261404    0.8713%  93.9190%
  [    21500,    22000)       244921    0.8164%  94.7354%
  [    22000,    22500)       229523    0.7651%  95.5005%
  [    22500,    23000)       209043    0.6968%  96.1973%
  [    23000,    23500)       188808    0.6294%  96.8266%
  [    23500,    24000)       165129    0.5504%  97.3771%
  [    24000,    24500)       140600    0.4687%  97.8457%
  [    24500,    25000)       117994    0.3933%  98.2390%
  [    25000,    25500)        97476    0.3249%  98.5640%
  [    25500,    26000)        79647    0.2655%  98.8295%
  [    26000,    26500)        64812    0.2160%  99.0455%
  [    26500,    27000)        52422    0.1747%  99.2202%
  [    27000,    27500)        42488    0.1416%  99.3619%
  [    27500,    28000)        34709    0.1157%  99.4776%
  [    28000,    28500)        28230    0.0941%  99.5717%
  [    28500,    29000)        23137    0.0771%  99.6488%
  [    29000,    29500)        19272    0.0642%  99.7130%
  [    29500,    30000)        15814    0.0527%  99.7657%
  [    30000,    30500)        13036    0.0435%  99.8092%
  [    30500,    31000)        10685    0.0356%  99.8448%
  [    31000,    31500)         8619    0.0287%  99.8735%
  [    31500,    32000)         7095    0.0237%  99.8972%
  [    32000,    32500)         5674    0.0189%  99.9161%
  [    32500,    33000)         4593    0.0153%  99.9314%
  [    33000,    33500)         3808    0.0127%  99.9441%
  [    33500,    34000)         3111    0.0104%  99.9545%
  [    34000,    34500)         2425    0.0081%  99.9626%
  [    34500,    35000)         2056    0.0069%  99.9694%
  [    35000,    35500)         1683    0.0056%  99.9750%
  [    35500,    36000)         1249    0.0042%  99.9792%
  [    36000,    36500)         1075    0.0036%  99.9828%
  [    36500,    37000)          861    0.0029%  99.9856%
  [    37000,    37500)          757    0.0025%  99.9882%
  [    37500,    38000)          602    0.0020%  99.9902%
  [    38000,    38500)          487    0.0016%  99.9918%
  [    38500,    39000)          375    0.0013%  99.9930%
  [    39000,    39500)          325    0.0011%  99.9941%
  [    39500,    40000)          266    0.0009%  99.9950%
  [    40000,    40500)          223    0.0007%  99.9958%
  [    40500,    41000)          177    0.0006%  99.9963%
  [    41000,    41500)          118    0.0004%  99.9967%
  [    41500,    42000)          134    0.0004%  99.9972%
  [    42000,    42500)           71    0.0002%  99.9974%
  [    42500,    43000)           74    0.0002%  99.9977%
  [    43000,    43500)           59    0.0002%  99.9979%
  [    43500,    44000)           53    0.0002%  99.9980%
  [    44000,    44500)           41    0.0001%  99.9982%
  [    44500,    45000)           41    0.0001%  99.9983%
  [    45000,    45500)           27    0.0001%  99.9984%
  [    45500,    46000)           31    0.0001%  99.9985%
  [    46000,    46500)           21    0.0001%  99.9986%
  [    46500,    47000)           18    0.0001%  99.9986%
  [    47000,    47500)           10    0.0000%  99.9987%
  [    47500,    48000)           15    0.0001%  99.9987%
  [    48000,    48500)           16    0.0001%  99.9988%
  [    48500,    49000)           14    0.0000%  99.9988%
  [    49000,    49500)            9    0.0000%  99.9988%
  [    49500,    50000)            9    0.0000%  99.9989%
  [    50000,    50500)           11    0.0000%  99.9989%
  [    50500,    51000)            6    0.0000%  99.9989%
  [    51000,    51500)            4    0.0000%  99.9989%
  [    51500,    52000)            5    0.0000%  99.9990%
  [    52000,    52500)            8    0.0000%  99.9990%
  [    52500,    53000)            6    0.0000%  99.9990%
  [    53000,    53500)            5    0.0000%  99.9990%
  [    53500,    54000)            2    0.0000%  99.9990%
  [    54000,    54500)            8    0.0000%  99.9991%
  [    54500,    55000)            5    0.0000%  99.9991%
  [    55000,    55500)            6    0.0000%  99.9991%
  [    55500,    56000)            4    0.0000%  99.9991%
  [    56000,    56500)            7    0.0000%  99.9991%
  [    56500,    57000)            3    0.0000%  99.9991%
  [    57000,    57500)            6    0.0000%  99.9992%
  [    57500,    58000)            3    0.0000%  99.9992%
  [    58000,    58500)            3    0.0000%  99.9992%
  [    58500,    59000)            2    0.0000%  99.9992%
  [    59000,    59500)            4    0.0000%  99.9992%
  [    59500,    60000)            3    0.0000%  99.9992%
  [    60000,    60500)            4    0.0000%  99.9992%
  [    60500,    61000)            3    0.0000%  99.9992%
  [    61000,    61500)            4    0.0000%  99.9993%
  [    61500,    62000)            4    0.0000%  99.9993%
  [    62000,    62500)            3    0.0000%  99.9993%
  [    63000,    63500)            4    0.0000%  99.9993%
  [    63500,    64000)            1    0.0000%  99.9993%
  [    64000,    64500)            2    0.0000%  99.9993%
  [    64500,    65000)            3    0.0000%  99.9993%
  [    65000,    65500)            3    0.0000%  99.9993%
  [    65500,    66000)            3    0.0000%  99.9993%
  [    66000,    66500)            3    0.0000%  99.9993%
  [    66500,    67000)            4    0.0000%  99.9994%
  [    67000,    67500)            5    0.0000%  99.9994%
  [    67500,    68000)            2    0.0000%  99.9994%
  [    68000,    68500)           11    0.0000%  99.9994%
  [    68500,    69000)            4    0.0000%  99.9994%
  [    69000,    69500)            4    0.0000%  99.9994%
  [    69500,    70000)            4    0.0000%  99.9995%
  [    70000,    70500)            1    0.0000%  99.9995%
  [    70500,    71000)            4    0.0000%  99.9995%
  [    71000,    71500)            4    0.0000%  99.9995%
  [    71500,    72000)            3    0.0000%  99.9995%
  [    72000,    72500)            3    0.0000%  99.9995%
  [    72500,    73000)            4    0.0000%  99.9995%
  [    73000,    73500)            3    0.0000%  99.9995%
  [    74000,    74500)            6    0.0000%  99.9995%
  [    74500,    75000)            2    0.0000%  99.9996%
  [    75000,    75500)            5    0.0000%  99.9996%
  [    75500,    76000)            4    0.0000%  99.9996%
  [    76000,    76500)            2    0.0000%  99.9996%
  [    76500,    77000)            1    0.0000%  99.9996%
  [    77000,    77500)            4    0.0000%  99.9996%
  [    77500,    78000)            2    0.0000%  99.9996%
  [    78000,    78500)            1    0.0000%  99.9996%
  [    79000,    79500)            1    0.0000%  99.9996%
  [    79500,    80000)            1    0.0000%  99.9996%
  [    80500,    81000)            1    0.0000%  99.9996%
  [    81000,    81500)            3    0.0000%  99.9996%
  [    82000,    82500)            1    0.0000%  99.9996%
  [    84000,    84500)            1    0.0000%  99.9996%
  [    84500,    85000)            2    0.0000%  99.9996%
  [    85000,    85500)            1    0.0000%  99.9997%
  [    85500,    86000)            2    0.0000%  99.9997%
  [    86000,    86500)            1    0.0000%  99.9997%
  [    86500,    87000)            1    0.0000%  99.9997%
  [    87000,    87500)            1    0.0000%  99.9997%
  [    87500,    88000)            1    0.0000%  99.9997%
  [    88000,    88500)            1    0.0000%  99.9997%
  [    89500,    90000)            2    0.0000%  99.9997%
  [    90000,    90500)            2    0.0000%  99.9997%
  [    90500,    91000)            2    0.0000%  99.9997%
  [    91000,    91500)            2    0.0000%  99.9997%
  [    92000,    92500)            1    0.0000%  99.9997%
  [    92500,    93000)            1    0.0000%  99.9997%
  [    93000,    93500)            1    0.0000%  99.9997%
  [    93500,    94000)            7    0.0000%  99.9997%
  [    94000,    94500)            1    0.0000%  99.9997%
  [    94500,    95000)            2    0.0000%  99.9997%
  [    95000,    95500)            1    0.0000%  99.9997%
  [    96500,    97000)            1    0.0000%  99.9998%
  [    97500,    98000)            1    0.0000%  99.9998%
  [    98500,    99000)            1    0.0000%  99.9998%
  [    99000,    99500)            1    0.0000%  99.9998%
  [    99500,   100000)            1    0.0000%  99.9998%
  [   100000,   100500)            1    0.0000%  99.9998%
  [   104500,   105000)            1    0.0000%  99.9998%
  [   106500,   107000)            1    0.0000%  99.9998%
  [   113000,   113500)            1    0.0000%  99.9998%
  [   162000,   162500)            1    0.0000%  99.9998%
  [   166500,   167000)            1    0.0000%  99.9998%
  [   171000,   171500)            1    0.0000%  99.9998%
  [   171500,   172000)            1    0.0000%  99.9998%
  [   172500,   173000)            2    0.0000%  99.9998%
  [   173000,   173500)            1    0.0000%  99.9998%
  [   173500,   174000)            2    0.0000%  99.9998%
  [   174000,   174500)            1    0.0000%  99.9998%
  [   174500,   175000)            1    0.0000%  99.9998%
  [   176000,   176500)            1    0.0000%  99.9998%
  [   176500,   177000)            1    0.0000%  99.9998%
  [   177500,   178000)            1    0.0000%  99.9998%
  [   178000,   178500)            2    0.0000%  99.9998%
  [   178500,   179000)            2    0.0000%  99.9998%
  [   179500,   180000)            1    0.0000%  99.9998%
  [   181000,   181500)            1    0.0000%  99.9998%
  [   182500,   183000)            1    0.0000%  99.9998%
  [   184500,   185000)            1    0.0000%  99.9999%
  [   225500,   226000)            1    0.0000%  99.9999%
  [   228500,   229000)            1    0.0000%  99.9999%
  [   229000,   229500)            1    0.0000%  99.9999%
  [   230000,   230500)            2    0.0000%  99.9999%
  [   231000,   231500)            1    0.0000%  99.9999%
  [   231500,   232000)            2    0.0000%  99.9999%
  [   232000,   232500)            1    0.0000%  99.9999%
  [   233000,   233500)            3    0.0000%  99.9999%
  [   233500,   234000)            2    0.0000%  99.9999%
  [   235500,   236000)            2    0.0000%  99.9999%
  [   236000,   236500)            2    0.0000%  99.9999%
  [   237000,   237500)            1    0.0000%  99.9999%
  [   237500,   238000)            1    0.0000%  99.9999%
  [   238000,   238500)            1    0.0000%  99.9999%
  [   239000,   239500)            1    0.0000%  99.9999%
  [   240500,   241000)            1    0.0000%  99.9999%
  [   242500,   243000)            1    0.0000%  99.9999%
  [   248500,   249000)            1    0.0000%  99.9999%
  [   250500,   251000)            1    0.0000%  99.9999%
  [   254000,   254500)            1    0.0000%  99.9999%
  [   256500,   257000)            1    0.0000%  99.9999%
  [   257500,   258000)            1    0.0000%  99.9999%
  [   258000,   258500)            1    0.0000% 100.0000%
  [   259000,   259500)            1    0.0000% 100.0000%
  [   269000,   269500)            1    0.0000% 100.0000%
  [   270000,   270500)            1    0.0000% 100.0000%
  [   271000,   271500)            1    0.0000% 100.0000%
  [   272500,   273000)            1    0.0000% 100.0000%
  [   276000,   276500)            1    0.0000% 100.0000%
  [   278500,   279000)            1    0.0000% 100.0000%
  [   283500,   284000)            1    0.0000% 100.0000%
  [   285500,   286000)            1    0.0000% 100.0000%
  [   286500,   287000)            1    0.0000% 100.0000%
  [   288000,   288500)            1    0.0000% 100.0000%
  [   288500,   289000)            1    0.0000% 100.0000%
  [   290500,   291000)            1    0.0000% 100.0000%
  [   357500,   358000)            1    0.0000% 100.0000%

----- OFFLOADED TASKS [node 1] -----
  ops total                = 29999988
  ops direct (1-sided)     = 1415357 (4.72%)
  ops offload (rpc)        = 28584631 (95.28%)
  lookup pushdowns         = 28584631
  scan   pushdowns (RPC)   = 0
    kv pairs returned      = 0
    leaves scanned remotely= 0
    kv / scan pushdown     = 0.00
    leaves / scan pushdown = 0.00
=========================================================================

[CORRECTNESS node 1] lookup found 29999396 / 29999988 = 99.9980%
[READPATH node 1] lookups=29999988  index-cache hit=45.2%  per lookup: leaf=0.043 speculative=0.000 (right 0.0%) hop-reads=0.000 (two-segment 0.000) retries=0.000 invalid=0.000 sibling=0.000  => est. leaf round trips/lookup=0.000
 ----- [LeafCache]: capacity=39976 leaves resident=39976 (100.0% full, 13.4 MB) -----
[LEAFCACHE] hit=134744 miss=1280584 stale=0 fill=4133604 hit_pct=9.520 admit_pct=322.791 resident=39976 capacity=39976 budget_mb=16
[LEAFKEY] by_key=1 owner=1 admit_push=0.10 key_hits=133090 push_admits=2853020

----- PER-LEVEL CACHE HITS [node 1] (lookups; level 0 = leaf) -----
[LEVEL] level=0 hits=134744 misses=29865215 hit_rate=0.0045
[LEVEL] level=1 hits=1282238 misses=28584631 hit_rate=0.0429
[LEVEL] level=2 hits=6756854 misses=23110015 hit_rate=0.2262
[LEVEL] level=3 hits=15192788 misses=14674081 hit_rate=0.5087
[LEVEL] level=4 hits=15926022 misses=13940847 hit_rate=0.5332
[LEVEL] level=5 hits=15963663 misses=13903206 hit_rate=0.5345
[LEVEL] level=6 hits=15963663 misses=13903206 hit_rate=0.5345
[LEVEL] level=7 hits=15963663 misses=13903206 hit_rate=0.5345
[LEVEL] level=8 hits=15963663 misses=13903206 hit_rate=0.5345
[LEVEL] level=9 hits=15963663 misses=13903206 hit_rate=0.5345
[KIND node 1] lookups=29999959 inner_visits=268801821 inner_hits=118976217 inner_hit_pct=44.26 leaf_visits=29999959 leaf_hits=134744 leaf_hit_pct=0.45
[END]
