nodes 2, threads 36, mix R/I/U/S=100/0/0/0, uniform, bulk 50M warmup 10M op 30M, offload 100%, scan_range 100
[4mshared memory size: 64GB, 0x7feeda800000[0m
[4mrdma cache size: 4GB[0m
[4mMachine NR: 2[0m
[4mCompute server 1 start up [10.30.1.6]
[0m
I connect server 0
[CONFIG node 1] bulk load: bottom-up build, 8 keys per leaf, 6 children per inner node (CHIME_BULK_BUILD / CHIME_BUILD_LEAF_KEYS / CHIME_BUILD_INNER_FANOUT)
[CONFIG node 1] clients on this node: yes (CHIME_MN_CLIENTS)
[CONFIG node 1] leaf cache by key=1 owner=1 admit_push=0.10 granule=16 (CHIME_LEAF_BY_KEY / CHIME_LEAF_OWNER / CHIME_LEAF_ADMIT_PUSH / CHIME_LEAF_KEY_GRANULE)
[CONFIG node 1] scan path: from_cache=1 offload_always=0 (CHIME_SCAN_FROM_CACHE / CHIME_SCAN_OFFLOAD_ALWAYS)
[CONFIG node 1] push ops: both (CHIME_PUSH_OPS; applies only with offloading on)
[CACHE node 1] total=512 MB index=32 MB leaf=480 MB
[CONFIG node 1] dir threads = 8 (CHIME_DIR_THREADS, max 16) -- MUST match the other node
[CORES node 1] linear pinning: app threads -> CPUs 0..35, main -> 79, dir threads -> 79 (REV_DIR_CPUS)
[CONFIG] hotspot buffer + speculative read: off (CHIME_HOTSPOT; stock CHIME: on above 50 MB)
 ----- [LeafCache]: budget=480 MB -> 157040 sets x 8 ways = 1256320 leaves (352 B/leaf, 480.0 MB) -----
 ----- [LeafCache]: by_key=1 (index 57.5 MB, granule 16 keys) owner=1 (no network check on a hit) admit_push=0.10 -----
workload generated: keyspace=50001000 bulk=50000000 warmup=9999972 op=29999988
[4mKey space set: keySpaceSize=50000000[0m
I am 69
I am 49
I am 41
I am 40
I am 63
I am 62
I am 44
I am 68
I am 66
I am 48
I am 52
I am 67
I am 53
I am 36
I am 42
I am 58
I am 47
I am 54
I am 43
I am 37
I am 46
I am 39
I am 55
I am 51
I am 57
I am 59
I am 60
I am 50
I am 56
I am 61
I am 64
I am 65
I am 70
I am 71
I am 45
I am 38
[build] leaves: 10% (625001/6250000)
[build] leaves: 20% (1250002/6250000)
[build] leaves: 30% (1875003/6250000)
[build] leaves: 40% (2500004/6250000)
[build] leaves: 50% (3125005/6250000)
[build] leaves: 60% (3750006/6250000)
[build] leaves: 70% (4375007/6250000)
[build] leaves: 80% (5000008/6250000)
[build] leaves: 90% (5625009/6250000)
[build] inner level 1: 1041667 nodes
[build] inner level 2: 173611 nodes
[build] inner level 3: 28935 nodes
[build] inner level 4: 4823 nodes
[build] inner level 5: 804 nodes
[build] inner level 6: 134 nodes
[build] inner level 7: 23 nodes
[build] inner level 8: 4 nodes
[build] inner level 9: 1 nodes
[build] done in 19.3s: height=10 leaves=6250000 inner_nodes=1250002 (8 keys per leaf, 6 children per inner node)
[TREE] height=10 leaves=6250000 inner_nodes=1250002 keys_per_leaf=8.00 inner_MB=399.4 leaf_MB=2104.0 total_MB=2503.4 (internal span 16, leaf span 16, node bytes inner=335 leaf=353)
node 1 warmup done in 50s
[INDEX] --- post-bulk-load cache occupancy (cache = 32 MB) ---
 ----- [TreeCache]:  cache size=32 MB free_size=0.000 MB skiplist_node_cnt=1249918 ----- 
consumed cache size = 32.000 MB
 ----- [IdxCache]:  cache size=0 MB free_size=0.000 MB ---- 
consumed hotspot buffer size = 0.000000 MB

 ----- [LeafCache]: capacity=1256320 leaves resident=1256320 (100.0% full, 421.7 MB) -----
[LEAFCACHE] hit=1854112 miss=8145857 stale=0 fill=8145857 hit_pct=18.541 admit_pct=100.000 resident=1256320 capacity=1256320 budget_mb=480
[LEAFKEY] by_key=1 owner=1 admit_push=0.10 key_hits=578 push_admits=349
1, throughput 3.1561 Mops
1, throughput 3.1682 Mops
1, throughput 3.1806 Mops
1, throughput 3.1864 Mops
1, throughput 3.1883 Mops
1, throughput 3.1876 Mops
1, throughput 3.1904 Mops
1, throughput 3.1902 Mops
1, throughput 3.1892 Mops
1, throughput 3.1911 Mops
1, throughput 3.1919 Mops
1, throughput 3.1936 Mops
1, throughput 3.1937 Mops
1, throughput 3.1954 Mops
1, throughput 3.1927 Mops
1, throughput 3.1521 Mops
1, throughput 3.1981 Mops
1, throughput 3.1967 Mops
1, throughput 2.6330 Mops
1, throughput 0.0138 Mops
[RESULT node 1] ops=29999988 elapsed=9.561s throughput=3.1376 Mops mode=op-bounded
[RDMA node 1] ops=29999988 posts=37694151 read_wr=23817274 read_bytes=1670338280 write_wr=0 write_bytes=0 atomic_wr=0 send_wr=22607261 send_bytes=926897701
[RDMA node 1] per_op: round_trips=1.2565 reads=0.7939 writes=0.0000 atomics=0.0000 sends=0.7536 verbs=1.5475 bytes=86.6

==================== LATENCY BUCKETS (500 ns) [node 1] ====================
[LOOKUP]
  ALL                n=29999988   mean=   11.24us  p50=  12.00us  p90=  17.00us  p99=  25.50us  p99.9=  29.50us  max>=263.00us
  DIRECT (1-sided)   n=7392727    mean=    5.03us  p50=   2.00us  p90=  14.50us  p99=  18.00us  p99.9=  21.00us  max>=215.50us
  OFFLOAD (rpc)      n=22607261   mean=   13.27us  p50=  13.00us  p90=  18.50us  p99=  26.00us  p99.9=  30.00us  max>=263.00us
[ALL OPS]
  ALL                n=29999988   mean=   11.24us  p50=  12.00us  p90=  17.00us  p99=  25.50us  p99.9=  29.50us  max>=263.00us
  DIRECT (1-sided)   n=7392727    mean=    5.03us  p50=   2.00us  p90=  14.50us  p99=  18.00us  p99.9=  21.00us  max>=215.50us
  OFFLOAD (rpc)      n=22607261   mean=   13.27us  p50=  13.00us  p90=  18.50us  p99=  26.00us  p99.9=  30.00us  max>=263.00us

----- 500 ns bucket CDF (all ops) [node 1] -----
  bucket [lo,hi) ns             count        pct       cdf
  [        0,      500)           33    0.0001%   0.0001%
  [      500,     1000)       361874    1.2062%   1.2064%
  [     1000,     1500)      3150962   10.5032%  11.7096%
  [     1500,     2000)      1410010    4.7000%  16.4096%
  [     2000,     2500)       130534    0.4351%  16.8447%
  [     2500,     3000)         9413    0.0314%  16.8761%
  [     3000,     3500)         9827    0.0328%  16.9089%
  [     3500,     4000)        12005    0.0400%  16.9489%
  [     4000,     4500)         8592    0.0286%  16.9775%
  [     4500,     5000)        11785    0.0393%  17.0168%
  [     5000,     5500)        12934    0.0431%  17.0599%
  [     5500,     6000)        14816    0.0494%  17.1093%
  [     6000,     6500)        14706    0.0490%  17.1583%
  [     6500,     7000)        18665    0.0622%  17.2205%
  [     7000,     7500)        46157    0.1539%  17.3744%
  [     7500,     8000)       173619    0.5787%  17.9531%
  [     8000,     8500)       493228    1.6441%  19.5972%
  [     8500,     9000)       960996    3.2033%  22.8005%
  [     9000,     9500)      1372605    4.5754%  27.3759%
  [     9500,    10000)      1575543    5.2518%  32.6277%
  [    10000,    10500)      1568264    5.2275%  37.8552%
  [    10500,    11000)      1440865    4.8029%  42.6581%
  [    11000,    11500)      1295525    4.3184%  46.9765%
  [    11500,    12000)      1248472    4.1616%  51.1381%
  [    12000,    12500)      1343719    4.4791%  55.6172%
  [    12500,    13000)      1513683    5.0456%  60.6628%
  [    13000,    13500)      1648081    5.4936%  66.1564%
  [    13500,    14000)      1663072    5.5436%  71.7000%
  [    14000,    14500)      1520943    5.0698%  76.7698%
  [    14500,    15000)      1281637    4.2721%  81.0419%
  [    15000,    15500)      1012861    3.3762%  84.4181%
  [    15500,    16000)       764769    2.5492%  86.9674%
  [    16000,    16500)       562016    1.8734%  88.8407%
  [    16500,    17000)       416179    1.3873%  90.2280%
  [    17000,    17500)       314683    1.0489%  91.2769%
  [    17500,    18000)       247677    0.8256%  92.1025%
  [    18000,    18500)       205998    0.6867%  92.7892%
  [    18500,    19000)       180517    0.6017%  93.3909%
  [    19000,    19500)       164949    0.5498%  93.9408%
  [    19500,    20000)       155784    0.5193%  94.4600%
  [    20000,    20500)       151140    0.5038%  94.9638%
  [    20500,    21000)       147615    0.4921%  95.4559%
  [    21000,    21500)       145309    0.4844%  95.9402%
  [    21500,    22000)       143167    0.4772%  96.4175%
  [    22000,    22500)       139577    0.4653%  96.8827%
  [    22500,    23000)       133508    0.4450%  97.3278%
  [    23000,    23500)       126012    0.4200%  97.7478%
  [    23500,    24000)       116326    0.3878%  98.1355%
  [    24000,    24500)       104611    0.3487%  98.4842%
  [    24500,    25000)        90410    0.3014%  98.7856%
  [    25000,    25500)        77661    0.2589%  99.0445%
  [    25500,    26000)        64601    0.2153%  99.2598%
  [    26000,    26500)        52127    0.1738%  99.4336%
  [    26500,    27000)        41678    0.1389%  99.5725%
  [    27000,    27500)        32789    0.1093%  99.6818%
  [    27500,    28000)        25035    0.0835%  99.7653%
  [    28000,    28500)        18669    0.0622%  99.8275%
  [    28500,    29000)        13970    0.0466%  99.8740%
  [    29000,    29500)        10279    0.0343%  99.9083%
  [    29500,    30000)         7477    0.0249%  99.9332%
  [    30000,    30500)         5351    0.0178%  99.9511%
  [    30500,    31000)         3845    0.0128%  99.9639%
  [    31000,    31500)         2864    0.0095%  99.9734%
  [    31500,    32000)         2005    0.0067%  99.9801%
  [    32000,    32500)         1397    0.0047%  99.9848%
  [    32500,    33000)         1056    0.0035%  99.9883%
  [    33000,    33500)          811    0.0027%  99.9910%
  [    33500,    34000)          549    0.0018%  99.9928%
  [    34000,    34500)          424    0.0014%  99.9942%
  [    34500,    35000)          292    0.0010%  99.9952%
  [    35000,    35500)          224    0.0007%  99.9960%
  [    35500,    36000)          151    0.0005%  99.9965%
  [    36000,    36500)          114    0.0004%  99.9968%
  [    36500,    37000)          110    0.0004%  99.9972%
  [    37000,    37500)           66    0.0002%  99.9974%
  [    37500,    38000)           75    0.0003%  99.9977%
  [    38000,    38500)           52    0.0002%  99.9979%
  [    38500,    39000)           39    0.0001%  99.9980%
  [    39000,    39500)           29    0.0001%  99.9981%
  [    39500,    40000)           27    0.0001%  99.9982%
  [    40000,    40500)           22    0.0001%  99.9982%
  [    40500,    41000)           21    0.0001%  99.9983%
  [    41000,    41500)           21    0.0001%  99.9984%
  [    41500,    42000)           18    0.0001%  99.9984%
  [    42000,    42500)           16    0.0001%  99.9985%
  [    42500,    43000)           16    0.0001%  99.9986%
  [    43000,    43500)            7    0.0000%  99.9986%
  [    43500,    44000)            6    0.0000%  99.9986%
  [    44000,    44500)            8    0.0000%  99.9986%
  [    44500,    45000)           12    0.0000%  99.9987%
  [    45000,    45500)            4    0.0000%  99.9987%
  [    45500,    46000)           12    0.0000%  99.9987%
  [    46000,    46500)            7    0.0000%  99.9987%
  [    46500,    47000)           10    0.0000%  99.9988%
  [    47000,    47500)            8    0.0000%  99.9988%
  [    47500,    48000)            5    0.0000%  99.9988%
  [    48000,    48500)            5    0.0000%  99.9988%
  [    48500,    49000)            7    0.0000%  99.9989%
  [    49000,    49500)            1    0.0000%  99.9989%
  [    49500,    50000)            4    0.0000%  99.9989%
  [    50000,    50500)            6    0.0000%  99.9989%
  [    50500,    51000)            7    0.0000%  99.9989%
  [    51000,    51500)            7    0.0000%  99.9989%
  [    51500,    52000)            8    0.0000%  99.9990%
  [    52000,    52500)            2    0.0000%  99.9990%
  [    52500,    53000)            8    0.0000%  99.9990%
  [    53000,    53500)            4    0.0000%  99.9990%
  [    53500,    54000)            3    0.0000%  99.9990%
  [    54500,    55000)            2    0.0000%  99.9990%
  [    55000,    55500)            5    0.0000%  99.9990%
  [    55500,    56000)            4    0.0000%  99.9991%
  [    56000,    56500)           11    0.0000%  99.9991%
  [    56500,    57000)            4    0.0000%  99.9991%
  [    57000,    57500)            6    0.0000%  99.9991%
  [    57500,    58000)            3    0.0000%  99.9991%
  [    58000,    58500)            1    0.0000%  99.9991%
  [    58500,    59000)            3    0.0000%  99.9992%
  [    59000,    59500)            3    0.0000%  99.9992%
  [    59500,    60000)            3    0.0000%  99.9992%
  [    60000,    60500)            3    0.0000%  99.9992%
  [    60500,    61000)            1    0.0000%  99.9992%
  [    61000,    61500)            1    0.0000%  99.9992%
  [    61500,    62000)            4    0.0000%  99.9992%
  [    62000,    62500)            3    0.0000%  99.9992%
  [    62500,    63000)            1    0.0000%  99.9992%
  [    63000,    63500)            3    0.0000%  99.9992%
  [    63500,    64000)            3    0.0000%  99.9992%
  [    64000,    64500)            5    0.0000%  99.9993%
  [    64500,    65000)            2    0.0000%  99.9993%
  [    65500,    66000)            3    0.0000%  99.9993%
  [    66000,    66500)            1    0.0000%  99.9993%
  [    66500,    67000)            2    0.0000%  99.9993%
  [    67000,    67500)            3    0.0000%  99.9993%
  [    67500,    68000)            2    0.0000%  99.9993%
  [    68000,    68500)            2    0.0000%  99.9993%
  [    68500,    69000)            2    0.0000%  99.9993%
  [    69000,    69500)            3    0.0000%  99.9993%
  [    69500,    70000)            1    0.0000%  99.9993%
  [    70000,    70500)            2    0.0000%  99.9993%
  [    70500,    71000)            2    0.0000%  99.9993%
  [    71000,    71500)            2    0.0000%  99.9993%
  [    71500,    72000)            3    0.0000%  99.9994%
  [    72000,    72500)            3    0.0000%  99.9994%
  [    72500,    73000)            2    0.0000%  99.9994%
  [    73000,    73500)            4    0.0000%  99.9994%
  [    73500,    74000)            3    0.0000%  99.9994%
  [    74000,    74500)            1    0.0000%  99.9994%
  [    75000,    75500)            4    0.0000%  99.9994%
  [    75500,    76000)            3    0.0000%  99.9994%
  [    76000,    76500)            2    0.0000%  99.9994%
  [    77000,    77500)            2    0.0000%  99.9994%
  [    77500,    78000)            3    0.0000%  99.9994%
  [    78000,    78500)            2    0.0000%  99.9994%
  [    78500,    79000)            2    0.0000%  99.9995%
  [    79000,    79500)            6    0.0000%  99.9995%
  [    79500,    80000)            2    0.0000%  99.9995%
  [    80000,    80500)            2    0.0000%  99.9995%
  [    80500,    81000)            1    0.0000%  99.9995%
  [    81000,    81500)            2    0.0000%  99.9995%
  [    82000,    82500)            2    0.0000%  99.9995%
  [    82500,    83000)            3    0.0000%  99.9995%
  [    84000,    84500)            4    0.0000%  99.9995%
  [    85000,    85500)            1    0.0000%  99.9995%
  [    87000,    87500)            1    0.0000%  99.9995%
  [    87500,    88000)            1    0.0000%  99.9995%
  [    88500,    89000)            2    0.0000%  99.9995%
  [    89500,    90000)            2    0.0000%  99.9996%
  [    90000,    90500)            1    0.0000%  99.9996%
  [    90500,    91000)            1    0.0000%  99.9996%
  [    91500,    92000)            3    0.0000%  99.9996%
  [    92000,    92500)            3    0.0000%  99.9996%
  [    92500,    93000)            1    0.0000%  99.9996%
  [    93000,    93500)            3    0.0000%  99.9996%
  [    93500,    94000)            1    0.0000%  99.9996%
  [    96000,    96500)            1    0.0000%  99.9996%
  [    96500,    97000)            2    0.0000%  99.9996%
  [    97000,    97500)            2    0.0000%  99.9996%
  [    97500,    98000)            1    0.0000%  99.9996%
  [    98000,    98500)            2    0.0000%  99.9996%
  [   100000,   100500)            2    0.0000%  99.9996%
  [   100500,   101000)            1    0.0000%  99.9996%
  [   102000,   102500)            1    0.0000%  99.9996%
  [   103000,   103500)            1    0.0000%  99.9996%
  [   103500,   104000)            1    0.0000%  99.9996%
  [   104000,   104500)            1    0.0000%  99.9996%
  [   104500,   105000)            1    0.0000%  99.9996%
  [   105500,   106000)            1    0.0000%  99.9997%
  [   110000,   110500)            2    0.0000%  99.9997%
  [   110500,   111000)            2    0.0000%  99.9997%
  [   112000,   112500)            1    0.0000%  99.9997%
  [   113000,   113500)            1    0.0000%  99.9997%
  [   115500,   116000)            1    0.0000%  99.9997%
  [   123000,   123500)            1    0.0000%  99.9997%
  [   129000,   129500)            1    0.0000%  99.9997%
  [   129500,   130000)            1    0.0000%  99.9997%
  [   140500,   141000)            1    0.0000%  99.9997%
  [   143500,   144000)            1    0.0000%  99.9997%
  [   146000,   146500)            2    0.0000%  99.9997%
  [   150000,   150500)            1    0.0000%  99.9997%
  [   156500,   157000)            1    0.0000%  99.9997%
  [   161500,   162000)            1    0.0000%  99.9997%
  [   163000,   163500)            1    0.0000%  99.9997%
  [   166000,   166500)            1    0.0000%  99.9997%
  [   167500,   168000)            1    0.0000%  99.9997%
  [   171500,   172000)            1    0.0000%  99.9997%
  [   173500,   174000)            1    0.0000%  99.9997%
  [   175500,   176000)            1    0.0000%  99.9997%
  [   178500,   179000)            1    0.0000%  99.9997%
  [   179000,   179500)            1    0.0000%  99.9997%
  [   180000,   180500)            2    0.0000%  99.9997%
  [   180500,   181000)            1    0.0000%  99.9997%
  [   181000,   181500)            1    0.0000%  99.9997%
  [   181500,   182000)            2    0.0000%  99.9998%
  [   182500,   183000)            1    0.0000%  99.9998%
  [   183000,   183500)            2    0.0000%  99.9998%
  [   186500,   187000)            2    0.0000%  99.9998%
  [   188000,   188500)            1    0.0000%  99.9998%
  [   188500,   189000)            2    0.0000%  99.9998%
  [   189500,   190000)            1    0.0000%  99.9998%
  [   192500,   193000)            1    0.0000%  99.9998%
  [   194000,   194500)            1    0.0000%  99.9998%
  [   195000,   195500)            1    0.0000%  99.9998%
  [   196000,   196500)            1    0.0000%  99.9998%
  [   196500,   197000)            1    0.0000%  99.9998%
  [   199000,   199500)            1    0.0000%  99.9998%
  [   209000,   209500)            1    0.0000%  99.9998%
  [   210000,   210500)            1    0.0000%  99.9998%
  [   210500,   211000)            1    0.0000%  99.9998%
  [   211500,   212000)            1    0.0000%  99.9998%
  [   213500,   214000)            1    0.0000%  99.9998%
  [   215000,   215500)            2    0.0000%  99.9998%
  [   218500,   219000)            2    0.0000%  99.9998%
  [   219500,   220000)            2    0.0000%  99.9998%
  [   223000,   223500)            1    0.0000%  99.9998%
  [   223500,   224000)            2    0.0000%  99.9999%
  [   225500,   226000)            1    0.0000%  99.9999%
  [   226500,   227000)            2    0.0000%  99.9999%
  [   227000,   227500)            1    0.0000%  99.9999%
  [   228500,   229000)            1    0.0000%  99.9999%
  [   229000,   229500)            1    0.0000%  99.9999%
  [   229500,   230000)            1    0.0000%  99.9999%
  [   230000,   230500)            1    0.0000%  99.9999%
  [   231500,   232000)            1    0.0000%  99.9999%
  [   232000,   232500)            1    0.0000%  99.9999%
  [   233000,   233500)            1    0.0000%  99.9999%
  [   234000,   234500)            2    0.0000%  99.9999%
  [   235500,   236000)            1    0.0000%  99.9999%
  [   236000,   236500)            2    0.0000%  99.9999%
  [   236500,   237000)            1    0.0000%  99.9999%
  [   237000,   237500)            1    0.0000%  99.9999%
  [   237500,   238000)            3    0.0000%  99.9999%
  [   239000,   239500)            1    0.0000%  99.9999%
  [   239500,   240000)            2    0.0000%  99.9999%
  [   240000,   240500)            3    0.0000%  99.9999%
  [   240500,   241000)            1    0.0000%  99.9999%
  [   241000,   241500)            1    0.0000%  99.9999%
  [   241500,   242000)            1    0.0000% 100.0000%
  [   242000,   242500)            3    0.0000% 100.0000%
  [   244000,   244500)            1    0.0000% 100.0000%
  [   246000,   246500)            2    0.0000% 100.0000%
  [   246500,   247000)            1    0.0000% 100.0000%
  [   248500,   249000)            1    0.0000% 100.0000%
  [   249500,   250000)            1    0.0000% 100.0000%
  [   250500,   251000)            1    0.0000% 100.0000%
  [   257000,   257500)            1    0.0000% 100.0000%
  [   260500,   261000)            1    0.0000% 100.0000%
  [   262000,   262500)            1    0.0000% 100.0000%
  [   262500,   263000)            1    0.0000% 100.0000%

----- OFFLOADED TASKS [node 1] -----
  ops total                = 29999988
  ops direct (1-sided)     = 7392727 (24.64%)
  ops offload (rpc)        = 22607261 (75.36%)
  lookup pushdowns         = 22607261
  scan   pushdowns (RPC)   = 0
    kv pairs returned      = 0
    leaves scanned remotely= 0
    kv / scan pushdown     = 0.00
    leaves / scan pushdown = 0.00
=========================================================================

[CORRECTNESS node 1] lookup found 29999391 / 29999988 = 99.9980%
[READPATH node 1] lookups=29999988  index-cache hit=50.6%  per lookup: leaf=0.076 speculative=0.000 (right 0.0%) hop-reads=0.000 (two-segment 0.000) retries=0.000 invalid=0.000 sibling=0.000  => est. leaf round trips/lookup=0.000
 ----- [LeafCache]: capacity=1256320 leaves resident=1256320 (100.0% full, 421.7 MB) -----
[LEAFCACHE] hit=5205967 miss=2186736 stale=0 fill=4365192 hit_pct=70.420 admit_pct=199.621 resident=1256320 capacity=1256320 budget_mb=480
[LEAFKEY] by_key=1 owner=1 admit_push=0.10 key_hits=5127590 push_admits=2178456

----- PER-LEVEL CACHE HITS [node 1] (lookups; level 0 = leaf) -----
[LEVEL] level=0 hits=5205967 misses=24793997 hit_rate=0.1735
[LEVEL] level=1 hits=2265113 misses=22607261 hit_rate=0.0911
[LEVEL] level=2 hits=10401467 misses=14470907 hit_rate=0.4182
[LEVEL] level=3 hits=14073451 misses=10798923 hit_rate=0.5658
[LEVEL] level=4 hits=14146074 misses=10726300 hit_rate=0.5687
[LEVEL] level=5 hits=14150676 misses=10721698 hit_rate=0.5689
[LEVEL] level=6 hits=14150676 misses=10721698 hit_rate=0.5689
[LEVEL] level=7 hits=14150676 misses=10721698 hit_rate=0.5689
[LEVEL] level=8 hits=14150676 misses=10721698 hit_rate=0.5689
[LEVEL] level=9 hits=14150676 misses=10721698 hit_rate=0.5689
[KIND node 1] lookups=29999964 inner_visits=223851366 inner_hits=111639485 inner_hit_pct=49.87 leaf_visits=29999964 leaf_hits=5205967 leaf_hit_pct=17.35
[END]
