nodes 2, threads 24, mix R/I/U/S=100/0/0/0, zipf-0.99, bulk 50M warmup 10M op 50M, offload 100%, scan_range 100
[4mshared memory size: 64GB, 0x7f5a25600000[0m
[4mrdma cache size: 4GB[0m
[4mMachine NR: 2[0m
[4mCompute server 1 start up [255.127.0.0]
[0m
I connect server 0
workload generated: keyspace=50001000 bulk=50000000 warmup=9999984 op=49999992
[4mKey space set: keySpaceSize=50000000[0m
I am 24
I am 44
I am 46
I am 25
I am 28
I am 31
I am 40
I am 47
I am 38
I am 41
I am 35
I am 30
I am 42
I am 29
I am 37
I am 32
I am 27
I am 45
I am 26
I am 39
I am 43
I am 34
I am 36
I am 33
[INFO] new root level 4
[INFO] new root level 5
node 1 warmup done in 116s
1, throughput 1.4911 Mops
1, throughput 1.4949 Mops
1, throughput 1.4994 Mops
1, throughput 1.4994 Mops
1, throughput 1.4997 Mops
1, throughput 1.5001 Mops
1, throughput 1.4939 Mops
1, throughput 1.4914 Mops
1, throughput 1.4905 Mops
1, throughput 1.4901 Mops
1, throughput 1.4299 Mops
1, throughput 1.4847 Mops
1, throughput 1.4887 Mops
1, throughput 1.4875 Mops
1, throughput 1.4882 Mops
1, throughput 1.4884 Mops
1, throughput 1.4894 Mops
1, throughput 1.4882 Mops
1, throughput 1.4886 Mops
1, throughput 1.4885 Mops
1, throughput 1.4877 Mops
1, throughput 1.4887 Mops
1, throughput 1.4917 Mops
1, throughput 1.4923 Mops
1, throughput 1.4912 Mops
1, throughput 1.4904 Mops
1, throughput 1.4895 Mops
1, throughput 1.4904 Mops
1, throughput 1.4903 Mops
1, throughput 1.4895 Mops
1, throughput 1.4753 Mops
1, throughput 1.4512 Mops
1, throughput 1.4848 Mops
1, throughput 1.4879 Mops
1, throughput 1.4872 Mops
1, throughput 1.4891 Mops
1, throughput 1.4863 Mops
1, throughput 1.4860 Mops
1, throughput 1.4886 Mops
1, throughput 1.4873 Mops
1, throughput 1.4883 Mops
1, throughput 1.4871 Mops
1, throughput 1.4880 Mops
1, throughput 1.4883 Mops
1, throughput 1.4882 Mops
1, throughput 1.4878 Mops
1, throughput 1.4878 Mops
1, throughput 1.4898 Mops
1, throughput 1.4920 Mops
1, throughput 1.4907 Mops
1, throughput 1.4912 Mops
1, throughput 1.4486 Mops
1, throughput 1.4696 Mops
1, throughput 1.4850 Mops
1, throughput 1.4884 Mops
1, throughput 1.4873 Mops
1, throughput 1.4884 Mops
1, throughput 1.4891 Mops
1, throughput 1.4888 Mops
1, throughput 1.4887 Mops
1, throughput 1.4899 Mops
1, throughput 1.4908 Mops
1, throughput 1.4912 Mops
1, throughput 1.4914 Mops
1, throughput 1.4926 Mops
1, throughput 1.4777 Mops
1, throughput 0.9724 Mops
1, throughput 0.6213 Mops
1, throughput 0.1745 Mops
1, throughput 0.0701 Mops
[RESULT node 1] ops=49999992 elapsed=35.006s throughput=1.4283 Mops mode=op-bounded

==================== LATENCY BUCKETS (500 ns) [node 1] ====================
[LOOKUP]
  ALL                n=47916659   mean=   16.03us  p50=  16.50us  p90=  20.50us  p99=  25.00us  p99.9=  32.50us  max>=1000.00us
  DIRECT (1-sided)   n=2120769    mean=    8.04us  p50=   8.00us  p90=  14.00us  p99=  18.50us  p99.9=  25.00us  max>=198.50us
  OFFLOAD (rpc)      n=45795890   mean=   16.40us  p50=  16.50us  p90=  21.00us  p99=  25.00us  p99.9=  32.50us  max>=1000.00us
[ALL OPS]
  ALL                n=47916659   mean=   16.03us  p50=  16.50us  p90=  20.50us  p99=  25.00us  p99.9=  32.50us  max>=1000.00us
  DIRECT (1-sided)   n=2120769    mean=    8.04us  p50=   8.00us  p90=  14.00us  p99=  18.50us  p99.9=  25.00us  max>=198.50us
  OFFLOAD (rpc)      n=45795890   mean=   16.40us  p50=  16.50us  p90=  21.00us  p99=  25.00us  p99.9=  32.50us  max>=1000.00us

----- 500 ns bucket CDF (all ops) [node 1] -----
  bucket [lo,hi) ns             count        pct       cdf
  [        0,      500)           14    0.0000%   0.0000%
  [      500,     1000)         4943    0.0103%   0.0103%
  [     1000,     1500)        57676    0.1204%   0.1307%
  [     1500,     2000)        80140    0.1672%   0.2980%
  [     2000,     2500)        75316    0.1572%   0.4551%
  [     2500,     3000)        77154    0.1610%   0.6162%
  [     3000,     3500)        79937    0.1668%   0.7830%
  [     3500,     4000)        79594    0.1661%   0.9491%
  [     4000,     4500)        80617    0.1682%   1.1173%
  [     4500,     5000)        80713    0.1684%   1.2858%
  [     5000,     5500)        81660    0.1704%   1.4562%
  [     5500,     6000)        84476    0.1763%   1.6325%
  [     6000,     6500)        91360    0.1907%   1.8232%
  [     6500,     7000)       104499    0.2181%   2.0413%
  [     7000,     7500)       125222    0.2613%   2.3026%
  [     7500,     8000)       155490    0.3245%   2.6271%
  [     8000,     8500)       196513    0.4101%   3.0372%
  [     8500,     9000)       252874    0.5277%   3.5649%
  [     9000,     9500)       328914    0.6864%   4.2514%
  [     9500,    10000)       429396    0.8961%   5.1475%
  [    10000,    10500)       556240    1.1608%   6.3083%
  [    10500,    11000)       718514    1.4995%   7.8079%
  [    11000,    11500)       910902    1.9010%   9.7089%
  [    11500,    12000)      1134552    2.3678%  12.0766%
  [    12000,    12500)      1378548    2.8770%  14.9536%
  [    12500,    13000)      1626925    3.3953%  18.3489%
  [    13000,    13500)      1870255    3.9031%  22.2521%
  [    13500,    14000)      2114120    4.4121%  26.6641%
  [    14000,    14500)      2333681    4.8703%  31.5344%
  [    14500,    15000)      2511209    5.2408%  36.7752%
  [    15000,    15500)      2648435    5.5272%  42.3024%
  [    15500,    16000)      2748213    5.7354%  48.0378%
  [    16000,    16500)      2778653    5.7989%  53.8367%
  [    16500,    17000)      2762645    5.7655%  59.6022%
  [    17000,    17500)      2684777    5.6030%  65.2052%
  [    17500,    18000)      2559705    5.3420%  70.5472%
  [    18000,    18500)      2379600    4.9661%  75.5134%
  [    18500,    19000)      2157622    4.5029%  80.0162%
  [    19000,    19500)      1905051    3.9758%  83.9920%
  [    19500,    20000)      1639275    3.4211%  87.4131%
  [    20000,    20500)      1370561    2.8603%  90.2734%
  [    20500,    21000)      1114239    2.3254%  92.5988%
  [    21000,    21500)       878020    1.8324%  94.4311%
  [    21500,    22000)       670852    1.4000%  95.8312%
  [    22000,    22500)       504424    1.0527%  96.8839%
  [    22500,    23000)       367843    0.7677%  97.6516%
  [    23000,    23500)       265935    0.5550%  98.2066%
  [    23500,    24000)       188423    0.3932%  98.5998%
  [    24000,    24500)       134931    0.2816%  98.8814%
  [    24500,    25000)        98811    0.2062%  99.0876%
  [    25000,    25500)        73857    0.1541%  99.2417%
  [    25500,    26000)        55961    0.1168%  99.3585%
  [    26000,    26500)        45205    0.0943%  99.4529%
  [    26500,    27000)        36631    0.0764%  99.5293%
  [    27000,    27500)        30462    0.0636%  99.5929%
  [    27500,    28000)        26036    0.0543%  99.6472%
  [    28000,    28500)        22777    0.0475%  99.6948%
  [    28500,    29000)        19604    0.0409%  99.7357%
  [    29000,    29500)        17414    0.0363%  99.7720%
  [    29500,    30000)        14849    0.0310%  99.8030%
  [    30000,    30500)        13426    0.0280%  99.8310%
  [    30500,    31000)        11546    0.0241%  99.8551%
  [    31000,    31500)        10281    0.0215%  99.8766%
  [    31500,    32000)         8862    0.0185%  99.8951%
  [    32000,    32500)         7629    0.0159%  99.9110%
  [    32500,    33000)         6686    0.0140%  99.9249%
  [    33000,    33500)         5687    0.0119%  99.9368%
  [    33500,    34000)         4908    0.0102%  99.9471%
  [    34000,    34500)         4173    0.0087%  99.9558%
  [    34500,    35000)         3489    0.0073%  99.9630%
  [    35000,    35500)         2818    0.0059%  99.9689%
  [    35500,    36000)         2315    0.0048%  99.9738%
  [    36000,    36500)         1953    0.0041%  99.9778%
  [    36500,    37000)         1563    0.0033%  99.9811%
  [    37000,    37500)         1232    0.0026%  99.9837%
  [    37500,    38000)         1011    0.0021%  99.9858%
  [    38000,    38500)          859    0.0018%  99.9876%
  [    38500,    39000)          653    0.0014%  99.9889%
  [    39000,    39500)          549    0.0011%  99.9901%
  [    39500,    40000)          487    0.0010%  99.9911%
  [    40000,    40500)          410    0.0009%  99.9920%
  [    40500,    41000)          316    0.0007%  99.9926%
  [    41000,    41500)          281    0.0006%  99.9932%
  [    41500,    42000)          249    0.0005%  99.9937%
  [    42000,    42500)          207    0.0004%  99.9941%
  [    42500,    43000)          222    0.0005%  99.9946%
  [    43000,    43500)          176    0.0004%  99.9950%
  [    43500,    44000)          144    0.0003%  99.9953%
  [    44000,    44500)          142    0.0003%  99.9956%
  [    44500,    45000)          131    0.0003%  99.9958%
  [    45000,    45500)          114    0.0002%  99.9961%
  [    45500,    46000)           83    0.0002%  99.9963%
  [    46000,    46500)           87    0.0002%  99.9964%
  [    46500,    47000)           67    0.0001%  99.9966%
  [    47000,    47500)           74    0.0002%  99.9967%
  [    47500,    48000)           80    0.0002%  99.9969%
  [    48000,    48500)           61    0.0001%  99.9970%
  [    48500,    49000)           52    0.0001%  99.9971%
  [    49000,    49500)           65    0.0001%  99.9973%
  [    49500,    50000)           43    0.0001%  99.9974%
  [    50000,    50500)           56    0.0001%  99.9975%
  [    50500,    51000)           50    0.0001%  99.9976%
  [    51000,    51500)           40    0.0001%  99.9977%
  [    51500,    52000)           40    0.0001%  99.9978%
  [    52000,    52500)           39    0.0001%  99.9978%
  [    52500,    53000)           31    0.0001%  99.9979%
  [    53000,    53500)           17    0.0000%  99.9979%
  [    53500,    54000)           23    0.0000%  99.9980%
  [    54000,    54500)           23    0.0000%  99.9980%
  [    54500,    55000)           22    0.0000%  99.9981%
  [    55000,    55500)           24    0.0001%  99.9981%
  [    55500,    56000)           22    0.0000%  99.9982%
  [    56000,    56500)           26    0.0001%  99.9982%
  [    56500,    57000)           13    0.0000%  99.9983%
  [    57000,    57500)           10    0.0000%  99.9983%
  [    57500,    58000)           18    0.0000%  99.9983%
  [    58000,    58500)           18    0.0000%  99.9983%
  [    58500,    59000)           13    0.0000%  99.9984%
  [    59000,    59500)           21    0.0000%  99.9984%
  [    59500,    60000)           14    0.0000%  99.9984%
  [    60000,    60500)           13    0.0000%  99.9985%
  [    60500,    61000)           18    0.0000%  99.9985%
  [    61000,    61500)           13    0.0000%  99.9985%
  [    61500,    62000)            9    0.0000%  99.9986%
  [    62000,    62500)           11    0.0000%  99.9986%
  [    62500,    63000)           14    0.0000%  99.9986%
  [    63000,    63500)            8    0.0000%  99.9986%
  [    63500,    64000)            6    0.0000%  99.9986%
  [    64000,    64500)           12    0.0000%  99.9987%
  [    64500,    65000)            7    0.0000%  99.9987%
  [    65000,    65500)            9    0.0000%  99.9987%
  [    65500,    66000)            5    0.0000%  99.9987%
  [    66000,    66500)            4    0.0000%  99.9987%
  [    66500,    67000)            5    0.0000%  99.9987%
  [    67000,    67500)            7    0.0000%  99.9987%
  [    67500,    68000)           13    0.0000%  99.9988%
  [    68000,    68500)            3    0.0000%  99.9988%
  [    68500,    69000)            4    0.0000%  99.9988%
  [    69000,    69500)            4    0.0000%  99.9988%
  [    69500,    70000)            4    0.0000%  99.9988%
  [    70000,    70500)            3    0.0000%  99.9988%
  [    70500,    71000)            6    0.0000%  99.9988%
  [    71000,    71500)            7    0.0000%  99.9988%
  [    71500,    72000)            2    0.0000%  99.9988%
  [    72000,    72500)            2    0.0000%  99.9988%
  [    72500,    73000)            1    0.0000%  99.9988%
  [    73000,    73500)            4    0.0000%  99.9989%
  [    73500,    74000)            3    0.0000%  99.9989%
  [    74000,    74500)            3    0.0000%  99.9989%
  [    74500,    75000)            3    0.0000%  99.9989%
  [    75000,    75500)            2    0.0000%  99.9989%
  [    75500,    76000)            2    0.0000%  99.9989%
  [    76000,    76500)            3    0.0000%  99.9989%
  [    76500,    77000)            3    0.0000%  99.9989%
  [    77000,    77500)            3    0.0000%  99.9989%
  [    77500,    78000)            2    0.0000%  99.9989%
  [    78000,    78500)            2    0.0000%  99.9989%
  [    78500,    79000)            4    0.0000%  99.9989%
  [    79000,    79500)            1    0.0000%  99.9989%
  [    79500,    80000)            3    0.0000%  99.9989%
  [    80000,    80500)            1    0.0000%  99.9989%
  [    80500,    81000)            4    0.0000%  99.9989%
  [    81000,    81500)            1    0.0000%  99.9989%
  [    81500,    82000)            4    0.0000%  99.9989%
  [    82000,    82500)            4    0.0000%  99.9990%
  [    82500,    83000)            6    0.0000%  99.9990%
  [    83000,    83500)            3    0.0000%  99.9990%
  [    83500,    84000)            8    0.0000%  99.9990%
  [    84000,    84500)            5    0.0000%  99.9990%
  [    84500,    85000)            5    0.0000%  99.9990%
  [    85000,    85500)            9    0.0000%  99.9990%
  [    85500,    86000)            9    0.0000%  99.9990%
  [    86000,    86500)            6    0.0000%  99.9991%
  [    86500,    87000)            6    0.0000%  99.9991%
  [    87000,    87500)            9    0.0000%  99.9991%
  [    87500,    88000)            9    0.0000%  99.9991%
  [    88000,    88500)            9    0.0000%  99.9991%
  [    88500,    89000)            5    0.0000%  99.9991%
  [    89000,    89500)            2    0.0000%  99.9991%
  [    89500,    90000)           12    0.0000%  99.9992%
  [    90000,    90500)            3    0.0000%  99.9992%
  [    90500,    91000)            1    0.0000%  99.9992%
  [    91000,    91500)            4    0.0000%  99.9992%
  [    91500,    92000)            5    0.0000%  99.9992%
  [    92000,    92500)            4    0.0000%  99.9992%
  [    92500,    93000)            3    0.0000%  99.9992%
  [    93000,    93500)            8    0.0000%  99.9992%
  [    93500,    94000)            3    0.0000%  99.9992%
  [    94500,    95000)            5    0.0000%  99.9992%
  [    95000,    95500)            3    0.0000%  99.9993%
  [    96000,    96500)            2    0.0000%  99.9993%
  [    96500,    97000)            1    0.0000%  99.9993%
  [    97000,    97500)            2    0.0000%  99.9993%
  [    97500,    98000)            4    0.0000%  99.9993%
  [    98000,    98500)            2    0.0000%  99.9993%
  [    98500,    99000)            1    0.0000%  99.9993%
  [    99500,   100000)            1    0.0000%  99.9993%
  [   100500,   101000)            1    0.0000%  99.9993%
  [   101000,   101500)            1    0.0000%  99.9993%
  [   101500,   102000)            1    0.0000%  99.9993%
  [   103000,   103500)            1    0.0000%  99.9993%
  [   103500,   104000)            1    0.0000%  99.9993%
  [   104500,   105000)            1    0.0000%  99.9993%
  [   105000,   105500)            2    0.0000%  99.9993%
  [   105500,   106000)            1    0.0000%  99.9993%
  [   106000,   106500)            2    0.0000%  99.9993%
  [   107000,   107500)            1    0.0000%  99.9993%
  [   107500,   108000)            2    0.0000%  99.9993%
  [   109500,   110000)            4    0.0000%  99.9993%
  [   110500,   111000)            2    0.0000%  99.9993%
  [   111000,   111500)            2    0.0000%  99.9993%
  [   111500,   112000)            1    0.0000%  99.9993%
  [   112000,   112500)            2    0.0000%  99.9993%
  [   112500,   113000)            1    0.0000%  99.9993%
  [   113500,   114000)            3    0.0000%  99.9993%
  [   114000,   114500)            3    0.0000%  99.9993%
  [   114500,   115000)            4    0.0000%  99.9994%
  [   115000,   115500)            8    0.0000%  99.9994%
  [   115500,   116000)            2    0.0000%  99.9994%
  [   116000,   116500)            1    0.0000%  99.9994%
  [   116500,   117000)            2    0.0000%  99.9994%
  [   117000,   117500)            4    0.0000%  99.9994%
  [   117500,   118000)            5    0.0000%  99.9994%
  [   118000,   118500)            4    0.0000%  99.9994%
  [   119000,   119500)            1    0.0000%  99.9994%
  [   119500,   120000)            1    0.0000%  99.9994%
  [   120000,   120500)            2    0.0000%  99.9994%
  [   120500,   121000)            2    0.0000%  99.9994%
  [   121000,   121500)            2    0.0000%  99.9994%
  [   122000,   122500)            1    0.0000%  99.9994%
  [   122500,   123000)            1    0.0000%  99.9994%
  [   123000,   123500)            1    0.0000%  99.9994%
  [   123500,   124000)            1    0.0000%  99.9994%
  [   124500,   125000)            1    0.0000%  99.9994%
  [   125000,   125500)            1    0.0000%  99.9994%
  [   125500,   126000)            2    0.0000%  99.9994%
  [   127000,   127500)            1    0.0000%  99.9994%
  [   127500,   128000)            1    0.0000%  99.9994%
  [   128000,   128500)            1    0.0000%  99.9994%
  [   128500,   129000)            1    0.0000%  99.9994%
  [   129500,   130000)            1    0.0000%  99.9995%
  [   130000,   130500)            1    0.0000%  99.9995%
  [   131500,   132000)            1    0.0000%  99.9995%
  [   132000,   132500)            1    0.0000%  99.9995%
  [   132500,   133000)            3    0.0000%  99.9995%
  [   133500,   134000)            1    0.0000%  99.9995%
  [   134500,   135000)            3    0.0000%  99.9995%
  [   135000,   135500)            1    0.0000%  99.9995%
  [   136500,   137000)            1    0.0000%  99.9995%
  [   138000,   138500)            1    0.0000%  99.9995%
  [   138500,   139000)            1    0.0000%  99.9995%
  [   139500,   140000)            2    0.0000%  99.9995%
  [   140500,   141000)            1    0.0000%  99.9995%
  [   141000,   141500)            1    0.0000%  99.9995%
  [   142000,   142500)            1    0.0000%  99.9995%
  [   146500,   147000)            2    0.0000%  99.9995%
  [   147000,   147500)            3    0.0000%  99.9995%
  [   147500,   148000)            2    0.0000%  99.9995%
  [   148000,   148500)            4    0.0000%  99.9995%
  [   148500,   149000)            1    0.0000%  99.9995%
  [   149000,   149500)            6    0.0000%  99.9995%
  [   149500,   150000)            4    0.0000%  99.9995%
  [   150000,   150500)            4    0.0000%  99.9995%
  [   150500,   151000)            6    0.0000%  99.9996%
  [   151000,   151500)            4    0.0000%  99.9996%
  [   151500,   152000)            7    0.0000%  99.9996%
  [   152000,   152500)            9    0.0000%  99.9996%
  [   152500,   153000)            5    0.0000%  99.9996%
  [   153000,   153500)            5    0.0000%  99.9996%
  [   153500,   154000)            8    0.0000%  99.9996%
  [   154000,   154500)           10    0.0000%  99.9997%
  [   154500,   155000)            7    0.0000%  99.9997%
  [   155000,   155500)            6    0.0000%  99.9997%
  [   155500,   156000)            4    0.0000%  99.9997%
  [   156000,   156500)           11    0.0000%  99.9997%
  [   156500,   157000)            8    0.0000%  99.9997%
  [   157000,   157500)            6    0.0000%  99.9997%
  [   157500,   158000)            5    0.0000%  99.9998%
  [   158000,   158500)            3    0.0000%  99.9998%
  [   158500,   159000)            6    0.0000%  99.9998%
  [   159000,   159500)            6    0.0000%  99.9998%
  [   159500,   160000)            8    0.0000%  99.9998%
  [   160000,   160500)            6    0.0000%  99.9998%
  [   160500,   161000)            4    0.0000%  99.9998%
  [   161000,   161500)            6    0.0000%  99.9998%
  [   161500,   162000)            2    0.0000%  99.9998%
  [   162000,   162500)            5    0.0000%  99.9999%
  [   162500,   163000)            2    0.0000%  99.9999%
  [   163000,   163500)            4    0.0000%  99.9999%
  [   163500,   164000)            5    0.0000%  99.9999%
  [   164000,   164500)            2    0.0000%  99.9999%
  [   164500,   165000)            1    0.0000%  99.9999%
  [   165000,   165500)            1    0.0000%  99.9999%
  [   165500,   166000)            1    0.0000%  99.9999%
  [   167000,   167500)            1    0.0000%  99.9999%
  [   167500,   168000)            2    0.0000%  99.9999%
  [   168000,   168500)            1    0.0000%  99.9999%
  [   168500,   169000)            1    0.0000%  99.9999%
  [   174500,   175000)            1    0.0000%  99.9999%
  [   176500,   177000)            1    0.0000%  99.9999%
  [   178500,   179000)            1    0.0000%  99.9999%
  [   181500,   182000)            1    0.0000%  99.9999%
  [   185000,   185500)            1    0.0000%  99.9999%
  [   190000,   190500)            1    0.0000%  99.9999%
  [   191000,   191500)            2    0.0000%  99.9999%
  [   192500,   193000)            4    0.0000%  99.9999%
  [   193500,   194000)            2    0.0000%  99.9999%
  [   194000,   194500)            2    0.0000%  99.9999%
  [   194500,   195000)            3    0.0000%  99.9999%
  [   195000,   195500)            2    0.0000%  99.9999%
  [   195500,   196000)            1    0.0000%  99.9999%
  [   196000,   196500)            2    0.0000%  99.9999%
  [   196500,   197000)            1    0.0000%  99.9999%
  [   198000,   198500)            4    0.0000% 100.0000%
  [   199000,   199500)            1    0.0000% 100.0000%
  [   199500,   200000)            1    0.0000% 100.0000%
  [   200000,   200500)            2    0.0000% 100.0000%
  [   200500,   201000)            1    0.0000% 100.0000%
  [   202500,   203000)            4    0.0000% 100.0000%
  [   203500,   204000)            3    0.0000% 100.0000%
  [   206500,   207000)            1    0.0000% 100.0000%
  [   207500,   208000)            1    0.0000% 100.0000%
  [   210000,   210500)            1    0.0000% 100.0000%
  [   210500,   211000)            1    0.0000% 100.0000%
  [   212500,   213000)            1    0.0000% 100.0000%
  [   321000,   321500)            1    0.0000% 100.0000%
  [   922500,   923000)            1    0.0000% 100.0000%
  [   999500, +inf)                   2    0.0000% 100.0000%

----- OFFLOADED TASKS [node 1] -----
  ops total                = 47916659
  ops direct (1-sided)     = 2120769 (4.43%)
  ops offload (rpc)        = 45795890 (95.57%)
  lookup pushdowns         = 45795890
  scan   pushdowns (RPC)   = 0
    kv pairs returned      = 0
    leaves scanned remotely= 0
    kv / scan pushdown     = 0.00
    leaves / scan pushdown = 0.00
=========================================================================

[CORRECTNESS node 1] lookup found 47915845 / 47916659 = 99.9983%
[END]
