Compute node count = 1
kNodeCount 2, kReadRatio 0, kInsertRatio 0, kUpdateRatio 0, kDeleteRatio 0, kRangeRatio 100, totalThreadCount 40, memThreadCount 2 cache_size 1024, uniform_workload 1, zipfian 0.990000, bulk_load_num 50000000, warmup_num 2000000, op_num 2000000, check_correctness 0, time_based 0, early_stop 1, index 0, rpc_rate 1.000000, admission_rate 0.100000, auto_tune 0
kMaxThread = 40
KeySpace = 50001000
[GEOMETRY] inner_page=288 leaf_page=352 inner_entries=13 leaf_entries=16 slot=352 placement=mn_only
[4mshared memory size: 64GB, 0x7fef77200000[0m
[4mcache size: 2GB[0m
[4mMachine NR: 2[0m
[4mMax_APP_THREAD: 80[0m
[4mNR_DIRECTORY: 16[0m
[4mStart Build the DSMKeeper[0m
I am servers 0 [255.127.0.0]
I connect server 1
[4mdir 0 launch! (core 79 of 80)
[0m
[4mdir 1 launch! (core 78 of 80)
[0m
CNode 0, left bound = 0, right bound = 18446744073709551615
Pushdown (RPC) Rate: 1
Admission Rate: 0.1
Cache size(MB) = 1024
-----Cache initial addr = 0x7fef18000000
page num = 3050402
alloc_unit = 352
entry_num: 3050402
bucket_num: 1016801
Bucket size = 64
entry_num: 305040
bucket_num: 50840
[DEX-R] push reads from the deepest cached node: ON (DEX_PUSH_READS_DEEPEST; writes keep DEX's megaLevel rule)
start generating tree
num_partitions = 1
Success: tree root pointer value [1, 67108864]
finish generating tree

----- REMOTE CPU LOAD (memory node dir-threads, 2s window) -----
  dir 0: active=  0.00%  msgs=0           0 ns/msg
  dir 1: active=  0.00%  msgs=0           0 ns/msg
  AGGREGATE active = 0.00% (of 2 dir-threads; 0.00% per-thread avg)  msgs=0
[CPU compute ] process=  3.75% of 80 cores   system=  3.76%   (window 2s)
Bulkload num in node 0 = 50000000
First key of bulkloading = 7325973
Last key of bulkloading = 26738230
node warmup num = 2000000
kReadRatio =0
insertmark =0
updatemark =0
deletemark =0
rangemark =100
Finish warmup workload generation
node op_num = 2000000
Finish all workload generation

----- REMOTE CPU LOAD (memory node dir-threads, 2s window) -----
  dir 0: active=  0.00%  msgs=0           0 ns/msg
  dir 1: active=  0.00%  msgs=0           0 ns/msg
  AGGREGATE active = 0.00% (of 2 dir-threads; 0.00% per-thread avg)  msgs=0
[CPU compute ] process=  3.75% of 80 cores   system=  3.76%   (window 2s)

----- REMOTE CPU LOAD (memory node dir-threads, 2s window) -----
  dir 0: active=  0.00%  msgs=0           0 ns/msg
  dir 1: active=  0.00%  msgs=0           0 ns/msg
  AGGREGATE active = 0.00% (of 2 dir-threads; 0.00% per-thread avg)  msgs=0
[CPU compute ] process=  3.75% of 80 cores   system=  3.75%   (window 2s)
Fetched new height = 1
Success: tree root pointer value [1, 67109568]
Height = 2
Success: tree root pointer value [1, 67114144]
Height = 3
Success: tree root pointer value [1, 67141952]
Height = 4
Success: tree root pointer value [1, 67309152]
Height = 5
Success: tree root pointer value [1, 68312704]
Height = 6
Success: tree root pointer value [1, 74334368]
Height = 7

----- REMOTE CPU LOAD (memory node dir-threads, 2s window) -----
  dir 0: active=  0.00%  msgs=0           0 ns/msg
  dir 1: active=  0.00%  msgs=0           0 ns/msg
  AGGREGATE active = 0.00% (of 2 dir-threads; 0.00% per-thread avg)  msgs=0
[CPU compute ] process=  3.75% of 80 cores   system=  3.76%   (window 2s)
Success: tree root pointer value [1, 34436648672]
Height = 8

----- REMOTE CPU LOAD (memory node dir-threads, 2s window) -----
  dir 0: active=  0.00%  msgs=0           0 ns/msg
  dir 1: active=  0.00%  msgs=0           0 ns/msg
  AGGREGATE active = 0.00% (of 2 dir-threads; 0.00% per-thread avg)  msgs=0
[CPU compute ] process=  3.76% of 80 cores   system=  4.75%   (window 2s)

----- REMOTE CPU LOAD (memory node dir-threads, 2s window) -----
  dir 0: active=  0.00%  msgs=0           0 ns/msg
  dir 1: active=  0.00%  msgs=0           0 ns/msg
  AGGREGATE active = 0.00% (of 2 dir-threads; 0.00% per-thread avg)  msgs=0
[CPU compute ] process=  3.75% of 80 cores   system=  4.62%   (window 2s)
Success: tree root pointer value [1, 34552767936]
Height = 9

----- REMOTE CPU LOAD (memory node dir-threads, 2s window) -----
  dir 0: active=  0.00%  msgs=0           0 ns/msg
  dir 1: active=  0.00%  msgs=0           0 ns/msg
  AGGREGATE active = 0.00% (of 2 dir-threads; 0.00% per-thread avg)  msgs=0
[CPU compute ] process=  3.75% of 80 cores   system=  3.76%   (window 2s)

----- REMOTE CPU LOAD (memory node dir-threads, 2s window) -----
  dir 0: active=  0.00%  msgs=0           0 ns/msg
  dir 1: active=  0.00%  msgs=0           0 ns/msg
  AGGREGATE active = 0.00% (of 2 dir-threads; 0.00% per-thread avg)  msgs=0
[CPU compute ] process=  3.75% of 80 cores   system=  3.76%   (window 2s)

----- REMOTE CPU LOAD (memory node dir-threads, 2s window) -----
  dir 0: active=  0.00%  msgs=0           0 ns/msg
  dir 1: active=  0.00%  msgs=0           0 ns/msg
  AGGREGATE active = 0.00% (of 2 dir-threads; 0.00% per-thread avg)  msgs=0
[CPU compute ] process=  3.75% of 80 cores   system=  3.75%   (window 2s)

----- REMOTE CPU LOAD (memory node dir-threads, 2s window) -----
  dir 0: active=  0.00%  msgs=0           0 ns/msg
  dir 1: active=  0.00%  msgs=0           0 ns/msg
  AGGREGATE active = 0.00% (of 2 dir-threads; 0.00% per-thread avg)  msgs=0
[CPU compute ] process=  3.75% of 80 cores   system=  3.76%   (window 2s)

----- REMOTE CPU LOAD (memory node dir-threads, 2s window) -----
  dir 0: active=  0.00%  msgs=0           0 ns/msg
  dir 1: active=  0.00%  msgs=0           0 ns/msg
  AGGREGATE active = 0.00% (of 2 dir-threads; 0.00% per-thread avg)  msgs=0
[CPU compute ] process=  3.75% of 80 cores   system=  5.59%   (window 2s)

----- REMOTE CPU LOAD (memory node dir-threads, 2s window) -----
  dir 0: active=  0.00%  msgs=0           0 ns/msg
  dir 1: active=  0.00%  msgs=0           0 ns/msg
  AGGREGATE active = 0.00% (of 2 dir-threads; 0.00% per-thread avg)  msgs=0
[CPU compute ] process=  3.75% of 80 cores   system=  3.76%   (window 2s)

----- REMOTE CPU LOAD (memory node dir-threads, 2s window) -----
  dir 0: active=  0.00%  msgs=0           0 ns/msg
  dir 1: active=  0.00%  msgs=0           0 ns/msg
  AGGREGATE active = 0.00% (of 2 dir-threads; 0.00% per-thread avg)  msgs=0
[CPU compute ] process=  3.75% of 80 cores   system=  3.76%   (window 2s)
entering dynamic phase

----- REMOTE CPU LOAD (memory node dir-threads, 2s window) -----
  dir 0: active=  0.00%  msgs=0           0 ns/msg
  dir 1: active=  0.00%  msgs=0           0 ns/msg
  AGGREGATE active = 0.00% (of 2 dir-threads; 0.00% per-thread avg)  msgs=0
[CPU compute ] process=  3.75% of 80 cores   system=  3.77%   (window 2s)

----- REMOTE CPU LOAD (memory node dir-threads, 2s window) -----
  dir 0: active=  0.00%  msgs=0           0 ns/msg
  dir 1: active=  0.00%  msgs=0           0 ns/msg
  AGGREGATE active = 0.00% (of 2 dir-threads; 0.00% per-thread avg)  msgs=0
[CPU compute ] process=  3.75% of 80 cores   system=  3.76%   (window 2s)

----- REMOTE CPU LOAD (memory node dir-threads, 2s window) -----
  dir 0: active=  0.00%  msgs=0           0 ns/msg
  dir 1: active=  0.00%  msgs=0           0 ns/msg
  AGGREGATE active = 0.00% (of 2 dir-threads; 0.00% per-thread avg)  msgs=0
[CPU compute ] process=  3.75% of 80 cores   system=  5.53%   (window 2s)

----- REMOTE CPU LOAD (memory node dir-threads, 2s window) -----
  dir 0: active=  0.00%  msgs=0           0 ns/msg
  dir 1: active=  0.00%  msgs=0           0 ns/msg
  AGGREGATE active = 0.00% (of 2 dir-threads; 0.00% per-thread avg)  msgs=0
[CPU compute ] process=  3.75% of 80 cores   system=  3.76%   (window 2s)

----- REMOTE CPU LOAD (memory node dir-threads, 2s window) -----
  dir 0: active=  0.00%  msgs=0           0 ns/msg
  dir 1: active=  0.00%  msgs=0           0 ns/msg
  AGGREGATE active = 0.00% (of 2 dir-threads; 0.00% per-thread avg)  msgs=0
[CPU compute ] process=  3.75% of 80 cores   system=  3.76%   (window 2s)

----- REMOTE CPU LOAD (memory node dir-threads, 2s window) -----
  dir 0: active=  0.00%  msgs=0           0 ns/msg
  dir 1: active=  0.00%  msgs=0           0 ns/msg
  AGGREGATE active = 0.00% (of 2 dir-threads; 0.00% per-thread avg)  msgs=0
[CPU compute ] process=  3.75% of 80 cores   system=  3.75%   (window 2s)

----- REMOTE CPU LOAD (memory node dir-threads, 2s window) -----
  dir 0: active=  0.00%  msgs=0           0 ns/msg
  dir 1: active=  0.00%  msgs=0           0 ns/msg
  AGGREGATE active = 0.00% (of 2 dir-threads; 0.00% per-thread avg)  msgs=0
[CPU compute ] process=  3.75% of 80 cores   system=  3.76%   (window 2s)
Success: tree root pointer value [1, 856191168]
Height = 10

----- REMOTE CPU LOAD (memory node dir-threads, 2s window) -----
  dir 0: active=  0.00%  msgs=0           0 ns/msg
  dir 1: active=  0.00%  msgs=0           0 ns/msg
  AGGREGATE active = 0.00% (of 2 dir-threads; 0.00% per-thread avg)  msgs=0
[CPU compute ] process=  3.75% of 80 cores   system=  5.64%   (window 2s)

----- REMOTE CPU LOAD (memory node dir-threads, 2s window) -----
  dir 0: active=  0.00%  msgs=0           0 ns/msg
  dir 1: active=  0.00%  msgs=0           0 ns/msg
  AGGREGATE active = 0.00% (of 2 dir-threads; 0.00% per-thread avg)  msgs=0
[CPU compute ] process=  3.75% of 80 cores   system=  3.76%   (window 2s)

----- REMOTE CPU LOAD (memory node dir-threads, 2s window) -----
  dir 0: active=  0.00%  msgs=0           0 ns/msg
  dir 1: active=  0.00%  msgs=0           0 ns/msg
  AGGREGATE active = 0.00% (of 2 dir-threads; 0.00% per-thread avg)  msgs=0
[CPU compute ] process=  3.75% of 80 cores   system=  3.75%   (window 2s)

----- REMOTE CPU LOAD (memory node dir-threads, 2s window) -----
  dir 0: active=  0.00%  msgs=0           0 ns/msg
  dir 1: active=  0.00%  msgs=0           0 ns/msg
  AGGREGATE active = 0.00% (of 2 dir-threads; 0.00% per-thread avg)  msgs=0
[CPU compute ] process=  3.75% of 80 cores   system=  3.76%   (window 2s)

----- REMOTE CPU LOAD (memory node dir-threads, 2s window) -----
  dir 0: active=  0.00%  msgs=0           0 ns/msg
  dir 1: active=  0.00%  msgs=0           0 ns/msg
  AGGREGATE active = 0.00% (of 2 dir-threads; 0.00% per-thread avg)  msgs=0
[CPU compute ] process=  3.75% of 80 cores   system=  3.76%   (window 2s)

----- REMOTE CPU LOAD (memory node dir-threads, 2s window) -----
  dir 0: active=  0.00%  msgs=0           0 ns/msg
  dir 1: active=  0.00%  msgs=0           0 ns/msg
  AGGREGATE active = 0.00% (of 2 dir-threads; 0.00% per-thread avg)  msgs=0
[CPU compute ] process=  3.75% of 80 cores   system=  5.71%   (window 2s)

----- REMOTE CPU LOAD (memory node dir-threads, 2s window) -----
  dir 0: active=  0.00%  msgs=0           0 ns/msg
  dir 1: active=  0.00%  msgs=0           0 ns/msg
  AGGREGATE active = 0.00% (of 2 dir-threads; 0.00% per-thread avg)  msgs=0
[CPU compute ] process=  3.75% of 80 cores   system=  3.76%   (window 2s)

----- REMOTE CPU LOAD (memory node dir-threads, 2s window) -----
  dir 0: active=  0.00%  msgs=0           0 ns/msg
  dir 1: active=  0.00%  msgs=0           0 ns/msg
  AGGREGATE active = 0.00% (of 2 dir-threads; 0.00% per-thread avg)  msgs=0
[CPU compute ] process=  3.75% of 80 cores   system=  3.76%   (window 2s)

----- REMOTE CPU LOAD (memory node dir-threads, 2s window) -----
  dir 0: active=  0.00%  msgs=0           0 ns/msg
  dir 1: active=  0.00%  msgs=0           0 ns/msg
  AGGREGATE active = 0.00% (of 2 dir-threads; 0.00% per-thread avg)  msgs=0
[CPU compute ] process=  3.75% of 80 cores   system=  3.76%   (window 2s)

----- REMOTE CPU LOAD (memory node dir-threads, 2s window) -----
  dir 0: active=  0.00%  msgs=0           0 ns/msg
  dir 1: active=  0.00%  msgs=0           0 ns/msg
  AGGREGATE active = 0.00% (of 2 dir-threads; 0.00% per-thread avg)  msgs=0
[CPU compute ] process=  3.75% of 80 cores   system=  3.75%   (window 2s)

----- REMOTE CPU LOAD (memory node dir-threads, 2s window) -----
  dir 0: active=  0.00%  msgs=0           0 ns/msg
  dir 1: active=  0.00%  msgs=0           0 ns/msg
  AGGREGATE active = 0.00% (of 2 dir-threads; 0.00% per-thread avg)  msgs=0
[CPU compute ] process=  3.76% of 80 cores   system=  5.68%   (window 2s)

----- REMOTE CPU LOAD (memory node dir-threads, 2s window) -----
  dir 0: active=  0.00%  msgs=0           0 ns/msg
  dir 1: active=  0.00%  msgs=0           0 ns/msg
  AGGREGATE active = 0.00% (of 2 dir-threads; 0.00% per-thread avg)  msgs=0
[CPU compute ] process=  3.75% of 80 cores   system=  3.76%   (window 2s)

----- REMOTE CPU LOAD (memory node dir-threads, 2s window) -----
  dir 0: active=  0.00%  msgs=0           0 ns/msg
  dir 1: active=  0.00%  msgs=0           0 ns/msg
  AGGREGATE active = 0.00% (of 2 dir-threads; 0.00% per-thread avg)  msgs=0
[CPU compute ] process=  3.75% of 80 cores   system=  3.76%   (window 2s)

----- REMOTE CPU LOAD (memory node dir-threads, 2s window) -----
  dir 0: active=  0.00%  msgs=0           0 ns/msg
  dir 1: active=  0.00%  msgs=0           0 ns/msg
  AGGREGATE active = 0.00% (of 2 dir-threads; 0.00% per-thread avg)  msgs=0
[CPU compute ] process=  3.75% of 80 cores   system=  3.75%   (window 2s)

----- REMOTE CPU LOAD (memory node dir-threads, 2s window) -----
  dir 0: active=  0.00%  msgs=0           0 ns/msg
  dir 1: active=  0.00%  msgs=0           0 ns/msg
  AGGREGATE active = 0.00% (of 2 dir-threads; 0.00% per-thread avg)  msgs=0
[CPU compute ] process=  3.75% of 80 cores   system=  3.76%   (window 2s)
#leaf nodes = 6249999
leaf size(MB) = 2098.08
#inner nodes = 1249985
inner size(MB) = 419.612
Tree height = 10
Cache capacity = 3050402
max. leaf entries = 16
max. inner entries = 13
Inner page size = 288
Leaf page size = 352
node 0 finish its bulkload

----- REMOTE CPU LOAD (memory node dir-threads, 2s window) -----
  dir 0: active=  0.00%  msgs=0           0 ns/msg
  dir 1: active=  0.00%  msgs=0           0 ns/msg
  AGGREGATE active = 0.00% (of 2 dir-threads; 0.00% per-thread avg)  msgs=0
[CPU compute ] process=  3.75% of 80 cores   system=  3.95%   (window 2s)

----- REMOTE CPU LOAD (memory node dir-threads, 2s window) -----
  dir 0: active=  0.00%  msgs=0           0 ns/msg
  dir 1: active=  0.00%  msgs=0           0 ns/msg
  AGGREGATE active = 0.00% (of 2 dir-threads; 0.00% per-thread avg)  msgs=0
[CPU compute ] process=  3.75% of 80 cores   system=  5.44%   (window 2s)
IMPORTANT: my root is 56111344386049
0 is ready for the benchmark
I am 0
Fetched new height = 10
I am 1
I am 2
I am 20
I am 9
I am 10
I am 7
I am 3
I am 8
I am 13
I am 16
I am 15
I am 14
I am 11
I am 6
I am 5
I am 25
I am 4
I am 37
I am 28
I am 31
I am 18
I am 29
I am 17
I am 34
I am 30
I am 27
I am 21
I am 26
I am 24
I am 22
I am 23
I am 19
I am 39
I am 32
I am 33
I am 35
I am 36
I am 38
I am 12

----- REMOTE CPU LOAD (memory node dir-threads, 2s window) -----
  dir 0: active=  0.00%  msgs=0           0 ns/msg
  dir 1: active=  0.00%  msgs=0           0 ns/msg
  AGGREGATE active = 0.00% (of 2 dir-threads; 0.00% per-thread avg)  msgs=0
[CPU compute ] process=  5.17% of 80 cores   system=  5.18%   (window 2s)
entering dynamic phase
Thread_op_num = 50000

----- REMOTE CPU LOAD (memory node dir-threads, 2s window) -----
  dir 0: active=  0.00%  msgs=0           0 ns/msg
  dir 1: active=  0.00%  msgs=0           0 ns/msg
  AGGREGATE active = 0.00% (of 2 dir-threads; 0.00% per-thread avg)  msgs=0
[CPU compute ] process= 52.49% of 80 cores   system= 52.53%   (window 2s)
node 0 finish warmup
Start collecting the statistic

----- REMOTE CPU LOAD (memory node dir-threads, 2s window) -----
  dir 0: active=  0.00%  msgs=0           0 ns/msg
  dir 1: active=  0.00%  msgs=0           0 ns/msg
  AGGREGATE active = 0.00% (of 2 dir-threads; 0.00% per-thread avg)  msgs=0
[CPU compute ] process= 52.50% of 80 cores   system= 52.51%   (window 2s)
0, throughput 0.9919
cluster throughput 0.991

----- REMOTE CPU LOAD (memory node dir-threads, 2s window) -----
  dir 0: active=  0.00%  msgs=0           0 ns/msg
  dir 1: active=  0.00%  msgs=0           0 ns/msg
  AGGREGATE active = 0.00% (of 2 dir-threads; 0.00% per-thread avg)  msgs=0
[CPU compute ] process= 38.00% of 80 cores   system= 38.00%   (window 2s)
0, throughput 0.0000
cluster throughput 0.000
The time duration = 4 seconds

----- REMOTE CPU LOAD (memory node dir-threads, 2s window) -----
  dir 0: active=  0.00%  msgs=0           0 ns/msg
  dir 1: active=  0.00%  msgs=0           0 ns/msg
  AGGREGATE active = 0.00% (of 2 dir-threads; 0.00% per-thread avg)  msgs=0
[CPU compute ] process=  2.50% of 80 cores   system=  4.47%   (window 2s)

==================== LATENCY BUCKETS (500 ns) [node 0] ====================
[RANGE]
  ALL                n=1983898    mean=   29.73us  p50=  30.50us  p90=  50.00us  p99=  56.50us  p99.9=  60.50us  max>=603.50us
  LOCAL (cache hit)  n=54         mean=    9.30us  p50=   9.50us  p90=  11.00us  p99=  12.50us  p99.9=  12.50us  max>= 13.00us
  REMOTE (miss/rpc)  n=1983844    mean=   29.73us  p50=  30.50us  p90=  50.00us  p99=  56.50us  p99.9=  60.50us  max>=603.50us
[ALL OPS]
  ALL                n=1983898    mean=   29.73us  p50=  30.50us  p90=  50.00us  p99=  56.50us  p99.9=  60.50us  max>=603.50us
  LOCAL (cache hit)  n=54         mean=    9.30us  p50=   9.50us  p90=  11.00us  p99=  12.50us  p99.9=  12.50us  max>= 13.00us
  REMOTE (miss/rpc)  n=1983844    mean=   29.73us  p50=  30.50us  p90=  50.00us  p99=  56.50us  p99.9=  60.50us  max>=603.50us

----- 500 ns bucket CDF (all ops) [node 0] -----
  bucket [lo,hi) ns             count        pct       cdf
  [     4000,     4500)            1    0.0001%   0.0001%
  [     6500,     7000)            2    0.0001%   0.0002%
  [     7000,     7500)           42    0.0021%   0.0023%
  [     7500,     8000)          914    0.0461%   0.0483%
  [     8000,     8500)         6565    0.3309%   0.3793%
  [     8500,     9000)        25015    1.2609%   1.6402%
  [     9000,     9500)        59152    2.9816%   4.6218%
  [     9500,    10000)       102094    5.1461%   9.7679%
  [    10000,    10500)       133494    6.7289%  16.4968%
  [    10500,    11000)       146040    7.3613%  23.8580%
  [    11000,    11500)       140624    7.0883%  30.9463%
  [    11500,    12000)       119529    6.0250%  36.9713%
  [    12000,    12500)        88502    4.4610%  41.4323%
  [    12500,    13000)        59027    2.9753%  44.4076%
  [    13000,    13500)        37017    1.8659%  46.2734%
  [    13500,    14000)        23175    1.1682%  47.4416%
  [    14000,    14500)        13909    0.7011%  48.1427%
  [    14500,    15000)         8765    0.4418%  48.5845%
  [    15000,    15500)         5956    0.3002%  48.8847%
  [    15500,    16000)         4315    0.2175%  49.1022%
  [    16000,    16500)         3027    0.1526%  49.2548%
  [    16500,    17000)         2235    0.1127%  49.3675%
  [    17000,    17500)         1717    0.0865%  49.4540%
  [    17500,    18000)         1338    0.0674%  49.5214%
  [    18000,    18500)         1136    0.0573%  49.5787%
  [    18500,    19000)          902    0.0455%  49.6242%
  [    19000,    19500)          798    0.0402%  49.6644%
  [    19500,    20000)          694    0.0350%  49.6994%
  [    20000,    20500)          637    0.0321%  49.7315%
  [    20500,    21000)          579    0.0292%  49.7607%
  [    21000,    21500)          539    0.0272%  49.7878%
  [    21500,    22000)          589    0.0297%  49.8175%
  [    22000,    22500)          482    0.0243%  49.8418%
  [    22500,    23000)          463    0.0233%  49.8652%
  [    23000,    23500)          442    0.0223%  49.8874%
  [    23500,    24000)          348    0.0175%  49.9050%
  [    24000,    24500)          301    0.0152%  49.9202%
  [    24500,    25000)          240    0.0121%  49.9323%
  [    25000,    25500)          204    0.0103%  49.9425%
  [    25500,    26000)          174    0.0088%  49.9513%
  [    26000,    26500)          166    0.0084%  49.9597%
  [    26500,    27000)          125    0.0063%  49.9660%
  [    27000,    27500)          122    0.0061%  49.9721%
  [    27500,    28000)          118    0.0059%  49.9781%
  [    28000,    28500)           99    0.0050%  49.9831%
  [    28500,    29000)          110    0.0055%  49.9886%
  [    29000,    29500)          115    0.0058%  49.9944%
  [    29500,    30000)          101    0.0051%  49.9995%
  [    30000,    30500)          115    0.0058%  50.0053%
  [    30500,    31000)          141    0.0071%  50.0124%
  [    31000,    31500)          184    0.0093%  50.0217%
  [    31500,    32000)          213    0.0107%  50.0324%
  [    32000,    32500)          258    0.0130%  50.0454%
  [    32500,    33000)          292    0.0147%  50.0601%
  [    33000,    33500)          349    0.0176%  50.0777%
  [    33500,    34000)          378    0.0191%  50.0968%
  [    34000,    34500)          412    0.0208%  50.1175%
  [    34500,    35000)          438    0.0221%  50.1396%
  [    35000,    35500)          511    0.0258%  50.1654%
  [    35500,    36000)          510    0.0257%  50.1911%
  [    36000,    36500)          499    0.0252%  50.2162%
  [    36500,    37000)          479    0.0241%  50.2404%
  [    37000,    37500)          530    0.0267%  50.2671%
  [    37500,    38000)          544    0.0274%  50.2945%
  [    38000,    38500)          550    0.0277%  50.3222%
  [    38500,    39000)          530    0.0267%  50.3490%
  [    39000,    39500)          647    0.0326%  50.3816%
  [    39500,    40000)          676    0.0341%  50.4156%
  [    40000,    40500)          826    0.0416%  50.4573%
  [    40500,    41000)         1062    0.0535%  50.5108%
  [    41000,    41500)         1303    0.0657%  50.5765%
  [    41500,    42000)         2080    0.1048%  50.6813%
  [    42000,    42500)         2952    0.1488%  50.8301%
  [    42500,    43000)         4774    0.2406%  51.0708%
  [    43000,    43500)         7496    0.3778%  51.4486%
  [    43500,    44000)        12182    0.6140%  52.0627%
  [    44000,    44500)        18532    0.9341%  52.9968%
  [    44500,    45000)        27693    1.3959%  54.3927%
  [    45000,    45500)        39111    1.9714%  56.3641%
  [    45500,    46000)        53771    2.7104%  59.0745%
  [    46000,    46500)        68904    3.4732%  62.5476%
  [    46500,    47000)        82813    4.1743%  66.7219%
  [    47000,    47500)        89368    4.5047%  71.2265%
  [    47500,    48000)        92258    4.6503%  75.8769%
  [    48000,    48500)        90906    4.5822%  80.4591%
  [    48500,    49000)        83788    4.2234%  84.6825%
  [    49000,    49500)        70606    3.5590%  88.2414%
  [    49500,    50000)        55706    2.8079%  91.0493%
  [    50000,    50500)        41828    2.1084%  93.1577%
  [    50500,    51000)        30374    1.5310%  94.6887%
  [    51000,    51500)        21147    1.0659%  95.7547%
  [    51500,    52000)        14643    0.7381%  96.4928%
  [    52000,    52500)        10305    0.5194%  97.0122%
  [    52500,    53000)         7560    0.3811%  97.3933%
  [    53000,    53500)         6182    0.3116%  97.7049%
  [    53500,    54000)         5058    0.2550%  97.9598%
  [    54000,    54500)         4912    0.2476%  98.2074%
  [    54500,    55000)         4908    0.2474%  98.4548%
  [    55000,    55500)         4716    0.2377%  98.6925%
  [    55500,    56000)         4436    0.2236%  98.9161%
  [    56000,    56500)         4028    0.2030%  99.1192%
  [    56500,    57000)         3759    0.1895%  99.3086%
  [    57000,    57500)         3236    0.1631%  99.4717%
  [    57500,    58000)         2721    0.1372%  99.6089%
  [    58000,    58500)         2096    0.1057%  99.7146%
  [    58500,    59000)         1565    0.0789%  99.7934%
  [    59000,    59500)         1073    0.0541%  99.8475%
  [    59500,    60000)          772    0.0389%  99.8864%
  [    60000,    60500)          530    0.0267%  99.9132%
  [    60500,    61000)          373    0.0188%  99.9320%
  [    61000,    61500)          269    0.0136%  99.9455%
  [    61500,    62000)          139    0.0070%  99.9525%
  [    62000,    62500)          106    0.0053%  99.9579%
  [    62500,    63000)           89    0.0045%  99.9623%
  [    63000,    63500)           60    0.0030%  99.9654%
  [    63500,    64000)           44    0.0022%  99.9676%
  [    64000,    64500)           39    0.0020%  99.9696%
  [    64500,    65000)           25    0.0013%  99.9708%
  [    65000,    65500)           20    0.0010%  99.9718%
  [    65500,    66000)           18    0.0009%  99.9727%
  [    66000,    66500)           26    0.0013%  99.9740%
  [    66500,    67000)           12    0.0006%  99.9746%
  [    67000,    67500)           15    0.0008%  99.9754%
  [    67500,    68000)           19    0.0010%  99.9764%
  [    68000,    68500)           13    0.0007%  99.9770%
  [    68500,    69000)           14    0.0007%  99.9777%
  [    69000,    69500)           11    0.0006%  99.9783%
  [    69500,    70000)           11    0.0006%  99.9788%
  [    70000,    70500)            9    0.0005%  99.9793%
  [    70500,    71000)            9    0.0005%  99.9797%
  [    71000,    71500)           14    0.0007%  99.9804%
  [    71500,    72000)            6    0.0003%  99.9807%
  [    72000,    72500)            7    0.0004%  99.9811%
  [    72500,    73000)            4    0.0002%  99.9813%
  [    73000,    73500)            7    0.0004%  99.9817%
  [    73500,    74000)            6    0.0003%  99.9820%
  [    74000,    74500)            6    0.0003%  99.9823%
  [    74500,    75000)            9    0.0005%  99.9827%
  [    75000,    75500)            8    0.0004%  99.9831%
  [    75500,    76000)            8    0.0004%  99.9835%
  [    76000,    76500)           13    0.0007%  99.9842%
  [    76500,    77000)            7    0.0004%  99.9845%
  [    77000,    77500)            8    0.0004%  99.9849%
  [    77500,    78000)           10    0.0005%  99.9854%
  [    78000,    78500)            1    0.0001%  99.9855%
  [    78500,    79000)           10    0.0005%  99.9860%
  [    79000,    79500)            5    0.0003%  99.9862%
  [    79500,    80000)            7    0.0004%  99.9866%
  [    80000,    80500)            6    0.0003%  99.9869%
  [    80500,    81000)            2    0.0001%  99.9870%
  [    81000,    81500)            6    0.0003%  99.9873%
  [    81500,    82000)            7    0.0004%  99.9877%
  [    82000,    82500)            5    0.0003%  99.9879%
  [    82500,    83000)            4    0.0002%  99.9881%
  [    83000,    83500)            3    0.0002%  99.9883%
  [    83500,    84000)            8    0.0004%  99.9887%
  [    84000,    84500)            1    0.0001%  99.9887%
  [    84500,    85000)            1    0.0001%  99.9888%
  [    85000,    85500)            2    0.0001%  99.9889%
  [    85500,    86000)            2    0.0001%  99.9890%
  [    86500,    87000)            2    0.0001%  99.9891%
  [    87000,    87500)            1    0.0001%  99.9891%
  [    88000,    88500)            1    0.0001%  99.9892%
  [    88500,    89000)            4    0.0002%  99.9894%
  [    89000,    89500)            5    0.0003%  99.9896%
  [    89500,    90000)            2    0.0001%  99.9897%
  [    90000,    90500)            3    0.0002%  99.9899%
  [    90500,    91000)            2    0.0001%  99.9900%
  [    91000,    91500)            3    0.0002%  99.9901%
  [    91500,    92000)            1    0.0001%  99.9902%
  [    92000,    92500)            1    0.0001%  99.9902%
  [    93000,    93500)            1    0.0001%  99.9903%
  [    93500,    94000)            1    0.0001%  99.9903%
  [    94000,    94500)            2    0.0001%  99.9904%
  [    94500,    95000)            2    0.0001%  99.9905%
  [    95000,    95500)            1    0.0001%  99.9906%
  [    95500,    96000)            2    0.0001%  99.9907%
  [    96000,    96500)            2    0.0001%  99.9908%
  [    96500,    97000)            1    0.0001%  99.9908%
  [    97000,    97500)            1    0.0001%  99.9909%
  [    97500,    98000)            1    0.0001%  99.9909%
  [    98000,    98500)            1    0.0001%  99.9910%
  [    99500,   100000)            2    0.0001%  99.9911%
  [   100500,   101000)            2    0.0001%  99.9912%
  [   101000,   101500)            1    0.0001%  99.9912%
  [   101500,   102000)            1    0.0001%  99.9913%
  [   102000,   102500)            1    0.0001%  99.9913%
  [   102500,   103000)            2    0.0001%  99.9914%
  [   103000,   103500)            2    0.0001%  99.9915%
  [   104000,   104500)            2    0.0001%  99.9916%
  [   105000,   105500)            1    0.0001%  99.9917%
  [   107500,   108000)            1    0.0001%  99.9917%
  [   109500,   110000)            1    0.0001%  99.9918%
  [   112500,   113000)            1    0.0001%  99.9918%
  [   113500,   114000)            1    0.0001%  99.9919%
  [   199500,   200000)            1    0.0001%  99.9919%
  [   200000,   200500)            1    0.0001%  99.9920%
  [   200500,   201000)            2    0.0001%  99.9921%
  [   201000,   201500)            3    0.0002%  99.9922%
  [   201500,   202000)            1    0.0001%  99.9923%
  [   202000,   202500)            1    0.0001%  99.9923%
  [   202500,   203000)            4    0.0002%  99.9925%
  [   203000,   203500)            2    0.0001%  99.9926%
  [   203500,   204000)            5    0.0003%  99.9929%
  [   204000,   204500)            3    0.0002%  99.9930%
  [   204500,   205000)            3    0.0002%  99.9932%
  [   205000,   205500)            4    0.0002%  99.9934%
  [   205500,   206000)            1    0.0001%  99.9934%
  [   206000,   206500)            3    0.0002%  99.9936%
  [   206500,   207000)            3    0.0002%  99.9937%
  [   207000,   207500)            3    0.0002%  99.9939%
  [   222500,   223000)            1    0.0001%  99.9940%
  [   285000,   285500)            1    0.0001%  99.9940%
  [   285500,   286000)            3    0.0002%  99.9942%
  [   286000,   286500)            4    0.0002%  99.9944%
  [   286500,   287000)            1    0.0001%  99.9944%
  [   287000,   287500)            1    0.0001%  99.9945%
  [   287500,   288000)            1    0.0001%  99.9945%
  [   288000,   288500)            2    0.0001%  99.9946%
  [   288500,   289000)            6    0.0003%  99.9949%
  [   289000,   289500)            2    0.0001%  99.9950%
  [   291000,   291500)            2    0.0001%  99.9951%
  [   291500,   292000)            2    0.0001%  99.9952%
  [   292000,   292500)            1    0.0001%  99.9953%
  [   293000,   293500)            1    0.0001%  99.9953%
  [   294000,   294500)            3    0.0002%  99.9955%
  [   294500,   295000)            1    0.0001%  99.9955%
  [   295500,   296000)            2    0.0001%  99.9956%
  [   297000,   297500)            1    0.0001%  99.9957%
  [   297500,   298000)            1    0.0001%  99.9957%
  [   298000,   298500)            2    0.0001%  99.9958%
  [   299000,   299500)            4    0.0002%  99.9960%
  [   299500,   300000)            2    0.0001%  99.9961%
  [   300500,   301000)            1    0.0001%  99.9962%
  [   301000,   301500)            2    0.0001%  99.9963%
  [   301500,   302000)            3    0.0002%  99.9964%
  [   302000,   302500)            1    0.0001%  99.9965%
  [   302500,   303000)            2    0.0001%  99.9966%
  [   303000,   303500)            3    0.0002%  99.9967%
  [   303500,   304000)            6    0.0003%  99.9970%
  [   304000,   304500)            3    0.0002%  99.9972%
  [   304500,   305000)            1    0.0001%  99.9972%
  [   305000,   305500)            2    0.0001%  99.9973%
  [   307500,   308000)            3    0.0002%  99.9975%
  [   308500,   309000)            1    0.0001%  99.9975%
  [   309000,   309500)            1    0.0001%  99.9976%
  [   311000,   311500)            1    0.0001%  99.9976%
  [   312500,   313000)            1    0.0001%  99.9977%
  [   313000,   313500)            3    0.0002%  99.9978%
  [   313500,   314000)            1    0.0001%  99.9979%
  [   314000,   314500)            1    0.0001%  99.9979%
  [   314500,   315000)            1    0.0001%  99.9980%
  [   583500,   584000)            1    0.0001%  99.9980%
  [   584000,   584500)            2    0.0001%  99.9981%
  [   584500,   585000)            1    0.0001%  99.9982%
  [   585000,   585500)            1    0.0001%  99.9982%
  [   585500,   586000)            2    0.0001%  99.9983%
  [   586000,   586500)            3    0.0002%  99.9985%
  [   586500,   587000)            2    0.0001%  99.9986%
  [   587000,   587500)            2    0.0001%  99.9987%
  [   587500,   588000)            3    0.0002%  99.9988%
  [   588000,   588500)            1    0.0001%  99.9989%
  [   588500,   589000)            2    0.0001%  99.9990%
  [   589500,   590000)            1    0.0001%  99.9990%
  [   591000,   591500)            2    0.0001%  99.9991%
  [   594000,   594500)            1    0.0001%  99.9992%
  [   594500,   595000)            1    0.0001%  99.9992%
  [   595000,   595500)            1    0.0001%  99.9993%
  [   595500,   596000)            3    0.0002%  99.9994%
  [   596000,   596500)            1    0.0001%  99.9995%
  [   596500,   597000)            1    0.0001%  99.9995%
  [   597500,   598000)            1    0.0001%  99.9996%
  [   598000,   598500)            2    0.0001%  99.9997%
  [   598500,   599000)            1    0.0001%  99.9997%
  [   599000,   599500)            1    0.0001%  99.9998%
  [   600000,   600500)            3    0.0002%  99.9999%
  [   603000,   603500)            1    0.0001% 100.0000%

----- REMOTE OPERATIONS [node 0] -----
  ops total                = 1983898
  ops local  (cache hit)   = 54 (0.00%)
  ops remote (>=1 net op)  = 1983844 (100.00%)
  remote ops total         = 3967688
    rdma read              = 1983844
    rdma write             = 0
    rdma cas               = 0
    rpc pushdown           = 1983844
  remote ops / op          = 1.9999
  remote ops / remote op   = 2.0000

----- OFFLOADED TASKS [node 0] -----
  lookup pushdowns         = 0
  scan    pushdowns (RPC)  = 1983844
    kv pairs returned      = 192969911
    leaves scanned remotely= 25603407
    kv / scan pushdown     = 97.27
    leaves / scan pushdown = 12.91
  per-thread breakdown (tid: lookups | scans | kv | leaves):
    t0             0 |      49804 |    4843824 |     642577
    t1             0 |      49312 |    4798644 |     636841
    t2             0 |      49953 |    4857523 |     644497
    t3             0 |      49263 |    4793932 |     636023
    t4             0 |      49939 |    4856859 |     644649
    t5             0 |      49411 |    4805883 |     637688
    t6             0 |      49967 |    4858956 |     644699
    t7             0 |      49365 |    4800890 |     636918
    t8             0 |      49811 |    4844136 |     642820
    t9             0 |      49305 |    4796290 |     636351
    t10            0 |      49971 |    4860648 |     644908
    t11            0 |      49355 |    4802544 |     637152
    t12            0 |      49899 |    4854975 |     644004
    t13            0 |      49345 |    4799342 |     636757
    t14            0 |      49857 |    4848297 |     643277
    t15            0 |      49355 |    4800011 |     636839
    t16            0 |      49886 |    4852182 |     643753
    t17            0 |      49413 |    4806688 |     637862
    t18            0 |      49981 |    4860837 |     644956
    t19            0 |      49343 |    4799852 |     636904
    t20            0 |      49855 |    4851100 |     643618
    t21            0 |      49280 |    4793190 |     636063
    t22            0 |      49727 |    4834629 |     641397
    t23            0 |      49252 |    4789416 |     635488
    t24            0 |      49799 |    4844483 |     642888
    t25            0 |      49250 |    4791212 |     635901
    t26            0 |      49931 |    4856597 |     644504
    t27            0 |      49287 |    4794113 |     636061
    t28            0 |      49906 |    4855369 |     643940
    t29            0 |      49381 |    4804378 |     637657
    t30            0 |      49859 |    4851236 |     643627
    t31            0 |      49427 |    4808065 |     637722
    t32            0 |      49947 |    4859482 |     644864
    t33            0 |      49313 |    4796612 |     636360
    t34            0 |      49907 |    4852730 |     643796
    t35            0 |      49359 |    4798763 |     636736
    t36            0 |      49998 |    4866056 |     645589
    t37            0 |      49309 |    4796271 |     636331
    t38            0 |      49601 |    4826788 |     640366
    t39            0 |      48921 |    4757108 |     631024

----- PATH-AWARE CACHE MISS RATE [node 0] -----
  node accesses (hit+miss) = 26232090
  node cache hits          = 24248246 (92.44%)
  MISS RATE                = 7.5627%  (1983844 / 26232090)
  inner-node miss          = 44862 (2.26% of misses, 0.1710% rate)
  leaf-node  miss          = 1938982 (97.74% of misses, 7.3916% rate)
  total miss               = 1983844
  cache writebacks         = 0
=========================================================================

Round 0 (max_throughput): 1.34313 Mops/s
Round 0 (straggler_throughput): 1.34312 Mops/s
Before barrier finish
Avg. rdma read time(ms) = 0
Avg. rdma write time(ms) = -nan
Avg. rdma read / op = 0.999973
Avg. rdma write / op = 0
Avg. rdma cas / op = 0
Avg. rdma rpc / op = 0.999973
Avg. all rdma / op = 1.99995
Avg. rdma read size/ op = 1589.29
Avg. rdma write size / op = 0
Avg. rdma RW size / op = 1589.29
------------------------------------------
Node 0 average throughput = 0.991
Node 0 total throughput = 1.34313
All CN throughput (Max) = 1.34313
All CN throughput (Straggler) = 1.34312
Final throughput = 1.34312
[CORRECTNESS node 0] ops ok 1983898 / 1983898 = 100.0000%; scans 1983898, rows 198389651 (100.00 per scan)
------------------------------------------
