Compute node count = 1
kNodeCount 2, kReadRatio 0, kInsertRatio 0, kUpdateRatio 0, kDeleteRatio 0, kRangeRatio 100, totalThreadCount 36, memThreadCount 8 cache_size 1024, uniform_workload 1, zipfian 0.990000, bulk_load_num 50000000, warmup_num 10000000, op_num 30000000, check_correctness 0, time_based 0, early_stop 1, index 0, rpc_rate 1.000000, admission_rate 0.100000, auto_tune 0
kMaxThread = 36
KeySpace = 50001000
[GEOMETRY] inner_page=160 leaf_page=512 inner_entries=5 leaf_entries=26 slot=512 placement=mn_only
[4mshared memory size: 64GB, 0x7fef77200000[0m
[4mcache size: 2GB[0m
[4mMachine NR: 2[0m
[4mMax_APP_THREAD: 80[0m
[4mNR_DIRECTORY: 16[0m
[4mStart Build the DSMKeeper[0m
I am servers 0 [255.127.0.0]
I connect server 1
[4mdir 0 launch! (core 79 of 80)
[0m
[4mdir 1 launch! (core 79 of 80)
[0m
[4mdir 7 launch! (core 79 of 80)
[0m
CNode 0, left bound = 0, right bound = 18446744073709551615
Pushdown (RPC) Rate: 1
Admission Rate: 0.1
Cache size(MB) = 1024
-----Cache initial addr = 0x7fef00000000
[4mdir 6 launch! (core 79 of 80)
[0m
[4mdir 5 launch! (core 79 of 80)
[0m
[4mdir 4 launch! (core 79 of 80)
[0m
[4mdir 2 launch! (core 79 of 80)
[0m
[4mdir 3 launch! (core 79 of 80)
[0m
page num = 2097152
alloc_unit = 512
entry_num: 2097152
bucket_num: 699051
[DEX_SAFE_PT] page table keeps overflow buckets linked: ON
Bucket size = 64
entry_num: 209715
bucket_num: 34953
[DEX-R] push reads from the deepest cached node: off (DEX_PUSH_READS_DEEPEST; writes keep DEX's megaLevel rule)
start generating tree
num_partitions = 1
Success: tree root pointer value [1, 67108864]
finish generating tree
[CPU compute ] process=  2.50% of 80 cores   system=  2.52%   (window 2s)

----- REMOTE CPU LOAD (memory node dir-threads, 2s window) -----
  dir 0: active=  0.00%  msgs=0           0 ns/msg
  dir 1: active=  0.00%  msgs=0           0 ns/msg
  dir 2: active=  0.00%  msgs=0           0 ns/msg
  dir 3: active=  0.00%  msgs=0           0 ns/msg
  dir 4: active=  0.00%  msgs=0           0 ns/msg
  dir 5: active=  0.00%  msgs=0           0 ns/msg
  dir 6: active=  0.00%  msgs=0           0 ns/msg
  dir 7: active=  0.00%  msgs=0           0 ns/msg
  AGGREGATE active = 0.00% (of 8 dir-threads; 0.00% per-thread avg)  msgs=0
Bulkload num in node 0 = 50000000
First key of bulkloading = 7325973
Last key of bulkloading = 26738230
node warmup num = 9999972
kReadRatio =0
insertmark =0
updatemark =0
deletemark =0
rangemark =100
Finish warmup workload generation
[CPU compute ] process=  2.50% of 80 cores   system=  2.51%   (window 2s)

----- REMOTE CPU LOAD (memory node dir-threads, 2s window) -----
  dir 0: active=  0.00%  msgs=0           0 ns/msg
  dir 1: active=  0.00%  msgs=0           0 ns/msg
  dir 2: active=  0.00%  msgs=0           0 ns/msg
  dir 3: active=  0.00%  msgs=0           0 ns/msg
  dir 4: active=  0.00%  msgs=0           0 ns/msg
  dir 5: active=  0.00%  msgs=0           0 ns/msg
  dir 6: active=  0.00%  msgs=0           0 ns/msg
  dir 7: active=  0.00%  msgs=0           0 ns/msg
  AGGREGATE active = 0.00% (of 8 dir-threads; 0.00% per-thread avg)  msgs=0
[CPU compute ] process=  2.50% of 80 cores   system=  2.54%   (window 2s)

----- REMOTE CPU LOAD (memory node dir-threads, 2s window) -----
  dir 0: active=  0.00%  msgs=0           0 ns/msg
  dir 1: active=  0.00%  msgs=0           0 ns/msg
  dir 2: active=  0.00%  msgs=0           0 ns/msg
  dir 3: active=  0.00%  msgs=0           0 ns/msg
  dir 4: active=  0.00%  msgs=0           0 ns/msg
  dir 5: active=  0.00%  msgs=0           0 ns/msg
  dir 6: active=  0.00%  msgs=0           0 ns/msg
  dir 7: active=  0.00%  msgs=0           0 ns/msg
  AGGREGATE active = 0.00% (of 8 dir-threads; 0.00% per-thread avg)  msgs=0
[CPU compute ] process=  2.49% of 80 cores   system=  4.49%   (window 2s)

----- REMOTE CPU LOAD (memory node dir-threads, 2s window) -----
  dir 0: active=  0.00%  msgs=0           0 ns/msg
  dir 1: active=  0.00%  msgs=0           0 ns/msg
  dir 2: active=  0.00%  msgs=0           0 ns/msg
  dir 3: active=  0.00%  msgs=0           0 ns/msg
  dir 4: active=  0.00%  msgs=0           0 ns/msg
  dir 5: active=  0.00%  msgs=0           0 ns/msg
  dir 6: active=  0.00%  msgs=0           0 ns/msg
  dir 7: active=  0.00%  msgs=0           0 ns/msg
  AGGREGATE active = 0.00% (of 8 dir-threads; 0.00% per-thread avg)  msgs=0
[CPU compute ] process=  2.51% of 80 cores   system=  2.51%   (window 2s)

----- REMOTE CPU LOAD (memory node dir-threads, 2s window) -----
  dir 0: active=  0.00%  msgs=0           0 ns/msg
  dir 1: active=  0.00%  msgs=0           0 ns/msg
  dir 2: active=  0.00%  msgs=0           0 ns/msg
  dir 3: active=  0.00%  msgs=0           0 ns/msg
  dir 4: active=  0.00%  msgs=0           0 ns/msg
  dir 5: active=  0.00%  msgs=0           0 ns/msg
  dir 6: active=  0.00%  msgs=0           0 ns/msg
  dir 7: active=  0.00%  msgs=0           0 ns/msg
  AGGREGATE active = 0.00% (of 8 dir-threads; 0.00% per-thread avg)  msgs=0
[CPU compute ] process=  2.49% of 80 cores   system=  2.51%   (window 2s)

----- REMOTE CPU LOAD (memory node dir-threads, 2s window) -----
  dir 0: active=  0.00%  msgs=0           0 ns/msg
  dir 1: active=  0.00%  msgs=0           0 ns/msg
  dir 2: active=  0.00%  msgs=0           0 ns/msg
  dir 3: active=  0.00%  msgs=0           0 ns/msg
  dir 4: active=  0.00%  msgs=0           0 ns/msg
  dir 5: active=  0.00%  msgs=0           0 ns/msg
  dir 6: active=  0.00%  msgs=0           0 ns/msg
  dir 7: active=  0.00%  msgs=0           0 ns/msg
  AGGREGATE active = 0.00% (of 8 dir-threads; 0.00% per-thread avg)  msgs=0
[CPU compute ] process=  2.51% of 80 cores   system=  2.52%   (window 2s)

----- REMOTE CPU LOAD (memory node dir-threads, 2s window) -----
  dir 0: active=  0.00%  msgs=0           0 ns/msg
  dir 1: active=  0.00%  msgs=0           0 ns/msg
  dir 2: active=  0.00%  msgs=0           0 ns/msg
  dir 3: active=  0.00%  msgs=0           0 ns/msg
  dir 4: active=  0.00%  msgs=0           0 ns/msg
  dir 5: active=  0.00%  msgs=0           0 ns/msg
  dir 6: active=  0.00%  msgs=0           0 ns/msg
  dir 7: active=  0.00%  msgs=0           0 ns/msg
  AGGREGATE active = 0.00% (of 8 dir-threads; 0.00% per-thread avg)  msgs=0
node op_num = 29999988
Finish all workload generation
[CPU compute ] process=  2.50% of 80 cores   system=  2.52%   (window 2s)

----- REMOTE CPU LOAD (memory node dir-threads, 2s window) -----
  dir 0: active=  0.00%  msgs=0           0 ns/msg
  dir 1: active=  0.00%  msgs=0           0 ns/msg
  dir 2: active=  0.00%  msgs=0           0 ns/msg
  dir 3: active=  0.00%  msgs=0           0 ns/msg
  dir 4: active=  0.00%  msgs=0           0 ns/msg
  dir 5: active=  0.00%  msgs=0           0 ns/msg
  dir 6: active=  0.00%  msgs=0           0 ns/msg
  dir 7: active=  0.00%  msgs=0           0 ns/msg
  AGGREGATE active = 0.00% (of 8 dir-threads; 0.00% per-thread avg)  msgs=0
[CPU compute ] process=  2.50% of 80 cores   system=  4.44%   (window 2s)

----- REMOTE CPU LOAD (memory node dir-threads, 2s window) -----
  dir 0: active=  0.00%  msgs=0           0 ns/msg
  dir 1: active=  0.00%  msgs=0           0 ns/msg
  dir 2: active=  0.00%  msgs=0           0 ns/msg
  dir 3: active=  0.00%  msgs=0           0 ns/msg
  dir 4: active=  0.00%  msgs=0           0 ns/msg
  dir 5: active=  0.00%  msgs=0           0 ns/msg
  dir 6: active=  0.00%  msgs=0           0 ns/msg
  dir 7: active=  0.00%  msgs=0           0 ns/msg
  AGGREGATE active = 0.00% (of 8 dir-threads; 0.00% per-thread avg)  msgs=0
[CPU compute ] process=  2.50% of 80 cores   system=  2.51%   (window 2s)

----- REMOTE CPU LOAD (memory node dir-threads, 2s window) -----
  dir 0: active=  0.00%  msgs=0           0 ns/msg
  dir 1: active=  0.00%  msgs=0           0 ns/msg
  dir 2: active=  0.00%  msgs=0           0 ns/msg
  dir 3: active=  0.00%  msgs=0           0 ns/msg
  dir 4: active=  0.00%  msgs=0           0 ns/msg
  dir 5: active=  0.00%  msgs=0           0 ns/msg
  dir 6: active=  0.00%  msgs=0           0 ns/msg
  dir 7: active=  0.00%  msgs=0           0 ns/msg
  AGGREGATE active = 0.00% (of 8 dir-threads; 0.00% per-thread avg)  msgs=0
Fetched new height = 1
Success: tree root pointer value [1, 67109888]
Height = 2
Success: tree root pointer value [1, 67112448]
Height = 3
Success: tree root pointer value [1, 67118080]
Height = 4
[CPU compute ] process=  2.50% of 80 cores   system=  2.51%   (window 2s)

----- REMOTE CPU LOAD (memory node dir-threads, 2s window) -----
  dir 0: active=  0.00%  msgs=0           0 ns/msg
  dir 1: active=  0.00%  msgs=0           0 ns/msg
  dir 2: active=  0.00%  msgs=0           0 ns/msg
  dir 3: active=  0.00%  msgs=0           0 ns/msg
  dir 4: active=  0.00%  msgs=0           0 ns/msg
  dir 5: active=  0.00%  msgs=0           0 ns/msg
  dir 6: active=  0.00%  msgs=0           0 ns/msg
  dir 7: active=  0.00%  msgs=0           0 ns/msg
  AGGREGATE active = 0.00% (of 8 dir-threads; 0.00% per-thread avg)  msgs=0
Success: tree root pointer value [1, 67129856]
Height = 5
Success: tree root pointer value [1, 67153920]
Height = 6
Success: tree root pointer value [1, 67202560]
Height = 7
Success: tree root pointer value [1, 67300352]
Height = 8
Success: tree root pointer value [1, 67496448]
Height = 9
Success: tree root pointer value [1, 67889152]
Height = 10
Success: tree root pointer value [1, 68675072]
Height = 11
Success: tree root pointer value [1, 70247424]
Height = 12
Success: tree root pointer value [1, 73392640]
Height = 13
Success: tree root pointer value [1, 79683584]
Height = 14
Success: tree root pointer value [1, 92265984]
Height = 15
Success: tree root pointer value [1, 8673811968]
Height = 16
Success: tree root pointer value [1, 17280523776]
Height = 17
[CPU compute ] process=  2.50% of 80 cores   system=  2.53%   (window 2s)

----- REMOTE CPU LOAD (memory node dir-threads, 2s window) -----
  dir 0: active=  0.00%  msgs=0           0 ns/msg
  dir 1: active=  0.00%  msgs=0           0 ns/msg
  dir 2: active=  0.00%  msgs=0           0 ns/msg
  dir 3: active=  0.00%  msgs=0           0 ns/msg
  dir 4: active=  0.00%  msgs=0           0 ns/msg
  dir 5: active=  0.00%  msgs=0           0 ns/msg
  dir 6: active=  0.00%  msgs=0           0 ns/msg
  dir 7: active=  0.00%  msgs=0           0 ns/msg
  AGGREGATE active = 0.00% (of 8 dir-threads; 0.00% per-thread avg)  msgs=0
Success: tree root pointer value [1, 43050328576]
Height = 18
[CPU compute ] process=  2.50% of 80 cores   system=  2.51%   (window 2s)

----- REMOTE CPU LOAD (memory node dir-threads, 2s window) -----
  dir 0: active=  0.00%  msgs=0           0 ns/msg
  dir 1: active=  0.00%  msgs=0           0 ns/msg
  dir 2: active=  0.00%  msgs=0           0 ns/msg
  dir 3: active=  0.00%  msgs=0           0 ns/msg
  dir 4: active=  0.00%  msgs=0           0 ns/msg
  dir 5: active=  0.00%  msgs=0           0 ns/msg
  dir 6: active=  0.00%  msgs=0           0 ns/msg
  dir 7: active=  0.00%  msgs=0           0 ns/msg
  AGGREGATE active = 0.00% (of 8 dir-threads; 0.00% per-thread avg)  msgs=0
Success: tree root pointer value [1, 25904016384]
Height = 19
[CPU compute ] process=  2.50% of 80 cores   system=  4.60%   (window 2s)

----- REMOTE CPU LOAD (memory node dir-threads, 2s window) -----
  dir 0: active=  0.00%  msgs=0           0 ns/msg
  dir 1: active=  0.00%  msgs=0           0 ns/msg
  dir 2: active=  0.00%  msgs=0           0 ns/msg
  dir 3: active=  0.00%  msgs=0           0 ns/msg
  dir 4: active=  0.00%  msgs=0           0 ns/msg
  dir 5: active=  0.00%  msgs=0           0 ns/msg
  dir 6: active=  0.00%  msgs=0           0 ns/msg
  dir 7: active=  0.00%  msgs=0           0 ns/msg
  AGGREGATE active = 0.00% (of 8 dir-threads; 0.00% per-thread avg)  msgs=0
Success: tree root pointer value [1, 167773184]
Height = 20
[CPU compute ] process=  2.50% of 80 cores   system=  2.53%   (window 2s)

----- REMOTE CPU LOAD (memory node dir-threads, 2s window) -----
  dir 0: active=  0.00%  msgs=0           0 ns/msg
  dir 1: active=  0.00%  msgs=0           0 ns/msg
  dir 2: active=  0.00%  msgs=0           0 ns/msg
  dir 3: active=  0.00%  msgs=0           0 ns/msg
  dir 4: active=  0.00%  msgs=0           0 ns/msg
  dir 5: active=  0.00%  msgs=0           0 ns/msg
  dir 6: active=  0.00%  msgs=0           0 ns/msg
  dir 7: active=  0.00%  msgs=0           0 ns/msg
  AGGREGATE active = 0.00% (of 8 dir-threads; 0.00% per-thread avg)  msgs=0
[CPU compute ] process=  2.50% of 80 cores   system=  2.51%   (window 2s)

----- REMOTE CPU LOAD (memory node dir-threads, 2s window) -----
  dir 0: active=  0.00%  msgs=0           0 ns/msg
  dir 1: active=  0.00%  msgs=0           0 ns/msg
  dir 2: active=  0.00%  msgs=0           0 ns/msg
  dir 3: active=  0.00%  msgs=0           0 ns/msg
  dir 4: active=  0.00%  msgs=0           0 ns/msg
  dir 5: active=  0.00%  msgs=0           0 ns/msg
  dir 6: active=  0.00%  msgs=0           0 ns/msg
  dir 7: active=  0.00%  msgs=0           0 ns/msg
  AGGREGATE active = 0.00% (of 8 dir-threads; 0.00% per-thread avg)  msgs=0
entering dynamic phase
[CPU compute ] process=  2.50% of 80 cores   system=  2.52%   (window 2s)

----- REMOTE CPU LOAD (memory node dir-threads, 2s window) -----
  dir 0: active=  0.00%  msgs=0           0 ns/msg
  dir 1: active=  0.00%  msgs=0           0 ns/msg
  dir 2: active=  0.00%  msgs=0           0 ns/msg
  dir 3: active=  0.00%  msgs=0           0 ns/msg
  dir 4: active=  0.00%  msgs=0           0 ns/msg
  dir 5: active=  0.00%  msgs=0           0 ns/msg
  dir 6: active=  0.00%  msgs=0           0 ns/msg
  dir 7: active=  0.00%  msgs=0           0 ns/msg
  AGGREGATE active = 0.00% (of 8 dir-threads; 0.00% per-thread avg)  msgs=0
[CPU compute ] process=  2.50% of 80 cores   system=  2.51%   (window 2s)

----- REMOTE CPU LOAD (memory node dir-threads, 2s window) -----
  dir 0: active=  0.00%  msgs=0           0 ns/msg
  dir 1: active=  0.00%  msgs=0           0 ns/msg
  dir 2: active=  0.00%  msgs=0           0 ns/msg
  dir 3: active=  0.00%  msgs=0           0 ns/msg
  dir 4: active=  0.00%  msgs=0           0 ns/msg
  dir 5: active=  0.00%  msgs=0           0 ns/msg
  dir 6: active=  0.00%  msgs=0           0 ns/msg
  dir 7: active=  0.00%  msgs=0           0 ns/msg
  AGGREGATE active = 0.00% (of 8 dir-threads; 0.00% per-thread avg)  msgs=0
[CPU compute ] process=  2.50% of 80 cores   system=  4.54%   (window 2s)

----- REMOTE CPU LOAD (memory node dir-threads, 2s window) -----
  dir 0: active=  0.00%  msgs=0           0 ns/msg
  dir 1: active=  0.00%  msgs=0           0 ns/msg
  dir 2: active=  0.00%  msgs=0           0 ns/msg
  dir 3: active=  0.00%  msgs=0           0 ns/msg
  dir 4: active=  0.00%  msgs=0           0 ns/msg
  dir 5: active=  0.00%  msgs=0           0 ns/msg
  dir 6: active=  0.00%  msgs=0           0 ns/msg
  dir 7: active=  0.00%  msgs=0           0 ns/msg
  AGGREGATE active = 0.00% (of 8 dir-threads; 0.00% per-thread avg)  msgs=0
[CPU compute ] process=  2.50% of 80 cores   system=  2.51%   (window 2s)

----- REMOTE CPU LOAD (memory node dir-threads, 2s window) -----
  dir 0: active=  0.00%  msgs=0           0 ns/msg
  dir 1: active=  0.00%  msgs=0           0 ns/msg
  dir 2: active=  0.00%  msgs=0           0 ns/msg
  dir 3: active=  0.00%  msgs=0           0 ns/msg
  dir 4: active=  0.00%  msgs=0           0 ns/msg
  dir 5: active=  0.00%  msgs=0           0 ns/msg
  dir 6: active=  0.00%  msgs=0           0 ns/msg
  dir 7: active=  0.00%  msgs=0           0 ns/msg
  AGGREGATE active = 0.00% (of 8 dir-threads; 0.00% per-thread avg)  msgs=0
Success: tree root pointer value [1, 268448256]
Height = 21
[CPU compute ] process=  2.50% of 80 cores   system=  2.52%   (window 2s)

----- REMOTE CPU LOAD (memory node dir-threads, 2s window) -----
  dir 0: active=  0.00%  msgs=0           0 ns/msg
  dir 1: active=  0.00%  msgs=0           0 ns/msg
  dir 2: active=  0.00%  msgs=0           0 ns/msg
  dir 3: active=  0.00%  msgs=0           0 ns/msg
  dir 4: active=  0.00%  msgs=0           0 ns/msg
  dir 5: active=  0.00%  msgs=0           0 ns/msg
  dir 6: active=  0.00%  msgs=0           0 ns/msg
  dir 7: active=  0.00%  msgs=0           0 ns/msg
  AGGREGATE active = 0.00% (of 8 dir-threads; 0.00% per-thread avg)  msgs=0
[CPU compute ] process=  2.50% of 80 cores   system=  2.51%   (window 2s)

----- REMOTE CPU LOAD (memory node dir-threads, 2s window) -----
  dir 0: active=  0.00%  msgs=0           0 ns/msg
  dir 1: active=  0.00%  msgs=0           0 ns/msg
  dir 2: active=  0.00%  msgs=0           0 ns/msg
  dir 3: active=  0.00%  msgs=0           0 ns/msg
  dir 4: active=  0.00%  msgs=0           0 ns/msg
  dir 5: active=  0.00%  msgs=0           0 ns/msg
  dir 6: active=  0.00%  msgs=0           0 ns/msg
  dir 7: active=  0.00%  msgs=0           0 ns/msg
  AGGREGATE active = 0.00% (of 8 dir-threads; 0.00% per-thread avg)  msgs=0
[CPU compute ] process=  2.50% of 80 cores   system=  2.51%   (window 2s)

----- REMOTE CPU LOAD (memory node dir-threads, 2s window) -----
  dir 0: active=  0.00%  msgs=0           0 ns/msg
  dir 1: active=  0.00%  msgs=0           0 ns/msg
  dir 2: active=  0.00%  msgs=0           0 ns/msg
  dir 3: active=  0.00%  msgs=0           0 ns/msg
  dir 4: active=  0.00%  msgs=0           0 ns/msg
  dir 5: active=  0.00%  msgs=0           0 ns/msg
  dir 6: active=  0.00%  msgs=0           0 ns/msg
  dir 7: active=  0.00%  msgs=0           0 ns/msg
  AGGREGATE active = 0.00% (of 8 dir-threads; 0.00% per-thread avg)  msgs=0
[CPU compute ] process=  2.50% of 80 cores   system=  4.49%   (window 2s)

----- REMOTE CPU LOAD (memory node dir-threads, 2s window) -----
  dir 0: active=  0.00%  msgs=0           0 ns/msg
  dir 1: active=  0.00%  msgs=0           0 ns/msg
  dir 2: active=  0.00%  msgs=0           0 ns/msg
  dir 3: active=  0.00%  msgs=0           0 ns/msg
  dir 4: active=  0.00%  msgs=0           0 ns/msg
  dir 5: active=  0.00%  msgs=0           0 ns/msg
  dir 6: active=  0.00%  msgs=0           0 ns/msg
  dir 7: active=  0.00%  msgs=0           0 ns/msg
  AGGREGATE active = 0.00% (of 8 dir-threads; 0.00% per-thread avg)  msgs=0
[CPU compute ] process=  2.50% of 80 cores   system=  2.52%   (window 2s)

----- REMOTE CPU LOAD (memory node dir-threads, 2s window) -----
  dir 0: active=  0.00%  msgs=0           0 ns/msg
  dir 1: active=  0.00%  msgs=0           0 ns/msg
  dir 2: active=  0.00%  msgs=0           0 ns/msg
  dir 3: active=  0.00%  msgs=0           0 ns/msg
  dir 4: active=  0.00%  msgs=0           0 ns/msg
  dir 5: active=  0.00%  msgs=0           0 ns/msg
  dir 6: active=  0.00%  msgs=0           0 ns/msg
  dir 7: active=  0.00%  msgs=0           0 ns/msg
  AGGREGATE active = 0.00% (of 8 dir-threads; 0.00% per-thread avg)  msgs=0
[CPU compute ] process=  2.50% of 80 cores   system=  2.51%   (window 2s)

----- REMOTE CPU LOAD (memory node dir-threads, 2s window) -----
  dir 0: active=  0.00%  msgs=0           0 ns/msg
  dir 1: active=  0.00%  msgs=0           0 ns/msg
  dir 2: active=  0.00%  msgs=0           0 ns/msg
  dir 3: active=  0.00%  msgs=0           0 ns/msg
  dir 4: active=  0.00%  msgs=0           0 ns/msg
  dir 5: active=  0.00%  msgs=0           0 ns/msg
  dir 6: active=  0.00%  msgs=0           0 ns/msg
  dir 7: active=  0.00%  msgs=0           0 ns/msg
  AGGREGATE active = 0.00% (of 8 dir-threads; 0.00% per-thread avg)  msgs=0
[CPU compute ] process=  2.50% of 80 cores   system=  2.52%   (window 2s)

----- REMOTE CPU LOAD (memory node dir-threads, 2s window) -----
  dir 0: active=  0.00%  msgs=0           0 ns/msg
  dir 1: active=  0.00%  msgs=0           0 ns/msg
  dir 2: active=  0.00%  msgs=0           0 ns/msg
  dir 3: active=  0.00%  msgs=0           0 ns/msg
  dir 4: active=  0.00%  msgs=0           0 ns/msg
  dir 5: active=  0.00%  msgs=0           0 ns/msg
  dir 6: active=  0.00%  msgs=0           0 ns/msg
  dir 7: active=  0.00%  msgs=0           0 ns/msg
  AGGREGATE active = 0.00% (of 8 dir-threads; 0.00% per-thread avg)  msgs=0
[CPU compute ] process=  2.50% of 80 cores   system=  2.51%   (window 2s)

----- REMOTE CPU LOAD (memory node dir-threads, 2s window) -----
  dir 0: active=  0.00%  msgs=0           0 ns/msg
  dir 1: active=  0.00%  msgs=0           0 ns/msg
  dir 2: active=  0.00%  msgs=0           0 ns/msg
  dir 3: active=  0.00%  msgs=0           0 ns/msg
  dir 4: active=  0.00%  msgs=0           0 ns/msg
  dir 5: active=  0.00%  msgs=0           0 ns/msg
  dir 6: active=  0.00%  msgs=0           0 ns/msg
  dir 7: active=  0.00%  msgs=0           0 ns/msg
  AGGREGATE active = 0.00% (of 8 dir-threads; 0.00% per-thread avg)  msgs=0
[CPU compute ] process=  2.50% of 80 cores   system=  3.64%   (window 2s)

----- REMOTE CPU LOAD (memory node dir-threads, 2s window) -----
  dir 0: active=  0.00%  msgs=0           0 ns/msg
  dir 1: active=  0.00%  msgs=0           0 ns/msg
  dir 2: active=  0.00%  msgs=0           0 ns/msg
  dir 3: active=  0.00%  msgs=0           0 ns/msg
  dir 4: active=  0.00%  msgs=0           0 ns/msg
  dir 5: active=  0.00%  msgs=0           0 ns/msg
  dir 6: active=  0.00%  msgs=0           0 ns/msg
  dir 7: active=  0.00%  msgs=0           0 ns/msg
  AGGREGATE active = 0.00% (of 8 dir-threads; 0.00% per-thread avg)  msgs=0
[CPU compute ] process=  2.50% of 80 cores   system=  3.36%   (window 2s)

----- REMOTE CPU LOAD (memory node dir-threads, 2s window) -----
  dir 0: active=  0.00%  msgs=0           0 ns/msg
  dir 1: active=  0.00%  msgs=0           0 ns/msg
  dir 2: active=  0.00%  msgs=0           0 ns/msg
  dir 3: active=  0.00%  msgs=0           0 ns/msg
  dir 4: active=  0.00%  msgs=0           0 ns/msg
  dir 5: active=  0.00%  msgs=0           0 ns/msg
  dir 6: active=  0.00%  msgs=0           0 ns/msg
  dir 7: active=  0.00%  msgs=0           0 ns/msg
  AGGREGATE active = 0.00% (of 8 dir-threads; 0.00% per-thread avg)  msgs=0
[CPU compute ] process=  2.50% of 80 cores   system=  2.52%   (window 2s)

----- REMOTE CPU LOAD (memory node dir-threads, 2s window) -----
  dir 0: active=  0.00%  msgs=0           0 ns/msg
  dir 1: active=  0.00%  msgs=0           0 ns/msg
  dir 2: active=  0.00%  msgs=0           0 ns/msg
  dir 3: active=  0.00%  msgs=0           0 ns/msg
  dir 4: active=  0.00%  msgs=0           0 ns/msg
  dir 5: active=  0.00%  msgs=0           0 ns/msg
  dir 6: active=  0.00%  msgs=0           0 ns/msg
  dir 7: active=  0.00%  msgs=0           0 ns/msg
  AGGREGATE active = 0.00% (of 8 dir-threads; 0.00% per-thread avg)  msgs=0
[CPU compute ] process=  2.50% of 80 cores   system=  2.51%   (window 2s)

----- REMOTE CPU LOAD (memory node dir-threads, 2s window) -----
  dir 0: active=  0.00%  msgs=0           0 ns/msg
  dir 1: active=  0.00%  msgs=0           0 ns/msg
  dir 2: active=  0.00%  msgs=0           0 ns/msg
  dir 3: active=  0.00%  msgs=0           0 ns/msg
  dir 4: active=  0.00%  msgs=0           0 ns/msg
  dir 5: active=  0.00%  msgs=0           0 ns/msg
  dir 6: active=  0.00%  msgs=0           0 ns/msg
  dir 7: active=  0.00%  msgs=0           0 ns/msg
  AGGREGATE active = 0.00% (of 8 dir-threads; 0.00% per-thread avg)  msgs=0
Success: tree root pointer value [1, 469798912]
Height = 22
[CPU compute ] process=  2.50% of 80 cores   system=  2.51%   (window 2s)

----- REMOTE CPU LOAD (memory node dir-threads, 2s window) -----
  dir 0: active=  0.00%  msgs=0           0 ns/msg
  dir 1: active=  0.00%  msgs=0           0 ns/msg
  dir 2: active=  0.00%  msgs=0           0 ns/msg
  dir 3: active=  0.00%  msgs=0           0 ns/msg
  dir 4: active=  0.00%  msgs=0           0 ns/msg
  dir 5: active=  0.00%  msgs=0           0 ns/msg
  dir 6: active=  0.00%  msgs=0           0 ns/msg
  dir 7: active=  0.00%  msgs=0           0 ns/msg
  AGGREGATE active = 0.00% (of 8 dir-threads; 0.00% per-thread avg)  msgs=0
[CPU compute ] process=  2.50% of 80 cores   system=  2.52%   (window 2s)

----- REMOTE CPU LOAD (memory node dir-threads, 2s window) -----
  dir 0: active=  0.00%  msgs=0           0 ns/msg
  dir 1: active=  0.00%  msgs=0           0 ns/msg
  dir 2: active=  0.00%  msgs=0           0 ns/msg
  dir 3: active=  0.00%  msgs=0           0 ns/msg
  dir 4: active=  0.00%  msgs=0           0 ns/msg
  dir 5: active=  0.00%  msgs=0           0 ns/msg
  dir 6: active=  0.00%  msgs=0           0 ns/msg
  dir 7: active=  0.00%  msgs=0           0 ns/msg
  AGGREGATE active = 0.00% (of 8 dir-threads; 0.00% per-thread avg)  msgs=0
[CPU compute ] process=  2.50% of 80 cores   system=  4.59%   (window 2s)

----- REMOTE CPU LOAD (memory node dir-threads, 2s window) -----
  dir 0: active=  0.00%  msgs=0           0 ns/msg
  dir 1: active=  0.00%  msgs=0           0 ns/msg
  dir 2: active=  0.00%  msgs=0           0 ns/msg
  dir 3: active=  0.00%  msgs=0           0 ns/msg
  dir 4: active=  0.00%  msgs=0           0 ns/msg
  dir 5: active=  0.00%  msgs=0           0 ns/msg
  dir 6: active=  0.00%  msgs=0           0 ns/msg
  dir 7: active=  0.00%  msgs=0           0 ns/msg
  AGGREGATE active = 0.00% (of 8 dir-threads; 0.00% per-thread avg)  msgs=0
[CPU compute ] process=  2.50% of 80 cores   system=  2.51%   (window 2s)

----- REMOTE CPU LOAD (memory node dir-threads, 2s window) -----
  dir 0: active=  0.00%  msgs=0           0 ns/msg
  dir 1: active=  0.00%  msgs=0           0 ns/msg
  dir 2: active=  0.00%  msgs=0           0 ns/msg
  dir 3: active=  0.00%  msgs=0           0 ns/msg
  dir 4: active=  0.00%  msgs=0           0 ns/msg
  dir 5: active=  0.00%  msgs=0           0 ns/msg
  dir 6: active=  0.00%  msgs=0           0 ns/msg
  dir 7: active=  0.00%  msgs=0           0 ns/msg
  AGGREGATE active = 0.00% (of 8 dir-threads; 0.00% per-thread avg)  msgs=0
[CPU compute ] process=  2.50% of 80 cores   system=  2.51%   (window 2s)

----- REMOTE CPU LOAD (memory node dir-threads, 2s window) -----
  dir 0: active=  0.00%  msgs=0           0 ns/msg
  dir 1: active=  0.00%  msgs=0           0 ns/msg
  dir 2: active=  0.00%  msgs=0           0 ns/msg
  dir 3: active=  0.00%  msgs=0           0 ns/msg
  dir 4: active=  0.00%  msgs=0           0 ns/msg
  dir 5: active=  0.00%  msgs=0           0 ns/msg
  dir 6: active=  0.00%  msgs=0           0 ns/msg
  dir 7: active=  0.00%  msgs=0           0 ns/msg
  AGGREGATE active = 0.00% (of 8 dir-threads; 0.00% per-thread avg)  msgs=0
[CPU compute ] process=  2.50% of 80 cores   system=  2.52%   (window 2s)

----- REMOTE CPU LOAD (memory node dir-threads, 2s window) -----
  dir 0: active=  0.00%  msgs=0           0 ns/msg
  dir 1: active=  0.00%  msgs=0           0 ns/msg
  dir 2: active=  0.00%  msgs=0           0 ns/msg
  dir 3: active=  0.00%  msgs=0           0 ns/msg
  dir 4: active=  0.00%  msgs=0           0 ns/msg
  dir 5: active=  0.00%  msgs=0           0 ns/msg
  dir 6: active=  0.00%  msgs=0           0 ns/msg
  dir 7: active=  0.00%  msgs=0           0 ns/msg
  AGGREGATE active = 0.00% (of 8 dir-threads; 0.00% per-thread avg)  msgs=0
#leaf nodes = 3846153
leaf size(MB) = 1878
#inner nodes = 3846104
inner size(MB) = 1877.98
Tree height = 22
Cache capacity = 2097152
max. leaf entries = 26
max. inner entries = 5
Inner page size = 160
Leaf page size = 512
node 0 finish its bulkload
[CPU compute ] process=  2.50% of 80 cores   system=  2.52%   (window 2s)

----- REMOTE CPU LOAD (memory node dir-threads, 2s window) -----
  dir 0: active=  0.00%  msgs=0           0 ns/msg
  dir 1: active=  0.00%  msgs=0           0 ns/msg
  dir 2: active=  0.00%  msgs=0           0 ns/msg
  dir 3: active=  0.00%  msgs=0           0 ns/msg
  dir 4: active=  0.00%  msgs=0           0 ns/msg
  dir 5: active=  0.00%  msgs=0           0 ns/msg
  dir 6: active=  0.00%  msgs=0           0 ns/msg
  dir 7: active=  0.00%  msgs=0           0 ns/msg
  AGGREGATE active = 0.00% (of 8 dir-threads; 0.00% per-thread avg)  msgs=0
[CPU compute ] process=  2.50% of 80 cores   system=  4.50%   (window 2s)

----- REMOTE CPU LOAD (memory node dir-threads, 2s window) -----
  dir 0: active=  0.00%  msgs=0           0 ns/msg
  dir 1: active=  0.00%  msgs=0           0 ns/msg
  dir 2: active=  0.00%  msgs=0           0 ns/msg
  dir 3: active=  0.00%  msgs=0           0 ns/msg
  dir 4: active=  0.00%  msgs=0           0 ns/msg
  dir 5: active=  0.00%  msgs=0           0 ns/msg
  dir 6: active=  0.00%  msgs=0           0 ns/msg
  dir 7: active=  0.00%  msgs=0           0 ns/msg
  AGGREGATE active = 0.00% (of 8 dir-threads; 0.00% per-thread avg)  msgs=0
IMPORTANT: my root is 30788741496833
0 is ready for the benchmark
I am 0
Fetched new height = 22
I am 5
I am 3
I am 4
I am 1
I am 2
I am 32
I am 7
I am 19
I am 11
I am 24
I am 35
I am 14
I am 34
I am 13
I am 8
I am 17
I am 20
I am 26
I am 28
I am 18
I am 6
I am 10
I am 21
I am 16
I am 12
I am 23
I am 15
I am 25
I am 29
I am 30
I am 31
I am 33
I am 22
I am 27
I am 9
[CPU compute ] process=  8.15% of 80 cores   system=  8.18%   (window 2s)

----- REMOTE CPU LOAD (memory node dir-threads, 2s window) -----
  dir 0: active=  0.00%  msgs=0           0 ns/msg
  dir 1: active=  0.00%  msgs=0           0 ns/msg
  dir 2: active=  0.00%  msgs=0           0 ns/msg
  dir 3: active=  0.00%  msgs=0           0 ns/msg
  dir 4: active=  0.00%  msgs=0           0 ns/msg
  dir 5: active=  0.00%  msgs=0           0 ns/msg
  dir 6: active=  0.00%  msgs=0           0 ns/msg
  dir 7: active=  0.00%  msgs=0           0 ns/msg
  AGGREGATE active = 0.00% (of 8 dir-threads; 0.00% per-thread avg)  msgs=0
entering dynamic phase
[CPU compute ] process= 46.25% of 80 cores   system= 46.28%   (window 2s)

----- REMOTE CPU LOAD (memory node dir-threads, 2s window) -----
  dir 0: active=  0.00%  msgs=0           0 ns/msg
  dir 1: active=  0.00%  msgs=0           0 ns/msg
  dir 2: active=  0.00%  msgs=0           0 ns/msg
  dir 3: active=  0.00%  msgs=0           0 ns/msg
  dir 4: active=  0.00%  msgs=0           0 ns/msg
  dir 5: active=  0.00%  msgs=0           0 ns/msg
  dir 6: active=  0.00%  msgs=0           0 ns/msg
  dir 7: active=  0.00%  msgs=0           0 ns/msg
  AGGREGATE active = 0.00% (of 8 dir-threads; 0.00% per-thread avg)  msgs=0
[CPU compute ] process= 46.25% of 80 cores   system= 46.29%   (window 2s)

----- REMOTE CPU LOAD (memory node dir-threads, 2s window) -----
  dir 0: active=  0.00%  msgs=0           0 ns/msg
  dir 1: active=  0.00%  msgs=0           0 ns/msg
  dir 2: active=  0.00%  msgs=0           0 ns/msg
  dir 3: active=  0.00%  msgs=0           0 ns/msg
  dir 4: active=  0.00%  msgs=0           0 ns/msg
  dir 5: active=  0.00%  msgs=0           0 ns/msg
  dir 6: active=  0.00%  msgs=0           0 ns/msg
  dir 7: active=  0.00%  msgs=0           0 ns/msg
  AGGREGATE active = 0.00% (of 8 dir-threads; 0.00% per-thread avg)  msgs=0
[CPU compute ] process= 46.25% of 80 cores   system= 46.27%   (window 2s)

----- REMOTE CPU LOAD (memory node dir-threads, 2s window) -----
  dir 0: active=  0.00%  msgs=0           0 ns/msg
  dir 1: active=  0.00%  msgs=0           0 ns/msg
  dir 2: active=  0.00%  msgs=0           0 ns/msg
  dir 3: active=  0.00%  msgs=0           0 ns/msg
  dir 4: active=  0.00%  msgs=0           0 ns/msg
  dir 5: active=  0.00%  msgs=0           0 ns/msg
  dir 6: active=  0.00%  msgs=0           0 ns/msg
  dir 7: active=  0.00%  msgs=0           0 ns/msg
  AGGREGATE active = 0.00% (of 8 dir-threads; 0.00% per-thread avg)  msgs=0
[CPU compute ] process= 46.25% of 80 cores   system= 47.43%   (window 2s)

----- REMOTE CPU LOAD (memory node dir-threads, 2s window) -----
  dir 0: active=  0.00%  msgs=0           0 ns/msg
  dir 1: active=  0.00%  msgs=0           0 ns/msg
  dir 2: active=  0.00%  msgs=0           0 ns/msg
  dir 3: active=  0.00%  msgs=0           0 ns/msg
  dir 4: active=  0.00%  msgs=0           0 ns/msg
  dir 5: active=  0.00%  msgs=0           0 ns/msg
  dir 6: active=  0.00%  msgs=0           0 ns/msg
  dir 7: active=  0.00%  msgs=0           0 ns/msg
  AGGREGATE active = 0.00% (of 8 dir-threads; 0.00% per-thread avg)  msgs=0
[CPU compute ] process= 46.24% of 80 cores   system= 46.28%   (window 2s)

----- REMOTE CPU LOAD (memory node dir-threads, 2s window) -----
  dir 0: active=  0.00%  msgs=0           0 ns/msg
  dir 1: active=  0.00%  msgs=0           0 ns/msg
  dir 2: active=  0.00%  msgs=0           0 ns/msg
  dir 3: active=  0.00%  msgs=0           0 ns/msg
  dir 4: active=  0.00%  msgs=0           0 ns/msg
  dir 5: active=  0.00%  msgs=0           0 ns/msg
  dir 6: active=  0.00%  msgs=0           0 ns/msg
  dir 7: active=  0.00%  msgs=0           0 ns/msg
  AGGREGATE active = 0.00% (of 8 dir-threads; 0.00% per-thread avg)  msgs=0
[CPU compute ] process= 46.25% of 80 cores   system= 46.28%   (window 2s)

----- REMOTE CPU LOAD (memory node dir-threads, 2s window) -----
  dir 0: active=  0.00%  msgs=0           0 ns/msg
  dir 1: active=  0.00%  msgs=0           0 ns/msg
  dir 2: active=  0.00%  msgs=0           0 ns/msg
  dir 3: active=  0.00%  msgs=0           0 ns/msg
  dir 4: active=  0.00%  msgs=0           0 ns/msg
  dir 5: active=  0.00%  msgs=0           0 ns/msg
  dir 6: active=  0.00%  msgs=0           0 ns/msg
  dir 7: active=  0.00%  msgs=0           0 ns/msg
  AGGREGATE active = 0.00% (of 8 dir-threads; 0.00% per-thread avg)  msgs=0
Thread_op_num = 833333
node 0 finish warmup
[CPU compute ] process= 46.25% of 80 cores   system= 46.27%   (window 2s)

----- REMOTE CPU LOAD (memory node dir-threads, 2s window) -----
  dir 0: active=  0.00%  msgs=0           0 ns/msg
  dir 1: active=  0.00%  msgs=0           0 ns/msg
  dir 2: active=  0.00%  msgs=0           0 ns/msg
  dir 3: active=  0.00%  msgs=0           0 ns/msg
  dir 4: active=  0.00%  msgs=0           0 ns/msg
  dir 5: active=  0.00%  msgs=0           0 ns/msg
  dir 6: active=  0.00%  msgs=0           0 ns/msg
  dir 7: active=  0.00%  msgs=0           0 ns/msg
  AGGREGATE active = 0.00% (of 8 dir-threads; 0.00% per-thread avg)  msgs=0
Start collecting the statistic
[CPU compute ] process= 46.24% of 80 cores   system= 46.27%   (window 2s)

----- REMOTE CPU LOAD (memory node dir-threads, 2s window) -----
  dir 0: active=  0.00%  msgs=0           0 ns/msg
  dir 1: active=  0.00%  msgs=0           0 ns/msg
  dir 2: active=  0.00%  msgs=0           0 ns/msg
  dir 3: active=  0.00%  msgs=0           0 ns/msg
  dir 4: active=  0.00%  msgs=0           0 ns/msg
  dir 5: active=  0.00%  msgs=0           0 ns/msg
  dir 6: active=  0.00%  msgs=0           0 ns/msg
  dir 7: active=  0.00%  msgs=0           0 ns/msg
  AGGREGATE active = 0.00% (of 8 dir-threads; 0.00% per-thread avg)  msgs=0
0, throughput 1.8810
cluster throughput 1.880
[CPU compute ] process= 46.24% of 80 cores   system= 47.37%   (window 2s)

----- REMOTE CPU LOAD (memory node dir-threads, 2s window) -----
  dir 0: active=  0.00%  msgs=0           0 ns/msg
  dir 1: active=  0.00%  msgs=0           0 ns/msg
  dir 2: active=  0.00%  msgs=0           0 ns/msg
  dir 3: active=  0.00%  msgs=0           0 ns/msg
  dir 4: active=  0.00%  msgs=0           0 ns/msg
  dir 5: active=  0.00%  msgs=0           0 ns/msg
  dir 6: active=  0.00%  msgs=0           0 ns/msg
  dir 7: active=  0.00%  msgs=0           0 ns/msg
  AGGREGATE active = 0.00% (of 8 dir-threads; 0.00% per-thread avg)  msgs=0
0, throughput 1.9272
cluster throughput 1.927
[CPU compute ] process= 46.24% of 80 cores   system= 46.28%   (window 2s)

----- REMOTE CPU LOAD (memory node dir-threads, 2s window) -----
  dir 0: active=  0.00%  msgs=0           0 ns/msg
  dir 1: active=  0.00%  msgs=0           0 ns/msg
  dir 2: active=  0.00%  msgs=0           0 ns/msg
  dir 3: active=  0.00%  msgs=0           0 ns/msg
  dir 4: active=  0.00%  msgs=0           0 ns/msg
  dir 5: active=  0.00%  msgs=0           0 ns/msg
  dir 6: active=  0.00%  msgs=0           0 ns/msg
  dir 7: active=  0.00%  msgs=0           0 ns/msg
  AGGREGATE active = 0.00% (of 8 dir-threads; 0.00% per-thread avg)  msgs=0
0, throughput 1.9396
cluster throughput 1.939
[CPU compute ] process= 46.27% of 80 cores   system= 46.29%   (window 2s)

----- REMOTE CPU LOAD (memory node dir-threads, 2s window) -----
  dir 0: active=  0.00%  msgs=0           0 ns/msg
  dir 1: active=  0.00%  msgs=0           0 ns/msg
  dir 2: active=  0.00%  msgs=0           0 ns/msg
  dir 3: active=  0.00%  msgs=0           0 ns/msg
  dir 4: active=  0.00%  msgs=0           0 ns/msg
  dir 5: active=  0.00%  msgs=0           0 ns/msg
  dir 6: active=  0.00%  msgs=0           0 ns/msg
  dir 7: active=  0.00%  msgs=0           0 ns/msg
  AGGREGATE active = 0.00% (of 8 dir-threads; 0.00% per-thread avg)  msgs=0
0, throughput 1.9397
cluster throughput 1.939
[CPU compute ] process= 46.24% of 80 cores   system= 46.28%   (window 2s)

----- REMOTE CPU LOAD (memory node dir-threads, 2s window) -----
  dir 0: active=  0.00%  msgs=0           0 ns/msg
  dir 1: active=  0.00%  msgs=0           0 ns/msg
  dir 2: active=  0.00%  msgs=0           0 ns/msg
  dir 3: active=  0.00%  msgs=0           0 ns/msg
  dir 4: active=  0.00%  msgs=0           0 ns/msg
  dir 5: active=  0.00%  msgs=0           0 ns/msg
  dir 6: active=  0.00%  msgs=0           0 ns/msg
  dir 7: active=  0.00%  msgs=0           0 ns/msg
  AGGREGATE active = 0.00% (of 8 dir-threads; 0.00% per-thread avg)  msgs=0
0, throughput 1.9363
cluster throughput 1.936
[CPU compute ] process= 46.24% of 80 cores   system= 46.27%   (window 2s)

----- REMOTE CPU LOAD (memory node dir-threads, 2s window) -----
  dir 0: active=  0.00%  msgs=0           0 ns/msg
  dir 1: active=  0.00%  msgs=0           0 ns/msg
  dir 2: active=  0.00%  msgs=0           0 ns/msg
  dir 3: active=  0.00%  msgs=0           0 ns/msg
  dir 4: active=  0.00%  msgs=0           0 ns/msg
  dir 5: active=  0.00%  msgs=0           0 ns/msg
  dir 6: active=  0.00%  msgs=0           0 ns/msg
  dir 7: active=  0.00%  msgs=0           0 ns/msg
  AGGREGATE active = 0.00% (of 8 dir-threads; 0.00% per-thread avg)  msgs=0
0, throughput 1.9326
cluster throughput 1.932
[CPU compute ] process= 46.27% of 80 cores   system= 47.51%   (window 2s)

----- REMOTE CPU LOAD (memory node dir-threads, 2s window) -----
  dir 0: active=  0.00%  msgs=0           0 ns/msg
  dir 1: active=  0.00%  msgs=0           0 ns/msg
  dir 2: active=  0.00%  msgs=0           0 ns/msg
  dir 3: active=  0.00%  msgs=0           0 ns/msg
  dir 4: active=  0.00%  msgs=0           0 ns/msg
  dir 5: active=  0.00%  msgs=0           0 ns/msg
  dir 6: active=  0.00%  msgs=0           0 ns/msg
  dir 7: active=  0.00%  msgs=0           0 ns/msg
  AGGREGATE active = 0.00% (of 8 dir-threads; 0.00% per-thread avg)  msgs=0
0, throughput 1.9390
cluster throughput 1.938
[CPU compute ] process= 46.24% of 80 cores   system= 46.27%   (window 2s)

----- REMOTE CPU LOAD (memory node dir-threads, 2s window) -----
  dir 0: active=  0.00%  msgs=0           0 ns/msg
  dir 1: active=  0.00%  msgs=0           0 ns/msg
  dir 2: active=  0.00%  msgs=0           0 ns/msg
  dir 3: active=  0.00%  msgs=0           0 ns/msg
  dir 4: active=  0.00%  msgs=0           0 ns/msg
  dir 5: active=  0.00%  msgs=0           0 ns/msg
  dir 6: active=  0.00%  msgs=0           0 ns/msg
  dir 7: active=  0.00%  msgs=0           0 ns/msg
  AGGREGATE active = 0.00% (of 8 dir-threads; 0.00% per-thread avg)  msgs=0
0, throughput 1.3052
cluster throughput 1.305
[CPU compute ] process= 25.67% of 80 cores   system= 25.69%   (window 2s)

----- REMOTE CPU LOAD (memory node dir-threads, 2s window) -----
  dir 0: active=  0.00%  msgs=0           0 ns/msg
  dir 1: active=  0.00%  msgs=0           0 ns/msg
  dir 2: active=  0.00%  msgs=0           0 ns/msg
  dir 3: active=  0.00%  msgs=0           0 ns/msg
  dir 4: active=  0.00%  msgs=0           0 ns/msg
  dir 5: active=  0.00%  msgs=0           0 ns/msg
  dir 6: active=  0.00%  msgs=0           0 ns/msg
  dir 7: active=  0.00%  msgs=0           0 ns/msg
  AGGREGATE active = 0.00% (of 8 dir-threads; 0.00% per-thread avg)  msgs=0
0, throughput 0.0000
cluster throughput 0.000
The time duration = 18 seconds
[CPU compute ] process=  1.25% of 80 cores   system=  1.28%   (window 2s)

----- REMOTE CPU LOAD (memory node dir-threads, 2s window) -----
  dir 0: active=  0.00%  msgs=0           0 ns/msg
  dir 1: active=  0.00%  msgs=0           0 ns/msg
  dir 2: active=  0.00%  msgs=0           0 ns/msg
  dir 3: active=  0.00%  msgs=0           0 ns/msg
  dir 4: active=  0.00%  msgs=0           0 ns/msg
  dir 5: active=  0.00%  msgs=0           0 ns/msg
  dir 6: active=  0.00%  msgs=0           0 ns/msg
  dir 7: active=  0.00%  msgs=0           0 ns/msg
  AGGREGATE active = 0.00% (of 8 dir-threads; 0.00% per-thread avg)  msgs=0

==================== LATENCY BUCKETS (500 ns) [node 0] ====================
[RANGE]
  ALL                n=29603847   mean=   18.61us  p50=  18.50us  p90=  25.00us  p99=  30.50us  p99.9=  34.50us  max>=906.50us
  LOCAL (cache hit)         (no samples)
  REMOTE (miss/rpc)  n=29603847   mean=   18.61us  p50=  18.50us  p90=  25.00us  p99=  30.50us  p99.9=  34.50us  max>=906.50us
[ALL OPS]
  ALL                n=29603847   mean=   18.61us  p50=  18.50us  p90=  25.00us  p99=  30.50us  p99.9=  34.50us  max>=906.50us
  LOCAL (cache hit)         (no samples)
  REMOTE (miss/rpc)  n=29603847   mean=   18.61us  p50=  18.50us  p90=  25.00us  p99=  30.50us  p99.9=  34.50us  max>=906.50us

----- 500 ns bucket CDF (all ops) [node 0] -----
  bucket [lo,hi) ns             count        pct       cdf
  [     8000,     8500)           10    0.0000%   0.0000%
  [     8500,     9000)           79    0.0003%   0.0003%
  [     9000,     9500)          803    0.0027%   0.0030%
  [     9500,    10000)         7021    0.0237%   0.0267%
  [    10000,    10500)        41906    0.1416%   0.1683%
  [    10500,    11000)       161859    0.5467%   0.7150%
  [    11000,    11500)       436863    1.4757%   2.1907%
  [    11500,    12000)       836927    2.8271%   5.0178%
  [    12000,    12500)      1174838    3.9685%   8.9864%
  [    12500,    13000)      1271798    4.2961%  13.2824%
  [    13000,    13500)      1147825    3.8773%  17.1597%
  [    13500,    14000)       953353    3.2204%  20.3801%
  [    14000,    14500)       787669    2.6607%  23.0408%
  [    14500,    15000)       728160    2.4597%  25.5004%
  [    15000,    15500)       788855    2.6647%  28.1651%
  [    15500,    16000)       932849    3.1511%  31.3163%
  [    16000,    16500)      1072818    3.6239%  34.9402%
  [    16500,    17000)      1199753    4.0527%  38.9929%
  [    17000,    17500)      1292248    4.3651%  43.3580%
  [    17500,    18000)      1330446    4.4942%  47.8522%
  [    18000,    18500)      1269398    4.2879%  52.1401%
  [    18500,    19000)      1133935    3.8304%  55.9705%
  [    19000,    19500)       982117    3.3175%  59.2880%
  [    19500,    20000)       884683    2.9884%  62.2764%
  [    20000,    20500)       877026    2.9625%  65.2390%
  [    20500,    21000)       945974    3.1954%  68.4344%
  [    21000,    21500)      1038317    3.5074%  71.9418%
  [    21500,    22000)      1082195    3.6556%  75.5974%
  [    22000,    22500)      1068020    3.6077%  79.2051%
  [    22500,    23000)       980100    3.3107%  82.5158%
  [    23000,    23500)       851449    2.8761%  85.3919%
  [    23500,    24000)       692826    2.3403%  87.7322%
  [    24000,    24500)       573365    1.9368%  89.6690%
  [    24500,    25000)       471630    1.5931%  91.2622%
  [    25000,    25500)       393593    1.3295%  92.5917%
  [    25500,    26000)       334277    1.1292%  93.7209%
  [    26000,    26500)       297585    1.0052%  94.7261%
  [    26500,    27000)       268177    0.9059%  95.6320%
  [    27000,    27500)       240453    0.8122%  96.4442%
  [    27500,    28000)       210860    0.7123%  97.1565%
  [    28000,    28500)       178573    0.6032%  97.7597%
  [    28500,    29000)       147360    0.4978%  98.2575%
  [    29000,    29500)       117472    0.3968%  98.6543%
  [    29500,    30000)        92486    0.3124%  98.9667%
  [    30000,    30500)        70968    0.2397%  99.2064%
  [    30500,    31000)        55185    0.1864%  99.3928%
  [    31000,    31500)        43251    0.1461%  99.5389%
  [    31500,    32000)        32627    0.1102%  99.6492%
  [    32000,    32500)        25055    0.0846%  99.7338%
  [    32500,    33000)        19107    0.0645%  99.7983%
  [    33000,    33500)        14637    0.0494%  99.8478%
  [    33500,    34000)        11105    0.0375%  99.8853%
  [    34000,    34500)         8449    0.0285%  99.9138%
  [    34500,    35000)         6163    0.0208%  99.9346%
  [    35000,    35500)         4521    0.0153%  99.9499%
  [    35500,    36000)         3428    0.0116%  99.9615%
  [    36000,    36500)         2494    0.0084%  99.9699%
  [    36500,    37000)         1856    0.0063%  99.9762%
  [    37000,    37500)         1318    0.0045%  99.9806%
  [    37500,    38000)         1013    0.0034%  99.9841%
  [    38000,    38500)          710    0.0024%  99.9865%
  [    38500,    39000)          530    0.0018%  99.9882%
  [    39000,    39500)          450    0.0015%  99.9898%
  [    39500,    40000)          315    0.0011%  99.9908%
  [    40000,    40500)          262    0.0009%  99.9917%
  [    40500,    41000)          192    0.0006%  99.9924%
  [    41000,    41500)          137    0.0005%  99.9928%
  [    41500,    42000)          133    0.0004%  99.9933%
  [    42000,    42500)           99    0.0003%  99.9936%
  [    42500,    43000)          104    0.0004%  99.9940%
  [    43000,    43500)           69    0.0002%  99.9942%
  [    43500,    44000)           64    0.0002%  99.9944%
  [    44000,    44500)           47    0.0002%  99.9946%
  [    44500,    45000)           46    0.0002%  99.9947%
  [    45000,    45500)           60    0.0002%  99.9949%
  [    45500,    46000)           42    0.0001%  99.9951%
  [    46000,    46500)           47    0.0002%  99.9952%
  [    46500,    47000)           38    0.0001%  99.9954%
  [    47000,    47500)           39    0.0001%  99.9955%
  [    47500,    48000)           25    0.0001%  99.9956%
  [    48000,    48500)           32    0.0001%  99.9957%
  [    48500,    49000)           37    0.0001%  99.9958%
  [    49000,    49500)           25    0.0001%  99.9959%
  [    49500,    50000)           30    0.0001%  99.9960%
  [    50000,    50500)           29    0.0001%  99.9961%
  [    50500,    51000)           26    0.0001%  99.9962%
  [    51000,    51500)           27    0.0001%  99.9963%
  [    51500,    52000)           16    0.0001%  99.9963%
  [    52000,    52500)           18    0.0001%  99.9964%
  [    52500,    53000)           19    0.0001%  99.9964%
  [    53000,    53500)           20    0.0001%  99.9965%
  [    53500,    54000)            9    0.0000%  99.9965%
  [    54000,    54500)           16    0.0001%  99.9966%
  [    54500,    55000)           18    0.0001%  99.9967%
  [    55000,    55500)           20    0.0001%  99.9967%
  [    55500,    56000)           19    0.0001%  99.9968%
  [    56000,    56500)           17    0.0001%  99.9969%
  [    56500,    57000)           19    0.0001%  99.9969%
  [    57000,    57500)            7    0.0000%  99.9969%
  [    57500,    58000)           11    0.0000%  99.9970%
  [    58000,    58500)           10    0.0000%  99.9970%
  [    58500,    59000)           15    0.0001%  99.9971%
  [    59000,    59500)           15    0.0001%  99.9971%
  [    59500,    60000)           14    0.0000%  99.9972%
  [    60000,    60500)            8    0.0000%  99.9972%
  [    60500,    61000)           11    0.0000%  99.9972%
  [    61000,    61500)            4    0.0000%  99.9972%
  [    61500,    62000)           12    0.0000%  99.9973%
  [    62000,    62500)           13    0.0000%  99.9973%
  [    62500,    63000)            4    0.0000%  99.9973%
  [    63000,    63500)           12    0.0000%  99.9974%
  [    63500,    64000)            7    0.0000%  99.9974%
  [    64000,    64500)           16    0.0001%  99.9975%
  [    64500,    65000)            8    0.0000%  99.9975%
  [    65000,    65500)            4    0.0000%  99.9975%
  [    65500,    66000)            4    0.0000%  99.9975%
  [    66000,    66500)            8    0.0000%  99.9975%
  [    66500,    67000)           10    0.0000%  99.9976%
  [    67000,    67500)            5    0.0000%  99.9976%
  [    67500,    68000)            7    0.0000%  99.9976%
  [    68000,    68500)            2    0.0000%  99.9976%
  [    68500,    69000)           12    0.0000%  99.9977%
  [    69000,    69500)           10    0.0000%  99.9977%
  [    69500,    70000)            6    0.0000%  99.9977%
  [    70000,    70500)            6    0.0000%  99.9977%
  [    70500,    71000)            6    0.0000%  99.9978%
  [    71000,    71500)            7    0.0000%  99.9978%
  [    71500,    72000)            4    0.0000%  99.9978%
  [    72000,    72500)            6    0.0000%  99.9978%
  [    72500,    73000)            5    0.0000%  99.9978%
  [    73000,    73500)            5    0.0000%  99.9978%
  [    73500,    74000)            2    0.0000%  99.9978%
  [    74000,    74500)            2    0.0000%  99.9979%
  [    74500,    75000)            4    0.0000%  99.9979%
  [    75000,    75500)            6    0.0000%  99.9979%
  [    75500,    76000)            6    0.0000%  99.9979%
  [    76000,    76500)            2    0.0000%  99.9979%
  [    76500,    77000)            2    0.0000%  99.9979%
  [    77000,    77500)            4    0.0000%  99.9979%
  [    77500,    78000)            5    0.0000%  99.9980%
  [    78000,    78500)            3    0.0000%  99.9980%
  [    78500,    79000)            5    0.0000%  99.9980%
  [    79000,    79500)            3    0.0000%  99.9980%
  [    79500,    80000)            6    0.0000%  99.9980%
  [    80000,    80500)            3    0.0000%  99.9980%
  [    80500,    81000)            1    0.0000%  99.9980%
  [    81000,    81500)            5    0.0000%  99.9980%
  [    81500,    82000)            4    0.0000%  99.9981%
  [    82000,    82500)            4    0.0000%  99.9981%
  [    82500,    83000)            4    0.0000%  99.9981%
  [    83000,    83500)            4    0.0000%  99.9981%
  [    83500,    84000)            4    0.0000%  99.9981%
  [    84000,    84500)            5    0.0000%  99.9981%
  [    84500,    85000)            1    0.0000%  99.9981%
  [    85000,    85500)            3    0.0000%  99.9981%
  [    85500,    86000)            5    0.0000%  99.9982%
  [    86000,    86500)            2    0.0000%  99.9982%
  [    86500,    87000)            3    0.0000%  99.9982%
  [    87000,    87500)            3    0.0000%  99.9982%
  [    87500,    88000)            2    0.0000%  99.9982%
  [    88000,    88500)            1    0.0000%  99.9982%
  [    88500,    89000)            2    0.0000%  99.9982%
  [    89500,    90000)            3    0.0000%  99.9982%
  [    90000,    90500)            3    0.0000%  99.9982%
  [    91000,    91500)            2    0.0000%  99.9982%
  [    91500,    92000)            4    0.0000%  99.9982%
  [    92000,    92500)            1    0.0000%  99.9982%
  [    93000,    93500)            1    0.0000%  99.9982%
  [    93500,    94000)            4    0.0000%  99.9983%
  [    94000,    94500)            5    0.0000%  99.9983%
  [    94500,    95000)            2    0.0000%  99.9983%
  [    95500,    96000)            4    0.0000%  99.9983%
  [    96000,    96500)            6    0.0000%  99.9983%
  [    96500,    97000)            6    0.0000%  99.9983%
  [    97000,    97500)            3    0.0000%  99.9983%
  [    97500,    98000)            3    0.0000%  99.9984%
  [    98000,    98500)            3    0.0000%  99.9984%
  [    98500,    99000)            4    0.0000%  99.9984%
  [    99000,    99500)            1    0.0000%  99.9984%
  [    99500,   100000)            3    0.0000%  99.9984%
  [   100000,   100500)            3    0.0000%  99.9984%
  [   101000,   101500)            2    0.0000%  99.9984%
  [   101500,   102000)            2    0.0000%  99.9984%
  [   102000,   102500)            8    0.0000%  99.9984%
  [   102500,   103000)            4    0.0000%  99.9985%
  [   103000,   103500)            2    0.0000%  99.9985%
  [   103500,   104000)            3    0.0000%  99.9985%
  [   104000,   104500)            3    0.0000%  99.9985%
  [   104500,   105000)            1    0.0000%  99.9985%
  [   105000,   105500)            4    0.0000%  99.9985%
  [   105500,   106000)            3    0.0000%  99.9985%
  [   106000,   106500)            6    0.0000%  99.9985%
  [   107000,   107500)            3    0.0000%  99.9985%
  [   107500,   108000)            2    0.0000%  99.9986%
  [   108000,   108500)            2    0.0000%  99.9986%
  [   108500,   109000)            5    0.0000%  99.9986%
  [   109000,   109500)            2    0.0000%  99.9986%
  [   109500,   110000)            4    0.0000%  99.9986%
  [   110000,   110500)            1    0.0000%  99.9986%
  [   110500,   111000)            3    0.0000%  99.9986%
  [   111000,   111500)            7    0.0000%  99.9986%
  [   111500,   112000)            4    0.0000%  99.9986%
  [   112000,   112500)            4    0.0000%  99.9987%
  [   112500,   113000)            3    0.0000%  99.9987%
  [   113000,   113500)            7    0.0000%  99.9987%
  [   113500,   114000)            7    0.0000%  99.9987%
  [   114000,   114500)            3    0.0000%  99.9987%
  [   114500,   115000)            4    0.0000%  99.9987%
  [   115000,   115500)            4    0.0000%  99.9988%
  [   115500,   116000)            4    0.0000%  99.9988%
  [   116000,   116500)            5    0.0000%  99.9988%
  [   116500,   117000)           10    0.0000%  99.9988%
  [   117000,   117500)            5    0.0000%  99.9988%
  [   117500,   118000)            6    0.0000%  99.9989%
  [   118000,   118500)            6    0.0000%  99.9989%
  [   118500,   119000)            1    0.0000%  99.9989%
  [   119000,   119500)            3    0.0000%  99.9989%
  [   119500,   120000)            5    0.0000%  99.9989%
  [   120000,   120500)            3    0.0000%  99.9989%
  [   120500,   121000)           10    0.0000%  99.9989%
  [   121000,   121500)            3    0.0000%  99.9990%
  [   121500,   122000)            4    0.0000%  99.9990%
  [   122000,   122500)            8    0.0000%  99.9990%
  [   122500,   123000)            3    0.0000%  99.9990%
  [   123000,   123500)            5    0.0000%  99.9990%
  [   123500,   124000)            6    0.0000%  99.9990%
  [   124000,   124500)            7    0.0000%  99.9991%
  [   124500,   125000)            6    0.0000%  99.9991%
  [   125000,   125500)            7    0.0000%  99.9991%
  [   125500,   126000)            5    0.0000%  99.9991%
  [   126000,   126500)            4    0.0000%  99.9991%
  [   126500,   127000)            2    0.0000%  99.9992%
  [   127000,   127500)            4    0.0000%  99.9992%
  [   127500,   128000)            1    0.0000%  99.9992%
  [   128000,   128500)            9    0.0000%  99.9992%
  [   128500,   129000)            5    0.0000%  99.9992%
  [   129000,   129500)            4    0.0000%  99.9992%
  [   129500,   130000)            4    0.0000%  99.9992%
  [   130000,   130500)            3    0.0000%  99.9993%
  [   130500,   131000)            1    0.0000%  99.9993%
  [   131000,   131500)            2    0.0000%  99.9993%
  [   131500,   132000)            6    0.0000%  99.9993%
  [   132000,   132500)            3    0.0000%  99.9993%
  [   132500,   133000)            1    0.0000%  99.9993%
  [   133000,   133500)            1    0.0000%  99.9993%
  [   133500,   134000)            2    0.0000%  99.9993%
  [   134000,   134500)            2    0.0000%  99.9993%
  [   134500,   135000)            2    0.0000%  99.9993%
  [   135500,   136000)            1    0.0000%  99.9993%
  [   136000,   136500)            3    0.0000%  99.9993%
  [   137000,   137500)            3    0.0000%  99.9993%
  [   137500,   138000)            2    0.0000%  99.9994%
  [   138000,   138500)            3    0.0000%  99.9994%
  [   138500,   139000)            3    0.0000%  99.9994%
  [   139000,   139500)            2    0.0000%  99.9994%
  [   139500,   140000)            2    0.0000%  99.9994%
  [   140000,   140500)            4    0.0000%  99.9994%
  [   140500,   141000)            5    0.0000%  99.9994%
  [   141000,   141500)            3    0.0000%  99.9994%
  [   142000,   142500)            3    0.0000%  99.9994%
  [   142500,   143000)            4    0.0000%  99.9994%
  [   143000,   143500)            2    0.0000%  99.9995%
  [   143500,   144000)            3    0.0000%  99.9995%
  [   144000,   144500)            4    0.0000%  99.9995%
  [   144500,   145000)            1    0.0000%  99.9995%
  [   145000,   145500)            4    0.0000%  99.9995%
  [   145500,   146000)            3    0.0000%  99.9995%
  [   146000,   146500)            4    0.0000%  99.9995%
  [   146500,   147000)            2    0.0000%  99.9995%
  [   147000,   147500)            2    0.0000%  99.9995%
  [   147500,   148000)            1    0.0000%  99.9995%
  [   148000,   148500)            1    0.0000%  99.9995%
  [   148500,   149000)            2    0.0000%  99.9995%
  [   149000,   149500)            4    0.0000%  99.9996%
  [   149500,   150000)            1    0.0000%  99.9996%
  [   150000,   150500)            3    0.0000%  99.9996%
  [   150500,   151000)            1    0.0000%  99.9996%
  [   151000,   151500)            1    0.0000%  99.9996%
  [   152500,   153000)            2    0.0000%  99.9996%
  [   153000,   153500)            2    0.0000%  99.9996%
  [   153500,   154000)            2    0.0000%  99.9996%
  [   154000,   154500)            2    0.0000%  99.9996%
  [   154500,   155000)            2    0.0000%  99.9996%
  [   155500,   156000)            2    0.0000%  99.9996%
  [   156500,   157000)            4    0.0000%  99.9996%
  [   157000,   157500)            5    0.0000%  99.9997%
  [   157500,   158000)            3    0.0000%  99.9997%
  [   158500,   159000)            1    0.0000%  99.9997%
  [   159000,   159500)            2    0.0000%  99.9997%
  [   160000,   160500)            1    0.0000%  99.9997%
  [   160500,   161000)            2    0.0000%  99.9997%
  [   162000,   162500)            1    0.0000%  99.9997%
  [   164000,   164500)            1    0.0000%  99.9997%
  [   164500,   165000)            1    0.0000%  99.9997%
  [   165000,   165500)            1    0.0000%  99.9997%
  [   165500,   166000)            1    0.0000%  99.9997%
  [   166500,   167000)            1    0.0000%  99.9997%
  [   168500,   169000)            2    0.0000%  99.9997%
  [   169000,   169500)            1    0.0000%  99.9997%
  [   169500,   170000)            2    0.0000%  99.9997%
  [   170000,   170500)            1    0.0000%  99.9997%
  [   170500,   171000)            1    0.0000%  99.9997%
  [   171500,   172000)            1    0.0000%  99.9997%
  [   233500,   234000)            1    0.0000%  99.9997%
  [   234500,   235000)            1    0.0000%  99.9997%
  [   239000,   239500)            1    0.0000%  99.9997%
  [   241000,   241500)            1    0.0000%  99.9997%
  [   243000,   243500)            1    0.0000%  99.9997%
  [   243500,   244000)            1    0.0000%  99.9998%
  [   244000,   244500)            1    0.0000%  99.9998%
  [   244500,   245000)            1    0.0000%  99.9998%
  [   245500,   246000)            1    0.0000%  99.9998%
  [   248000,   248500)            1    0.0000%  99.9998%
  [   249000,   249500)            1    0.0000%  99.9998%
  [   249500,   250000)            1    0.0000%  99.9998%
  [   253500,   254000)            1    0.0000%  99.9998%
  [   254000,   254500)            1    0.0000%  99.9998%
  [   257500,   258000)            1    0.0000%  99.9998%
  [   259000,   259500)            2    0.0000%  99.9998%
  [   262500,   263000)            1    0.0000%  99.9998%
  [   263000,   263500)            1    0.0000%  99.9998%
  [   265500,   266000)            1    0.0000%  99.9998%
  [   266000,   266500)            1    0.0000%  99.9998%
  [   269000,   269500)            1    0.0000%  99.9998%
  [   270000,   270500)            1    0.0000%  99.9998%
  [   273500,   274000)            1    0.0000%  99.9998%
  [   275500,   276000)            1    0.0000%  99.9998%
  [   276000,   276500)            2    0.0000%  99.9998%
  [   278500,   279000)            1    0.0000%  99.9998%
  [   280500,   281000)            1    0.0000%  99.9998%
  [   285500,   286000)            4    0.0000%  99.9998%
  [   288000,   288500)            1    0.0000%  99.9998%
  [   290000,   290500)            1    0.0000%  99.9998%
  [   292000,   292500)            1    0.0000%  99.9999%
  [   292500,   293000)            2    0.0000%  99.9999%
  [   294000,   294500)            2    0.0000%  99.9999%
  [   298000,   298500)            1    0.0000%  99.9999%
  [   303500,   304000)            1    0.0000%  99.9999%
  [   307500,   308000)            1    0.0000%  99.9999%
  [   308500,   309000)            1    0.0000%  99.9999%
  [   830000,   830500)            1    0.0000%  99.9999%
  [   830500,   831000)            1    0.0000%  99.9999%
  [   832000,   832500)            1    0.0000%  99.9999%
  [   833000,   833500)            1    0.0000%  99.9999%
  [   835000,   835500)            1    0.0000%  99.9999%
  [   837500,   838000)            1    0.0000%  99.9999%
  [   839000,   839500)            1    0.0000%  99.9999%
  [   839500,   840000)            1    0.0000%  99.9999%
  [   841000,   841500)            2    0.0000%  99.9999%
  [   843000,   843500)            1    0.0000%  99.9999%
  [   845500,   846000)            1    0.0000%  99.9999%
  [   847500,   848000)            1    0.0000%  99.9999%
  [   850500,   851000)            1    0.0000%  99.9999%
  [   851000,   851500)            2    0.0000%  99.9999%
  [   851500,   852000)            1    0.0000%  99.9999%
  [   852000,   852500)            1    0.0000%  99.9999%
  [   853000,   853500)            1    0.0000%  99.9999%
  [   854000,   854500)            1    0.0000%  99.9999%
  [   855000,   855500)            1    0.0000%  99.9999%
  [   855500,   856000)            1    0.0000% 100.0000%
  [   858000,   858500)            1    0.0000% 100.0000%
  [   858500,   859000)            1    0.0000% 100.0000%
  [   859000,   859500)            1    0.0000% 100.0000%
  [   861000,   861500)            1    0.0000% 100.0000%
  [   861500,   862000)            1    0.0000% 100.0000%
  [   882000,   882500)            1    0.0000% 100.0000%
  [   884500,   885000)            2    0.0000% 100.0000%
  [   886000,   886500)            1    0.0000% 100.0000%
  [   890000,   890500)            1    0.0000% 100.0000%
  [   893500,   894000)            1    0.0000% 100.0000%
  [   894000,   894500)            1    0.0000% 100.0000%
  [   904000,   904500)            1    0.0000% 100.0000%
  [   906000,   906500)            1    0.0000% 100.0000%

----- REMOTE OPERATIONS [node 0] -----
  ops total                = 29603847
  ops local  (cache hit)   = 0 (0.00%)
  ops remote (>=1 net op)  = 29603847 (100.00%)
  remote ops total         = 92143408
    rdma read              = 62539561
    rdma write             = 0
    rdma cas               = 0
    rpc pushdown           = 29603847
  remote ops / op          = 3.1125
  remote ops / remote op   = 3.1125

----- OFFLOADED TASKS [node 0] -----
  lookup pushdowns         = 0
  scan    pushdowns (RPC)  = 29603845
    kv pairs returned      = 2960275738
    leaves scanned remotely= 255037594
    kv / scan pushdown     = 100.00
    leaves / scan pushdown = 8.62
  per-thread breakdown (tid: lookups | scans | kv | leaves):
    t0             0 |     825223 |   82519181 |    7110352
    t1             0 |     813312 |   81328272 |    7006864
    t2             0 |     826907 |   82687489 |    7123355
    t3             0 |     810221 |   81018673 |    6980300
    t4             0 |     832148 |   83211628 |    7168648
    t5             0 |     817591 |   81756243 |    7043500
    t6             0 |     829715 |   82968710 |    7147560
    t7             0 |     812218 |   81218853 |    6996826
    t8             0 |     831455 |   83142301 |    7162366
    t9             0 |     813693 |   81366184 |    7009820
    t10            0 |     829179 |   82914917 |    7143758
    t11            0 |     814861 |   81483074 |    7020514
    t12            0 |     831526 |   83149743 |    7163856
    t13            0 |     815735 |   81570708 |    7027493
    t14            0 |     829775 |   82974626 |    7149034
    t15            0 |     811487 |   81145813 |    6990672
    t16            0 |     830366 |   83033150 |    7153540
    t17            0 |     815623 |   81559186 |    7025669
    t18            0 |     830649 |   83061876 |    7156050
    t19            0 |     814631 |   81460216 |    7017717
    t20            0 |     832876 |   83284586 |    7175095
    t21            0 |     817648 |   81761709 |    7044708
    t22            0 |     830627 |   83059144 |    7155666
    t23            0 |     811330 |   81129756 |    6989645
    t24            0 |     832822 |   83279110 |    7174918
    t25            0 |     816540 |   81651148 |    7035263
    t26            0 |     828220 |   82818902 |    7135581
    t27            0 |     813034 |   81300355 |    7003829
    t28            0 |     832099 |   83206971 |    7168606
    t29            0 |     816769 |   81673838 |    7036166
    t30            0 |     833332 |   83330357 |    7179349
    t31            0 |     815618 |   81558818 |    7026261
    t32            0 |     831409 |   83137899 |    7162966
    t33            0 |     814970 |   81494451 |    7021494
    t34            0 |     829774 |   82974483 |    7148279
    t35            0 |     810462 |   81043368 |    6981874

----- PATH-AWARE CACHE MISS RATE [node 0] -----
  node accesses (hit+miss) = 622205375
  node cache hits          = 559665866 (89.95%)
  MISS RATE                = 10.0513%  (62539509 / 622205375)
  inner-node miss          = 32935662 (52.66% of misses, 5.2934% rate)
  leaf-node  miss          = 29603847 (47.34% of misses, 4.7579% rate)
  total miss               = 62539509
  cache writebacks         = 0
=========================================================================

Round 0 (max_throughput): 1.929 Mops/s
Round 0 (straggler_throughput): 1.92899 Mops/s
Before barrier finish
Avg. rdma read time(ms) = 0
Avg. rdma write time(ms) = -nan
Avg. rdma read / op = 2.11255
Avg. rdma write / op = 0
Avg. rdma cas / op = 0
Avg. rdma rpc / op = 1
Avg. all rdma / op = 3.11255
Avg. rdma read size/ op = 2202.57
Avg. rdma write size / op = 0
Avg. rdma RW size / op = 2202.57
------------------------------------------
Node 0 average throughput = 1.8495
Node 0 total throughput = 1.929
All CN throughput (Max) = 1.929
All CN throughput (Straggler) = 1.92899
Final throughput = 1.92899
[CORRECTNESS node 0] ops ok 29603845 / 29603847 = 100.0000%; scans 29603847, rows 2960381009 (100.00 per scan)
------------------------------------------
