nodes 2, threads 36, mix R/I/U/S=100/0/0/0, uniform, bulk 50M warmup 10M op 30M, offload 100%, scan_range 100
[4mshared memory size: 64GB, 0x7feeda800000[0m
[4mrdma cache size: 4GB[0m
[4mMachine NR: 2[0m
[4mCompute server 1 start up [10.30.1.6]
[0m
I connect server 0
[CONFIG node 1] bulk load: bottom-up build, 8 keys per leaf, 6 children per inner node (CHIME_BULK_BUILD / CHIME_BUILD_LEAF_KEYS / CHIME_BUILD_INNER_FANOUT)
[CONFIG node 1] clients on this node: yes (CHIME_MN_CLIENTS)
[CONFIG node 1] leaf cache by key=1 owner=1 admit_push=0.10 granule=16 (CHIME_LEAF_BY_KEY / CHIME_LEAF_OWNER / CHIME_LEAF_ADMIT_PUSH / CHIME_LEAF_KEY_GRANULE)
[CONFIG node 1] scan path: from_cache=1 offload_always=0 (CHIME_SCAN_FROM_CACHE / CHIME_SCAN_OFFLOAD_ALWAYS)
[CONFIG node 1] push ops: both (CHIME_PUSH_OPS; applies only with offloading on)
[CACHE node 1] total=512 MB index=32 MB leaf=480 MB
[CONFIG node 1] dir threads = 4 (CHIME_DIR_THREADS, max 16) -- MUST match the other node
[CORES node 1] linear pinning: app threads -> CPUs 0..35, main -> 79, dir threads -> 79 (REV_DIR_CPUS)
[CONFIG] hotspot buffer + speculative read: off (CHIME_HOTSPOT; stock CHIME: on above 50 MB)
 ----- [LeafCache]: budget=480 MB -> 157040 sets x 8 ways = 1256320 leaves (352 B/leaf, 480.0 MB) -----
 ----- [LeafCache]: by_key=1 (index 57.5 MB, granule 16 keys) owner=1 (no network check on a hit) admit_push=0.10 -----
workload generated: keyspace=50001000 bulk=50000000 warmup=9999972 op=29999988
[4mKey space set: keySpaceSize=50000000[0m
I am 36
I am 70
I am 45
I am 39
I am 47
I am 42
I am 46
I am 48
I am 43
I am 49
I am 40
I am 37
I am 55
I am 38
I am 51
I am 64
I am 68
I am 54
I am 61
I am 63
I am 58
I am 66
I am 65
I am 62
I am 60
I am 59
I am 57
I am 53
I am 67
I am 52
I am 71
I am 44
I am 41
I am 50
I am 56
I am 69
[build] leaves: 10% (625001/6250000)
[build] leaves: 20% (1250002/6250000)
[build] leaves: 30% (1875003/6250000)
[build] leaves: 40% (2500004/6250000)
[build] leaves: 50% (3125005/6250000)
[build] leaves: 60% (3750006/6250000)
[build] leaves: 70% (4375007/6250000)
[build] leaves: 80% (5000008/6250000)
[build] leaves: 90% (5625009/6250000)
[build] inner level 1: 1041667 nodes
[build] inner level 2: 173611 nodes
[build] inner level 3: 28935 nodes
[build] inner level 4: 4823 nodes
[build] inner level 5: 804 nodes
[build] inner level 6: 134 nodes
[build] inner level 7: 23 nodes
[build] inner level 8: 4 nodes
[build] inner level 9: 1 nodes
[build] done in 19.0s: height=10 leaves=6250000 inner_nodes=1250002 (8 keys per leaf, 6 children per inner node)
[TREE] height=10 leaves=6250000 inner_nodes=1250002 keys_per_leaf=8.00 inner_MB=399.4 leaf_MB=2104.0 total_MB=2503.4 (internal span 16, leaf span 16, node bytes inner=335 leaf=353)
node 1 warmup done in 48s
[INDEX] --- post-bulk-load cache occupancy (cache = 32 MB) ---
 ----- [TreeCache]:  cache size=32 MB free_size=-0.000 MB skiplist_node_cnt=1249939 ----- 
consumed cache size = 32.000 MB
 ----- [IdxCache]:  cache size=0 MB free_size=0.000 MB ---- 
consumed hotspot buffer size = 0.000000 MB

 ----- [LeafCache]: capacity=1256320 leaves resident=1256320 (100.0% full, 421.7 MB) -----
[LEAFCACHE] hit=1851878 miss=8148088 stale=0 fill=8148088 hit_pct=18.519 admit_pct=100.000 resident=1256320 capacity=1256320 budget_mb=480
[LEAFKEY] by_key=1 owner=1 admit_push=0.10 key_hits=510 push_admits=348
1, throughput 2.9725 Mops
1, throughput 2.9893 Mops
1, throughput 2.9971 Mops
1, throughput 3.0003 Mops
1, throughput 3.0052 Mops
1, throughput 3.0029 Mops
1, throughput 3.0054 Mops
1, throughput 3.0066 Mops
1, throughput 3.0088 Mops
1, throughput 3.0070 Mops
1, throughput 3.0084 Mops
1, throughput 3.0037 Mops
1, throughput 3.0065 Mops
1, throughput 3.0054 Mops
1, throughput 3.0107 Mops
1, throughput 3.0094 Mops
1, throughput 3.0095 Mops
1, throughput 2.9697 Mops
1, throughput 3.0184 Mops
1, throughput 2.7712 Mops
1, throughput 0.1800 Mops
[RESULT node 1] ops=29999988 elapsed=10.175s throughput=2.9484 Mops mode=op-bounded
[RDMA node 1] ops=29999988 posts=37717909 read_wr=23828175 read_bytes=1669248141 write_wr=0 write_bytes=0 atomic_wr=0 send_wr=22613172 send_bytes=927140052
[RDMA node 1] per_op: round_trips=1.2573 reads=0.7943 writes=0.0000 atomics=0.0000 sends=0.7538 verbs=1.5480 bytes=86.5

==================== LATENCY BUCKETS (500 ns) [node 1] ====================
[LOOKUP]
  ALL                n=29999988   mean=   11.93us  p50=  13.00us  p90=  18.00us  p99=  27.00us  p99.9=  31.50us  max>=617.50us
  DIRECT (1-sided)   n=7386816    mean=    5.30us  p50=   2.00us  p90=  15.00us  p99=  19.00us  p99.9=  22.00us  max>=206.50us
  OFFLOAD (rpc)      n=22613172   mean=   14.09us  p50=  13.50us  p90=  19.50us  p99=  27.50us  p99.9=  32.00us  max>=617.50us
[ALL OPS]
  ALL                n=29999988   mean=   11.93us  p50=  13.00us  p90=  18.00us  p99=  27.00us  p99.9=  31.50us  max>=617.50us
  DIRECT (1-sided)   n=7386816    mean=    5.30us  p50=   2.00us  p90=  15.00us  p99=  19.00us  p99.9=  22.00us  max>=206.50us
  OFFLOAD (rpc)      n=22613172   mean=   14.09us  p50=  13.50us  p90=  19.50us  p99=  27.50us  p99.9=  32.00us  max>=617.50us

----- 500 ns bucket CDF (all ops) [node 1] -----
  bucket [lo,hi) ns             count        pct       cdf
  [        0,      500)           33    0.0001%   0.0001%
  [      500,     1000)       292973    0.9766%   0.9767%
  [     1000,     1500)      2532198    8.4407%   9.4174%
  [     1500,     2000)      1752658    5.8422%  15.2595%
  [     2000,     2500)       403734    1.3458%  16.6053%
  [     2500,     3000)        66401    0.2213%  16.8267%
  [     3000,     3500)        17381    0.0579%  16.8846%
  [     3500,     4000)        12458    0.0415%  16.9261%
  [     4000,     4500)         8756    0.0292%  16.9553%
  [     4500,     5000)         9868    0.0329%  16.9882%
  [     5000,     5500)        11214    0.0374%  17.0256%
  [     5500,     6000)        13547    0.0452%  17.0707%
  [     6000,     6500)        14545    0.0485%  17.1192%
  [     6500,     7000)        16770    0.0559%  17.1751%
  [     7000,     7500)        29169    0.0972%  17.2724%
  [     7500,     8000)        85293    0.2843%  17.5567%
  [     8000,     8500)       238511    0.7950%  18.3517%
  [     8500,     9000)       504887    1.6830%  20.0347%
  [     9000,     9500)       829490    2.7650%  22.7996%
  [     9500,    10000)      1107459    3.6915%  26.4912%
  [    10000,    10500)      1282420    4.2747%  30.7659%
  [    10500,    11000)      1349952    4.4998%  35.2657%
  [    11000,    11500)      1358177    4.5273%  39.7930%
  [    11500,    12000)      1343156    4.4772%  44.2702%
  [    12000,    12500)      1359459    4.5315%  48.8017%
  [    12500,    13000)      1418486    4.7283%  53.5300%
  [    13000,    13500)      1506450    5.0215%  58.5515%
  [    13500,    14000)      1566696    5.2223%  63.7738%
  [    14000,    14500)      1554041    5.1801%  68.9540%
  [    14500,    15000)      1460237    4.8675%  73.8214%
  [    15000,    15500)      1295503    4.3183%  78.1398%
  [    15500,    16000)      1089349    3.6312%  81.7709%
  [    16000,    16500)       875995    2.9200%  84.6909%
  [    16500,    17000)       681948    2.2732%  86.9641%
  [    17000,    17500)       525115    1.7504%  88.7145%
  [    17500,    18000)       402931    1.3431%  90.0576%
  [    18000,    18500)       311479    1.0383%  91.0958%
  [    18500,    19000)       248158    0.8272%  91.9230%
  [    19000,    19500)       206477    0.6883%  92.6113%
  [    19500,    20000)       179507    0.5984%  93.2096%
  [    20000,    20500)       163460    0.5449%  93.7545%
  [    20500,    21000)       153718    0.5124%  94.2669%
  [    21000,    21500)       147549    0.4918%  94.7587%
  [    21500,    22000)       144174    0.4806%  95.2393%
  [    22000,    22500)       141644    0.4721%  95.7115%
  [    22500,    23000)       139307    0.4644%  96.1758%
  [    23000,    23500)       136138    0.4538%  96.6296%
  [    23500,    24000)       130939    0.4365%  97.0661%
  [    24000,    24500)       124628    0.4154%  97.4815%
  [    24500,    25000)       115751    0.3858%  97.8673%
  [    25000,    25500)       106335    0.3545%  98.2218%
  [    25500,    26000)        94565    0.3152%  98.5370%
  [    26000,    26500)        82474    0.2749%  98.8119%
  [    26500,    27000)        71903    0.2397%  99.0516%
  [    27000,    27500)        60202    0.2007%  99.2523%
  [    27500,    28000)        49604    0.1653%  99.4176%
  [    28000,    28500)        40094    0.1336%  99.5513%
  [    28500,    29000)        32092    0.1070%  99.6582%
  [    29000,    29500)        25214    0.0840%  99.7423%
  [    29500,    30000)        19365    0.0646%  99.8068%
  [    30000,    30500)        14769    0.0492%  99.8561%
  [    30500,    31000)        11076    0.0369%  99.8930%
  [    31000,    31500)         8127    0.0271%  99.9201%
  [    31500,    32000)         6134    0.0204%  99.9405%
  [    32000,    32500)         4488    0.0150%  99.9555%
  [    32500,    33000)         3334    0.0111%  99.9666%
  [    33000,    33500)         2428    0.0081%  99.9747%
  [    33500,    34000)         1770    0.0059%  99.9806%
  [    34000,    34500)         1277    0.0043%  99.9848%
  [    34500,    35000)          884    0.0029%  99.9878%
  [    35000,    35500)          704    0.0023%  99.9901%
  [    35500,    36000)          535    0.0018%  99.9919%
  [    36000,    36500)          374    0.0012%  99.9932%
  [    36500,    37000)          301    0.0010%  99.9942%
  [    37000,    37500)          218    0.0007%  99.9949%
  [    37500,    38000)          181    0.0006%  99.9955%
  [    38000,    38500)          123    0.0004%  99.9959%
  [    38500,    39000)          105    0.0004%  99.9963%
  [    39000,    39500)           83    0.0003%  99.9965%
  [    39500,    40000)           73    0.0002%  99.9968%
  [    40000,    40500)           53    0.0002%  99.9970%
  [    40500,    41000)           44    0.0001%  99.9971%
  [    41000,    41500)           36    0.0001%  99.9972%
  [    41500,    42000)           42    0.0001%  99.9974%
  [    42000,    42500)           34    0.0001%  99.9975%
  [    42500,    43000)           23    0.0001%  99.9975%
  [    43000,    43500)           25    0.0001%  99.9976%
  [    43500,    44000)           20    0.0001%  99.9977%
  [    44000,    44500)           30    0.0001%  99.9978%
  [    44500,    45000)           27    0.0001%  99.9979%
  [    45000,    45500)           20    0.0001%  99.9980%
  [    45500,    46000)           22    0.0001%  99.9980%
  [    46000,    46500)           15    0.0001%  99.9981%
  [    46500,    47000)           20    0.0001%  99.9981%
  [    47000,    47500)           16    0.0001%  99.9982%
  [    47500,    48000)           12    0.0000%  99.9982%
  [    48000,    48500)           16    0.0001%  99.9983%
  [    48500,    49000)            9    0.0000%  99.9983%
  [    49000,    49500)           15    0.0001%  99.9984%
  [    49500,    50000)           13    0.0000%  99.9984%
  [    50000,    50500)            8    0.0000%  99.9984%
  [    50500,    51000)            7    0.0000%  99.9985%
  [    51000,    51500)           10    0.0000%  99.9985%
  [    51500,    52000)           11    0.0000%  99.9985%
  [    52000,    52500)           10    0.0000%  99.9986%
  [    52500,    53000)           10    0.0000%  99.9986%
  [    53000,    53500)            6    0.0000%  99.9986%
  [    53500,    54000)           10    0.0000%  99.9987%
  [    54000,    54500)            7    0.0000%  99.9987%
  [    54500,    55000)            4    0.0000%  99.9987%
  [    55000,    55500)            7    0.0000%  99.9987%
  [    55500,    56000)            5    0.0000%  99.9987%
  [    56000,    56500)            6    0.0000%  99.9988%
  [    56500,    57000)            9    0.0000%  99.9988%
  [    57000,    57500)            8    0.0000%  99.9988%
  [    57500,    58000)            3    0.0000%  99.9988%
  [    58000,    58500)            3    0.0000%  99.9988%
  [    58500,    59000)            1    0.0000%  99.9988%
  [    59000,    59500)            5    0.0000%  99.9988%
  [    59500,    60000)            3    0.0000%  99.9989%
  [    60000,    60500)            5    0.0000%  99.9989%
  [    60500,    61000)            2    0.0000%  99.9989%
  [    61000,    61500)            3    0.0000%  99.9989%
  [    61500,    62000)            2    0.0000%  99.9989%
  [    62000,    62500)            1    0.0000%  99.9989%
  [    62500,    63000)            2    0.0000%  99.9989%
  [    63000,    63500)            4    0.0000%  99.9989%
  [    63500,    64000)            1    0.0000%  99.9989%
  [    64000,    64500)            1    0.0000%  99.9989%
  [    65000,    65500)            3    0.0000%  99.9989%
  [    66000,    66500)            3    0.0000%  99.9989%
  [    66500,    67000)            1    0.0000%  99.9990%
  [    67000,    67500)            2    0.0000%  99.9990%
  [    68000,    68500)            1    0.0000%  99.9990%
  [    68500,    69000)            1    0.0000%  99.9990%
  [    69000,    69500)            1    0.0000%  99.9990%
  [    69500,    70000)            1    0.0000%  99.9990%
  [    70000,    70500)            2    0.0000%  99.9990%
  [    70500,    71000)            1    0.0000%  99.9990%
  [    72000,    72500)            1    0.0000%  99.9990%
  [    72500,    73000)            5    0.0000%  99.9990%
  [    73000,    73500)            2    0.0000%  99.9990%
  [    74000,    74500)            1    0.0000%  99.9990%
  [    75000,    75500)            5    0.0000%  99.9990%
  [    75500,    76000)            6    0.0000%  99.9990%
  [    76000,    76500)            5    0.0000%  99.9991%
  [    76500,    77000)            1    0.0000%  99.9991%
  [    77000,    77500)            4    0.0000%  99.9991%
  [    77500,    78000)            4    0.0000%  99.9991%
  [    78000,    78500)            8    0.0000%  99.9991%
  [    78500,    79000)            4    0.0000%  99.9991%
  [    79000,    79500)            2    0.0000%  99.9991%
  [    79500,    80000)            2    0.0000%  99.9991%
  [    80000,    80500)            2    0.0000%  99.9992%
  [    80500,    81000)            3    0.0000%  99.9992%
  [    81000,    81500)            1    0.0000%  99.9992%
  [    81500,    82000)            4    0.0000%  99.9992%
  [    82000,    82500)            1    0.0000%  99.9992%
  [    82500,    83000)            2    0.0000%  99.9992%
  [    83000,    83500)            3    0.0000%  99.9992%
  [    83500,    84000)            2    0.0000%  99.9992%
  [    84000,    84500)            2    0.0000%  99.9992%
  [    84500,    85000)            1    0.0000%  99.9992%
  [    85000,    85500)            4    0.0000%  99.9992%
  [    85500,    86000)            1    0.0000%  99.9992%
  [    86000,    86500)            5    0.0000%  99.9993%
  [    86500,    87000)            3    0.0000%  99.9993%
  [    87000,    87500)            3    0.0000%  99.9993%
  [    87500,    88000)            3    0.0000%  99.9993%
  [    88500,    89000)            2    0.0000%  99.9993%
  [    89000,    89500)            2    0.0000%  99.9993%
  [    89500,    90000)            4    0.0000%  99.9993%
  [    90000,    90500)            5    0.0000%  99.9993%
  [    90500,    91000)            3    0.0000%  99.9993%
  [    91000,    91500)            2    0.0000%  99.9993%
  [    91500,    92000)            1    0.0000%  99.9993%
  [    92000,    92500)            5    0.0000%  99.9994%
  [    92500,    93000)            5    0.0000%  99.9994%
  [    93000,    93500)            3    0.0000%  99.9994%
  [    93500,    94000)            1    0.0000%  99.9994%
  [    94000,    94500)            2    0.0000%  99.9994%
  [    94500,    95000)            2    0.0000%  99.9994%
  [    95000,    95500)            3    0.0000%  99.9994%
  [    95500,    96000)            1    0.0000%  99.9994%
  [    96000,    96500)            1    0.0000%  99.9994%
  [    96500,    97000)            1    0.0000%  99.9994%
  [    97000,    97500)            1    0.0000%  99.9994%
  [    97500,    98000)            1    0.0000%  99.9994%
  [    98500,    99000)            1    0.0000%  99.9994%
  [   100000,   100500)            1    0.0000%  99.9994%
  [   102000,   102500)            2    0.0000%  99.9994%
  [   102500,   103000)            1    0.0000%  99.9994%
  [   104000,   104500)            1    0.0000%  99.9995%
  [   105500,   106000)            1    0.0000%  99.9995%
  [   107500,   108000)            1    0.0000%  99.9995%
  [   109500,   110000)            1    0.0000%  99.9995%
  [   113500,   114000)            2    0.0000%  99.9995%
  [   115500,   116000)            1    0.0000%  99.9995%
  [   117500,   118000)            1    0.0000%  99.9995%
  [   122000,   122500)            1    0.0000%  99.9995%
  [   122500,   123000)            1    0.0000%  99.9995%
  [   133500,   134000)            1    0.0000%  99.9995%
  [   138000,   138500)            1    0.0000%  99.9995%
  [   142500,   143000)            1    0.0000%  99.9995%
  [   145000,   145500)            2    0.0000%  99.9995%
  [   149000,   149500)            1    0.0000%  99.9995%
  [   150000,   150500)            1    0.0000%  99.9995%
  [   151500,   152000)            1    0.0000%  99.9995%
  [   152000,   152500)            1    0.0000%  99.9995%
  [   155000,   155500)            1    0.0000%  99.9995%
  [   162500,   163000)            1    0.0000%  99.9995%
  [   163000,   163500)            1    0.0000%  99.9995%
  [   164000,   164500)            3    0.0000%  99.9995%
  [   165000,   165500)            1    0.0000%  99.9995%
  [   165500,   166000)            1    0.0000%  99.9995%
  [   166500,   167000)            2    0.0000%  99.9995%
  [   167000,   167500)            1    0.0000%  99.9995%
  [   169500,   170000)            2    0.0000%  99.9996%
  [   170000,   170500)            6    0.0000%  99.9996%
  [   170500,   171000)            4    0.0000%  99.9996%
  [   171000,   171500)            3    0.0000%  99.9996%
  [   171500,   172000)            1    0.0000%  99.9996%
  [   172000,   172500)            4    0.0000%  99.9996%
  [   172500,   173000)            5    0.0000%  99.9996%
  [   173000,   173500)            5    0.0000%  99.9996%
  [   173500,   174000)            4    0.0000%  99.9997%
  [   174000,   174500)            2    0.0000%  99.9997%
  [   174500,   175000)            2    0.0000%  99.9997%
  [   175000,   175500)            3    0.0000%  99.9997%
  [   175500,   176000)            2    0.0000%  99.9997%
  [   176000,   176500)            4    0.0000%  99.9997%
  [   177000,   177500)            1    0.0000%  99.9997%
  [   177500,   178000)            1    0.0000%  99.9997%
  [   178000,   178500)            2    0.0000%  99.9997%
  [   178500,   179000)            1    0.0000%  99.9997%
  [   179000,   179500)            1    0.0000%  99.9997%
  [   179500,   180000)            2    0.0000%  99.9997%
  [   180000,   180500)            2    0.0000%  99.9997%
  [   181500,   182000)            1    0.0000%  99.9997%
  [   182000,   182500)            1    0.0000%  99.9997%
  [   183500,   184000)            1    0.0000%  99.9997%
  [   184000,   184500)            1    0.0000%  99.9998%
  [   185500,   186000)            1    0.0000%  99.9998%
  [   186000,   186500)            2    0.0000%  99.9998%
  [   186500,   187000)            1    0.0000%  99.9998%
  [   192500,   193000)            1    0.0000%  99.9998%
  [   200000,   200500)            1    0.0000%  99.9998%
  [   200500,   201000)            1    0.0000%  99.9998%
  [   201500,   202000)            1    0.0000%  99.9998%
  [   202500,   203000)            1    0.0000%  99.9998%
  [   203000,   203500)            1    0.0000%  99.9998%
  [   204000,   204500)            1    0.0000%  99.9998%
  [   205500,   206000)            1    0.0000%  99.9998%
  [   206000,   206500)            1    0.0000%  99.9998%
  [   208500,   209000)            1    0.0000%  99.9998%
  [   211500,   212000)            1    0.0000%  99.9998%
  [   212000,   212500)            1    0.0000%  99.9998%
  [   212500,   213000)            1    0.0000%  99.9998%
  [   214000,   214500)            1    0.0000%  99.9998%
  [   216000,   216500)            1    0.0000%  99.9998%
  [   217000,   217500)            1    0.0000%  99.9998%
  [   217500,   218000)            1    0.0000%  99.9998%
  [   220000,   220500)            1    0.0000%  99.9998%
  [   223000,   223500)            1    0.0000%  99.9998%
  [   226500,   227000)            1    0.0000%  99.9998%
  [   229000,   229500)            1    0.0000%  99.9998%
  [   230000,   230500)            1    0.0000%  99.9998%
  [   231000,   231500)            2    0.0000%  99.9998%
  [   231500,   232000)            2    0.0000%  99.9999%
  [   232000,   232500)            3    0.0000%  99.9999%
  [   232500,   233000)            2    0.0000%  99.9999%
  [   233000,   233500)            1    0.0000%  99.9999%
  [   234500,   235000)            3    0.0000%  99.9999%
  [   235500,   236000)            2    0.0000%  99.9999%
  [   236000,   236500)            2    0.0000%  99.9999%
  [   237000,   237500)            1    0.0000%  99.9999%
  [   237500,   238000)            1    0.0000%  99.9999%
  [   238500,   239000)            2    0.0000%  99.9999%
  [   239000,   239500)            1    0.0000%  99.9999%
  [   239500,   240000)            1    0.0000%  99.9999%
  [   240000,   240500)            1    0.0000%  99.9999%
  [   253500,   254000)            1    0.0000%  99.9999%
  [   255500,   256000)            1    0.0000%  99.9999%
  [   268000,   268500)            2    0.0000%  99.9999%
  [   270500,   271000)            1    0.0000%  99.9999%
  [   291000,   291500)            1    0.0000%  99.9999%
  [   582000,   582500)            1    0.0000%  99.9999%
  [   586000,   586500)            1    0.0000%  99.9999%
  [   595500,   596000)            2    0.0000% 100.0000%
  [   598500,   599000)            3    0.0000% 100.0000%
  [   599500,   600000)            1    0.0000% 100.0000%
  [   602000,   602500)            1    0.0000% 100.0000%
  [   607500,   608000)            1    0.0000% 100.0000%
  [   608000,   608500)            2    0.0000% 100.0000%
  [   608500,   609000)            1    0.0000% 100.0000%
  [   609000,   609500)            1    0.0000% 100.0000%
  [   609500,   610000)            1    0.0000% 100.0000%
  [   610000,   610500)            1    0.0000% 100.0000%
  [   612500,   613000)            1    0.0000% 100.0000%
  [   617000,   617500)            1    0.0000% 100.0000%

----- OFFLOADED TASKS [node 1] -----
  ops total                = 29999988
  ops direct (1-sided)     = 7386816 (24.62%)
  ops offload (rpc)        = 22613172 (75.38%)
  lookup pushdowns         = 22613172
  scan   pushdowns (RPC)   = 0
    kv pairs returned      = 0
    leaves scanned remotely= 0
    kv / scan pushdown     = 0.00
    leaves / scan pushdown = 0.00
=========================================================================

[CORRECTNESS node 1] lookup found 29999421 / 29999988 = 99.9981%
[READPATH node 1] lookups=29999988  index-cache hit=50.5%  per lookup: leaf=0.075 speculative=0.000 (right 0.0%) hop-reads=0.000 (two-segment 0.000) retries=0.000 invalid=0.000 sibling=0.000  => est. leaf round trips/lookup=0.000
 ----- [LeafCache]: capacity=1256320 leaves resident=1256320 (100.0% full, 421.7 MB) -----
[LEAFCACHE] hit=5203468 miss=2183332 stale=0 fill=4361719 hit_pct=70.443 admit_pct=199.774 resident=1256320 capacity=1256320 budget_mb=480
[LEAFKEY] by_key=1 owner=1 admit_push=0.10 key_hits=5124475 push_admits=2178387

----- PER-LEVEL CACHE HITS [node 1] (lookups; level 0 = leaf) -----
[LEVEL] level=0 hits=5203468 misses=24796504 hit_rate=0.1734
[LEVEL] level=1 hits=2262325 misses=22613172 hit_rate=0.0909
[LEVEL] level=2 hits=10401945 misses=14473552 hit_rate=0.4182
[LEVEL] level=3 hits=14060815 misses=10814682 hit_rate=0.5652
[LEVEL] level=4 hits=14128318 misses=10747179 hit_rate=0.5680
[LEVEL] level=5 hits=14132479 misses=10743018 hit_rate=0.5681
[LEVEL] level=6 hits=14132479 misses=10743018 hit_rate=0.5681
[LEVEL] level=7 hits=14132479 misses=10743018 hit_rate=0.5681
[LEVEL] level=8 hits=14132479 misses=10743018 hit_rate=0.5681
[LEVEL] level=9 hits=14132479 misses=10743018 hit_rate=0.5681
[KIND node 1] lookups=29999972 inner_visits=223879473 inner_hits=111515798 inner_hit_pct=49.81 leaf_visits=29999972 leaf_hits=5203468 leaf_hit_pct=17.34
[END]
