nodes 2, threads 36, mix R/I/U/S=50/0/0/50, zipf-0.99, bulk 50M warmup 10M op 30M, offload 0%, scan_range 100
[4mshared memory size: 64GB, 0x7feeda800000[0m
[4mrdma cache size: 4GB[0m
[4mMachine NR: 2[0m
[4mCompute server 1 start up [10.30.1.6]
[0m
I connect server 0
[CONFIG node 1] bulk load: bottom-up build, 8 keys per leaf, 6 children per inner node (CHIME_BULK_BUILD / CHIME_BUILD_LEAF_KEYS / CHIME_BUILD_INNER_FANOUT)
[CONFIG node 1] clients on this node: yes (CHIME_MN_CLIENTS)
[CONFIG node 1] leaf cache by key=0 owner=0 admit_push=0.00 granule=16 (CHIME_LEAF_BY_KEY / CHIME_LEAF_OWNER / CHIME_LEAF_ADMIT_PUSH / CHIME_LEAF_KEY_GRANULE)
[CONFIG node 1] scan path: from_cache=1 offload_always=0 (CHIME_SCAN_FROM_CACHE / CHIME_SCAN_OFFLOAD_ALWAYS)
[CONFIG node 1] push ops: both (CHIME_PUSH_OPS; applies only with offloading on)
[CACHE node 1] total=512 MB index=512 MB leaf=0 MB
[CONFIG node 1] dir threads = 1 (CHIME_DIR_THREADS, max 16) -- MUST match the other node
[CORES node 1] linear pinning: app threads -> CPUs 0..35, main -> 79, dir threads -> 79 (REV_DIR_CPUS)
[CONFIG] hotspot buffer + speculative read: off (CHIME_HOTSPOT; stock CHIME: on above 50 MB)
workload generated: keyspace=50001000 bulk=50000000 warmup=9999972 op=29999988
[4mKey space set: keySpaceSize=50000000[0m
I am 39
I am 36
I am 37
I am 38
I am 64
I am 41
I am 45
I am 49
I am 53
I am 42
I am 50
I am 40
I am 52
I am 54
I am 43
I am 44
I am 46
I am 48
I am 63
I am 57
I am 65
I am 55
I am 68
I am 60
I am 71
I am 59
I am 67
I am 61
I am 69
I am 58
I am 70
I am 62
I am 51
I am 56
I am 47
I am 66
[build] leaves: 10% (625001/6250000)
[build] leaves: 20% (1250002/6250000)
[build] leaves: 30% (1875003/6250000)
[build] leaves: 40% (2500004/6250000)
[build] leaves: 50% (3125005/6250000)
[build] leaves: 60% (3750006/6250000)
[build] leaves: 70% (4375007/6250000)
[build] leaves: 80% (5000008/6250000)
[build] leaves: 90% (5625009/6250000)
[build] inner level 1: 1041667 nodes
[build] inner level 2: 173611 nodes
[build] inner level 3: 28935 nodes
[build] inner level 4: 4823 nodes
[build] inner level 5: 804 nodes
[build] inner level 6: 134 nodes
[build] inner level 7: 23 nodes
[build] inner level 8: 4 nodes
[build] inner level 9: 1 nodes
[build] done in 19.0s: height=10 leaves=6250000 inner_nodes=1250002 (8 keys per leaf, 6 children per inner node)
[TREE] height=10 leaves=6250000 inner_nodes=1250002 keys_per_leaf=8.00 inner_MB=399.4 leaf_MB=2104.0 total_MB=2503.4 (internal span 16, leaf span 16, node bytes inner=335 leaf=353)
node 1 warmup done in 35s
[INDEX] --- post-bulk-load cache occupancy (cache = 512 MB) ---
 ----- [TreeCache]:  cache size=512 MB free_size=350.199 MB skiplist_node_cnt=1247503 ----- 
consumed cache size = 161.801 MB
 ----- [IdxCache]:  cache size=0 MB free_size=0.000 MB ---- 
consumed hotspot buffer size = 0.000000 MB

[LEAFCACHE] off
1, throughput 1.1220 Mops
1, throughput 1.1141 Mops
1, throughput 1.1137 Mops
1, throughput 1.1243 Mops
1, throughput 1.1238 Mops
1, throughput 1.1242 Mops
1, throughput 1.1246 Mops
1, throughput 1.1250 Mops
1, throughput 1.1200 Mops
1, throughput 1.1192 Mops
1, throughput 1.1211 Mops
1, throughput 1.1191 Mops
1, throughput 1.1182 Mops
1, throughput 1.1179 Mops
1, throughput 1.1163 Mops
1, throughput 1.1152 Mops
1, throughput 1.1154 Mops
1, throughput 1.1164 Mops
1, throughput 1.1159 Mops
1, throughput 1.1166 Mops
1, throughput 1.1166 Mops
1, throughput 1.1158 Mops
1, throughput 1.0938 Mops
1, throughput 1.0970 Mops
1, throughput 1.0993 Mops
1, throughput 1.1010 Mops
1, throughput 1.1027 Mops
1, throughput 1.1010 Mops
1, throughput 1.1005 Mops
1, throughput 1.1043 Mops
1, throughput 1.1114 Mops
1, throughput 1.1103 Mops
1, throughput 1.1091 Mops
1, throughput 1.1096 Mops
1, throughput 1.1084 Mops
1, throughput 1.1035 Mops
1, throughput 1.1011 Mops
1, throughput 1.1025 Mops
1, throughput 1.0999 Mops
1, throughput 1.1007 Mops
1, throughput 1.1004 Mops
1, throughput 1.1028 Mops
1, throughput 1.0986 Mops
1, throughput 1.0922 Mops
1, throughput 1.1040 Mops
1, throughput 1.0999 Mops
1, throughput 1.1046 Mops
1, throughput 1.1070 Mops
1, throughput 1.1064 Mops
1, throughput 1.1057 Mops
1, throughput 1.1079 Mops
1, throughput 1.1073 Mops
1, throughput 0.8128 Mops
1, throughput 0.5635 Mops
1, throughput 0.5503 Mops
1, throughput 0.3407 Mops
1, throughput 0.0137 Mops
[RESULT node 1] ops=29999988 elapsed=28.161s throughput=1.0653 Mops mode=op-bounded
[RDMA node 1] ops=29999988 posts=215748815 read_wr=221862896 read_bytes=73328370527 write_wr=0 write_bytes=0 atomic_wr=0 send_wr=0 send_bytes=0
[RDMA node 1] per_op: round_trips=7.1916 reads=7.3954 writes=0.0000 atomics=0.0000 sends=0.0000 verbs=7.3954 bytes=2444.3

==================== LATENCY BUCKETS (500 ns) [node 1] ====================
[LOOKUP]
  ALL                n=14997948   mean=    6.30us  p50=   6.50us  p90=   8.50us  p99=  10.00us  p99.9=  12.00us  max>=159.50us
  DIRECT (1-sided)   n=14997948   mean=    6.30us  p50=   6.50us  p90=   8.50us  p99=  10.00us  p99.9=  12.00us  max>=159.50us
  OFFLOAD (rpc)             (no samples)
[RANGE]
  ALL                n=15002040   mean=   58.48us  p50=  58.50us  p90=  63.00us  p99=  67.00us  p99.9=  75.50us  max>=771.50us
  DIRECT (1-sided)   n=15002040   mean=   58.48us  p50=  58.50us  p90=  63.00us  p99=  67.00us  p99.9=  75.50us  max>=771.50us
  OFFLOAD (rpc)             (no samples)
[ALL OPS]
  ALL                n=29999988   mean=   32.40us  p50=  49.50us  p90=  61.50us  p99=  65.50us  p99.9=  72.50us  max>=771.50us
  DIRECT (1-sided)   n=29999988   mean=   32.40us  p50=  49.50us  p90=  61.50us  p99=  65.50us  p99.9=  72.50us  max>=771.50us
  OFFLOAD (rpc)             (no samples)

----- 500 ns bucket CDF (all ops) [node 1] -----
  bucket [lo,hi) ns             count        pct       cdf
  [      500,     1000)         1284    0.0043%   0.0043%
  [     1000,     1500)         6478    0.0216%   0.0259%
  [     1500,     2000)         8973    0.0299%   0.0558%
  [     2000,     2500)        11485    0.0383%   0.0941%
  [     2500,     3000)        12341    0.0411%   0.1352%
  [     3000,     3500)        16129    0.0538%   0.1890%
  [     3500,     4000)       252511    0.8417%   1.0307%
  [     4000,     4500)       941903    3.1397%   4.1703%
  [     4500,     5000)      1343504    4.4783%   8.6487%
  [     5000,     5500)      1897763    6.3259%  14.9746%
  [     5500,     6000)      2041813    6.8060%  21.7806%
  [     6000,     6500)      1971246    6.5708%  28.3514%
  [     6500,     7000)      1995578    6.6519%  35.0034%
  [     7000,     7500)      1736453    5.7882%  40.7916%
  [     7500,     8000)      1231938    4.1065%  44.8980%
  [     8000,     8500)       733601    2.4453%  47.3434%
  [     8500,     9000)       395837    1.3195%  48.6628%
  [     9000,     9500)       199730    0.6658%  49.3286%
  [     9500,    10000)        97022    0.3234%  49.6520%
  [    10000,    10500)        47115    0.1571%  49.8090%
  [    10500,    11000)        24090    0.0803%  49.8893%
  [    11000,    11500)        12802    0.0427%  49.9320%
  [    11500,    12000)         7199    0.0240%  49.9560%
  [    12000,    12500)         4173    0.0139%  49.9699%
  [    12500,    13000)         2423    0.0081%  49.9780%
  [    13000,    13500)         1476    0.0049%  49.9829%
  [    13500,    14000)          864    0.0029%  49.9858%
  [    14000,    14500)          534    0.0018%  49.9876%
  [    14500,    15000)          329    0.0011%  49.9887%
  [    15000,    15500)          209    0.0007%  49.9894%
  [    15500,    16000)          148    0.0005%  49.9899%
  [    16000,    16500)           96    0.0003%  49.9902%
  [    16500,    17000)           77    0.0003%  49.9904%
  [    17000,    17500)           46    0.0002%  49.9906%
  [    17500,    18000)           36    0.0001%  49.9907%
  [    18000,    18500)           26    0.0001%  49.9908%
  [    18500,    19000)           25    0.0001%  49.9909%
  [    19000,    19500)           26    0.0001%  49.9910%
  [    19500,    20000)           15    0.0001%  49.9910%
  [    20000,    20500)           11    0.0000%  49.9910%
  [    20500,    21000)            4    0.0000%  49.9911%
  [    21000,    21500)           17    0.0001%  49.9911%
  [    21500,    22000)           14    0.0000%  49.9912%
  [    22000,    22500)           12    0.0000%  49.9912%
  [    22500,    23000)           17    0.0001%  49.9913%
  [    23000,    23500)           13    0.0000%  49.9913%
  [    23500,    24000)           11    0.0000%  49.9913%
  [    24000,    24500)            6    0.0000%  49.9914%
  [    24500,    25000)            8    0.0000%  49.9914%
  [    25000,    25500)            6    0.0000%  49.9914%
  [    25500,    26000)            5    0.0000%  49.9914%
  [    26000,    26500)            4    0.0000%  49.9914%
  [    26500,    27000)            3    0.0000%  49.9914%
  [    27000,    27500)            2    0.0000%  49.9915%
  [    27500,    28000)            3    0.0000%  49.9915%
  [    28500,    29000)            3    0.0000%  49.9915%
  [    30000,    30500)            1    0.0000%  49.9915%
  [    32500,    33000)            1    0.0000%  49.9915%
  [    33500,    34000)            1    0.0000%  49.9915%
  [    34000,    34500)            3    0.0000%  49.9915%
  [    35500,    36000)            2    0.0000%  49.9915%
  [    36000,    36500)            1    0.0000%  49.9915%
  [    36500,    37000)            1    0.0000%  49.9915%
  [    38500,    39000)            1    0.0000%  49.9915%
  [    39000,    39500)            1    0.0000%  49.9915%
  [    39500,    40000)            1    0.0000%  49.9915%
  [    40500,    41000)            1    0.0000%  49.9915%
  [    41500,    42000)            1    0.0000%  49.9915%
  [    43000,    43500)            2    0.0000%  49.9915%
  [    43500,    44000)            1    0.0000%  49.9915%
  [    45500,    46000)            1    0.0000%  49.9915%
  [    46000,    46500)            3    0.0000%  49.9915%
  [    46500,    47000)            3    0.0000%  49.9916%
  [    47000,    47500)           34    0.0001%  49.9917%
  [    47500,    48000)          113    0.0004%  49.9920%
  [    48000,    48500)          446    0.0015%  49.9935%
  [    48500,    49000)         1193    0.0040%  49.9975%
  [    49000,    49500)         2502    0.0083%  50.0059%
  [    49500,    50000)         4516    0.0151%  50.0209%
  [    50000,    50500)         7997    0.0267%  50.0476%
  [    50500,    51000)        15949    0.0532%  50.1007%
  [    51000,    51500)        34014    0.1134%  50.2141%
  [    51500,    52000)        69790    0.2326%  50.4467%
  [    52000,    52500)       126145    0.4205%  50.8672%
  [    52500,    53000)       202475    0.6749%  51.5421%
  [    53000,    53500)       293559    0.9785%  52.5207%
  [    53500,    54000)       397696    1.3257%  53.8463%
  [    54000,    54500)       495931    1.6531%  55.4994%
  [    54500,    55000)       576189    1.9206%  57.4201%
  [    55000,    55500)       636179    2.1206%  59.5407%
  [    55500,    56000)       686108    2.2870%  61.8277%
  [    56000,    56500)       741594    2.4720%  64.2997%
  [    56500,    57000)       813366    2.7112%  67.0109%
  [    57000,    57500)       889645    2.9655%  69.9764%
  [    57500,    58000)       956125    3.1871%  73.1635%
  [    58000,    58500)       987896    3.2930%  76.4564%
  [    58500,    59000)       965256    3.2175%  79.6740%
  [    59000,    59500)       880137    2.9338%  82.6078%
  [    59500,    60000)       779520    2.5984%  85.2062%
  [    60000,    60500)       693733    2.3124%  87.5186%
  [    60500,    61000)       621913    2.0730%  89.5916%
  [    61000,    61500)       567461    1.8915%  91.4832%
  [    61500,    62000)       517745    1.7258%  93.2090%
  [    62000,    62500)       465251    1.5508%  94.7598%
  [    62500,    63000)       386223    1.2874%  96.0472%
  [    63000,    63500)       306321    1.0211%  97.0683%
  [    63500,    64000)       232302    0.7743%  97.8427%
  [    64000,    64500)       170123    0.5671%  98.4097%
  [    64500,    65000)       120829    0.4028%  98.8125%
  [    65000,    65500)        83903    0.2797%  99.0922%
  [    65500,    66000)        59211    0.1974%  99.2895%
  [    66000,    66500)        42323    0.1411%  99.4306%
  [    66500,    67000)        30510    0.1017%  99.5323%
  [    67000,    67500)        23068    0.0769%  99.6092%
  [    67500,    68000)        18091    0.0603%  99.6695%
  [    68000,    68500)        14503    0.0483%  99.7179%
  [    68500,    69000)        11991    0.0400%  99.7578%
  [    69000,    69500)         9826    0.0328%  99.7906%
  [    69500,    70000)         8342    0.0278%  99.8184%
  [    70000,    70500)         7250    0.0242%  99.8426%
  [    70500,    71000)         6053    0.0202%  99.8627%
  [    71000,    71500)         5407    0.0180%  99.8808%
  [    71500,    72000)         4440    0.0148%  99.8956%
  [    72000,    72500)         3648    0.0122%  99.9077%
  [    72500,    73000)         3152    0.0105%  99.9182%
  [    73000,    73500)         2684    0.0089%  99.9272%
  [    73500,    74000)         2107    0.0070%  99.9342%
  [    74000,    74500)         1884    0.0063%  99.9405%
  [    74500,    75000)         1631    0.0054%  99.9459%
  [    75000,    75500)         1492    0.0050%  99.9509%
  [    75500,    76000)         1164    0.0039%  99.9548%
  [    76000,    76500)         1052    0.0035%  99.9583%
  [    76500,    77000)          980    0.0033%  99.9615%
  [    77000,    77500)          896    0.0030%  99.9645%
  [    77500,    78000)          737    0.0025%  99.9670%
  [    78000,    78500)          669    0.0022%  99.9692%
  [    78500,    79000)          657    0.0022%  99.9714%
  [    79000,    79500)          571    0.0019%  99.9733%
  [    79500,    80000)          510    0.0017%  99.9750%
  [    80000,    80500)          486    0.0016%  99.9766%
  [    80500,    81000)          437    0.0015%  99.9781%
  [    81000,    81500)          376    0.0013%  99.9793%
  [    81500,    82000)          346    0.0012%  99.9805%
  [    82000,    82500)          346    0.0012%  99.9816%
  [    82500,    83000)          298    0.0010%  99.9826%
  [    83000,    83500)          242    0.0008%  99.9834%
  [    83500,    84000)          239    0.0008%  99.9842%
  [    84000,    84500)          202    0.0007%  99.9849%
  [    84500,    85000)          201    0.0007%  99.9856%
  [    85000,    85500)          181    0.0006%  99.9862%
  [    85500,    86000)          161    0.0005%  99.9867%
  [    86000,    86500)          151    0.0005%  99.9872%
  [    86500,    87000)          138    0.0005%  99.9877%
  [    87000,    87500)          126    0.0004%  99.9881%
  [    87500,    88000)          104    0.0003%  99.9885%
  [    88000,    88500)          110    0.0004%  99.9888%
  [    88500,    89000)           91    0.0003%  99.9891%
  [    89000,    89500)           89    0.0003%  99.9894%
  [    89500,    90000)           79    0.0003%  99.9897%
  [    90000,    90500)           71    0.0002%  99.9899%
  [    90500,    91000)           73    0.0002%  99.9902%
  [    91000,    91500)           68    0.0002%  99.9904%
  [    91500,    92000)           62    0.0002%  99.9906%
  [    92000,    92500)           55    0.0002%  99.9908%
  [    92500,    93000)           54    0.0002%  99.9910%
  [    93000,    93500)           44    0.0001%  99.9911%
  [    93500,    94000)           44    0.0001%  99.9913%
  [    94000,    94500)           46    0.0002%  99.9914%
  [    94500,    95000)           43    0.0001%  99.9915%
  [    95000,    95500)           42    0.0001%  99.9917%
  [    95500,    96000)           34    0.0001%  99.9918%
  [    96000,    96500)           37    0.0001%  99.9919%
  [    96500,    97000)           33    0.0001%  99.9920%
  [    97000,    97500)           32    0.0001%  99.9921%
  [    97500,    98000)           21    0.0001%  99.9922%
  [    98000,    98500)           19    0.0001%  99.9923%
  [    98500,    99000)           27    0.0001%  99.9924%
  [    99000,    99500)           28    0.0001%  99.9925%
  [    99500,   100000)           22    0.0001%  99.9925%
  [   100000,   100500)           21    0.0001%  99.9926%
  [   100500,   101000)           24    0.0001%  99.9927%
  [   101000,   101500)           17    0.0001%  99.9927%
  [   101500,   102000)           14    0.0000%  99.9928%
  [   102000,   102500)           16    0.0001%  99.9928%
  [   102500,   103000)           14    0.0000%  99.9929%
  [   103000,   103500)           14    0.0000%  99.9929%
  [   103500,   104000)           11    0.0000%  99.9930%
  [   104000,   104500)           10    0.0000%  99.9930%
  [   104500,   105000)            7    0.0000%  99.9930%
  [   105000,   105500)            8    0.0000%  99.9931%
  [   105500,   106000)            6    0.0000%  99.9931%
  [   106000,   106500)            5    0.0000%  99.9931%
  [   106500,   107000)            6    0.0000%  99.9931%
  [   107000,   107500)            2    0.0000%  99.9931%
  [   107500,   108000)            5    0.0000%  99.9931%
  [   108000,   108500)            4    0.0000%  99.9931%
  [   108500,   109000)            6    0.0000%  99.9932%
  [   109000,   109500)            7    0.0000%  99.9932%
  [   109500,   110000)            5    0.0000%  99.9932%
  [   110000,   110500)            4    0.0000%  99.9932%
  [   110500,   111000)            3    0.0000%  99.9932%
  [   111000,   111500)            4    0.0000%  99.9932%
  [   111500,   112000)            2    0.0000%  99.9932%
  [   112000,   112500)            5    0.0000%  99.9933%
  [   112500,   113000)            2    0.0000%  99.9933%
  [   113000,   113500)            3    0.0000%  99.9933%
  [   113500,   114000)            1    0.0000%  99.9933%
  [   114500,   115000)            1    0.0000%  99.9933%
  [   115000,   115500)            2    0.0000%  99.9933%
  [   115500,   116000)            2    0.0000%  99.9933%
  [   116000,   116500)            1    0.0000%  99.9933%
  [   116500,   117000)            1    0.0000%  99.9933%
  [   117000,   117500)            2    0.0000%  99.9933%
  [   117500,   118000)            2    0.0000%  99.9933%
  [   118000,   118500)            5    0.0000%  99.9933%
  [   118500,   119000)            4    0.0000%  99.9934%
  [   119000,   119500)            3    0.0000%  99.9934%
  [   119500,   120000)            2    0.0000%  99.9934%
  [   120500,   121000)            2    0.0000%  99.9934%
  [   121000,   121500)            1    0.0000%  99.9934%
  [   121500,   122000)            1    0.0000%  99.9934%
  [   123000,   123500)            3    0.0000%  99.9934%
  [   123500,   124000)            4    0.0000%  99.9934%
  [   124500,   125000)            1    0.0000%  99.9934%
  [   125000,   125500)            1    0.0000%  99.9934%
  [   125500,   126000)            1    0.0000%  99.9934%
  [   126000,   126500)            2    0.0000%  99.9934%
  [   127000,   127500)            1    0.0000%  99.9934%
  [   127500,   128000)            3    0.0000%  99.9934%
  [   129000,   129500)            2    0.0000%  99.9934%
  [   129500,   130000)            4    0.0000%  99.9935%
  [   130000,   130500)            2    0.0000%  99.9935%
  [   130500,   131000)            2    0.0000%  99.9935%
  [   131000,   131500)            3    0.0000%  99.9935%
  [   131500,   132000)            1    0.0000%  99.9935%
  [   133000,   133500)            3    0.0000%  99.9935%
  [   133500,   134000)            2    0.0000%  99.9935%
  [   134000,   134500)            1    0.0000%  99.9935%
  [   134500,   135000)            2    0.0000%  99.9935%
  [   135000,   135500)            3    0.0000%  99.9935%
  [   135500,   136000)            4    0.0000%  99.9935%
  [   136000,   136500)            5    0.0000%  99.9935%
  [   136500,   137000)            3    0.0000%  99.9936%
  [   137000,   137500)            4    0.0000%  99.9936%
  [   137500,   138000)            2    0.0000%  99.9936%
  [   138000,   138500)            3    0.0000%  99.9936%
  [   138500,   139000)            2    0.0000%  99.9936%
  [   139000,   139500)            2    0.0000%  99.9936%
  [   139500,   140000)            1    0.0000%  99.9936%
  [   140500,   141000)            3    0.0000%  99.9936%
  [   141000,   141500)            3    0.0000%  99.9936%
  [   141500,   142000)            2    0.0000%  99.9936%
  [   142000,   142500)            3    0.0000%  99.9936%
  [   142500,   143000)            3    0.0000%  99.9937%
  [   143000,   143500)            2    0.0000%  99.9937%
  [   143500,   144000)            3    0.0000%  99.9937%
  [   144500,   145000)            3    0.0000%  99.9937%
  [   145000,   145500)            3    0.0000%  99.9937%
  [   145500,   146000)            3    0.0000%  99.9937%
  [   146000,   146500)            3    0.0000%  99.9937%
  [   146500,   147000)            3    0.0000%  99.9937%
  [   147000,   147500)            4    0.0000%  99.9937%
  [   147500,   148000)            4    0.0000%  99.9937%
  [   148000,   148500)            4    0.0000%  99.9938%
  [   148500,   149000)            5    0.0000%  99.9938%
  [   149000,   149500)            4    0.0000%  99.9938%
  [   149500,   150000)            1    0.0000%  99.9938%
  [   150000,   150500)            1    0.0000%  99.9938%
  [   150500,   151000)            3    0.0000%  99.9938%
  [   151000,   151500)            4    0.0000%  99.9938%
  [   151500,   152000)            4    0.0000%  99.9938%
  [   152500,   153000)            1    0.0000%  99.9938%
  [   153000,   153500)            5    0.0000%  99.9939%
  [   153500,   154000)            1    0.0000%  99.9939%
  [   154000,   154500)            3    0.0000%  99.9939%
  [   154500,   155000)            2    0.0000%  99.9939%
  [   155000,   155500)            1    0.0000%  99.9939%
  [   155500,   156000)            5    0.0000%  99.9939%
  [   156000,   156500)            2    0.0000%  99.9939%
  [   156500,   157000)            2    0.0000%  99.9939%
  [   157000,   157500)            3    0.0000%  99.9939%
  [   157500,   158000)            2    0.0000%  99.9939%
  [   158000,   158500)            3    0.0000%  99.9939%
  [   159000,   159500)            5    0.0000%  99.9939%
  [   159500,   160000)            4    0.0000%  99.9940%
  [   160000,   160500)            4    0.0000%  99.9940%
  [   160500,   161000)            1    0.0000%  99.9940%
  [   161000,   161500)            6    0.0000%  99.9940%
  [   161500,   162000)            2    0.0000%  99.9940%
  [   162000,   162500)            2    0.0000%  99.9940%
  [   163500,   164000)            5    0.0000%  99.9940%
  [   164000,   164500)            3    0.0000%  99.9940%
  [   164500,   165000)            2    0.0000%  99.9940%
  [   165000,   165500)            3    0.0000%  99.9941%
  [   165500,   166000)            1    0.0000%  99.9941%
  [   166500,   167000)            1    0.0000%  99.9941%
  [   167000,   167500)            2    0.0000%  99.9941%
  [   167500,   168000)            1    0.0000%  99.9941%
  [   168000,   168500)            6    0.0000%  99.9941%
  [   168500,   169000)            1    0.0000%  99.9941%
  [   169000,   169500)            2    0.0000%  99.9941%
  [   169500,   170000)            1    0.0000%  99.9941%
  [   170000,   170500)            2    0.0000%  99.9941%
  [   171000,   171500)            1    0.0000%  99.9941%
  [   171500,   172000)            1    0.0000%  99.9941%
  [   172000,   172500)            1    0.0000%  99.9941%
  [   172500,   173000)            2    0.0000%  99.9941%
  [   173000,   173500)            4    0.0000%  99.9941%
  [   173500,   174000)            3    0.0000%  99.9942%
  [   174000,   174500)            1    0.0000%  99.9942%
  [   174500,   175000)            2    0.0000%  99.9942%
  [   176000,   176500)            5    0.0000%  99.9942%
  [   176500,   177000)            2    0.0000%  99.9942%
  [   177500,   178000)            4    0.0000%  99.9942%
  [   178000,   178500)            2    0.0000%  99.9942%
  [   178500,   179000)            2    0.0000%  99.9942%
  [   179000,   179500)            2    0.0000%  99.9942%
  [   179500,   180000)            1    0.0000%  99.9942%
  [   180000,   180500)            3    0.0000%  99.9942%
  [   180500,   181000)            2    0.0000%  99.9942%
  [   181500,   182000)            3    0.0000%  99.9942%
  [   182000,   182500)            3    0.0000%  99.9943%
  [   182500,   183000)            3    0.0000%  99.9943%
  [   183500,   184000)            1    0.0000%  99.9943%
  [   184500,   185000)            1    0.0000%  99.9943%
  [   185000,   185500)            3    0.0000%  99.9943%
  [   185500,   186000)            3    0.0000%  99.9943%
  [   186500,   187000)            2    0.0000%  99.9943%
  [   187000,   187500)            4    0.0000%  99.9943%
  [   187500,   188000)            1    0.0000%  99.9943%
  [   188000,   188500)            2    0.0000%  99.9943%
  [   188500,   189000)            2    0.0000%  99.9943%
  [   189500,   190000)            3    0.0000%  99.9943%
  [   190500,   191000)            1    0.0000%  99.9943%
  [   191000,   191500)            2    0.0000%  99.9944%
  [   191500,   192000)            2    0.0000%  99.9944%
  [   192000,   192500)            5    0.0000%  99.9944%
  [   192500,   193000)            1    0.0000%  99.9944%
  [   193000,   193500)            1    0.0000%  99.9944%
  [   194000,   194500)            2    0.0000%  99.9944%
  [   194500,   195000)            2    0.0000%  99.9944%
  [   195000,   195500)            1    0.0000%  99.9944%
  [   195500,   196000)            3    0.0000%  99.9944%
  [   196000,   196500)            2    0.0000%  99.9944%
  [   197000,   197500)            2    0.0000%  99.9944%
  [   197500,   198000)            1    0.0000%  99.9944%
  [   198000,   198500)            2    0.0000%  99.9944%
  [   198500,   199000)            2    0.0000%  99.9944%
  [   199000,   199500)            1    0.0000%  99.9944%
  [   199500,   200000)            1    0.0000%  99.9944%
  [   200000,   200500)            2    0.0000%  99.9945%
  [   200500,   201000)            4    0.0000%  99.9945%
  [   201000,   201500)            2    0.0000%  99.9945%
  [   202500,   203000)            1    0.0000%  99.9945%
  [   203000,   203500)            4    0.0000%  99.9945%
  [   204000,   204500)            2    0.0000%  99.9945%
  [   204500,   205000)            2    0.0000%  99.9945%
  [   205000,   205500)            1    0.0000%  99.9945%
  [   206000,   206500)            2    0.0000%  99.9945%
  [   206500,   207000)            4    0.0000%  99.9945%
  [   207000,   207500)            4    0.0000%  99.9945%
  [   207500,   208000)            2    0.0000%  99.9945%
  [   208000,   208500)            1    0.0000%  99.9945%
  [   208500,   209000)            3    0.0000%  99.9946%
  [   209500,   210000)            1    0.0000%  99.9946%
  [   210000,   210500)            3    0.0000%  99.9946%
  [   210500,   211000)            1    0.0000%  99.9946%
  [   211000,   211500)            1    0.0000%  99.9946%
  [   211500,   212000)            2    0.0000%  99.9946%
  [   212000,   212500)            1    0.0000%  99.9946%
  [   212500,   213000)            2    0.0000%  99.9946%
  [   213000,   213500)            2    0.0000%  99.9946%
  [   213500,   214000)            1    0.0000%  99.9946%
  [   215500,   216000)            3    0.0000%  99.9946%
  [   216500,   217000)            2    0.0000%  99.9946%
  [   217000,   217500)            1    0.0000%  99.9946%
  [   217500,   218000)            2    0.0000%  99.9946%
  [   218000,   218500)            2    0.0000%  99.9946%
  [   218500,   219000)            2    0.0000%  99.9946%
  [   219000,   219500)            1    0.0000%  99.9946%
  [   220500,   221000)            2    0.0000%  99.9947%
  [   221000,   221500)            2    0.0000%  99.9947%
  [   221500,   222000)            3    0.0000%  99.9947%
  [   222000,   222500)            4    0.0000%  99.9947%
  [   222500,   223000)            2    0.0000%  99.9947%
  [   223000,   223500)            2    0.0000%  99.9947%
  [   223500,   224000)            4    0.0000%  99.9947%
  [   224000,   224500)            2    0.0000%  99.9947%
  [   225000,   225500)            1    0.0000%  99.9947%
  [   225500,   226000)            1    0.0000%  99.9947%
  [   226000,   226500)            3    0.0000%  99.9947%
  [   227500,   228000)            1    0.0000%  99.9947%
  [   228000,   228500)            2    0.0000%  99.9947%
  [   228500,   229000)            3    0.0000%  99.9948%
  [   229000,   229500)            1    0.0000%  99.9948%
  [   229500,   230000)            2    0.0000%  99.9948%
  [   230000,   230500)            3    0.0000%  99.9948%
  [   231000,   231500)            3    0.0000%  99.9948%
  [   232000,   232500)            1    0.0000%  99.9948%
  [   232500,   233000)            1    0.0000%  99.9948%
  [   233000,   233500)            1    0.0000%  99.9948%
  [   233500,   234000)            2    0.0000%  99.9948%
  [   234500,   235000)            2    0.0000%  99.9948%
  [   235000,   235500)            2    0.0000%  99.9948%
  [   235500,   236000)            2    0.0000%  99.9948%
  [   236500,   237000)            2    0.0000%  99.9948%
  [   237000,   237500)            2    0.0000%  99.9948%
  [   237500,   238000)            1    0.0000%  99.9948%
  [   238000,   238500)            2    0.0000%  99.9948%
  [   238500,   239000)            4    0.0000%  99.9949%
  [   239500,   240000)            2    0.0000%  99.9949%
  [   240000,   240500)            1    0.0000%  99.9949%
  [   240500,   241000)            2    0.0000%  99.9949%
  [   241500,   242000)            2    0.0000%  99.9949%
  [   242000,   242500)            1    0.0000%  99.9949%
  [   242500,   243000)            1    0.0000%  99.9949%
  [   243000,   243500)            3    0.0000%  99.9949%
  [   243500,   244000)            1    0.0000%  99.9949%
  [   245500,   246000)            1    0.0000%  99.9949%
  [   246500,   247000)            3    0.0000%  99.9949%
  [   248000,   248500)            3    0.0000%  99.9949%
  [   248500,   249000)            3    0.0000%  99.9949%
  [   249000,   249500)            3    0.0000%  99.9949%
  [   249500,   250000)            2    0.0000%  99.9950%
  [   250000,   250500)            1    0.0000%  99.9950%
  [   251000,   251500)            1    0.0000%  99.9950%
  [   251500,   252000)            3    0.0000%  99.9950%
  [   252000,   252500)            2    0.0000%  99.9950%
  [   252500,   253000)            1    0.0000%  99.9950%
  [   253000,   253500)            2    0.0000%  99.9950%
  [   254000,   254500)            3    0.0000%  99.9950%
  [   254500,   255000)            2    0.0000%  99.9950%
  [   255500,   256000)            2    0.0000%  99.9950%
  [   256000,   256500)            1    0.0000%  99.9950%
  [   256500,   257000)            5    0.0000%  99.9950%
  [   257000,   257500)            1    0.0000%  99.9950%
  [   257500,   258000)            1    0.0000%  99.9950%
  [   258000,   258500)            1    0.0000%  99.9950%
  [   258500,   259000)            2    0.0000%  99.9950%
  [   259000,   259500)            3    0.0000%  99.9951%
  [   259500,   260000)            2    0.0000%  99.9951%
  [   260000,   260500)            3    0.0000%  99.9951%
  [   261000,   261500)            1    0.0000%  99.9951%
  [   261500,   262000)            2    0.0000%  99.9951%
  [   262000,   262500)            1    0.0000%  99.9951%
  [   263000,   263500)            1    0.0000%  99.9951%
  [   263500,   264000)            4    0.0000%  99.9951%
  [   264500,   265000)            1    0.0000%  99.9951%
  [   265000,   265500)            1    0.0000%  99.9951%
  [   266000,   266500)            2    0.0000%  99.9951%
  [   266500,   267000)            3    0.0000%  99.9951%
  [   267000,   267500)            1    0.0000%  99.9951%
  [   267500,   268000)            2    0.0000%  99.9951%
  [   268000,   268500)            3    0.0000%  99.9951%
  [   269500,   270000)            1    0.0000%  99.9951%
  [   270000,   270500)            2    0.0000%  99.9952%
  [   271000,   271500)            4    0.0000%  99.9952%
  [   271500,   272000)            1    0.0000%  99.9952%
  [   272000,   272500)            2    0.0000%  99.9952%
  [   272500,   273000)            1    0.0000%  99.9952%
  [   273000,   273500)            2    0.0000%  99.9952%
  [   274500,   275000)            3    0.0000%  99.9952%
  [   275500,   276000)            4    0.0000%  99.9952%
  [   276500,   277000)            1    0.0000%  99.9952%
  [   277000,   277500)            2    0.0000%  99.9952%
  [   277500,   278000)            2    0.0000%  99.9952%
  [   278000,   278500)            2    0.0000%  99.9952%
  [   279000,   279500)            1    0.0000%  99.9952%
  [   280500,   281000)            2    0.0000%  99.9952%
  [   282000,   282500)            1    0.0000%  99.9952%
  [   282500,   283000)            2    0.0000%  99.9953%
  [   283500,   284000)            4    0.0000%  99.9953%
  [   284000,   284500)            1    0.0000%  99.9953%
  [   284500,   285000)            1    0.0000%  99.9953%
  [   285000,   285500)            4    0.0000%  99.9953%
  [   285500,   286000)            2    0.0000%  99.9953%
  [   286000,   286500)            3    0.0000%  99.9953%
  [   287500,   288000)            4    0.0000%  99.9953%
  [   288000,   288500)            3    0.0000%  99.9953%
  [   288500,   289000)            2    0.0000%  99.9953%
  [   289000,   289500)            3    0.0000%  99.9953%
  [   289500,   290000)            2    0.0000%  99.9954%
  [   290000,   290500)            2    0.0000%  99.9954%
  [   290500,   291000)            2    0.0000%  99.9954%
  [   291000,   291500)            2    0.0000%  99.9954%
  [   291500,   292000)            3    0.0000%  99.9954%
  [   292000,   292500)            1    0.0000%  99.9954%
  [   292500,   293000)            2    0.0000%  99.9954%
  [   293000,   293500)            1    0.0000%  99.9954%
  [   293500,   294000)            1    0.0000%  99.9954%
  [   294500,   295000)            1    0.0000%  99.9954%
  [   295000,   295500)            1    0.0000%  99.9954%
  [   295500,   296000)            1    0.0000%  99.9954%
  [   296000,   296500)            4    0.0000%  99.9954%
  [   296500,   297000)            1    0.0000%  99.9954%
  [   297000,   297500)            2    0.0000%  99.9954%
  [   297500,   298000)            2    0.0000%  99.9954%
  [   298000,   298500)            3    0.0000%  99.9954%
  [   298500,   299000)            3    0.0000%  99.9955%
  [   299500,   300000)            3    0.0000%  99.9955%
  [   300000,   300500)            1    0.0000%  99.9955%
  [   300500,   301000)            2    0.0000%  99.9955%
  [   301000,   301500)            1    0.0000%  99.9955%
  [   302000,   302500)            1    0.0000%  99.9955%
  [   302500,   303000)            2    0.0000%  99.9955%
  [   303000,   303500)            2    0.0000%  99.9955%
  [   303500,   304000)            1    0.0000%  99.9955%
  [   304000,   304500)            2    0.0000%  99.9955%
  [   304500,   305000)            1    0.0000%  99.9955%
  [   305000,   305500)            1    0.0000%  99.9955%
  [   305500,   306000)            1    0.0000%  99.9955%
  [   306000,   306500)            2    0.0000%  99.9955%
  [   306500,   307000)            1    0.0000%  99.9955%
  [   307000,   307500)            2    0.0000%  99.9955%
  [   307500,   308000)            2    0.0000%  99.9955%
  [   308000,   308500)            2    0.0000%  99.9955%
  [   308500,   309000)            1    0.0000%  99.9956%
  [   309000,   309500)            2    0.0000%  99.9956%
  [   309500,   310000)            2    0.0000%  99.9956%
  [   310000,   310500)            2    0.0000%  99.9956%
  [   311500,   312000)            1    0.0000%  99.9956%
  [   312000,   312500)            1    0.0000%  99.9956%
  [   312500,   313000)            2    0.0000%  99.9956%
  [   313000,   313500)            2    0.0000%  99.9956%
  [   314000,   314500)            2    0.0000%  99.9956%
  [   315000,   315500)            2    0.0000%  99.9956%
  [   315500,   316000)            2    0.0000%  99.9956%
  [   316000,   316500)            2    0.0000%  99.9956%
  [   316500,   317000)            1    0.0000%  99.9956%
  [   317000,   317500)            1    0.0000%  99.9956%
  [   317500,   318000)            1    0.0000%  99.9956%
  [   318000,   318500)            2    0.0000%  99.9956%
  [   318500,   319000)            1    0.0000%  99.9956%
  [   319000,   319500)            3    0.0000%  99.9956%
  [   319500,   320000)            2    0.0000%  99.9957%
  [   320000,   320500)            3    0.0000%  99.9957%
  [   320500,   321000)            1    0.0000%  99.9957%
  [   321000,   321500)            2    0.0000%  99.9957%
  [   321500,   322000)            2    0.0000%  99.9957%
  [   322000,   322500)            1    0.0000%  99.9957%
  [   322500,   323000)            6    0.0000%  99.9957%
  [   323000,   323500)            1    0.0000%  99.9957%
  [   323500,   324000)            1    0.0000%  99.9957%
  [   324000,   324500)            1    0.0000%  99.9957%
  [   324500,   325000)            1    0.0000%  99.9957%
  [   325000,   325500)            2    0.0000%  99.9957%
  [   327000,   327500)            2    0.0000%  99.9957%
  [   327500,   328000)            1    0.0000%  99.9957%
  [   329000,   329500)            2    0.0000%  99.9957%
  [   329500,   330000)            1    0.0000%  99.9957%
  [   330000,   330500)            1    0.0000%  99.9957%
  [   331000,   331500)            1    0.0000%  99.9958%
  [   331500,   332000)            2    0.0000%  99.9958%
  [   332000,   332500)            1    0.0000%  99.9958%
  [   332500,   333000)            3    0.0000%  99.9958%
  [   333000,   333500)            2    0.0000%  99.9958%
  [   333500,   334000)            3    0.0000%  99.9958%
  [   334500,   335000)            1    0.0000%  99.9958%
  [   335000,   335500)            2    0.0000%  99.9958%
  [   336000,   336500)            1    0.0000%  99.9958%
  [   337000,   337500)            1    0.0000%  99.9958%
  [   337500,   338000)            1    0.0000%  99.9958%
  [   338000,   338500)            1    0.0000%  99.9958%
  [   338500,   339000)            2    0.0000%  99.9958%
  [   339000,   339500)            1    0.0000%  99.9958%
  [   339500,   340000)            1    0.0000%  99.9958%
  [   340000,   340500)            2    0.0000%  99.9958%
  [   340500,   341000)            2    0.0000%  99.9958%
  [   341000,   341500)            1    0.0000%  99.9958%
  [   341500,   342000)            2    0.0000%  99.9958%
  [   342000,   342500)            1    0.0000%  99.9959%
  [   342500,   343000)            3    0.0000%  99.9959%
  [   343000,   343500)            3    0.0000%  99.9959%
  [   343500,   344000)            2    0.0000%  99.9959%
  [   344000,   344500)            3    0.0000%  99.9959%
  [   345500,   346000)            2    0.0000%  99.9959%
  [   346000,   346500)            1    0.0000%  99.9959%
  [   346500,   347000)            1    0.0000%  99.9959%
  [   347000,   347500)            1    0.0000%  99.9959%
  [   347500,   348000)            1    0.0000%  99.9959%
  [   348000,   348500)            2    0.0000%  99.9959%
  [   349500,   350000)            2    0.0000%  99.9959%
  [   350000,   350500)            2    0.0000%  99.9959%
  [   350500,   351000)            1    0.0000%  99.9959%
  [   351500,   352000)            1    0.0000%  99.9959%
  [   352000,   352500)            2    0.0000%  99.9959%
  [   352500,   353000)            4    0.0000%  99.9960%
  [   353000,   353500)            1    0.0000%  99.9960%
  [   353500,   354000)            3    0.0000%  99.9960%
  [   354000,   354500)            3    0.0000%  99.9960%
  [   354500,   355000)            1    0.0000%  99.9960%
  [   355000,   355500)            1    0.0000%  99.9960%
  [   355500,   356000)            3    0.0000%  99.9960%
  [   356000,   356500)            2    0.0000%  99.9960%
  [   356500,   357000)            2    0.0000%  99.9960%
  [   357500,   358000)            2    0.0000%  99.9960%
  [   358000,   358500)            2    0.0000%  99.9960%
  [   358500,   359000)            1    0.0000%  99.9960%
  [   359000,   359500)            1    0.0000%  99.9960%
  [   359500,   360000)            4    0.0000%  99.9960%
  [   360000,   360500)            1    0.0000%  99.9960%
  [   361000,   361500)            3    0.0000%  99.9961%
  [   361500,   362000)            2    0.0000%  99.9961%
  [   362000,   362500)            3    0.0000%  99.9961%
  [   362500,   363000)            2    0.0000%  99.9961%
  [   363000,   363500)            1    0.0000%  99.9961%
  [   364000,   364500)            1    0.0000%  99.9961%
  [   364500,   365000)            1    0.0000%  99.9961%
  [   365000,   365500)            2    0.0000%  99.9961%
  [   365500,   366000)            1    0.0000%  99.9961%
  [   366500,   367000)            2    0.0000%  99.9961%
  [   367500,   368000)            1    0.0000%  99.9961%
  [   368000,   368500)            2    0.0000%  99.9961%
  [   368500,   369000)            3    0.0000%  99.9961%
  [   369000,   369500)            1    0.0000%  99.9961%
  [   369500,   370000)            1    0.0000%  99.9961%
  [   370000,   370500)            2    0.0000%  99.9961%
  [   370500,   371000)            1    0.0000%  99.9961%
  [   371000,   371500)            3    0.0000%  99.9962%
  [   371500,   372000)            2    0.0000%  99.9962%
  [   372500,   373000)            3    0.0000%  99.9962%
  [   373000,   373500)            2    0.0000%  99.9962%
  [   373500,   374000)            2    0.0000%  99.9962%
  [   374000,   374500)            1    0.0000%  99.9962%
  [   374500,   375000)            1    0.0000%  99.9962%
  [   375000,   375500)            2    0.0000%  99.9962%
  [   375500,   376000)            1    0.0000%  99.9962%
  [   376500,   377000)            2    0.0000%  99.9962%
  [   377000,   377500)            3    0.0000%  99.9962%
  [   377500,   378000)            1    0.0000%  99.9962%
  [   378500,   379000)            1    0.0000%  99.9962%
  [   379000,   379500)            2    0.0000%  99.9962%
  [   379500,   380000)            1    0.0000%  99.9962%
  [   380000,   380500)            2    0.0000%  99.9962%
  [   381500,   382000)            2    0.0000%  99.9962%
  [   382500,   383000)            2    0.0000%  99.9963%
  [   383000,   383500)            1    0.0000%  99.9963%
  [   383500,   384000)            1    0.0000%  99.9963%
  [   384000,   384500)            1    0.0000%  99.9963%
  [   385000,   385500)            1    0.0000%  99.9963%
  [   385500,   386000)            3    0.0000%  99.9963%
  [   386000,   386500)            1    0.0000%  99.9963%
  [   386500,   387000)            1    0.0000%  99.9963%
  [   387000,   387500)            6    0.0000%  99.9963%
  [   387500,   388000)            1    0.0000%  99.9963%
  [   388500,   389000)            1    0.0000%  99.9963%
  [   389000,   389500)            1    0.0000%  99.9963%
  [   389500,   390000)            1    0.0000%  99.9963%
  [   390000,   390500)            2    0.0000%  99.9963%
  [   391000,   391500)            4    0.0000%  99.9963%
  [   391500,   392000)            1    0.0000%  99.9963%
  [   393000,   393500)            7    0.0000%  99.9964%
  [   393500,   394000)            4    0.0000%  99.9964%
  [   394500,   395000)            1    0.0000%  99.9964%
  [   395000,   395500)            1    0.0000%  99.9964%
  [   395500,   396000)            2    0.0000%  99.9964%
  [   396500,   397000)            3    0.0000%  99.9964%
  [   397000,   397500)            2    0.0000%  99.9964%
  [   397500,   398000)            1    0.0000%  99.9964%
  [   398000,   398500)            2    0.0000%  99.9964%
  [   399000,   399500)            4    0.0000%  99.9964%
  [   400000,   400500)            2    0.0000%  99.9964%
  [   400500,   401000)            3    0.0000%  99.9964%
  [   401000,   401500)            1    0.0000%  99.9964%
  [   401500,   402000)            2    0.0000%  99.9965%
  [   402500,   403000)            2    0.0000%  99.9965%
  [   403000,   403500)            1    0.0000%  99.9965%
  [   403500,   404000)            2    0.0000%  99.9965%
  [   404000,   404500)            2    0.0000%  99.9965%
  [   404500,   405000)            1    0.0000%  99.9965%
  [   405500,   406000)            1    0.0000%  99.9965%
  [   406000,   406500)            1    0.0000%  99.9965%
  [   406500,   407000)            1    0.0000%  99.9965%
  [   407500,   408000)            1    0.0000%  99.9965%
  [   410000,   410500)            2    0.0000%  99.9965%
  [   410500,   411000)            2    0.0000%  99.9965%
  [   411000,   411500)            2    0.0000%  99.9965%
  [   411500,   412000)            2    0.0000%  99.9965%
  [   412000,   412500)            2    0.0000%  99.9965%
  [   412500,   413000)            3    0.0000%  99.9965%
  [   413500,   414000)            1    0.0000%  99.9965%
  [   414000,   414500)            1    0.0000%  99.9965%
  [   414500,   415000)            2    0.0000%  99.9966%
  [   415000,   415500)            1    0.0000%  99.9966%
  [   415500,   416000)            1    0.0000%  99.9966%
  [   416000,   416500)            4    0.0000%  99.9966%
  [   416500,   417000)            2    0.0000%  99.9966%
  [   417000,   417500)            1    0.0000%  99.9966%
  [   418000,   418500)            3    0.0000%  99.9966%
  [   418500,   419000)            2    0.0000%  99.9966%
  [   419000,   419500)            2    0.0000%  99.9966%
  [   419500,   420000)            1    0.0000%  99.9966%
  [   420000,   420500)            1    0.0000%  99.9966%
  [   420500,   421000)            2    0.0000%  99.9966%
  [   421500,   422000)            3    0.0000%  99.9966%
  [   422000,   422500)            1    0.0000%  99.9966%
  [   423500,   424000)            1    0.0000%  99.9966%
  [   424500,   425000)            2    0.0000%  99.9966%
  [   425000,   425500)            2    0.0000%  99.9966%
  [   426000,   426500)            2    0.0000%  99.9967%
  [   426500,   427000)            4    0.0000%  99.9967%
  [   427000,   427500)            3    0.0000%  99.9967%
  [   427500,   428000)            1    0.0000%  99.9967%
  [   428000,   428500)            1    0.0000%  99.9967%
  [   428500,   429000)            2    0.0000%  99.9967%
  [   429500,   430000)            1    0.0000%  99.9967%
  [   430500,   431000)            1    0.0000%  99.9967%
  [   431000,   431500)            1    0.0000%  99.9967%
  [   431500,   432000)            3    0.0000%  99.9967%
  [   433000,   433500)            3    0.0000%  99.9967%
  [   433500,   434000)            1    0.0000%  99.9967%
  [   434000,   434500)            3    0.0000%  99.9967%
  [   434500,   435000)            1    0.0000%  99.9967%
  [   436500,   437000)            1    0.0000%  99.9967%
  [   437000,   437500)            1    0.0000%  99.9967%
  [   438000,   438500)            1    0.0000%  99.9967%
  [   438500,   439000)            4    0.0000%  99.9968%
  [   439000,   439500)            3    0.0000%  99.9968%
  [   439500,   440000)            2    0.0000%  99.9968%
  [   440000,   440500)            1    0.0000%  99.9968%
  [   440500,   441000)            2    0.0000%  99.9968%
  [   441500,   442000)            1    0.0000%  99.9968%
  [   442500,   443000)            6    0.0000%  99.9968%
  [   443000,   443500)            1    0.0000%  99.9968%
  [   443500,   444000)            2    0.0000%  99.9968%
  [   444000,   444500)            2    0.0000%  99.9968%
  [   444500,   445000)            1    0.0000%  99.9968%
  [   445000,   445500)            2    0.0000%  99.9968%
  [   445500,   446000)            2    0.0000%  99.9968%
  [   446000,   446500)            2    0.0000%  99.9969%
  [   447000,   447500)            1    0.0000%  99.9969%
  [   447500,   448000)            1    0.0000%  99.9969%
  [   448000,   448500)            1    0.0000%  99.9969%
  [   448500,   449000)            1    0.0000%  99.9969%
  [   449000,   449500)            2    0.0000%  99.9969%
  [   449500,   450000)            4    0.0000%  99.9969%
  [   450500,   451000)            2    0.0000%  99.9969%
  [   451000,   451500)            4    0.0000%  99.9969%
  [   451500,   452000)            3    0.0000%  99.9969%
  [   452000,   452500)            1    0.0000%  99.9969%
  [   452500,   453000)            2    0.0000%  99.9969%
  [   453000,   453500)            2    0.0000%  99.9969%
  [   454000,   454500)            1    0.0000%  99.9969%
  [   454500,   455000)            2    0.0000%  99.9969%
  [   455000,   455500)            1    0.0000%  99.9969%
  [   455500,   456000)            4    0.0000%  99.9970%
  [   456500,   457000)            1    0.0000%  99.9970%
  [   458000,   458500)            1    0.0000%  99.9970%
  [   458500,   459000)            1    0.0000%  99.9970%
  [   459000,   459500)            1    0.0000%  99.9970%
  [   459500,   460000)            1    0.0000%  99.9970%
  [   460000,   460500)            2    0.0000%  99.9970%
  [   460500,   461000)            2    0.0000%  99.9970%
  [   461000,   461500)            1    0.0000%  99.9970%
  [   461500,   462000)            2    0.0000%  99.9970%
  [   462000,   462500)            2    0.0000%  99.9970%
  [   462500,   463000)            1    0.0000%  99.9970%
  [   463000,   463500)            5    0.0000%  99.9970%
  [   463500,   464000)            3    0.0000%  99.9970%
  [   465000,   465500)            4    0.0000%  99.9970%
  [   465500,   466000)            1    0.0000%  99.9971%
  [   466000,   466500)            1    0.0000%  99.9971%
  [   467000,   467500)            2    0.0000%  99.9971%
  [   467500,   468000)            1    0.0000%  99.9971%
  [   468000,   468500)            1    0.0000%  99.9971%
  [   468500,   469000)            1    0.0000%  99.9971%
  [   469000,   469500)            2    0.0000%  99.9971%
  [   469500,   470000)            3    0.0000%  99.9971%
  [   470500,   471000)            3    0.0000%  99.9971%
  [   471000,   471500)            3    0.0000%  99.9971%
  [   471500,   472000)            2    0.0000%  99.9971%
  [   472000,   472500)            1    0.0000%  99.9971%
  [   472500,   473000)            1    0.0000%  99.9971%
  [   473000,   473500)            1    0.0000%  99.9971%
  [   473500,   474000)            3    0.0000%  99.9971%
  [   474000,   474500)            2    0.0000%  99.9971%
  [   474500,   475000)            4    0.0000%  99.9972%
  [   475000,   475500)            2    0.0000%  99.9972%
  [   475500,   476000)            1    0.0000%  99.9972%
  [   476500,   477000)            1    0.0000%  99.9972%
  [   477000,   477500)            1    0.0000%  99.9972%
  [   477500,   478000)            1    0.0000%  99.9972%
  [   478500,   479000)            2    0.0000%  99.9972%
  [   479500,   480000)            3    0.0000%  99.9972%
  [   480000,   480500)            1    0.0000%  99.9972%
  [   480500,   481000)            2    0.0000%  99.9972%
  [   481000,   481500)            1    0.0000%  99.9972%
  [   481500,   482000)            1    0.0000%  99.9972%
  [   482000,   482500)            2    0.0000%  99.9972%
  [   482500,   483000)            2    0.0000%  99.9972%
  [   483000,   483500)            4    0.0000%  99.9972%
  [   483500,   484000)            4    0.0000%  99.9972%
  [   484000,   484500)            3    0.0000%  99.9973%
  [   484500,   485000)            1    0.0000%  99.9973%
  [   485000,   485500)            3    0.0000%  99.9973%
  [   485500,   486000)            2    0.0000%  99.9973%
  [   486000,   486500)            6    0.0000%  99.9973%
  [   486500,   487000)            4    0.0000%  99.9973%
  [   487000,   487500)            2    0.0000%  99.9973%
  [   487500,   488000)            3    0.0000%  99.9973%
  [   488000,   488500)            2    0.0000%  99.9973%
  [   488500,   489000)            4    0.0000%  99.9973%
  [   489000,   489500)            1    0.0000%  99.9974%
  [   490000,   490500)            1    0.0000%  99.9974%
  [   490500,   491000)            2    0.0000%  99.9974%
  [   491000,   491500)            2    0.0000%  99.9974%
  [   491500,   492000)            1    0.0000%  99.9974%
  [   492000,   492500)            3    0.0000%  99.9974%
  [   492500,   493000)            1    0.0000%  99.9974%
  [   493000,   493500)            5    0.0000%  99.9974%
  [   493500,   494000)            4    0.0000%  99.9974%
  [   494000,   494500)            2    0.0000%  99.9974%
  [   495500,   496000)            2    0.0000%  99.9974%
  [   496000,   496500)            2    0.0000%  99.9974%
  [   496500,   497000)            1    0.0000%  99.9974%
  [   497000,   497500)            2    0.0000%  99.9974%
  [   497500,   498000)            3    0.0000%  99.9975%
  [   498000,   498500)            2    0.0000%  99.9975%
  [   498500,   499000)            1    0.0000%  99.9975%
  [   499000,   499500)            2    0.0000%  99.9975%
  [   499500,   500000)            2    0.0000%  99.9975%
  [   500000,   500500)            1    0.0000%  99.9975%
  [   500500,   501000)            2    0.0000%  99.9975%
  [   501000,   501500)            2    0.0000%  99.9975%
  [   501500,   502000)            1    0.0000%  99.9975%
  [   502000,   502500)            1    0.0000%  99.9975%
  [   503000,   503500)            2    0.0000%  99.9975%
  [   503500,   504000)            2    0.0000%  99.9975%
  [   504000,   504500)            2    0.0000%  99.9975%
  [   505000,   505500)            3    0.0000%  99.9975%
  [   505500,   506000)            1    0.0000%  99.9975%
  [   506000,   506500)            3    0.0000%  99.9975%
  [   506500,   507000)            3    0.0000%  99.9976%
  [   507000,   507500)            3    0.0000%  99.9976%
  [   507500,   508000)            4    0.0000%  99.9976%
  [   508000,   508500)            3    0.0000%  99.9976%
  [   508500,   509000)            2    0.0000%  99.9976%
  [   509000,   509500)            1    0.0000%  99.9976%
  [   510000,   510500)            2    0.0000%  99.9976%
  [   510500,   511000)            2    0.0000%  99.9976%
  [   511000,   511500)            2    0.0000%  99.9976%
  [   511500,   512000)            3    0.0000%  99.9976%
  [   512000,   512500)            4    0.0000%  99.9976%
  [   512500,   513000)            2    0.0000%  99.9976%
  [   513000,   513500)            4    0.0000%  99.9977%
  [   513500,   514000)            4    0.0000%  99.9977%
  [   514500,   515000)            6    0.0000%  99.9977%
  [   515000,   515500)            3    0.0000%  99.9977%
  [   515500,   516000)            1    0.0000%  99.9977%
  [   516000,   516500)            2    0.0000%  99.9977%
  [   516500,   517000)            6    0.0000%  99.9977%
  [   517000,   517500)            2    0.0000%  99.9977%
  [   517500,   518000)            6    0.0000%  99.9978%
  [   518000,   518500)            2    0.0000%  99.9978%
  [   518500,   519000)            2    0.0000%  99.9978%
  [   519000,   519500)            2    0.0000%  99.9978%
  [   519500,   520000)            3    0.0000%  99.9978%
  [   520000,   520500)            4    0.0000%  99.9978%
  [   520500,   521000)            3    0.0000%  99.9978%
  [   521500,   522000)            2    0.0000%  99.9978%
  [   522000,   522500)            2    0.0000%  99.9978%
  [   522500,   523000)            2    0.0000%  99.9978%
  [   523000,   523500)            2    0.0000%  99.9978%
  [   523500,   524000)            2    0.0000%  99.9978%
  [   524000,   524500)            1    0.0000%  99.9979%
  [   524500,   525000)            2    0.0000%  99.9979%
  [   525000,   525500)            4    0.0000%  99.9979%
  [   525500,   526000)            5    0.0000%  99.9979%
  [   526000,   526500)            4    0.0000%  99.9979%
  [   526500,   527000)            3    0.0000%  99.9979%
  [   527000,   527500)            2    0.0000%  99.9979%
  [   527500,   528000)            4    0.0000%  99.9979%
  [   528000,   528500)            2    0.0000%  99.9979%
  [   528500,   529000)            2    0.0000%  99.9979%
  [   529000,   529500)            3    0.0000%  99.9980%
  [   529500,   530000)            4    0.0000%  99.9980%
  [   530000,   530500)            3    0.0000%  99.9980%
  [   530500,   531000)            3    0.0000%  99.9980%
  [   531000,   531500)            2    0.0000%  99.9980%
  [   531500,   532000)            1    0.0000%  99.9980%
  [   532000,   532500)            3    0.0000%  99.9980%
  [   532500,   533000)            7    0.0000%  99.9980%
  [   533000,   533500)            3    0.0000%  99.9980%
  [   533500,   534000)            3    0.0000%  99.9981%
  [   534000,   534500)            2    0.0000%  99.9981%
  [   534500,   535000)            3    0.0000%  99.9981%
  [   535000,   535500)            3    0.0000%  99.9981%
  [   535500,   536000)            6    0.0000%  99.9981%
  [   536000,   536500)            5    0.0000%  99.9981%
  [   536500,   537000)            2    0.0000%  99.9981%
  [   537000,   537500)            6    0.0000%  99.9981%
  [   537500,   538000)            3    0.0000%  99.9982%
  [   538000,   538500)            3    0.0000%  99.9982%
  [   538500,   539000)            5    0.0000%  99.9982%
  [   539000,   539500)            1    0.0000%  99.9982%
  [   539500,   540000)            7    0.0000%  99.9982%
  [   540000,   540500)            1    0.0000%  99.9982%
  [   541000,   541500)            5    0.0000%  99.9982%
  [   541500,   542000)            2    0.0000%  99.9982%
  [   542000,   542500)            5    0.0000%  99.9982%
  [   542500,   543000)            7    0.0000%  99.9983%
  [   543000,   543500)            3    0.0000%  99.9983%
  [   543500,   544000)            6    0.0000%  99.9983%
  [   544000,   544500)            1    0.0000%  99.9983%
  [   544500,   545000)            2    0.0000%  99.9983%
  [   545000,   545500)            1    0.0000%  99.9983%
  [   545500,   546000)            7    0.0000%  99.9983%
  [   546000,   546500)            2    0.0000%  99.9983%
  [   546500,   547000)            6    0.0000%  99.9984%
  [   547500,   548000)            2    0.0000%  99.9984%
  [   548000,   548500)            5    0.0000%  99.9984%
  [   548500,   549000)            5    0.0000%  99.9984%
  [   549000,   549500)            3    0.0000%  99.9984%
  [   549500,   550000)            3    0.0000%  99.9984%
  [   550000,   550500)            5    0.0000%  99.9984%
  [   550500,   551000)            4    0.0000%  99.9985%
  [   551000,   551500)            3    0.0000%  99.9985%
  [   551500,   552000)            3    0.0000%  99.9985%
  [   552000,   552500)            2    0.0000%  99.9985%
  [   552500,   553000)            4    0.0000%  99.9985%
  [   553000,   553500)            3    0.0000%  99.9985%
  [   553500,   554000)            3    0.0000%  99.9985%
  [   554000,   554500)            7    0.0000%  99.9985%
  [   554500,   555000)            2    0.0000%  99.9985%
  [   555000,   555500)            2    0.0000%  99.9986%
  [   555500,   556000)            2    0.0000%  99.9986%
  [   556000,   556500)            3    0.0000%  99.9986%
  [   556500,   557000)            2    0.0000%  99.9986%
  [   557000,   557500)            4    0.0000%  99.9986%
  [   557500,   558000)            2    0.0000%  99.9986%
  [   558000,   558500)            1    0.0000%  99.9986%
  [   558500,   559000)            5    0.0000%  99.9986%
  [   559000,   559500)            3    0.0000%  99.9986%
  [   559500,   560000)            7    0.0000%  99.9986%
  [   560000,   560500)            9    0.0000%  99.9987%
  [   560500,   561000)            2    0.0000%  99.9987%
  [   561000,   561500)            5    0.0000%  99.9987%
  [   561500,   562000)            1    0.0000%  99.9987%
  [   562000,   562500)            1    0.0000%  99.9987%
  [   563000,   563500)            3    0.0000%  99.9987%
  [   563500,   564000)            5    0.0000%  99.9987%
  [   564000,   564500)            4    0.0000%  99.9987%
  [   564500,   565000)            6    0.0000%  99.9988%
  [   565000,   565500)            1    0.0000%  99.9988%
  [   565500,   566000)            3    0.0000%  99.9988%
  [   566000,   566500)            4    0.0000%  99.9988%
  [   566500,   567000)            1    0.0000%  99.9988%
  [   567000,   567500)            2    0.0000%  99.9988%
  [   567500,   568000)            2    0.0000%  99.9988%
  [   568000,   568500)            3    0.0000%  99.9988%
  [   568500,   569000)            9    0.0000%  99.9989%
  [   569000,   569500)            6    0.0000%  99.9989%
  [   569500,   570000)            5    0.0000%  99.9989%
  [   570000,   570500)            3    0.0000%  99.9989%
  [   570500,   571000)            3    0.0000%  99.9989%
  [   571500,   572000)            3    0.0000%  99.9989%
  [   572000,   572500)            6    0.0000%  99.9989%
  [   572500,   573000)            1    0.0000%  99.9989%
  [   573000,   573500)            3    0.0000%  99.9990%
  [   573500,   574000)            4    0.0000%  99.9990%
  [   574000,   574500)            5    0.0000%  99.9990%
  [   574500,   575000)            1    0.0000%  99.9990%
  [   575000,   575500)            6    0.0000%  99.9990%
  [   575500,   576000)            4    0.0000%  99.9990%
  [   576500,   577000)            4    0.0000%  99.9990%
  [   577000,   577500)            3    0.0000%  99.9990%
  [   577500,   578000)            4    0.0000%  99.9991%
  [   578000,   578500)            1    0.0000%  99.9991%
  [   578500,   579000)            2    0.0000%  99.9991%
  [   579000,   579500)            2    0.0000%  99.9991%
  [   579500,   580000)            3    0.0000%  99.9991%
  [   580500,   581000)            3    0.0000%  99.9991%
  [   581000,   581500)            1    0.0000%  99.9991%
  [   581500,   582000)            1    0.0000%  99.9991%
  [   582000,   582500)            1    0.0000%  99.9991%
  [   582500,   583000)            2    0.0000%  99.9991%
  [   583000,   583500)            2    0.0000%  99.9991%
  [   583500,   584000)            3    0.0000%  99.9991%
  [   584000,   584500)            5    0.0000%  99.9991%
  [   584500,   585000)            4    0.0000%  99.9992%
  [   585000,   585500)            2    0.0000%  99.9992%
  [   585500,   586000)            2    0.0000%  99.9992%
  [   586000,   586500)            1    0.0000%  99.9992%
  [   586500,   587000)            7    0.0000%  99.9992%
  [   587000,   587500)            2    0.0000%  99.9992%
  [   587500,   588000)            3    0.0000%  99.9992%
  [   588000,   588500)            3    0.0000%  99.9992%
  [   588500,   589000)            2    0.0000%  99.9992%
  [   590000,   590500)            2    0.0000%  99.9992%
  [   590500,   591000)            1    0.0000%  99.9992%
  [   591000,   591500)            2    0.0000%  99.9992%
  [   591500,   592000)            1    0.0000%  99.9992%
  [   592000,   592500)            4    0.0000%  99.9993%
  [   593000,   593500)            3    0.0000%  99.9993%
  [   593500,   594000)            2    0.0000%  99.9993%
  [   594000,   594500)            1    0.0000%  99.9993%
  [   594500,   595000)            3    0.0000%  99.9993%
  [   595500,   596000)            2    0.0000%  99.9993%
  [   596000,   596500)            1    0.0000%  99.9993%
  [   596500,   597000)            1    0.0000%  99.9993%
  [   597000,   597500)            2    0.0000%  99.9993%
  [   597500,   598000)            2    0.0000%  99.9993%
  [   598000,   598500)            2    0.0000%  99.9993%
  [   598500,   599000)            2    0.0000%  99.9993%
  [   599500,   600000)            4    0.0000%  99.9993%
  [   600000,   600500)            6    0.0000%  99.9994%
  [   600500,   601000)            3    0.0000%  99.9994%
  [   601000,   601500)            2    0.0000%  99.9994%
  [   601500,   602000)            3    0.0000%  99.9994%
  [   602000,   602500)            3    0.0000%  99.9994%
  [   602500,   603000)            2    0.0000%  99.9994%
  [   603500,   604000)            3    0.0000%  99.9994%
  [   604500,   605000)            2    0.0000%  99.9994%
  [   605500,   606000)            5    0.0000%  99.9994%
  [   606000,   606500)            1    0.0000%  99.9994%
  [   606500,   607000)            6    0.0000%  99.9995%
  [   607000,   607500)            3    0.0000%  99.9995%
  [   607500,   608000)            5    0.0000%  99.9995%
  [   608000,   608500)            2    0.0000%  99.9995%
  [   608500,   609000)            1    0.0000%  99.9995%
  [   609000,   609500)            4    0.0000%  99.9995%
  [   609500,   610000)            1    0.0000%  99.9995%
  [   610500,   611000)            2    0.0000%  99.9995%
  [   611000,   611500)            2    0.0000%  99.9995%
  [   611500,   612000)            1    0.0000%  99.9995%
  [   612000,   612500)            4    0.0000%  99.9995%
  [   612500,   613000)            2    0.0000%  99.9996%
  [   613000,   613500)            2    0.0000%  99.9996%
  [   613500,   614000)            4    0.0000%  99.9996%
  [   614000,   614500)            1    0.0000%  99.9996%
  [   614500,   615000)            3    0.0000%  99.9996%
  [   615000,   615500)            2    0.0000%  99.9996%
  [   615500,   616000)            1    0.0000%  99.9996%
  [   616000,   616500)            2    0.0000%  99.9996%
  [   616500,   617000)            1    0.0000%  99.9996%
  [   617000,   617500)            1    0.0000%  99.9996%
  [   617500,   618000)            2    0.0000%  99.9996%
  [   618000,   618500)            2    0.0000%  99.9996%
  [   619000,   619500)            1    0.0000%  99.9996%
  [   619500,   620000)            1    0.0000%  99.9996%
  [   620000,   620500)            1    0.0000%  99.9996%
  [   620500,   621000)            1    0.0000%  99.9996%
  [   621000,   621500)            1    0.0000%  99.9996%
  [   621500,   622000)            3    0.0000%  99.9997%
  [   622500,   623000)            2    0.0000%  99.9997%
  [   624000,   624500)            2    0.0000%  99.9997%
  [   624500,   625000)            3    0.0000%  99.9997%
  [   625000,   625500)            1    0.0000%  99.9997%
  [   625500,   626000)            1    0.0000%  99.9997%
  [   626500,   627000)            2    0.0000%  99.9997%
  [   627000,   627500)            3    0.0000%  99.9997%
  [   627500,   628000)            2    0.0000%  99.9997%
  [   628000,   628500)            3    0.0000%  99.9997%
  [   629000,   629500)            2    0.0000%  99.9997%
  [   629500,   630000)            3    0.0000%  99.9997%
  [   630000,   630500)            2    0.0000%  99.9997%
  [   631500,   632000)            2    0.0000%  99.9997%
  [   633500,   634000)            2    0.0000%  99.9998%
  [   634500,   635000)            1    0.0000%  99.9998%
  [   637000,   637500)            1    0.0000%  99.9998%
  [   639000,   639500)            2    0.0000%  99.9998%
  [   639500,   640000)            1    0.0000%  99.9998%
  [   640000,   640500)            1    0.0000%  99.9998%
  [   640500,   641000)            1    0.0000%  99.9998%
  [   643000,   643500)            1    0.0000%  99.9998%
  [   644000,   644500)            2    0.0000%  99.9998%
  [   645000,   645500)            1    0.0000%  99.9998%
  [   645500,   646000)            1    0.0000%  99.9998%
  [   647000,   647500)            1    0.0000%  99.9998%
  [   647500,   648000)            1    0.0000%  99.9998%
  [   648500,   649000)            1    0.0000%  99.9998%
  [   649500,   650000)            3    0.0000%  99.9998%
  [   652500,   653000)            1    0.0000%  99.9998%
  [   654000,   654500)            1    0.0000%  99.9998%
  [   655000,   655500)            1    0.0000%  99.9998%
  [   655500,   656000)            2    0.0000%  99.9998%
  [   656000,   656500)            1    0.0000%  99.9998%
  [   656500,   657000)            1    0.0000%  99.9998%
  [   657000,   657500)            1    0.0000%  99.9998%
  [   658500,   659000)            4    0.0000%  99.9999%
  [   659000,   659500)            1    0.0000%  99.9999%
  [   659500,   660000)            1    0.0000%  99.9999%
  [   660500,   661000)            1    0.0000%  99.9999%
  [   662500,   663000)            2    0.0000%  99.9999%
  [   663000,   663500)            1    0.0000%  99.9999%
  [   665000,   665500)            2    0.0000%  99.9999%
  [   667000,   667500)            2    0.0000%  99.9999%
  [   667500,   668000)            1    0.0000%  99.9999%
  [   670500,   671000)            2    0.0000%  99.9999%
  [   671500,   672000)            1    0.0000%  99.9999%
  [   672000,   672500)            1    0.0000%  99.9999%
  [   673500,   674000)            1    0.0000%  99.9999%
  [   674000,   674500)            2    0.0000%  99.9999%
  [   677500,   678000)            2    0.0000%  99.9999%
  [   678500,   679000)            1    0.0000%  99.9999%
  [   683000,   683500)            1    0.0000%  99.9999%
  [   683500,   684000)            1    0.0000%  99.9999%
  [   686500,   687000)            1    0.0000%  99.9999%
  [   687000,   687500)            1    0.0000%  99.9999%
  [   687500,   688000)            1    0.0000%  99.9999%
  [   689500,   690000)            1    0.0000%  99.9999%
  [   690500,   691000)            3    0.0000% 100.0000%
  [   691000,   691500)            1    0.0000% 100.0000%
  [   692000,   692500)            1    0.0000% 100.0000%
  [   693500,   694000)            1    0.0000% 100.0000%
  [   694500,   695000)            1    0.0000% 100.0000%
  [   696500,   697000)            1    0.0000% 100.0000%
  [   698500,   699000)            1    0.0000% 100.0000%
  [   701000,   701500)            1    0.0000% 100.0000%
  [   707500,   708000)            1    0.0000% 100.0000%
  [   711000,   711500)            1    0.0000% 100.0000%
  [   718000,   718500)            1    0.0000% 100.0000%
  [   744000,   744500)            1    0.0000% 100.0000%
  [   758000,   758500)            1    0.0000% 100.0000%
  [   766000,   766500)            1    0.0000% 100.0000%
  [   771000,   771500)            1    0.0000% 100.0000%

----- OFFLOADED TASKS [node 1] -----
  ops total                = 29999988
  ops direct (1-sided)     = 29999988 (100.00%)
  ops offload (rpc)        = 0 (0.00%)
  lookup pushdowns         = 0
  scan   pushdowns (RPC)   = 0
    kv pairs returned      = 0
    leaves scanned remotely= 0
    kv / scan pushdown     = 0.00
    leaves / scan pushdown = 0.00
=========================================================================

[CORRECTNESS node 1] lookup found 14997706 / 14997948 = 99.9984%
[CORRECTNESS node 1] scan rows returned = 1500178164
[READPATH node 1] lookups=15121151  index-cache hit=99.2%  per lookup: leaf=0.993 speculative=0.000 (right 0.0%) hop-reads=0.993 (two-segment 0.404) retries=0.000 invalid=0.000 sibling=0.000  => est. leaf round trips/lookup=0.993
[LEAFCACHE] off

----- PER-LEVEL CACHE HITS [node 1] (lookups; level 0 = leaf) -----
[LEVEL] level=0 hits=0 misses=14886407 hit_rate=0.0000
[LEVEL] level=1 hits=14885851 misses=556 hit_rate=1.0000
[LEVEL] level=2 hits=14885936 misses=471 hit_rate=1.0000
[LEVEL] level=3 hits=14885936 misses=471 hit_rate=1.0000
[LEVEL] level=4 hits=14885936 misses=471 hit_rate=1.0000
[LEVEL] level=5 hits=14885936 misses=471 hit_rate=1.0000
[LEVEL] level=6 hits=14885936 misses=471 hit_rate=1.0000
[LEVEL] level=7 hits=14885936 misses=471 hit_rate=1.0000
[LEVEL] level=8 hits=14885936 misses=471 hit_rate=1.0000
[LEVEL] level=9 hits=14885936 misses=471 hit_rate=1.0000
[KIND node 1] lookups=14886407 inner_visits=133977663 inner_hits=133973339 inner_hit_pct=100.00 leaf_visits=14886407 leaf_hits=0 leaf_hit_pct=0.00
[SCANLEAF node 1] scans=15002040 inner_complete_miss=0 inner_partial=1894 leaf_cache_hits=0 leaf_reads=200717868 cn_leaves_per_scan=13.38 leaf_hit_pct=0.00
[END]
