Compute node count = 1
kNodeCount 2, kReadRatio 100, kInsertRatio 0, kUpdateRatio 0, kDeleteRatio 0, kRangeRatio 0, totalThreadCount 40, memThreadCount 2 cache_size 8, uniform_workload 1, zipfian 0.990000, bulk_load_num 50000000, warmup_num 10000000, op_num 30000000, check_correctness 0, time_based 0, early_stop 1, index 0, rpc_rate 1.000000, admission_rate 0.100000, auto_tune 0
kMaxThread = 40
KeySpace = 50001000
[GEOMETRY] inner_page=288 leaf_page=352 inner_entries=13 leaf_entries=16 slot=352 placement=mn_only
[4mshared memory size: 64GB, 0x7fef77200000[0m
[4mcache size: 2GB[0m
[4mMachine NR: 2[0m
[4mMax_APP_THREAD: 80[0m
[4mNR_DIRECTORY: 16[0m
[4mStart Build the DSMKeeper[0m
I am servers 0 [255.127.0.0]
I connect server 1
[4mdir 0 launch! (core 79 of 80)
[0m
[4mdir 1 launch! (core 78 of 80)
[0m
CNode 0, left bound = 0, right bound = 18446744073709551615
Pushdown (RPC) Rate: 1
Admission Rate: 0.1
Cache size(MB) = 7.99991
-----Cache initial addr = 0x7fef5f800000
page num = 23831
alloc_unit = 352
entry_num: 23831
bucket_num: 7944
Bucket size = 64
entry_num: 2383
bucket_num: 398
[DEX-R] push reads from the deepest cached node: ON (DEX_PUSH_READS_DEEPEST; writes keep DEX's megaLevel rule)
start generating tree
num_partitions = 1
Success: tree root pointer value [1, 67108864]
finish generating tree
Bulkload num in node 0 = 50000000

----- REMOTE CPU LOAD (memory node dir-threads, 2s window) -----
  dir 0: active=  0.00%  msgs=0           0 ns/msg
  dir 1: active=  0.00%  msgs=0           0 ns/msg
  AGGREGATE active = 0.00% (of 2 dir-threads; 0.00% per-thread avg)  msgs=0
[CPU compute ] process=  3.76% of 80 cores   system=  3.76%   (window 2s)
First key of bulkloading = 7325973
Last key of bulkloading = 26738230
node warmup num = 10000000
kReadRatio =100
insertmark =100
updatemark =100
deletemark =100
rangemark =100
Finish warmup workload generation

----- REMOTE CPU LOAD (memory node dir-threads, 2s window) -----
  dir 0: active=  0.00%  msgs=0           0 ns/msg
  dir 1: active=  0.00%  msgs=0           0 ns/msg
  AGGREGATE active = 0.00% (of 2 dir-threads; 0.00% per-thread avg)  msgs=0
[CPU compute ] process=  3.75% of 80 cores   system=  3.75%   (window 2s)

----- REMOTE CPU LOAD (memory node dir-threads, 2s window) -----
  dir 0: active=  0.00%  msgs=0           0 ns/msg
  dir 1: active=  0.00%  msgs=0           0 ns/msg
  AGGREGATE active = 0.00% (of 2 dir-threads; 0.00% per-thread avg)  msgs=0
[CPU compute ] process=  3.75% of 80 cores   system=  3.76%   (window 2s)

----- REMOTE CPU LOAD (memory node dir-threads, 2s window) -----
  dir 0: active=  0.00%  msgs=0           0 ns/msg
  dir 1: active=  0.00%  msgs=0           0 ns/msg
  AGGREGATE active = 0.00% (of 2 dir-threads; 0.00% per-thread avg)  msgs=0
[CPU compute ] process=  3.75% of 80 cores   system=  5.57%   (window 2s)

----- REMOTE CPU LOAD (memory node dir-threads, 2s window) -----
  dir 0: active=  0.00%  msgs=0           0 ns/msg
  dir 1: active=  0.00%  msgs=0           0 ns/msg
  AGGREGATE active = 0.00% (of 2 dir-threads; 0.00% per-thread avg)  msgs=0
[CPU compute ] process=  3.74% of 80 cores   system=  3.76%   (window 2s)

----- REMOTE CPU LOAD (memory node dir-threads, 2s window) -----
  dir 0: active=  0.00%  msgs=0           0 ns/msg
  dir 1: active=  0.00%  msgs=0           0 ns/msg
  AGGREGATE active = 0.00% (of 2 dir-threads; 0.00% per-thread avg)  msgs=0
[CPU compute ] process=  3.75% of 80 cores   system=  3.76%   (window 2s)

----- REMOTE CPU LOAD (memory node dir-threads, 2s window) -----
  dir 0: active=  0.00%  msgs=0           0 ns/msg
  dir 1: active=  0.00%  msgs=0           0 ns/msg
  AGGREGATE active = 0.00% (of 2 dir-threads; 0.00% per-thread avg)  msgs=0
[CPU compute ] process=  3.76% of 80 cores   system=  3.76%   (window 2s)
node op_num = 30000000
Finish all workload generation

----- REMOTE CPU LOAD (memory node dir-threads, 2s window) -----
  dir 0: active=  0.00%  msgs=0           0 ns/msg
  dir 1: active=  0.00%  msgs=0           0 ns/msg
  AGGREGATE active = 0.00% (of 2 dir-threads; 0.00% per-thread avg)  msgs=0
[CPU compute ] process=  3.75% of 80 cores   system=  3.76%   (window 2s)

----- REMOTE CPU LOAD (memory node dir-threads, 2s window) -----
  dir 0: active=  0.00%  msgs=0           0 ns/msg
  dir 1: active=  0.00%  msgs=0           0 ns/msg
  AGGREGATE active = 0.00% (of 2 dir-threads; 0.00% per-thread avg)  msgs=0
[CPU compute ] process=  3.75% of 80 cores   system=  5.62%   (window 2s)
Fetched new height = 1
Success: tree root pointer value [1, 67109568]
Height = 2
Success: tree root pointer value [1, 67114144]
Height = 3
Success: tree root pointer value [1, 67141952]
Height = 4

----- REMOTE CPU LOAD (memory node dir-threads, 2s window) -----
  dir 0: active=  0.00%  msgs=0           0 ns/msg
  dir 1: active=  0.00%  msgs=0           0 ns/msg
  AGGREGATE active = 0.00% (of 2 dir-threads; 0.00% per-thread avg)  msgs=0
[CPU compute ] process=  3.75% of 80 cores   system=  3.76%   (window 2s)

----- REMOTE CPU LOAD (memory node dir-threads, 2s window) -----
  dir 0: active=  0.00%  msgs=0           0 ns/msg
  dir 1: active=  0.00%  msgs=0           0 ns/msg
  AGGREGATE active = 0.00% (of 2 dir-threads; 0.00% per-thread avg)  msgs=0
[CPU compute ] process=  3.75% of 80 cores   system=  3.76%   (window 2s)
Success: tree root pointer value [1, 67309152]
Height = 5
Success: tree root pointer value [1, 68312704]
Height = 6
Success: tree root pointer value [1, 74334368]
Height = 7
entering dynamic phase
Success: tree root pointer value [1, 34436648672]
Height = 8

----- REMOTE CPU LOAD (memory node dir-threads, 2s window) -----
  dir 0: active=  0.00%  msgs=0           0 ns/msg
  dir 1: active=  0.00%  msgs=0           0 ns/msg
  AGGREGATE active = 0.00% (of 2 dir-threads; 0.00% per-thread avg)  msgs=0
[CPU compute ] process=  3.75% of 80 cores   system=  3.75%   (window 2s)

----- REMOTE CPU LOAD (memory node dir-threads, 2s window) -----
  dir 0: active=  0.00%  msgs=0           0 ns/msg
  dir 1: active=  0.00%  msgs=0           0 ns/msg
  AGGREGATE active = 0.00% (of 2 dir-threads; 0.00% per-thread avg)  msgs=0
[CPU compute ] process=  3.75% of 80 cores   system=  3.77%   (window 2s)

----- REMOTE CPU LOAD (memory node dir-threads, 2s window) -----
  dir 0: active=  0.00%  msgs=0           0 ns/msg
  dir 1: active=  0.00%  msgs=0           0 ns/msg
  AGGREGATE active = 0.00% (of 2 dir-threads; 0.00% per-thread avg)  msgs=0
[CPU compute ] process=  3.75% of 80 cores   system=  4.83%   (window 2s)
Success: tree root pointer value [1, 34552767936]
Height = 9

----- REMOTE CPU LOAD (memory node dir-threads, 2s window) -----
  dir 0: active=  0.00%  msgs=0           0 ns/msg
  dir 1: active=  0.00%  msgs=0           0 ns/msg
  AGGREGATE active = 0.00% (of 2 dir-threads; 0.00% per-thread avg)  msgs=0
[CPU compute ] process=  3.75% of 80 cores   system=  4.56%   (window 2s)

----- REMOTE CPU LOAD (memory node dir-threads, 2s window) -----
  dir 0: active=  0.00%  msgs=0           0 ns/msg
  dir 1: active=  0.00%  msgs=0           0 ns/msg
  AGGREGATE active = 0.00% (of 2 dir-threads; 0.00% per-thread avg)  msgs=0
[CPU compute ] process=  3.75% of 80 cores   system=  3.75%   (window 2s)

----- REMOTE CPU LOAD (memory node dir-threads, 2s window) -----
  dir 0: active=  0.00%  msgs=0           0 ns/msg
  dir 1: active=  0.00%  msgs=0           0 ns/msg
  AGGREGATE active = 0.00% (of 2 dir-threads; 0.00% per-thread avg)  msgs=0
[CPU compute ] process=  3.75% of 80 cores   system=  3.76%   (window 2s)

----- REMOTE CPU LOAD (memory node dir-threads, 2s window) -----
  dir 0: active=  0.00%  msgs=0           0 ns/msg
  dir 1: active=  0.00%  msgs=0           0 ns/msg
  AGGREGATE active = 0.00% (of 2 dir-threads; 0.00% per-thread avg)  msgs=0
[CPU compute ] process=  3.75% of 80 cores   system=  3.75%   (window 2s)

----- REMOTE CPU LOAD (memory node dir-threads, 2s window) -----
  dir 0: active=  0.00%  msgs=0           0 ns/msg
  dir 1: active=  0.00%  msgs=0           0 ns/msg
  AGGREGATE active = 0.00% (of 2 dir-threads; 0.00% per-thread avg)  msgs=0
[CPU compute ] process=  3.75% of 80 cores   system=  3.76%   (window 2s)

----- REMOTE CPU LOAD (memory node dir-threads, 2s window) -----
  dir 0: active=  0.00%  msgs=0           0 ns/msg
  dir 1: active=  0.00%  msgs=0           0 ns/msg
  AGGREGATE active = 0.00% (of 2 dir-threads; 0.00% per-thread avg)  msgs=0
[CPU compute ] process=  3.75% of 80 cores   system=  5.79%   (window 2s)

----- REMOTE CPU LOAD (memory node dir-threads, 2s window) -----
  dir 0: active=  0.00%  msgs=0           0 ns/msg
  dir 1: active=  0.00%  msgs=0           0 ns/msg
  AGGREGATE active = 0.00% (of 2 dir-threads; 0.00% per-thread avg)  msgs=0
[CPU compute ] process=  3.75% of 80 cores   system=  3.76%   (window 2s)

----- REMOTE CPU LOAD (memory node dir-threads, 2s window) -----
  dir 0: active=  0.00%  msgs=0           0 ns/msg
  dir 1: active=  0.00%  msgs=0           0 ns/msg
  AGGREGATE active = 0.00% (of 2 dir-threads; 0.00% per-thread avg)  msgs=0
[CPU compute ] process=  3.75% of 80 cores   system=  3.75%   (window 2s)

----- REMOTE CPU LOAD (memory node dir-threads, 2s window) -----
  dir 0: active=  0.00%  msgs=0           0 ns/msg
  dir 1: active=  0.00%  msgs=0           0 ns/msg
  AGGREGATE active = 0.00% (of 2 dir-threads; 0.00% per-thread avg)  msgs=0
[CPU compute ] process=  3.75% of 80 cores   system=  3.76%   (window 2s)

----- REMOTE CPU LOAD (memory node dir-threads, 2s window) -----
  dir 0: active=  0.00%  msgs=0           0 ns/msg
  dir 1: active=  0.00%  msgs=0           0 ns/msg
  AGGREGATE active = 0.00% (of 2 dir-threads; 0.00% per-thread avg)  msgs=0
[CPU compute ] process=  3.75% of 80 cores   system=  3.76%   (window 2s)

----- REMOTE CPU LOAD (memory node dir-threads, 2s window) -----
  dir 0: active=  0.00%  msgs=0           0 ns/msg
  dir 1: active=  0.00%  msgs=0           0 ns/msg
  AGGREGATE active = 0.00% (of 2 dir-threads; 0.00% per-thread avg)  msgs=0
[CPU compute ] process=  3.75% of 80 cores   system=  5.57%   (window 2s)

----- REMOTE CPU LOAD (memory node dir-threads, 2s window) -----
  dir 0: active=  0.00%  msgs=0           0 ns/msg
  dir 1: active=  0.00%  msgs=0           0 ns/msg
  AGGREGATE active = 0.00% (of 2 dir-threads; 0.00% per-thread avg)  msgs=0
[CPU compute ] process=  3.75% of 80 cores   system=  3.76%   (window 2s)

----- REMOTE CPU LOAD (memory node dir-threads, 2s window) -----
  dir 0: active=  0.00%  msgs=0           0 ns/msg
  dir 1: active=  0.00%  msgs=0           0 ns/msg
  AGGREGATE active = 0.00% (of 2 dir-threads; 0.00% per-thread avg)  msgs=0
[CPU compute ] process=  3.75% of 80 cores   system=  3.76%   (window 2s)

----- REMOTE CPU LOAD (memory node dir-threads, 2s window) -----
  dir 0: active=  0.00%  msgs=0           0 ns/msg
  dir 1: active=  0.00%  msgs=0           0 ns/msg
  AGGREGATE active = 0.00% (of 2 dir-threads; 0.00% per-thread avg)  msgs=0
[CPU compute ] process=  3.75% of 80 cores   system=  3.75%   (window 2s)

----- REMOTE CPU LOAD (memory node dir-threads, 2s window) -----
  dir 0: active=  0.00%  msgs=0           0 ns/msg
  dir 1: active=  0.00%  msgs=0           0 ns/msg
  AGGREGATE active = 0.00% (of 2 dir-threads; 0.00% per-thread avg)  msgs=0
[CPU compute ] process=  3.75% of 80 cores   system=  3.76%   (window 2s)
Success: tree root pointer value [1, 856191168]
Height = 10

----- REMOTE CPU LOAD (memory node dir-threads, 2s window) -----
  dir 0: active=  0.00%  msgs=0           0 ns/msg
  dir 1: active=  0.00%  msgs=0           0 ns/msg
  AGGREGATE active = 0.00% (of 2 dir-threads; 0.00% per-thread avg)  msgs=0
[CPU compute ] process=  3.75% of 80 cores   system=  5.63%   (window 2s)

----- REMOTE CPU LOAD (memory node dir-threads, 2s window) -----
  dir 0: active=  0.00%  msgs=0           0 ns/msg
  dir 1: active=  0.00%  msgs=0           0 ns/msg
  AGGREGATE active = 0.00% (of 2 dir-threads; 0.00% per-thread avg)  msgs=0
[CPU compute ] process=  3.75% of 80 cores   system=  3.76%   (window 2s)

----- REMOTE CPU LOAD (memory node dir-threads, 2s window) -----
  dir 0: active=  0.00%  msgs=0           0 ns/msg
  dir 1: active=  0.00%  msgs=0           0 ns/msg
  AGGREGATE active = 0.00% (of 2 dir-threads; 0.00% per-thread avg)  msgs=0
[CPU compute ] process=  3.75% of 80 cores   system=  3.75%   (window 2s)

----- REMOTE CPU LOAD (memory node dir-threads, 2s window) -----
  dir 0: active=  0.00%  msgs=0           0 ns/msg
  dir 1: active=  0.00%  msgs=0           0 ns/msg
  AGGREGATE active = 0.00% (of 2 dir-threads; 0.00% per-thread avg)  msgs=0
[CPU compute ] process=  3.75% of 80 cores   system=  3.76%   (window 2s)

----- REMOTE CPU LOAD (memory node dir-threads, 2s window) -----
  dir 0: active=  0.00%  msgs=0           0 ns/msg
  dir 1: active=  0.00%  msgs=0           0 ns/msg
  AGGREGATE active = 0.00% (of 2 dir-threads; 0.00% per-thread avg)  msgs=0
[CPU compute ] process=  3.75% of 80 cores   system=  3.75%   (window 2s)

----- REMOTE CPU LOAD (memory node dir-threads, 2s window) -----
  dir 0: active=  0.00%  msgs=0           0 ns/msg
  dir 1: active=  0.00%  msgs=0           0 ns/msg
  AGGREGATE active = 0.00% (of 2 dir-threads; 0.00% per-thread avg)  msgs=0
[CPU compute ] process=  3.75% of 80 cores   system=  5.59%   (window 2s)

----- REMOTE CPU LOAD (memory node dir-threads, 2s window) -----
  dir 0: active=  0.00%  msgs=0           0 ns/msg
  dir 1: active=  0.00%  msgs=0           0 ns/msg
  AGGREGATE active = 0.00% (of 2 dir-threads; 0.00% per-thread avg)  msgs=0
[CPU compute ] process=  3.75% of 80 cores   system=  3.75%   (window 2s)

----- REMOTE CPU LOAD (memory node dir-threads, 2s window) -----
  dir 0: active=  0.00%  msgs=0           0 ns/msg
  dir 1: active=  0.00%  msgs=0           0 ns/msg
  AGGREGATE active = 0.00% (of 2 dir-threads; 0.00% per-thread avg)  msgs=0
[CPU compute ] process=  3.75% of 80 cores   system=  3.76%   (window 2s)

----- REMOTE CPU LOAD (memory node dir-threads, 2s window) -----
  dir 0: active=  0.00%  msgs=0           0 ns/msg
  dir 1: active=  0.00%  msgs=0           0 ns/msg
  AGGREGATE active = 0.00% (of 2 dir-threads; 0.00% per-thread avg)  msgs=0
[CPU compute ] process=  3.75% of 80 cores   system=  3.76%   (window 2s)

----- REMOTE CPU LOAD (memory node dir-threads, 2s window) -----
  dir 0: active=  0.00%  msgs=0           0 ns/msg
  dir 1: active=  0.00%  msgs=0           0 ns/msg
  AGGREGATE active = 0.00% (of 2 dir-threads; 0.00% per-thread avg)  msgs=0
[CPU compute ] process=  3.75% of 80 cores   system=  3.75%   (window 2s)

----- REMOTE CPU LOAD (memory node dir-threads, 2s window) -----
  dir 0: active=  0.00%  msgs=0           0 ns/msg
  dir 1: active=  0.00%  msgs=0           0 ns/msg
  AGGREGATE active = 0.00% (of 2 dir-threads; 0.00% per-thread avg)  msgs=0
[CPU compute ] process=  3.75% of 80 cores   system=  5.76%   (window 2s)

----- REMOTE CPU LOAD (memory node dir-threads, 2s window) -----
  dir 0: active=  0.00%  msgs=0           0 ns/msg
  dir 1: active=  0.00%  msgs=0           0 ns/msg
  AGGREGATE active = 0.00% (of 2 dir-threads; 0.00% per-thread avg)  msgs=0
[CPU compute ] process=  3.75% of 80 cores   system=  3.76%   (window 2s)

----- REMOTE CPU LOAD (memory node dir-threads, 2s window) -----
  dir 0: active=  0.00%  msgs=0           0 ns/msg
  dir 1: active=  0.00%  msgs=0           0 ns/msg
  AGGREGATE active = 0.00% (of 2 dir-threads; 0.00% per-thread avg)  msgs=0
[CPU compute ] process=  3.75% of 80 cores   system=  3.76%   (window 2s)

----- REMOTE CPU LOAD (memory node dir-threads, 2s window) -----
  dir 0: active=  0.00%  msgs=0           0 ns/msg
  dir 1: active=  0.00%  msgs=0           0 ns/msg
  AGGREGATE active = 0.00% (of 2 dir-threads; 0.00% per-thread avg)  msgs=0
[CPU compute ] process=  3.75% of 80 cores   system=  3.75%   (window 2s)
#leaf nodes = 6249999
leaf size(MB) = 2098.08
#inner nodes = 1249985
inner size(MB) = 419.612
Tree height = 10
Cache capacity = 23831
max. leaf entries = 16
max. inner entries = 13
Inner page size = 288
Leaf page size = 352
node 0 finish its bulkload
IMPORTANT: my root is 56111344386049
0 is ready for the benchmark
I am 0
Fetched new height = 10
I am 35
I am 4
I am 12
I am 29
I am 8
I am 11
I am 13
I am 28
I am 5
I am 16
I am 1
I am 7
I am 23
I am 10
I am 6
I am 22
I am 9
I am 25
I am 26
I am 20
I am 18
I am 38
I am 3
I am 34
I am 24
I am 37
I am 21
I am 14
I am 17
I am 30
I am 36
I am 19
I am 33
I am 15
I am 39
I am 2
I am 31
I am 27
I am 32
entering dynamic phase

----- REMOTE CPU LOAD (memory node dir-threads, 2s window) -----
  dir 0: active=  0.00%  msgs=0           0 ns/msg
  dir 1: active=  0.00%  msgs=0           0 ns/msg
  AGGREGATE active = 0.00% (of 2 dir-threads; 0.00% per-thread avg)  msgs=0
[CPU compute ] process= 49.49% of 80 cores   system= 49.52%   (window 2s)
Thread_op_num = 750000
node 0 finish warmup

----- REMOTE CPU LOAD (memory node dir-threads, 2s window) -----
  dir 0: active=  0.00%  msgs=0           0 ns/msg
  dir 1: active=  0.00%  msgs=0           0 ns/msg
  AGGREGATE active = 0.00% (of 2 dir-threads; 0.00% per-thread avg)  msgs=0
[CPU compute ] process= 52.52% of 80 cores   system= 52.66%   (window 2s)
Start collecting the statistic

----- REMOTE CPU LOAD (memory node dir-threads, 2s window) -----
  dir 0: active=  0.00%  msgs=0           0 ns/msg
  dir 1: active=  0.00%  msgs=0           0 ns/msg
  AGGREGATE active = 0.00% (of 2 dir-threads; 0.00% per-thread avg)  msgs=0
[CPU compute ] process= 52.49% of 80 cores   system= 53.16%   (window 2s)
0, throughput 1.7146
cluster throughput 1.714

----- REMOTE CPU LOAD (memory node dir-threads, 2s window) -----
  dir 0: active=  0.00%  msgs=0           0 ns/msg
  dir 1: active=  0.00%  msgs=0           0 ns/msg
  AGGREGATE active = 0.00% (of 2 dir-threads; 0.00% per-thread avg)  msgs=0
[CPU compute ] process= 52.50% of 80 cores   system= 52.51%   (window 2s)
0, throughput 1.7892
cluster throughput 1.789

----- REMOTE CPU LOAD (memory node dir-threads, 2s window) -----
  dir 0: active=  0.00%  msgs=0           0 ns/msg
  dir 1: active=  0.00%  msgs=0           0 ns/msg
  AGGREGATE active = 0.00% (of 2 dir-threads; 0.00% per-thread avg)  msgs=0
[CPU compute ] process= 52.49% of 80 cores   system= 52.51%   (window 2s)
0, throughput 1.7984
cluster throughput 1.798

----- REMOTE CPU LOAD (memory node dir-threads, 2s window) -----
  dir 0: active=  0.00%  msgs=0           0 ns/msg
  dir 1: active=  0.00%  msgs=0           0 ns/msg
  AGGREGATE active = 0.00% (of 2 dir-threads; 0.00% per-thread avg)  msgs=0
[CPU compute ] process= 52.52% of 80 cores   system= 52.52%   (window 2s)
0, throughput 1.7952
cluster throughput 1.795

----- REMOTE CPU LOAD (memory node dir-threads, 2s window) -----
  dir 0: active=  0.00%  msgs=0           0 ns/msg
  dir 1: active=  0.00%  msgs=0           0 ns/msg
  AGGREGATE active = 0.00% (of 2 dir-threads; 0.00% per-thread avg)  msgs=0
[CPU compute ] process= 52.50% of 80 cores   system= 52.51%   (window 2s)
0, throughput 1.7990
cluster throughput 1.799

----- REMOTE CPU LOAD (memory node dir-threads, 2s window) -----
  dir 0: active=  0.00%  msgs=0           0 ns/msg
  dir 1: active=  0.00%  msgs=0           0 ns/msg
  AGGREGATE active = 0.00% (of 2 dir-threads; 0.00% per-thread avg)  msgs=0
[CPU compute ] process= 52.49% of 80 cores   system= 53.27%   (window 2s)
0, throughput 1.7939
cluster throughput 1.793

----- REMOTE CPU LOAD (memory node dir-threads, 2s window) -----
  dir 0: active=  0.00%  msgs=0           0 ns/msg
  dir 1: active=  0.00%  msgs=0           0 ns/msg
  AGGREGATE active = 0.00% (of 2 dir-threads; 0.00% per-thread avg)  msgs=0
[CPU compute ] process= 52.49% of 80 cores   system= 52.51%   (window 2s)
0, throughput 1.7960
cluster throughput 1.795

----- REMOTE CPU LOAD (memory node dir-threads, 2s window) -----
  dir 0: active=  0.00%  msgs=0           0 ns/msg
  dir 1: active=  0.00%  msgs=0           0 ns/msg
  AGGREGATE active = 0.00% (of 2 dir-threads; 0.00% per-thread avg)  msgs=0
[CPU compute ] process= 52.49% of 80 cores   system= 52.51%   (window 2s)
0, throughput 1.7910
cluster throughput 1.790

----- REMOTE CPU LOAD (memory node dir-threads, 2s window) -----
  dir 0: active=  0.00%  msgs=0           0 ns/msg
  dir 1: active=  0.00%  msgs=0           0 ns/msg
  AGGREGATE active = 0.00% (of 2 dir-threads; 0.00% per-thread avg)  msgs=0
[CPU compute ] process= 24.08% of 80 cores   system= 24.08%   (window 2s)
0, throughput 0.6659
cluster throughput 0.665

----- REMOTE CPU LOAD (memory node dir-threads, 2s window) -----
  dir 0: active=  0.00%  msgs=0           0 ns/msg
  dir 1: active=  0.00%  msgs=0           0 ns/msg
  AGGREGATE active = 0.00% (of 2 dir-threads; 0.00% per-thread avg)  msgs=0
[CPU compute ] process=  2.50% of 80 cores   system=  2.50%   (window 2s)
0, throughput 0.0000
cluster throughput 0.000
The time duration = 20 seconds

----- REMOTE CPU LOAD (memory node dir-threads, 2s window) -----
  dir 0: active=  0.00%  msgs=0           0 ns/msg
  dir 1: active=  0.00%  msgs=0           0 ns/msg
  AGGREGATE active = 0.00% (of 2 dir-threads; 0.00% per-thread avg)  msgs=0
[CPU compute ] process=  2.50% of 80 cores   system=  4.40%   (window 2s)

==================== LATENCY BUCKETS (500 ns) [node 0] ====================
[LOOKUP]
  ALL                n=29891412   mean=   22.35us  p50=  29.50us  p90=  40.50us  p99=  44.50us  p99.9=  60.00us  max>=606.00us
  LOCAL (cache hit)  n=1350       mean=    0.83us  p50=   1.00us  p90=   1.50us  p99=   2.00us  p99.9=   2.50us  max>=  3.50us
  REMOTE (miss/rpc)  n=29890062   mean=   22.35us  p50=  29.50us  p90=  40.50us  p99=  44.50us  p99.9=  60.00us  max>=606.00us
[ALL OPS]
  ALL                n=29891412   mean=   22.35us  p50=  29.50us  p90=  40.50us  p99=  44.50us  p99.9=  60.00us  max>=606.00us
  LOCAL (cache hit)  n=1350       mean=    0.83us  p50=   1.00us  p90=   1.50us  p99=   2.00us  p99.9=   2.50us  max>=  3.50us
  REMOTE (miss/rpc)  n=29890062   mean=   22.35us  p50=  29.50us  p90=  40.50us  p99=  44.50us  p99.9=  60.00us  max>=606.00us

----- 500 ns bucket CDF (all ops) [node 0] -----
  bucket [lo,hi) ns             count        pct       cdf
  [        0,      500)           71    0.0002%   0.0002%
  [      500,     1000)         1040    0.0035%   0.0037%
  [     1000,     1500)          200    0.0007%   0.0044%
  [     1500,     2000)           33    0.0001%   0.0045%
  [     2000,     2500)            5    0.0000%   0.0045%
  [     3000,     3500)            1    0.0000%   0.0045%
  [     3500,     4000)         4195    0.0140%   0.0186%
  [     4000,     4500)       320147    1.0710%   1.0896%
  [     4500,     5000)      2143740    7.1718%   8.2613%
  [     5000,     5500)      4068781   13.6119%  21.8732%
  [     5500,     6000)      3817378   12.7708%  34.6440%
  [     6000,     6500)      2298819    7.6906%  42.3346%
  [     6500,     7000)      1080579    3.6150%  45.9496%
  [     7000,     7500)       434161    1.4525%  47.4021%
  [     7500,     8000)       198557    0.6643%  48.0663%
  [     8000,     8500)       115783    0.3873%  48.4537%
  [     8500,     9000)        83230    0.2784%  48.7321%
  [     9000,     9500)        63663    0.2130%  48.9451%
  [     9500,    10000)        49601    0.1659%  49.1110%
  [    10000,    10500)        39072    0.1307%  49.2418%
  [    10500,    11000)        32388    0.1084%  49.3501%
  [    11000,    11500)        28366    0.0949%  49.4450%
  [    11500,    12000)        24801    0.0830%  49.5280%
  [    12000,    12500)        21124    0.0707%  49.5986%
  [    12500,    13000)        16992    0.0568%  49.6555%
  [    13000,    13500)        12881    0.0431%  49.6986%
  [    13500,    14000)         9508    0.0318%  49.7304%
  [    14000,    14500)         6908    0.0231%  49.7535%
  [    14500,    15000)         5260    0.0176%  49.7711%
  [    15000,    15500)         4213    0.0141%  49.7852%
  [    15500,    16000)         3687    0.0123%  49.7975%
  [    16000,    16500)         3263    0.0109%  49.8084%
  [    16500,    17000)         2786    0.0093%  49.8178%
  [    17000,    17500)         2261    0.0076%  49.8253%
  [    17500,    18000)         1997    0.0067%  49.8320%
  [    18000,    18500)         1716    0.0057%  49.8377%
  [    18500,    19000)         1653    0.0055%  49.8433%
  [    19000,    19500)         1651    0.0055%  49.8488%
  [    19500,    20000)         1591    0.0053%  49.8541%
  [    20000,    20500)         1469    0.0049%  49.8590%
  [    20500,    21000)         1511    0.0051%  49.8641%
  [    21000,    21500)         1456    0.0049%  49.8690%
  [    21500,    22000)         1430    0.0048%  49.8737%
  [    22000,    22500)         1357    0.0045%  49.8783%
  [    22500,    23000)         1420    0.0048%  49.8830%
  [    23000,    23500)         1456    0.0049%  49.8879%
  [    23500,    24000)         1430    0.0048%  49.8927%
  [    24000,    24500)         1386    0.0046%  49.8973%
  [    24500,    25000)         1543    0.0052%  49.9025%
  [    25000,    25500)         1519    0.0051%  49.9076%
  [    25500,    26000)         1651    0.0055%  49.9131%
  [    26000,    26500)         1837    0.0061%  49.9192%
  [    26500,    27000)         2333    0.0078%  49.9270%
  [    27000,    27500)         3049    0.0102%  49.9372%
  [    27500,    28000)         4197    0.0140%  49.9513%
  [    28000,    28500)         5711    0.0191%  49.9704%
  [    28500,    29000)         7696    0.0257%  49.9961%
  [    29000,    29500)        10165    0.0340%  50.0301%
  [    29500,    30000)        13048    0.0437%  50.0738%
  [    30000,    30500)        16116    0.0539%  50.1277%
  [    30500,    31000)        18935    0.0633%  50.1911%
  [    31000,    31500)        22102    0.0739%  50.2650%
  [    31500,    32000)        24626    0.0824%  50.3474%
  [    32000,    32500)        27710    0.0927%  50.4401%
  [    32500,    33000)        32107    0.1074%  50.5475%
  [    33000,    33500)        39643    0.1326%  50.6801%
  [    33500,    34000)        51558    0.1725%  50.8526%
  [    34000,    34500)        75278    0.2518%  51.1044%
  [    34500,    35000)       121050    0.4050%  51.5094%
  [    35000,    35500)       205527    0.6876%  52.1970%
  [    35500,    36000)       350331    1.1720%  53.3690%
  [    36000,    36500)       575604    1.9257%  55.2947%
  [    36500,    37000)       877037    2.9341%  58.2287%
  [    37000,    37500)      1213545    4.0598%  62.2886%
  [    37500,    38000)      1535280    5.1362%  67.4248%
  [    38000,    38500)      1733347    5.7988%  73.2236%
  [    38500,    39000)      1755761    5.8738%  79.0974%
  [    39000,    39500)      1599655    5.3516%  84.4489%
  [    39500,    40000)      1318770    4.4119%  88.8608%
  [    40000,    40500)       991733    3.3178%  92.1786%
  [    40500,    41000)       697550    2.3336%  94.5122%
  [    41000,    41500)       464355    1.5535%  96.0657%
  [    41500,    42000)       310157    1.0376%  97.1033%
  [    42000,    42500)       210018    0.7026%  97.8059%
  [    42500,    43000)       146839    0.4912%  98.2971%
  [    43000,    43500)       105185    0.3519%  98.6490%
  [    43500,    44000)        76227    0.2550%  98.9040%
  [    44000,    44500)        55361    0.1852%  99.0892%
  [    44500,    45000)        41050    0.1373%  99.2266%
  [    45000,    45500)        30431    0.1018%  99.3284%
  [    45500,    46000)        23512    0.0787%  99.4070%
  [    46000,    46500)        19165    0.0641%  99.4711%
  [    46500,    47000)        16053    0.0537%  99.5249%
  [    47000,    47500)        13844    0.0463%  99.5712%
  [    47500,    48000)        12327    0.0412%  99.6124%
  [    48000,    48500)        10947    0.0366%  99.6490%
  [    48500,    49000)         9781    0.0327%  99.6818%
  [    49000,    49500)         8722    0.0292%  99.7109%
  [    49500,    50000)         7620    0.0255%  99.7364%
  [    50000,    50500)         6994    0.0234%  99.7598%
  [    50500,    51000)         6081    0.0203%  99.7802%
  [    51000,    51500)         5529    0.0185%  99.7987%
  [    51500,    52000)         4795    0.0160%  99.8147%
  [    52000,    52500)         4010    0.0134%  99.8281%
  [    52500,    53000)         3474    0.0116%  99.8397%
  [    53000,    53500)         2879    0.0096%  99.8494%
  [    53500,    54000)         2333    0.0078%  99.8572%
  [    54000,    54500)         1909    0.0064%  99.8636%
  [    54500,    55000)         1559    0.0052%  99.8688%
  [    55000,    55500)         1307    0.0044%  99.8732%
  [    55500,    56000)         1189    0.0040%  99.8771%
  [    56000,    56500)         1039    0.0035%  99.8806%
  [    56500,    57000)          933    0.0031%  99.8837%
  [    57000,    57500)          950    0.0032%  99.8869%
  [    57500,    58000)          904    0.0030%  99.8899%
  [    58000,    58500)          911    0.0030%  99.8930%
  [    58500,    59000)          888    0.0030%  99.8959%
  [    59000,    59500)          807    0.0027%  99.8986%
  [    59500,    60000)          907    0.0030%  99.9017%
  [    60000,    60500)          868    0.0029%  99.9046%
  [    60500,    61000)          848    0.0028%  99.9074%
  [    61000,    61500)          855    0.0029%  99.9103%
  [    61500,    62000)          815    0.0027%  99.9130%
  [    62000,    62500)          855    0.0029%  99.9159%
  [    62500,    63000)          809    0.0027%  99.9186%
  [    63000,    63500)          911    0.0030%  99.9216%
  [    63500,    64000)          858    0.0029%  99.9245%
  [    64000,    64500)          854    0.0029%  99.9274%
  [    64500,    65000)          831    0.0028%  99.9301%
  [    65000,    65500)          793    0.0027%  99.9328%
  [    65500,    66000)          824    0.0028%  99.9355%
  [    66000,    66500)          828    0.0028%  99.9383%
  [    66500,    67000)          839    0.0028%  99.9411%
  [    67000,    67500)          860    0.0029%  99.9440%
  [    67500,    68000)          828    0.0028%  99.9468%
  [    68000,    68500)          819    0.0027%  99.9495%
  [    68500,    69000)          790    0.0026%  99.9521%
  [    69000,    69500)          795    0.0027%  99.9548%
  [    69500,    70000)          807    0.0027%  99.9575%
  [    70000,    70500)          857    0.0029%  99.9604%
  [    70500,    71000)          808    0.0027%  99.9631%
  [    71000,    71500)          813    0.0027%  99.9658%
  [    71500,    72000)          792    0.0026%  99.9684%
  [    72000,    72500)          754    0.0025%  99.9710%
  [    72500,    73000)          778    0.0026%  99.9736%
  [    73000,    73500)          820    0.0027%  99.9763%
  [    73500,    74000)          689    0.0023%  99.9786%
  [    74000,    74500)          644    0.0022%  99.9808%
  [    74500,    75000)          608    0.0020%  99.9828%
  [    75000,    75500)          568    0.0019%  99.9847%
  [    75500,    76000)          488    0.0016%  99.9863%
  [    76000,    76500)          450    0.0015%  99.9878%
  [    76500,    77000)          341    0.0011%  99.9890%
  [    77000,    77500)          281    0.0009%  99.9899%
  [    77500,    78000)          268    0.0009%  99.9908%
  [    78000,    78500)          235    0.0008%  99.9916%
  [    78500,    79000)          165    0.0006%  99.9922%
  [    79000,    79500)          130    0.0004%  99.9926%
  [    79500,    80000)          149    0.0005%  99.9931%
  [    80000,    80500)           72    0.0002%  99.9933%
  [    80500,    81000)           72    0.0002%  99.9936%
  [    81000,    81500)           60    0.0002%  99.9938%
  [    81500,    82000)           48    0.0002%  99.9939%
  [    82000,    82500)           38    0.0001%  99.9941%
  [    82500,    83000)           41    0.0001%  99.9942%
  [    83000,    83500)           23    0.0001%  99.9943%
  [    83500,    84000)           16    0.0001%  99.9943%
  [    84000,    84500)           25    0.0001%  99.9944%
  [    84500,    85000)           13    0.0000%  99.9945%
  [    85000,    85500)           22    0.0001%  99.9945%
  [    85500,    86000)           15    0.0001%  99.9946%
  [    86000,    86500)           23    0.0001%  99.9947%
  [    86500,    87000)           10    0.0000%  99.9947%
  [    87000,    87500)           11    0.0000%  99.9947%
  [    87500,    88000)           16    0.0001%  99.9948%
  [    88000,    88500)           16    0.0001%  99.9948%
  [    88500,    89000)           21    0.0001%  99.9949%
  [    89000,    89500)           14    0.0000%  99.9950%
  [    89500,    90000)           14    0.0000%  99.9950%
  [    90000,    90500)           12    0.0000%  99.9950%
  [    90500,    91000)           13    0.0000%  99.9951%
  [    91000,    91500)           28    0.0001%  99.9952%
  [    91500,    92000)           22    0.0001%  99.9953%
  [    92000,    92500)           26    0.0001%  99.9953%
  [    92500,    93000)           25    0.0001%  99.9954%
  [    93000,    93500)           25    0.0001%  99.9955%
  [    93500,    94000)           26    0.0001%  99.9956%
  [    94000,    94500)           20    0.0001%  99.9957%
  [    94500,    95000)           17    0.0001%  99.9957%
  [    95000,    95500)           24    0.0001%  99.9958%
  [    95500,    96000)           25    0.0001%  99.9959%
  [    96000,    96500)           22    0.0001%  99.9960%
  [    96500,    97000)           17    0.0001%  99.9960%
  [    97000,    97500)           11    0.0000%  99.9960%
  [    97500,    98000)            3    0.0000%  99.9961%
  [    98000,    98500)            6    0.0000%  99.9961%
  [    98500,    99000)           16    0.0001%  99.9961%
  [    99000,    99500)           22    0.0001%  99.9962%
  [    99500,   100000)           18    0.0001%  99.9963%
  [   100000,   100500)           20    0.0001%  99.9963%
  [   100500,   101000)           15    0.0001%  99.9964%
  [   101000,   101500)           19    0.0001%  99.9964%
  [   101500,   102000)           17    0.0001%  99.9965%
  [   102000,   102500)           10    0.0000%  99.9965%
  [   102500,   103000)           20    0.0001%  99.9966%
  [   103000,   103500)            8    0.0000%  99.9966%
  [   103500,   104000)           14    0.0000%  99.9967%
  [   104000,   104500)            8    0.0000%  99.9967%
  [   104500,   105000)           13    0.0000%  99.9967%
  [   105000,   105500)           15    0.0001%  99.9968%
  [   105500,   106000)           21    0.0001%  99.9969%
  [   106000,   106500)           18    0.0001%  99.9969%
  [   106500,   107000)           17    0.0001%  99.9970%
  [   107000,   107500)           21    0.0001%  99.9971%
  [   107500,   108000)           14    0.0000%  99.9971%
  [   108000,   108500)           20    0.0001%  99.9972%
  [   108500,   109000)           26    0.0001%  99.9973%
  [   109000,   109500)           28    0.0001%  99.9974%
  [   109500,   110000)           14    0.0000%  99.9974%
  [   110000,   110500)           18    0.0001%  99.9975%
  [   110500,   111000)           13    0.0000%  99.9975%
  [   111000,   111500)           13    0.0000%  99.9975%
  [   111500,   112000)            9    0.0000%  99.9976%
  [   112000,   112500)           20    0.0001%  99.9976%
  [   112500,   113000)           13    0.0000%  99.9977%
  [   113000,   113500)           12    0.0000%  99.9977%
  [   113500,   114000)            7    0.0000%  99.9977%
  [   114000,   114500)           10    0.0000%  99.9978%
  [   114500,   115000)            6    0.0000%  99.9978%
  [   115000,   115500)            4    0.0000%  99.9978%
  [   115500,   116000)            4    0.0000%  99.9978%
  [   116000,   116500)            3    0.0000%  99.9978%
  [   116500,   117000)            3    0.0000%  99.9978%
  [   117000,   117500)            5    0.0000%  99.9979%
  [   117500,   118000)            5    0.0000%  99.9979%
  [   118000,   118500)            3    0.0000%  99.9979%
  [   118500,   119000)            2    0.0000%  99.9979%
  [   119000,   119500)            3    0.0000%  99.9979%
  [   119500,   120000)            4    0.0000%  99.9979%
  [   120000,   120500)            1    0.0000%  99.9979%
  [   120500,   121000)            1    0.0000%  99.9979%
  [   121000,   121500)            1    0.0000%  99.9979%
  [   121500,   122000)            1    0.0000%  99.9979%
  [   123500,   124000)            2    0.0000%  99.9979%
  [   125000,   125500)            1    0.0000%  99.9979%
  [   126000,   126500)            1    0.0000%  99.9979%
  [   127500,   128000)            1    0.0000%  99.9980%
  [   133500,   134000)            1    0.0000%  99.9980%
  [   138000,   138500)            1    0.0000%  99.9980%
  [   140500,   141000)            1    0.0000%  99.9980%
  [   142000,   142500)            1    0.0000%  99.9980%
  [   142500,   143000)            1    0.0000%  99.9980%
  [   143000,   143500)            4    0.0000%  99.9980%
  [   143500,   144000)            4    0.0000%  99.9980%
  [   144500,   145000)            7    0.0000%  99.9980%
  [   145000,   145500)            5    0.0000%  99.9980%
  [   145500,   146000)            9    0.0000%  99.9981%
  [   146000,   146500)            4    0.0000%  99.9981%
  [   146500,   147000)            4    0.0000%  99.9981%
  [   157000,   157500)            1    0.0000%  99.9981%
  [   171500,   172000)            1    0.0000%  99.9981%
  [   177500,   178000)            2    0.0000%  99.9981%
  [   178000,   178500)            1    0.0000%  99.9981%
  [   178500,   179000)            3    0.0000%  99.9981%
  [   179000,   179500)            3    0.0000%  99.9981%
  [   179500,   180000)            6    0.0000%  99.9981%
  [   180000,   180500)            2    0.0000%  99.9982%
  [   180500,   181000)           12    0.0000%  99.9982%
  [   181000,   181500)           13    0.0000%  99.9982%
  [   181500,   182000)            6    0.0000%  99.9983%
  [   182000,   182500)            9    0.0000%  99.9983%
  [   182500,   183000)            7    0.0000%  99.9983%
  [   183000,   183500)            5    0.0000%  99.9983%
  [   183500,   184000)            2    0.0000%  99.9983%
  [   184000,   184500)            5    0.0000%  99.9984%
  [   184500,   185000)           11    0.0000%  99.9984%
  [   185000,   185500)            5    0.0000%  99.9984%
  [   185500,   186000)           11    0.0000%  99.9984%
  [   186000,   186500)           15    0.0001%  99.9985%
  [   186500,   187000)           11    0.0000%  99.9985%
  [   187000,   187500)            7    0.0000%  99.9986%
  [   187500,   188000)           12    0.0000%  99.9986%
  [   188000,   188500)            9    0.0000%  99.9986%
  [   188500,   189000)           28    0.0001%  99.9987%
  [   189000,   189500)           24    0.0001%  99.9988%
  [   189500,   190000)           12    0.0000%  99.9988%
  [   190000,   190500)           21    0.0001%  99.9989%
  [   190500,   191000)           25    0.0001%  99.9990%
  [   191000,   191500)           23    0.0001%  99.9991%
  [   191500,   192000)           17    0.0001%  99.9991%
  [   192000,   192500)           16    0.0001%  99.9992%
  [   192500,   193000)           10    0.0000%  99.9992%
  [   193000,   193500)           10    0.0000%  99.9992%
  [   193500,   194000)            4    0.0000%  99.9993%
  [   194000,   194500)            7    0.0000%  99.9993%
  [   194500,   195000)            3    0.0000%  99.9993%
  [   195000,   195500)            2    0.0000%  99.9993%
  [   195500,   196000)            1    0.0000%  99.9993%
  [   201000,   201500)            1    0.0000%  99.9993%
  [   203500,   204000)            1    0.0000%  99.9993%
  [   213000,   213500)            1    0.0000%  99.9993%
  [   216500,   217000)            1    0.0000%  99.9993%
  [   218500,   219000)            1    0.0000%  99.9993%
  [   220000,   220500)            1    0.0000%  99.9993%
  [   223000,   223500)            1    0.0000%  99.9993%
  [   229500,   230000)            1    0.0000%  99.9993%
  [   290500,   291000)            1    0.0000%  99.9993%
  [   291000,   291500)            2    0.0000%  99.9993%
  [   291500,   292000)            2    0.0000%  99.9993%
  [   292500,   293000)            5    0.0000%  99.9994%
  [   293000,   293500)            3    0.0000%  99.9994%
  [   293500,   294000)            4    0.0000%  99.9994%
  [   294000,   294500)            2    0.0000%  99.9994%
  [   294500,   295000)            4    0.0000%  99.9994%
  [   295000,   295500)            2    0.0000%  99.9994%
  [   295500,   296000)            2    0.0000%  99.9994%
  [   296000,   296500)            2    0.0000%  99.9994%
  [   296500,   297000)            3    0.0000%  99.9994%
  [   297000,   297500)            2    0.0000%  99.9994%
  [   299000,   299500)            2    0.0000%  99.9995%
  [   299500,   300000)            2    0.0000%  99.9995%
  [   300000,   300500)            1    0.0000%  99.9995%
  [   300500,   301000)            1    0.0000%  99.9995%
  [   306500,   307000)            3    0.0000%  99.9995%
  [   307500,   308000)            4    0.0000%  99.9995%
  [   308000,   308500)            2    0.0000%  99.9995%
  [   308500,   309000)            3    0.0000%  99.9995%
  [   309000,   309500)            2    0.0000%  99.9995%
  [   309500,   310000)            4    0.0000%  99.9995%
  [   310000,   310500)            2    0.0000%  99.9995%
  [   310500,   311000)            5    0.0000%  99.9995%
  [   311000,   311500)            3    0.0000%  99.9996%
  [   311500,   312000)            2    0.0000%  99.9996%
  [   312000,   312500)            2    0.0000%  99.9996%
  [   312500,   313000)            1    0.0000%  99.9996%
  [   314000,   314500)            1    0.0000%  99.9996%
  [   315000,   315500)            1    0.0000%  99.9996%
  [   315500,   316000)            1    0.0000%  99.9996%
  [   316000,   316500)            1    0.0000%  99.9996%
  [   316500,   317000)            2    0.0000%  99.9996%
  [   317000,   317500)            1    0.0000%  99.9996%
  [   579000,   579500)            5    0.0000%  99.9996%
  [   580000,   580500)            1    0.0000%  99.9996%
  [   580500,   581000)            2    0.0000%  99.9996%
  [   581000,   581500)            2    0.0000%  99.9996%
  [   581500,   582000)            8    0.0000%  99.9997%
  [   582000,   582500)            6    0.0000%  99.9997%
  [   582500,   583000)            6    0.0000%  99.9997%
  [   583000,   583500)            1    0.0000%  99.9997%
  [   583500,   584000)            1    0.0000%  99.9997%
  [   584500,   585000)            2    0.0000%  99.9997%
  [   585000,   585500)            1    0.0000%  99.9997%
  [   585500,   586000)            1    0.0000%  99.9997%
  [   586000,   586500)            3    0.0000%  99.9997%
  [   587000,   587500)            9    0.0000%  99.9998%
  [   587500,   588000)            6    0.0000%  99.9998%
  [   588000,   588500)            1    0.0000%  99.9998%
  [   588500,   589000)            5    0.0000%  99.9998%
  [   589000,   589500)            3    0.0000%  99.9998%
  [   589500,   590000)            1    0.0000%  99.9998%
  [   590000,   590500)            3    0.0000%  99.9998%
  [   590500,   591000)            2    0.0000%  99.9998%
  [   591000,   591500)            3    0.0000%  99.9998%
  [   592500,   593000)            2    0.0000%  99.9998%
  [   594500,   595000)            2    0.0000%  99.9999%
  [   595000,   595500)            3    0.0000%  99.9999%
  [   595500,   596000)            6    0.0000%  99.9999%
  [   596000,   596500)            3    0.0000%  99.9999%
  [   596500,   597000)            2    0.0000%  99.9999%
  [   597000,   597500)            1    0.0000%  99.9999%
  [   597500,   598000)            4    0.0000%  99.9999%
  [   598000,   598500)            2    0.0000%  99.9999%
  [   598500,   599000)            3    0.0000%  99.9999%
  [   599000,   599500)            3    0.0000%  99.9999%
  [   599500,   600000)            1    0.0000%  99.9999%
  [   600000,   600500)            3    0.0000% 100.0000%
  [   600500,   601000)            1    0.0000% 100.0000%
  [   601000,   601500)            3    0.0000% 100.0000%
  [   601500,   602000)            1    0.0000% 100.0000%
  [   602000,   602500)            1    0.0000% 100.0000%
  [   602500,   603000)            1    0.0000% 100.0000%
  [   603000,   603500)            1    0.0000% 100.0000%
  [   604500,   605000)            1    0.0000% 100.0000%
  [   605000,   605500)            2    0.0000% 100.0000%
  [   605500,   606000)            2    0.0000% 100.0000%

----- REMOTE OPERATIONS [node 0] -----
  ops total                = 29891412
  ops local  (cache hit)   = 1350 (0.00%)
  ops remote (>=1 net op)  = 29890062 (100.00%)
  remote ops total         = 29890062
    rdma read              = 0
    rdma write             = 0
    rdma cas               = 0
    rpc pushdown           = 29890062
  remote ops / op          = 1.0000
  remote ops / remote op   = 1.0000

----- OFFLOADED TASKS [node 0] -----
  lookup pushdowns         = 29890062
  scan    pushdowns (RPC)  = 0
    kv pairs returned      = 0
    leaves scanned remotely= 0
    kv / scan pushdown     = 0.00
    leaves / scan pushdown = 0.00
  per-thread breakdown (tid: lookups | scans | kv | leaves):
    t0        747047 |          0 |          0 |          0
    t1        744433 |          0 |          0 |          0
    t2        748743 |          0 |          0 |          0
    t3        745564 |          0 |          0 |          0
    t4        749968 |          0 |          0 |          0
    t5        745017 |          0 |          0 |          0
    t6        748975 |          0 |          0 |          0
    t7        745730 |          0 |          0 |          0
    t8        749741 |          0 |          0 |          0
    t9        745145 |          0 |          0 |          0
    t10       749479 |          0 |          0 |          0
    t11       746153 |          0 |          0 |          0
    t12       749205 |          0 |          0 |          0
    t13       745289 |          0 |          0 |          0
    t14       749191 |          0 |          0 |          0
    t15       745541 |          0 |          0 |          0
    t16       749295 |          0 |          0 |          0
    t17       746353 |          0 |          0 |          0
    t18       749387 |          0 |          0 |          0
    t19       745801 |          0 |          0 |          0
    t20       749657 |          0 |          0 |          0
    t21       745763 |          0 |          0 |          0
    t22       749417 |          0 |          0 |          0
    t23       745617 |          0 |          0 |          0
    t24       749663 |          0 |          0 |          0
    t25       745981 |          0 |          0 |          0
    t26       749029 |          0 |          0 |          0
    t27       745432 |          0 |          0 |          0
    t28       749187 |          0 |          0 |          0
    t29       745384 |          0 |          0 |          0
    t30       749721 |          0 |          0 |          0
    t31       745493 |          0 |          0 |          0
    t32       749557 |          0 |          0 |          0
    t33       746017 |          0 |          0 |          0
    t34       748897 |          0 |          0 |          0
    t35       745977 |          0 |          0 |          0
    t36       749320 |          0 |          0 |          0
    t37       746011 |          0 |          0 |          0
    t38       746091 |          0 |          0 |          0
    t39       741791 |          0 |          0 |          0

----- PATH-AWARE CACHE MISS RATE [node 0] -----
  node accesses (hit+miss) = 225235571
  node cache hits          = 195345509 (86.73%)
  MISS RATE                = 13.2706%  (29890062 / 225235571)
  inner-node miss          = 29798364 (99.69% of misses, 13.2299% rate)
  leaf-node  miss          = 91698 (0.31% of misses, 0.0407% rate)
  total miss               = 29890062
  cache writebacks         = 0
=========================================================================

Round 0 (max_throughput): 1.7846 Mops/s
Round 0 (straggler_throughput): 1.78456 Mops/s
Before barrier finish
Avg. rdma read time(ms) = -nan
Avg. rdma write time(ms) = -nan
Avg. rdma read / op = 0
Avg. rdma write / op = 0
Avg. rdma cas / op = 0
Avg. rdma rpc / op = 0.999955
Avg. all rdma / op = 0.999955
Avg. rdma read size/ op = 32.9985
Avg. rdma write size / op = 0
Avg. rdma RW size / op = 32.9985
------------------------------------------
Node 0 average throughput = 1.65978
Node 0 total throughput = 1.7846
All CN throughput (Max) = 1.7846
All CN throughput (Straggler) = 1.78456
Final throughput = 1.78456
[CORRECTNESS node 0] ops ok 29890840 / 29891412 = 99.9981%; scans 0, rows 0 (0.00 per scan)
------------------------------------------
