nodes 2, threads 36, mix R/I/U/S=100/0/0/0, uniform, bulk 50M warmup 10M op 30M, offload 100%, scan_range 100
[4mshared memory size: 64GB, 0x7feeda800000[0m
[4mrdma cache size: 4GB[0m
[4mMachine NR: 2[0m
[4mCompute server 1 start up [10.30.1.6]
[0m
I connect server 0
[CONFIG node 1] bulk load: bottom-up build, 8 keys per leaf, 6 children per inner node (CHIME_BULK_BUILD / CHIME_BUILD_LEAF_KEYS / CHIME_BUILD_INNER_FANOUT)
[CONFIG node 1] clients on this node: yes (CHIME_MN_CLIENTS)
[CONFIG node 1] leaf cache by key=1 owner=1 admit_push=0.10 granule=16 (CHIME_LEAF_BY_KEY / CHIME_LEAF_OWNER / CHIME_LEAF_ADMIT_PUSH / CHIME_LEAF_KEY_GRANULE)
[CONFIG node 1] scan path: from_cache=1 offload_always=0 (CHIME_SCAN_FROM_CACHE / CHIME_SCAN_OFFLOAD_ALWAYS)
[CONFIG node 1] push ops: both (CHIME_PUSH_OPS; applies only with offloading on)
[CACHE node 1] total=512 MB index=16 MB leaf=496 MB
[CONFIG node 1] dir threads = 16 (CHIME_DIR_THREADS, max 16) -- MUST match the other node
[CORES node 1] linear pinning: app threads -> CPUs 0..35, main -> 79, dir threads -> 79 (REV_DIR_CPUS)
[CONFIG] hotspot buffer + speculative read: off (CHIME_HOTSPOT; stock CHIME: on above 50 MB)
 ----- [LeafCache]: budget=496 MB -> 162283 sets x 8 ways = 1298264 leaves (352 B/leaf, 496.0 MB) -----
 ----- [LeafCache]: by_key=1 (index 59.4 MB, granule 16 keys) owner=1 (no network check on a hit) admit_push=0.10 -----
workload generated: keyspace=50001000 bulk=50000000 warmup=9999972 op=29999988
[4mKey space set: keySpaceSize=50000000[0m
I am 36
I am 65
I am 42
I am 40
I am 37
I am 43
I am 38
I am 44
I am 39
I am 49
I am 41
I am 47
I am 45
I am 50
I am 54
I am 48
I am 46
I am 58
I am 51
I am 62
I am 63
I am 57
I am 64
I am 52
I am 67
I am 68
I am 59
I am 69
I am 60
I am 70
I am 55
I am 71
I am 66
I am 56
I am 53
I am 61
[build] leaves: 10% (625001/6250000)
[build] leaves: 20% (1250002/6250000)
[build] leaves: 30% (1875003/6250000)
[build] leaves: 40% (2500004/6250000)
[build] leaves: 50% (3125005/6250000)
[build] leaves: 60% (3750006/6250000)
[build] leaves: 70% (4375007/6250000)
[build] leaves: 80% (5000008/6250000)
[build] leaves: 90% (5625009/6250000)
[build] inner level 1: 1041667 nodes
[build] inner level 2: 173611 nodes
[build] inner level 3: 28935 nodes
[build] inner level 4: 4823 nodes
[build] inner level 5: 804 nodes
[build] inner level 6: 134 nodes
[build] inner level 7: 23 nodes
[build] inner level 8: 4 nodes
[build] inner level 9: 1 nodes
[build] done in 19.5s: height=10 leaves=6250000 inner_nodes=1250002 (8 keys per leaf, 6 children per inner node)
[TREE] height=10 leaves=6250000 inner_nodes=1250002 keys_per_leaf=8.00 inner_MB=399.4 leaf_MB=2104.0 total_MB=2503.4 (internal span 16, leaf span 16, node bytes inner=335 leaf=353)
node 1 warmup done in 46s
[INDEX] --- post-bulk-load cache occupancy (cache = 16 MB) ---
 ----- [TreeCache]:  cache size=16 MB free_size=0.000 MB skiplist_node_cnt=1249942 ----- 
consumed cache size = 16.000 MB
 ----- [IdxCache]:  cache size=0 MB free_size=0.000 MB ---- 
consumed hotspot buffer size = 0.000000 MB

 ----- [LeafCache]: capacity=1298264 leaves resident=1298264 (100.0% full, 435.8 MB) -----
[LEAFCACHE] hit=1910558 miss=8089410 stale=0 fill=8089410 hit_pct=19.106 admit_pct=100.000 resident=1298264 capacity=1298264 budget_mb=496
[LEAFKEY] by_key=1 owner=1 admit_push=0.10 key_hits=472 push_admits=350
1, throughput 2.8756 Mops
1, throughput 2.8896 Mops
1, throughput 2.8886 Mops
1, throughput 2.8893 Mops
1, throughput 2.8916 Mops
1, throughput 2.8897 Mops
1, throughput 2.8787 Mops
1, throughput 2.9056 Mops
1, throughput 2.9107 Mops
1, throughput 2.9159 Mops
1, throughput 2.9097 Mops
1, throughput 2.9103 Mops
1, throughput 2.9119 Mops
1, throughput 2.9149 Mops
1, throughput 2.9111 Mops
1, throughput 2.9107 Mops
1, throughput 2.9116 Mops
1, throughput 2.9114 Mops
1, throughput 2.9091 Mops
1, throughput 2.9125 Mops
1, throughput 1.9246 Mops
1, throughput 0.0154 Mops
[RESULT node 1] ops=29999988 elapsed=10.584s throughput=2.8345 Mops mode=op-bounded
[RDMA node 1] ops=29999988 posts=38615824 read_wr=20831499 read_bytes=1200490122 write_wr=0 write_bytes=0 atomic_wr=0 send_wr=23883665 send_bytes=979230265
[RDMA node 1] per_op: round_trips=1.2872 reads=0.6944 writes=0.0000 atomics=0.0000 sends=0.7961 verbs=1.4905 bytes=72.7

==================== LATENCY BUCKETS (500 ns) [node 1] ====================
[LOOKUP]
  ALL                n=29999988   mean=   12.34us  p50=  13.00us  p90=  20.00us  p99=  28.50us  p99.9=  34.50us  max>=417.00us
  DIRECT (1-sided)   n=6116323    mean=    3.14us  p50=   2.00us  p90=  12.50us  p99=  17.50us  p99.9=  21.00us  max>=316.00us
  OFFLOAD (rpc)      n=23883665   mean=   14.70us  p50=  14.00us  p90=  21.50us  p99=  29.50us  p99.9=  35.00us  max>=417.00us
[ALL OPS]
  ALL                n=29999988   mean=   12.34us  p50=  13.00us  p90=  20.00us  p99=  28.50us  p99.9=  34.50us  max>=417.00us
  DIRECT (1-sided)   n=6116323    mean=    3.14us  p50=   2.00us  p90=  12.50us  p99=  17.50us  p99.9=  21.00us  max>=316.00us
  OFFLOAD (rpc)      n=23883665   mean=   14.70us  p50=  14.00us  p90=  21.50us  p99=  29.50us  p99.9=  35.00us  max>=417.00us

----- 500 ns bucket CDF (all ops) [node 1] -----
  bucket [lo,hi) ns             count        pct       cdf
  [        0,      500)           20    0.0001%   0.0001%
  [      500,     1000)       225212    0.7507%   0.7508%
  [     1000,     1500)      2535931    8.4531%   9.2039%
  [     1500,     2000)      2023795    6.7460%  15.9499%
  [     2000,     2500)       423046    1.4102%  17.3600%
  [     2500,     3000)        53153    0.1772%  17.5372%
  [     3000,     3500)        12087    0.0403%  17.5775%
  [     3500,     4000)        13407    0.0447%  17.6222%
  [     4000,     4500)         9006    0.0300%  17.6522%
  [     4500,     5000)         8544    0.0285%  17.6807%
  [     5000,     5500)         8619    0.0287%  17.7094%
  [     5500,     6000)         9543    0.0318%  17.7412%
  [     6000,     6500)         8825    0.0294%  17.7706%
  [     6500,     7000)         9862    0.0329%  17.8035%
  [     7000,     7500)        18979    0.0633%  17.8668%
  [     7500,     8000)        62379    0.2079%  18.0747%
  [     8000,     8500)       200096    0.6670%  18.7417%
  [     8500,     9000)       478508    1.5950%  20.3367%
  [     9000,     9500)       839456    2.7982%  23.1349%
  [     9500,    10000)      1145095    3.8170%  26.9519%
  [    10000,    10500)      1295699    4.3190%  31.2709%
  [    10500,    11000)      1308323    4.3611%  35.6320%
  [    11000,    11500)      1234586    4.1153%  39.7473%
  [    11500,    12000)      1134276    3.7809%  43.5282%
  [    12000,    12500)      1069694    3.5656%  47.0938%
  [    12500,    13000)      1101200    3.6707%  50.7645%
  [    13000,    13500)      1213800    4.0460%  54.8105%
  [    13500,    14000)      1338553    4.4618%  59.2723%
  [    14000,    14500)      1399718    4.6657%  63.9381%
  [    14500,    15000)      1367101    4.5570%  68.4951%
  [    15000,    15500)      1254425    4.1814%  72.6765%
  [    15500,    16000)      1101407    3.6714%  76.3478%
  [    16000,    16500)       921451    3.0715%  79.4194%
  [    16500,    17000)       754879    2.5163%  81.9356%
  [    17000,    17500)       614514    2.0484%  83.9840%
  [    17500,    18000)       505156    1.6839%  85.6679%
  [    18000,    18500)       421208    1.4040%  87.0719%
  [    18500,    19000)       361754    1.2058%  88.2777%
  [    19000,    19500)       317472    1.0582%  89.3360%
  [    19500,    20000)       284616    0.9487%  90.2847%
  [    20000,    20500)       260525    0.8684%  91.1531%
  [    20500,    21000)       240226    0.8008%  91.9539%
  [    21000,    21500)       222558    0.7419%  92.6957%
  [    21500,    22000)       209341    0.6978%  93.3935%
  [    22000,    22500)       196303    0.6543%  94.0479%
  [    22500,    23000)       185763    0.6192%  94.6671%
  [    23000,    23500)       175033    0.5834%  95.2505%
  [    23500,    24000)       165524    0.5517%  95.8023%
  [    24000,    24500)       154692    0.5156%  96.3179%
  [    24500,    25000)       143334    0.4778%  96.7957%
  [    25000,    25500)       131862    0.4395%  97.2352%
  [    25500,    26000)       119644    0.3988%  97.6340%
  [    26000,    26500)       106731    0.3558%  97.9898%
  [    26500,    27000)        93694    0.3123%  98.3021%
  [    27000,    27500)        82182    0.2739%  98.5761%
  [    27500,    28000)        70805    0.2360%  98.8121%
  [    28000,    28500)        60419    0.2014%  99.0135%
  [    28500,    29000)        50454    0.1682%  99.1817%
  [    29000,    29500)        42859    0.1429%  99.3245%
  [    29500,    30000)        35712    0.1190%  99.4436%
  [    30000,    30500)        29391    0.0980%  99.5415%
  [    30500,    31000)        24249    0.0808%  99.6224%
  [    31000,    31500)        19912    0.0664%  99.6887%
  [    31500,    32000)        16510    0.0550%  99.7438%
  [    32000,    32500)        13821    0.0461%  99.7898%
  [    32500,    33000)        11259    0.0375%  99.8274%
  [    33000,    33500)         9213    0.0307%  99.8581%
  [    33500,    34000)         7576    0.0253%  99.8833%
  [    34000,    34500)         6157    0.0205%  99.9039%
  [    34500,    35000)         5129    0.0171%  99.9209%
  [    35000,    35500)         4198    0.0140%  99.9349%
  [    35500,    36000)         3553    0.0118%  99.9468%
  [    36000,    36500)         2851    0.0095%  99.9563%
  [    36500,    37000)         2340    0.0078%  99.9641%
  [    37000,    37500)         1907    0.0064%  99.9704%
  [    37500,    38000)         1611    0.0054%  99.9758%
  [    38000,    38500)         1256    0.0042%  99.9800%
  [    38500,    39000)         1026    0.0034%  99.9834%
  [    39000,    39500)          871    0.0029%  99.9863%
  [    39500,    40000)          690    0.0023%  99.9886%
  [    40000,    40500)          551    0.0018%  99.9905%
  [    40500,    41000)          444    0.0015%  99.9919%
  [    41000,    41500)          359    0.0012%  99.9931%
  [    41500,    42000)          324    0.0011%  99.9942%
  [    42000,    42500)          250    0.0008%  99.9951%
  [    42500,    43000)          210    0.0007%  99.9958%
  [    43000,    43500)          179    0.0006%  99.9963%
  [    43500,    44000)          158    0.0005%  99.9969%
  [    44000,    44500)          112    0.0004%  99.9972%
  [    44500,    45000)          102    0.0003%  99.9976%
  [    45000,    45500)           80    0.0003%  99.9979%
  [    45500,    46000)           68    0.0002%  99.9981%
  [    46000,    46500)           60    0.0002%  99.9983%
  [    46500,    47000)           44    0.0001%  99.9984%
  [    47000,    47500)           39    0.0001%  99.9986%
  [    47500,    48000)           34    0.0001%  99.9987%
  [    48000,    48500)           31    0.0001%  99.9988%
  [    48500,    49000)           30    0.0001%  99.9989%
  [    49000,    49500)           16    0.0001%  99.9989%
  [    49500,    50000)           14    0.0000%  99.9990%
  [    50000,    50500)           15    0.0001%  99.9990%
  [    50500,    51000)            9    0.0000%  99.9991%
  [    51000,    51500)            8    0.0000%  99.9991%
  [    51500,    52000)           10    0.0000%  99.9991%
  [    52000,    52500)            7    0.0000%  99.9991%
  [    52500,    53000)           10    0.0000%  99.9992%
  [    53000,    53500)            8    0.0000%  99.9992%
  [    53500,    54000)            3    0.0000%  99.9992%
  [    54000,    54500)            8    0.0000%  99.9992%
  [    54500,    55000)            4    0.0000%  99.9992%
  [    55000,    55500)            4    0.0000%  99.9993%
  [    55500,    56000)            5    0.0000%  99.9993%
  [    56000,    56500)            6    0.0000%  99.9993%
  [    56500,    57000)            1    0.0000%  99.9993%
  [    57000,    57500)            2    0.0000%  99.9993%
  [    57500,    58000)            4    0.0000%  99.9993%
  [    58000,    58500)            7    0.0000%  99.9993%
  [    58500,    59000)            6    0.0000%  99.9994%
  [    59000,    59500)            7    0.0000%  99.9994%
  [    59500,    60000)            3    0.0000%  99.9994%
  [    60000,    60500)            2    0.0000%  99.9994%
  [    60500,    61000)            5    0.0000%  99.9994%
  [    61000,    61500)            4    0.0000%  99.9994%
  [    61500,    62000)            2    0.0000%  99.9994%
  [    62000,    62500)            2    0.0000%  99.9994%
  [    62500,    63000)            3    0.0000%  99.9995%
  [    63000,    63500)            2    0.0000%  99.9995%
  [    63500,    64000)            3    0.0000%  99.9995%
  [    64000,    64500)            9    0.0000%  99.9995%
  [    64500,    65000)            2    0.0000%  99.9995%
  [    65000,    65500)            3    0.0000%  99.9995%
  [    65500,    66000)            1    0.0000%  99.9995%
  [    66000,    66500)            3    0.0000%  99.9995%
  [    66500,    67000)            6    0.0000%  99.9996%
  [    67000,    67500)            2    0.0000%  99.9996%
  [    67500,    68000)            3    0.0000%  99.9996%
  [    68000,    68500)            1    0.0000%  99.9996%
  [    68500,    69000)            4    0.0000%  99.9996%
  [    69000,    69500)            2    0.0000%  99.9996%
  [    69500,    70000)            5    0.0000%  99.9996%
  [    70000,    70500)            2    0.0000%  99.9996%
  [    71000,    71500)            3    0.0000%  99.9996%
  [    71500,    72000)            2    0.0000%  99.9996%
  [    72000,    72500)            2    0.0000%  99.9996%
  [    72500,    73000)            1    0.0000%  99.9996%
  [    73000,    73500)            1    0.0000%  99.9996%
  [    74000,    74500)            2    0.0000%  99.9997%
  [    74500,    75000)            4    0.0000%  99.9997%
  [    75000,    75500)            1    0.0000%  99.9997%
  [    75500,    76000)            1    0.0000%  99.9997%
  [    76000,    76500)            1    0.0000%  99.9997%
  [    76500,    77000)            2    0.0000%  99.9997%
  [    77000,    77500)            1    0.0000%  99.9997%
  [    77500,    78000)            2    0.0000%  99.9997%
  [    78500,    79000)            1    0.0000%  99.9997%
  [    79000,    79500)            2    0.0000%  99.9997%
  [    79500,    80000)            3    0.0000%  99.9997%
  [    80500,    81000)            1    0.0000%  99.9997%
  [    81000,    81500)            2    0.0000%  99.9997%
  [    82500,    83000)            4    0.0000%  99.9997%
  [    83000,    83500)            1    0.0000%  99.9997%
  [    84000,    84500)            2    0.0000%  99.9997%
  [    84500,    85000)            1    0.0000%  99.9998%
  [    86000,    86500)            1    0.0000%  99.9998%
  [    86500,    87000)            1    0.0000%  99.9998%
  [    87000,    87500)            1    0.0000%  99.9998%
  [    87500,    88000)            1    0.0000%  99.9998%
  [    88000,    88500)            2    0.0000%  99.9998%
  [    89000,    89500)            2    0.0000%  99.9998%
  [    91000,    91500)            2    0.0000%  99.9998%
  [    91500,    92000)            1    0.0000%  99.9998%
  [    92000,    92500)            1    0.0000%  99.9998%
  [    92500,    93000)            1    0.0000%  99.9998%
  [    93500,    94000)            1    0.0000%  99.9998%
  [    95000,    95500)            2    0.0000%  99.9998%
  [    96000,    96500)            1    0.0000%  99.9998%
  [    96500,    97000)            3    0.0000%  99.9998%
  [    97500,    98000)            1    0.0000%  99.9998%
  [    98500,    99000)            1    0.0000%  99.9998%
  [    99500,   100000)            1    0.0000%  99.9998%
  [   100000,   100500)            1    0.0000%  99.9998%
  [   101500,   102000)            1    0.0000%  99.9998%
  [   103000,   103500)            1    0.0000%  99.9998%
  [   107000,   107500)            1    0.0000%  99.9998%
  [   108000,   108500)            1    0.0000%  99.9998%
  [   126500,   127000)            1    0.0000%  99.9998%
  [   142000,   142500)            1    0.0000%  99.9999%
  [   185500,   186000)            1    0.0000%  99.9999%
  [   188000,   188500)            1    0.0000%  99.9999%
  [   188500,   189000)            2    0.0000%  99.9999%
  [   189500,   190000)            1    0.0000%  99.9999%
  [   191500,   192000)            1    0.0000%  99.9999%
  [   192000,   192500)            1    0.0000%  99.9999%
  [   192500,   193000)            1    0.0000%  99.9999%
  [   195500,   196000)            1    0.0000%  99.9999%
  [   196000,   196500)            1    0.0000%  99.9999%
  [   198500,   199000)            2    0.0000%  99.9999%
  [   199500,   200000)            1    0.0000%  99.9999%
  [   205500,   206000)            1    0.0000%  99.9999%
  [   223500,   224000)            1    0.0000%  99.9999%
  [   244000,   244500)            1    0.0000%  99.9999%
  [   247500,   248000)            1    0.0000%  99.9999%
  [   248000,   248500)            1    0.0000%  99.9999%
  [   251000,   251500)            1    0.0000%  99.9999%
  [   252500,   253000)            2    0.0000%  99.9999%
  [   254000,   254500)            1    0.0000%  99.9999%
  [   257500,   258000)            2    0.0000%  99.9999%
  [   263000,   263500)            1    0.0000%  99.9999%
  [   266500,   267000)            2    0.0000%  99.9999%
  [   301500,   302000)            1    0.0000%  99.9999%
  [   306500,   307000)            1    0.0000%  99.9999%
  [   315500,   316000)            1    0.0000% 100.0000%
  [   356500,   357000)            1    0.0000% 100.0000%
  [   359000,   359500)            1    0.0000% 100.0000%
  [   366000,   366500)            1    0.0000% 100.0000%
  [   370500,   371000)            1    0.0000% 100.0000%
  [   374500,   375000)            1    0.0000% 100.0000%
  [   375500,   376000)            1    0.0000% 100.0000%
  [   376000,   376500)            1    0.0000% 100.0000%
  [   378000,   378500)            1    0.0000% 100.0000%
  [   381500,   382000)            1    0.0000% 100.0000%
  [   392500,   393000)            2    0.0000% 100.0000%
  [   397500,   398000)            1    0.0000% 100.0000%
  [   414000,   414500)            1    0.0000% 100.0000%
  [   416500,   417000)            1    0.0000% 100.0000%

----- OFFLOADED TASKS [node 1] -----
  ops total                = 29999988
  ops direct (1-sided)     = 6116323 (20.39%)
  ops offload (rpc)        = 23883665 (79.61%)
  lookup pushdowns         = 23883665
  scan   pushdowns (RPC)   = 0
    kv pairs returned      = 0
    leaves scanned remotely= 0
    kv / scan pushdown     = 0.00
    leaves / scan pushdown = 0.00
=========================================================================

[CORRECTNESS node 1] lookup found 29999359 / 29999988 = 99.9979%
[READPATH node 1] lookups=29999988  index-cache hit=44.3%  per lookup: leaf=0.026 speculative=0.000 (right 0.0%) hop-reads=0.000 (two-segment 0.000) retries=0.000 invalid=0.000 sibling=0.000  => est. leaf round trips/lookup=0.000
 ----- [LeafCache]: capacity=1298264 leaves resident=1298264 (100.0% full, 435.8 MB) -----
[LEAFCACHE] hit=5368560 miss=747742 stale=0 fill=3049670 hit_pct=87.775 admit_pct=407.851 resident=1298264 capacity=1298264 budget_mb=496
[LEAFKEY] by_key=1 owner=1 admit_push=0.10 key_hits=5336551 push_admits=2301928

----- PER-LEVEL CACHE HITS [node 1] (lookups; level 0 = leaf) -----
[LEVEL] level=0 hits=5368560 misses=24631407 hit_rate=0.1790
[LEVEL] level=1 hits=779751 misses=23883665 hit_rate=0.0316
[LEVEL] level=2 hits=5331927 misses=19331489 hit_rate=0.2162
[LEVEL] level=3 hits=12351990 misses=12311426 hit_rate=0.5008
[LEVEL] level=4 hits=12940176 misses=11723240 hit_rate=0.5247
[LEVEL] level=5 hits=12980927 misses=11682489 hit_rate=0.5263
[LEVEL] level=6 hits=12980927 misses=11682489 hit_rate=0.5263
[LEVEL] level=7 hits=12980927 misses=11682489 hit_rate=0.5263
[LEVEL] level=8 hits=12980927 misses=11682489 hit_rate=0.5263
[LEVEL] level=9 hits=12980927 misses=11682489 hit_rate=0.5263
[KIND node 1] lookups=29999967 inner_visits=221970744 inner_hits=96308479 inner_hit_pct=43.39 leaf_visits=29999967 leaf_hits=5368560 leaf_hit_pct=17.90
[END]
