nodes 2, threads 36, mix R/I/U/S=100/0/0/0, uniform, bulk 50M warmup 10M op 30M, offload 0%, scan_range 100
[4mshared memory size: 64GB, 0x7feeda800000[0m
[4mrdma cache size: 4GB[0m
[4mMachine NR: 2[0m
[4mCompute server 1 start up [10.30.1.6]
[0m
I connect server 0
[CONFIG node 1] bulk load: bottom-up build, 8 keys per leaf, 6 children per inner node (CHIME_BULK_BUILD / CHIME_BUILD_LEAF_KEYS / CHIME_BUILD_INNER_FANOUT)
[CONFIG node 1] clients on this node: yes (CHIME_MN_CLIENTS)
[CONFIG node 1] leaf cache by key=0 owner=0 admit_push=0.00 granule=16 (CHIME_LEAF_BY_KEY / CHIME_LEAF_OWNER / CHIME_LEAF_ADMIT_PUSH / CHIME_LEAF_KEY_GRANULE)
[CONFIG node 1] scan path: from_cache=1 offload_always=0 (CHIME_SCAN_FROM_CACHE / CHIME_SCAN_OFFLOAD_ALWAYS)
[CONFIG node 1] push ops: both (CHIME_PUSH_OPS; applies only with offloading on)
[CACHE node 1] total=128 MB index=128 MB leaf=0 MB
[CONFIG node 1] dir threads = 1 (CHIME_DIR_THREADS, max 16) -- MUST match the other node
[CORES node 1] linear pinning: app threads -> CPUs 0..35, main -> 79, dir threads -> 79 (REV_DIR_CPUS)
[CONFIG] hotspot buffer + speculative read: off (CHIME_HOTSPOT; stock CHIME: on above 50 MB)
workload generated: keyspace=50001000 bulk=50000000 warmup=9999972 op=29999988
[4mKey space set: keySpaceSize=50000000[0m
I am 38
I am 39
I am 37
I am 36
I am 40
I am 71
I am 41
I am 45
I am 49
I am 51
I am 54
I am 58
I am 55
I am 48
I am 63
I am 43
I am 68
I am 60
I am 69
I am 70
I am 56
I am 62
I am 61
I am 44
I am 50
I am 46
I am 66
I am 42
I am 59
I am 52
I am 64
I am 57
I am 67
I am 65
I am 47
I am 53
[build] leaves: 10% (625001/6250000)
[build] leaves: 20% (1250002/6250000)
[build] leaves: 30% (1875003/6250000)
[build] leaves: 40% (2500004/6250000)
[build] leaves: 50% (3125005/6250000)
[build] leaves: 60% (3750006/6250000)
[build] leaves: 70% (4375007/6250000)
[build] leaves: 80% (5000008/6250000)
[build] leaves: 90% (5625009/6250000)
[build] inner level 1: 1041667 nodes
[build] inner level 2: 173611 nodes
[build] inner level 3: 28935 nodes
[build] inner level 4: 4823 nodes
[build] inner level 5: 804 nodes
[build] inner level 6: 134 nodes
[build] inner level 7: 23 nodes
[build] inner level 8: 4 nodes
[build] inner level 9: 1 nodes
[build] done in 19.0s: height=10 leaves=6250000 inner_nodes=1250002 (8 keys per leaf, 6 children per inner node)
[TREE] height=10 leaves=6250000 inner_nodes=1250002 keys_per_leaf=8.00 inner_MB=399.4 leaf_MB=2104.0 total_MB=2503.4 (internal span 16, leaf span 16, node bytes inner=335 leaf=353)
node 1 warmup done in 32s
[INDEX] --- post-bulk-load cache occupancy (cache = 128 MB) ---
 ----- [TreeCache]:  cache size=128 MB free_size=-0.000 MB skiplist_node_cnt=1249920 ----- 
consumed cache size = 128.000 MB
 ----- [IdxCache]:  cache size=0 MB free_size=0.000 MB ---- 
consumed hotspot buffer size = 0.000000 MB

[LEAFCACHE] off
1, throughput 0.7958 Mops
1, throughput 0.7914 Mops
1, throughput 0.7897 Mops
1, throughput 0.7896 Mops
1, throughput 0.7934 Mops
1, throughput 0.7938 Mops
1, throughput 0.7918 Mops
1, throughput 0.7916 Mops
1, throughput 0.7884 Mops
1, throughput 0.7945 Mops
1, throughput 0.7931 Mops
1, throughput 0.7927 Mops
1, throughput 0.7915 Mops
1, throughput 0.7894 Mops
1, throughput 0.7907 Mops
1, throughput 0.7901 Mops
1, throughput 0.7800 Mops
1, throughput 0.7942 Mops
1, throughput 0.7962 Mops
1, throughput 0.7958 Mops
1, throughput 0.7996 Mops
1, throughput 0.7935 Mops
1, throughput 0.7931 Mops
1, throughput 0.7955 Mops
1, throughput 0.7981 Mops
1, throughput 0.7920 Mops
1, throughput 0.7919 Mops
1, throughput 0.7952 Mops
1, throughput 0.7947 Mops
1, throughput 0.7920 Mops
1, throughput 0.7966 Mops
1, throughput 0.7934 Mops
1, throughput 0.7978 Mops
1, throughput 0.7921 Mops
1, throughput 0.7992 Mops
1, throughput 0.7960 Mops
1, throughput 0.7883 Mops
1, throughput 0.7882 Mops
1, throughput 0.7956 Mops
1, throughput 0.7958 Mops
1, throughput 0.7949 Mops
1, throughput 0.7953 Mops
1, throughput 0.7957 Mops
1, throughput 0.7959 Mops
1, throughput 0.7939 Mops
1, throughput 0.7956 Mops
1, throughput 0.7941 Mops
1, throughput 0.7972 Mops
1, throughput 0.7974 Mops
1, throughput 0.7970 Mops
1, throughput 0.7924 Mops
1, throughput 0.7983 Mops
1, throughput 0.7964 Mops
1, throughput 0.7959 Mops
1, throughput 0.7931 Mops
1, throughput 0.7948 Mops
1, throughput 0.7927 Mops
1, throughput 0.7779 Mops
1, throughput 0.7977 Mops
1, throughput 0.7973 Mops
1, throughput 0.8007 Mops
1, throughput 0.7930 Mops
1, throughput 0.7914 Mops
1, throughput 0.7892 Mops
1, throughput 0.7975 Mops
1, throughput 0.7923 Mops
1, throughput 0.7913 Mops
1, throughput 0.7969 Mops
1, throughput 0.7944 Mops
1, throughput 0.7970 Mops
1, throughput 0.7924 Mops
1, throughput 0.7985 Mops
1, throughput 0.7970 Mops
1, throughput 0.7801 Mops
1, throughput 0.7305 Mops
1, throughput 0.5306 Mops
[RESULT node 1] ops=29999988 elapsed=37.909s throughput=0.7914 Mops mode=op-bounded
[RDMA node 1] ops=29999988 posts=88803662 read_wr=101923845 read_bytes=21916576509 write_wr=0 write_bytes=0 atomic_wr=0 send_wr=0 send_bytes=0
[RDMA node 1] per_op: round_trips=2.9601 reads=3.3975 writes=0.0000 atomics=0.0000 sends=0.0000 verbs=3.3975 bytes=730.6

==================== LATENCY BUCKETS (500 ns) [node 1] ====================
[LOOKUP]
  ALL                n=29999988   mean=   44.84us  p50=  12.00us  p90= 180.50us  p99= 226.00us  p99.9= 255.00us  max>=377.50us
  DIRECT (1-sided)   n=29999988   mean=   44.84us  p50=  12.00us  p90= 180.50us  p99= 226.00us  p99.9= 255.00us  max>=377.50us
  OFFLOAD (rpc)             (no samples)
[ALL OPS]
  ALL                n=29999988   mean=   44.84us  p50=  12.00us  p90= 180.50us  p99= 226.00us  p99.9= 255.00us  max>=377.50us
  DIRECT (1-sided)   n=29999988   mean=   44.84us  p50=  12.00us  p90= 180.50us  p99= 226.00us  p99.9= 255.00us  max>=377.50us
  OFFLOAD (rpc)             (no samples)

----- 500 ns bucket CDF (all ops) [node 1] -----
  bucket [lo,hi) ns             count        pct       cdf
  [     3000,     3500)            1    0.0000%   0.0000%
  [     3500,     4000)          374    0.0012%   0.0013%
  [     4000,     4500)        14437    0.0481%   0.0494%
  [     4500,     5000)       117407    0.3914%   0.4407%
  [     5000,     5500)       365424    1.2181%   1.6588%
  [     5500,     6000)       661502    2.2050%   3.8638%
  [     6000,     6500)       911428    3.0381%   6.9019%
  [     6500,     7000)      1118432    3.7281%  10.6300%
  [     7000,     7500)      1264459    4.2149%  14.8449%
  [     7500,     8000)      1291800    4.3060%  19.1509%
  [     8000,     8500)      1238176    4.1273%  23.2781%
  [     8500,     9000)      1199422    3.9981%  27.2762%
  [     9000,     9500)      1132333    3.7744%  31.0507%
  [     9500,    10000)      1107338    3.6911%  34.7418%
  [    10000,    10500)      1130396    3.7680%  38.5098%
  [    10500,    11000)      1159933    3.8664%  42.3762%
  [    11000,    11500)      1189859    3.9662%  46.3424%
  [    11500,    12000)      1218100    4.0603%  50.4028%
  [    12000,    12500)      1214600    4.0487%  54.4514%
  [    12500,    13000)      1170684    3.9023%  58.3537%
  [    13000,    13500)      1085792    3.6193%  61.9730%
  [    13500,    14000)       968549    3.2285%  65.2015%
  [    14000,    14500)       822528    2.7418%  67.9433%
  [    14500,    15000)       667386    2.2246%  70.1679%
  [    15000,    15500)       520219    1.7341%  71.9020%
  [    15500,    16000)       390432    1.3014%  73.2034%
  [    16000,    16500)       281260    0.9375%  74.1409%
  [    16500,    17000)       197241    0.6575%  74.7984%
  [    17000,    17500)       138741    0.4625%  75.2609%
  [    17500,    18000)        98890    0.3296%  75.5905%
  [    18000,    18500)        72176    0.2406%  75.8311%
  [    18500,    19000)        55905    0.1864%  76.0174%
  [    19000,    19500)        46069    0.1536%  76.1710%
  [    19500,    20000)        39879    0.1329%  76.3039%
  [    20000,    20500)        35281    0.1176%  76.4215%
  [    20500,    21000)        32144    0.1071%  76.5287%
  [    21000,    21500)        29633    0.0988%  76.6275%
  [    21500,    22000)        27394    0.0913%  76.7188%
  [    22000,    22500)        25826    0.0861%  76.8049%
  [    22500,    23000)        23907    0.0797%  76.8846%
  [    23000,    23500)        22230    0.0741%  76.9587%
  [    23500,    24000)        20750    0.0692%  77.0278%
  [    24000,    24500)        19591    0.0653%  77.0931%
  [    24500,    25000)        18304    0.0610%  77.1541%
  [    25000,    25500)        17116    0.0571%  77.2112%
  [    25500,    26000)        16336    0.0545%  77.2656%
  [    26000,    26500)        15541    0.0518%  77.3174%
  [    26500,    27000)        14543    0.0485%  77.3659%
  [    27000,    27500)        14061    0.0469%  77.4128%
  [    27500,    28000)        13534    0.0451%  77.4579%
  [    28000,    28500)        13211    0.0440%  77.5019%
  [    28500,    29000)        12960    0.0432%  77.5451%
  [    29000,    29500)        12516    0.0417%  77.5869%
  [    29500,    30000)        12378    0.0413%  77.6281%
  [    30000,    30500)        11966    0.0399%  77.6680%
  [    30500,    31000)        11886    0.0396%  77.7076%
  [    31000,    31500)        11639    0.0388%  77.7464%
  [    31500,    32000)        11339    0.0378%  77.7842%
  [    32000,    32500)        11293    0.0376%  77.8219%
  [    32500,    33000)        11044    0.0368%  77.8587%
  [    33000,    33500)        10464    0.0349%  77.8936%
  [    33500,    34000)        10558    0.0352%  77.9288%
  [    34000,    34500)        10243    0.0341%  77.9629%
  [    34500,    35000)         9977    0.0333%  77.9962%
  [    35000,    35500)         9686    0.0323%  78.0284%
  [    35500,    36000)         9374    0.0312%  78.0597%
  [    36000,    36500)         9186    0.0306%  78.0903%
  [    36500,    37000)         9114    0.0304%  78.1207%
  [    37000,    37500)         9204    0.0307%  78.1514%
  [    37500,    38000)         8822    0.0294%  78.1808%
  [    38000,    38500)         8988    0.0300%  78.2107%
  [    38500,    39000)         9059    0.0302%  78.2409%
  [    39000,    39500)         9204    0.0307%  78.2716%
  [    39500,    40000)         9574    0.0319%  78.3035%
  [    40000,    40500)         9637    0.0321%  78.3356%
  [    40500,    41000)        10095    0.0337%  78.3693%
  [    41000,    41500)        10571    0.0352%  78.4045%
  [    41500,    42000)        10843    0.0361%  78.4407%
  [    42000,    42500)        10978    0.0366%  78.4773%
  [    42500,    43000)        11522    0.0384%  78.5157%
  [    43000,    43500)        11791    0.0393%  78.5550%
  [    43500,    44000)        12275    0.0409%  78.5959%
  [    44000,    44500)        12478    0.0416%  78.6375%
  [    44500,    45000)        12708    0.0424%  78.6799%
  [    45000,    45500)        12852    0.0428%  78.7227%
  [    45500,    46000)        13247    0.0442%  78.7668%
  [    46000,    46500)        13428    0.0448%  78.8116%
  [    46500,    47000)        13455    0.0449%  78.8565%
  [    47000,    47500)        13638    0.0455%  78.9019%
  [    47500,    48000)        13641    0.0455%  78.9474%
  [    48000,    48500)        13623    0.0454%  78.9928%
  [    48500,    49000)        13462    0.0449%  79.0377%
  [    49000,    49500)        13288    0.0443%  79.0820%
  [    49500,    50000)        13256    0.0442%  79.1262%
  [    50000,    50500)        13342    0.0445%  79.1706%
  [    50500,    51000)        13018    0.0434%  79.2140%
  [    51000,    51500)        12807    0.0427%  79.2567%
  [    51500,    52000)        13120    0.0437%  79.3004%
  [    52000,    52500)        13134    0.0438%  79.3442%
  [    52500,    53000)        13020    0.0434%  79.3876%
  [    53000,    53500)        12987    0.0433%  79.4309%
  [    53500,    54000)        12764    0.0425%  79.4735%
  [    54000,    54500)        12688    0.0423%  79.5158%
  [    54500,    55000)        13017    0.0434%  79.5591%
  [    55000,    55500)        12537    0.0418%  79.6009%
  [    55500,    56000)        12471    0.0416%  79.6425%
  [    56000,    56500)        12235    0.0408%  79.6833%
  [    56500,    57000)        12159    0.0405%  79.7238%
  [    57000,    57500)        12425    0.0414%  79.7652%
  [    57500,    58000)        12062    0.0402%  79.8054%
  [    58000,    58500)        11755    0.0392%  79.8446%
  [    58500,    59000)        11692    0.0390%  79.8836%
  [    59000,    59500)        11495    0.0383%  79.9219%
  [    59500,    60000)        11321    0.0377%  79.9596%
  [    60000,    60500)        11003    0.0367%  79.9963%
  [    60500,    61000)        10597    0.0353%  80.0316%
  [    61000,    61500)        10649    0.0355%  80.0671%
  [    61500,    62000)        10365    0.0346%  80.1017%
  [    62000,    62500)        10199    0.0340%  80.1357%
  [    62500,    63000)         9851    0.0328%  80.1685%
  [    63000,    63500)         9554    0.0318%  80.2004%
  [    63500,    64000)         9289    0.0310%  80.2313%
  [    64000,    64500)         9088    0.0303%  80.2616%
  [    64500,    65000)         8720    0.0291%  80.2907%
  [    65000,    65500)         8358    0.0279%  80.3186%
  [    65500,    66000)         8195    0.0273%  80.3459%
  [    66000,    66500)         8077    0.0269%  80.3728%
  [    66500,    67000)         7834    0.0261%  80.3989%
  [    67000,    67500)         7444    0.0248%  80.4237%
  [    67500,    68000)         7206    0.0240%  80.4477%
  [    68000,    68500)         7154    0.0238%  80.4716%
  [    68500,    69000)         6728    0.0224%  80.4940%
  [    69000,    69500)         6649    0.0222%  80.5162%
  [    69500,    70000)         6390    0.0213%  80.5375%
  [    70000,    70500)         6175    0.0206%  80.5581%
  [    70500,    71000)         6083    0.0203%  80.5783%
  [    71000,    71500)         5821    0.0194%  80.5977%
  [    71500,    72000)         5580    0.0186%  80.6163%
  [    72000,    72500)         5631    0.0188%  80.6351%
  [    72500,    73000)         5319    0.0177%  80.6528%
  [    73000,    73500)         5192    0.0173%  80.6702%
  [    73500,    74000)         5074    0.0169%  80.6871%
  [    74000,    74500)         5017    0.0167%  80.7038%
  [    74500,    75000)         4784    0.0159%  80.7197%
  [    75000,    75500)         4759    0.0159%  80.7356%
  [    75500,    76000)         4661    0.0155%  80.7511%
  [    76000,    76500)         4575    0.0153%  80.7664%
  [    76500,    77000)         4617    0.0154%  80.7818%
  [    77000,    77500)         4571    0.0152%  80.7970%
  [    77500,    78000)         4335    0.0145%  80.8115%
  [    78000,    78500)         4323    0.0144%  80.8259%
  [    78500,    79000)         4315    0.0144%  80.8403%
  [    79000,    79500)         4215    0.0141%  80.8543%
  [    79500,    80000)         4112    0.0137%  80.8680%
  [    80000,    80500)         4120    0.0137%  80.8817%
  [    80500,    81000)         4007    0.0134%  80.8951%
  [    81000,    81500)         3880    0.0129%  80.9080%
  [    81500,    82000)         3805    0.0127%  80.9207%
  [    82000,    82500)         3818    0.0127%  80.9334%
  [    82500,    83000)         3752    0.0125%  80.9460%
  [    83000,    83500)         3531    0.0118%  80.9577%
  [    83500,    84000)         3484    0.0116%  80.9693%
  [    84000,    84500)         3409    0.0114%  80.9807%
  [    84500,    85000)         3219    0.0107%  80.9914%
  [    85000,    85500)         3161    0.0105%  81.0020%
  [    85500,    86000)         3039    0.0101%  81.0121%
  [    86000,    86500)         3024    0.0101%  81.0222%
  [    86500,    87000)         2804    0.0093%  81.0315%
  [    87000,    87500)         2742    0.0091%  81.0407%
  [    87500,    88000)         2673    0.0089%  81.0496%
  [    88000,    88500)         2529    0.0084%  81.0580%
  [    88500,    89000)         2626    0.0088%  81.0668%
  [    89000,    89500)         2510    0.0084%  81.0751%
  [    89500,    90000)         2352    0.0078%  81.0830%
  [    90000,    90500)         2524    0.0084%  81.0914%
  [    90500,    91000)         2268    0.0076%  81.0989%
  [    91000,    91500)         2220    0.0074%  81.1063%
  [    91500,    92000)         2171    0.0072%  81.1136%
  [    92000,    92500)         2105    0.0070%  81.1206%
  [    92500,    93000)         2161    0.0072%  81.1278%
  [    93000,    93500)         2086    0.0070%  81.1347%
  [    93500,    94000)         2027    0.0068%  81.1415%
  [    94000,    94500)         1989    0.0066%  81.1481%
  [    94500,    95000)         1992    0.0066%  81.1548%
  [    95000,    95500)         1934    0.0064%  81.1612%
  [    95500,    96000)         1884    0.0063%  81.1675%
  [    96000,    96500)         1911    0.0064%  81.1739%
  [    96500,    97000)         1787    0.0060%  81.1798%
  [    97000,    97500)         1803    0.0060%  81.1858%
  [    97500,    98000)         1708    0.0057%  81.1915%
  [    98000,    98500)         1691    0.0056%  81.1972%
  [    98500,    99000)         1710    0.0057%  81.2029%
  [    99000,    99500)         1634    0.0054%  81.2083%
  [    99500,   100000)         1679    0.0056%  81.2139%
  [   100000,   100500)         1568    0.0052%  81.2191%
  [   100500,   101000)         1485    0.0050%  81.2241%
  [   101000,   101500)         1529    0.0051%  81.2292%
  [   101500,   102000)         1466    0.0049%  81.2341%
  [   102000,   102500)         1452    0.0048%  81.2389%
  [   102500,   103000)         1335    0.0045%  81.2434%
  [   103000,   103500)         1324    0.0044%  81.2478%
  [   103500,   104000)         1212    0.0040%  81.2518%
  [   104000,   104500)         1203    0.0040%  81.2558%
  [   104500,   105000)         1084    0.0036%  81.2594%
  [   105000,   105500)         1123    0.0037%  81.2632%
  [   105500,   106000)          997    0.0033%  81.2665%
  [   106000,   106500)         1013    0.0034%  81.2699%
  [   106500,   107000)          937    0.0031%  81.2730%
  [   107000,   107500)          896    0.0030%  81.2760%
  [   107500,   108000)          891    0.0030%  81.2790%
  [   108000,   108500)          822    0.0027%  81.2817%
  [   108500,   109000)          819    0.0027%  81.2844%
  [   109000,   109500)          748    0.0025%  81.2869%
  [   109500,   110000)          800    0.0027%  81.2896%
  [   110000,   110500)          754    0.0025%  81.2921%
  [   110500,   111000)          760    0.0025%  81.2946%
  [   111000,   111500)          729    0.0024%  81.2971%
  [   111500,   112000)          757    0.0025%  81.2996%
  [   112000,   112500)          730    0.0024%  81.3020%
  [   112500,   113000)          710    0.0024%  81.3044%
  [   113000,   113500)          760    0.0025%  81.3069%
  [   113500,   114000)          644    0.0021%  81.3091%
  [   114000,   114500)          727    0.0024%  81.3115%
  [   114500,   115000)          688    0.0023%  81.3138%
  [   115000,   115500)          754    0.0025%  81.3163%
  [   115500,   116000)          718    0.0024%  81.3187%
  [   116000,   116500)          781    0.0026%  81.3213%
  [   116500,   117000)          766    0.0026%  81.3238%
  [   117000,   117500)          786    0.0026%  81.3265%
  [   117500,   118000)          903    0.0030%  81.3295%
  [   118000,   118500)          944    0.0031%  81.3326%
  [   118500,   119000)          926    0.0031%  81.3357%
  [   119000,   119500)         1026    0.0034%  81.3391%
  [   119500,   120000)         1032    0.0034%  81.3426%
  [   120000,   120500)         1074    0.0036%  81.3462%
  [   120500,   121000)         1160    0.0039%  81.3500%
  [   121000,   121500)         1217    0.0041%  81.3541%
  [   121500,   122000)         1235    0.0041%  81.3582%
  [   122000,   122500)         1296    0.0043%  81.3625%
  [   122500,   123000)         1351    0.0045%  81.3670%
  [   123000,   123500)         1531    0.0051%  81.3721%
  [   123500,   124000)         1596    0.0053%  81.3774%
  [   124000,   124500)         1682    0.0056%  81.3830%
  [   124500,   125000)         1672    0.0056%  81.3886%
  [   125000,   125500)         1914    0.0064%  81.3950%
  [   125500,   126000)         1951    0.0065%  81.4015%
  [   126000,   126500)         2115    0.0071%  81.4086%
  [   126500,   127000)         2289    0.0076%  81.4162%
  [   127000,   127500)         2311    0.0077%  81.4239%
  [   127500,   128000)         2510    0.0084%  81.4323%
  [   128000,   128500)         2622    0.0087%  81.4410%
  [   128500,   129000)         2931    0.0098%  81.4508%
  [   129000,   129500)         2997    0.0100%  81.4608%
  [   129500,   130000)         3205    0.0107%  81.4714%
  [   130000,   130500)         3483    0.0116%  81.4830%
  [   130500,   131000)         3612    0.0120%  81.4951%
  [   131000,   131500)         3691    0.0123%  81.5074%
  [   131500,   132000)         4087    0.0136%  81.5210%
  [   132000,   132500)         4255    0.0142%  81.5352%
  [   132500,   133000)         4394    0.0146%  81.5498%
  [   133000,   133500)         4743    0.0158%  81.5657%
  [   133500,   134000)         4832    0.0161%  81.5818%
  [   134000,   134500)         5173    0.0172%  81.5990%
  [   134500,   135000)         5496    0.0183%  81.6173%
  [   135000,   135500)         5690    0.0190%  81.6363%
  [   135500,   136000)         6162    0.0205%  81.6568%
  [   136000,   136500)         6376    0.0213%  81.6781%
  [   136500,   137000)         6780    0.0226%  81.7007%
  [   137000,   137500)         7085    0.0236%  81.7243%
  [   137500,   138000)         7321    0.0244%  81.7487%
  [   138000,   138500)         7702    0.0257%  81.7744%
  [   138500,   139000)         8160    0.0272%  81.8016%
  [   139000,   139500)         8649    0.0288%  81.8304%
  [   139500,   140000)         8985    0.0300%  81.8604%
  [   140000,   140500)         9258    0.0309%  81.8912%
  [   140500,   141000)         9947    0.0332%  81.9244%
  [   141000,   141500)        10077    0.0336%  81.9580%
  [   141500,   142000)        10555    0.0352%  81.9931%
  [   142000,   142500)        11198    0.0373%  82.0305%
  [   142500,   143000)        11604    0.0387%  82.0692%
  [   143000,   143500)        12096    0.0403%  82.1095%
  [   143500,   144000)        12509    0.0417%  82.1512%
  [   144000,   144500)        13019    0.0434%  82.1946%
  [   144500,   145000)        13431    0.0448%  82.2393%
  [   145000,   145500)        14181    0.0473%  82.2866%
  [   145500,   146000)        14620    0.0487%  82.3353%
  [   146000,   146500)        15264    0.0509%  82.3862%
  [   146500,   147000)        15776    0.0526%  82.4388%
  [   147000,   147500)        16251    0.0542%  82.4930%
  [   147500,   148000)        16966    0.0566%  82.5495%
  [   148000,   148500)        17544    0.0585%  82.6080%
  [   148500,   149000)        18077    0.0603%  82.6683%
  [   149000,   149500)        18433    0.0614%  82.7297%
  [   149500,   150000)        19377    0.0646%  82.7943%
  [   150000,   150500)        19856    0.0662%  82.8605%
  [   150500,   151000)        20744    0.0691%  82.9296%
  [   151000,   151500)        21374    0.0712%  83.0009%
  [   151500,   152000)        21743    0.0725%  83.0734%
  [   152000,   152500)        22681    0.0756%  83.1490%
  [   152500,   153000)        23234    0.0774%  83.2264%
  [   153000,   153500)        23600    0.0787%  83.3051%
  [   153500,   154000)        24423    0.0814%  83.3865%
  [   154000,   154500)        25321    0.0844%  83.4709%
  [   154500,   155000)        25613    0.0854%  83.5563%
  [   155000,   155500)        26439    0.0881%  83.6444%
  [   155500,   156000)        27214    0.0907%  83.7351%
  [   156000,   156500)        27953    0.0932%  83.8283%
  [   156500,   157000)        28717    0.0957%  83.9240%
  [   157000,   157500)        28965    0.0966%  84.0206%
  [   157500,   158000)        29636    0.0988%  84.1193%
  [   158000,   158500)        30550    0.1018%  84.2212%
  [   158500,   159000)        31066    0.1036%  84.3247%
  [   159000,   159500)        31526    0.1051%  84.4298%
  [   159500,   160000)        32232    0.1074%  84.5373%
  [   160000,   160500)        32915    0.1097%  84.6470%
  [   160500,   161000)        33569    0.1119%  84.7589%
  [   161000,   161500)        34188    0.1140%  84.8728%
  [   161500,   162000)        34510    0.1150%  84.9879%
  [   162000,   162500)        35114    0.1170%  85.1049%
  [   162500,   163000)        35586    0.1186%  85.2235%
  [   163000,   163500)        36417    0.1214%  85.3449%
  [   163500,   164000)        37144    0.1238%  85.4687%
  [   164000,   164500)        37390    0.1246%  85.5934%
  [   164500,   165000)        37888    0.1263%  85.7197%
  [   165000,   165500)        38121    0.1271%  85.8467%
  [   165500,   166000)        38546    0.1285%  85.9752%
  [   166000,   166500)        39215    0.1307%  86.1059%
  [   166500,   167000)        39364    0.1312%  86.2371%
  [   167000,   167500)        40138    0.1338%  86.3709%
  [   167500,   168000)        40231    0.1341%  86.5050%
  [   168000,   168500)        40400    0.1347%  86.6397%
  [   168500,   169000)        41184    0.1373%  86.7770%
  [   169000,   169500)        41293    0.1376%  86.9146%
  [   169500,   170000)        41503    0.1383%  87.0530%
  [   170000,   170500)        41771    0.1392%  87.1922%
  [   170500,   171000)        42320    0.1411%  87.3333%
  [   171000,   171500)        42562    0.1419%  87.4752%
  [   171500,   172000)        42879    0.1429%  87.6181%
  [   172000,   172500)        42962    0.1432%  87.7613%
  [   172500,   173000)        42952    0.1432%  87.9045%
  [   173000,   173500)        43225    0.1441%  88.0485%
  [   173500,   174000)        43416    0.1447%  88.1933%
  [   174000,   174500)        43540    0.1451%  88.3384%
  [   174500,   175000)        43579    0.1453%  88.4837%
  [   175000,   175500)        43648    0.1455%  88.6292%
  [   175500,   176000)        43661    0.1455%  88.7747%
  [   176000,   176500)        43255    0.1442%  88.9189%
  [   176500,   177000)        43312    0.1444%  89.0633%
  [   177000,   177500)        43599    0.1453%  89.2086%
  [   177500,   178000)        43449    0.1448%  89.3534%
  [   178000,   178500)        43587    0.1453%  89.4987%
  [   178500,   179000)        43643    0.1455%  89.6442%
  [   179000,   179500)        43209    0.1440%  89.7882%
  [   179500,   180000)        43338    0.1445%  89.9327%
  [   180000,   180500)        43506    0.1450%  90.0777%
  [   180500,   181000)        43090    0.1436%  90.2213%
  [   181000,   181500)        43121    0.1437%  90.3651%
  [   181500,   182000)        42998    0.1433%  90.5084%
  [   182000,   182500)        42763    0.1425%  90.6509%
  [   182500,   183000)        42520    0.1417%  90.7927%
  [   183000,   183500)        42283    0.1409%  90.9336%
  [   183500,   184000)        42152    0.1405%  91.0741%
  [   184000,   184500)        41952    0.1398%  91.2140%
  [   184500,   185000)        41641    0.1388%  91.3528%
  [   185000,   185500)        41661    0.1389%  91.4916%
  [   185500,   186000)        41768    0.1392%  91.6309%
  [   186000,   186500)        41509    0.1384%  91.7692%
  [   186500,   187000)        41319    0.1377%  91.9069%
  [   187000,   187500)        41074    0.1369%  92.0439%
  [   187500,   188000)        40875    0.1363%  92.1801%
  [   188000,   188500)        40521    0.1351%  92.3152%
  [   188500,   189000)        39959    0.1332%  92.4484%
  [   189000,   189500)        40062    0.1335%  92.5819%
  [   189500,   190000)        39900    0.1330%  92.7149%
  [   190000,   190500)        39341    0.1311%  92.8461%
  [   190500,   191000)        39393    0.1313%  92.9774%
  [   191000,   191500)        38933    0.1298%  93.1071%
  [   191500,   192000)        38834    0.1294%  93.2366%
  [   192000,   192500)        38367    0.1279%  93.3645%
  [   192500,   193000)        38319    0.1277%  93.4922%
  [   193000,   193500)        38081    0.1269%  93.6191%
  [   193500,   194000)        37203    0.1240%  93.7432%
  [   194000,   194500)        37322    0.1244%  93.8676%
  [   194500,   195000)        36852    0.1228%  93.9904%
  [   195000,   195500)        37209    0.1240%  94.1144%
  [   195500,   196000)        36391    0.1213%  94.2357%
  [   196000,   196500)        35944    0.1198%  94.3555%
  [   196500,   197000)        35946    0.1198%  94.4754%
  [   197000,   197500)        35639    0.1188%  94.5942%
  [   197500,   198000)        35072    0.1169%  94.7111%
  [   198000,   198500)        34616    0.1154%  94.8265%
  [   198500,   199000)        34275    0.1143%  94.9407%
  [   199000,   199500)        33709    0.1124%  95.0531%
  [   199500,   200000)        33536    0.1118%  95.1649%
  [   200000,   200500)        32918    0.1097%  95.2746%
  [   200500,   201000)        32834    0.1094%  95.3840%
  [   201000,   201500)        32333    0.1078%  95.4918%
  [   201500,   202000)        32387    0.1080%  95.5998%
  [   202000,   202500)        31642    0.1055%  95.7052%
  [   202500,   203000)        31652    0.1055%  95.8107%
  [   203000,   203500)        30899    0.1030%  95.9137%
  [   203500,   204000)        30578    0.1019%  96.0157%
  [   204000,   204500)        29798    0.0993%  96.1150%
  [   204500,   205000)        29948    0.0998%  96.2148%
  [   205000,   205500)        29086    0.0970%  96.3118%
  [   205500,   206000)        28971    0.0966%  96.4083%
  [   206000,   206500)        28629    0.0954%  96.5038%
  [   206500,   207000)        28061    0.0935%  96.5973%
  [   207000,   207500)        27684    0.0923%  96.6896%
  [   207500,   208000)        27169    0.0906%  96.7802%
  [   208000,   208500)        26896    0.0897%  96.8698%
  [   208500,   209000)        25984    0.0866%  96.9564%
  [   209000,   209500)        25812    0.0860%  97.0425%
  [   209500,   210000)        25248    0.0842%  97.1266%
  [   210000,   210500)        24711    0.0824%  97.2090%
  [   210500,   211000)        24286    0.0810%  97.2899%
  [   211000,   211500)        24050    0.0802%  97.3701%
  [   211500,   212000)        23092    0.0770%  97.4471%
  [   212000,   212500)        22720    0.0757%  97.5228%
  [   212500,   213000)        22378    0.0746%  97.5974%
  [   213000,   213500)        21818    0.0727%  97.6701%
  [   213500,   214000)        21537    0.0718%  97.7419%
  [   214000,   214500)        20860    0.0695%  97.8115%
  [   214500,   215000)        20723    0.0691%  97.8805%
  [   215000,   215500)        20161    0.0672%  97.9477%
  [   215500,   216000)        19883    0.0663%  98.0140%
  [   216000,   216500)        19014    0.0634%  98.0774%
  [   216500,   217000)        18731    0.0624%  98.1398%
  [   217000,   217500)        18442    0.0615%  98.2013%
  [   217500,   218000)        17853    0.0595%  98.2608%
  [   218000,   218500)        17102    0.0570%  98.3178%
  [   218500,   219000)        16963    0.0565%  98.3744%
  [   219000,   219500)        16342    0.0545%  98.4288%
  [   219500,   220000)        15928    0.0531%  98.4819%
  [   220000,   220500)        15496    0.0517%  98.5336%
  [   220500,   221000)        15009    0.0500%  98.5836%
  [   221000,   221500)        14457    0.0482%  98.6318%
  [   221500,   222000)        14150    0.0472%  98.6790%
  [   222000,   222500)        13859    0.0462%  98.7252%
  [   222500,   223000)        13672    0.0456%  98.7707%
  [   223000,   223500)        13351    0.0445%  98.8152%
  [   223500,   224000)        12770    0.0426%  98.8578%
  [   224000,   224500)        12533    0.0418%  98.8996%
  [   224500,   225000)        11943    0.0398%  98.9394%
  [   225000,   225500)        11600    0.0387%  98.9781%
  [   225500,   226000)        11195    0.0373%  99.0154%
  [   226000,   226500)        10701    0.0357%  99.0511%
  [   226500,   227000)        10455    0.0349%  99.0859%
  [   227000,   227500)        10186    0.0340%  99.1199%
  [   227500,   228000)         9850    0.0328%  99.1527%
  [   228000,   228500)         9348    0.0312%  99.1839%
  [   228500,   229000)         9307    0.0310%  99.2149%
  [   229000,   229500)         8823    0.0294%  99.2443%
  [   229500,   230000)         8649    0.0288%  99.2731%
  [   230000,   230500)         8337    0.0278%  99.3009%
  [   230500,   231000)         8092    0.0270%  99.3279%
  [   231000,   231500)         7658    0.0255%  99.3534%
  [   231500,   232000)         7526    0.0251%  99.3785%
  [   232000,   232500)         7111    0.0237%  99.4022%
  [   232500,   233000)         7022    0.0234%  99.4256%
  [   233000,   233500)         6729    0.0224%  99.4480%
  [   233500,   234000)         6396    0.0213%  99.4694%
  [   234000,   234500)         6170    0.0206%  99.4899%
  [   234500,   235000)         6162    0.0205%  99.5105%
  [   235000,   235500)         5815    0.0194%  99.5298%
  [   235500,   236000)         5471    0.0182%  99.5481%
  [   236000,   236500)         5308    0.0177%  99.5658%
  [   236500,   237000)         5136    0.0171%  99.5829%
  [   237000,   237500)         4899    0.0163%  99.5992%
  [   237500,   238000)         4742    0.0158%  99.6150%
  [   238000,   238500)         4535    0.0151%  99.6301%
  [   238500,   239000)         4311    0.0144%  99.6445%
  [   239000,   239500)         4270    0.0142%  99.6587%
  [   239500,   240000)         4101    0.0137%  99.6724%
  [   240000,   240500)         4067    0.0136%  99.6860%
  [   240500,   241000)         3624    0.0121%  99.6981%
  [   241000,   241500)         3619    0.0121%  99.7101%
  [   241500,   242000)         3488    0.0116%  99.7217%
  [   242000,   242500)         3434    0.0114%  99.7332%
  [   242500,   243000)         3220    0.0107%  99.7439%
  [   243000,   243500)         2926    0.0098%  99.7537%
  [   243500,   244000)         3020    0.0101%  99.7637%
  [   244000,   244500)         2879    0.0096%  99.7733%
  [   244500,   245000)         2635    0.0088%  99.7821%
  [   245000,   245500)         2564    0.0085%  99.7907%
  [   245500,   246000)         2492    0.0083%  99.7990%
  [   246000,   246500)         2482    0.0083%  99.8073%
  [   246500,   247000)         2281    0.0076%  99.8149%
  [   247000,   247500)         2265    0.0076%  99.8224%
  [   247500,   248000)         2203    0.0073%  99.8297%
  [   248000,   248500)         2051    0.0068%  99.8366%
  [   248500,   249000)         1902    0.0063%  99.8429%
  [   249000,   249500)         1907    0.0064%  99.8493%
  [   249500,   250000)         1758    0.0059%  99.8551%
  [   250000,   250500)         1704    0.0057%  99.8608%
  [   250500,   251000)         1612    0.0054%  99.8662%
  [   251000,   251500)         1571    0.0052%  99.8714%
  [   251500,   252000)         1530    0.0051%  99.8765%
  [   252000,   252500)         1434    0.0048%  99.8813%
  [   252500,   253000)         1467    0.0049%  99.8862%
  [   253000,   253500)         1294    0.0043%  99.8905%
  [   253500,   254000)         1317    0.0044%  99.8949%
  [   254000,   254500)         1252    0.0042%  99.8991%
  [   254500,   255000)         1176    0.0039%  99.9030%
  [   255000,   255500)         1165    0.0039%  99.9069%
  [   255500,   256000)         1132    0.0038%  99.9107%
  [   256000,   256500)         1111    0.0037%  99.9144%
  [   256500,   257000)         1064    0.0035%  99.9179%
  [   257000,   257500)         1002    0.0033%  99.9212%
  [   257500,   258000)          923    0.0031%  99.9243%
  [   258000,   258500)          893    0.0030%  99.9273%
  [   258500,   259000)          888    0.0030%  99.9303%
  [   259000,   259500)          841    0.0028%  99.9331%
  [   259500,   260000)          797    0.0027%  99.9357%
  [   260000,   260500)          744    0.0025%  99.9382%
  [   260500,   261000)          755    0.0025%  99.9407%
  [   261000,   261500)          640    0.0021%  99.9428%
  [   261500,   262000)          711    0.0024%  99.9452%
  [   262000,   262500)          689    0.0023%  99.9475%
  [   262500,   263000)          650    0.0022%  99.9497%
  [   263000,   263500)          608    0.0020%  99.9517%
  [   263500,   264000)          573    0.0019%  99.9536%
  [   264000,   264500)          532    0.0018%  99.9554%
  [   264500,   265000)          517    0.0017%  99.9571%
  [   265000,   265500)          500    0.0017%  99.9588%
  [   265500,   266000)          506    0.0017%  99.9605%
  [   266000,   266500)          491    0.0016%  99.9621%
  [   266500,   267000)          454    0.0015%  99.9636%
  [   267000,   267500)          449    0.0015%  99.9651%
  [   267500,   268000)          413    0.0014%  99.9665%
  [   268000,   268500)          402    0.0013%  99.9678%
  [   268500,   269000)          393    0.0013%  99.9691%
  [   269000,   269500)          396    0.0013%  99.9705%
  [   269500,   270000)          341    0.0011%  99.9716%
  [   270000,   270500)          356    0.0012%  99.9728%
  [   270500,   271000)          320    0.0011%  99.9739%
  [   271000,   271500)          308    0.0010%  99.9749%
  [   271500,   272000)          305    0.0010%  99.9759%
  [   272000,   272500)          294    0.0010%  99.9769%
  [   272500,   273000)          254    0.0008%  99.9777%
  [   273000,   273500)          256    0.0009%  99.9786%
  [   273500,   274000)          257    0.0009%  99.9794%
  [   274000,   274500)          262    0.0009%  99.9803%
  [   274500,   275000)          254    0.0008%  99.9812%
  [   275000,   275500)          232    0.0008%  99.9819%
  [   275500,   276000)          196    0.0007%  99.9826%
  [   276000,   276500)          200    0.0007%  99.9832%
  [   276500,   277000)          208    0.0007%  99.9839%
  [   277000,   277500)          187    0.0006%  99.9846%
  [   277500,   278000)          189    0.0006%  99.9852%
  [   278000,   278500)          153    0.0005%  99.9857%
  [   278500,   279000)          171    0.0006%  99.9863%
  [   279000,   279500)          150    0.0005%  99.9868%
  [   279500,   280000)          165    0.0006%  99.9873%
  [   280000,   280500)          138    0.0005%  99.9878%
  [   280500,   281000)          147    0.0005%  99.9883%
  [   281000,   281500)          131    0.0004%  99.9887%
  [   281500,   282000)          147    0.0005%  99.9892%
  [   282000,   282500)          121    0.0004%  99.9896%
  [   282500,   283000)          130    0.0004%  99.9900%
  [   283000,   283500)          124    0.0004%  99.9904%
  [   283500,   284000)           99    0.0003%  99.9908%
  [   284000,   284500)          106    0.0004%  99.9911%
  [   284500,   285000)          108    0.0004%  99.9915%
  [   285000,   285500)          107    0.0004%  99.9918%
  [   285500,   286000)          124    0.0004%  99.9923%
  [   286000,   286500)          106    0.0004%  99.9926%
  [   286500,   287000)           98    0.0003%  99.9929%
  [   287000,   287500)          107    0.0004%  99.9933%
  [   287500,   288000)           96    0.0003%  99.9936%
  [   288000,   288500)           70    0.0002%  99.9939%
  [   288500,   289000)           87    0.0003%  99.9941%
  [   289000,   289500)           81    0.0003%  99.9944%
  [   289500,   290000)           65    0.0002%  99.9946%
  [   290000,   290500)           67    0.0002%  99.9949%
  [   290500,   291000)           57    0.0002%  99.9950%
  [   291000,   291500)           63    0.0002%  99.9953%
  [   291500,   292000)           59    0.0002%  99.9954%
  [   292000,   292500)           52    0.0002%  99.9956%
  [   292500,   293000)           56    0.0002%  99.9958%
  [   293000,   293500)           53    0.0002%  99.9960%
  [   293500,   294000)           57    0.0002%  99.9962%
  [   294000,   294500)           52    0.0002%  99.9963%
  [   294500,   295000)           36    0.0001%  99.9965%
  [   295000,   295500)           36    0.0001%  99.9966%
  [   295500,   296000)           41    0.0001%  99.9967%
  [   296000,   296500)           32    0.0001%  99.9968%
  [   296500,   297000)           41    0.0001%  99.9970%
  [   297000,   297500)           34    0.0001%  99.9971%
  [   297500,   298000)           38    0.0001%  99.9972%
  [   298000,   298500)           43    0.0001%  99.9974%
  [   298500,   299000)           32    0.0001%  99.9975%
  [   299000,   299500)           37    0.0001%  99.9976%
  [   299500,   300000)           31    0.0001%  99.9977%
  [   300000,   300500)           29    0.0001%  99.9978%
  [   300500,   301000)           27    0.0001%  99.9979%
  [   301000,   301500)           28    0.0001%  99.9980%
  [   301500,   302000)           22    0.0001%  99.9980%
  [   302000,   302500)           15    0.0001%  99.9981%
  [   302500,   303000)           28    0.0001%  99.9982%
  [   303000,   303500)           22    0.0001%  99.9983%
  [   303500,   304000)           24    0.0001%  99.9983%
  [   304000,   304500)           16    0.0001%  99.9984%
  [   304500,   305000)           16    0.0001%  99.9984%
  [   305000,   305500)           26    0.0001%  99.9985%
  [   305500,   306000)           16    0.0001%  99.9986%
  [   306000,   306500)            9    0.0000%  99.9986%
  [   306500,   307000)           11    0.0000%  99.9986%
  [   307000,   307500)           11    0.0000%  99.9987%
  [   307500,   308000)           14    0.0000%  99.9987%
  [   308000,   308500)           12    0.0000%  99.9988%
  [   308500,   309000)           10    0.0000%  99.9988%
  [   309000,   309500)           11    0.0000%  99.9988%
  [   309500,   310000)           11    0.0000%  99.9989%
  [   310000,   310500)           12    0.0000%  99.9989%
  [   310500,   311000)           12    0.0000%  99.9990%
  [   311000,   311500)           16    0.0001%  99.9990%
  [   311500,   312000)           11    0.0000%  99.9990%
  [   312000,   312500)           12    0.0000%  99.9991%
  [   312500,   313000)            8    0.0000%  99.9991%
  [   313000,   313500)            9    0.0000%  99.9991%
  [   313500,   314000)            8    0.0000%  99.9992%
  [   314000,   314500)            9    0.0000%  99.9992%
  [   314500,   315000)            9    0.0000%  99.9992%
  [   315000,   315500)            9    0.0000%  99.9993%
  [   315500,   316000)           11    0.0000%  99.9993%
  [   316000,   316500)           12    0.0000%  99.9993%
  [   316500,   317000)            5    0.0000%  99.9994%
  [   317000,   317500)            9    0.0000%  99.9994%
  [   317500,   318000)           10    0.0000%  99.9994%
  [   318000,   318500)            7    0.0000%  99.9994%
  [   318500,   319000)            6    0.0000%  99.9995%
  [   319000,   319500)            7    0.0000%  99.9995%
  [   319500,   320000)            8    0.0000%  99.9995%
  [   320000,   320500)            8    0.0000%  99.9995%
  [   320500,   321000)            1    0.0000%  99.9995%
  [   321000,   321500)            6    0.0000%  99.9996%
  [   321500,   322000)            5    0.0000%  99.9996%
  [   322000,   322500)            7    0.0000%  99.9996%
  [   322500,   323000)            7    0.0000%  99.9996%
  [   323000,   323500)            3    0.0000%  99.9996%
  [   323500,   324000)            2    0.0000%  99.9996%
  [   324000,   324500)            4    0.0000%  99.9997%
  [   324500,   325000)            4    0.0000%  99.9997%
  [   325000,   325500)            4    0.0000%  99.9997%
  [   325500,   326000)            3    0.0000%  99.9997%
  [   326000,   326500)            2    0.0000%  99.9997%
  [   326500,   327000)            3    0.0000%  99.9997%
  [   327500,   328000)            4    0.0000%  99.9997%
  [   328000,   328500)            3    0.0000%  99.9997%
  [   328500,   329000)            5    0.0000%  99.9997%
  [   329000,   329500)            3    0.0000%  99.9998%
  [   329500,   330000)            2    0.0000%  99.9998%
  [   330000,   330500)            2    0.0000%  99.9998%
  [   330500,   331000)            3    0.0000%  99.9998%
  [   331000,   331500)            7    0.0000%  99.9998%
  [   331500,   332000)            3    0.0000%  99.9998%
  [   332000,   332500)            1    0.0000%  99.9998%
  [   332500,   333000)            1    0.0000%  99.9998%
  [   333000,   333500)            1    0.0000%  99.9998%
  [   333500,   334000)            3    0.0000%  99.9998%
  [   334000,   334500)            2    0.0000%  99.9998%
  [   335000,   335500)            2    0.0000%  99.9998%
  [   335500,   336000)            4    0.0000%  99.9999%
  [   336000,   336500)            1    0.0000%  99.9999%
  [   336500,   337000)            1    0.0000%  99.9999%
  [   337000,   337500)            1    0.0000%  99.9999%
  [   337500,   338000)            1    0.0000%  99.9999%
  [   338000,   338500)            2    0.0000%  99.9999%
  [   338500,   339000)            1    0.0000%  99.9999%
  [   339000,   339500)            4    0.0000%  99.9999%
  [   340000,   340500)            1    0.0000%  99.9999%
  [   340500,   341000)            2    0.0000%  99.9999%
  [   341000,   341500)            1    0.0000%  99.9999%
  [   341500,   342000)            1    0.0000%  99.9999%
  [   342000,   342500)            2    0.0000%  99.9999%
  [   342500,   343000)            1    0.0000%  99.9999%
  [   343500,   344000)            2    0.0000%  99.9999%
  [   344000,   344500)            1    0.0000%  99.9999%
  [   344500,   345000)            2    0.0000%  99.9999%
  [   346000,   346500)            1    0.0000%  99.9999%
  [   346500,   347000)            3    0.0000% 100.0000%
  [   347500,   348000)            1    0.0000% 100.0000%
  [   350000,   350500)            1    0.0000% 100.0000%
  [   351500,   352000)            1    0.0000% 100.0000%
  [   356000,   356500)            1    0.0000% 100.0000%
  [   359000,   359500)            1    0.0000% 100.0000%
  [   360000,   360500)            2    0.0000% 100.0000%
  [   361000,   361500)            1    0.0000% 100.0000%
  [   363000,   363500)            1    0.0000% 100.0000%
  [   364500,   365000)            2    0.0000% 100.0000%
  [   374000,   374500)            1    0.0000% 100.0000%
  [   377000,   377500)            1    0.0000% 100.0000%

----- OFFLOADED TASKS [node 1] -----
  ops total                = 29999988
  ops direct (1-sided)     = 29999988 (100.00%)
  ops offload (rpc)        = 0 (0.00%)
  lookup pushdowns         = 0
  scan   pushdowns (RPC)   = 0
    kv pairs returned      = 0
    leaves scanned remotely= 0
    kv / scan pushdown     = 0.00
    leaves / scan pushdown = 0.00
=========================================================================

[CORRECTNESS node 1] lookup found 29999371 / 29999988 = 99.9979%
[READPATH node 1] lookups=29999988  index-cache hit=80.4%  per lookup: leaf=1.000 speculative=0.000 (right 0.0%) hop-reads=1.000 (two-segment 0.437) retries=0.000 invalid=0.000 sibling=0.000  => est. leaf round trips/lookup=1.000
[LEAFCACHE] off

----- PER-LEVEL CACHE HITS [node 1] (lookups; level 0 = leaf) -----
[LEVEL] level=0 hits=0 misses=29999967 hit_rate=0.0000
[LEVEL] level=1 hits=22686380 misses=7313587 hit_rate=0.7562
[LEVEL] level=2 hits=24217037 misses=5782930 hit_rate=0.8072
[LEVEL] level=3 hits=24285193 misses=5714774 hit_rate=0.8095
[LEVEL] level=4 hits=24286757 misses=5713210 hit_rate=0.8096
[LEVEL] level=5 hits=24286768 misses=5713199 hit_rate=0.8096
[LEVEL] level=6 hits=24286768 misses=5713199 hit_rate=0.8096
[LEVEL] level=7 hits=24286768 misses=5713199 hit_rate=0.8096
[LEVEL] level=8 hits=24286768 misses=5713199 hit_rate=0.8096
[LEVEL] level=9 hits=24286768 misses=5713199 hit_rate=0.8096
[KIND node 1] lookups=29999967 inner_visits=269999703 inner_hits=216909207 inner_hit_pct=80.34 leaf_visits=29999967 leaf_hits=0 leaf_hit_pct=0.00
[END]
