nodes 2, threads 36, mix R/I/U/S=50/0/0/50, zipf-0.99, bulk 50M warmup 10M op 30M, offload 100%, scan_range 100
[4mshared memory size: 64GB, 0x7feeda800000[0m
[4mrdma cache size: 4GB[0m
[4mMachine NR: 2[0m
[4mCompute server 1 start up [10.30.1.6]
[0m
I connect server 0
[CONFIG node 1] bulk load: bottom-up build, 8 keys per leaf, 6 children per inner node (CHIME_BULK_BUILD / CHIME_BUILD_LEAF_KEYS / CHIME_BUILD_INNER_FANOUT)
[CONFIG node 1] clients on this node: yes (CHIME_MN_CLIENTS)
[CONFIG node 1] leaf cache by key=0 owner=0 admit_push=0.00 granule=16 (CHIME_LEAF_BY_KEY / CHIME_LEAF_OWNER / CHIME_LEAF_ADMIT_PUSH / CHIME_LEAF_KEY_GRANULE)
[CONFIG node 1] scan path: from_cache=1 offload_always=1 (CHIME_SCAN_FROM_CACHE / CHIME_SCAN_OFFLOAD_ALWAYS)
[CONFIG node 1] push ops: both (CHIME_PUSH_OPS; applies only with offloading on)
[CACHE node 1] total=128 MB index=128 MB leaf=0 MB
[CONFIG node 1] dir threads = 16 (CHIME_DIR_THREADS, max 16) -- MUST match the other node
[CORES node 1] linear pinning: app threads -> CPUs 0..35, main -> 79, dir threads -> 79 (REV_DIR_CPUS)
[CONFIG] hotspot buffer + speculative read: off (CHIME_HOTSPOT; stock CHIME: on above 50 MB)
workload generated: keyspace=50001000 bulk=50000000 warmup=9999972 op=29999988
[4mKey space set: keySpaceSize=50000000[0m
I am 36
I am 63
I am 41
I am 37
I am 42
I am 38
I am 43
I am 40
I am 49
I am 47
I am 45
I am 44
I am 48
I am 53
I am 50
I am 54
I am 46
I am 51
I am 55
I am 52
I am 69
I am 57
I am 68
I am 66
I am 61
I am 62
I am 58
I am 39
I am 60
I am 70
I am 67
I am 59
I am 64
I am 56
I am 65
I am 71
[build] leaves: 10% (625001/6250000)
[build] leaves: 20% (1250002/6250000)
[build] leaves: 30% (1875003/6250000)
[build] leaves: 40% (2500004/6250000)
[build] leaves: 50% (3125005/6250000)
[build] leaves: 60% (3750006/6250000)
[build] leaves: 70% (4375007/6250000)
[build] leaves: 80% (5000008/6250000)
[build] leaves: 90% (5625009/6250000)
[build] inner level 1: 1041667 nodes
[build] inner level 2: 173611 nodes
[build] inner level 3: 28935 nodes
[build] inner level 4: 4823 nodes
[build] inner level 5: 804 nodes
[build] inner level 6: 134 nodes
[build] inner level 7: 23 nodes
[build] inner level 8: 4 nodes
[build] inner level 9: 1 nodes
[build] done in 18.9s: height=10 leaves=6250000 inner_nodes=1250002 (8 keys per leaf, 6 children per inner node)
[TREE] height=10 leaves=6250000 inner_nodes=1250002 keys_per_leaf=8.00 inner_MB=399.4 leaf_MB=2104.0 total_MB=2503.4 (internal span 16, leaf span 16, node bytes inner=335 leaf=353)
node 1 warmup done in 43s
[INDEX] --- post-bulk-load cache occupancy (cache = 128 MB) ---
 ----- [TreeCache]:  cache size=128 MB free_size=0.000 MB skiplist_node_cnt=1247435 ----- 
consumed cache size = 128.000 MB
 ----- [IdxCache]:  cache size=0 MB free_size=0.000 MB ---- 
consumed hotspot buffer size = 0.000000 MB

[LEAFCACHE] off
1, throughput 1.9383 Mops
1, throughput 1.9248 Mops
1, throughput 1.9201 Mops
1, throughput 1.9154 Mops
1, throughput 1.9158 Mops
1, throughput 1.9136 Mops
1, throughput 1.9166 Mops
1, throughput 1.9175 Mops
1, throughput 1.9110 Mops
1, throughput 1.8771 Mops
1, throughput 1.9130 Mops
1, throughput 1.9135 Mops
1, throughput 1.9124 Mops
1, throughput 1.9106 Mops
1, throughput 1.9112 Mops
1, throughput 1.9124 Mops
1, throughput 1.9090 Mops
1, throughput 1.9179 Mops
1, throughput 1.9233 Mops
1, throughput 1.9236 Mops
1, throughput 1.9229 Mops
1, throughput 1.9251 Mops
1, throughput 1.9230 Mops
1, throughput 1.9223 Mops
1, throughput 1.9231 Mops
1, throughput 1.9228 Mops
1, throughput 1.9237 Mops
1, throughput 1.9202 Mops
1, throughput 1.9226 Mops
1, throughput 1.9005 Mops
1, throughput 1.6955 Mops
1, throughput 0.6861 Mops
1, throughput 0.1045 Mops
[RESULT node 1] ops=29999988 elapsed=16.296s throughput=1.8410 Mops mode=op-bounded
[RDMA node 1] ops=29999988 posts=47040885 read_wr=36065656 read_bytes=26224072860 write_wr=0 write_bytes=0 atomic_wr=0 send_wr=16406528 send_bytes=672667648
[RDMA node 1] per_op: round_trips=1.5680 reads=1.2022 writes=0.0000 atomics=0.0000 sends=0.5469 verbs=1.7491 bytes=896.6

==================== LATENCY BUCKETS (500 ns) [node 1] ====================
[LOOKUP]
  ALL                n=14997948   mean=    7.38us  p50=   7.00us  p90=  10.00us  p99=  18.00us  p99.9=  23.50us  max>=252.50us
  DIRECT (1-sided)   n=13593460   mean=    6.74us  p50=   7.00us  p90=   9.00us  p99=  10.50us  p99.9=  13.00us  max>= 68.00us
  OFFLOAD (rpc)      n=1404488    mean=   13.52us  p50=  13.50us  p90=  18.00us  p99=  23.50us  p99.9=  28.00us  max>=252.50us
[RANGE]
  ALL                n=15002040   mean=   30.05us  p50=  29.50us  p90=  35.50us  p99=  41.50us  p99.9=  46.50us  max>=1000.00us
  DIRECT (1-sided)          (no samples)
  OFFLOAD (rpc)      n=15002040   mean=   30.05us  p50=  29.50us  p90=  35.50us  p99=  41.50us  p99.9=  46.50us  max>=1000.00us
[ALL OPS]
  ALL                n=29999988   mean=   18.72us  p50=  23.50us  p90=  33.00us  p99=  39.50us  p99.9=  45.00us  max>=1000.00us
  DIRECT (1-sided)   n=13593460   mean=    6.74us  p50=   7.00us  p90=   9.00us  p99=  10.50us  p99.9=  13.00us  max>= 68.00us
  OFFLOAD (rpc)      n=16406528   mean=   28.64us  p50=  29.50us  p90=  35.00us  p99=  41.00us  p99.9=  46.50us  max>=1000.00us

----- 500 ns bucket CDF (all ops) [node 1] -----
  bucket [lo,hi) ns             count        pct       cdf
  [      500,     1000)         1812    0.0060%   0.0060%
  [     1000,     1500)         9649    0.0322%   0.0382%
  [     1500,     2000)        13695    0.0457%   0.0839%
  [     2000,     2500)        17546    0.0585%   0.1423%
  [     2500,     3000)        19661    0.0655%   0.2079%
  [     3000,     3500)        47515    0.1584%   0.3663%
  [     3500,     4000)       192014    0.6400%   1.0063%
  [     4000,     4500)       439114    1.4637%   2.4700%
  [     4500,     5000)       804493    2.6816%   5.1517%
  [     5000,     5500)      1312008    4.3734%   9.5250%
  [     5500,     6000)      1693113    5.6437%  15.1687%
  [     6000,     6500)      1708393    5.6946%  20.8634%
  [     6500,     7000)      1584960    5.2832%  26.1466%
  [     7000,     7500)      1542120    5.1404%  31.2870%
  [     7500,     8000)      1426873    4.7562%  36.0432%
  [     8000,     8500)      1150286    3.8343%  39.8775%
  [     8500,     9000)       795421    2.6514%  42.5289%
  [     9000,     9500)       483221    1.6107%  44.1397%
  [     9500,    10000)       268885    0.8963%  45.0359%
  [    10000,    10500)       147014    0.4900%  45.5260%
  [    10500,    11000)        93003    0.3100%  45.8360%
  [    11000,    11500)        89071    0.2969%  46.1329%
  [    11500,    12000)       118774    0.3959%  46.5288%
  [    12000,    12500)       152680    0.5089%  47.0378%
  [    12500,    13000)       165145    0.5505%  47.5882%
  [    13000,    13500)       150195    0.5007%  48.0889%
  [    13500,    14000)       119986    0.4000%  48.4888%
  [    14000,    14500)        86944    0.2898%  48.7787%
  [    14500,    15000)        60329    0.2011%  48.9798%
  [    15000,    15500)        43353    0.1445%  49.1243%
  [    15500,    16000)        32714    0.1090%  49.2333%
  [    16000,    16500)        26739    0.0891%  49.3224%
  [    16500,    17000)        23344    0.0778%  49.4003%
  [    17000,    17500)        21485    0.0716%  49.4719%
  [    17500,    18000)        20126    0.0671%  49.5390%
  [    18000,    18500)        18848    0.0628%  49.6018%
  [    18500,    19000)        17928    0.0598%  49.6615%
  [    19000,    19500)        16039    0.0535%  49.7150%
  [    19500,    20000)        14743    0.0491%  49.7641%
  [    20000,    20500)        13102    0.0437%  49.8078%
  [    20500,    21000)        11456    0.0382%  49.8460%
  [    21000,    21500)         9899    0.0330%  49.8790%
  [    21500,    22000)         8786    0.0293%  49.9083%
  [    22000,    22500)         9570    0.0319%  49.9402%
  [    22500,    23000)        13751    0.0458%  49.9860%
  [    23000,    23500)        25173    0.0839%  50.0699%
  [    23500,    24000)        52527    0.1751%  50.2450%
  [    24000,    24500)       111538    0.3718%  50.6168%
  [    24500,    25000)       225728    0.7524%  51.3693%
  [    25000,    25500)       404356    1.3479%  52.7171%
  [    25500,    26000)       608943    2.0298%  54.7469%
  [    26000,    26500)       773251    2.5775%  57.3244%
  [    26500,    27000)       851838    2.8395%  60.1639%
  [    27000,    27500)       853732    2.8458%  63.0097%
  [    27500,    28000)       855141    2.8505%  65.8601%
  [    28000,    28500)       907099    3.0237%  68.8838%
  [    28500,    29000)       982420    3.2747%  72.1585%
  [    29000,    29500)      1021467    3.4049%  75.5634%
  [    29500,    30000)       981746    3.2725%  78.8359%
  [    30000,    30500)       870109    2.9004%  81.7363%
  [    30500,    31000)       721811    2.4060%  84.1423%
  [    31000,    31500)       590128    1.9671%  86.1094%
  [    31500,    32000)       486377    1.6213%  87.7307%
  [    32000,    32500)       428698    1.4290%  89.1597%
  [    32500,    33000)       398183    1.3273%  90.4869%
  [    33000,    33500)       376357    1.2545%  91.7415%
  [    33500,    34000)       349005    1.1634%  92.9048%
  [    34000,    34500)       315650    1.0522%  93.9570%
  [    34500,    35000)       277532    0.9251%  94.8821%
  [    35000,    35500)       240827    0.8028%  95.6848%
  [    35500,    36000)       206649    0.6888%  96.3737%
  [    36000,    36500)       175835    0.5861%  96.9598%
  [    36500,    37000)       150520    0.5017%  97.4615%
  [    37000,    37500)       127974    0.4266%  97.8881%
  [    37500,    38000)       109428    0.3648%  98.2529%
  [    38000,    38500)        92579    0.3086%  98.5615%
  [    38500,    39000)        77809    0.2594%  98.8208%
  [    39000,    39500)        64569    0.2152%  99.0360%
  [    39500,    40000)        52997    0.1767%  99.2127%
  [    40000,    40500)        44448    0.1482%  99.3609%
  [    40500,    41000)        36642    0.1221%  99.4830%
  [    41000,    41500)        29531    0.0984%  99.5814%
  [    41500,    42000)        24544    0.0818%  99.6633%
  [    42000,    42500)        19956    0.0665%  99.7298%
  [    42500,    43000)        16150    0.0538%  99.7836%
  [    43000,    43500)        13055    0.0435%  99.8271%
  [    43500,    44000)        10479    0.0349%  99.8621%
  [    44000,    44500)         8240    0.0275%  99.8895%
  [    44500,    45000)         6636    0.0221%  99.9116%
  [    45000,    45500)         5317    0.0177%  99.9294%
  [    45500,    46000)         4145    0.0138%  99.9432%
  [    46000,    46500)         3307    0.0110%  99.9542%
  [    46500,    47000)         2680    0.0089%  99.9631%
  [    47000,    47500)         2113    0.0070%  99.9702%
  [    47500,    48000)         1703    0.0057%  99.9759%
  [    48000,    48500)         1337    0.0045%  99.9803%
  [    48500,    49000)         1032    0.0034%  99.9838%
  [    49000,    49500)          823    0.0027%  99.9865%
  [    49500,    50000)          633    0.0021%  99.9886%
  [    50000,    50500)          539    0.0018%  99.9904%
  [    50500,    51000)          405    0.0014%  99.9918%
  [    51000,    51500)          323    0.0011%  99.9928%
  [    51500,    52000)          259    0.0009%  99.9937%
  [    52000,    52500)          212    0.0007%  99.9944%
  [    52500,    53000)          202    0.0007%  99.9951%
  [    53000,    53500)          163    0.0005%  99.9956%
  [    53500,    54000)          134    0.0004%  99.9961%
  [    54000,    54500)           84    0.0003%  99.9963%
  [    54500,    55000)           82    0.0003%  99.9966%
  [    55000,    55500)           89    0.0003%  99.9969%
  [    55500,    56000)           77    0.0003%  99.9972%
  [    56000,    56500)           48    0.0002%  99.9973%
  [    56500,    57000)           54    0.0002%  99.9975%
  [    57000,    57500)           49    0.0002%  99.9977%
  [    57500,    58000)           47    0.0002%  99.9978%
  [    58000,    58500)           45    0.0002%  99.9980%
  [    58500,    59000)           42    0.0001%  99.9981%
  [    59000,    59500)           36    0.0001%  99.9982%
  [    59500,    60000)           26    0.0001%  99.9983%
  [    60000,    60500)           29    0.0001%  99.9984%
  [    60500,    61000)           25    0.0001%  99.9985%
  [    61000,    61500)           21    0.0001%  99.9986%
  [    61500,    62000)           20    0.0001%  99.9986%
  [    62000,    62500)           22    0.0001%  99.9987%
  [    62500,    63000)           13    0.0000%  99.9988%
  [    63000,    63500)           18    0.0001%  99.9988%
  [    63500,    64000)           15    0.0001%  99.9989%
  [    64000,    64500)           14    0.0000%  99.9989%
  [    64500,    65000)           20    0.0001%  99.9990%
  [    65000,    65500)           17    0.0001%  99.9990%
  [    65500,    66000)           18    0.0001%  99.9991%
  [    66000,    66500)           10    0.0000%  99.9991%
  [    66500,    67000)           11    0.0000%  99.9992%
  [    67000,    67500)           12    0.0000%  99.9992%
  [    67500,    68000)           13    0.0000%  99.9993%
  [    68000,    68500)            7    0.0000%  99.9993%
  [    68500,    69000)           10    0.0000%  99.9993%
  [    69000,    69500)            7    0.0000%  99.9993%
  [    69500,    70000)            9    0.0000%  99.9994%
  [    70000,    70500)            5    0.0000%  99.9994%
  [    70500,    71000)            2    0.0000%  99.9994%
  [    71000,    71500)            4    0.0000%  99.9994%
  [    71500,    72000)            4    0.0000%  99.9994%
  [    72000,    72500)            5    0.0000%  99.9994%
  [    72500,    73000)            4    0.0000%  99.9994%
  [    73000,    73500)            2    0.0000%  99.9994%
  [    73500,    74000)            1    0.0000%  99.9995%
  [    74000,    74500)            7    0.0000%  99.9995%
  [    74500,    75000)            4    0.0000%  99.9995%
  [    75000,    75500)            3    0.0000%  99.9995%
  [    75500,    76000)            1    0.0000%  99.9995%
  [    76000,    76500)            7    0.0000%  99.9995%
  [    76500,    77000)            3    0.0000%  99.9995%
  [    77000,    77500)            2    0.0000%  99.9995%
  [    77500,    78000)            3    0.0000%  99.9996%
  [    78000,    78500)            2    0.0000%  99.9996%
  [    78500,    79000)            2    0.0000%  99.9996%
  [    79000,    79500)            2    0.0000%  99.9996%
  [    79500,    80000)            5    0.0000%  99.9996%
  [    80000,    80500)            3    0.0000%  99.9996%
  [    80500,    81000)            1    0.0000%  99.9996%
  [    81000,    81500)            2    0.0000%  99.9996%
  [    81500,    82000)            5    0.0000%  99.9996%
  [    82500,    83000)            2    0.0000%  99.9996%
  [    83000,    83500)            1    0.0000%  99.9996%
  [    83500,    84000)            2    0.0000%  99.9996%
  [    84000,    84500)            3    0.0000%  99.9997%
  [    84500,    85000)            1    0.0000%  99.9997%
  [    85500,    86000)            1    0.0000%  99.9997%
  [    86500,    87000)            1    0.0000%  99.9997%
  [    87000,    87500)            2    0.0000%  99.9997%
  [    87500,    88000)            2    0.0000%  99.9997%
  [    88000,    88500)            2    0.0000%  99.9997%
  [    88500,    89000)            1    0.0000%  99.9997%
  [    89000,    89500)            1    0.0000%  99.9997%
  [    89500,    90000)            3    0.0000%  99.9997%
  [    90000,    90500)            2    0.0000%  99.9997%
  [    90500,    91000)            2    0.0000%  99.9997%
  [    91000,    91500)            1    0.0000%  99.9997%
  [    92000,    92500)            2    0.0000%  99.9997%
  [    93500,    94000)            1    0.0000%  99.9997%
  [    94000,    94500)            1    0.0000%  99.9997%
  [    95000,    95500)            1    0.0000%  99.9997%
  [    96500,    97000)            1    0.0000%  99.9997%
  [    97500,    98000)            1    0.0000%  99.9997%
  [    99500,   100000)            1    0.0000%  99.9997%
  [   100500,   101000)            1    0.0000%  99.9997%
  [   102500,   103000)            1    0.0000%  99.9997%
  [   105000,   105500)            1    0.0000%  99.9998%
  [   106000,   106500)            1    0.0000%  99.9998%
  [   106500,   107000)            2    0.0000%  99.9998%
  [   107000,   107500)            2    0.0000%  99.9998%
  [   108000,   108500)            1    0.0000%  99.9998%
  [   110000,   110500)            1    0.0000%  99.9998%
  [   111500,   112000)            1    0.0000%  99.9998%
  [   115000,   115500)            1    0.0000%  99.9998%
  [   117500,   118000)            1    0.0000%  99.9998%
  [   122500,   123000)            1    0.0000%  99.9998%
  [   125000,   125500)            1    0.0000%  99.9998%
  [   140500,   141000)            1    0.0000%  99.9998%
  [   143500,   144000)            1    0.0000%  99.9998%
  [   144000,   144500)            1    0.0000%  99.9998%
  [   145000,   145500)            1    0.0000%  99.9998%
  [   145500,   146000)            1    0.0000%  99.9998%
  [   146000,   146500)            1    0.0000%  99.9998%
  [   147000,   147500)            1    0.0000%  99.9998%
  [   147500,   148000)            1    0.0000%  99.9998%
  [   149000,   149500)            2    0.0000%  99.9998%
  [   149500,   150000)            1    0.0000%  99.9998%
  [   150000,   150500)            1    0.0000%  99.9998%
  [   151500,   152000)            1    0.0000%  99.9998%
  [   152000,   152500)            2    0.0000%  99.9998%
  [   154000,   154500)            1    0.0000%  99.9998%
  [   154500,   155000)            1    0.0000%  99.9998%
  [   155500,   156000)            1    0.0000%  99.9999%
  [   158500,   159000)            2    0.0000%  99.9999%
  [   162500,   163000)            1    0.0000%  99.9999%
  [   163000,   163500)            2    0.0000%  99.9999%
  [   166500,   167000)            1    0.0000%  99.9999%
  [   167500,   168000)            1    0.0000%  99.9999%
  [   186500,   187000)            1    0.0000%  99.9999%
  [   193500,   194000)            1    0.0000%  99.9999%
  [   194500,   195000)            1    0.0000%  99.9999%
  [   211500,   212000)            1    0.0000%  99.9999%
  [   213000,   213500)            1    0.0000%  99.9999%
  [   225000,   225500)            1    0.0000%  99.9999%
  [   245500,   246000)            1    0.0000%  99.9999%
  [   247000,   247500)            1    0.0000%  99.9999%
  [   249000,   249500)            1    0.0000%  99.9999%
  [   252000,   252500)            1    0.0000%  99.9999%
  [   253500,   254000)            1    0.0000%  99.9999%
  [   255000,   255500)            1    0.0000%  99.9999%
  [   256500,   257000)            1    0.0000%  99.9999%
  [   257000,   257500)            2    0.0000%  99.9999%
  [   258500,   259000)            1    0.0000%  99.9999%
  [   262500,   263000)            1    0.0000%  99.9999%
  [   265000,   265500)            1    0.0000%  99.9999%
  [   265500,   266000)            3    0.0000%  99.9999%
  [   267500,   268000)            1    0.0000%  99.9999%
  [   269000,   269500)            1    0.0000% 100.0000%
  [   269500,   270000)            1    0.0000% 100.0000%
  [   270000,   270500)            2    0.0000% 100.0000%
  [   272000,   272500)            2    0.0000% 100.0000%
  [   272500,   273000)            1    0.0000% 100.0000%
  [   274500,   275000)            1    0.0000% 100.0000%
  [   276000,   276500)            1    0.0000% 100.0000%
  [   278000,   278500)            1    0.0000% 100.0000%
  [   278500,   279000)            1    0.0000% 100.0000%
  [   280000,   280500)            1    0.0000% 100.0000%
  [   280500,   281000)            1    0.0000% 100.0000%
  [   999500, +inf)                   2    0.0000% 100.0000%

----- OFFLOADED TASKS [node 1] -----
  ops total                = 29999988
  ops direct (1-sided)     = 13593460 (45.31%)
  ops offload (rpc)        = 16406528 (54.69%)
  lookup pushdowns         = 1404488
  scan   pushdowns (RPC)   = 15002040
    kv pairs returned      = 1500177848
    leaves scanned remotely= 203212351
    kv / scan pushdown     = 100.00
    leaves / scan pushdown = 13.55
=========================================================================

[CORRECTNESS node 1] lookup found 14997696 / 14997948 = 99.9983%
[CORRECTNESS node 1] scan rows returned = 1500177848
[READPATH node 1] lookups=14997948  index-cache hit=92.2%  per lookup: leaf=0.893 speculative=0.000 (right 0.0%) hop-reads=0.893 (two-segment 0.362) retries=0.000 invalid=0.000 sibling=0.000  => est. leaf round trips/lookup=0.893
[LEAFCACHE] off

----- PER-LEVEL CACHE HITS [node 1] (lookups; level 0 = leaf) -----
[LEVEL] level=0 hits=0 misses=14800189 hit_rate=0.0000
[LEVEL] level=1 hits=13395701 misses=1404488 hit_rate=0.9051
[LEVEL] level=2 hits=13661225 misses=1138964 hit_rate=0.9230
[LEVEL] level=3 hits=13681812 misses=1118377 hit_rate=0.9244
[LEVEL] level=4 hits=13682510 misses=1117679 hit_rate=0.9245
[LEVEL] level=5 hits=13682510 misses=1117679 hit_rate=0.9245
[LEVEL] level=6 hits=13682510 misses=1117679 hit_rate=0.9245
[LEVEL] level=7 hits=13682510 misses=1117679 hit_rate=0.9245
[LEVEL] level=8 hits=13682510 misses=1117679 hit_rate=0.9245
[LEVEL] level=9 hits=13682510 misses=1117679 hit_rate=0.9245
[KIND node 1] lookups=14800189 inner_visits=133201701 inner_hits=122833798 inner_hit_pct=92.22 leaf_visits=14800189 leaf_hits=0 leaf_hit_pct=0.00
[SCANLEAF node 1] scans=15002040 inner_complete_miss=0 inner_partial=0 leaf_cache_hits=0 leaf_reads=0 cn_leaves_per_scan=0.00 leaf_hit_pct=0.00
[END]
