nodes 2, threads 36, mix R/I/U/S=100/0/0/0, uniform, bulk 50M warmup 10M op 30M, offload 100%, scan_range 100
[4mshared memory size: 64GB, 0x7feeda800000[0m
[4mrdma cache size: 4GB[0m
[4mMachine NR: 2[0m
[4mCompute server 1 start up [10.30.1.6]
[0m
I connect server 0
[CONFIG node 1] bulk load: bottom-up build, 8 keys per leaf, 6 children per inner node (CHIME_BULK_BUILD / CHIME_BUILD_LEAF_KEYS / CHIME_BUILD_INNER_FANOUT)
[CONFIG node 1] clients on this node: yes (CHIME_MN_CLIENTS)
[CONFIG node 1] leaf cache by key=1 owner=1 admit_push=0.10 granule=16 (CHIME_LEAF_BY_KEY / CHIME_LEAF_OWNER / CHIME_LEAF_ADMIT_PUSH / CHIME_LEAF_KEY_GRANULE)
[CONFIG node 1] scan path: from_cache=1 offload_always=0 (CHIME_SCAN_FROM_CACHE / CHIME_SCAN_OFFLOAD_ALWAYS)
[CONFIG node 1] push ops: both (CHIME_PUSH_OPS; applies only with offloading on)
[CACHE node 1] total=512 MB index=128 MB leaf=384 MB
[CONFIG node 1] dir threads = 16 (CHIME_DIR_THREADS, max 16) -- MUST match the other node
[CORES node 1] linear pinning: app threads -> CPUs 0..35, main -> 79, dir threads -> 79 (REV_DIR_CPUS)
[CONFIG] hotspot buffer + speculative read: off (CHIME_HOTSPOT; stock CHIME: on above 50 MB)
 ----- [LeafCache]: budget=384 MB -> 125583 sets x 8 ways = 1004664 leaves (352 B/leaf, 384.0 MB) -----
 ----- [LeafCache]: by_key=1 (index 46.0 MB, granule 16 keys) owner=1 (no network check on a hit) admit_push=0.10 -----
workload generated: keyspace=50001000 bulk=50000000 warmup=9999972 op=29999988
[4mKey space set: keySpaceSize=50000000[0m
I am 38
I am 42
I am 37
I am 36
I am 40
I am 41
I am 39
I am 64
I am 43
I am 47
I am 44
I am 48
I am 46
I am 49
I am 53
I am 54
I am 45
I am 52
I am 51
I am 55
I am 63
I am 56
I am 65
I am 68
I am 58
I am 62
I am 69
I am 61
I am 70
I am 71
I am 60
I am 67
I am 57
I am 59
I am 50
I am 66
[build] leaves: 10% (625001/6250000)
[build] leaves: 20% (1250002/6250000)
[build] leaves: 30% (1875003/6250000)
[build] leaves: 40% (2500004/6250000)
[build] leaves: 50% (3125005/6250000)
[build] leaves: 60% (3750006/6250000)
[build] leaves: 70% (4375007/6250000)
[build] leaves: 80% (5000008/6250000)
[build] leaves: 90% (5625009/6250000)
[build] inner level 1: 1041667 nodes
[build] inner level 2: 173611 nodes
[build] inner level 3: 28935 nodes
[build] inner level 4: 4823 nodes
[build] inner level 5: 804 nodes
[build] inner level 6: 134 nodes
[build] inner level 7: 23 nodes
[build] inner level 8: 4 nodes
[build] inner level 9: 1 nodes
[build] done in 19.5s: height=10 leaves=6250000 inner_nodes=1250002 (8 keys per leaf, 6 children per inner node)
[TREE] height=10 leaves=6250000 inner_nodes=1250002 keys_per_leaf=8.00 inner_MB=399.4 leaf_MB=2104.0 total_MB=2503.4 (internal span 16, leaf span 16, node bytes inner=335 leaf=353)
node 1 warmup done in 30s
[INDEX] --- post-bulk-load cache occupancy (cache = 128 MB) ---
 ----- [TreeCache]:  cache size=128 MB free_size=0.000 MB skiplist_node_cnt=1249948 ----- 
consumed cache size = 128.000 MB
 ----- [IdxCache]:  cache size=0 MB free_size=0.000 MB ---- 
consumed hotspot buffer size = 0.000000 MB

 ----- [LeafCache]: capacity=1004664 leaves resident=1004664 (100.0% full, 337.3 MB) -----
[LEAFCACHE] hit=3 miss=14 stale=0 fill=4 hit_pct=17.647 admit_pct=28.571 resident=1004664 capacity=1004664 budget_mb=384
[LEAFKEY] by_key=1 owner=1 admit_push=0.10 key_hits=256 push_admits=325
1, throughput 2.3030 Mops
1, throughput 2.2972 Mops
1, throughput 2.2969 Mops
1, throughput 2.2994 Mops
1, throughput 2.2959 Mops
1, throughput 2.2933 Mops
1, throughput 2.2832 Mops
1, throughput 2.2815 Mops
1, throughput 2.2916 Mops
1, throughput 2.2898 Mops
1, throughput 2.2913 Mops
1, throughput 2.2912 Mops
1, throughput 2.2953 Mops
1, throughput 2.3016 Mops
1, throughput 2.3029 Mops
1, throughput 2.2980 Mops
1, throughput 2.2991 Mops
1, throughput 2.2964 Mops
1, throughput 2.2928 Mops
1, throughput 2.2924 Mops
1, throughput 2.2916 Mops
1, throughput 2.2870 Mops
1, throughput 2.2911 Mops
1, throughput 2.2904 Mops
1, throughput 2.2902 Mops
1, throughput 2.0553 Mops
1, throughput 0.5907 Mops
[RESULT node 1] ops=29999988 elapsed=13.223s throughput=2.2688 Mops mode=op-bounded
[RDMA node 1] ops=29999988 posts=31237901 read_wr=63433406 read_bytes=7093854856 write_wr=0 write_bytes=0 atomic_wr=0 send_wr=6662239 send_bytes=273151799
[RDMA node 1] per_op: round_trips=1.0413 reads=2.1144 writes=0.0000 atomics=0.0000 sends=0.2221 verbs=2.3365 bytes=245.6

==================== LATENCY BUCKETS (500 ns) [node 1] ====================
[LOOKUP]
  ALL                n=29999988   mean=   15.53us  p50=  15.00us  p90=  28.00us  p99=  36.50us  p99.9=  42.50us  max>=250.00us
  DIRECT (1-sided)   n=23337749   mean=   15.76us  p50=  15.50us  p90=  29.00us  p99=  36.50us  p99.9=  41.00us  max>=231.00us
  OFFLOAD (rpc)      n=6662239    mean=   14.72us  p50=  14.00us  p90=  19.00us  p99=  37.50us  p99.9=  46.00us  max>=250.00us
[ALL OPS]
  ALL                n=29999988   mean=   15.53us  p50=  15.00us  p90=  28.00us  p99=  36.50us  p99.9=  42.50us  max>=250.00us
  DIRECT (1-sided)   n=23337749   mean=   15.76us  p50=  15.50us  p90=  29.00us  p99=  36.50us  p99.9=  41.00us  max>=231.00us
  OFFLOAD (rpc)      n=6662239    mean=   14.72us  p50=  14.00us  p90=  19.00us  p99=  37.50us  p99.9=  46.00us  max>=250.00us

----- 500 ns bucket CDF (all ops) [node 1] -----
  bucket [lo,hi) ns             count        pct       cdf
  [        0,      500)           61    0.0002%   0.0002%
  [      500,     1000)       280557    0.9352%   0.9354%
  [     1000,     1500)      2241789    7.4726%   8.4080%
  [     1500,     2000)      1219270    4.0642%  12.4723%
  [     2000,     2500)       209438    0.6981%  13.1704%
  [     2500,     3000)        24281    0.0809%  13.2513%
  [     3000,     3500)         5093    0.0170%  13.2683%
  [     3500,     4000)         8256    0.0275%  13.2958%
  [     4000,     4500)        16240    0.0541%  13.3500%
  [     4500,     5000)        32123    0.1071%  13.4570%
  [     5000,     5500)        50930    0.1698%  13.6268%
  [     5500,     6000)        65414    0.2180%  13.8448%
  [     6000,     6500)        73396    0.2447%  14.0895%
  [     6500,     7000)        74580    0.2486%  14.3381%
  [     7000,     7500)        70637    0.2355%  14.5736%
  [     7500,     8000)        70254    0.2342%  14.8077%
  [     8000,     8500)        87142    0.2905%  15.0982%
  [     8500,     9000)       136129    0.4538%  15.5520%
  [     9000,     9500)       219736    0.7325%  16.2844%
  [     9500,    10000)       322108    1.0737%  17.3581%
  [    10000,    10500)       430092    1.4336%  18.7918%
  [    10500,    11000)       548964    1.8299%  20.6216%
  [    11000,    11500)       696073    2.3202%  22.9419%
  [    11500,    12000)       886547    2.9552%  25.8970%
  [    12000,    12500)      1122974    3.7432%  29.6403%
  [    12500,    13000)      1368852    4.5628%  34.2031%
  [    13000,    13500)      1553628    5.1788%  39.3819%
  [    13500,    14000)      1615197    5.3840%  44.7659%
  [    14000,    14500)      1542048    5.1402%  49.9060%
  [    14500,    15000)      1371102    4.5703%  54.4764%
  [    15000,    15500)      1162801    3.8760%  58.3524%
  [    15500,    16000)       963016    3.2101%  61.5625%
  [    16000,    16500)       790509    2.6350%  64.1975%
  [    16500,    17000)       658812    2.1960%  66.3935%
  [    17000,    17500)       560472    1.8682%  68.2618%
  [    17500,    18000)       488775    1.6293%  69.8910%
  [    18000,    18500)       440044    1.4668%  71.3578%
  [    18500,    19000)       405032    1.3501%  72.7079%
  [    19000,    19500)       379810    1.2660%  73.9740%
  [    19500,    20000)       361681    1.2056%  75.1796%
  [    20000,    20500)       346775    1.1559%  76.3355%
  [    20500,    21000)       335957    1.1199%  77.4553%
  [    21000,    21500)       327727    1.0924%  78.5478%
  [    21500,    22000)       319635    1.0655%  79.6132%
  [    22000,    22500)       313425    1.0448%  80.6580%
  [    22500,    23000)       306440    1.0215%  81.6794%
  [    23000,    23500)       300631    1.0021%  82.6815%
  [    23500,    24000)       292813    0.9760%  83.6576%
  [    24000,    24500)       286415    0.9547%  84.6123%
  [    24500,    25000)       279174    0.9306%  85.5429%
  [    25000,    25500)       273038    0.9101%  86.4530%
  [    25500,    26000)       265156    0.8839%  87.3369%
  [    26000,    26500)       260030    0.8668%  88.2036%
  [    26500,    27000)       252704    0.8423%  89.0460%
  [    27000,    27500)       246396    0.8213%  89.8673%
  [    27500,    28000)       238547    0.7952%  90.6625%
  [    28000,    28500)       232307    0.7744%  91.4368%
  [    28500,    29000)       224269    0.7476%  92.1844%
  [    29000,    29500)       215845    0.7195%  92.9039%
  [    29500,    30000)       206808    0.6894%  93.5932%
  [    30000,    30500)       196380    0.6546%  94.2478%
  [    30500,    31000)       186698    0.6223%  94.8701%
  [    31000,    31500)       174335    0.5811%  95.4513%
  [    31500,    32000)       163018    0.5434%  95.9947%
  [    32000,    32500)       150521    0.5017%  96.4964%
  [    32500,    33000)       137908    0.4597%  96.9561%
  [    33000,    33500)       125464    0.4182%  97.3743%
  [    33500,    34000)       113349    0.3778%  97.7521%
  [    34000,    34500)       101231    0.3374%  98.0896%
  [    34500,    35000)        89246    0.2975%  98.3871%
  [    35000,    35500)        77959    0.2599%  98.6469%
  [    35500,    36000)        67673    0.2256%  98.8725%
  [    36000,    36500)        58364    0.1945%  99.0670%
  [    36500,    37000)        48536    0.1618%  99.2288%
  [    37000,    37500)        41610    0.1387%  99.3675%
  [    37500,    38000)        34251    0.1142%  99.4817%
  [    38000,    38500)        27965    0.0932%  99.5749%
  [    38500,    39000)        23080    0.0769%  99.6518%
  [    39000,    39500)        18857    0.0629%  99.7147%
  [    39500,    40000)        15201    0.0507%  99.7654%
  [    40000,    40500)        12279    0.0409%  99.8063%
  [    40500,    41000)         9878    0.0329%  99.8392%
  [    41000,    41500)         8148    0.0272%  99.8664%
  [    41500,    42000)         6639    0.0221%  99.8885%
  [    42000,    42500)         5505    0.0184%  99.9069%
  [    42500,    43000)         4496    0.0150%  99.9219%
  [    43000,    43500)         3772    0.0126%  99.9344%
  [    43500,    44000)         3174    0.0106%  99.9450%
  [    44000,    44500)         2746    0.0092%  99.9542%
  [    44500,    45000)         2321    0.0077%  99.9619%
  [    45000,    45500)         1880    0.0063%  99.9682%
  [    45500,    46000)         1624    0.0054%  99.9736%
  [    46000,    46500)         1384    0.0046%  99.9782%
  [    46500,    47000)         1168    0.0039%  99.9821%
  [    47000,    47500)          974    0.0032%  99.9853%
  [    47500,    48000)          806    0.0027%  99.9880%
  [    48000,    48500)          681    0.0023%  99.9903%
  [    48500,    49000)          537    0.0018%  99.9921%
  [    49000,    49500)          396    0.0013%  99.9934%
  [    49500,    50000)          350    0.0012%  99.9946%
  [    50000,    50500)          285    0.0010%  99.9955%
  [    50500,    51000)          244    0.0008%  99.9963%
  [    51000,    51500)          166    0.0006%  99.9969%
  [    51500,    52000)          131    0.0004%  99.9973%
  [    52000,    52500)          107    0.0004%  99.9977%
  [    52500,    53000)           80    0.0003%  99.9979%
  [    53000,    53500)           55    0.0002%  99.9981%
  [    53500,    54000)           67    0.0002%  99.9984%
  [    54000,    54500)           38    0.0001%  99.9985%
  [    54500,    55000)           21    0.0001%  99.9985%
  [    55000,    55500)           26    0.0001%  99.9986%
  [    55500,    56000)           34    0.0001%  99.9987%
  [    56000,    56500)           26    0.0001%  99.9988%
  [    56500,    57000)           20    0.0001%  99.9989%
  [    57000,    57500)           18    0.0001%  99.9990%
  [    57500,    58000)           10    0.0000%  99.9990%
  [    58000,    58500)           13    0.0000%  99.9990%
  [    58500,    59000)           11    0.0000%  99.9991%
  [    59000,    59500)           10    0.0000%  99.9991%
  [    59500,    60000)            9    0.0000%  99.9991%
  [    60000,    60500)            7    0.0000%  99.9992%
  [    60500,    61000)           14    0.0000%  99.9992%
  [    61000,    61500)            5    0.0000%  99.9992%
  [    61500,    62000)            7    0.0000%  99.9992%
  [    62000,    62500)            2    0.0000%  99.9993%
  [    62500,    63000)            4    0.0000%  99.9993%
  [    63000,    63500)            3    0.0000%  99.9993%
  [    63500,    64000)            4    0.0000%  99.9993%
  [    64000,    64500)            6    0.0000%  99.9993%
  [    64500,    65000)            1    0.0000%  99.9993%
  [    65000,    65500)            5    0.0000%  99.9993%
  [    65500,    66000)            6    0.0000%  99.9994%
  [    66000,    66500)            5    0.0000%  99.9994%
  [    66500,    67000)            5    0.0000%  99.9994%
  [    67000,    67500)            3    0.0000%  99.9994%
  [    67500,    68000)            1    0.0000%  99.9994%
  [    68000,    68500)            4    0.0000%  99.9994%
  [    68500,    69000)            3    0.0000%  99.9994%
  [    69000,    69500)            6    0.0000%  99.9994%
  [    69500,    70000)            6    0.0000%  99.9995%
  [    70000,    70500)            3    0.0000%  99.9995%
  [    70500,    71000)            1    0.0000%  99.9995%
  [    71000,    71500)            1    0.0000%  99.9995%
  [    71500,    72000)            5    0.0000%  99.9995%
  [    72000,    72500)            3    0.0000%  99.9995%
  [    73000,    73500)            5    0.0000%  99.9995%
  [    73500,    74000)            6    0.0000%  99.9995%
  [    74000,    74500)            5    0.0000%  99.9996%
  [    74500,    75000)            5    0.0000%  99.9996%
  [    75000,    75500)            2    0.0000%  99.9996%
  [    75500,    76000)            2    0.0000%  99.9996%
  [    76000,    76500)            1    0.0000%  99.9996%
  [    76500,    77000)            4    0.0000%  99.9996%
  [    77000,    77500)            2    0.0000%  99.9996%
  [    78000,    78500)            2    0.0000%  99.9996%
  [    78500,    79000)            3    0.0000%  99.9996%
  [    79000,    79500)            2    0.0000%  99.9996%
  [    79500,    80000)            2    0.0000%  99.9996%
  [    80000,    80500)            1    0.0000%  99.9996%
  [    81000,    81500)            4    0.0000%  99.9997%
  [    81500,    82000)            1    0.0000%  99.9997%
  [    82000,    82500)            3    0.0000%  99.9997%
  [    82500,    83000)            2    0.0000%  99.9997%
  [    83000,    83500)            3    0.0000%  99.9997%
  [    83500,    84000)            2    0.0000%  99.9997%
  [    84000,    84500)            1    0.0000%  99.9997%
  [    84500,    85000)            2    0.0000%  99.9997%
  [    86000,    86500)            1    0.0000%  99.9997%
  [    86500,    87000)            1    0.0000%  99.9997%
  [    87500,    88000)            2    0.0000%  99.9997%
  [    88000,    88500)            1    0.0000%  99.9997%
  [    88500,    89000)            1    0.0000%  99.9997%
  [    89000,    89500)            2    0.0000%  99.9997%
  [    89500,    90000)            2    0.0000%  99.9997%
  [    90000,    90500)            1    0.0000%  99.9997%
  [    90500,    91000)            1    0.0000%  99.9997%
  [    91000,    91500)            1    0.0000%  99.9997%
  [    91500,    92000)            1    0.0000%  99.9998%
  [    92000,    92500)            3    0.0000%  99.9998%
  [    92500,    93000)            2    0.0000%  99.9998%
  [    93000,    93500)            1    0.0000%  99.9998%
  [    94500,    95000)            4    0.0000%  99.9998%
  [    95000,    95500)            1    0.0000%  99.9998%
  [    96000,    96500)            2    0.0000%  99.9998%
  [    96500,    97000)            1    0.0000%  99.9998%
  [    97500,    98000)            1    0.0000%  99.9998%
  [    98000,    98500)            1    0.0000%  99.9998%
  [    99000,    99500)            1    0.0000%  99.9998%
  [    99500,   100000)            1    0.0000%  99.9998%
  [   100500,   101000)            1    0.0000%  99.9998%
  [   101000,   101500)            1    0.0000%  99.9998%
  [   101500,   102000)            2    0.0000%  99.9998%
  [   102500,   103000)            1    0.0000%  99.9998%
  [   103000,   103500)            1    0.0000%  99.9998%
  [   105000,   105500)            1    0.0000%  99.9998%
  [   107000,   107500)            3    0.0000%  99.9998%
  [   109000,   109500)            1    0.0000%  99.9998%
  [   110000,   110500)            2    0.0000%  99.9999%
  [   110500,   111000)            1    0.0000%  99.9999%
  [   113000,   113500)            1    0.0000%  99.9999%
  [   121000,   121500)            1    0.0000%  99.9999%
  [   123000,   123500)            1    0.0000%  99.9999%
  [   125500,   126000)            1    0.0000%  99.9999%
  [   128500,   129000)            1    0.0000%  99.9999%
  [   133500,   134000)            1    0.0000%  99.9999%
  [   139500,   140000)            1    0.0000%  99.9999%
  [   141500,   142000)            1    0.0000%  99.9999%
  [   150000,   150500)            1    0.0000%  99.9999%
  [   159000,   159500)            1    0.0000%  99.9999%
  [   160000,   160500)            1    0.0000%  99.9999%
  [   161500,   162000)            1    0.0000%  99.9999%
  [   162000,   162500)            1    0.0000%  99.9999%
  [   163500,   164000)            1    0.0000%  99.9999%
  [   164000,   164500)            1    0.0000%  99.9999%
  [   166500,   167000)            1    0.0000%  99.9999%
  [   167000,   167500)            1    0.0000%  99.9999%
  [   169500,   170000)            2    0.0000%  99.9999%
  [   172000,   172500)            1    0.0000%  99.9999%
  [   178000,   178500)            1    0.0000%  99.9999%
  [   179000,   179500)            1    0.0000%  99.9999%
  [   189500,   190000)            1    0.0000%  99.9999%
  [   193000,   193500)            1    0.0000%  99.9999%
  [   194000,   194500)            1    0.0000%  99.9999%
  [   197500,   198000)            1    0.0000%  99.9999%
  [   199500,   200000)            1    0.0000%  99.9999%
  [   203500,   204000)            1    0.0000% 100.0000%
  [   205500,   206000)            1    0.0000% 100.0000%
  [   209000,   209500)            1    0.0000% 100.0000%
  [   211500,   212000)            1    0.0000% 100.0000%
  [   212000,   212500)            1    0.0000% 100.0000%
  [   216500,   217000)            1    0.0000% 100.0000%
  [   217000,   217500)            1    0.0000% 100.0000%
  [   222500,   223000)            1    0.0000% 100.0000%
  [   223500,   224000)            1    0.0000% 100.0000%
  [   226000,   226500)            1    0.0000% 100.0000%
  [   226500,   227000)            1    0.0000% 100.0000%
  [   228500,   229000)            1    0.0000% 100.0000%
  [   230500,   231000)            1    0.0000% 100.0000%
  [   237000,   237500)            1    0.0000% 100.0000%
  [   249500,   250000)            1    0.0000% 100.0000%

----- OFFLOADED TASKS [node 1] -----
  ops total                = 29999988
  ops direct (1-sided)     = 23337749 (77.79%)
  ops offload (rpc)        = 6662239 (22.21%)
  lookup pushdowns         = 6662239
  scan   pushdowns (RPC)   = 0
    kv pairs returned      = 0
    leaves scanned remotely= 0
    kv / scan pushdown     = 0.00
    leaves / scan pushdown = 0.00
=========================================================================

[CORRECTNESS node 1] lookup found 29999384 / 29999988 = 99.9980%
[READPATH node 1] lookups=29999988  index-cache hit=79.6%  per lookup: leaf=0.644 speculative=0.000 (right 0.0%) hop-reads=0.000 (two-segment 0.000) retries=0.000 invalid=0.000 sibling=0.000  => est. leaf round trips/lookup=0.000
 ----- [LeafCache]: capacity=1004664 leaves resident=1004664 (100.0% full, 337.3 MB) -----
[LEAFCACHE] hit=4547655 miss=18790082 stale=0 fill=19428872 hit_pct=19.486 admit_pct=103.400 resident=1004664 capacity=1004664 budget_mb=384
[LEAFKEY] by_key=1 owner=1 admit_push=0.10 key_hits=4008846 push_admits=638790

----- PER-LEVEL CACHE HITS [node 1] (lookups; level 0 = leaf) -----
[LEVEL] level=0 hits=4547655 misses=25452321 hit_rate=0.1516
[LEVEL] level=1 hits=19328891 misses=6662239 hit_rate=0.7437
[LEVEL] level=2 hits=20787501 misses=5203629 hit_rate=0.7998
[LEVEL] level=3 hits=20843474 misses=5147656 hit_rate=0.8019
[LEVEL] level=4 hits=20844340 misses=5146790 hit_rate=0.8020
[LEVEL] level=5 hits=20844340 misses=5146790 hit_rate=0.8020
[LEVEL] level=6 hits=20844340 misses=5146790 hit_rate=0.8020
[LEVEL] level=7 hits=20844340 misses=5146790 hit_rate=0.8020
[LEVEL] level=8 hits=20844340 misses=5146790 hit_rate=0.8020
[LEVEL] level=9 hits=20844340 misses=5146790 hit_rate=0.8020
[KIND node 1] lookups=29999976 inner_visits=233920170 inner_hits=186025906 inner_hit_pct=79.53 leaf_visits=29999976 leaf_hits=4547655 leaf_hit_pct=15.16
[END]
