nodes 2, threads 24, mix R/I/U/S=100/0/0/0, zipf-0.99, bulk 50M warmup 10M op 50M, offload 100%, scan_range 100
[4mshared memory size: 64GB, 0x7feeda800000[0m
[4mrdma cache size: 4GB[0m
[4mMachine NR: 2[0m
[4mCompute server 1 start up [10.30.1.6]
[0m
I connect server 0
workload generated: keyspace=50001000 bulk=50000000 warmup=9999984 op=49999992
I am 46
I am 26
I am 25
I am 31
I am 34
I am 30
I am 29
I am 37
I am 35
I am 43
I am 39
I am 36
I am 41
I am 33
I am 45
I am 38
I am 32
I am 24
I am 40
I am 27
I am 42
I am 47
I am 44
I am 28
[INFO] new root level 5
node 1 warmup done in 55s
1, throughput 0.7797 Mops
1, throughput 0.8021 Mops
1, throughput 0.5745 Mops
1, throughput 0.6741 Mops
1, throughput 0.5809 Mops
1, throughput 0.6940 Mops
1, throughput 0.6397 Mops
1, throughput 0.6767 Mops
1, throughput 0.6373 Mops
1, throughput 0.6385 Mops

==================== LATENCY BUCKETS (500 ns) [node 1] ====================
[LOOKUP]
  ALL                n=897        mean=   35.66us  p50=  38.00us  p90=  42.00us  p99=  46.00us  p99.9= 136.50us  max>=136.50us
  DIRECT (1-sided)   n=56         mean=   21.07us  p50=  22.50us  p90=  35.50us  p99=  37.50us  p99.9=  37.50us  max>= 39.50us
  OFFLOAD (rpc)      n=841        mean=   36.63us  p50=  38.00us  p90=  42.00us  p99=  46.00us  p99.9= 136.50us  max>=136.50us
[ALL OPS]
  ALL                n=897        mean=   35.66us  p50=  38.00us  p90=  42.00us  p99=  46.00us  p99.9= 136.50us  max>=136.50us
  DIRECT (1-sided)   n=56         mean=   21.07us  p50=  22.50us  p90=  35.50us  p99=  37.50us  p99.9=  37.50us  max>= 39.50us
  OFFLOAD (rpc)      n=841        mean=   36.63us  p50=  38.00us  p90=  42.00us  p99=  46.00us  p99.9= 136.50us  max>=136.50us

----- 500 ns bucket CDF (all ops) [node 1] -----
  bucket [lo,hi) ns             count        pct       cdf
  [     2000,     2500)            2    0.2230%   0.2230%
  [     2500,     3000)            4    0.4459%   0.6689%
  [     3000,     3500)            1    0.1115%   0.7804%
  [     3500,     4000)            1    0.1115%   0.8919%
  [     4000,     4500)            1    0.1115%   1.0033%
  [     4500,     5000)            1    0.1115%   1.1148%
  [     5500,     6000)            1    0.1115%   1.2263%
  [     8500,     9000)            2    0.2230%   1.4493%
  [     9000,     9500)            1    0.1115%   1.5608%
  [    10500,    11000)            2    0.2230%   1.7837%
  [    11000,    11500)            2    0.2230%   2.0067%
  [    11500,    12000)            1    0.1115%   2.1182%
  [    12000,    12500)            1    0.1115%   2.2297%
  [    12500,    13000)            2    0.2230%   2.4526%
  [    13000,    13500)            4    0.4459%   2.8986%
  [    13500,    14000)            4    0.4459%   3.3445%
  [    14000,    14500)            5    0.5574%   3.9019%
  [    14500,    15000)            3    0.3344%   4.2363%
  [    15000,    15500)            6    0.6689%   4.9052%
  [    15500,    16000)            4    0.4459%   5.3512%
  [    16000,    16500)            8    0.8919%   6.2430%
  [    16500,    17000)            6    0.6689%   6.9119%
  [    17000,    17500)            7    0.7804%   7.6923%
  [    17500,    18000)            4    0.4459%   8.1382%
  [    18000,    18500)            7    0.7804%   8.9186%
  [    18500,    19000)            3    0.3344%   9.2531%
  [    19000,    19500)            9    1.0033%  10.2564%
  [    19500,    20000)            2    0.2230%  10.4794%
  [    20000,    20500)            3    0.3344%  10.8138%
  [    21000,    21500)            2    0.2230%  11.0368%
  [    21500,    22000)            3    0.3344%  11.3712%
  [    22000,    22500)            2    0.2230%  11.5942%
  [    23000,    23500)            1    0.1115%  11.7057%
  [    23500,    24000)            2    0.2230%  11.9287%
  [    24000,    24500)            1    0.1115%  12.0401%
  [    24500,    25000)            1    0.1115%  12.1516%
  [    25000,    25500)            1    0.1115%  12.2631%
  [    26000,    26500)            1    0.1115%  12.3746%
  [    26500,    27000)            3    0.3344%  12.7090%
  [    27000,    27500)            3    0.3344%  13.0435%
  [    28000,    28500)            3    0.3344%  13.3779%
  [    28500,    29000)            2    0.2230%  13.6009%
  [    29000,    29500)            2    0.2230%  13.8239%
  [    29500,    30000)            3    0.3344%  14.1583%
  [    30000,    30500)            2    0.2230%  14.3813%
  [    30500,    31000)            3    0.3344%  14.7157%
  [    31000,    31500)            4    0.4459%  15.1616%
  [    31500,    32000)            6    0.6689%  15.8305%
  [    32000,    32500)            4    0.4459%  16.2765%
  [    32500,    33000)           10    1.1148%  17.3913%
  [    33000,    33500)           12    1.3378%  18.7291%
  [    33500,    34000)           13    1.4493%  20.1784%
  [    34000,    34500)           16    1.7837%  21.9621%
  [    34500,    35000)           24    2.6756%  24.6377%
  [    35000,    35500)           23    2.5641%  27.2018%
  [    35500,    36000)           34    3.7904%  30.9922%
  [    36000,    36500)           33    3.6789%  34.6711%
  [    36500,    37000)           50    5.5741%  40.2453%
  [    37000,    37500)           55    6.1315%  46.3768%
  [    37500,    38000)           70    7.8038%  54.1806%
  [    38000,    38500)           48    5.3512%  59.5318%
  [    38500,    39000)           55    6.1315%  65.6633%
  [    39000,    39500)           49    5.4627%  71.1260%
  [    39500,    40000)           33    3.6789%  74.8049%
  [    40000,    40500)           52    5.7971%  80.6020%
  [    40500,    41000)           40    4.4593%  85.0613%
  [    41000,    41500)           41    4.5708%  89.6321%
  [    41500,    42000)           24    2.6756%  92.3077%
  [    42000,    42500)           15    1.6722%  93.9799%
  [    42500,    43000)           15    1.6722%  95.6522%
  [    43000,    43500)           11    1.2263%  96.8785%
  [    43500,    44000)            5    0.5574%  97.4359%
  [    44000,    44500)            6    0.6689%  98.1048%
  [    44500,    45000)            4    0.4459%  98.5507%
  [    45000,    45500)            3    0.3344%  98.8852%
  [    45500,    46000)            2    0.2230%  99.1081%
  [    46000,    46500)            1    0.1115%  99.2196%
  [    46500,    47000)            4    0.4459%  99.6656%
  [   132500,   133000)            1    0.1115%  99.7770%
  [   136000,   136500)            2    0.2230% 100.0000%

----- OFFLOADED TASKS [node 1] -----
  ops total                = 897
  ops direct (1-sided)     = 56 (6.24%)
  ops offload (rpc)        = 841 (93.76%)
  lookup pushdowns         = 841
  scan   pushdowns (RPC)   = 0
    kv pairs returned      = 0
    leaves scanned remotely= 0
    kv / scan pushdown     = 0.00
    leaves / scan pushdown = 0.00
=========================================================================

[END]
