Compute node count = 1
kNodeCount 2, kReadRatio 0, kInsertRatio 0, kUpdateRatio 0, kDeleteRatio 0, kRangeRatio 100, totalThreadCount 32, memThreadCount 6 cache_size 512, uniform_workload 1, zipfian 0.990000, bulk_load_num 50000000, warmup_num 10000000, op_num 50000000, check_correctness 0, time_based 1, early_stop 1, index 0, rpc_rate 1.000000, admission_rate 0.100000, auto_tune 0
kMaxThread = 32
KeySpace = 50001000
[4mshared memory size: 64GB, 0x7fad55200000[0m
[4mcache size: 2GB[0m
[4mMachine NR: 2[0m
[4mMax_APP_THREAD: 36[0m
[4mNR_DIRECTORY: 8[0m
[4mStart Build the DSMKeeper[0m
I am servers 0 [253.127.0.0]
I connect server 1
[4mdir 0 launch!
[0m
[4mdir 1 launch!
[0m
[4mdir 2 launch!
[0m
[4mdir 3 launch!
[0m
[4mdir 4 launch!
[0m
[4mdir 5 launch!
[0m
CNode 0, left bound = 0, right bound = 18446744073709551615
Pushdown (RPC) Rate: 1
Admission Rate: 0.1
Cache size(MB) = 512
-----Cache initial addr = 0x7fad24000000
page num = 1048576
alloc_unit = 512
entry_num: 1048576
bucket_num: 349526
Bucket size = 64
entry_num: 104857
bucket_num: 17477
start generating tree
num_partitions = 1
Success: tree root pointer value [0, 67108864]
finish generating tree
Bulkload num in node 0 = 50000000
First key of bulkloading = 7325973
Last key of bulkloading = 26738230
node warmup num = 10000000
kReadRatio =0
insertmark =0
updatemark =0
deletemark =0
rangemark =100

----- REMOTE CPU LOAD (memory node dir-threads, 2s window) -----
  dir 0: active=  0.00%  msgs=1           3869 ns/msg
  dir 1: active=  0.00%  msgs=0           0 ns/msg
  dir 2: active=  0.00%  msgs=0           0 ns/msg
  dir 3: active=  0.00%  msgs=0           0 ns/msg
  dir 4: active=  0.00%  msgs=0           0 ns/msg
  dir 5: active=  0.00%  msgs=0           0 ns/msg
  AGGREGATE active = 0.00% (of 6 dir-threads; 0.00% per-thread avg)  msgs=1
[CPU compute ] process=  8.73% of 80 cores   system=  8.77%   (window 2s)
Finish warmup workload generation

----- REMOTE CPU LOAD (memory node dir-threads, 2s window) -----
  dir 0: active=  0.00%  msgs=0           0 ns/msg
  dir 1: active=  0.00%  msgs=0           0 ns/msg
  dir 2: active=  0.00%  msgs=0           0 ns/msg
  dir 3: active=  0.00%  msgs=0           0 ns/msg
  dir 4: active=  0.00%  msgs=0           0 ns/msg
  dir 5: active=  0.00%  msgs=0           0 ns/msg
  AGGREGATE active = 0.00% (of 6 dir-threads; 0.00% per-thread avg)  msgs=0
[CPU compute ] process=  8.73% of 80 cores   system=  8.76%   (window 2s)

----- REMOTE CPU LOAD (memory node dir-threads, 2s window) -----
  dir 0: active=  0.00%  msgs=0           0 ns/msg
  dir 1: active=  0.00%  msgs=0           0 ns/msg
  dir 2: active=  0.00%  msgs=0           0 ns/msg
  dir 3: active=  0.00%  msgs=0           0 ns/msg
  dir 4: active=  0.00%  msgs=0           0 ns/msg
  dir 5: active=  0.00%  msgs=0           0 ns/msg
  AGGREGATE active = 0.00% (of 6 dir-threads; 0.00% per-thread avg)  msgs=0
[CPU compute ] process=  8.74% of 80 cores   system=  8.77%   (window 2s)

----- REMOTE CPU LOAD (memory node dir-threads, 2s window) -----
  dir 0: active=  0.00%  msgs=0           0 ns/msg
  dir 1: active=  0.00%  msgs=0           0 ns/msg
  dir 2: active=  0.00%  msgs=0           0 ns/msg
  dir 3: active=  0.00%  msgs=0           0 ns/msg
  dir 4: active=  0.00%  msgs=0           0 ns/msg
  dir 5: active=  0.00%  msgs=0           0 ns/msg
  AGGREGATE active = 0.00% (of 6 dir-threads; 0.00% per-thread avg)  msgs=0
[CPU compute ] process=  8.72% of 80 cores   system=  8.77%   (window 2s)

----- REMOTE CPU LOAD (memory node dir-threads, 2s window) -----
  dir 0: active=  0.00%  msgs=0           0 ns/msg
  dir 1: active=  0.00%  msgs=0           0 ns/msg
  dir 2: active=  0.00%  msgs=0           0 ns/msg
  dir 3: active=  0.00%  msgs=0           0 ns/msg
  dir 4: active=  0.00%  msgs=0           0 ns/msg
  dir 5: active=  0.00%  msgs=0           0 ns/msg
  AGGREGATE active = 0.00% (of 6 dir-threads; 0.00% per-thread avg)  msgs=0
[CPU compute ] process=  8.72% of 80 cores   system=  8.76%   (window 2s)

----- REMOTE CPU LOAD (memory node dir-threads, 2s window) -----
  dir 0: active=  0.00%  msgs=0           0 ns/msg
  dir 1: active=  0.00%  msgs=0           0 ns/msg
  dir 2: active=  0.00%  msgs=0           0 ns/msg
  dir 3: active=  0.00%  msgs=0           0 ns/msg
  dir 4: active=  0.00%  msgs=0           0 ns/msg
  dir 5: active=  0.00%  msgs=0           0 ns/msg
  AGGREGATE active = 0.00% (of 6 dir-threads; 0.00% per-thread avg)  msgs=0
[CPU compute ] process=  8.74% of 80 cores   system=  8.77%   (window 2s)

----- REMOTE CPU LOAD (memory node dir-threads, 2s window) -----
  dir 0: active=  0.00%  msgs=0           0 ns/msg
  dir 1: active=  0.00%  msgs=0           0 ns/msg
  dir 2: active=  0.00%  msgs=0           0 ns/msg
  dir 3: active=  0.00%  msgs=0           0 ns/msg
  dir 4: active=  0.00%  msgs=0           0 ns/msg
  dir 5: active=  0.00%  msgs=0           0 ns/msg
  AGGREGATE active = 0.00% (of 6 dir-threads; 0.00% per-thread avg)  msgs=0
[CPU compute ] process=  8.73% of 80 cores   system=  8.77%   (window 2s)

----- REMOTE CPU LOAD (memory node dir-threads, 2s window) -----
  dir 0: active=  0.00%  msgs=0           0 ns/msg
  dir 1: active=  0.00%  msgs=0           0 ns/msg
  dir 2: active=  0.00%  msgs=0           0 ns/msg
  dir 3: active=  0.00%  msgs=0           0 ns/msg
  dir 4: active=  0.00%  msgs=0           0 ns/msg
  dir 5: active=  0.00%  msgs=0           0 ns/msg
  AGGREGATE active = 0.00% (of 6 dir-threads; 0.00% per-thread avg)  msgs=0
[CPU compute ] process=  8.72% of 80 cores   system=  8.76%   (window 2s)

----- REMOTE CPU LOAD (memory node dir-threads, 2s window) -----
  dir 0: active=  0.00%  msgs=0           0 ns/msg
  dir 1: active=  0.00%  msgs=0           0 ns/msg
  dir 2: active=  0.00%  msgs=0           0 ns/msg
  dir 3: active=  0.00%  msgs=0           0 ns/msg
  dir 4: active=  0.00%  msgs=0           0 ns/msg
  dir 5: active=  0.00%  msgs=0           0 ns/msg
  AGGREGATE active = 0.00% (of 6 dir-threads; 0.00% per-thread avg)  msgs=0
[CPU compute ] process=  8.74% of 80 cores   system=  8.77%   (window 2s)

----- REMOTE CPU LOAD (memory node dir-threads, 2s window) -----
  dir 0: active=  0.00%  msgs=0           0 ns/msg
  dir 1: active=  0.00%  msgs=0           0 ns/msg
  dir 2: active=  0.00%  msgs=0           0 ns/msg
  dir 3: active=  0.00%  msgs=0           0 ns/msg
  dir 4: active=  0.00%  msgs=0           0 ns/msg
  dir 5: active=  0.00%  msgs=0           0 ns/msg
  AGGREGATE active = 0.00% (of 6 dir-threads; 0.00% per-thread avg)  msgs=0
[CPU compute ] process=  8.73% of 80 cores   system=  8.76%   (window 2s)
node op_num = 50000000
Finish all workload generation

----- REMOTE CPU LOAD (memory node dir-threads, 2s window) -----
  dir 0: active=  0.00%  msgs=0           0 ns/msg
  dir 1: active=  0.00%  msgs=0           0 ns/msg
  dir 2: active=  0.00%  msgs=0           0 ns/msg
  dir 3: active=  0.00%  msgs=0           0 ns/msg
  dir 4: active=  0.00%  msgs=0           0 ns/msg
  dir 5: active=  0.00%  msgs=0           0 ns/msg
  AGGREGATE active = 0.00% (of 6 dir-threads; 0.00% per-thread avg)  msgs=0
[CPU compute ] process=  8.73% of 80 cores   system=  8.78%   (window 2s)

----- REMOTE CPU LOAD (memory node dir-threads, 2s window) -----
  dir 0: active=  0.00%  msgs=0           0 ns/msg
  dir 1: active=  0.00%  msgs=0           0 ns/msg
  dir 2: active=  0.00%  msgs=0           0 ns/msg
  dir 3: active=  0.00%  msgs=0           0 ns/msg
  dir 4: active=  0.00%  msgs=0           0 ns/msg
  dir 5: active=  0.00%  msgs=0           0 ns/msg
  AGGREGATE active = 0.00% (of 6 dir-threads; 0.00% per-thread avg)  msgs=0
[CPU compute ] process=  8.73% of 80 cores   system=  8.76%   (window 2s)

----- REMOTE CPU LOAD (memory node dir-threads, 2s window) -----
  dir 0: active=  0.00%  msgs=0           0 ns/msg
  dir 1: active=  0.00%  msgs=0           0 ns/msg
  dir 2: active=  0.00%  msgs=0           0 ns/msg
  dir 3: active=  0.00%  msgs=0           0 ns/msg
  dir 4: active=  0.00%  msgs=0           0 ns/msg
  dir 5: active=  0.00%  msgs=0           0 ns/msg
  AGGREGATE active = 0.00% (of 6 dir-threads; 0.00% per-thread avg)  msgs=0
[CPU compute ] process=  8.72% of 80 cores   system=  8.77%   (window 2s)
Fetched new height = 1
Success: tree root pointer value [0, 67109888]
Height = 2
Success: tree root pointer value [0, 67112448]
Height = 3
Success: tree root pointer value [0, 67118080]
Height = 4
Success: tree root pointer value [1, 11520355498]
Height = 5
Success: tree root pointer value [1, 11520396970]
Height = 6
Success: tree root pointer value [1, 11520460970]
Height = 7
Success: tree root pointer value [1, 11520589482]
Height = 8
Success: tree root pointer value [0, 67593216]
Height = 9
Success: tree root pointer value [0, 68085760]
Height = 10
Success: tree root pointer value [0, 69071360]
Height = 11
Success: tree root pointer value [0, 71043072]
Height = 12
Success: tree root pointer value [1, 11528565418]
Height = 13
Success: tree root pointer value [1, 11536799402]
Height = 14

----- REMOTE CPU LOAD (memory node dir-threads, 2s window) -----
  dir 0: active=  0.00%  msgs=0           0 ns/msg
  dir 1: active=  0.00%  msgs=0           0 ns/msg
  dir 2: active=  0.00%  msgs=0           0 ns/msg
  dir 3: active=  0.00%  msgs=0           0 ns/msg
  dir 4: active=  0.00%  msgs=0           0 ns/msg
  dir 5: active=  0.00%  msgs=0           0 ns/msg
  AGGREGATE active = 0.00% (of 6 dir-threads; 0.00% per-thread avg)  msgs=0
[CPU compute ] process=  8.73% of 80 cores   system=  8.77%   (window 2s)
Success: tree root pointer value [1, 11553267882]
Height = 15
Success: tree root pointer value [1, 23005897556]
Height = 16
Success: tree root pointer value [0, 11545881770]
Height = 17

----- REMOTE CPU LOAD (memory node dir-threads, 2s window) -----
  dir 0: active=  0.00%  msgs=0           0 ns/msg
  dir 1: active=  0.00%  msgs=1           1770 ns/msg
  dir 2: active=  0.00%  msgs=0           0 ns/msg
  dir 3: active=  0.00%  msgs=2           1145 ns/msg
  dir 4: active=  0.00%  msgs=0           0 ns/msg
  dir 5: active=  0.00%  msgs=2           1158 ns/msg
  AGGREGATE active = 0.00% (of 6 dir-threads; 0.00% per-thread avg)  msgs=5
[CPU compute ] process=  8.73% of 80 cores   system=  8.76%   (window 2s)
Success: tree root pointer value [0, 34511465982]
Height = 18

----- REMOTE CPU LOAD (memory node dir-threads, 2s window) -----
  dir 0: active=  0.00%  msgs=0           0 ns/msg
  dir 1: active=  0.00%  msgs=2           394 ns/msg
  dir 2: active=  0.00%  msgs=0           0 ns/msg
  dir 3: active=  0.00%  msgs=2           420 ns/msg
  dir 4: active=  0.00%  msgs=0           0 ns/msg
  dir 5: active=  0.00%  msgs=2           356 ns/msg
  AGGREGATE active = 0.00% (of 6 dir-threads; 0.00% per-thread avg)  msgs=6
[CPU compute ] process=  8.74% of 80 cores   system=  8.77%   (window 2s)
Success: tree root pointer value [0, 11656049322]
Height = 19

----- REMOTE CPU LOAD (memory node dir-threads, 2s window) -----
  dir 0: active=  0.00%  msgs=0           0 ns/msg
  dir 1: active=  0.00%  msgs=2           534 ns/msg
  dir 2: active=  0.00%  msgs=0           0 ns/msg
  dir 3: active=  0.00%  msgs=2           452 ns/msg
  dir 4: active=  0.00%  msgs=0           0 ns/msg
  dir 5: active=  0.00%  msgs=1           316 ns/msg
  AGGREGATE active = 0.00% (of 6 dir-threads; 0.00% per-thread avg)  msgs=5
[CPU compute ] process=  8.73% of 80 cores   system=  8.76%   (window 2s)
entering dynamic phase

----- REMOTE CPU LOAD (memory node dir-threads, 2s window) -----
  dir 0: active=  0.00%  msgs=0           0 ns/msg
  dir 1: active=  0.00%  msgs=2           384 ns/msg
  dir 2: active=  0.00%  msgs=0           0 ns/msg
  dir 3: active=  0.00%  msgs=1           448 ns/msg
  dir 4: active=  0.00%  msgs=0           0 ns/msg
  dir 5: active=  0.00%  msgs=2           396 ns/msg
  AGGREGATE active = 0.00% (of 6 dir-threads; 0.00% per-thread avg)  msgs=5
[CPU compute ] process=  8.73% of 80 cores   system=  8.77%   (window 2s)

----- REMOTE CPU LOAD (memory node dir-threads, 2s window) -----
  dir 0: active=  0.00%  msgs=1           1864 ns/msg
  dir 1: active=  0.00%  msgs=0           0 ns/msg
  dir 2: active=  0.00%  msgs=1           2216 ns/msg
  dir 3: active=  0.00%  msgs=1           429 ns/msg
  dir 4: active=  0.00%  msgs=1           2401 ns/msg
  dir 5: active=  0.00%  msgs=0           0 ns/msg
  AGGREGATE active = 0.00% (of 6 dir-threads; 0.00% per-thread avg)  msgs=4
[CPU compute ] process=  8.73% of 80 cores   system=  8.76%   (window 2s)
Success: tree root pointer value [0, 23043674452]
Height = 20

----- REMOTE CPU LOAD (memory node dir-threads, 2s window) -----
  dir 0: active=  0.00%  msgs=2           382 ns/msg
  dir 1: active=  0.00%  msgs=0           0 ns/msg
  dir 2: active=  0.00%  msgs=2           228 ns/msg
  dir 3: active=  0.00%  msgs=0           0 ns/msg
  dir 4: active=  0.00%  msgs=1           388 ns/msg
  dir 5: active=  0.00%  msgs=0           0 ns/msg
  AGGREGATE active = 0.00% (of 6 dir-threads; 0.00% per-thread avg)  msgs=5
[CPU compute ] process=  8.73% of 80 cores   system=  8.77%   (window 2s)

----- REMOTE CPU LOAD (memory node dir-threads, 2s window) -----
  dir 0: active=  0.00%  msgs=1           599 ns/msg
  dir 1: active=  0.00%  msgs=0           0 ns/msg
  dir 2: active=  0.00%  msgs=1           254 ns/msg
  dir 3: active=  0.00%  msgs=0           0 ns/msg
  dir 4: active=  0.00%  msgs=2           486 ns/msg
  dir 5: active=  0.00%  msgs=0           0 ns/msg
  AGGREGATE active = 0.00% (of 6 dir-threads; 0.00% per-thread avg)  msgs=4
[CPU compute ] process=  8.73% of 80 cores   system=  8.76%   (window 2s)

----- REMOTE CPU LOAD (memory node dir-threads, 2s window) -----
  dir 0: active=  0.00%  msgs=2           378 ns/msg
  dir 1: active=  0.00%  msgs=0           0 ns/msg
  dir 2: active=  0.00%  msgs=2           287 ns/msg
  dir 3: active=  0.00%  msgs=0           0 ns/msg
  dir 4: active=  0.00%  msgs=1           320 ns/msg
  dir 5: active=  0.00%  msgs=0           0 ns/msg
  AGGREGATE active = 0.00% (of 6 dir-threads; 0.00% per-thread avg)  msgs=5
[CPU compute ] process=  8.73% of 80 cores   system=  8.77%   (window 2s)

----- REMOTE CPU LOAD (memory node dir-threads, 2s window) -----
  dir 0: active=  0.00%  msgs=1           487 ns/msg
  dir 1: active=  0.00%  msgs=0           0 ns/msg
  dir 2: active=  0.00%  msgs=1           360 ns/msg
  dir 3: active=  0.00%  msgs=0           0 ns/msg
  dir 4: active=  0.00%  msgs=2           374 ns/msg
  dir 5: active=  0.00%  msgs=0           0 ns/msg
  AGGREGATE active = 0.00% (of 6 dir-threads; 0.00% per-thread avg)  msgs=4
[CPU compute ] process=  8.73% of 80 cores   system=  8.76%   (window 2s)

----- REMOTE CPU LOAD (memory node dir-threads, 2s window) -----
  dir 0: active=  0.00%  msgs=1           328 ns/msg
  dir 1: active=  0.00%  msgs=1           902 ns/msg
  dir 2: active=  0.00%  msgs=1           269 ns/msg
  dir 3: active=  0.00%  msgs=0           0 ns/msg
  dir 4: active=  0.00%  msgs=0           0 ns/msg
  dir 5: active=  0.00%  msgs=1           821 ns/msg
  AGGREGATE active = 0.00% (of 6 dir-threads; 0.00% per-thread avg)  msgs=4
[CPU compute ] process=  8.73% of 80 cores   system=  8.77%   (window 2s)

----- REMOTE CPU LOAD (memory node dir-threads, 2s window) -----
  dir 0: active=  0.00%  msgs=0           0 ns/msg
  dir 1: active=  0.00%  msgs=1           476 ns/msg
  dir 2: active=  0.00%  msgs=0           0 ns/msg
  dir 3: active=  0.00%  msgs=2           546 ns/msg
  dir 4: active=  0.00%  msgs=0           0 ns/msg
  dir 5: active=  0.00%  msgs=2           499 ns/msg
  AGGREGATE active = 0.00% (of 6 dir-threads; 0.00% per-thread avg)  msgs=5
[CPU compute ] process=  8.73% of 80 cores   system=  8.77%   (window 2s)

----- REMOTE CPU LOAD (memory node dir-threads, 2s window) -----
  dir 0: active=  0.00%  msgs=0           0 ns/msg
  dir 1: active=  0.00%  msgs=2           368 ns/msg
  dir 2: active=  0.00%  msgs=0           0 ns/msg
  dir 3: active=  0.00%  msgs=1           425 ns/msg
  dir 4: active=  0.00%  msgs=0           0 ns/msg
  dir 5: active=  0.00%  msgs=1           595 ns/msg
  AGGREGATE active = 0.00% (of 6 dir-threads; 0.00% per-thread avg)  msgs=4
[CPU compute ] process=  8.73% of 80 cores   system=  8.77%   (window 2s)
Success: tree root pointer value [1, 23403893076]
Height = 21

----- REMOTE CPU LOAD (memory node dir-threads, 2s window) -----
  dir 0: active=  0.00%  msgs=0           0 ns/msg
  dir 1: active=  0.00%  msgs=1           340 ns/msg
  dir 2: active=  0.00%  msgs=0           0 ns/msg
  dir 3: active=  0.00%  msgs=2           432 ns/msg
  dir 4: active=  0.00%  msgs=0           0 ns/msg
  dir 5: active=  0.00%  msgs=1           457 ns/msg
  AGGREGATE active = 0.00% (of 6 dir-threads; 0.00% per-thread avg)  msgs=4
[CPU compute ] process=  8.73% of 80 cores   system=  8.77%   (window 2s)

----- REMOTE CPU LOAD (memory node dir-threads, 2s window) -----
  dir 0: active=  0.00%  msgs=0           0 ns/msg
  dir 1: active=  0.00%  msgs=2           276 ns/msg
  dir 2: active=  0.00%  msgs=0           0 ns/msg
  dir 3: active=  0.00%  msgs=1           215 ns/msg
  dir 4: active=  0.00%  msgs=0           0 ns/msg
  dir 5: active=  0.00%  msgs=2           601 ns/msg
  AGGREGATE active = 0.00% (of 6 dir-threads; 0.00% per-thread avg)  msgs=5
[CPU compute ] process=  8.73% of 80 cores   system=  8.76%   (window 2s)

----- REMOTE CPU LOAD (memory node dir-threads, 2s window) -----
  dir 0: active=  0.00%  msgs=0           0 ns/msg
  dir 1: active=  0.00%  msgs=1           517 ns/msg
  dir 2: active=  0.00%  msgs=0           0 ns/msg
  dir 3: active=  0.00%  msgs=1           388 ns/msg
  dir 4: active=  0.00%  msgs=1           368 ns/msg
  dir 5: active=  0.00%  msgs=1           814 ns/msg
  AGGREGATE active = 0.00% (of 6 dir-threads; 0.00% per-thread avg)  msgs=4
[CPU compute ] process=  8.73% of 80 cores   system=  8.76%   (window 2s)

----- REMOTE CPU LOAD (memory node dir-threads, 2s window) -----
  dir 0: active=  0.00%  msgs=2           422 ns/msg
  dir 1: active=  0.00%  msgs=0           0 ns/msg
  dir 2: active=  0.00%  msgs=1           311 ns/msg
  dir 3: active=  0.00%  msgs=0           0 ns/msg
  dir 4: active=  0.00%  msgs=1           282 ns/msg
  dir 5: active=  0.00%  msgs=0           0 ns/msg
  AGGREGATE active = 0.00% (of 6 dir-threads; 0.00% per-thread avg)  msgs=4
[CPU compute ] process=  8.73% of 80 cores   system=  8.76%   (window 2s)

----- REMOTE CPU LOAD (memory node dir-threads, 2s window) -----
  dir 0: active=  0.00%  msgs=1           283 ns/msg
  dir 1: active=  0.00%  msgs=0           0 ns/msg
  dir 2: active=  0.00%  msgs=2           298 ns/msg
  dir 3: active=  0.00%  msgs=0           0 ns/msg
  dir 4: active=  0.00%  msgs=2           386 ns/msg
  dir 5: active=  0.00%  msgs=0           0 ns/msg
  AGGREGATE active = 0.00% (of 6 dir-threads; 0.00% per-thread avg)  msgs=5
[CPU compute ] process=  8.72% of 80 cores   system=  8.76%   (window 2s)

----- REMOTE CPU LOAD (memory node dir-threads, 2s window) -----
  dir 0: active=  0.00%  msgs=2           512 ns/msg
  dir 1: active=  0.00%  msgs=0           0 ns/msg
  dir 2: active=  0.00%  msgs=1           395 ns/msg
  dir 3: active=  0.00%  msgs=0           0 ns/msg
  dir 4: active=  0.00%  msgs=1           398 ns/msg
  dir 5: active=  0.00%  msgs=0           0 ns/msg
  AGGREGATE active = 0.00% (of 6 dir-threads; 0.00% per-thread avg)  msgs=4
[CPU compute ] process=  8.73% of 80 cores   system=  8.76%   (window 2s)

----- REMOTE CPU LOAD (memory node dir-threads, 2s window) -----
  dir 0: active=  0.00%  msgs=1           241 ns/msg
  dir 1: active=  0.00%  msgs=0           0 ns/msg
  dir 2: active=  0.00%  msgs=2           311 ns/msg
  dir 3: active=  0.00%  msgs=0           0 ns/msg
  dir 4: active=  0.00%  msgs=1           288 ns/msg
  dir 5: active=  0.00%  msgs=0           0 ns/msg
  AGGREGATE active = 0.00% (of 6 dir-threads; 0.00% per-thread avg)  msgs=4
[CPU compute ] process=  8.74% of 80 cores   system=  8.76%   (window 2s)

----- REMOTE CPU LOAD (memory node dir-threads, 2s window) -----
  dir 0: active=  0.00%  msgs=1           635 ns/msg
  dir 1: active=  0.00%  msgs=0           0 ns/msg
  dir 2: active=  0.00%  msgs=1           188 ns/msg
  dir 3: active=  0.00%  msgs=0           0 ns/msg
  dir 4: active=  0.00%  msgs=2           372 ns/msg
  dir 5: active=  0.00%  msgs=0           0 ns/msg
  AGGREGATE active = 0.00% (of 6 dir-threads; 0.00% per-thread avg)  msgs=4
[CPU compute ] process=  8.73% of 80 cores   system=  8.77%   (window 2s)

----- REMOTE CPU LOAD (memory node dir-threads, 2s window) -----
  dir 0: active=  0.00%  msgs=0           0 ns/msg
  dir 1: active=  0.00%  msgs=2           364 ns/msg
  dir 2: active=  0.00%  msgs=0           0 ns/msg
  dir 3: active=  0.00%  msgs=2           741 ns/msg
  dir 4: active=  0.00%  msgs=0           0 ns/msg
  dir 5: active=  0.00%  msgs=1           722 ns/msg
  AGGREGATE active = 0.00% (of 6 dir-threads; 0.00% per-thread avg)  msgs=5
[CPU compute ] process=  8.73% of 80 cores   system=  8.78%   (window 2s)

----- REMOTE CPU LOAD (memory node dir-threads, 2s window) -----
  dir 0: active=  0.00%  msgs=0           0 ns/msg
  dir 1: active=  0.00%  msgs=1           384 ns/msg
  dir 2: active=  0.00%  msgs=0           0 ns/msg
  dir 3: active=  0.00%  msgs=1           192 ns/msg
  dir 4: active=  0.00%  msgs=0           0 ns/msg
  dir 5: active=  0.00%  msgs=2           530 ns/msg
  AGGREGATE active = 0.00% (of 6 dir-threads; 0.00% per-thread avg)  msgs=4
[CPU compute ] process=  8.73% of 80 cores   system=  8.76%   (window 2s)

----- REMOTE CPU LOAD (memory node dir-threads, 2s window) -----
  dir 0: active=  0.00%  msgs=0           0 ns/msg
  dir 1: active=  0.00%  msgs=2           306 ns/msg
  dir 2: active=  0.00%  msgs=0           0 ns/msg
  dir 3: active=  0.00%  msgs=1           279 ns/msg
  dir 4: active=  0.00%  msgs=0           0 ns/msg
  dir 5: active=  0.00%  msgs=1           449 ns/msg
  AGGREGATE active = 0.00% (of 6 dir-threads; 0.00% per-thread avg)  msgs=4
[CPU compute ] process=  8.72% of 80 cores   system=  8.76%   (window 2s)

----- REMOTE CPU LOAD (memory node dir-threads, 2s window) -----
  dir 0: active=  0.00%  msgs=0           0 ns/msg
  dir 1: active=  0.00%  msgs=1           315 ns/msg
  dir 2: active=  0.00%  msgs=0           0 ns/msg
  dir 3: active=  0.00%  msgs=2           380 ns/msg
  dir 4: active=  0.00%  msgs=0           0 ns/msg
  dir 5: active=  0.00%  msgs=1           421 ns/msg
  AGGREGATE active = 0.00% (of 6 dir-threads; 0.00% per-thread avg)  msgs=4
[CPU compute ] process=  8.73% of 80 cores   system=  8.77%   (window 2s)

----- REMOTE CPU LOAD (memory node dir-threads, 2s window) -----
  dir 0: active=  0.00%  msgs=0           0 ns/msg
  dir 1: active=  0.00%  msgs=2           367 ns/msg
  dir 2: active=  0.00%  msgs=0           0 ns/msg
  dir 3: active=  0.00%  msgs=1           224 ns/msg
  dir 4: active=  0.00%  msgs=0           0 ns/msg
  dir 5: active=  0.00%  msgs=2           406 ns/msg
  AGGREGATE active = 0.00% (of 6 dir-threads; 0.00% per-thread avg)  msgs=5
[CPU compute ] process=  8.73% of 80 cores   system=  8.76%   (window 2s)

----- REMOTE CPU LOAD (memory node dir-threads, 2s window) -----
  dir 0: active=  0.00%  msgs=1           418 ns/msg
  dir 1: active=  0.00%  msgs=0           0 ns/msg
  dir 2: active=  0.00%  msgs=1           826 ns/msg
  dir 3: active=  0.00%  msgs=1           301 ns/msg
  dir 4: active=  0.00%  msgs=1           398 ns/msg
  dir 5: active=  0.00%  msgs=0           0 ns/msg
  AGGREGATE active = 0.00% (of 6 dir-threads; 0.00% per-thread avg)  msgs=4
[CPU compute ] process=  8.73% of 80 cores   system=  8.77%   (window 2s)
Success: tree root pointer value [1, 57959068498]
Height = 22

----- REMOTE CPU LOAD (memory node dir-threads, 2s window) -----
  dir 0: active=  0.00%  msgs=2           390 ns/msg
  dir 1: active=  0.00%  msgs=0           0 ns/msg
  dir 2: active=  0.00%  msgs=1           326 ns/msg
  dir 3: active=  0.00%  msgs=0           0 ns/msg
  dir 4: active=  0.00%  msgs=1           371 ns/msg
  dir 5: active=  0.00%  msgs=0           0 ns/msg
  AGGREGATE active = 0.00% (of 6 dir-threads; 0.00% per-thread avg)  msgs=4
[CPU compute ] process=  8.73% of 80 cores   system=  8.77%   (window 2s)

----- REMOTE CPU LOAD (memory node dir-threads, 2s window) -----
  dir 0: active=  0.00%  msgs=1           281 ns/msg
  dir 1: active=  0.00%  msgs=0           0 ns/msg
  dir 2: active=  0.00%  msgs=2           329 ns/msg
  dir 3: active=  0.00%  msgs=0           0 ns/msg
  dir 4: active=  0.00%  msgs=1           397 ns/msg
  dir 5: active=  0.00%  msgs=0           0 ns/msg
  AGGREGATE active = 0.00% (of 6 dir-threads; 0.00% per-thread avg)  msgs=4
[CPU compute ] process=  8.73% of 80 cores   system=  8.77%   (window 2s)

----- REMOTE CPU LOAD (memory node dir-threads, 2s window) -----
  dir 0: active=  0.00%  msgs=1           269 ns/msg
  dir 1: active=  0.00%  msgs=0           0 ns/msg
  dir 2: active=  0.00%  msgs=1           236 ns/msg
  dir 3: active=  0.00%  msgs=0           0 ns/msg
  dir 4: active=  0.00%  msgs=2           372 ns/msg
  dir 5: active=  0.00%  msgs=0           0 ns/msg
  AGGREGATE active = 0.00% (of 6 dir-threads; 0.00% per-thread avg)  msgs=4
[CPU compute ] process=  8.73% of 80 cores   system=  8.77%   (window 2s)

----- REMOTE CPU LOAD (memory node dir-threads, 2s window) -----
  dir 0: active=  0.00%  msgs=2           468 ns/msg
  dir 1: active=  0.00%  msgs=0           0 ns/msg
  dir 2: active=  0.00%  msgs=2           332 ns/msg
  dir 3: active=  0.00%  msgs=0           0 ns/msg
  dir 4: active=  0.00%  msgs=1           1313 ns/msg
  dir 5: active=  0.00%  msgs=0           0 ns/msg
  AGGREGATE active = 0.00% (of 6 dir-threads; 0.00% per-thread avg)  msgs=5
[CPU compute ] process=  8.73% of 80 cores   system=  8.77%   (window 2s)

----- REMOTE CPU LOAD (memory node dir-threads, 2s window) -----
  dir 0: active=  0.00%  msgs=1           302 ns/msg
  dir 1: active=  0.00%  msgs=0           0 ns/msg
  dir 2: active=  0.00%  msgs=1           412 ns/msg
  dir 3: active=  0.00%  msgs=0           0 ns/msg
  dir 4: active=  0.00%  msgs=1           393 ns/msg
  dir 5: active=  0.00%  msgs=1           1606 ns/msg
  AGGREGATE active = 0.00% (of 6 dir-threads; 0.00% per-thread avg)  msgs=4
[CPU compute ] process=  8.73% of 80 cores   system=  8.77%   (window 2s)

----- REMOTE CPU LOAD (memory node dir-threads, 2s window) -----
  dir 0: active=  0.00%  msgs=0           0 ns/msg
  dir 1: active=  0.00%  msgs=2           596 ns/msg
  dir 2: active=  0.00%  msgs=0           0 ns/msg
  dir 3: active=  0.00%  msgs=1           834 ns/msg
  dir 4: active=  0.00%  msgs=0           0 ns/msg
  dir 5: active=  0.00%  msgs=1           336 ns/msg
  AGGREGATE active = 0.00% (of 6 dir-threads; 0.00% per-thread avg)  msgs=4
[CPU compute ] process=  8.73% of 80 cores   system=  8.76%   (window 2s)

----- REMOTE CPU LOAD (memory node dir-threads, 2s window) -----
  dir 0: active=  0.00%  msgs=0           0 ns/msg
  dir 1: active=  0.00%  msgs=1           326 ns/msg
  dir 2: active=  0.00%  msgs=0           0 ns/msg
  dir 3: active=  0.00%  msgs=2           626 ns/msg
  dir 4: active=  0.00%  msgs=0           0 ns/msg
  dir 5: active=  0.00%  msgs=1           348 ns/msg
  AGGREGATE active = 0.00% (of 6 dir-threads; 0.00% per-thread avg)  msgs=4
[CPU compute ] process=  8.73% of 80 cores   system=  8.76%   (window 2s)
#leaf nodes = 3846153
leaf size(MB) = 1878
#inner nodes = 3846104
inner size(MB) = 1877.98
Tree height = 22
Cache capacity = 1048576
max. leaf entries = 26
max. inner entries = 5
Inner page size = 160
Leaf page size = 512
node 0 finish its bulkload
IMPORTANT: my root is 3798405513084929
0 is ready for the benchmark
I am 0
Fetched new height = 22
I am 1
I am 2
I am 30
I am 13
I am 20
I am 23
I am 19
I am 8
I am 14
I am 11
I am 3
I am 4
I am 16
I am 21
I am 25
I am 9
I am 29
I am 28
I am 24
I am 15
I am 7
I am 5
I am 26
I am 27
I am 31
I am 22
I am 18
I am 17
I am 12
I am 10
I am 6
entering dynamic phase

----- REMOTE CPU LOAD (memory node dir-threads, 2s window) -----
  dir 0: active=  0.00%  msgs=0           0 ns/msg
  dir 1: active=  0.00%  msgs=1           495 ns/msg
  dir 2: active=  0.00%  msgs=0           0 ns/msg
  dir 3: active=  0.00%  msgs=0           0 ns/msg
  dir 4: active=  0.00%  msgs=0           0 ns/msg
  dir 5: active=  0.00%  msgs=1           543 ns/msg
  AGGREGATE active = 0.00% (of 6 dir-threads; 0.00% per-thread avg)  msgs=2
[CPU compute ] process= 18.37% of 80 cores   system= 18.45%   (window 2s)

----- REMOTE CPU LOAD (memory node dir-threads, 2s window) -----
  dir 0: active=  0.00%  msgs=0           0 ns/msg
  dir 1: active=  0.00%  msgs=0           0 ns/msg
  dir 2: active=  0.00%  msgs=0           0 ns/msg
  dir 3: active=  0.00%  msgs=0           0 ns/msg
  dir 4: active=  0.00%  msgs=0           0 ns/msg
  dir 5: active=  0.00%  msgs=0           0 ns/msg
  AGGREGATE active = 0.00% (of 6 dir-threads; 0.00% per-thread avg)  msgs=0
[CPU compute ] process= 47.33% of 80 cores   system= 47.51%   (window 2s)

----- REMOTE CPU LOAD (memory node dir-threads, 2s window) -----
  dir 0: active=  0.00%  msgs=0           0 ns/msg
  dir 1: active=  0.00%  msgs=0           0 ns/msg
  dir 2: active=  0.00%  msgs=0           0 ns/msg
  dir 3: active=  0.00%  msgs=0           0 ns/msg
  dir 4: active=  0.00%  msgs=0           0 ns/msg
  dir 5: active=  0.00%  msgs=0           0 ns/msg
  AGGREGATE active = 0.00% (of 6 dir-threads; 0.00% per-thread avg)  msgs=0
[CPU compute ] process= 47.35% of 80 cores   system= 47.52%   (window 2s)

----- REMOTE CPU LOAD (memory node dir-threads, 2s window) -----
  dir 0: active=  0.00%  msgs=0           0 ns/msg
  dir 1: active=  0.00%  msgs=0           0 ns/msg
  dir 2: active=  0.00%  msgs=0           0 ns/msg
  dir 3: active=  0.00%  msgs=0           0 ns/msg
  dir 4: active=  0.00%  msgs=0           0 ns/msg
  dir 5: active=  0.00%  msgs=0           0 ns/msg
  AGGREGATE active = 0.00% (of 6 dir-threads; 0.00% per-thread avg)  msgs=0
[CPU compute ] process= 47.34% of 80 cores   system= 47.51%   (window 2s)

----- REMOTE CPU LOAD (memory node dir-threads, 2s window) -----
  dir 0: active=  0.00%  msgs=0           0 ns/msg
  dir 1: active=  0.00%  msgs=0           0 ns/msg
  dir 2: active=  0.00%  msgs=0           0 ns/msg
  dir 3: active=  0.00%  msgs=0           0 ns/msg
  dir 4: active=  0.00%  msgs=0           0 ns/msg
  dir 5: active=  0.00%  msgs=0           0 ns/msg
  AGGREGATE active = 0.00% (of 6 dir-threads; 0.00% per-thread avg)  msgs=0
[CPU compute ] process= 47.35% of 80 cores   system= 47.52%   (window 2s)

----- REMOTE CPU LOAD (memory node dir-threads, 2s window) -----
  dir 0: active=  0.00%  msgs=0           0 ns/msg
  dir 1: active=  0.00%  msgs=0           0 ns/msg
  dir 2: active=  0.00%  msgs=0           0 ns/msg
  dir 3: active=  0.00%  msgs=0           0 ns/msg
  dir 4: active=  0.00%  msgs=0           0 ns/msg
  dir 5: active=  0.00%  msgs=0           0 ns/msg
  AGGREGATE active = 0.00% (of 6 dir-threads; 0.00% per-thread avg)  msgs=0
[CPU compute ] process= 47.33% of 80 cores   system= 47.51%   (window 2s)

----- REMOTE CPU LOAD (memory node dir-threads, 2s window) -----
  dir 0: active=  0.00%  msgs=0           0 ns/msg
  dir 1: active=  0.00%  msgs=0           0 ns/msg
  dir 2: active=  0.00%  msgs=0           0 ns/msg
  dir 3: active=  0.00%  msgs=0           0 ns/msg
  dir 4: active=  0.00%  msgs=0           0 ns/msg
  dir 5: active=  0.00%  msgs=0           0 ns/msg
  AGGREGATE active = 0.00% (of 6 dir-threads; 0.00% per-thread avg)  msgs=0
[CPU compute ] process= 47.35% of 80 cores   system= 47.51%   (window 2s)

----- REMOTE CPU LOAD (memory node dir-threads, 2s window) -----
  dir 0: active=  0.00%  msgs=0           0 ns/msg
  dir 1: active=  0.00%  msgs=0           0 ns/msg
  dir 2: active=  0.00%  msgs=0           0 ns/msg
  dir 3: active=  0.00%  msgs=0           0 ns/msg
  dir 4: active=  0.00%  msgs=0           0 ns/msg
  dir 5: active=  0.00%  msgs=0           0 ns/msg
  AGGREGATE active = 0.00% (of 6 dir-threads; 0.00% per-thread avg)  msgs=0
[CPU compute ] process= 47.34% of 80 cores   system= 47.53%   (window 2s)

----- REMOTE CPU LOAD (memory node dir-threads, 2s window) -----
  dir 0: active=  0.00%  msgs=0           0 ns/msg
  dir 1: active=  0.00%  msgs=0           0 ns/msg
  dir 2: active=  0.00%  msgs=0           0 ns/msg
  dir 3: active=  0.00%  msgs=0           0 ns/msg
  dir 4: active=  0.00%  msgs=0           0 ns/msg
  dir 5: active=  0.00%  msgs=0           0 ns/msg
  AGGREGATE active = 0.00% (of 6 dir-threads; 0.00% per-thread avg)  msgs=0
[CPU compute ] process= 47.34% of 80 cores   system= 47.51%   (window 2s)

----- REMOTE CPU LOAD (memory node dir-threads, 2s window) -----
  dir 0: active=  0.00%  msgs=0           0 ns/msg
  dir 1: active=  0.00%  msgs=0           0 ns/msg
  dir 2: active=  0.00%  msgs=0           0 ns/msg
  dir 3: active=  0.00%  msgs=0           0 ns/msg
  dir 4: active=  0.00%  msgs=0           0 ns/msg
  dir 5: active=  0.00%  msgs=0           0 ns/msg
  AGGREGATE active = 0.00% (of 6 dir-threads; 0.00% per-thread avg)  msgs=0
[CPU compute ] process= 47.34% of 80 cores   system= 47.52%   (window 2s)

----- REMOTE CPU LOAD (memory node dir-threads, 2s window) -----
  dir 0: active=  0.00%  msgs=0           0 ns/msg
  dir 1: active=  0.00%  msgs=0           0 ns/msg
  dir 2: active=  0.00%  msgs=0           0 ns/msg
  dir 3: active=  0.00%  msgs=0           0 ns/msg
  dir 4: active=  0.00%  msgs=0           0 ns/msg
  dir 5: active=  0.00%  msgs=0           0 ns/msg
  AGGREGATE active = 0.00% (of 6 dir-threads; 0.00% per-thread avg)  msgs=0
[CPU compute ] process= 47.33% of 80 cores   system= 47.51%   (window 2s)
Thread_op_num = 1562500
node 0 finish warmup
Start collecting the statistic

----- REMOTE CPU LOAD (memory node dir-threads, 2s window) -----
  dir 0: active=  2.55%  msgs=69124       739 ns/msg
  dir 1: active=  1.53%  msgs=69077       444 ns/msg
  dir 2: active=  2.48%  msgs=68928       719 ns/msg
  dir 3: active=  1.55%  msgs=69037       450 ns/msg
  dir 4: active=  2.52%  msgs=69027       731 ns/msg
  dir 5: active=  1.56%  msgs=68832       453 ns/msg
  AGGREGATE active = 12.20% (of 6 dir-threads; 2.03% per-thread avg)  msgs=414025
[CPU compute ] process= 47.37% of 80 cores   system= 47.52%   (window 2s)
0, throughput 1.3144
cluster throughput 1.314

----- REMOTE CPU LOAD (memory node dir-threads, 2s window) -----
  dir 0: active= 11.01%  msgs=302813      727 ns/msg
  dir 1: active=  7.41%  msgs=301653      492 ns/msg
  dir 2: active= 10.86%  msgs=302057      719 ns/msg
  dir 3: active=  7.63%  msgs=301981      505 ns/msg
  dir 4: active= 11.06%  msgs=302611      731 ns/msg
  dir 5: active=  7.68%  msgs=303037      507 ns/msg
  AGGREGATE active = 55.64% (of 6 dir-threads; 9.27% per-thread avg)  msgs=1814152
[CPU compute ] process= 47.34% of 80 cores   system= 47.51%   (window 2s)
0, throughput 1.3195
cluster throughput 1.319

----- REMOTE CPU LOAD (memory node dir-threads, 2s window) -----
  dir 0: active= 10.98%  msgs=301812      728 ns/msg
  dir 1: active=  8.01%  msgs=302177      530 ns/msg
  dir 2: active= 10.92%  msgs=302998      721 ns/msg
  dir 3: active=  8.15%  msgs=302267      539 ns/msg
  dir 4: active= 11.04%  msgs=301963      731 ns/msg
  dir 5: active=  8.20%  msgs=302007      543 ns/msg
  AGGREGATE active = 57.31% (of 6 dir-threads; 9.55% per-thread avg)  msgs=1813224
[CPU compute ] process= 47.33% of 80 cores   system= 47.51%   (window 2s)
0, throughput 1.3186
cluster throughput 1.318

----- REMOTE CPU LOAD (memory node dir-threads, 2s window) -----
  dir 0: active= 10.93%  msgs=301764      724 ns/msg
  dir 1: active=  8.20%  msgs=302083      543 ns/msg
  dir 2: active= 10.96%  msgs=302687      724 ns/msg
  dir 3: active=  8.40%  msgs=301757      557 ns/msg
  dir 4: active= 11.04%  msgs=301453      732 ns/msg
  dir 5: active=  8.40%  msgs=301914      557 ns/msg
  AGGREGATE active = 57.93% (of 6 dir-threads; 9.65% per-thread avg)  msgs=1811658
[CPU compute ] process= 47.35% of 80 cores   system= 47.52%   (window 2s)
0, throughput 1.3179
cluster throughput 1.317

----- REMOTE CPU LOAD (memory node dir-threads, 2s window) -----
  dir 0: active= 11.09%  msgs=301644      735 ns/msg
  dir 1: active=  8.30%  msgs=301414      551 ns/msg
  dir 2: active= 10.97%  msgs=302284      726 ns/msg
  dir 3: active=  8.41%  msgs=302246      557 ns/msg
  dir 4: active= 11.05%  msgs=301607      733 ns/msg
  dir 5: active=  8.47%  msgs=301622      562 ns/msg
  AGGREGATE active = 58.29% (of 6 dir-threads; 9.71% per-thread avg)  msgs=1810817
[CPU compute ] process= 47.34% of 80 cores   system= 47.51%   (window 2s)
0, throughput 1.3172
cluster throughput 1.317

----- REMOTE CPU LOAD (memory node dir-threads, 2s window) -----
  dir 0: active= 11.11%  msgs=301465      737 ns/msg
  dir 1: active=  8.28%  msgs=301151      550 ns/msg
  dir 2: active= 10.86%  msgs=301362      721 ns/msg
  dir 3: active=  8.42%  msgs=301270      559 ns/msg
  dir 4: active= 11.06%  msgs=301767      733 ns/msg
  dir 5: active=  8.51%  msgs=301074      565 ns/msg
  AGGREGATE active = 58.23% (of 6 dir-threads; 9.71% per-thread avg)  msgs=1808089
[CPU compute ] process= 47.33% of 80 cores   system= 47.51%   (window 2s)
0, throughput 1.3167
cluster throughput 1.316

----- REMOTE CPU LOAD (memory node dir-threads, 2s window) -----
  dir 0: active= 11.15%  msgs=301809      739 ns/msg
  dir 1: active=  8.39%  msgs=301657      556 ns/msg
  dir 2: active= 10.90%  msgs=302045      722 ns/msg
  dir 3: active=  8.44%  msgs=301430      560 ns/msg
  dir 4: active= 11.06%  msgs=301366      734 ns/msg
  dir 5: active=  8.48%  msgs=301026      563 ns/msg
  AGGREGATE active = 58.41% (of 6 dir-threads; 9.74% per-thread avg)  msgs=1809333
[CPU compute ] process= 47.35% of 80 cores   system= 47.52%   (window 2s)
0, throughput 1.3169
cluster throughput 1.316

----- REMOTE CPU LOAD (memory node dir-threads, 2s window) -----
  dir 0: active= 11.09%  msgs=301934      735 ns/msg
  dir 1: active=  8.31%  msgs=301497      551 ns/msg
  dir 2: active= 10.91%  msgs=302197      722 ns/msg
  dir 3: active=  8.39%  msgs=301770      556 ns/msg
  dir 4: active= 11.16%  msgs=301885      739 ns/msg
  dir 5: active=  8.52%  msgs=302553      563 ns/msg
  AGGREGATE active = 58.38% (of 6 dir-threads; 9.73% per-thread avg)  msgs=1811836
[CPU compute ] process= 47.34% of 80 cores   system= 47.51%   (window 2s)
0, throughput 1.3174
cluster throughput 1.317

----- REMOTE CPU LOAD (memory node dir-threads, 2s window) -----
  dir 0: active= 11.14%  msgs=301936      738 ns/msg
  dir 1: active=  8.21%  msgs=301864      544 ns/msg
  dir 2: active= 10.81%  msgs=302620      715 ns/msg
  dir 3: active=  8.40%  msgs=301659      557 ns/msg
  dir 4: active= 11.19%  msgs=302066      741 ns/msg
  dir 5: active=  8.49%  msgs=301533      563 ns/msg
  AGGREGATE active = 58.25% (of 6 dir-threads; 9.71% per-thread avg)  msgs=1811678
[CPU compute ] process= 47.33% of 80 cores   system= 47.52%   (window 2s)
0, throughput 1.3169
cluster throughput 1.316

----- REMOTE CPU LOAD (memory node dir-threads, 2s window) -----
  dir 0: active= 11.22%  msgs=302167      743 ns/msg
  dir 1: active=  8.24%  msgs=301949      546 ns/msg
  dir 2: active= 10.89%  msgs=302051      721 ns/msg
  dir 3: active=  8.29%  msgs=301886      549 ns/msg
  dir 4: active= 11.15%  msgs=301991      739 ns/msg
  dir 5: active=  8.29%  msgs=301646      550 ns/msg
  AGGREGATE active = 58.09% (of 6 dir-threads; 9.68% per-thread avg)  msgs=1811690
[CPU compute ] process= 47.35% of 80 cores   system= 47.52%   (window 2s)
0, throughput 1.3174
cluster throughput 1.317

----- REMOTE CPU LOAD (memory node dir-threads, 2s window) -----
  dir 0: active= 11.18%  msgs=302815      739 ns/msg
  dir 1: active=  8.27%  msgs=302039      548 ns/msg
  dir 2: active= 10.96%  msgs=301764      726 ns/msg
  dir 3: active=  8.28%  msgs=302393      548 ns/msg
  dir 4: active= 11.16%  msgs=301304      741 ns/msg
  dir 5: active=  8.44%  msgs=301621      560 ns/msg
  AGGREGATE active = 58.30% (of 6 dir-threads; 9.72% per-thread avg)  msgs=1811936
[CPU compute ] process= 47.34% of 80 cores   system= 47.52%   (window 2s)
0, throughput 1.3180
cluster throughput 1.317

----- REMOTE CPU LOAD (memory node dir-threads, 2s window) -----
  dir 0: active= 11.05%  msgs=300775      735 ns/msg
  dir 1: active=  8.26%  msgs=301334      548 ns/msg
  dir 2: active= 10.96%  msgs=302042      726 ns/msg
  dir 3: active=  8.27%  msgs=302054      547 ns/msg
  dir 4: active= 11.19%  msgs=301980      741 ns/msg
  dir 5: active=  8.25%  msgs=302213      546 ns/msg
  AGGREGATE active = 57.97% (of 6 dir-threads; 9.66% per-thread avg)  msgs=1810398
[CPU compute ] process= 47.34% of 80 cores   system= 47.51%   (window 2s)
0, throughput 1.3167
cluster throughput 1.316

----- REMOTE CPU LOAD (memory node dir-threads, 2s window) -----
  dir 0: active= 11.12%  msgs=301881      736 ns/msg
  dir 1: active=  8.26%  msgs=301845      547 ns/msg
  dir 2: active= 10.85%  msgs=301292      720 ns/msg
  dir 3: active=  8.26%  msgs=301662      548 ns/msg
  dir 4: active= 11.14%  msgs=302089      738 ns/msg
  dir 5: active=  8.34%  msgs=301484      553 ns/msg
  AGGREGATE active = 57.97% (of 6 dir-threads; 9.66% per-thread avg)  msgs=1810253
[CPU compute ] process= 47.35% of 80 cores   system= 47.52%   (window 2s)
0, throughput 1.3179
cluster throughput 1.317

----- REMOTE CPU LOAD (memory node dir-threads, 2s window) -----
  dir 0: active= 11.08%  msgs=301916      734 ns/msg
  dir 1: active=  8.37%  msgs=301897      554 ns/msg
  dir 2: active= 10.79%  msgs=301696      715 ns/msg
  dir 3: active=  8.32%  msgs=302035      551 ns/msg
  dir 4: active= 11.17%  msgs=302467      739 ns/msg
  dir 5: active=  8.29%  msgs=301504      550 ns/msg
  AGGREGATE active = 58.01% (of 6 dir-threads; 9.67% per-thread avg)  msgs=1811515
[CPU compute ] process= 47.35% of 80 cores   system= 47.51%   (window 2s)
0, throughput 1.3167
cluster throughput 1.316

----- REMOTE CPU LOAD (memory node dir-threads, 2s window) -----
  dir 0: active= 11.11%  msgs=300923      738 ns/msg
  dir 1: active=  8.32%  msgs=301353      552 ns/msg
  dir 2: active= 10.93%  msgs=301448      725 ns/msg
  dir 3: active=  8.25%  msgs=301953      546 ns/msg
  dir 4: active= 11.25%  msgs=301798      745 ns/msg
  dir 5: active=  8.39%  msgs=301306      557 ns/msg
  AGGREGATE active = 58.24% (of 6 dir-threads; 9.71% per-thread avg)  msgs=1808781
[CPU compute ] process= 47.33% of 80 cores   system= 47.51%   (window 2s)
0, throughput 1.3167
cluster throughput 1.316

----- REMOTE CPU LOAD (memory node dir-threads, 2s window) -----
  dir 0: active= 11.12%  msgs=301963      736 ns/msg
  dir 1: active=  8.28%  msgs=301722      549 ns/msg
  dir 2: active= 10.93%  msgs=302042      724 ns/msg
  dir 3: active=  8.30%  msgs=301083      551 ns/msg
  dir 4: active= 11.22%  msgs=301284      745 ns/msg
  dir 5: active=  8.44%  msgs=301540      560 ns/msg
  AGGREGATE active = 58.29% (of 6 dir-threads; 9.71% per-thread avg)  msgs=1809634
[CPU compute ] process= 47.35% of 80 cores   system= 47.52%   (window 2s)
0, throughput 1.3166
cluster throughput 1.316

----- REMOTE CPU LOAD (memory node dir-threads, 2s window) -----
  dir 0: active= 11.12%  msgs=301810      737 ns/msg
  dir 1: active=  8.21%  msgs=301505      545 ns/msg
  dir 2: active= 10.93%  msgs=301097      726 ns/msg
  dir 3: active=  8.34%  msgs=301279      553 ns/msg
  dir 4: active= 11.34%  msgs=301682      752 ns/msg
  dir 5: active=  8.42%  msgs=302240      557 ns/msg
  AGGREGATE active = 58.36% (of 6 dir-threads; 9.73% per-thread avg)  msgs=1809613
[CPU compute ] process= 47.34% of 80 cores   system= 47.51%   (window 2s)
0, throughput 1.3169
cluster throughput 1.316

----- REMOTE CPU LOAD (memory node dir-threads, 2s window) -----
  dir 0: active= 11.20%  msgs=301578      743 ns/msg
  dir 1: active=  8.16%  msgs=301656      541 ns/msg
  dir 2: active= 10.92%  msgs=301765      724 ns/msg
  dir 3: active=  8.37%  msgs=301697      555 ns/msg
  dir 4: active= 11.30%  msgs=301957      749 ns/msg
  dir 5: active=  8.39%  msgs=301763      556 ns/msg
  AGGREGATE active = 58.36% (of 6 dir-threads; 9.73% per-thread avg)  msgs=1810416
[CPU compute ] process= 47.33% of 80 cores   system= 47.51%   (window 2s)
0, throughput 1.3167
cluster throughput 1.316

----- REMOTE CPU LOAD (memory node dir-threads, 2s window) -----
  dir 0: active= 11.18%  msgs=301966      741 ns/msg
  dir 1: active=  8.15%  msgs=301783      540 ns/msg
  dir 2: active= 10.93%  msgs=301981      724 ns/msg
  dir 3: active=  8.39%  msgs=301892      556 ns/msg
  dir 4: active= 11.31%  msgs=301592      750 ns/msg
  dir 5: active=  8.36%  msgs=301298      555 ns/msg
  AGGREGATE active = 58.33% (of 6 dir-threads; 9.72% per-thread avg)  msgs=1810512
[CPU compute ] process= 47.35% of 80 cores   system= 47.52%   (window 2s)
0, throughput 0.9620
cluster throughput 0.962

----- REMOTE CPU LOAD (memory node dir-threads, 2s window) -----
  dir 0: active=  5.54%  msgs=150821      735 ns/msg
  dir 1: active=  4.15%  msgs=151275      548 ns/msg
  dir 2: active=  5.49%  msgs=151246      726 ns/msg
  dir 3: active=  4.15%  msgs=150700      550 ns/msg
  dir 4: active=  5.70%  msgs=151249      754 ns/msg
  dir 5: active=  4.18%  msgs=150884      554 ns/msg
  AGGREGATE active = 29.20% (of 6 dir-threads; 4.87% per-thread avg)  msgs=906175
[CPU compute ] process= 26.42% of 80 cores   system= 26.51%   (window 2s)
0, throughput 0.0000
cluster throughput 0.000
The time duration = 40 seconds

----- REMOTE CPU LOAD (memory node dir-threads, 2s window) -----
  dir 0: active=  0.00%  msgs=0           0 ns/msg
  dir 1: active=  0.00%  msgs=0           0 ns/msg
  dir 2: active=  0.00%  msgs=0           0 ns/msg
  dir 3: active=  0.00%  msgs=0           0 ns/msg
  dir 4: active=  0.00%  msgs=0           0 ns/msg
  dir 5: active=  0.00%  msgs=0           0 ns/msg
  AGGREGATE active = 0.00% (of 6 dir-threads; 0.00% per-thread avg)  msgs=0
[CPU compute ] process=  7.49% of 80 cores   system=  7.51%   (window 2s)

==================== LATENCY BUCKETS (500 ns) [node 0] ====================
[RANGE]
  ALL                n=49348753   mean=   24.25us  p50=  21.00us  p90=  43.00us  p99=  56.50us  p99.9=  65.50us  max>=1000.00us
  LOCAL (cache hit)         (no samples)
  REMOTE (miss/rpc)  n=49348753   mean=   24.25us  p50=  21.00us  p90=  43.00us  p99=  56.50us  p99.9=  65.50us  max>=1000.00us
[ALL OPS]
  ALL                n=49348753   mean=   24.25us  p50=  21.00us  p90=  43.00us  p99=  56.50us  p99.9=  65.50us  max>=1000.00us
  LOCAL (cache hit)         (no samples)
  REMOTE (miss/rpc)  n=49348753   mean=   24.25us  p50=  21.00us  p90=  43.00us  p99=  56.50us  p99.9=  65.50us  max>=1000.00us

----- 500 ns bucket CDF (all ops) [node 0] -----
  bucket [lo,hi) ns             count        pct       cdf
  [     5500,     6000)            6    0.0000%   0.0000%
  [     6000,     6500)           93    0.0002%   0.0002%
  [     6500,     7000)         1456    0.0030%   0.0032%
  [     7000,     7500)        18177    0.0368%   0.0400%
  [     7500,     8000)       111579    0.2261%   0.2661%
  [     8000,     8500)       334911    0.6787%   0.9447%
  [     8500,     9000)       566668    1.1483%   2.0930%
  [     9000,     9500)       608761    1.2336%   3.3266%
  [     9500,    10000)       466285    0.9449%   4.2715%
  [    10000,    10500)       328523    0.6657%   4.9372%
  [    10500,    11000)       334260    0.6773%   5.6146%
  [    11000,    11500)       466410    0.9451%   6.5597%
  [    11500,    12000)       615014    1.2463%   7.8060%
  [    12000,    12500)       708797    1.4363%   9.2423%
  [    12500,    13000)       744549    1.5087%  10.7510%
  [    13000,    13500)       741891    1.5034%  12.2544%
  [    13500,    14000)       722423    1.4639%  13.7183%
  [    14000,    14500)       720834    1.4607%  15.1790%
  [    14500,    15000)       816560    1.6547%  16.8337%
  [    15000,    15500)      1063609    2.1553%  18.9889%
  [    15500,    16000)      1387280    2.8112%  21.8001%
  [    16000,    16500)      1643340    3.3301%  25.1302%
  [    16500,    17000)      1720270    3.4859%  28.6161%
  [    17000,    17500)      1614680    3.2720%  31.8881%
  [    17500,    18000)      1426132    2.8899%  34.7780%
  [    18000,    18500)      1272226    2.5780%  37.3560%
  [    18500,    19000)      1212078    2.4561%  39.8122%
  [    19000,    19500)      1242938    2.5187%  42.3309%
  [    19500,    20000)      1305273    2.6450%  44.9759%
  [    20000,    20500)      1339859    2.7151%  47.6909%
  [    20500,    21000)      1306365    2.6472%  50.3381%
  [    21000,    21500)      1223286    2.4789%  52.8170%
  [    21500,    22000)      1120843    2.2713%  55.0883%
  [    22000,    22500)      1039253    2.1059%  57.1942%
  [    22500,    23000)       994271    2.0148%  59.2090%
  [    23000,    23500)       987096    2.0002%  61.2092%
  [    23500,    24000)       985670    1.9974%  63.2066%
  [    24000,    24500)       957148    1.9396%  65.1462%
  [    24500,    25000)       885010    1.7934%  66.9395%
  [    25000,    25500)       776880    1.5743%  68.5138%
  [    25500,    26000)       657592    1.3325%  69.8463%
  [    26000,    26500)       550725    1.1160%  70.9623%
  [    26500,    27000)       473637    0.9598%  71.9221%
  [    27000,    27500)       420915    0.8529%  72.7750%
  [    27500,    28000)       385568    0.7813%  73.5563%
  [    28000,    28500)       361705    0.7330%  74.2893%
  [    28500,    29000)       337643    0.6842%  74.9735%
  [    29000,    29500)       313953    0.6362%  75.6097%
  [    29500,    30000)       292732    0.5932%  76.2029%
  [    30000,    30500)       277994    0.5633%  76.7662%
  [    30500,    31000)       272561    0.5523%  77.3185%
  [    31000,    31500)       275619    0.5585%  77.8770%
  [    31500,    32000)       277378    0.5621%  78.4391%
  [    32000,    32500)       276053    0.5594%  78.9985%
  [    32500,    33000)       267438    0.5419%  79.5404%
  [    33000,    33500)       258819    0.5245%  80.0649%
  [    33500,    34000)       249106    0.5048%  80.5697%
  [    34000,    34500)       245547    0.4976%  81.0673%
  [    34500,    35000)       246352    0.4992%  81.5665%
  [    35000,    35500)       252159    0.5110%  82.0775%
  [    35500,    36000)       259209    0.5253%  82.6027%
  [    36000,    36500)       261585    0.5301%  83.1328%
  [    36500,    37000)       261306    0.5295%  83.6623%
  [    37000,    37500)       261383    0.5297%  84.1920%
  [    37500,    38000)       262617    0.5322%  84.7241%
  [    38000,    38500)       266298    0.5396%  85.2638%
  [    38500,    39000)       274264    0.5558%  85.8195%
  [    39000,    39500)       282194    0.5718%  86.3914%
  [    39500,    40000)       285398    0.5783%  86.9697%
  [    40000,    40500)       285882    0.5793%  87.5490%
  [    40500,    41000)       279629    0.5666%  88.1156%
  [    41000,    41500)       274813    0.5569%  88.6725%
  [    41500,    42000)       271421    0.5500%  89.2225%
  [    42000,    42500)       270120    0.5474%  89.7699%
  [    42500,    43000)       269354    0.5458%  90.3157%
  [    43000,    43500)       270212    0.5476%  90.8633%
  [    43500,    44000)       267576    0.5422%  91.4055%
  [    44000,    44500)       261589    0.5301%  91.9356%
  [    44500,    45000)       251330    0.5093%  92.4448%
  [    45000,    45500)       240165    0.4867%  92.9315%
  [    45500,    46000)       228954    0.4640%  93.3955%
  [    46000,    46500)       218004    0.4418%  93.8372%
  [    46500,    47000)       209240    0.4240%  94.2612%
  [    47000,    47500)       198699    0.4026%  94.6639%
  [    47500,    48000)       189479    0.3840%  95.0478%
  [    48000,    48500)       181282    0.3673%  95.4152%
  [    48500,    49000)       172029    0.3486%  95.7638%
  [    49000,    49500)       163920    0.3322%  96.0959%
  [    49500,    50000)       156229    0.3166%  96.4125%
  [    50000,    50500)       149291    0.3025%  96.7151%
  [    50500,    51000)       141634    0.2870%  97.0021%
  [    51000,    51500)       134340    0.2722%  97.2743%
  [    51500,    52000)       126695    0.2567%  97.5310%
  [    52000,    52500)       117932    0.2390%  97.7700%
  [    52500,    53000)       109027    0.2209%  97.9909%
  [    53000,    53500)        99067    0.2007%  98.1917%
  [    53500,    54000)        90167    0.1827%  98.3744%
  [    54000,    54500)        82268    0.1667%  98.5411%
  [    54500,    55000)        74280    0.1505%  98.6916%
  [    55000,    55500)        67615    0.1370%  98.8286%
  [    55500,    56000)        61020    0.1237%  98.9523%
  [    56000,    56500)        55585    0.1126%  99.0649%
  [    56500,    57000)        50226    0.1018%  99.1667%
  [    57000,    57500)        45392    0.0920%  99.2587%
  [    57500,    58000)        41392    0.0839%  99.3426%
  [    58000,    58500)        37359    0.0757%  99.4183%
  [    58500,    59000)        33325    0.0675%  99.4858%
  [    59000,    59500)        29964    0.0607%  99.5465%
  [    59500,    60000)        26973    0.0547%  99.6012%
  [    60000,    60500)        24080    0.0488%  99.6500%
  [    60500,    61000)        21354    0.0433%  99.6932%
  [    61000,    61500)        18792    0.0381%  99.7313%
  [    61500,    62000)        16684    0.0338%  99.7651%
  [    62000,    62500)        14631    0.0296%  99.7948%
  [    62500,    63000)        12875    0.0261%  99.8209%
  [    63000,    63500)        11430    0.0232%  99.8440%
  [    63500,    64000)         9683    0.0196%  99.8636%
  [    64000,    64500)         8725    0.0177%  99.8813%
  [    64500,    65000)         7574    0.0153%  99.8967%
  [    65000,    65500)         6700    0.0136%  99.9102%
  [    65500,    66000)         5807    0.0118%  99.9220%
  [    66000,    66500)         5149    0.0104%  99.9324%
  [    66500,    67000)         4440    0.0090%  99.9414%
  [    67000,    67500)         3890    0.0079%  99.9493%
  [    67500,    68000)         3405    0.0069%  99.9562%
  [    68000,    68500)         2920    0.0059%  99.9621%
  [    68500,    69000)         2542    0.0052%  99.9673%
  [    69000,    69500)         2259    0.0046%  99.9719%
  [    69500,    70000)         1944    0.0039%  99.9758%
  [    70000,    70500)         1663    0.0034%  99.9792%
  [    70500,    71000)         1375    0.0028%  99.9820%
  [    71000,    71500)         1134    0.0023%  99.9843%
  [    71500,    72000)         1005    0.0020%  99.9863%
  [    72000,    72500)          861    0.0017%  99.9880%
  [    72500,    73000)          725    0.0015%  99.9895%
  [    73000,    73500)          690    0.0014%  99.9909%
  [    73500,    74000)          581    0.0012%  99.9921%
  [    74000,    74500)          456    0.0009%  99.9930%
  [    74500,    75000)          414    0.0008%  99.9939%
  [    75000,    75500)          350    0.0007%  99.9946%
  [    75500,    76000)          294    0.0006%  99.9952%
  [    76000,    76500)          274    0.0006%  99.9957%
  [    76500,    77000)          222    0.0004%  99.9962%
  [    77000,    77500)          186    0.0004%  99.9965%
  [    77500,    78000)          161    0.0003%  99.9969%
  [    78000,    78500)          148    0.0003%  99.9972%
  [    78500,    79000)          121    0.0002%  99.9974%
  [    79000,    79500)          100    0.0002%  99.9976%
  [    79500,    80000)           97    0.0002%  99.9978%
  [    80000,    80500)           82    0.0002%  99.9980%
  [    80500,    81000)           84    0.0002%  99.9981%
  [    81000,    81500)           57    0.0001%  99.9983%
  [    81500,    82000)           51    0.0001%  99.9984%
  [    82000,    82500)           47    0.0001%  99.9985%
  [    82500,    83000)           31    0.0001%  99.9985%
  [    83000,    83500)           31    0.0001%  99.9986%
  [    83500,    84000)           28    0.0001%  99.9986%
  [    84000,    84500)           30    0.0001%  99.9987%
  [    84500,    85000)           31    0.0001%  99.9988%
  [    85000,    85500)           25    0.0001%  99.9988%
  [    85500,    86000)           22    0.0000%  99.9989%
  [    86000,    86500)           22    0.0000%  99.9989%
  [    86500,    87000)           10    0.0000%  99.9989%
  [    87000,    87500)           26    0.0001%  99.9990%
  [    87500,    88000)           12    0.0000%  99.9990%
  [    88000,    88500)           14    0.0000%  99.9990%
  [    88500,    89000)           15    0.0000%  99.9991%
  [    89000,    89500)           20    0.0000%  99.9991%
  [    89500,    90000)           12    0.0000%  99.9991%
  [    90000,    90500)           12    0.0000%  99.9992%
  [    90500,    91000)           11    0.0000%  99.9992%
  [    91000,    91500)           10    0.0000%  99.9992%
  [    91500,    92000)            9    0.0000%  99.9992%
  [    92000,    92500)            9    0.0000%  99.9992%
  [    92500,    93000)           11    0.0000%  99.9993%
  [    93000,    93500)           15    0.0000%  99.9993%
  [    93500,    94000)            8    0.0000%  99.9993%
  [    94000,    94500)            6    0.0000%  99.9993%
  [    94500,    95000)            9    0.0000%  99.9993%
  [    95000,    95500)            8    0.0000%  99.9993%
  [    95500,    96000)            9    0.0000%  99.9994%
  [    96000,    96500)            5    0.0000%  99.9994%
  [    96500,    97000)           10    0.0000%  99.9994%
  [    97000,    97500)            8    0.0000%  99.9994%
  [    97500,    98000)           10    0.0000%  99.9994%
  [    98000,    98500)           11    0.0000%  99.9995%
  [    98500,    99000)            9    0.0000%  99.9995%
  [    99000,    99500)            6    0.0000%  99.9995%
  [    99500,   100000)           11    0.0000%  99.9995%
  [   100000,   100500)            5    0.0000%  99.9995%
  [   100500,   101000)           10    0.0000%  99.9995%
  [   101000,   101500)            6    0.0000%  99.9996%
  [   101500,   102000)            3    0.0000%  99.9996%
  [   102000,   102500)            4    0.0000%  99.9996%
  [   102500,   103000)            4    0.0000%  99.9996%
  [   103000,   103500)            7    0.0000%  99.9996%
  [   103500,   104000)            9    0.0000%  99.9996%
  [   104000,   104500)            5    0.0000%  99.9996%
  [   104500,   105000)            2    0.0000%  99.9996%
  [   105000,   105500)            8    0.0000%  99.9996%
  [   105500,   106000)            6    0.0000%  99.9996%
  [   106000,   106500)            4    0.0000%  99.9997%
  [   106500,   107000)            4    0.0000%  99.9997%
  [   107000,   107500)            4    0.0000%  99.9997%
  [   107500,   108000)            8    0.0000%  99.9997%
  [   108000,   108500)            5    0.0000%  99.9997%
  [   108500,   109000)            6    0.0000%  99.9997%
  [   109000,   109500)            5    0.0000%  99.9997%
  [   109500,   110000)            4    0.0000%  99.9997%
  [   110000,   110500)            3    0.0000%  99.9997%
  [   110500,   111000)            6    0.0000%  99.9997%
  [   111000,   111500)            2    0.0000%  99.9998%
  [   111500,   112000)            5    0.0000%  99.9998%
  [   112000,   112500)            4    0.0000%  99.9998%
  [   112500,   113000)            3    0.0000%  99.9998%
  [   113000,   113500)            1    0.0000%  99.9998%
  [   113500,   114000)            1    0.0000%  99.9998%
  [   114500,   115000)            4    0.0000%  99.9998%
  [   115000,   115500)            5    0.0000%  99.9998%
  [   115500,   116000)            1    0.0000%  99.9998%
  [   116000,   116500)            5    0.0000%  99.9998%
  [   117000,   117500)            1    0.0000%  99.9998%
  [   117500,   118000)            1    0.0000%  99.9998%
  [   118000,   118500)            6    0.0000%  99.9998%
  [   118500,   119000)            2    0.0000%  99.9998%
  [   119000,   119500)            4    0.0000%  99.9998%
  [   119500,   120000)            2    0.0000%  99.9998%
  [   120000,   120500)            1    0.0000%  99.9998%
  [   120500,   121000)            3    0.0000%  99.9999%
  [   121000,   121500)            2    0.0000%  99.9999%
  [   121500,   122000)            2    0.0000%  99.9999%
  [   122000,   122500)            1    0.0000%  99.9999%
  [   122500,   123000)            3    0.0000%  99.9999%
  [   123000,   123500)            1    0.0000%  99.9999%
  [   123500,   124000)            2    0.0000%  99.9999%
  [   124500,   125000)            1    0.0000%  99.9999%
  [   125000,   125500)            2    0.0000%  99.9999%
  [   125500,   126000)            1    0.0000%  99.9999%
  [   126500,   127000)            2    0.0000%  99.9999%
  [   127000,   127500)            1    0.0000%  99.9999%
  [   127500,   128000)            2    0.0000%  99.9999%
  [   128000,   128500)            1    0.0000%  99.9999%
  [   128500,   129000)            4    0.0000%  99.9999%
  [   129000,   129500)            2    0.0000%  99.9999%
  [   129500,   130000)            1    0.0000%  99.9999%
  [   130000,   130500)            1    0.0000%  99.9999%
  [   130500,   131000)            3    0.0000%  99.9999%
  [   131000,   131500)            1    0.0000%  99.9999%
  [   132000,   132500)            1    0.0000%  99.9999%
  [   133000,   133500)            1    0.0000%  99.9999%
  [   136000,   136500)            1    0.0000%  99.9999%
  [   136500,   137000)            1    0.0000%  99.9999%
  [   137500,   138000)            1    0.0000%  99.9999%
  [   139000,   139500)            2    0.0000%  99.9999%
  [   139500,   140000)            1    0.0000%  99.9999%
  [   140000,   140500)            1    0.0000%  99.9999%
  [   142000,   142500)            1    0.0000%  99.9999%
  [   143500,   144000)            1    0.0000%  99.9999%
  [   144500,   145000)            1    0.0000%  99.9999%
  [   145000,   145500)            1    0.0000%  99.9999%
  [   150000,   150500)            1    0.0000%  99.9999%
  [   150500,   151000)            1    0.0000%  99.9999%
  [   151500,   152000)            1    0.0000% 100.0000%
  [   153000,   153500)            1    0.0000% 100.0000%
  [   346500,   347000)            1    0.0000% 100.0000%
  [   347000,   347500)            1    0.0000% 100.0000%
  [   348500,   349000)            1    0.0000% 100.0000%
  [   351000,   351500)            1    0.0000% 100.0000%
  [   352000,   352500)            1    0.0000% 100.0000%
  [   354000,   354500)            1    0.0000% 100.0000%
  [   355500,   356000)            1    0.0000% 100.0000%
  [   357000,   357500)            2    0.0000% 100.0000%
  [   358000,   358500)            1    0.0000% 100.0000%
  [   363000,   363500)            1    0.0000% 100.0000%
  [   365000,   365500)            2    0.0000% 100.0000%
  [   365500,   366000)            1    0.0000% 100.0000%
  [   367000,   367500)            1    0.0000% 100.0000%
  [   368000,   368500)            1    0.0000% 100.0000%
  [   370500,   371000)            1    0.0000% 100.0000%
  [   372000,   372500)            1    0.0000% 100.0000%
  [   395500,   396000)            1    0.0000% 100.0000%
  [   999500, +inf)                   4    0.0000% 100.0000%

----- REMOTE OPERATIONS [node 0] -----
  ops total                = 49348753
  ops local  (cache hit)   = 0 (0.00%)
  ops remote (>=1 net op)  = 49348753 (100.00%)
  remote ops total         = 278166721
    rdma read              = 210319340
    rdma write             = 0
    rdma cas               = 0
    rpc pushdown           = 67847381
  remote ops / op          = 5.6368
  remote ops / remote op   = 5.6368

----- OFFLOADED TASKS [node 0] -----
  lookup pushdowns         = 0
  scan    pushdowns (RPC)  = 67847096
    kv pairs returned      = 1227499992
    leaves scanned remotely= 117196546
    kv / scan pushdown     = 18.09
    leaves / scan pushdown = 1.73
  per-thread breakdown (tid: lookups | scans | kv | leaves):
    t0             0 |    2075536 |   37535261 |    3584173
    t1             0 |    2093879 |   37880019 |    3616277
    t2             0 |    2118925 |   38334657 |    3659880
    t3             0 |    2098634 |   37979659 |    3625672
    t4             0 |    2131732 |   38576068 |    3682498
    t5             0 |    2117766 |   38302455 |    3657373
    t6             0 |    2131099 |   38562104 |    3681604
    t7             0 |    2106274 |   38101965 |    3638246
    t8             0 |    2147496 |   38860206 |    3710011
    t9             0 |    2114935 |   38276098 |    3653504
    t10            0 |    2136585 |   38654421 |    3690514
    t11            0 |    2111984 |   38202642 |    3647348
    t12            0 |    2125741 |   38456416 |    3672296
    t13            0 |    2106686 |   38115523 |    3640159
    t14            0 |    2141451 |   38745015 |    3698538
    t15            0 |    2097396 |   37949355 |    3623373
    t16            0 |    2145376 |   38803850 |    3704414
    t17            0 |    2104839 |   38078083 |    3635773
    t18            0 |    2128760 |   38521980 |    3678243
    t19            0 |    2101480 |   38016133 |    3629233
    t20            0 |    2138295 |   38692777 |    3693472
    t21            0 |    2111024 |   38188316 |    3646486
    t22            0 |    2136343 |   38649559 |    3691416
    t23            0 |    2114508 |   38254806 |    3652145
    t24            0 |    2146816 |   38848781 |    3708556
    t25            0 |    2113923 |   38246869 |    3652050
    t26            0 |    2146941 |   38841693 |    3709174
    t27            0 |    2102960 |   38045796 |    3631737
    t28            0 |    2138996 |   38698930 |    3695088
    t29            0 |    2116947 |   38289390 |    3654988
    t30            0 |    2132571 |   38594263 |    3684759
    t31            0 |    2111198 |   38196902 |    3647546

----- PATH-AWARE CACHE MISS RATE [node 0] -----
  node accesses (hit+miss) = 1425474049
  node cache hits          = 1215154802 (85.25%)
  MISS RATE                = 14.7543%  (210319247 / 1425474049)
  inner-node miss          = 142471866 (67.74% of misses, 9.9947% rate)
  leaf-node  miss          = 67847381 (32.26% of misses, 4.7596% rate)
  total miss               = 210319247
  cache writebacks         = 0
=========================================================================

Round 0 (max_throughput): 1.31713 Mops/s
Round 0 (straggler_throughput): 1.31712 Mops/s
Before barrier finish
Avg. rdma read time(ms) = 0
Avg. rdma write time(ms) = -nan
Avg. rdma read / op = 4.2619
Avg. rdma write / op = 0
Avg. rdma cas / op = 0
Avg. rdma rpc / op = 1.37486
Avg. all rdma / op = 5.63675
Avg. rdma read size/ op = 1921.52
Avg. rdma write size / op = 0
Avg. rdma RW size / op = 1921.52
------------------------------------------
Node 0 average throughput = 1.29784
Node 0 total throughput = 1.31713
All CN throughput (Max) = 1.31713
All CN throughput (Straggler) = 1.31712
Final throughput = 1.31712
------------------------------------------
