nodes 2, threads 36, mix R/I/U/S=100/0/0/0, uniform, bulk 50M warmup 10M op 30M, offload 100%, scan_range 100
[4mshared memory size: 64GB, 0x7feeda800000[0m
[4mrdma cache size: 4GB[0m
[4mMachine NR: 2[0m
[4mCompute server 1 start up [10.30.1.6]
[0m
I connect server 0
[CONFIG node 1] bulk load: bottom-up build, 8 keys per leaf, 14 children per inner node (CHIME_BULK_BUILD / CHIME_BUILD_LEAF_KEYS / CHIME_BUILD_INNER_FANOUT)
[CONFIG node 1] clients on this node: yes (CHIME_MN_CLIENTS)
[CONFIG node 1] leaf cache by key=1 owner=1 admit_push=0.10 granule=16 (CHIME_LEAF_BY_KEY / CHIME_LEAF_OWNER / CHIME_LEAF_ADMIT_PUSH / CHIME_LEAF_KEY_GRANULE)
[CONFIG node 1] scan path: from_cache=1 offload_always=0 (CHIME_SCAN_FROM_CACHE / CHIME_SCAN_OFFLOAD_ALWAYS)
[CONFIG node 1] push ops: both (CHIME_PUSH_OPS; applies only with offloading on)
[CACHE node 1] total=128 MB index=32 MB leaf=96 MB
[CONFIG node 1] dir threads = 16 (CHIME_DIR_THREADS, max 16) -- MUST match the other node
[CORES node 1] linear pinning: app threads -> CPUs 0..35, main -> 79, dir threads -> 79 (REV_DIR_CPUS)
[CONFIG] hotspot buffer + speculative read: off (CHIME_HOTSPOT; stock CHIME: on above 50 MB)
 ----- [LeafCache]: budget=96 MB -> 31211 sets x 8 ways = 249688 leaves (352 B/leaf, 96.0 MB) -----
 ----- [LeafCache]: by_key=1 (index 11.4 MB, granule 16 keys) owner=1 (no network check on a hit) admit_push=0.10 -----
workload generated: keyspace=50001000 bulk=50000000 warmup=9999972 op=29999988
[4mKey space set: keySpaceSize=50000000[0m
I am 36
I am 69
I am 38
I am 41
I am 44
I am 46
I am 45
I am 42
I am 47
I am 43
I am 50
I am 48
I am 49
I am 40
I am 51
I am 39
I am 37
I am 65
I am 54
I am 63
I am 64
I am 62
I am 66
I am 57
I am 58
I am 53
I am 55
I am 59
I am 60
I am 56
I am 61
I am 70
I am 71
I am 67
I am 68
I am 52
[build] leaves: 10% (625001/6250000)
[build] leaves: 20% (1250002/6250000)
[build] leaves: 30% (1875003/6250000)
[build] leaves: 40% (2500004/6250000)
[build] leaves: 50% (3125005/6250000)
[build] leaves: 60% (3750006/6250000)
[build] leaves: 70% (4375007/6250000)
[build] leaves: 80% (5000008/6250000)
[build] leaves: 90% (5625009/6250000)
[build] inner level 1: 446429 nodes
[build] inner level 2: 31888 nodes
[build] inner level 3: 2278 nodes
[build] inner level 4: 163 nodes
[build] inner level 5: 12 nodes
[build] inner level 6: 1 nodes
[build] done in 18.0s: height=7 leaves=6250000 inner_nodes=480771 (8 keys per leaf, 14 children per inner node)
[TREE] height=7 leaves=6250000 inner_nodes=480771 keys_per_leaf=8.00 inner_MB=153.6 leaf_MB=2104.0 total_MB=2257.6 (internal span 16, leaf span 16, node bytes inner=335 leaf=353)
node 1 warmup done in 36s
[INDEX] --- post-bulk-load cache occupancy (cache = 32 MB) ---
 ----- [TreeCache]:  cache size=32 MB free_size=-0.000 MB skiplist_node_cnt=480771 ----- 
consumed cache size = 32.000 MB
 ----- [IdxCache]:  cache size=0 MB free_size=0.000 MB ---- 
consumed hotspot buffer size = 0.000000 MB

 ----- [LeafCache]: capacity=249688 leaves resident=249688 (100.0% full, 83.8 MB) -----
[LEAFCACHE] hit=394156 miss=9605811 stale=0 fill=9605811 hit_pct=3.942 admit_pct=100.000 resident=249688 capacity=249688 budget_mb=96
[LEAFKEY] by_key=1 owner=1 admit_push=0.10 key_hits=6 push_admits=114
1, throughput 2.7259 Mops
1, throughput 2.7419 Mops
1, throughput 2.7595 Mops
1, throughput 2.7589 Mops
1, throughput 2.7585 Mops
1, throughput 2.7608 Mops
1, throughput 2.7588 Mops
1, throughput 2.7620 Mops
1, throughput 2.7616 Mops
1, throughput 2.7599 Mops
1, throughput 2.7629 Mops
1, throughput 2.7692 Mops
1, throughput 2.7697 Mops
1, throughput 2.7705 Mops
1, throughput 2.7693 Mops
1, throughput 2.7730 Mops
1, throughput 2.7711 Mops
1, throughput 2.7718 Mops
1, throughput 2.7678 Mops
1, throughput 2.7681 Mops
1, throughput 2.7708 Mops
1, throughput 1.9763 Mops
1, throughput 0.0007 Mops
[RESULT node 1] ops=29999988 elapsed=11.006s throughput=2.7258 Mops mode=op-bounded
[RDMA node 1] ops=29999988 posts=44403504 read_wr=37554221 read_bytes=3066078823 write_wr=0 write_bytes=0 atomic_wr=0 send_wr=23165773 send_bytes=949796693
[RDMA node 1] per_op: round_trips=1.4801 reads=1.2518 writes=0.0000 atomics=0.0000 sends=0.7722 verbs=2.0240 bytes=133.9

==================== LATENCY BUCKETS (500 ns) [node 1] ====================
[LOOKUP]
  ALL                n=29999988   mean=   12.96us  p50=  13.00us  p90=  17.00us  p99=  26.00us  p99.9=  30.00us  max>=303.00us
  DIRECT (1-sided)   n=6834215    mean=   12.05us  p50=  13.50us  p90=  16.50us  p99=  20.00us  p99.9=  24.00us  max>=253.50us
  OFFLOAD (rpc)      n=23165773   mean=   13.23us  p50=  13.00us  p90=  18.50us  p99=  26.50us  p99.9=  30.00us  max>=303.00us
[ALL OPS]
  ALL                n=29999988   mean=   12.96us  p50=  13.00us  p90=  17.00us  p99=  26.00us  p99.9=  30.00us  max>=303.00us
  DIRECT (1-sided)   n=6834215    mean=   12.05us  p50=  13.50us  p90=  16.50us  p99=  20.00us  p99.9=  24.00us  max>=253.50us
  OFFLOAD (rpc)      n=23165773   mean=   13.23us  p50=  13.00us  p90=  18.50us  p99=  26.50us  p99.9=  30.00us  max>=303.00us

----- 500 ns bucket CDF (all ops) [node 1] -----
  bucket [lo,hi) ns             count        pct       cdf
  [        0,      500)           29    0.0001%   0.0001%
  [      500,     1000)       114510    0.3817%   0.3818%
  [     1000,     1500)       490178    1.6339%   2.0157%
  [     1500,     2000)       250551    0.8352%   2.8509%
  [     2000,     2500)        55485    0.1850%   3.0358%
  [     2500,     3000)         9629    0.0321%   3.0679%
  [     3000,     3500)         2919    0.0097%   3.0777%
  [     3500,     4000)         3147    0.0105%   3.0882%
  [     4000,     4500)         3959    0.0132%   3.1014%
  [     4500,     5000)         6054    0.0202%   3.1215%
  [     5000,     5500)         6996    0.0233%   3.1449%
  [     5500,     6000)         7195    0.0240%   3.1688%
  [     6000,     6500)         6535    0.0218%   3.1906%
  [     6500,     7000)         9441    0.0315%   3.2221%
  [     7000,     7500)        38708    0.1290%   3.3511%
  [     7500,     8000)       161487    0.5383%   3.8894%
  [     8000,     8500)       462397    1.5413%   5.4307%
  [     8500,     9000)       923679    3.0789%   8.5097%
  [     9000,     9500)      1354343    4.5145%  13.0241%
  [     9500,    10000)      1553741    5.1791%  18.2033%
  [    10000,    10500)      1508673    5.0289%  23.2322%
  [    10500,    11000)      1377987    4.5933%  27.8255%
  [    11000,    11500)      1354344    4.5145%  32.3400%
  [    11500,    12000)      1565862    5.2195%  37.5595%
  [    12000,    12500)      1976744    6.5891%  44.1487%
  [    12500,    13000)      2380828    7.9361%  52.0848%
  [    13000,    13500)      2562007    8.5400%  60.6248%
  [    13500,    14000)      2429876    8.0996%  68.7244%
  [    14000,    14500)      2048512    6.8284%  75.5528%
  [    14500,    15000)      1576567    5.2552%  80.8080%
  [    15000,    15500)      1130698    3.7690%  84.5770%
  [    15500,    16000)       776172    2.5872%  87.1642%
  [    16000,    16500)       522042    1.7401%  88.9044%
  [    16500,    17000)       353351    1.1778%  90.0822%
  [    17000,    17500)       253064    0.8435%  90.9257%
  [    17500,    18000)       199465    0.6649%  91.5906%
  [    18000,    18500)       171686    0.5723%  92.1629%
  [    18500,    19000)       159364    0.5312%  92.6941%
  [    19000,    19500)       153781    0.5126%  93.2067%
  [    19500,    20000)       152466    0.5082%  93.7149%
  [    20000,    20500)       153127    0.5104%  94.2254%
  [    20500,    21000)       155825    0.5194%  94.7448%
  [    21000,    21500)       159116    0.5304%  95.2752%
  [    21500,    22000)       161615    0.5387%  95.8139%
  [    22000,    22500)       163167    0.5439%  96.3578%
  [    22500,    23000)       160403    0.5347%  96.8925%
  [    23000,    23500)       154115    0.5137%  97.4062%
  [    23500,    24000)       142403    0.4747%  97.8808%
  [    24000,    24500)       126672    0.4222%  98.3031%
  [    24500,    25000)       109383    0.3646%  98.6677%
  [    25000,    25500)        90976    0.3033%  98.9710%
  [    25500,    26000)        73761    0.2459%  99.2168%
  [    26000,    26500)        57582    0.1919%  99.4088%
  [    26500,    27000)        44723    0.1491%  99.5578%
  [    27000,    27500)        34030    0.1134%  99.6713%
  [    27500,    28000)        25468    0.0849%  99.7562%
  [    28000,    28500)        18584    0.0619%  99.8181%
  [    28500,    29000)        14092    0.0470%  99.8651%
  [    29000,    29500)        10169    0.0339%  99.8990%
  [    29500,    30000)         7701    0.0257%  99.9247%
  [    30000,    30500)         5755    0.0192%  99.9438%
  [    30500,    31000)         4270    0.0142%  99.9581%
  [    31000,    31500)         3074    0.0102%  99.9683%
  [    31500,    32000)         2240    0.0075%  99.9758%
  [    32000,    32500)         1672    0.0056%  99.9814%
  [    32500,    33000)         1241    0.0041%  99.9855%
  [    33000,    33500)          952    0.0032%  99.9887%
  [    33500,    34000)          756    0.0025%  99.9912%
  [    34000,    34500)          488    0.0016%  99.9928%
  [    34500,    35000)          399    0.0013%  99.9941%
  [    35000,    35500)          298    0.0010%  99.9951%
  [    35500,    36000)          233    0.0008%  99.9959%
  [    36000,    36500)          177    0.0006%  99.9965%
  [    36500,    37000)          145    0.0005%  99.9970%
  [    37000,    37500)          101    0.0003%  99.9973%
  [    37500,    38000)           94    0.0003%  99.9976%
  [    38000,    38500)           70    0.0002%  99.9979%
  [    38500,    39000)           57    0.0002%  99.9981%
  [    39000,    39500)           63    0.0002%  99.9983%
  [    39500,    40000)           37    0.0001%  99.9984%
  [    40000,    40500)           37    0.0001%  99.9985%
  [    40500,    41000)           24    0.0001%  99.9986%
  [    41000,    41500)           14    0.0000%  99.9986%
  [    41500,    42000)           20    0.0001%  99.9987%
  [    42000,    42500)           12    0.0000%  99.9987%
  [    42500,    43000)           12    0.0000%  99.9988%
  [    43000,    43500)           10    0.0000%  99.9988%
  [    43500,    44000)            7    0.0000%  99.9988%
  [    44000,    44500)            7    0.0000%  99.9989%
  [    44500,    45000)            9    0.0000%  99.9989%
  [    45000,    45500)            8    0.0000%  99.9989%
  [    45500,    46000)            8    0.0000%  99.9990%
  [    46000,    46500)            2    0.0000%  99.9990%
  [    46500,    47000)            4    0.0000%  99.9990%
  [    47000,    47500)            9    0.0000%  99.9990%
  [    47500,    48000)           10    0.0000%  99.9990%
  [    48000,    48500)            5    0.0000%  99.9991%
  [    48500,    49000)           14    0.0000%  99.9991%
  [    49000,    49500)            1    0.0000%  99.9991%
  [    49500,    50000)            6    0.0000%  99.9991%
  [    50000,    50500)            2    0.0000%  99.9991%
  [    50500,    51000)            4    0.0000%  99.9991%
  [    51000,    51500)            2    0.0000%  99.9991%
  [    51500,    52000)            6    0.0000%  99.9992%
  [    52000,    52500)            8    0.0000%  99.9992%
  [    52500,    53000)            7    0.0000%  99.9992%
  [    53000,    53500)            4    0.0000%  99.9992%
  [    53500,    54000)            8    0.0000%  99.9993%
  [    54000,    54500)            3    0.0000%  99.9993%
  [    54500,    55000)            4    0.0000%  99.9993%
  [    55000,    55500)            4    0.0000%  99.9993%
  [    55500,    56000)            3    0.0000%  99.9993%
  [    56000,    56500)            6    0.0000%  99.9993%
  [    56500,    57000)            8    0.0000%  99.9994%
  [    57000,    57500)            4    0.0000%  99.9994%
  [    57500,    58000)            3    0.0000%  99.9994%
  [    58000,    58500)            4    0.0000%  99.9994%
  [    58500,    59000)            4    0.0000%  99.9994%
  [    59000,    59500)            3    0.0000%  99.9994%
  [    59500,    60000)            3    0.0000%  99.9994%
  [    60000,    60500)            2    0.0000%  99.9994%
  [    60500,    61000)            2    0.0000%  99.9994%
  [    61000,    61500)            5    0.0000%  99.9995%
  [    61500,    62000)            4    0.0000%  99.9995%
  [    62000,    62500)            4    0.0000%  99.9995%
  [    62500,    63000)            2    0.0000%  99.9995%
  [    63000,    63500)            1    0.0000%  99.9995%
  [    64000,    64500)            1    0.0000%  99.9995%
  [    64500,    65000)            3    0.0000%  99.9995%
  [    65000,    65500)            1    0.0000%  99.9995%
  [    65500,    66000)            2    0.0000%  99.9995%
  [    66000,    66500)            1    0.0000%  99.9995%
  [    66500,    67000)            2    0.0000%  99.9995%
  [    67000,    67500)            4    0.0000%  99.9995%
  [    67500,    68000)            2    0.0000%  99.9995%
  [    68000,    68500)            4    0.0000%  99.9996%
  [    68500,    69000)            2    0.0000%  99.9996%
  [    69000,    69500)            3    0.0000%  99.9996%
  [    69500,    70000)            3    0.0000%  99.9996%
  [    70000,    70500)            4    0.0000%  99.9996%
  [    70500,    71000)            3    0.0000%  99.9996%
  [    71000,    71500)            7    0.0000%  99.9996%
  [    71500,    72000)            1    0.0000%  99.9996%
  [    72000,    72500)            2    0.0000%  99.9996%
  [    72500,    73000)            1    0.0000%  99.9996%
  [    74000,    74500)            1    0.0000%  99.9996%
  [    74500,    75000)            1    0.0000%  99.9996%
  [    75000,    75500)            2    0.0000%  99.9997%
  [    75500,    76000)            5    0.0000%  99.9997%
  [    76000,    76500)            1    0.0000%  99.9997%
  [    76500,    77000)            1    0.0000%  99.9997%
  [    77000,    77500)            1    0.0000%  99.9997%
  [    77500,    78000)            2    0.0000%  99.9997%
  [    78000,    78500)            1    0.0000%  99.9997%
  [    78500,    79000)            3    0.0000%  99.9997%
  [    79000,    79500)            2    0.0000%  99.9997%
  [    79500,    80000)            2    0.0000%  99.9997%
  [    80000,    80500)            1    0.0000%  99.9997%
  [    82500,    83000)            1    0.0000%  99.9997%
  [    83000,    83500)            2    0.0000%  99.9997%
  [    83500,    84000)            1    0.0000%  99.9997%
  [    84500,    85000)            2    0.0000%  99.9997%
  [    85000,    85500)            2    0.0000%  99.9997%
  [    85500,    86000)            1    0.0000%  99.9997%
  [    86500,    87000)            1    0.0000%  99.9998%
  [    87000,    87500)            1    0.0000%  99.9998%
  [    87500,    88000)            3    0.0000%  99.9998%
  [    88500,    89000)            3    0.0000%  99.9998%
  [    89000,    89500)            3    0.0000%  99.9998%
  [    89500,    90000)            1    0.0000%  99.9998%
  [    91000,    91500)            4    0.0000%  99.9998%
  [    92500,    93000)            2    0.0000%  99.9998%
  [    93500,    94000)            1    0.0000%  99.9998%
  [    94000,    94500)            1    0.0000%  99.9998%
  [    95500,    96000)            1    0.0000%  99.9998%
  [    97000,    97500)            3    0.0000%  99.9998%
  [   105000,   105500)            1    0.0000%  99.9998%
  [   105500,   106000)            1    0.0000%  99.9998%
  [   108500,   109000)            1    0.0000%  99.9998%
  [   109500,   110000)            1    0.0000%  99.9998%
  [   116000,   116500)            1    0.0000%  99.9998%
  [   124000,   124500)            1    0.0000%  99.9998%
  [   135500,   136000)            1    0.0000%  99.9999%
  [   139500,   140000)            1    0.0000%  99.9999%
  [   142500,   143000)            1    0.0000%  99.9999%
  [   150000,   150500)            1    0.0000%  99.9999%
  [   181000,   181500)            1    0.0000%  99.9999%
  [   203500,   204000)            1    0.0000%  99.9999%
  [   222500,   223000)            1    0.0000%  99.9999%
  [   233500,   234000)            2    0.0000%  99.9999%
  [   235000,   235500)            1    0.0000%  99.9999%
  [   236000,   236500)            1    0.0000%  99.9999%
  [   238500,   239000)            1    0.0000%  99.9999%
  [   240000,   240500)            1    0.0000%  99.9999%
  [   240500,   241000)            2    0.0000%  99.9999%
  [   242000,   242500)            1    0.0000%  99.9999%
  [   242500,   243000)            1    0.0000%  99.9999%
  [   243000,   243500)            2    0.0000%  99.9999%
  [   244000,   244500)            2    0.0000%  99.9999%
  [   246000,   246500)            1    0.0000%  99.9999%
  [   246500,   247000)            2    0.0000%  99.9999%
  [   249000,   249500)            2    0.0000%  99.9999%
  [   250000,   250500)            1    0.0000%  99.9999%
  [   252000,   252500)            1    0.0000%  99.9999%
  [   252500,   253000)            1    0.0000%  99.9999%
  [   253000,   253500)            2    0.0000% 100.0000%
  [   254500,   255000)            1    0.0000% 100.0000%
  [   255000,   255500)            1    0.0000% 100.0000%
  [   257000,   257500)            1    0.0000% 100.0000%
  [   261000,   261500)            1    0.0000% 100.0000%
  [   261500,   262000)            2    0.0000% 100.0000%
  [   263500,   264000)            1    0.0000% 100.0000%
  [   264000,   264500)            1    0.0000% 100.0000%
  [   267500,   268000)            1    0.0000% 100.0000%
  [   280000,   280500)            1    0.0000% 100.0000%
  [   297500,   298000)            1    0.0000% 100.0000%
  [   298500,   299000)            1    0.0000% 100.0000%
  [   301000,   301500)            1    0.0000% 100.0000%
  [   302500,   303000)            1    0.0000% 100.0000%

----- OFFLOADED TASKS [node 1] -----
  ops total                = 29999988
  ops direct (1-sided)     = 6834215 (22.78%)
  ops offload (rpc)        = 23165773 (77.22%)
  lookup pushdowns         = 23165773
  scan   pushdowns (RPC)   = 0
    kv pairs returned      = 0
    leaves scanned remotely= 0
    kv / scan pushdown     = 0.00
    leaves / scan pushdown = 0.00
=========================================================================

[CORRECTNESS node 1] lookup found 29999425 / 29999988 = 99.9981%
[READPATH node 1] lookups=29999988  index-cache hit=50.0%  per lookup: leaf=0.197 speculative=0.000 (right 0.0%) hop-reads=0.000 (two-segment 0.000) retries=0.000 invalid=0.000 sibling=0.000  => est. leaf round trips/lookup=0.000
 ----- [LeafCache]: capacity=249688 leaves resident=249688 (100.0% full, 83.8 MB) -----
[LEAFCACHE] hit=969852 miss=5864344 stale=0 fill=8158245 hit_pct=14.191 admit_pct=139.116 resident=249688 capacity=249688 budget_mb=96
[LEAFKEY] by_key=1 owner=1 admit_push=0.10 key_hits=933093 push_admits=2293901

----- PER-LEVEL CACHE HITS [node 1] (lookups; level 0 = leaf) -----
[LEVEL] level=0 hits=969852 misses=29030117 hit_rate=0.0323
[LEVEL] level=1 hits=5901103 misses=23165773 hit_rate=0.2030
[LEVEL] level=2 hits=15805523 misses=13261353 hit_rate=0.5438
[LEVEL] level=3 hits=15986075 misses=13080801 hit_rate=0.5500
[LEVEL] level=4 hits=15987390 misses=13079486 hit_rate=0.5500
[LEVEL] level=5 hits=15987390 misses=13079486 hit_rate=0.5500
[LEVEL] level=6 hits=15987390 misses=13079486 hit_rate=0.5500
[KIND node 1] lookups=29999969 inner_visits=174401256 inner_hits=85654871 inner_hit_pct=49.11 leaf_visits=29999969 leaf_hits=969852 leaf_hit_pct=3.23
[END]
