nodes 2, threads 36, mix R/I/U/S=100/0/0/0, uniform, bulk 50M warmup 10M op 30M, offload 100%, scan_range 100
[4mshared memory size: 64GB, 0x7feeda800000[0m
[4mrdma cache size: 4GB[0m
[4mMachine NR: 2[0m
[4mCompute server 1 start up [10.30.1.6]
[0m
I connect server 0
[CONFIG node 1] bulk load: bottom-up build, 8 keys per leaf, 6 children per inner node (CHIME_BULK_BUILD / CHIME_BUILD_LEAF_KEYS / CHIME_BUILD_INNER_FANOUT)
[CONFIG node 1] clients on this node: yes (CHIME_MN_CLIENTS)
[CONFIG node 1] scan path: from_cache=1 offload_always=0 (CHIME_SCAN_FROM_CACHE / CHIME_SCAN_OFFLOAD_ALWAYS)
[CONFIG node 1] push ops: both (CHIME_PUSH_OPS; applies only with offloading on)
[CACHE node 1] total=128 MB index=128 MB leaf=0 MB
[CONFIG node 1] dir threads = 16 (CHIME_DIR_THREADS, max 16) -- MUST match the other node
[CORES node 1] linear pinning: app threads -> CPUs 0..35, main -> 79, dir threads -> 79 (REV_DIR_CPUS)
[CONFIG] hotspot buffer + speculative read: off (CHIME_HOTSPOT; stock CHIME: on above 50 MB)
workload generated: keyspace=50001000 bulk=50000000 warmup=9999972 op=29999988
[4mKey space set: keySpaceSize=50000000[0m
I am 36
I am 67
I am 39
I am 43
I am 42
I am 40
I am 41
I am 53
I am 45
I am 54
I am 37
I am 51
I am 60
I am 56
I am 57
I am 55
I am 58
I am 52
I am 38
I am 61
I am 59
I am 47
I am 49
I am 46
I am 48
I am 50
I am 70
I am 64
I am 68
I am 65
I am 62
I am 69
I am 71
I am 63
I am 66
I am 44
[build] leaves: 10% (625001/6250000)
[build] leaves: 20% (1250002/6250000)
[build] leaves: 30% (1875003/6250000)
[build] leaves: 40% (2500004/6250000)
[build] leaves: 50% (3125005/6250000)
[build] leaves: 60% (3750006/6250000)
[build] leaves: 70% (4375007/6250000)
[build] leaves: 80% (5000008/6250000)
[build] leaves: 90% (5625009/6250000)
[build] inner level 1: 1041667 nodes
[build] inner level 2: 173611 nodes
[build] inner level 3: 28935 nodes
[build] inner level 4: 4823 nodes
[build] inner level 5: 804 nodes
[build] inner level 6: 134 nodes
[build] inner level 7: 23 nodes
[build] inner level 8: 4 nodes
[build] inner level 9: 1 nodes
[build] done in 18.9s: height=10 leaves=6250000 inner_nodes=1250002 (8 keys per leaf, 6 children per inner node)
[TREE] height=10 leaves=6250000 inner_nodes=1250002 keys_per_leaf=8.00 inner_MB=399.4 leaf_MB=2104.0 total_MB=2503.4 (internal span 16, leaf span 16, node bytes inner=335 leaf=353)
node 1 warmup done in 29s
[INDEX] --- post-bulk-load cache occupancy (cache = 128 MB) ---
 ----- [TreeCache]:  cache size=128 MB free_size=0.000 MB skiplist_node_cnt=1249916 ----- 
consumed cache size = 128.000 MB
 ----- [IdxCache]:  cache size=0 MB free_size=0.000 MB ---- 
consumed hotspot buffer size = 0.000000 MB

[LEAFCACHE] off
1, throughput 4.1801 Mops
1, throughput 4.1979 Mops
1, throughput 4.2023 Mops
1, throughput 4.2029 Mops
1, throughput 4.2543 Mops
1, throughput 4.2520 Mops
1, throughput 4.2549 Mops
1, throughput 4.2547 Mops
1, throughput 4.2537 Mops
1, throughput 4.2552 Mops
1, throughput 4.2574 Mops
1, throughput 4.2282 Mops
1, throughput 4.2036 Mops
1, throughput 4.2513 Mops
1, throughput 0.7405 Mops
[RESULT node 1] ops=29999988 elapsed=7.169s throughput=4.1846 Mops mode=op-bounded
[RDMA node 1] ops=29999988 posts=35713090 read_wr=38279746 read_bytes=3773042664 write_wr=0 write_bytes=0 atomic_wr=0 send_wr=7341396 send_bytes=300997236
[RDMA node 1] per_op: round_trips=1.1904 reads=1.2760 writes=0.0000 atomics=0.0000 sends=0.2447 verbs=1.5207 bytes=135.8

==================== LATENCY BUCKETS (500 ns) [node 1] ====================
[LOOKUP]
  ALL                n=29999988   mean=    8.45us  p50=   8.00us  p90=  12.50us  p99=  15.00us  p99.9=  18.00us  max>=292.50us
  DIRECT (1-sided)   n=22658592   mean=    7.32us  p50=   7.50us  p90=   9.50us  p99=  11.50us  p99.9=  14.00us  max>=279.50us
  OFFLOAD (rpc)      n=7341396    mean=   11.93us  p50=  12.50us  p90=  14.50us  p99=  16.50us  p99.9=  19.50us  max>=292.50us
[ALL OPS]
  ALL                n=29999988   mean=    8.45us  p50=   8.00us  p90=  12.50us  p99=  15.00us  p99.9=  18.00us  max>=292.50us
  DIRECT (1-sided)   n=22658592   mean=    7.32us  p50=   7.50us  p90=   9.50us  p99=  11.50us  p99.9=  14.00us  max>=279.50us
  OFFLOAD (rpc)      n=7341396    mean=   11.93us  p50=  12.50us  p90=  14.50us  p99=  16.50us  p99.9=  19.50us  max>=292.50us

----- 500 ns bucket CDF (all ops) [node 1] -----
  bucket [lo,hi) ns             count        pct       cdf
  [     1000,     1500)            2    0.0000%   0.0000%
  [     1500,     2000)            2    0.0000%   0.0000%
  [     2000,     2500)            3    0.0000%   0.0000%
  [     2500,     3000)            2    0.0000%   0.0000%
  [     3000,     3500)            1    0.0000%   0.0000%
  [     3500,     4000)          392    0.0013%   0.0013%
  [     4000,     4500)        23375    0.0779%   0.0793%
  [     4500,     5000)       282168    0.9406%   1.0198%
  [     5000,     5500)      1175104    3.9170%   4.9368%
  [     5500,     6000)      2420214    8.0674%  13.0042%
  [     6000,     6500)      3082177   10.2739%  23.2781%
  [     6500,     7000)      3047974   10.1599%  33.4381%
  [     7000,     7500)      3013001   10.0433%  43.4814%
  [     7500,     8000)      3043120   10.1437%  53.6251%
  [     8000,     8500)      2751349    9.1712%  62.7963%
  [     8500,     9000)      2105601    7.0187%  69.8150%
  [     9000,     9500)      1394575    4.6486%  74.4636%
  [     9500,    10000)       850978    2.8366%  77.3002%
  [    10000,    10500)       557172    1.8572%  79.1574%
  [    10500,    11000)       538071    1.7936%  80.9510%
  [    11000,    11500)       728653    2.4288%  83.3798%
  [    11500,    12000)       964169    3.2139%  86.5937%
  [    12000,    12500)      1057615    3.5254%  90.1191%
  [    12500,    13000)       957817    3.1927%  93.3118%
  [    13000,    13500)       739669    2.4656%  95.7774%
  [    13500,    14000)       503555    1.6785%  97.4559%
  [    14000,    14500)       312624    1.0421%  98.4980%
  [    14500,    15000)       182758    0.6092%  99.1072%
  [    15000,    15500)       104630    0.3488%  99.4559%
  [    15500,    16000)        60216    0.2007%  99.6567%
  [    16000,    16500)        35778    0.1193%  99.7759%
  [    16500,    17000)        22383    0.0746%  99.8505%
  [    17000,    17500)        14612    0.0487%  99.8992%
  [    17500,    18000)         9759    0.0325%  99.9318%
  [    18000,    18500)         6604    0.0220%  99.9538%
  [    18500,    19000)         4376    0.0146%  99.9684%
  [    19000,    19500)         2785    0.0093%  99.9777%
  [    19500,    20000)         1810    0.0060%  99.9837%
  [    20000,    20500)         1252    0.0042%  99.9879%
  [    20500,    21000)          905    0.0030%  99.9909%
  [    21000,    21500)          554    0.0018%  99.9927%
  [    21500,    22000)          412    0.0014%  99.9941%
  [    22000,    22500)          274    0.0009%  99.9950%
  [    22500,    23000)          217    0.0007%  99.9957%
  [    23000,    23500)          162    0.0005%  99.9963%
  [    23500,    24000)          121    0.0004%  99.9967%
  [    24000,    24500)           85    0.0003%  99.9970%
  [    24500,    25000)           82    0.0003%  99.9972%
  [    25000,    25500)           77    0.0003%  99.9975%
  [    25500,    26000)           57    0.0002%  99.9977%
  [    26000,    26500)           47    0.0002%  99.9978%
  [    26500,    27000)           49    0.0002%  99.9980%
  [    27000,    27500)           43    0.0001%  99.9981%
  [    27500,    28000)           42    0.0001%  99.9983%
  [    28000,    28500)           30    0.0001%  99.9984%
  [    28500,    29000)           34    0.0001%  99.9985%
  [    29000,    29500)           22    0.0001%  99.9986%
  [    29500,    30000)           17    0.0001%  99.9986%
  [    30000,    30500)           24    0.0001%  99.9987%
  [    30500,    31000)           14    0.0000%  99.9988%
  [    31000,    31500)           16    0.0001%  99.9988%
  [    31500,    32000)           18    0.0001%  99.9989%
  [    32000,    32500)           14    0.0000%  99.9989%
  [    32500,    33000)            6    0.0000%  99.9989%
  [    33000,    33500)           14    0.0000%  99.9990%
  [    33500,    34000)           12    0.0000%  99.9990%
  [    34000,    34500)            9    0.0000%  99.9990%
  [    34500,    35000)            2    0.0000%  99.9991%
  [    35000,    35500)            5    0.0000%  99.9991%
  [    35500,    36000)            6    0.0000%  99.9991%
  [    36000,    36500)            7    0.0000%  99.9991%
  [    36500,    37000)            5    0.0000%  99.9991%
  [    37000,    37500)            1    0.0000%  99.9991%
  [    37500,    38000)            3    0.0000%  99.9991%
  [    38000,    38500)            3    0.0000%  99.9992%
  [    38500,    39000)            7    0.0000%  99.9992%
  [    39000,    39500)            2    0.0000%  99.9992%
  [    39500,    40000)            2    0.0000%  99.9992%
  [    40000,    40500)            1    0.0000%  99.9992%
  [    40500,    41000)            4    0.0000%  99.9992%
  [    41000,    41500)            4    0.0000%  99.9992%
  [    41500,    42000)            3    0.0000%  99.9992%
  [    42000,    42500)            6    0.0000%  99.9993%
  [    42500,    43000)            2    0.0000%  99.9993%
  [    43000,    43500)            2    0.0000%  99.9993%
  [    43500,    44000)            1    0.0000%  99.9993%
  [    44000,    44500)            6    0.0000%  99.9993%
  [    44500,    45000)            3    0.0000%  99.9993%
  [    45000,    45500)            4    0.0000%  99.9993%
  [    45500,    46000)            1    0.0000%  99.9993%
  [    46500,    47000)            7    0.0000%  99.9993%
  [    47000,    47500)            2    0.0000%  99.9993%
  [    47500,    48000)            3    0.0000%  99.9994%
  [    48000,    48500)            4    0.0000%  99.9994%
  [    48500,    49000)            4    0.0000%  99.9994%
  [    49000,    49500)            6    0.0000%  99.9994%
  [    49500,    50000)            6    0.0000%  99.9994%
  [    50000,    50500)            6    0.0000%  99.9994%
  [    50500,    51000)            4    0.0000%  99.9995%
  [    51000,    51500)            5    0.0000%  99.9995%
  [    51500,    52000)            5    0.0000%  99.9995%
  [    52000,    52500)            2    0.0000%  99.9995%
  [    53000,    53500)            5    0.0000%  99.9995%
  [    53500,    54000)            3    0.0000%  99.9995%
  [    54500,    55000)            3    0.0000%  99.9995%
  [    55000,    55500)            2    0.0000%  99.9995%
  [    55500,    56000)            3    0.0000%  99.9995%
  [    56000,    56500)            1    0.0000%  99.9996%
  [    56500,    57000)            2    0.0000%  99.9996%
  [    57000,    57500)            2    0.0000%  99.9996%
  [    57500,    58000)            3    0.0000%  99.9996%
  [    58000,    58500)            3    0.0000%  99.9996%
  [    58500,    59000)            2    0.0000%  99.9996%
  [    59000,    59500)            2    0.0000%  99.9996%
  [    59500,    60000)            1    0.0000%  99.9996%
  [    60000,    60500)            2    0.0000%  99.9996%
  [    60500,    61000)            4    0.0000%  99.9996%
  [    61000,    61500)            2    0.0000%  99.9996%
  [    61500,    62000)            7    0.0000%  99.9997%
  [    62000,    62500)            2    0.0000%  99.9997%
  [    62500,    63000)            1    0.0000%  99.9997%
  [    63000,    63500)            3    0.0000%  99.9997%
  [    63500,    64000)            1    0.0000%  99.9997%
  [    64000,    64500)            3    0.0000%  99.9997%
  [    64500,    65000)            3    0.0000%  99.9997%
  [    65000,    65500)            1    0.0000%  99.9997%
  [    65500,    66000)            2    0.0000%  99.9997%
  [    66000,    66500)            3    0.0000%  99.9997%
  [    66500,    67000)            3    0.0000%  99.9997%
  [    67000,    67500)            2    0.0000%  99.9997%
  [    67500,    68000)            4    0.0000%  99.9997%
  [    68000,    68500)            1    0.0000%  99.9997%
  [    68500,    69000)            1    0.0000%  99.9998%
  [    69000,    69500)            3    0.0000%  99.9998%
  [    70000,    70500)            1    0.0000%  99.9998%
  [    70500,    71000)            2    0.0000%  99.9998%
  [    71500,    72000)            1    0.0000%  99.9998%
  [    72500,    73000)            1    0.0000%  99.9998%
  [    73000,    73500)            1    0.0000%  99.9998%
  [    76500,    77000)            1    0.0000%  99.9998%
  [    77000,    77500)            1    0.0000%  99.9998%
  [    79000,    79500)            2    0.0000%  99.9998%
  [    79500,    80000)            1    0.0000%  99.9998%
  [    80500,    81000)            1    0.0000%  99.9998%
  [    81500,    82000)            1    0.0000%  99.9998%
  [    82000,    82500)            2    0.0000%  99.9998%
  [    82500,    83000)            1    0.0000%  99.9998%
  [    83000,    83500)            1    0.0000%  99.9998%
  [    85000,    85500)            2    0.0000%  99.9998%
  [    85500,    86000)            3    0.0000%  99.9998%
  [    86000,    86500)            2    0.0000%  99.9998%
  [    86500,    87000)            2    0.0000%  99.9998%
  [    87000,    87500)            1    0.0000%  99.9999%
  [    87500,    88000)            2    0.0000%  99.9999%
  [    89000,    89500)            2    0.0000%  99.9999%
  [    90000,    90500)            1    0.0000%  99.9999%
  [    90500,    91000)            1    0.0000%  99.9999%
  [    91500,    92000)            1    0.0000%  99.9999%
  [    94000,    94500)            1    0.0000%  99.9999%
  [    96500,    97000)            1    0.0000%  99.9999%
  [    97500,    98000)            1    0.0000%  99.9999%
  [   100500,   101000)            1    0.0000%  99.9999%
  [   117000,   117500)            1    0.0000%  99.9999%
  [   119000,   119500)            1    0.0000%  99.9999%
  [   122500,   123000)            1    0.0000%  99.9999%
  [   128500,   129000)            1    0.0000%  99.9999%
  [   142000,   142500)            1    0.0000%  99.9999%
  [   148000,   148500)            1    0.0000%  99.9999%
  [   153000,   153500)            1    0.0000%  99.9999%
  [   156500,   157000)            1    0.0000%  99.9999%
  [   159500,   160000)            1    0.0000%  99.9999%
  [   162500,   163000)            1    0.0000%  99.9999%
  [   164500,   165000)            1    0.0000%  99.9999%
  [   166000,   166500)            1    0.0000%  99.9999%
  [   167500,   168000)            1    0.0000%  99.9999%
  [   177000,   177500)            1    0.0000%  99.9999%
  [   193000,   193500)            1    0.0000%  99.9999%
  [   219500,   220000)            1    0.0000%  99.9999%
  [   236000,   236500)            1    0.0000%  99.9999%
  [   244000,   244500)            1    0.0000%  99.9999%
  [   247500,   248000)            1    0.0000% 100.0000%
  [   250000,   250500)            1    0.0000% 100.0000%
  [   251000,   251500)            1    0.0000% 100.0000%
  [   254000,   254500)            1    0.0000% 100.0000%
  [   254500,   255000)            1    0.0000% 100.0000%
  [   255500,   256000)            1    0.0000% 100.0000%
  [   263000,   263500)            1    0.0000% 100.0000%
  [   265000,   265500)            1    0.0000% 100.0000%
  [   268000,   268500)            1    0.0000% 100.0000%
  [   274000,   274500)            1    0.0000% 100.0000%
  [   279000,   279500)            1    0.0000% 100.0000%
  [   281000,   281500)            1    0.0000% 100.0000%
  [   282500,   283000)            1    0.0000% 100.0000%
  [   287500,   288000)            1    0.0000% 100.0000%
  [   292000,   292500)            1    0.0000% 100.0000%

----- OFFLOADED TASKS [node 1] -----
  ops total                = 29999988
  ops direct (1-sided)     = 22658592 (75.53%)
  ops offload (rpc)        = 7341396 (24.47%)
  lookup pushdowns         = 7341396
  scan   pushdowns (RPC)   = 0
    kv pairs returned      = 0
    leaves scanned remotely= 0
    kv / scan pushdown     = 0.00
    leaves / scan pushdown = 0.00
=========================================================================

[CORRECTNESS node 1] lookup found 29999397 / 29999988 = 99.9980%
[READPATH node 1] lookups=29999988  index-cache hit=80.4%  per lookup: leaf=0.755 speculative=0.000 (right 0.0%) hop-reads=0.755 (two-segment 0.330) retries=0.000 invalid=0.000 sibling=0.000  => est. leaf round trips/lookup=0.755
[LEAFCACHE] off

----- PER-LEVEL CACHE HITS [node 1] (lookups; level 0 = leaf) -----
[LEVEL] level=0 hits=0 misses=29999967 hit_rate=0.0000
[LEVEL] level=1 hits=22658571 misses=7341396 hit_rate=0.7553
[LEVEL] level=2 hits=24220637 misses=5779330 hit_rate=0.8074
[LEVEL] level=3 hits=24285573 misses=5714394 hit_rate=0.8095
[LEVEL] level=4 hits=24286844 misses=5713123 hit_rate=0.8096
[LEVEL] level=5 hits=24286844 misses=5713123 hit_rate=0.8096
[LEVEL] level=6 hits=24286844 misses=5713123 hit_rate=0.8096
[LEVEL] level=7 hits=24286844 misses=5713123 hit_rate=0.8096
[LEVEL] level=8 hits=24286844 misses=5713123 hit_rate=0.8096
[LEVEL] level=9 hits=24286844 misses=5713123 hit_rate=0.8096
[KIND node 1] lookups=29999967 inner_visits=269999703 inner_hits=216885845 inner_hit_pct=80.33 leaf_visits=29999967 leaf_hits=0 leaf_hit_pct=0.00
[END]
