nodes 2, threads 24, mix R/I/U/S=100/0/0/0, uniform, bulk 50M warmup 10M op 50M, offload 100%, scan_range 100
[4mshared memory size: 64GB, 0x7f248e800000[0m
[4mrdma cache size: 4GB[0m
[4mMachine NR: 2[0m
[4mCompute server 0 start up [255.127.0.0]
[0m
I connect server 1
[4mdir 0 launch!
[0m
[4mdir 1 launch!
[0m
[4mdir 2 launch!
[0m
[4mMemory server 0 start up (4/8 dir threads active)[0m
[4mdir 3 launch!
[0m
index cache = 64 MB (CHIME_CACHE_MB)
[CONFIG node 0] dir threads = 4 (CHIME_DIR_THREADS, max 8) -- MUST match the other node
[GEOMETRY] leaf    : span=16 val=48B trans=979B alloc=995B
[GEOMETRY] internal: span=16        trans=319B alloc=335B
[GEOMETRY] internal/leaf = 0.33x  (OK: internal < leaf)
[GEOMETRY] tree ~= 3.12M leaves * 979B = 2.85 GB
[GEOMETRY] index ~= 63.4 MB (leaves 100% full; TRUE value is HIGHER --
[GEOMETRY]          read '[TreeCache] consumed cache size' below)
[CONFIG] offload rate = 100%, min cache-boundary level = 2 (offload cache MISSES only)

----- REMOTE CPU LOAD (memory node dir-threads, 2s window) -----
  dir 0: active=  0.00%  msgs=0           0 ns/msg
  dir 1: active=  0.00%  msgs=1           2202 ns/msg
  dir 2: active=  0.00%  msgs=0           0 ns/msg
  dir 3: active=  0.00%  msgs=0           0 ns/msg
  AGGREGATE active = 0.00% (of 4 dir-threads; 0.00% per-thread avg)  msgs=1
workload generated: keyspace=50001000 bulk=50000000 warmup=9999984 op=49999992
[4mKey space set: keySpaceSize=50000000[0m
I am 0
[INFO] new root level 2
I am 1
I am 10
I am 6
I am 12
I am 17
I am 9
I am 4
I am 8
I am 3
I am 13
I am 11
I am 18
I am 5
I am 21
I am 22
I am 2
I am 16
I am 19
I am 14
I am 7
I am 15
I am 20
I am 23
[INFO] new root level 4

----- REMOTE CPU LOAD (memory node dir-threads, 2s window) -----
  dir 0: active=  0.70%  msgs=9380        1491 ns/msg
  dir 1: active=  0.69%  msgs=9401        1472 ns/msg
  dir 2: active=  0.69%  msgs=9237        1499 ns/msg
  dir 3: active=  0.71%  msgs=9435        1499 ns/msg
  AGGREGATE active = 2.79% (of 4 dir-threads; 0.70% per-thread avg)  msgs=37453

----- REMOTE CPU LOAD (memory node dir-threads, 2s window) -----
  dir 0: active=  2.65%  msgs=31373       1689 ns/msg
  dir 1: active=  2.60%  msgs=31254       1665 ns/msg
  dir 2: active=  2.61%  msgs=31056       1681 ns/msg
  dir 3: active=  2.61%  msgs=30953       1688 ns/msg
  AGGREGATE active = 10.47% (of 4 dir-threads; 2.62% per-thread avg)  msgs=124636

----- REMOTE CPU LOAD (memory node dir-threads, 2s window) -----
  dir 0: active=  0.79%  msgs=8893        1786 ns/msg
  dir 1: active=  0.82%  msgs=9149        1783 ns/msg
  dir 2: active=  0.82%  msgs=9033        1812 ns/msg
  dir 3: active=  0.82%  msgs=9074        1813 ns/msg
  AGGREGATE active = 3.25% (of 4 dir-threads; 0.81% per-thread avg)  msgs=36149
[INFO] new root level 7

----- REMOTE CPU LOAD (memory node dir-threads, 2s window) -----
  dir 0: active=  0.00%  msgs=0           0 ns/msg
  dir 1: active=  0.00%  msgs=0           0 ns/msg
  dir 2: active=  0.00%  msgs=0           0 ns/msg
  dir 3: active=  0.00%  msgs=0           0 ns/msg
  AGGREGATE active = 0.00% (of 4 dir-threads; 0.00% per-thread avg)  msgs=0

----- REMOTE CPU LOAD (memory node dir-threads, 2s window) -----
  dir 0: active=  0.00%  msgs=0           0 ns/msg
  dir 1: active=  0.00%  msgs=0           0 ns/msg
  dir 2: active=  0.00%  msgs=0           0 ns/msg
  dir 3: active=  0.00%  msgs=0           0 ns/msg
  AGGREGATE active = 0.00% (of 4 dir-threads; 0.00% per-thread avg)  msgs=0

----- REMOTE CPU LOAD (memory node dir-threads, 2s window) -----
  dir 0: active=  0.00%  msgs=0           0 ns/msg
  dir 1: active=  0.00%  msgs=0           0 ns/msg
  dir 2: active=  0.00%  msgs=0           0 ns/msg
  dir 3: active=  0.00%  msgs=0           0 ns/msg
  AGGREGATE active = 0.00% (of 4 dir-threads; 0.00% per-thread avg)  msgs=0

----- REMOTE CPU LOAD (memory node dir-threads, 2s window) -----
  dir 0: active=  0.00%  msgs=0           0 ns/msg
  dir 1: active=  0.00%  msgs=0           0 ns/msg
  dir 2: active=  0.00%  msgs=0           0 ns/msg
  dir 3: active=  0.00%  msgs=0           0 ns/msg
  AGGREGATE active = 0.00% (of 4 dir-threads; 0.00% per-thread avg)  msgs=0

----- REMOTE CPU LOAD (memory node dir-threads, 2s window) -----
  dir 0: active=  0.00%  msgs=4           722 ns/msg
  dir 1: active=  0.00%  msgs=4           639 ns/msg
  dir 2: active=  0.00%  msgs=4           516 ns/msg
  dir 3: active=  0.00%  msgs=4           814 ns/msg
  AGGREGATE active = 0.00% (of 4 dir-threads; 0.00% per-thread avg)  msgs=16

----- REMOTE CPU LOAD (memory node dir-threads, 2s window) -----
  dir 0: active=  0.00%  msgs=7           668 ns/msg
  dir 1: active=  0.00%  msgs=7           533 ns/msg
  dir 2: active=  0.00%  msgs=7           502 ns/msg
  dir 3: active=  0.00%  msgs=7           482 ns/msg
  AGGREGATE active = 0.00% (of 4 dir-threads; 0.00% per-thread avg)  msgs=28

----- REMOTE CPU LOAD (memory node dir-threads, 2s window) -----
  dir 0: active=  0.00%  msgs=5           609 ns/msg
  dir 1: active=  0.00%  msgs=5           457 ns/msg
  dir 2: active=  0.00%  msgs=5           512 ns/msg
  dir 3: active=  0.00%  msgs=5           443 ns/msg
  AGGREGATE active = 0.00% (of 4 dir-threads; 0.00% per-thread avg)  msgs=20

----- REMOTE CPU LOAD (memory node dir-threads, 2s window) -----
  dir 0: active=  0.00%  msgs=0           0 ns/msg
  dir 1: active=  0.00%  msgs=0           0 ns/msg
  dir 2: active=  0.00%  msgs=0           0 ns/msg
  dir 3: active=  0.00%  msgs=0           0 ns/msg
  AGGREGATE active = 0.00% (of 4 dir-threads; 0.00% per-thread avg)  msgs=0

----- REMOTE CPU LOAD (memory node dir-threads, 2s window) -----
  dir 0: active=  0.00%  msgs=0           0 ns/msg
  dir 1: active=  0.00%  msgs=0           0 ns/msg
  dir 2: active=  0.00%  msgs=0           0 ns/msg
  dir 3: active=  0.00%  msgs=0           0 ns/msg
  AGGREGATE active = 0.00% (of 4 dir-threads; 0.00% per-thread avg)  msgs=0

----- REMOTE CPU LOAD (memory node dir-threads, 2s window) -----
  dir 0: active=  0.00%  msgs=0           0 ns/msg
  dir 1: active=  0.00%  msgs=0           0 ns/msg
  dir 2: active=  0.00%  msgs=0           0 ns/msg
  dir 3: active=  0.00%  msgs=0           0 ns/msg
  AGGREGATE active = 0.00% (of 4 dir-threads; 0.00% per-thread avg)  msgs=0

----- REMOTE CPU LOAD (memory node dir-threads, 2s window) -----
  dir 0: active=  0.00%  msgs=0           0 ns/msg
  dir 1: active=  0.00%  msgs=0           0 ns/msg
  dir 2: active=  0.00%  msgs=0           0 ns/msg
  dir 3: active=  0.00%  msgs=0           0 ns/msg
  AGGREGATE active = 0.00% (of 4 dir-threads; 0.00% per-thread avg)  msgs=0

----- REMOTE CPU LOAD (memory node dir-threads, 2s window) -----
  dir 0: active=  0.00%  msgs=3           661 ns/msg
  dir 1: active=  0.00%  msgs=3           452 ns/msg
  dir 2: active=  0.00%  msgs=3           500 ns/msg
  dir 3: active=  0.00%  msgs=3           486 ns/msg
  AGGREGATE active = 0.00% (of 4 dir-threads; 0.00% per-thread avg)  msgs=12

----- REMOTE CPU LOAD (memory node dir-threads, 2s window) -----
  dir 0: active=  0.00%  msgs=1           552 ns/msg
  dir 1: active=  0.00%  msgs=1           766 ns/msg
  dir 2: active=  0.00%  msgs=1           318 ns/msg
  dir 3: active=  0.00%  msgs=1           658 ns/msg
  AGGREGATE active = 0.00% (of 4 dir-threads; 0.00% per-thread avg)  msgs=4

----- REMOTE CPU LOAD (memory node dir-threads, 2s window) -----
  dir 0: active=  0.00%  msgs=4           389 ns/msg
  dir 1: active=  0.00%  msgs=4           362 ns/msg
  dir 2: active=  0.00%  msgs=4           430 ns/msg
  dir 3: active=  0.00%  msgs=4           359 ns/msg
  AGGREGATE active = 0.00% (of 4 dir-threads; 0.00% per-thread avg)  msgs=16

----- REMOTE CPU LOAD (memory node dir-threads, 2s window) -----
  dir 0: active=  0.00%  msgs=3           576 ns/msg
  dir 1: active=  0.00%  msgs=3           371 ns/msg
  dir 2: active=  0.00%  msgs=3           546 ns/msg
  dir 3: active=  0.00%  msgs=3           431 ns/msg
  AGGREGATE active = 0.00% (of 4 dir-threads; 0.00% per-thread avg)  msgs=12

----- REMOTE CPU LOAD (memory node dir-threads, 2s window) -----
  dir 0: active=  0.00%  msgs=0           0 ns/msg
  dir 1: active=  0.00%  msgs=0           0 ns/msg
  dir 2: active=  0.00%  msgs=0           0 ns/msg
  dir 3: active=  0.00%  msgs=0           0 ns/msg
  AGGREGATE active = 0.00% (of 4 dir-threads; 0.00% per-thread avg)  msgs=0

----- REMOTE CPU LOAD (memory node dir-threads, 2s window) -----
  dir 0: active=  0.00%  msgs=5           623 ns/msg
  dir 1: active=  0.00%  msgs=5           395 ns/msg
  dir 2: active=  0.00%  msgs=5           394 ns/msg
  dir 3: active=  0.00%  msgs=5           405 ns/msg
  AGGREGATE active = 0.00% (of 4 dir-threads; 0.00% per-thread avg)  msgs=20

----- REMOTE CPU LOAD (memory node dir-threads, 2s window) -----
  dir 0: active=  0.00%  msgs=0           0 ns/msg
  dir 1: active=  0.00%  msgs=0           0 ns/msg
  dir 2: active=  0.00%  msgs=0           0 ns/msg
  dir 3: active=  0.00%  msgs=0           0 ns/msg
  AGGREGATE active = 0.00% (of 4 dir-threads; 0.00% per-thread avg)  msgs=0

----- REMOTE CPU LOAD (memory node dir-threads, 2s window) -----
  dir 0: active=  0.00%  msgs=0           0 ns/msg
  dir 1: active=  0.00%  msgs=0           0 ns/msg
  dir 2: active=  0.00%  msgs=0           0 ns/msg
  dir 3: active=  0.00%  msgs=0           0 ns/msg
  AGGREGATE active = 0.00% (of 4 dir-threads; 0.00% per-thread avg)  msgs=0

----- REMOTE CPU LOAD (memory node dir-threads, 2s window) -----
  dir 0: active=  0.00%  msgs=0           0 ns/msg
  dir 1: active=  0.00%  msgs=0           0 ns/msg
  dir 2: active=  0.00%  msgs=0           0 ns/msg
  dir 3: active=  0.00%  msgs=0           0 ns/msg
  AGGREGATE active = 0.00% (of 4 dir-threads; 0.00% per-thread avg)  msgs=0

----- REMOTE CPU LOAD (memory node dir-threads, 2s window) -----
  dir 0: active=  0.00%  msgs=0           0 ns/msg
  dir 1: active=  0.00%  msgs=0           0 ns/msg
  dir 2: active=  0.00%  msgs=0           0 ns/msg
  dir 3: active=  0.00%  msgs=0           0 ns/msg
  AGGREGATE active = 0.00% (of 4 dir-threads; 0.00% per-thread avg)  msgs=0

----- REMOTE CPU LOAD (memory node dir-threads, 2s window) -----
  dir 0: active=  0.00%  msgs=3           472 ns/msg
  dir 1: active=  0.00%  msgs=3           257 ns/msg
  dir 2: active=  0.00%  msgs=3           759 ns/msg
  dir 3: active=  0.00%  msgs=3           405 ns/msg
  AGGREGATE active = 0.00% (of 4 dir-threads; 0.00% per-thread avg)  msgs=12

----- REMOTE CPU LOAD (memory node dir-threads, 2s window) -----
  dir 0: active=  0.00%  msgs=0           0 ns/msg
  dir 1: active=  0.00%  msgs=0           0 ns/msg
  dir 2: active=  0.00%  msgs=0           0 ns/msg
  dir 3: active=  0.00%  msgs=0           0 ns/msg
  AGGREGATE active = 0.00% (of 4 dir-threads; 0.00% per-thread avg)  msgs=0

----- REMOTE CPU LOAD (memory node dir-threads, 2s window) -----
  dir 0: active=  0.00%  msgs=1           529 ns/msg
  dir 1: active=  0.00%  msgs=1           350 ns/msg
  dir 2: active=  0.00%  msgs=1           306 ns/msg
  dir 3: active=  0.00%  msgs=1           664 ns/msg
  AGGREGATE active = 0.00% (of 4 dir-threads; 0.00% per-thread avg)  msgs=4

----- REMOTE CPU LOAD (memory node dir-threads, 2s window) -----
  dir 0: active=  0.00%  msgs=4           666 ns/msg
  dir 1: active=  0.00%  msgs=4           359 ns/msg
  dir 2: active=  0.00%  msgs=4           476 ns/msg
  dir 3: active=  0.00%  msgs=4           416 ns/msg
  AGGREGATE active = 0.00% (of 4 dir-threads; 0.00% per-thread avg)  msgs=16

----- REMOTE CPU LOAD (memory node dir-threads, 2s window) -----
  dir 0: active=  0.00%  msgs=0           0 ns/msg
  dir 1: active=  0.00%  msgs=0           0 ns/msg
  dir 2: active=  0.00%  msgs=0           0 ns/msg
  dir 3: active=  0.00%  msgs=0           0 ns/msg
  AGGREGATE active = 0.00% (of 4 dir-threads; 0.00% per-thread avg)  msgs=0

----- REMOTE CPU LOAD (memory node dir-threads, 2s window) -----
  dir 0: active=  0.00%  msgs=2           494 ns/msg
  dir 1: active=  0.00%  msgs=2           492 ns/msg
  dir 2: active=  0.00%  msgs=2           396 ns/msg
  dir 3: active=  0.00%  msgs=2           464 ns/msg
  AGGREGATE active = 0.00% (of 4 dir-threads; 0.00% per-thread avg)  msgs=8

----- REMOTE CPU LOAD (memory node dir-threads, 2s window) -----
  dir 0: active=  0.00%  msgs=1           645 ns/msg
  dir 1: active=  0.00%  msgs=1           390 ns/msg
  dir 2: active=  0.00%  msgs=1           588 ns/msg
  dir 3: active=  0.00%  msgs=1           598 ns/msg
  AGGREGATE active = 0.00% (of 4 dir-threads; 0.00% per-thread avg)  msgs=4

----- REMOTE CPU LOAD (memory node dir-threads, 2s window) -----
  dir 0: active=  0.00%  msgs=0           0 ns/msg
  dir 1: active=  0.00%  msgs=0           0 ns/msg
  dir 2: active=  0.00%  msgs=0           0 ns/msg
  dir 3: active=  0.00%  msgs=0           0 ns/msg
  AGGREGATE active = 0.00% (of 4 dir-threads; 0.00% per-thread avg)  msgs=0

----- REMOTE CPU LOAD (memory node dir-threads, 2s window) -----
  dir 0: active=  0.00%  msgs=0           0 ns/msg
  dir 1: active=  0.00%  msgs=0           0 ns/msg
  dir 2: active=  0.00%  msgs=0           0 ns/msg
  dir 3: active=  0.00%  msgs=0           0 ns/msg
  AGGREGATE active = 0.00% (of 4 dir-threads; 0.00% per-thread avg)  msgs=0

----- REMOTE CPU LOAD (memory node dir-threads, 2s window) -----
  dir 0: active=  0.00%  msgs=5           590 ns/msg
  dir 1: active=  0.00%  msgs=5           378 ns/msg
  dir 2: active=  0.00%  msgs=5           570 ns/msg
  dir 3: active=  0.00%  msgs=5           541 ns/msg
  AGGREGATE active = 0.00% (of 4 dir-threads; 0.00% per-thread avg)  msgs=20

----- REMOTE CPU LOAD (memory node dir-threads, 2s window) -----
  dir 0: active=  0.00%  msgs=0           0 ns/msg
  dir 1: active=  0.00%  msgs=0           0 ns/msg
  dir 2: active=  0.00%  msgs=0           0 ns/msg
  dir 3: active=  0.00%  msgs=0           0 ns/msg
  AGGREGATE active = 0.00% (of 4 dir-threads; 0.00% per-thread avg)  msgs=0

----- REMOTE CPU LOAD (memory node dir-threads, 2s window) -----
  dir 0: active=  0.00%  msgs=0           0 ns/msg
  dir 1: active=  0.00%  msgs=0           0 ns/msg
  dir 2: active=  0.00%  msgs=0           0 ns/msg
  dir 3: active=  0.00%  msgs=0           0 ns/msg
  AGGREGATE active = 0.00% (of 4 dir-threads; 0.00% per-thread avg)  msgs=0

----- REMOTE CPU LOAD (memory node dir-threads, 2s window) -----
  dir 0: active=  0.00%  msgs=3           906 ns/msg
  dir 1: active=  0.00%  msgs=3           385 ns/msg
  dir 2: active=  0.00%  msgs=3           520 ns/msg
  dir 3: active=  0.00%  msgs=3           434 ns/msg
  AGGREGATE active = 0.00% (of 4 dir-threads; 0.00% per-thread avg)  msgs=12

----- REMOTE CPU LOAD (memory node dir-threads, 2s window) -----
  dir 0: active=  0.00%  msgs=0           0 ns/msg
  dir 1: active=  0.00%  msgs=0           0 ns/msg
  dir 2: active=  0.00%  msgs=0           0 ns/msg
  dir 3: active=  0.00%  msgs=0           0 ns/msg
  AGGREGATE active = 0.00% (of 4 dir-threads; 0.00% per-thread avg)  msgs=0

----- REMOTE CPU LOAD (memory node dir-threads, 2s window) -----
  dir 0: active=  0.00%  msgs=0           0 ns/msg
  dir 1: active=  0.00%  msgs=0           0 ns/msg
  dir 2: active=  0.00%  msgs=0           0 ns/msg
  dir 3: active=  0.00%  msgs=0           0 ns/msg
  AGGREGATE active = 0.00% (of 4 dir-threads; 0.00% per-thread avg)  msgs=0

----- REMOTE CPU LOAD (memory node dir-threads, 2s window) -----
  dir 0: active=  0.00%  msgs=0           0 ns/msg
  dir 1: active=  0.00%  msgs=0           0 ns/msg
  dir 2: active=  0.00%  msgs=0           0 ns/msg
  dir 3: active=  0.00%  msgs=0           0 ns/msg
  AGGREGATE active = 0.00% (of 4 dir-threads; 0.00% per-thread avg)  msgs=0

----- REMOTE CPU LOAD (memory node dir-threads, 2s window) -----
  dir 0: active=  0.00%  msgs=5           742 ns/msg
  dir 1: active=  0.00%  msgs=5           491 ns/msg
  dir 2: active=  0.00%  msgs=5           354 ns/msg
  dir 3: active=  0.00%  msgs=5           388 ns/msg
  AGGREGATE active = 0.00% (of 4 dir-threads; 0.00% per-thread avg)  msgs=20

----- REMOTE CPU LOAD (memory node dir-threads, 2s window) -----
  dir 0: active=  2.62%  msgs=32572       1609 ns/msg
  dir 1: active=  0.00%  msgs=0           0 ns/msg
  dir 2: active=  4.41%  msgs=53792       1642 ns/msg
  dir 3: active=  3.94%  msgs=48425       1626 ns/msg
  AGGREGATE active = 10.97% (of 4 dir-threads; 2.74% per-thread avg)  msgs=134789

----- REMOTE CPU LOAD (memory node dir-threads, 2s window) -----
  dir 0: active=  9.95%  msgs=124867      1594 ns/msg
  dir 1: active=  0.00%  msgs=0           0 ns/msg
  dir 2: active= 10.10%  msgs=125177      1614 ns/msg
  dir 3: active=  9.99%  msgs=124033      1611 ns/msg
  AGGREGATE active = 30.05% (of 4 dir-threads; 7.51% per-thread avg)  msgs=374077

----- REMOTE CPU LOAD (memory node dir-threads, 2s window) -----
  dir 0: active=  7.10%  msgs=89162       1594 ns/msg
  dir 1: active=  0.00%  msgs=0           0 ns/msg
  dir 2: active=  5.47%  msgs=67946       1610 ns/msg
  dir 3: active=  5.91%  msgs=73658       1604 ns/msg
  AGGREGATE active = 18.48% (of 4 dir-threads; 4.62% per-thread avg)  msgs=230766

----- REMOTE CPU LOAD (memory node dir-threads, 2s window) -----
  dir 0: active=  0.00%  msgs=3           1082 ns/msg
  dir 1: active=  0.00%  msgs=3           588 ns/msg
  dir 2: active=  0.00%  msgs=3           825 ns/msg
  dir 3: active=  0.00%  msgs=3           927 ns/msg
  AGGREGATE active = 0.00% (of 4 dir-threads; 0.00% per-thread avg)  msgs=12

----- REMOTE CPU LOAD (memory node dir-threads, 2s window) -----
  dir 0: active=  1.89%  msgs=23911       1578 ns/msg
  dir 1: active=  5.91%  msgs=73682       1604 ns/msg
  dir 2: active=  0.00%  msgs=0           0 ns/msg
  dir 3: active=  1.65%  msgs=21217       1556 ns/msg
  AGGREGATE active = 9.45% (of 4 dir-threads; 2.36% per-thread avg)  msgs=118810

----- REMOTE CPU LOAD (memory node dir-threads, 2s window) -----
  dir 0: active=  9.21%  msgs=118299      1557 ns/msg
  dir 1: active= 15.71%  msgs=208010      1511 ns/msg
  dir 2: active=  8.83%  msgs=114052      1548 ns/msg
  dir 3: active=  9.13%  msgs=118147      1546 ns/msg
  AGGREGATE active = 42.88% (of 4 dir-threads; 10.72% per-thread avg)  msgs=558508

----- REMOTE CPU LOAD (memory node dir-threads, 2s window) -----
  dir 0: active=  8.80%  msgs=113668      1549 ns/msg
  dir 1: active= 13.48%  msgs=178960      1507 ns/msg
  dir 2: active=  8.99%  msgs=116452      1544 ns/msg
  dir 3: active=  8.93%  msgs=116197      1538 ns/msg
  AGGREGATE active = 40.21% (of 4 dir-threads; 10.05% per-thread avg)  msgs=525277

----- REMOTE CPU LOAD (memory node dir-threads, 2s window) -----
  dir 0: active=  0.00%  msgs=0           0 ns/msg
  dir 1: active=  3.85%  msgs=50911       1512 ns/msg
  dir 2: active=  1.99%  msgs=26008       1532 ns/msg
  dir 3: active=  0.00%  msgs=0           0 ns/msg
  AGGREGATE active = 5.84% (of 4 dir-threads; 1.46% per-thread avg)  msgs=76919

----- REMOTE CPU LOAD (memory node dir-threads, 2s window) -----
  dir 0: active=  0.00%  msgs=5           942 ns/msg
  dir 1: active=  0.00%  msgs=5           547 ns/msg
  dir 2: active=  0.00%  msgs=5           579 ns/msg
  dir 3: active=  0.00%  msgs=5           564 ns/msg
  AGGREGATE active = 0.00% (of 4 dir-threads; 0.00% per-thread avg)  msgs=20

----- REMOTE CPU LOAD (memory node dir-threads, 2s window) -----
  dir 0: active=  6.26%  msgs=84333       1485 ns/msg
  dir 1: active=  0.00%  msgs=0           0 ns/msg
  dir 2: active=  7.06%  msgs=94645       1491 ns/msg
  dir 3: active=  4.89%  msgs=66248       1478 ns/msg
  AGGREGATE active = 18.21% (of 4 dir-threads; 4.55% per-thread avg)  msgs=245226

----- REMOTE CPU LOAD (memory node dir-threads, 2s window) -----
  dir 0: active=  8.92%  msgs=122102      1462 ns/msg
  dir 1: active=  0.00%  msgs=0           0 ns/msg
  dir 2: active=  8.87%  msgs=121669      1458 ns/msg
  dir 3: active=  8.88%  msgs=121587      1460 ns/msg
  AGGREGATE active = 26.67% (of 4 dir-threads; 6.67% per-thread avg)  msgs=365358

----- REMOTE CPU LOAD (memory node dir-threads, 2s window) -----
  dir 0: active=  3.94%  msgs=54328       1449 ns/msg
  dir 1: active=  0.00%  msgs=0           0 ns/msg
  dir 2: active=  3.21%  msgs=44414       1445 ns/msg
  dir 3: active=  5.29%  msgs=73136       1448 ns/msg
  AGGREGATE active = 12.44% (of 4 dir-threads; 3.11% per-thread avg)  msgs=171878

----- REMOTE CPU LOAD (memory node dir-threads, 2s window) -----
  dir 0: active=  0.00%  msgs=0           0 ns/msg
  dir 1: active=  0.00%  msgs=0           0 ns/msg
  dir 2: active=  0.00%  msgs=0           0 ns/msg
  dir 3: active=  0.00%  msgs=0           0 ns/msg
  AGGREGATE active = 0.00% (of 4 dir-threads; 0.00% per-thread avg)  msgs=0

----- REMOTE CPU LOAD (memory node dir-threads, 2s window) -----
  dir 0: active=  0.00%  msgs=0           0 ns/msg
  dir 1: active=  0.00%  msgs=0           0 ns/msg
  dir 2: active=  0.00%  msgs=0           0 ns/msg
  dir 3: active=  0.00%  msgs=0           0 ns/msg
  AGGREGATE active = 0.00% (of 4 dir-threads; 0.00% per-thread avg)  msgs=0

----- REMOTE CPU LOAD (memory node dir-threads, 2s window) -----
  dir 0: active=  4.47%  msgs=60111       1488 ns/msg
  dir 1: active=  6.53%  msgs=89619       1457 ns/msg
  dir 2: active=  2.96%  msgs=40206       1474 ns/msg
  dir 3: active=  4.69%  msgs=63591       1476 ns/msg
  AGGREGATE active = 18.66% (of 4 dir-threads; 4.66% per-thread avg)  msgs=253527

----- REMOTE CPU LOAD (memory node dir-threads, 2s window) -----
  dir 0: active=  8.20%  msgs=112483      1457 ns/msg
  dir 1: active= 15.94%  msgs=224864      1417 ns/msg
  dir 2: active=  8.15%  msgs=112228      1452 ns/msg
  dir 3: active=  8.17%  msgs=112815      1448 ns/msg
  AGGREGATE active = 40.45% (of 4 dir-threads; 10.11% per-thread avg)  msgs=562390

----- REMOTE CPU LOAD (memory node dir-threads, 2s window) -----
  dir 0: active=  6.60%  msgs=91480       1444 ns/msg
  dir 1: active= 13.75%  msgs=196673      1398 ns/msg
  dir 2: active=  7.97%  msgs=110963      1437 ns/msg
  dir 3: active=  6.27%  msgs=87424       1434 ns/msg
  AGGREGATE active = 34.59% (of 4 dir-threads; 8.65% per-thread avg)  msgs=486540
node 0 warmup done in 114s
[INDEX] --- post-bulk-load cache occupancy (cache = 64 MB) ---
 ----- [TreeCache]:  cache size=34 MB free_size=0.000 MB skiplist_node_cnt=731714 ----- 
consumed cache size = 34.000 MB
 ----- [IdxCache]:  cache size=30 MB free_size=9.373 MB ---- 
consumed hotspot buffer size = 20.626831 MB

0, throughput 1.6533 Mops
0, throughput 1.6836 Mops
0, throughput 1.6951 Mops

----- REMOTE CPU LOAD (memory node dir-threads, 2s window) -----
  dir 0: active= 68.61%  msgs=910575      1507 ns/msg
  dir 1: active= 69.14%  msgs=926102      1493 ns/msg
  dir 2: active= 68.38%  msgs=901392      1517 ns/msg
  dir 3: active= 68.25%  msgs=899336      1518 ns/msg
  AGGREGATE active = 274.38% (of 4 dir-threads; 68.59% per-thread avg)  msgs=3637405
0, throughput 1.7135 Mops
0, throughput 1.6868 Mops
0, throughput 1.6840 Mops
0, throughput 1.6895 Mops

----- REMOTE CPU LOAD (memory node dir-threads, 2s window) -----
  dir 0: active= 80.69%  msgs=1062145     1519 ns/msg
  dir 1: active= 79.96%  msgs=1061133     1507 ns/msg
  dir 2: active= 80.43%  msgs=1050941     1531 ns/msg
  dir 3: active= 80.23%  msgs=1047873     1531 ns/msg
  AGGREGATE active = 321.30% (of 4 dir-threads; 80.33% per-thread avg)  msgs=4222092
0, throughput 1.6921 Mops
0, throughput 1.6941 Mops
0, throughput 1.6963 Mops
0, throughput 1.6966 Mops

----- REMOTE CPU LOAD (memory node dir-threads, 2s window) -----
  dir 0: active= 80.97%  msgs=1065458     1520 ns/msg
  dir 1: active= 80.25%  msgs=1064662     1508 ns/msg
  dir 2: active= 80.66%  msgs=1053251     1532 ns/msg
  dir 3: active= 80.45%  msgs=1050368     1532 ns/msg
  AGGREGATE active = 322.33% (of 4 dir-threads; 80.58% per-thread avg)  msgs=4233739
0, throughput 1.6970 Mops
0, throughput 1.6961 Mops
0, throughput 1.6955 Mops
0, throughput 1.6948 Mops

----- REMOTE CPU LOAD (memory node dir-threads, 2s window) -----
  dir 0: active= 81.00%  msgs=1066160     1520 ns/msg
  dir 1: active= 80.32%  msgs=1064824     1509 ns/msg
  dir 2: active= 80.70%  msgs=1053982     1532 ns/msg
  dir 3: active= 80.49%  msgs=1050606     1533 ns/msg
  AGGREGATE active = 322.51% (of 4 dir-threads; 80.63% per-thread avg)  msgs=4235572
0, throughput 1.6940 Mops
0, throughput 1.6926 Mops
0, throughput 1.6947 Mops
0, throughput 1.6960 Mops

----- REMOTE CPU LOAD (memory node dir-threads, 2s window) -----
  dir 0: active= 81.03%  msgs=1064277     1523 ns/msg
  dir 1: active= 80.28%  msgs=1063482     1510 ns/msg
  dir 2: active= 80.67%  msgs=1051929     1534 ns/msg
  dir 3: active= 80.47%  msgs=1048926     1534 ns/msg
  AGGREGATE active = 322.46% (of 4 dir-threads; 80.61% per-thread avg)  msgs=4228614
0, throughput 1.6936 Mops
0, throughput 1.6921 Mops
0, throughput 1.6918 Mops
0, throughput 1.6924 Mops

----- REMOTE CPU LOAD (memory node dir-threads, 2s window) -----
  dir 0: active= 80.96%  msgs=1063916     1522 ns/msg
  dir 1: active= 80.29%  msgs=1062427     1511 ns/msg
  dir 2: active= 80.67%  msgs=1050688     1536 ns/msg
  dir 3: active= 80.48%  msgs=1047951     1536 ns/msg
  AGGREGATE active = 322.40% (of 4 dir-threads; 80.60% per-thread avg)  msgs=4224982
0, throughput 1.6935 Mops
0, throughput 1.6945 Mops
0, throughput 1.6909 Mops
0, throughput 1.6901 Mops

----- REMOTE CPU LOAD (memory node dir-threads, 2s window) -----
  dir 0: active= 80.93%  msgs=1061655     1525 ns/msg
  dir 1: active= 80.23%  msgs=1060743     1513 ns/msg
  dir 2: active= 80.60%  msgs=1048489     1538 ns/msg
  dir 3: active= 80.42%  msgs=1046407     1537 ns/msg
  AGGREGATE active = 322.18% (of 4 dir-threads; 80.55% per-thread avg)  msgs=4217294
0, throughput 1.6905 Mops
0, throughput 1.6895 Mops
0, throughput 1.6901 Mops
0, throughput 1.6897 Mops

----- REMOTE CPU LOAD (memory node dir-threads, 2s window) -----
  dir 0: active= 80.95%  msgs=1061112     1526 ns/msg
  dir 1: active= 80.20%  msgs=1059864     1513 ns/msg
  dir 2: active= 80.63%  msgs=1048203     1538 ns/msg
  dir 3: active= 80.36%  msgs=1045886     1537 ns/msg
  AGGREGATE active = 322.13% (of 4 dir-threads; 80.53% per-thread avg)  msgs=4215065
0, throughput 1.6890 Mops
0, throughput 1.6893 Mops
0, throughput 1.6899 Mops
0, throughput 1.6889 Mops

----- REMOTE CPU LOAD (memory node dir-threads, 2s window) -----
  dir 0: active= 80.92%  msgs=1060863     1526 ns/msg
  dir 1: active= 80.19%  msgs=1059574     1514 ns/msg
  dir 2: active= 80.61%  msgs=1048200     1538 ns/msg
  dir 3: active= 80.37%  msgs=1045601     1537 ns/msg
  AGGREGATE active = 322.09% (of 4 dir-threads; 80.52% per-thread avg)  msgs=4214238
0, throughput 1.6871 Mops
0, throughput 1.6899 Mops
0, throughput 1.6869 Mops
0, throughput 1.6852 Mops

----- REMOTE CPU LOAD (memory node dir-threads, 2s window) -----
  dir 0: active= 80.90%  msgs=1059622     1527 ns/msg
  dir 1: active= 80.19%  msgs=1058656     1515 ns/msg
  dir 2: active= 80.60%  msgs=1047107     1540 ns/msg
  dir 3: active= 80.41%  msgs=1044910     1539 ns/msg
  AGGREGATE active = 322.11% (of 4 dir-threads; 80.53% per-thread avg)  msgs=4210295
0, throughput 1.6870 Mops
0, throughput 1.6882 Mops
0, throughput 1.6878 Mops
0, throughput 1.6864 Mops

----- REMOTE CPU LOAD (memory node dir-threads, 2s window) -----
  dir 0: active= 80.91%  msgs=1060129     1527 ns/msg
  dir 1: active= 80.11%  msgs=1057366     1515 ns/msg
  dir 2: active= 80.53%  msgs=1046423     1539 ns/msg
  dir 3: active= 80.35%  msgs=1043547     1540 ns/msg
  AGGREGATE active = 321.91% (of 4 dir-threads; 80.48% per-thread avg)  msgs=4207465
0, throughput 1.6856 Mops
0, throughput 1.6878 Mops
0, throughput 1.6858 Mops
0, throughput 1.6840 Mops

----- REMOTE CPU LOAD (memory node dir-threads, 2s window) -----
  dir 0: active= 80.86%  msgs=1058548     1528 ns/msg
  dir 1: active= 80.13%  msgs=1056621     1517 ns/msg
  dir 2: active= 80.55%  msgs=1045889     1540 ns/msg
  dir 3: active= 80.34%  msgs=1043272     1540 ns/msg
  AGGREGATE active = 321.87% (of 4 dir-threads; 80.47% per-thread avg)  msgs=4204330
0, throughput 1.6848 Mops
0, throughput 1.6832 Mops
0, throughput 1.6839 Mops
0, throughput 1.6808 Mops

----- REMOTE CPU LOAD (memory node dir-threads, 2s window) -----
  dir 0: active= 80.85%  msgs=1058954     1527 ns/msg
  dir 1: active= 80.15%  msgs=1056666     1517 ns/msg
  dir 2: active= 80.57%  msgs=1045775     1541 ns/msg
  dir 3: active= 80.41%  msgs=1043499     1541 ns/msg
  AGGREGATE active = 321.98% (of 4 dir-threads; 80.49% per-thread avg)  msgs=4204894
0, throughput 1.6832 Mops
0, throughput 1.6809 Mops
0, throughput 1.6831 Mops
0, throughput 1.6807 Mops

----- REMOTE CPU LOAD (memory node dir-threads, 2s window) -----
  dir 0: active= 80.86%  msgs=1058014     1529 ns/msg
  dir 1: active= 80.13%  msgs=1056215     1517 ns/msg
  dir 2: active= 80.54%  msgs=1044969     1542 ns/msg
  dir 3: active= 80.36%  msgs=1042074     1542 ns/msg
  AGGREGATE active = 321.89% (of 4 dir-threads; 80.47% per-thread avg)  msgs=4201272
0, throughput 1.6827 Mops
0, throughput 1.4574 Mops
0, throughput 1.0049 Mops
0, throughput 0.9559 Mops

----- REMOTE CPU LOAD (memory node dir-threads, 2s window) -----
  dir 0: active= 70.12%  msgs=936221      1498 ns/msg
  dir 1: active= 68.87%  msgs=924355      1490 ns/msg
  dir 2: active= 71.54%  msgs=948164      1509 ns/msg
  dir 3: active= 72.47%  msgs=965877      1501 ns/msg
  AGGREGATE active = 283.00% (of 4 dir-threads; 70.75% per-thread avg)  msgs=3774617
0, throughput 0.9411 Mops
0, throughput 0.7899 Mops
0, throughput 0.2442 Mops
0, throughput 0.0022 Mops
[RESULT node 0] ops=49999992 elapsed=31.506s throughput=1.5870 Mops mode=op-bounded

==================== LATENCY BUCKETS (500 ns) [node 0] ====================
[LOOKUP]
  ALL                n=47916659   mean=   14.05us  p50=  14.00us  p90=  19.00us  p99=  23.50us  p99.9=  53.50us  max>=1000.00us
  DIRECT (1-sided)   n=16840627   mean=   11.67us  p50=  11.50us  p90=  14.50us  p99=  19.00us  p99.9=  64.50us  max>=192.00us
  OFFLOAD (rpc)      n=31076032   mean=   15.33us  p50=  15.50us  p90=  19.50us  p99=  24.00us  p99.9=  34.50us  max>=1000.00us
[ALL OPS]
  ALL                n=47916659   mean=   14.05us  p50=  14.00us  p90=  19.00us  p99=  23.50us  p99.9=  53.50us  max>=1000.00us
  DIRECT (1-sided)   n=16840627   mean=   11.67us  p50=  11.50us  p90=  14.50us  p99=  19.00us  p99.9=  64.50us  max>=192.00us
  OFFLOAD (rpc)      n=31076032   mean=   15.33us  p50=  15.50us  p90=  19.50us  p99=  24.00us  p99.9=  34.50us  max>=1000.00us

----- 500 ns bucket CDF (all ops) [node 0] -----
  bucket [lo,hi) ns             count        pct       cdf
  [     1500,     2000)            2    0.0000%   0.0000%
  [     2000,     2500)            1    0.0000%   0.0000%
  [     3000,     3500)            1    0.0000%   0.0000%
  [     3500,     4000)            1    0.0000%   0.0000%
  [     5000,     5500)            8    0.0000%   0.0000%
  [     5500,     6000)           97    0.0002%   0.0002%
  [     6000,     6500)         1164    0.0024%   0.0027%
  [     6500,     7000)        11684    0.0244%   0.0270%
  [     7000,     7500)        73235    0.1528%   0.1799%
  [     7500,     8000)       276452    0.5769%   0.7568%
  [     8000,     8500)       660179    1.3778%   2.1346%
  [     8500,     9000)      1110619    2.3178%   4.4524%
  [     9000,     9500)      1465569    3.0586%   7.5110%
  [     9500,    10000)      1736834    3.6247%  11.1357%
  [    10000,    10500)      2044669    4.2671%  15.4028%
  [    10500,    11000)      2401104    5.0110%  20.4138%
  [    11000,    11500)      2681040    5.5952%  26.0090%
  [    11500,    12000)      2802953    5.8496%  31.8587%
  [    12000,    12500)      2808194    5.8606%  37.7193%
  [    12500,    13000)      2770975    5.7829%  43.5022%
  [    13000,    13500)      2701811    5.6386%  49.1407%
  [    13500,    14000)      2611689    5.4505%  54.5912%
  [    14000,    14500)      2473345    5.1618%  59.7530%
  [    14500,    15000)      2323313    4.8487%  64.6016%
  [    15000,    15500)      2173992    4.5370%  69.1386%
  [    15500,    16000)      2025216    4.2265%  73.3652%
  [    16000,    16500)      1870629    3.9039%  77.2691%
  [    16500,    17000)      1708443    3.5654%  80.8346%
  [    17000,    17500)      1549703    3.2342%  84.0687%
  [    17500,    18000)      1373531    2.8665%  86.9352%
  [    18000,    18500)      1197173    2.4984%  89.4337%
  [    18500,    19000)      1021530    2.1319%  91.5656%
  [    19000,    19500)       856168    1.7868%  93.3523%
  [    19500,    20000)       701728    1.4645%  94.8168%
  [    20000,    20500)       562307    1.1735%  95.9903%
  [    20500,    21000)       440212    0.9187%  96.9090%
  [    21000,    21500)       339484    0.7085%  97.6175%
  [    21500,    22000)       255838    0.5339%  98.1514%
  [    22000,    22500)       188818    0.3941%  98.5455%
  [    22500,    23000)       137494    0.2869%  98.8324%
  [    23000,    23500)       100694    0.2101%  99.0426%
  [    23500,    24000)        73140    0.1526%  99.1952%
  [    24000,    24500)        53579    0.1118%  99.3070%
  [    24500,    25000)        40415    0.0843%  99.3914%
  [    25000,    25500)        31201    0.0651%  99.4565%
  [    25500,    26000)        25229    0.0527%  99.5092%
  [    26000,    26500)        20528    0.0428%  99.5520%
  [    26500,    27000)        17456    0.0364%  99.5884%
  [    27000,    27500)        14906    0.0311%  99.6195%
  [    27500,    28000)        12904    0.0269%  99.6465%
  [    28000,    28500)        11250    0.0235%  99.6699%
  [    28500,    29000)         9798    0.0204%  99.6904%
  [    29000,    29500)         8870    0.0185%  99.7089%
  [    29500,    30000)         7982    0.0167%  99.7256%
  [    30000,    30500)         7246    0.0151%  99.7407%
  [    30500,    31000)         6646    0.0139%  99.7546%
  [    31000,    31500)         6356    0.0133%  99.7678%
  [    31500,    32000)         6081    0.0127%  99.7805%
  [    32000,    32500)         5754    0.0120%  99.7925%
  [    32500,    33000)         5444    0.0114%  99.8039%
  [    33000,    33500)         5305    0.0111%  99.8149%
  [    33500,    34000)         5028    0.0105%  99.8254%
  [    34000,    34500)         4543    0.0095%  99.8349%
  [    34500,    35000)         4260    0.0089%  99.8438%
  [    35000,    35500)         3754    0.0078%  99.8516%
  [    35500,    36000)         3365    0.0070%  99.8587%
  [    36000,    36500)         2861    0.0060%  99.8646%
  [    36500,    37000)         2469    0.0052%  99.8698%
  [    37000,    37500)         2043    0.0043%  99.8741%
  [    37500,    38000)         1648    0.0034%  99.8775%
  [    38000,    38500)         1428    0.0030%  99.8805%
  [    38500,    39000)         1151    0.0024%  99.8829%
  [    39000,    39500)          925    0.0019%  99.8848%
  [    39500,    40000)          738    0.0015%  99.8864%
  [    40000,    40500)          538    0.0011%  99.8875%
  [    40500,    41000)          410    0.0009%  99.8883%
  [    41000,    41500)          356    0.0007%  99.8891%
  [    41500,    42000)          264    0.0006%  99.8896%
  [    42000,    42500)          233    0.0005%  99.8901%
  [    42500,    43000)          187    0.0004%  99.8905%
  [    43000,    43500)          120    0.0003%  99.8907%
  [    43500,    44000)           89    0.0002%  99.8909%
  [    44000,    44500)           92    0.0002%  99.8911%
  [    44500,    45000)           83    0.0002%  99.8913%
  [    45000,    45500)           57    0.0001%  99.8914%
  [    45500,    46000)           44    0.0001%  99.8915%
  [    46000,    46500)           37    0.0001%  99.8916%
  [    46500,    47000)           55    0.0001%  99.8917%
  [    47000,    47500)           64    0.0001%  99.8918%
  [    47500,    48000)           63    0.0001%  99.8920%
  [    48000,    48500)           93    0.0002%  99.8922%
  [    48500,    49000)          129    0.0003%  99.8924%
  [    49000,    49500)          168    0.0004%  99.8928%
  [    49500,    50000)          236    0.0005%  99.8933%
  [    50000,    50500)          274    0.0006%  99.8938%
  [    50500,    51000)          374    0.0008%  99.8946%
  [    51000,    51500)          421    0.0009%  99.8955%
  [    51500,    52000)          531    0.0011%  99.8966%
  [    52000,    52500)          652    0.0014%  99.8980%
  [    52500,    53000)          737    0.0015%  99.8995%
  [    53000,    53500)          799    0.0017%  99.9012%
  [    53500,    54000)          934    0.0019%  99.9031%
  [    54000,    54500)          979    0.0020%  99.9052%
  [    54500,    55000)         1035    0.0022%  99.9073%
  [    55000,    55500)         1156    0.0024%  99.9097%
  [    55500,    56000)         1310    0.0027%  99.9125%
  [    56000,    56500)         1340    0.0028%  99.9153%
  [    56500,    57000)         1412    0.0029%  99.9182%
  [    57000,    57500)         1449    0.0030%  99.9212%
  [    57500,    58000)         1393    0.0029%  99.9242%
  [    58000,    58500)         1503    0.0031%  99.9273%
  [    58500,    59000)         1538    0.0032%  99.9305%
  [    59000,    59500)         1515    0.0032%  99.9337%
  [    59500,    60000)         1517    0.0032%  99.9368%
  [    60000,    60500)         1570    0.0033%  99.9401%
  [    60500,    61000)         1521    0.0032%  99.9433%
  [    61000,    61500)         1460    0.0030%  99.9463%
  [    61500,    62000)         1467    0.0031%  99.9494%
  [    62000,    62500)         1472    0.0031%  99.9525%
  [    62500,    63000)         1380    0.0029%  99.9553%
  [    63000,    63500)         1388    0.0029%  99.9582%
  [    63500,    64000)         1402    0.0029%  99.9612%
  [    64000,    64500)         1293    0.0027%  99.9639%
  [    64500,    65000)         1286    0.0027%  99.9665%
  [    65000,    65500)         1177    0.0025%  99.9690%
  [    65500,    66000)         1210    0.0025%  99.9715%
  [    66000,    66500)         1134    0.0024%  99.9739%
  [    66500,    67000)         1041    0.0022%  99.9761%
  [    67000,    67500)          982    0.0020%  99.9781%
  [    67500,    68000)          887    0.0019%  99.9800%
  [    68000,    68500)          845    0.0018%  99.9817%
  [    68500,    69000)          808    0.0017%  99.9834%
  [    69000,    69500)          748    0.0016%  99.9850%
  [    69500,    70000)          660    0.0014%  99.9864%
  [    70000,    70500)          627    0.0013%  99.9877%
  [    70500,    71000)          553    0.0012%  99.9888%
  [    71000,    71500)          538    0.0011%  99.9899%
  [    71500,    72000)          472    0.0010%  99.9909%
  [    72000,    72500)          416    0.0009%  99.9918%
  [    72500,    73000)          403    0.0008%  99.9926%
  [    73000,    73500)          346    0.0007%  99.9934%
  [    73500,    74000)          316    0.0007%  99.9940%
  [    74000,    74500)          272    0.0006%  99.9946%
  [    74500,    75000)          244    0.0005%  99.9951%
  [    75000,    75500)          227    0.0005%  99.9956%
  [    75500,    76000)          201    0.0004%  99.9960%
  [    76000,    76500)          164    0.0003%  99.9963%
  [    76500,    77000)          162    0.0003%  99.9967%
  [    77000,    77500)          136    0.0003%  99.9969%
  [    77500,    78000)          117    0.0002%  99.9972%
  [    78000,    78500)          106    0.0002%  99.9974%
  [    78500,    79000)           97    0.0002%  99.9976%
  [    79000,    79500)           90    0.0002%  99.9978%
  [    79500,    80000)           67    0.0001%  99.9979%
  [    80000,    80500)           69    0.0001%  99.9981%
  [    80500,    81000)           56    0.0001%  99.9982%
  [    81000,    81500)           49    0.0001%  99.9983%
  [    81500,    82000)           46    0.0001%  99.9984%
  [    82000,    82500)           41    0.0001%  99.9985%
  [    82500,    83000)           40    0.0001%  99.9986%
  [    83000,    83500)           44    0.0001%  99.9987%
  [    83500,    84000)           37    0.0001%  99.9987%
  [    84000,    84500)           20    0.0000%  99.9988%
  [    84500,    85000)           25    0.0001%  99.9988%
  [    85000,    85500)           31    0.0001%  99.9989%
  [    85500,    86000)           12    0.0000%  99.9989%
  [    86000,    86500)           15    0.0000%  99.9990%
  [    86500,    87000)           14    0.0000%  99.9990%
  [    87000,    87500)           19    0.0000%  99.9990%
  [    87500,    88000)           10    0.0000%  99.9990%
  [    88000,    88500)           13    0.0000%  99.9991%
  [    88500,    89000)           13    0.0000%  99.9991%
  [    89000,    89500)           10    0.0000%  99.9991%
  [    89500,    90000)           10    0.0000%  99.9991%
  [    90000,    90500)           10    0.0000%  99.9992%
  [    90500,    91000)           13    0.0000%  99.9992%
  [    91000,    91500)            5    0.0000%  99.9992%
  [    91500,    92000)           10    0.0000%  99.9992%
  [    92000,    92500)            6    0.0000%  99.9992%
  [    92500,    93000)            4    0.0000%  99.9992%
  [    93000,    93500)            2    0.0000%  99.9992%
  [    93500,    94000)            6    0.0000%  99.9993%
  [    94000,    94500)            6    0.0000%  99.9993%
  [    94500,    95000)            3    0.0000%  99.9993%
  [    95000,    95500)            3    0.0000%  99.9993%
  [    95500,    96000)            2    0.0000%  99.9993%
  [    96000,    96500)            1    0.0000%  99.9993%
  [    96500,    97000)            4    0.0000%  99.9993%
  [    97500,    98000)            3    0.0000%  99.9993%
  [    98000,    98500)            2    0.0000%  99.9993%
  [    98500,    99000)            1    0.0000%  99.9993%
  [    99000,    99500)            1    0.0000%  99.9993%
  [    99500,   100000)            1    0.0000%  99.9993%
  [   100500,   101000)            1    0.0000%  99.9993%
  [   101500,   102000)            1    0.0000%  99.9993%
  [   103500,   104000)            2    0.0000%  99.9993%
  [   104500,   105000)            2    0.0000%  99.9993%
  [   105000,   105500)            1    0.0000%  99.9993%
  [   106000,   106500)            3    0.0000%  99.9993%
  [   106500,   107000)            1    0.0000%  99.9993%
  [   107000,   107500)            2    0.0000%  99.9993%
  [   108000,   108500)            2    0.0000%  99.9993%
  [   108500,   109000)            1    0.0000%  99.9993%
  [   109000,   109500)            2    0.0000%  99.9994%
  [   109500,   110000)            1    0.0000%  99.9994%
  [   110000,   110500)            3    0.0000%  99.9994%
  [   110500,   111000)            1    0.0000%  99.9994%
  [   111000,   111500)            1    0.0000%  99.9994%
  [   112000,   112500)            3    0.0000%  99.9994%
  [   112500,   113000)            1    0.0000%  99.9994%
  [   113000,   113500)            5    0.0000%  99.9994%
  [   113500,   114000)            1    0.0000%  99.9994%
  [   114000,   114500)            1    0.0000%  99.9994%
  [   114500,   115000)            3    0.0000%  99.9994%
  [   115000,   115500)            2    0.0000%  99.9994%
  [   115500,   116000)            3    0.0000%  99.9994%
  [   116000,   116500)            2    0.0000%  99.9994%
  [   117000,   117500)            3    0.0000%  99.9994%
  [   117500,   118000)            4    0.0000%  99.9994%
  [   118000,   118500)            1    0.0000%  99.9994%
  [   118500,   119000)            1    0.0000%  99.9994%
  [   119500,   120000)            1    0.0000%  99.9994%
  [   120000,   120500)            1    0.0000%  99.9994%
  [   120500,   121000)            3    0.0000%  99.9994%
  [   121000,   121500)            2    0.0000%  99.9994%
  [   121500,   122000)            1    0.0000%  99.9994%
  [   122000,   122500)            2    0.0000%  99.9994%
  [   122500,   123000)            5    0.0000%  99.9995%
  [   123000,   123500)            4    0.0000%  99.9995%
  [   123500,   124000)            6    0.0000%  99.9995%
  [   124000,   124500)            1    0.0000%  99.9995%
  [   124500,   125000)            1    0.0000%  99.9995%
  [   125000,   125500)            3    0.0000%  99.9995%
  [   125500,   126000)            4    0.0000%  99.9995%
  [   126000,   126500)            1    0.0000%  99.9995%
  [   126500,   127000)            1    0.0000%  99.9995%
  [   127000,   127500)            2    0.0000%  99.9995%
  [   127500,   128000)            1    0.0000%  99.9995%
  [   128000,   128500)            1    0.0000%  99.9995%
  [   128500,   129000)            1    0.0000%  99.9995%
  [   129500,   130000)            2    0.0000%  99.9995%
  [   130000,   130500)            5    0.0000%  99.9995%
  [   130500,   131000)            1    0.0000%  99.9995%
  [   131000,   131500)            1    0.0000%  99.9995%
  [   131500,   132000)            2    0.0000%  99.9995%
  [   133000,   133500)            1    0.0000%  99.9995%
  [   134000,   134500)            1    0.0000%  99.9995%
  [   134500,   135000)            2    0.0000%  99.9995%
  [   135500,   136000)            1    0.0000%  99.9995%
  [   136000,   136500)            1    0.0000%  99.9995%
  [   137000,   137500)            1    0.0000%  99.9996%
  [   138500,   139000)            1    0.0000%  99.9996%
  [   139500,   140000)            3    0.0000%  99.9996%
  [   141000,   141500)            1    0.0000%  99.9996%
  [   141500,   142000)            2    0.0000%  99.9996%
  [   144000,   144500)            1    0.0000%  99.9996%
  [   144500,   145000)            2    0.0000%  99.9996%
  [   145500,   146000)            1    0.0000%  99.9996%
  [   148000,   148500)            1    0.0000%  99.9996%
  [   152500,   153000)            1    0.0000%  99.9996%
  [   156500,   157000)            1    0.0000%  99.9996%
  [   159000,   159500)            1    0.0000%  99.9996%
  [   165000,   165500)            1    0.0000%  99.9996%
  [   166500,   167000)            1    0.0000%  99.9996%
  [   167000,   167500)            1    0.0000%  99.9996%
  [   168500,   169000)            1    0.0000%  99.9996%
  [   169000,   169500)            1    0.0000%  99.9996%
  [   171500,   172000)            1    0.0000%  99.9996%
  [   175000,   175500)            1    0.0000%  99.9996%
  [   176000,   176500)            2    0.0000%  99.9996%
  [   179000,   179500)            2    0.0000%  99.9996%
  [   180500,   181000)            2    0.0000%  99.9996%
  [   184500,   185000)            1    0.0000%  99.9996%
  [   185000,   185500)            1    0.0000%  99.9996%
  [   185500,   186000)            1    0.0000%  99.9996%
  [   189500,   190000)            1    0.0000%  99.9996%
  [   190000,   190500)            1    0.0000%  99.9996%
  [   191500,   192000)            1    0.0000%  99.9996%
  [   192000,   192500)            1    0.0000%  99.9996%
  [   194000,   194500)            1    0.0000%  99.9996%
  [   196000,   196500)            1    0.0000%  99.9996%
  [   196500,   197000)            1    0.0000%  99.9996%
  [   198500,   199000)            1    0.0000%  99.9996%
  [   199500,   200000)            1    0.0000%  99.9996%
  [   200000,   200500)            2    0.0000%  99.9996%
  [   201000,   201500)            1    0.0000%  99.9996%
  [   202000,   202500)            2    0.0000%  99.9996%
  [   202500,   203000)            1    0.0000%  99.9996%
  [   203000,   203500)            1    0.0000%  99.9996%
  [   203500,   204000)            3    0.0000%  99.9997%
  [   204000,   204500)            3    0.0000%  99.9997%
  [   204500,   205000)            3    0.0000%  99.9997%
  [   205500,   206000)            1    0.0000%  99.9997%
  [   206000,   206500)            3    0.0000%  99.9997%
  [   206500,   207000)            2    0.0000%  99.9997%
  [   207000,   207500)            3    0.0000%  99.9997%
  [   207500,   208000)            3    0.0000%  99.9997%
  [   208000,   208500)            5    0.0000%  99.9997%
  [   208500,   209000)            6    0.0000%  99.9997%
  [   209000,   209500)            1    0.0000%  99.9997%
  [   209500,   210000)            4    0.0000%  99.9997%
  [   210000,   210500)            5    0.0000%  99.9997%
  [   210500,   211000)            9    0.0000%  99.9998%
  [   211000,   211500)            4    0.0000%  99.9998%
  [   211500,   212000)            6    0.0000%  99.9998%
  [   212000,   212500)            3    0.0000%  99.9998%
  [   212500,   213000)            2    0.0000%  99.9998%
  [   213000,   213500)            3    0.0000%  99.9998%
  [   213500,   214000)            5    0.0000%  99.9998%
  [   214000,   214500)            3    0.0000%  99.9998%
  [   214500,   215000)            2    0.0000%  99.9998%
  [   215000,   215500)            6    0.0000%  99.9998%
  [   215500,   216000)            1    0.0000%  99.9998%
  [   216000,   216500)            1    0.0000%  99.9998%
  [   216500,   217000)            1    0.0000%  99.9998%
  [   217000,   217500)            2    0.0000%  99.9998%
  [   217500,   218000)            2    0.0000%  99.9998%
  [   218000,   218500)            4    0.0000%  99.9998%
  [   218500,   219000)            5    0.0000%  99.9999%
  [   219000,   219500)            7    0.0000%  99.9999%
  [   219500,   220000)            7    0.0000%  99.9999%
  [   220000,   220500)            4    0.0000%  99.9999%
  [   220500,   221000)            2    0.0000%  99.9999%
  [   221000,   221500)            1    0.0000%  99.9999%
  [   221500,   222000)            4    0.0000%  99.9999%
  [   222000,   222500)            4    0.0000%  99.9999%
  [   222500,   223000)            4    0.0000%  99.9999%
  [   223000,   223500)            2    0.0000%  99.9999%
  [   224000,   224500)            3    0.0000%  99.9999%
  [   224500,   225000)            1    0.0000%  99.9999%
  [   225000,   225500)            4    0.0000%  99.9999%
  [   225500,   226000)            1    0.0000% 100.0000%
  [   226000,   226500)            3    0.0000% 100.0000%
  [   226500,   227000)            2    0.0000% 100.0000%
  [   227500,   228000)            1    0.0000% 100.0000%
  [   228500,   229000)            1    0.0000% 100.0000%
  [   233000,   233500)            1    0.0000% 100.0000%
  [   235500,   236000)            1    0.0000% 100.0000%
  [   333000,   333500)            1    0.0000% 100.0000%
  [   336500,   337000)            1    0.0000% 100.0000%
  [   905000,   905500)            1    0.0000% 100.0000%
  [   914500,   915000)            1    0.0000% 100.0000%
  [   999500, +inf)                  10    0.0000% 100.0000%

----- OFFLOADED TASKS [node 0] -----
  ops total                = 47916659
  ops direct (1-sided)     = 16840627 (35.15%)
  ops offload (rpc)        = 31076032 (64.85%)
  lookup pushdowns         = 31076032
  scan   pushdowns (RPC)   = 0
    kv pairs returned      = 0
    leaves scanned remotely= 0
    kv / scan pushdown     = 0.00
    leaves / scan pushdown = 0.00
=========================================================================

[CORRECTNESS node 0] lookup found 47915698 / 47916659 = 99.9980%
[END]

----- REMOTE CPU LOAD (memory node dir-threads, 2s window) -----
  dir 0: active= 27.17%  msgs=394058      1379 ns/msg
  dir 1: active= 28.42%  msgs=406057      1400 ns/msg
  dir 2: active= 36.96%  msgs=512613      1442 ns/msg
  dir 3: active= 36.27%  msgs=517510      1402 ns/msg
  AGGREGATE active = 128.81% (of 4 dir-threads; 32.20% per-thread avg)  msgs=1830238
