nodes 2, threads 24, mix R/I/U/S=0/0/0/100, zipf-0.99, bulk 50M warmup 10M op 50M, offload 100%, scan_range 100
[4mshared memory size: 64GB, 0x7feeda800000[0m
[4mrdma cache size: 4GB[0m
[4mMachine NR: 2[0m
[4mCompute server 1 start up [255.127.0.0]
[0m
I connect server 0
[CONFIG node 1] dir threads = 4 (CHIME_DIR_THREADS, max 8) -- MUST match the other node
workload generated: keyspace=50001000 bulk=50000000 warmup=9999984 op=49999992
[4mKey space set: keySpaceSize=50000000[0m
I am 24
I am 26
I am 25
I am 31
[INFO] new root level 2
I am 36
I am 30
I am 28
I am 44
I am 32
I am 41
I am 34
I am 38
I am 29
I am 42
I am 47
I am 33
I am 45
I am 40
I am 35
I am 39
I am 37
I am 46
I am 43
I am 27
[INFO] new root level 3
[INFO] new root level 4
[INFO] new root level 5
[INFO] new root level 6
[INFO] new root level 7
[bulk] loader node: 10% (625001/6250000 keys)
[bulk] loader node: 20% (1250002/6250000 keys)
[bulk] loader node: 30% (1875003/6250000 keys)
[bulk] loader node: 40% (2500004/6250000 keys)
[bulk] loader node: 50% (3125005/6250000 keys)
[bulk] loader node: 60% (3750006/6250000 keys)
[bulk] loader node: 70% (4375007/6250000 keys)
[bulk] loader node: 80% (5000008/6250000 keys)
[bulk] loader node: 90% (5625009/6250000 keys)
node 1 warmup done in 237s
1, throughput 0.3264 Mops
1, throughput 0.3208 Mops
1, throughput 0.3191 Mops
1, throughput 0.3189 Mops
1, throughput 0.3191 Mops
1, throughput 0.3193 Mops
1, throughput 0.3193 Mops
1, throughput 0.3195 Mops
1, throughput 0.3188 Mops
1, throughput 0.3167 Mops
1, throughput 0.3191 Mops
1, throughput 0.3194 Mops
1, throughput 0.3187 Mops
1, throughput 0.3193 Mops
1, throughput 0.3197 Mops
1, throughput 0.3191 Mops
1, throughput 0.3196 Mops
1, throughput 0.3190 Mops
1, throughput 0.3195 Mops
1, throughput 0.3188 Mops
1, throughput 0.3196 Mops
1, throughput 0.3190 Mops
1, throughput 0.3195 Mops
1, throughput 0.3192 Mops
1, throughput 0.3193 Mops
1, throughput 0.3189 Mops
1, throughput 0.3190 Mops
1, throughput 0.3196 Mops
1, throughput 0.3196 Mops
1, throughput 0.3172 Mops
1, throughput 0.3177 Mops
1, throughput 0.3191 Mops
1, throughput 0.3191 Mops
1, throughput 0.3188 Mops
1, throughput 0.3193 Mops
1, throughput 0.3194 Mops
1, throughput 0.3195 Mops
1, throughput 0.3195 Mops
1, throughput 0.3199 Mops
1, throughput 0.3187 Mops
1, throughput 0.3187 Mops
1, throughput 0.3193 Mops
1, throughput 0.3194 Mops
1, throughput 0.3194 Mops
1, throughput 0.3199 Mops
1, throughput 0.3198 Mops
1, throughput 0.3204 Mops
1, throughput 0.3195 Mops
1, throughput 0.3199 Mops
1, throughput 0.3195 Mops
1, throughput 0.3164 Mops
1, throughput 0.3199 Mops
1, throughput 0.3197 Mops
1, throughput 0.3194 Mops
1, throughput 0.3198 Mops
1, throughput 0.3200 Mops
1, throughput 0.3196 Mops
1, throughput 0.3191 Mops
1, throughput 0.3188 Mops
1, throughput 0.3195 Mops
1, throughput 0.3200 Mops
1, throughput 0.3195 Mops
1, throughput 0.3199 Mops
1, throughput 0.3196 Mops
1, throughput 0.3193 Mops
1, throughput 0.3199 Mops
1, throughput 0.3197 Mops
1, throughput 0.3199 Mops
1, throughput 0.3191 Mops
1, throughput 0.3197 Mops
1, throughput 0.3190 Mops
1, throughput 0.3167 Mops
1, throughput 0.3195 Mops
1, throughput 0.3199 Mops
1, throughput 0.3193 Mops
1, throughput 0.3196 Mops
1, throughput 0.3192 Mops
1, throughput 0.3198 Mops
1, throughput 0.3205 Mops
1, throughput 0.3195 Mops
1, throughput 0.3198 Mops
1, throughput 0.3198 Mops
1, throughput 0.3194 Mops
1, throughput 0.3200 Mops
1, throughput 0.3198 Mops
1, throughput 0.3202 Mops
1, throughput 0.3203 Mops
1, throughput 0.3193 Mops
1, throughput 0.3196 Mops
1, throughput 0.3203 Mops
1, throughput 0.3200 Mops
1, throughput 0.3183 Mops
1, throughput 0.3182 Mops
1, throughput 0.3198 Mops
1, throughput 0.3202 Mops
1, throughput 0.3197 Mops
1, throughput 0.3195 Mops
1, throughput 0.3196 Mops
1, throughput 0.3199 Mops
1, throughput 0.3198 Mops
1, throughput 0.3196 Mops
1, throughput 0.3191 Mops
1, throughput 0.3195 Mops
1, throughput 0.3201 Mops
1, throughput 0.3197 Mops
1, throughput 0.3200 Mops
1, throughput 0.3200 Mops
1, throughput 0.3200 Mops
1, throughput 0.3201 Mops
1, throughput 0.3205 Mops
1, throughput 0.3199 Mops
1, throughput 0.3196 Mops
1, throughput 0.3171 Mops
1, throughput 0.3197 Mops
1, throughput 0.3201 Mops
1, throughput 0.3200 Mops
1, throughput 0.3203 Mops
1, throughput 0.3193 Mops
1, throughput 0.3200 Mops
1, throughput 0.3198 Mops
1, throughput 0.3199 Mops
1, throughput 0.3195 Mops
1, throughput 0.3199 Mops
1, throughput 0.3199 Mops
1, throughput 0.3198 Mops
1, throughput 0.3203 Mops
1, throughput 0.3196 Mops
1, throughput 0.3202 Mops
1, throughput 0.3193 Mops
1, throughput 0.3197 Mops
1, throughput 0.3195 Mops
1, throughput 0.3193 Mops
1, throughput 0.3200 Mops
1, throughput 0.3160 Mops
1, throughput 0.3197 Mops
1, throughput 0.3198 Mops
1, throughput 0.3188 Mops
1, throughput 0.3196 Mops
1, throughput 0.3198 Mops
1, throughput 0.3201 Mops
1, throughput 0.3196 Mops
1, throughput 0.3200 Mops
1, throughput 0.3194 Mops
1, throughput 0.3198 Mops
1, throughput 0.3194 Mops
1, throughput 0.3192 Mops
1, throughput 0.3196 Mops
1, throughput 0.3193 Mops
1, throughput 0.3199 Mops
1, throughput 0.3197 Mops
1, throughput 0.3200 Mops
1, throughput 0.3200 Mops
1, throughput 0.3201 Mops
1, throughput 0.3176 Mops
1, throughput 0.3172 Mops
1, throughput 0.3194 Mops
1, throughput 0.3196 Mops
1, throughput 0.3199 Mops
1, throughput 0.3195 Mops
1, throughput 0.3198 Mops
1, throughput 0.3195 Mops
1, throughput 0.3193 Mops
1, throughput 0.3191 Mops
1, throughput 0.3196 Mops
1, throughput 0.3197 Mops
1, throughput 0.3201 Mops
1, throughput 0.3199 Mops
1, throughput 0.3205 Mops
1, throughput 0.3196 Mops
1, throughput 0.3204 Mops
1, throughput 0.3197 Mops
1, throughput 0.3192 Mops
1, throughput 0.3200 Mops
1, throughput 0.3197 Mops
1, throughput 0.3160 Mops
1, throughput 0.3198 Mops
1, throughput 0.3202 Mops
1, throughput 0.3195 Mops
1, throughput 0.3198 Mops
1, throughput 0.3198 Mops
1, throughput 0.3198 Mops
1, throughput 0.3195 Mops
1, throughput 0.3193 Mops
1, throughput 0.3201 Mops
1, throughput 0.3202 Mops
1, throughput 0.3205 Mops
1, throughput 0.3191 Mops
1, throughput 0.3201 Mops
1, throughput 0.3204 Mops
1, throughput 0.3199 Mops
1, throughput 0.3197 Mops
1, throughput 0.3200 Mops
1, throughput 0.3198 Mops
1, throughput 0.3197 Mops
1, throughput 0.3197 Mops
1, throughput 0.3167 Mops
1, throughput 0.3200 Mops
1, throughput 0.3197 Mops
1, throughput 0.3196 Mops
1, throughput 0.3195 Mops
1, throughput 0.3199 Mops
1, throughput 0.3199 Mops
1, throughput 0.3197 Mops
1, throughput 0.3195 Mops
1, throughput 0.3202 Mops
1, throughput 0.3201 Mops
1, throughput 0.3200 Mops
1, throughput 0.3200 Mops
1, throughput 0.3197 Mops
1, throughput 0.3198 Mops
1, throughput 0.3191 Mops
1, throughput 0.3202 Mops
1, throughput 0.3198 Mops
1, throughput 0.3197 Mops
1, throughput 0.3200 Mops
1, throughput 0.3189 Mops
1, throughput 0.3173 Mops
1, throughput 0.3197 Mops
1, throughput 0.3202 Mops
1, throughput 0.3203 Mops
1, throughput 0.3201 Mops
1, throughput 0.3199 Mops
1, throughput 0.3197 Mops
1, throughput 0.3196 Mops
1, throughput 0.3202 Mops
1, throughput 0.3199 Mops
1, throughput 0.3200 Mops
1, throughput 0.3205 Mops
1, throughput 0.3194 Mops
1, throughput 0.3201 Mops
1, throughput 0.3200 Mops
1, throughput 0.3199 Mops
1, throughput 0.3205 Mops
1, throughput 0.3199 Mops
1, throughput 0.3201 Mops
1, throughput 0.3198 Mops
1, throughput 0.3170 Mops
1, throughput 0.3193 Mops
1, throughput 0.3199 Mops
1, throughput 0.3206 Mops
1, throughput 0.3196 Mops
1, throughput 0.3194 Mops
1, throughput 0.3192 Mops
1, throughput 0.3196 Mops
1, throughput 0.3199 Mops
1, throughput 0.3201 Mops
1, throughput 0.3197 Mops
1, throughput 0.3206 Mops
1, throughput 0.3194 Mops
1, throughput 0.3193 Mops
1, throughput 0.3195 Mops
1, throughput 0.3199 Mops
1, throughput 0.3202 Mops
1, throughput 0.3197 Mops
1, throughput 0.3199 Mops
1, throughput 0.3198 Mops
1, throughput 0.3204 Mops
1, throughput 0.3158 Mops
1, throughput 0.3193 Mops
1, throughput 0.3193 Mops
1, throughput 0.3195 Mops
1, throughput 0.3196 Mops
1, throughput 0.3192 Mops
1, throughput 0.3201 Mops
1, throughput 0.3194 Mops
1, throughput 0.3198 Mops
1, throughput 0.3190 Mops
1, throughput 0.3197 Mops
1, throughput 0.3198 Mops
1, throughput 0.3197 Mops
1, throughput 0.3191 Mops
1, throughput 0.3206 Mops
1, throughput 0.3196 Mops
1, throughput 0.3195 Mops
1, throughput 0.3198 Mops
1, throughput 0.3201 Mops
1, throughput 0.3203 Mops
1, throughput 0.3189 Mops
1, throughput 0.3170 Mops
1, throughput 0.3198 Mops
1, throughput 0.3219 Mops
1, throughput 0.3257 Mops
1, throughput 0.3325 Mops
1, throughput 0.3346 Mops
1, throughput 0.3367 Mops
1, throughput 0.3370 Mops
1, throughput 0.3365 Mops
1, throughput 0.3366 Mops
1, throughput 0.3365 Mops
1, throughput 0.3370 Mops
1, throughput 0.3370 Mops
1, throughput 0.3343 Mops
1, throughput 0.3186 Mops
1, throughput 0.2492 Mops
1, throughput 0.2010 Mops
1, throughput 0.1640 Mops
1, throughput 0.1506 Mops
1, throughput 0.1265 Mops
1, throughput 0.1042 Mops
1, throughput 0.1043 Mops
1, throughput 0.1046 Mops
1, throughput 0.1048 Mops
1, throughput 0.1048 Mops
1, throughput 0.1047 Mops
1, throughput 0.1046 Mops
1, throughput 0.1045 Mops
1, throughput 0.1046 Mops
1, throughput 0.1047 Mops
1, throughput 0.1047 Mops
1, throughput 0.1047 Mops
1, throughput 0.1048 Mops
1, throughput 0.1047 Mops
1, throughput 0.1047 Mops
1, throughput 0.1046 Mops
1, throughput 0.1046 Mops
1, throughput 0.1046 Mops
1, throughput 0.1046 Mops
1, throughput 0.1046 Mops
1, throughput 0.1047 Mops
1, throughput 0.1039 Mops
1, throughput 0.1044 Mops
1, throughput 0.1044 Mops
1, throughput 0.1047 Mops
1, throughput 0.1047 Mops
1, throughput 0.1046 Mops
1, throughput 0.1044 Mops
1, throughput 0.1047 Mops
1, throughput 0.1045 Mops
1, throughput 0.1049 Mops
1, throughput 0.1054 Mops
1, throughput 0.1061 Mops
1, throughput 0.1061 Mops
1, throughput 0.1065 Mops
1, throughput 0.1067 Mops
1, throughput 0.1067 Mops
1, throughput 0.1072 Mops
1, throughput 0.1079 Mops
1, throughput 0.1075 Mops
1, throughput 0.1090 Mops
1, throughput 0.1091 Mops
1, throughput 0.1084 Mops
1, throughput 0.1090 Mops
1, throughput 0.1092 Mops
1, throughput 0.1093 Mops
1, throughput 0.1090 Mops
1, throughput 0.1074 Mops
1, throughput 0.0930 Mops
1, throughput 0.0763 Mops
1, throughput 0.0302 Mops
1, throughput 0.0171 Mops
1, throughput 0.0025 Mops
[RESULT node 1] ops=49999992 elapsed=175.532s throughput=0.2848 Mops mode=op-bounded

==================== LATENCY BUCKETS (500 ns) [node 1] ====================
[RANGE]
  ALL                n=47916659   mean=   74.48us  p50=  66.50us  p90= 111.00us  p99= 145.00us  p99.9= 170.00us  max>=1000.00us
  DIRECT (1-sided)   n=29598493   mean=   62.14us  p50=  60.00us  p90=  74.00us  p99=  83.50us  p99.9=  93.00us  max>=369.00us
  OFFLOAD (rpc)      n=18318166   mean=   94.42us  p50=  96.00us  p90= 127.50us  p99= 156.00us  p99.9= 179.00us  max>=1000.00us
[ALL OPS]
  ALL                n=47916659   mean=   74.48us  p50=  66.50us  p90= 111.00us  p99= 145.00us  p99.9= 170.00us  max>=1000.00us
  DIRECT (1-sided)   n=29598493   mean=   62.14us  p50=  60.00us  p90=  74.00us  p99=  83.50us  p99.9=  93.00us  max>=369.00us
  OFFLOAD (rpc)      n=18318166   mean=   94.42us  p50=  96.00us  p90= 127.50us  p99= 156.00us  p99.9= 179.00us  max>=1000.00us

----- 500 ns bucket CDF (all ops) [node 1] -----
  bucket [lo,hi) ns             count        pct       cdf
  [    16000,    16500)            1    0.0000%   0.0000%
  [    22000,    22500)            1    0.0000%   0.0000%
  [    31000,    31500)            1    0.0000%   0.0000%
  [    31500,    32000)            2    0.0000%   0.0000%
  [    32000,    32500)            7    0.0000%   0.0000%
  [    32500,    33000)            9    0.0000%   0.0000%
  [    33000,    33500)           20    0.0000%   0.0001%
  [    33500,    34000)           37    0.0001%   0.0002%
  [    34000,    34500)           72    0.0002%   0.0003%
  [    34500,    35000)          112    0.0002%   0.0005%
  [    35000,    35500)          131    0.0003%   0.0008%
  [    35500,    36000)          182    0.0004%   0.0012%
  [    36000,    36500)          227    0.0005%   0.0017%
  [    36500,    37000)          317    0.0007%   0.0023%
  [    37000,    37500)          488    0.0010%   0.0034%
  [    37500,    38000)          828    0.0017%   0.0051%
  [    38000,    38500)         1532    0.0032%   0.0083%
  [    38500,    39000)         2742    0.0057%   0.0140%
  [    39000,    39500)         4715    0.0098%   0.0238%
  [    39500,    40000)         7899    0.0165%   0.0403%
  [    40000,    40500)        11918    0.0249%   0.0652%
  [    40500,    41000)        17379    0.0363%   0.1015%
  [    41000,    41500)        22781    0.0475%   0.1490%
  [    41500,    42000)        28481    0.0594%   0.2084%
  [    42000,    42500)        33883    0.0707%   0.2792%
  [    42500,    43000)        39142    0.0817%   0.3608%
  [    43000,    43500)        42958    0.0897%   0.4505%
  [    43500,    44000)        45030    0.0940%   0.5445%
  [    44000,    44500)        46024    0.0961%   0.6405%
  [    44500,    45000)        47234    0.0986%   0.7391%
  [    45000,    45500)        46976    0.0980%   0.8371%
  [    45500,    46000)        47591    0.0993%   0.9365%
  [    46000,    46500)        50102    0.1046%   1.0410%
  [    46500,    47000)        55503    0.1158%   1.1569%
  [    47000,    47500)        65891    0.1375%   1.2944%
  [    47500,    48000)        82466    0.1721%   1.4665%
  [    48000,    48500)       101809    0.2125%   1.6789%
  [    48500,    49000)       120288    0.2510%   1.9300%
  [    49000,    49500)       135608    0.2830%   2.2130%
  [    49500,    50000)       151820    0.3168%   2.5298%
  [    50000,    50500)       174287    0.3637%   2.8936%
  [    50500,    51000)       213525    0.4456%   3.3392%
  [    51000,    51500)       280652    0.5857%   3.9249%
  [    51500,    52000)       380421    0.7939%   4.7188%
  [    52000,    52500)       508939    1.0621%   5.7809%
  [    52500,    53000)       645512    1.3472%   7.1281%
  [    53000,    53500)       766551    1.5998%   8.7278%
  [    53500,    54000)       854908    1.7842%  10.5120%
  [    54000,    54500)       913596    1.9066%  12.4186%
  [    54500,    55000)       949140    1.9808%  14.3995%
  [    55000,    55500)       986807    2.0594%  16.4589%
  [    55500,    56000)      1057659    2.2073%  18.6662%
  [    56000,    56500)      1152200    2.4046%  21.0708%
  [    56500,    57000)      1242379    2.5928%  23.6636%
  [    57000,    57500)      1276418    2.6638%  26.3274%
  [    57500,    58000)      1238869    2.5855%  28.9128%
  [    58000,    58500)      1137849    2.3746%  31.2875%
  [    58500,    59000)      1001646    2.0904%  33.3779%
  [    59000,    59500)       861564    1.7980%  35.1759%
  [    59500,    60000)       741994    1.5485%  36.7244%
  [    60000,    60500)       659248    1.3758%  38.1003%
  [    60500,    61000)       613734    1.2808%  39.3811%
  [    61000,    61500)       592890    1.2373%  40.6184%
  [    61500,    62000)       577145    1.2045%  41.8229%
  [    62000,    62500)       553569    1.1553%  42.9782%
  [    62500,    63000)       522005    1.0894%  44.0676%
  [    63000,    63500)       482097    1.0061%  45.0737%
  [    63500,    64000)       442120    0.9227%  45.9964%
  [    64000,    64500)       410458    0.8566%  46.8530%
  [    64500,    65000)       392088    0.8183%  47.6713%
  [    65000,    65500)       392200    0.8185%  48.4898%
  [    65500,    66000)       404799    0.8448%  49.3346%
  [    66000,    66500)       426399    0.8899%  50.2244%
  [    66500,    67000)       449629    0.9384%  51.1628%
  [    67000,    67500)       467151    0.9749%  52.1377%
  [    67500,    68000)       475132    0.9916%  53.1293%
  [    68000,    68500)       470930    0.9828%  54.1121%
  [    68500,    69000)       462992    0.9662%  55.0784%
  [    69000,    69500)       454501    0.9485%  56.0269%
  [    69500,    70000)       455068    0.9497%  56.9766%
  [    70000,    70500)       466713    0.9740%  57.9506%
  [    70500,    71000)       483283    1.0086%  58.9592%
  [    71000,    71500)       503617    1.0510%  60.0102%
  [    71500,    72000)       512578    1.0697%  61.0799%
  [    72000,    72500)       506932    1.0579%  62.1379%
  [    72500,    73000)       483710    1.0095%  63.1474%
  [    73000,    73500)       444858    0.9284%  64.0758%
  [    73500,    74000)       396265    0.8270%  64.9028%
  [    74000,    74500)       350494    0.7315%  65.6342%
  [    74500,    75000)       311456    0.6500%  66.2842%
  [    75000,    75500)       282239    0.5890%  66.8732%
  [    75500,    76000)       263901    0.5508%  67.4240%
  [    76000,    76500)       253878    0.5298%  67.9538%
  [    76500,    77000)       247954    0.5175%  68.4713%
  [    77000,    77500)       240273    0.5014%  68.9727%
  [    77500,    78000)       232901    0.4861%  69.4588%
  [    78000,    78500)       221290    0.4618%  69.9206%
  [    78500,    79000)       209012    0.4362%  70.3568%
  [    79000,    79500)       197210    0.4116%  70.7684%
  [    79500,    80000)       185074    0.3862%  71.1546%
  [    80000,    80500)       176552    0.3685%  71.5231%
  [    80500,    81000)       169850    0.3545%  71.8775%
  [    81000,    81500)       165253    0.3449%  72.2224%
  [    81500,    82000)       162118    0.3383%  72.5608%
  [    82000,    82500)       159040    0.3319%  72.8927%
  [    82500,    83000)       155476    0.3245%  73.2171%
  [    83000,    83500)       152441    0.3181%  73.5353%
  [    83500,    84000)       149406    0.3118%  73.8471%
  [    84000,    84500)       146643    0.3060%  74.1531%
  [    84500,    85000)       144103    0.3007%  74.4539%
  [    85000,    85500)       142536    0.2975%  74.7513%
  [    85500,    86000)       140990    0.2942%  75.0456%
  [    86000,    86500)       139878    0.2919%  75.3375%
  [    86500,    87000)       138275    0.2886%  75.6261%
  [    87000,    87500)       138262    0.2885%  75.9146%
  [    87500,    88000)       138713    0.2895%  76.2041%
  [    88000,    88500)       138594    0.2892%  76.4933%
  [    88500,    89000)       139755    0.2917%  76.7850%
  [    89000,    89500)       139801    0.2918%  77.0767%
  [    89500,    90000)       141037    0.2943%  77.3711%
  [    90000,    90500)       141485    0.2953%  77.6664%
  [    90500,    91000)       142867    0.2982%  77.9645%
  [    91000,    91500)       143816    0.3001%  78.2647%
  [    91500,    92000)       144867    0.3023%  78.5670%
  [    92000,    92500)       146008    0.3047%  78.8717%
  [    92500,    93000)       147133    0.3071%  79.1788%
  [    93000,    93500)       147870    0.3086%  79.4874%
  [    93500,    94000)       149051    0.3111%  79.7984%
  [    94000,    94500)       150222    0.3135%  80.1119%
  [    94500,    95000)       150889    0.3149%  80.4268%
  [    95000,    95500)       152225    0.3177%  80.7445%
  [    95500,    96000)       152598    0.3185%  81.0630%
  [    96000,    96500)       152973    0.3192%  81.3822%
  [    96500,    97000)       153721    0.3208%  81.7030%
  [    97000,    97500)       152965    0.3192%  82.0223%
  [    97500,    98000)       153061    0.3194%  82.3417%
  [    98000,    98500)       153166    0.3197%  82.6613%
  [    98500,    99000)       152639    0.3186%  82.9799%
  [    99000,    99500)       152653    0.3186%  83.2985%
  [    99500,   100000)       151798    0.3168%  83.6153%
  [   100000,   100500)       151431    0.3160%  83.9313%
  [   100500,   101000)       150115    0.3133%  84.2446%
  [   101000,   101500)       149489    0.3120%  84.5566%
  [   101500,   102000)       148134    0.3091%  84.8657%
  [   102000,   102500)       147569    0.3080%  85.1737%
  [   102500,   103000)       146336    0.3054%  85.4791%
  [   103000,   103500)       146008    0.3047%  85.7838%
  [   103500,   104000)       144507    0.3016%  86.0854%
  [   104000,   104500)       143666    0.2998%  86.3852%
  [   104500,   105000)       142023    0.2964%  86.6816%
  [   105000,   105500)       140930    0.2941%  86.9757%
  [   105500,   106000)       139731    0.2916%  87.2673%
  [   106000,   106500)       138635    0.2893%  87.5566%
  [   106500,   107000)       137473    0.2869%  87.8435%
  [   107000,   107500)       136360    0.2846%  88.1281%
  [   107500,   108000)       134710    0.2811%  88.4093%
  [   108000,   108500)       133037    0.2776%  88.6869%
  [   108500,   109000)       131420    0.2743%  88.9612%
  [   109000,   109500)       129912    0.2711%  89.2323%
  [   109500,   110000)       128731    0.2687%  89.5009%
  [   110000,   110500)       126204    0.2634%  89.7643%
  [   110500,   111000)       124914    0.2607%  90.0250%
  [   111000,   111500)       122957    0.2566%  90.2816%
  [   111500,   112000)       120232    0.2509%  90.5325%
  [   112000,   112500)       118159    0.2466%  90.7791%
  [   112500,   113000)       117185    0.2446%  91.0237%
  [   113000,   113500)       115002    0.2400%  91.2637%
  [   113500,   114000)       112353    0.2345%  91.4982%
  [   114000,   114500)       110750    0.2311%  91.7293%
  [   114500,   115000)       108167    0.2257%  91.9550%
  [   115000,   115500)       106267    0.2218%  92.1768%
  [   115500,   116000)       104575    0.2182%  92.3951%
  [   116000,   116500)       102388    0.2137%  92.6087%
  [   116500,   117000)       100866    0.2105%  92.8192%
  [   117000,   117500)        98035    0.2046%  93.0238%
  [   117500,   118000)        96871    0.2022%  93.2260%
  [   118000,   118500)        94379    0.1970%  93.4230%
  [   118500,   119000)        92796    0.1937%  93.6166%
  [   119000,   119500)        90037    0.1879%  93.8045%
  [   119500,   120000)        88422    0.1845%  93.9891%
  [   120000,   120500)        87414    0.1824%  94.1715%
  [   120500,   121000)        84891    0.1772%  94.3487%
  [   121000,   121500)        82708    0.1726%  94.5213%
  [   121500,   122000)        80903    0.1688%  94.6901%
  [   122000,   122500)        79117    0.1651%  94.8552%
  [   122500,   123000)        77284    0.1613%  95.0165%
  [   123000,   123500)        75510    0.1576%  95.1741%
  [   123500,   124000)        73412    0.1532%  95.3273%
  [   124000,   124500)        71655    0.1495%  95.4768%
  [   124500,   125000)        69918    0.1459%  95.6228%
  [   125000,   125500)        68404    0.1428%  95.7655%
  [   125500,   126000)        66468    0.1387%  95.9042%
  [   126000,   126500)        64407    0.1344%  96.0387%
  [   126500,   127000)        63147    0.1318%  96.1704%
  [   127000,   127500)        60872    0.1270%  96.2975%
  [   127500,   128000)        59127    0.1234%  96.4209%
  [   128000,   128500)        57937    0.1209%  96.5418%
  [   128500,   129000)        56001    0.1169%  96.6587%
  [   129000,   129500)        54764    0.1143%  96.7729%
  [   129500,   130000)        52537    0.1096%  96.8826%
  [   130000,   130500)        51860    0.1082%  96.9908%
  [   130500,   131000)        49809    0.1039%  97.0948%
  [   131000,   131500)        48627    0.1015%  97.1962%
  [   131500,   132000)        47692    0.0995%  97.2958%
  [   132000,   132500)        45916    0.0958%  97.3916%
  [   132500,   133000)        44592    0.0931%  97.4847%
  [   133000,   133500)        43565    0.0909%  97.5756%
  [   133500,   134000)        42053    0.0878%  97.6633%
  [   134000,   134500)        40617    0.0848%  97.7481%
  [   134500,   135000)        39334    0.0821%  97.8302%
  [   135000,   135500)        38194    0.0797%  97.9099%
  [   135500,   136000)        37052    0.0773%  97.9872%
  [   136000,   136500)        35889    0.0749%  98.0621%
  [   136500,   137000)        34940    0.0729%  98.1351%
  [   137000,   137500)        33452    0.0698%  98.2049%
  [   137500,   138000)        32507    0.0678%  98.2727%
  [   138000,   138500)        31316    0.0654%  98.3381%
  [   138500,   139000)        30437    0.0635%  98.4016%
  [   139000,   139500)        29295    0.0611%  98.4627%
  [   139500,   140000)        28251    0.0590%  98.5217%
  [   140000,   140500)        27404    0.0572%  98.5789%
  [   140500,   141000)        26672    0.0557%  98.6345%
  [   141000,   141500)        25376    0.0530%  98.6875%
  [   141500,   142000)        24484    0.0511%  98.7386%
  [   142000,   142500)        23862    0.0498%  98.7884%
  [   142500,   143000)        23126    0.0483%  98.8366%
  [   143000,   143500)        22331    0.0466%  98.8833%
  [   143500,   144000)        21503    0.0449%  98.9281%
  [   144000,   144500)        20535    0.0429%  98.9710%
  [   144500,   145000)        19744    0.0412%  99.0122%
  [   145000,   145500)        19136    0.0399%  99.0521%
  [   145500,   146000)        18675    0.0390%  99.0911%
  [   146000,   146500)        17959    0.0375%  99.1286%
  [   146500,   147000)        17306    0.0361%  99.1647%
  [   147000,   147500)        16659    0.0348%  99.1995%
  [   147500,   148000)        16027    0.0334%  99.2329%
  [   148000,   148500)        15433    0.0322%  99.2651%
  [   148500,   149000)        14800    0.0309%  99.2960%
  [   149000,   149500)        14204    0.0296%  99.3256%
  [   149500,   150000)        13697    0.0286%  99.3542%
  [   150000,   150500)        13151    0.0274%  99.3817%
  [   150500,   151000)        12444    0.0260%  99.4076%
  [   151000,   151500)        12266    0.0256%  99.4332%
  [   151500,   152000)        11612    0.0242%  99.4575%
  [   152000,   152500)        11188    0.0233%  99.4808%
  [   152500,   153000)        10777    0.0225%  99.5033%
  [   153000,   153500)        10198    0.0213%  99.5246%
  [   153500,   154000)         9944    0.0208%  99.5454%
  [   154000,   154500)         9762    0.0204%  99.5657%
  [   154500,   155000)         9121    0.0190%  99.5848%
  [   155000,   155500)         8727    0.0182%  99.6030%
  [   155500,   156000)         8525    0.0178%  99.6208%
  [   156000,   156500)         8105    0.0169%  99.6377%
  [   156500,   157000)         7789    0.0163%  99.6539%
  [   157000,   157500)         7472    0.0156%  99.6695%
  [   157500,   158000)         7166    0.0150%  99.6845%
  [   158000,   158500)         6866    0.0143%  99.6988%
  [   158500,   159000)         6527    0.0136%  99.7124%
  [   159000,   159500)         6355    0.0133%  99.7257%
  [   159500,   160000)         6000    0.0125%  99.7382%
  [   160000,   160500)         5837    0.0122%  99.7504%
  [   160500,   161000)         5655    0.0118%  99.7622%
  [   161000,   161500)         5325    0.0111%  99.7733%
  [   161500,   162000)         5057    0.0106%  99.7839%
  [   162000,   162500)         4900    0.0102%  99.7941%
  [   162500,   163000)         4422    0.0092%  99.8033%
  [   163000,   163500)         4528    0.0094%  99.8128%
  [   163500,   164000)         4325    0.0090%  99.8218%
  [   164000,   164500)         4025    0.0084%  99.8302%
  [   164500,   165000)         3851    0.0080%  99.8382%
  [   165000,   165500)         3657    0.0076%  99.8459%
  [   165500,   166000)         3612    0.0075%  99.8534%
  [   166000,   166500)         3432    0.0072%  99.8606%
  [   166500,   167000)         3277    0.0068%  99.8674%
  [   167000,   167500)         3055    0.0064%  99.8738%
  [   167500,   168000)         2960    0.0062%  99.8800%
  [   168000,   168500)         2820    0.0059%  99.8858%
  [   168500,   169000)         2690    0.0056%  99.8915%
  [   169000,   169500)         2510    0.0052%  99.8967%
  [   169500,   170000)         2451    0.0051%  99.9018%
  [   170000,   170500)         2283    0.0048%  99.9066%
  [   170500,   171000)         2297    0.0048%  99.9114%
  [   171000,   171500)         2167    0.0045%  99.9159%
  [   171500,   172000)         1939    0.0040%  99.9199%
  [   172000,   172500)         1946    0.0041%  99.9240%
  [   172500,   173000)         1795    0.0037%  99.9278%
  [   173000,   173500)         1766    0.0037%  99.9314%
  [   173500,   174000)         1619    0.0034%  99.9348%
  [   174000,   174500)         1574    0.0033%  99.9381%
  [   174500,   175000)         1534    0.0032%  99.9413%
  [   175000,   175500)         1485    0.0031%  99.9444%
  [   175500,   176000)         1265    0.0026%  99.9470%
  [   176000,   176500)         1308    0.0027%  99.9498%
  [   176500,   177000)         1220    0.0025%  99.9523%
  [   177000,   177500)         1120    0.0023%  99.9547%
  [   177500,   178000)         1093    0.0023%  99.9569%
  [   178000,   178500)         1024    0.0021%  99.9591%
  [   178500,   179000)         1000    0.0021%  99.9612%
  [   179000,   179500)          961    0.0020%  99.9632%
  [   179500,   180000)          870    0.0018%  99.9650%
  [   180000,   180500)          836    0.0017%  99.9667%
  [   180500,   181000)          824    0.0017%  99.9684%
  [   181000,   181500)          761    0.0016%  99.9700%
  [   181500,   182000)          709    0.0015%  99.9715%
  [   182000,   182500)          624    0.0013%  99.9728%
  [   182500,   183000)          677    0.0014%  99.9742%
  [   183000,   183500)          622    0.0013%  99.9755%
  [   183500,   184000)          573    0.0012%  99.9767%
  [   184000,   184500)          582    0.0012%  99.9779%
  [   184500,   185000)          549    0.0011%  99.9791%
  [   185000,   185500)          500    0.0010%  99.9801%
  [   185500,   186000)          483    0.0010%  99.9811%
  [   186000,   186500)          439    0.0009%  99.9821%
  [   186500,   187000)          438    0.0009%  99.9830%
  [   187000,   187500)          430    0.0009%  99.9839%
  [   187500,   188000)          423    0.0009%  99.9847%
  [   188000,   188500)          412    0.0009%  99.9856%
  [   188500,   189000)          374    0.0008%  99.9864%
  [   189000,   189500)          307    0.0006%  99.9870%
  [   189500,   190000)          264    0.0006%  99.9876%
  [   190000,   190500)          279    0.0006%  99.9882%
  [   190500,   191000)          251    0.0005%  99.9887%
  [   191000,   191500)          281    0.0006%  99.9893%
  [   191500,   192000)          218    0.0005%  99.9897%
  [   192000,   192500)          235    0.0005%  99.9902%
  [   192500,   193000)          217    0.0005%  99.9907%
  [   193000,   193500)          185    0.0004%  99.9911%
  [   193500,   194000)          207    0.0004%  99.9915%
  [   194000,   194500)          198    0.0004%  99.9919%
  [   194500,   195000)          173    0.0004%  99.9923%
  [   195000,   195500)          167    0.0003%  99.9926%
  [   195500,   196000)          161    0.0003%  99.9929%
  [   196000,   196500)          159    0.0003%  99.9933%
  [   196500,   197000)          145    0.0003%  99.9936%
  [   197000,   197500)          111    0.0002%  99.9938%
  [   197500,   198000)          127    0.0003%  99.9941%
  [   198000,   198500)          126    0.0003%  99.9943%
  [   198500,   199000)           91    0.0002%  99.9945%
  [   199000,   199500)          105    0.0002%  99.9947%
  [   199500,   200000)          109    0.0002%  99.9950%
  [   200000,   200500)          100    0.0002%  99.9952%
  [   200500,   201000)           92    0.0002%  99.9954%
  [   201000,   201500)           74    0.0002%  99.9955%
  [   201500,   202000)           66    0.0001%  99.9957%
  [   202000,   202500)           77    0.0002%  99.9958%
  [   202500,   203000)           73    0.0002%  99.9960%
  [   203000,   203500)           60    0.0001%  99.9961%
  [   203500,   204000)           73    0.0002%  99.9963%
  [   204000,   204500)           51    0.0001%  99.9964%
  [   204500,   205000)           49    0.0001%  99.9965%
  [   205000,   205500)           48    0.0001%  99.9966%
  [   205500,   206000)           45    0.0001%  99.9967%
  [   206000,   206500)           56    0.0001%  99.9968%
  [   206500,   207000)           42    0.0001%  99.9969%
  [   207000,   207500)           50    0.0001%  99.9970%
  [   207500,   208000)           49    0.0001%  99.9971%
  [   208000,   208500)           33    0.0001%  99.9971%
  [   208500,   209000)           38    0.0001%  99.9972%
  [   209000,   209500)           36    0.0001%  99.9973%
  [   209500,   210000)           48    0.0001%  99.9974%
  [   210000,   210500)           29    0.0001%  99.9975%
  [   210500,   211000)           34    0.0001%  99.9975%
  [   211000,   211500)           25    0.0001%  99.9976%
  [   211500,   212000)           22    0.0000%  99.9976%
  [   212000,   212500)           25    0.0001%  99.9977%
  [   212500,   213000)           19    0.0000%  99.9977%
  [   213000,   213500)           21    0.0000%  99.9978%
  [   213500,   214000)           17    0.0000%  99.9978%
  [   214000,   214500)           15    0.0000%  99.9978%
  [   214500,   215000)           30    0.0001%  99.9979%
  [   215000,   215500)           28    0.0001%  99.9979%
  [   215500,   216000)           11    0.0000%  99.9980%
  [   216000,   216500)           20    0.0000%  99.9980%
  [   216500,   217000)           20    0.0000%  99.9981%
  [   217000,   217500)           12    0.0000%  99.9981%
  [   217500,   218000)           19    0.0000%  99.9981%
  [   218000,   218500)           10    0.0000%  99.9981%
  [   218500,   219000)           14    0.0000%  99.9982%
  [   219000,   219500)           11    0.0000%  99.9982%
  [   219500,   220000)           13    0.0000%  99.9982%
  [   220000,   220500)            9    0.0000%  99.9982%
  [   220500,   221000)           16    0.0000%  99.9983%
  [   221000,   221500)           11    0.0000%  99.9983%
  [   221500,   222000)           12    0.0000%  99.9983%
  [   222000,   222500)           10    0.0000%  99.9983%
  [   222500,   223000)            7    0.0000%  99.9984%
  [   223000,   223500)           11    0.0000%  99.9984%
  [   223500,   224000)            3    0.0000%  99.9984%
  [   224000,   224500)            6    0.0000%  99.9984%
  [   224500,   225000)            5    0.0000%  99.9984%
  [   225000,   225500)            4    0.0000%  99.9984%
  [   225500,   226000)            7    0.0000%  99.9984%
  [   226000,   226500)            6    0.0000%  99.9984%
  [   226500,   227000)           10    0.0000%  99.9985%
  [   227000,   227500)           16    0.0000%  99.9985%
  [   227500,   228000)            2    0.0000%  99.9985%
  [   228000,   228500)            9    0.0000%  99.9985%
  [   228500,   229000)            8    0.0000%  99.9985%
  [   229000,   229500)           11    0.0000%  99.9986%
  [   229500,   230000)            8    0.0000%  99.9986%
  [   230000,   230500)            5    0.0000%  99.9986%
  [   230500,   231000)            5    0.0000%  99.9986%
  [   231000,   231500)            7    0.0000%  99.9986%
  [   231500,   232000)            3    0.0000%  99.9986%
  [   232000,   232500)            5    0.0000%  99.9986%
  [   232500,   233000)           13    0.0000%  99.9987%
  [   233000,   233500)            6    0.0000%  99.9987%
  [   233500,   234000)            3    0.0000%  99.9987%
  [   234000,   234500)            2    0.0000%  99.9987%
  [   234500,   235000)            3    0.0000%  99.9987%
  [   235000,   235500)            6    0.0000%  99.9987%
  [   235500,   236000)            5    0.0000%  99.9987%
  [   236000,   236500)            6    0.0000%  99.9987%
  [   236500,   237000)            6    0.0000%  99.9987%
  [   237000,   237500)            5    0.0000%  99.9987%
  [   237500,   238000)            5    0.0000%  99.9988%
  [   238000,   238500)            4    0.0000%  99.9988%
  [   238500,   239000)            4    0.0000%  99.9988%
  [   239000,   239500)            4    0.0000%  99.9988%
  [   239500,   240000)            2    0.0000%  99.9988%
  [   240000,   240500)            6    0.0000%  99.9988%
  [   240500,   241000)            4    0.0000%  99.9988%
  [   241000,   241500)            4    0.0000%  99.9988%
  [   241500,   242000)            5    0.0000%  99.9988%
  [   242000,   242500)            6    0.0000%  99.9988%
  [   242500,   243000)            7    0.0000%  99.9989%
  [   243000,   243500)            7    0.0000%  99.9989%
  [   243500,   244000)            2    0.0000%  99.9989%
  [   244000,   244500)            8    0.0000%  99.9989%
  [   244500,   245000)            4    0.0000%  99.9989%
  [   245000,   245500)            4    0.0000%  99.9989%
  [   245500,   246000)            3    0.0000%  99.9989%
  [   246000,   246500)            3    0.0000%  99.9989%
  [   246500,   247000)            3    0.0000%  99.9989%
  [   247000,   247500)            3    0.0000%  99.9989%
  [   247500,   248000)            2    0.0000%  99.9989%
  [   248000,   248500)            8    0.0000%  99.9989%
  [   248500,   249000)            4    0.0000%  99.9990%
  [   249000,   249500)            2    0.0000%  99.9990%
  [   249500,   250000)            6    0.0000%  99.9990%
  [   250000,   250500)            3    0.0000%  99.9990%
  [   250500,   251000)            2    0.0000%  99.9990%
  [   251000,   251500)            4    0.0000%  99.9990%
  [   251500,   252000)            6    0.0000%  99.9990%
  [   252000,   252500)            2    0.0000%  99.9990%
  [   253000,   253500)            3    0.0000%  99.9990%
  [   253500,   254000)            2    0.0000%  99.9990%
  [   254000,   254500)            3    0.0000%  99.9990%
  [   254500,   255000)            3    0.0000%  99.9990%
  [   255000,   255500)            3    0.0000%  99.9990%
  [   255500,   256000)            2    0.0000%  99.9990%
  [   256000,   256500)            2    0.0000%  99.9990%
  [   256500,   257000)            5    0.0000%  99.9991%
  [   257500,   258000)            7    0.0000%  99.9991%
  [   258000,   258500)            6    0.0000%  99.9991%
  [   258500,   259000)            5    0.0000%  99.9991%
  [   259000,   259500)            1    0.0000%  99.9991%
  [   259500,   260000)            2    0.0000%  99.9991%
  [   260000,   260500)            3    0.0000%  99.9991%
  [   260500,   261000)            2    0.0000%  99.9991%
  [   261000,   261500)            6    0.0000%  99.9991%
  [   261500,   262000)            2    0.0000%  99.9991%
  [   262000,   262500)            4    0.0000%  99.9991%
  [   262500,   263000)            4    0.0000%  99.9991%
  [   263000,   263500)            2    0.0000%  99.9991%
  [   264000,   264500)            3    0.0000%  99.9992%
  [   265000,   265500)            5    0.0000%  99.9992%
  [   265500,   266000)            4    0.0000%  99.9992%
  [   266000,   266500)            3    0.0000%  99.9992%
  [   266500,   267000)            6    0.0000%  99.9992%
  [   267000,   267500)            5    0.0000%  99.9992%
  [   267500,   268000)            2    0.0000%  99.9992%
  [   268000,   268500)            3    0.0000%  99.9992%
  [   268500,   269000)            1    0.0000%  99.9992%
  [   269000,   269500)            3    0.0000%  99.9992%
  [   269500,   270000)            2    0.0000%  99.9992%
  [   270000,   270500)            4    0.0000%  99.9992%
  [   270500,   271000)            2    0.0000%  99.9992%
  [   271000,   271500)            2    0.0000%  99.9992%
  [   271500,   272000)            1    0.0000%  99.9992%
  [   272000,   272500)            2    0.0000%  99.9992%
  [   272500,   273000)            1    0.0000%  99.9993%
  [   273000,   273500)            4    0.0000%  99.9993%
  [   273500,   274000)            2    0.0000%  99.9993%
  [   274000,   274500)            2    0.0000%  99.9993%
  [   274500,   275000)            1    0.0000%  99.9993%
  [   275000,   275500)            4    0.0000%  99.9993%
  [   275500,   276000)            5    0.0000%  99.9993%
  [   276000,   276500)            2    0.0000%  99.9993%
  [   276500,   277000)            2    0.0000%  99.9993%
  [   277000,   277500)            2    0.0000%  99.9993%
  [   277500,   278000)            3    0.0000%  99.9993%
  [   278000,   278500)            5    0.0000%  99.9993%
  [   278500,   279000)            1    0.0000%  99.9993%
  [   279000,   279500)            4    0.0000%  99.9993%
  [   279500,   280000)            2    0.0000%  99.9993%
  [   280000,   280500)            1    0.0000%  99.9993%
  [   280500,   281000)            3    0.0000%  99.9993%
  [   281000,   281500)            2    0.0000%  99.9993%
  [   281500,   282000)            1    0.0000%  99.9993%
  [   282500,   283000)            5    0.0000%  99.9994%
  [   283000,   283500)            3    0.0000%  99.9994%
  [   283500,   284000)            4    0.0000%  99.9994%
  [   284000,   284500)            6    0.0000%  99.9994%
  [   284500,   285000)            2    0.0000%  99.9994%
  [   285000,   285500)            5    0.0000%  99.9994%
  [   285500,   286000)            3    0.0000%  99.9994%
  [   286000,   286500)            2    0.0000%  99.9994%
  [   286500,   287000)            2    0.0000%  99.9994%
  [   287000,   287500)            5    0.0000%  99.9994%
  [   287500,   288000)            3    0.0000%  99.9994%
  [   288000,   288500)            2    0.0000%  99.9994%
  [   288500,   289000)            3    0.0000%  99.9994%
  [   289000,   289500)            3    0.0000%  99.9994%
  [   289500,   290000)            8    0.0000%  99.9995%
  [   290000,   290500)            1    0.0000%  99.9995%
  [   290500,   291000)            2    0.0000%  99.9995%
  [   291000,   291500)            6    0.0000%  99.9995%
  [   291500,   292000)            5    0.0000%  99.9995%
  [   292000,   292500)            4    0.0000%  99.9995%
  [   292500,   293000)            2    0.0000%  99.9995%
  [   293000,   293500)            3    0.0000%  99.9995%
  [   293500,   294000)            2    0.0000%  99.9995%
  [   294000,   294500)            2    0.0000%  99.9995%
  [   294500,   295000)            5    0.0000%  99.9995%
  [   295000,   295500)            3    0.0000%  99.9995%
  [   295500,   296000)            3    0.0000%  99.9995%
  [   296000,   296500)            1    0.0000%  99.9995%
  [   296500,   297000)            2    0.0000%  99.9995%
  [   297000,   297500)            2    0.0000%  99.9996%
  [   297500,   298000)            4    0.0000%  99.9996%
  [   298000,   298500)            4    0.0000%  99.9996%
  [   298500,   299000)            4    0.0000%  99.9996%
  [   299000,   299500)            3    0.0000%  99.9996%
  [   300500,   301000)            6    0.0000%  99.9996%
  [   301500,   302000)            4    0.0000%  99.9996%
  [   302000,   302500)            7    0.0000%  99.9996%
  [   302500,   303000)            5    0.0000%  99.9996%
  [   303500,   304000)            1    0.0000%  99.9996%
  [   304000,   304500)            2    0.0000%  99.9996%
  [   305000,   305500)            3    0.0000%  99.9996%
  [   305500,   306000)            2    0.0000%  99.9996%
  [   306000,   306500)            2    0.0000%  99.9997%
  [   306500,   307000)            3    0.0000%  99.9997%
  [   307000,   307500)            1    0.0000%  99.9997%
  [   307500,   308000)            3    0.0000%  99.9997%
  [   308000,   308500)            3    0.0000%  99.9997%
  [   308500,   309000)            3    0.0000%  99.9997%
  [   309000,   309500)            1    0.0000%  99.9997%
  [   309500,   310000)            1    0.0000%  99.9997%
  [   310000,   310500)            3    0.0000%  99.9997%
  [   310500,   311000)            1    0.0000%  99.9997%
  [   311000,   311500)            3    0.0000%  99.9997%
  [   311500,   312000)            3    0.0000%  99.9997%
  [   312000,   312500)            5    0.0000%  99.9997%
  [   312500,   313000)            2    0.0000%  99.9997%
  [   313000,   313500)            3    0.0000%  99.9997%
  [   313500,   314000)            1    0.0000%  99.9997%
  [   314000,   314500)            2    0.0000%  99.9997%
  [   314500,   315000)            2    0.0000%  99.9997%
  [   315000,   315500)            1    0.0000%  99.9997%
  [   316000,   316500)            1    0.0000%  99.9997%
  [   316500,   317000)            3    0.0000%  99.9997%
  [   317000,   317500)            1    0.0000%  99.9997%
  [   317500,   318000)            3    0.0000%  99.9998%
  [   318000,   318500)            3    0.0000%  99.9998%
  [   318500,   319000)            1    0.0000%  99.9998%
  [   319500,   320000)            1    0.0000%  99.9998%
  [   320000,   320500)            1    0.0000%  99.9998%
  [   321000,   321500)            2    0.0000%  99.9998%
  [   321500,   322000)            1    0.0000%  99.9998%
  [   322500,   323000)            1    0.0000%  99.9998%
  [   323000,   323500)            2    0.0000%  99.9998%
  [   323500,   324000)            2    0.0000%  99.9998%
  [   324000,   324500)            2    0.0000%  99.9998%
  [   324500,   325000)            2    0.0000%  99.9998%
  [   325000,   325500)            4    0.0000%  99.9998%
  [   326000,   326500)            2    0.0000%  99.9998%
  [   326500,   327000)            2    0.0000%  99.9998%
  [   327000,   327500)            2    0.0000%  99.9998%
  [   327500,   328000)            1    0.0000%  99.9998%
  [   328000,   328500)            1    0.0000%  99.9998%
  [   329000,   329500)            1    0.0000%  99.9998%
  [   329500,   330000)            2    0.0000%  99.9998%
  [   330500,   331000)            1    0.0000%  99.9998%
  [   331500,   332000)            2    0.0000%  99.9998%
  [   332000,   332500)            2    0.0000%  99.9998%
  [   332500,   333000)            1    0.0000%  99.9998%
  [   333000,   333500)            2    0.0000%  99.9998%
  [   333500,   334000)            1    0.0000%  99.9998%
  [   334000,   334500)            1    0.0000%  99.9998%
  [   334500,   335000)            2    0.0000%  99.9998%
  [   335000,   335500)            2    0.0000%  99.9999%
  [   335500,   336000)            1    0.0000%  99.9999%
  [   336000,   336500)            1    0.0000%  99.9999%
  [   337000,   337500)            1    0.0000%  99.9999%
  [   337500,   338000)            1    0.0000%  99.9999%
  [   338000,   338500)            1    0.0000%  99.9999%
  [   339000,   339500)            1    0.0000%  99.9999%
  [   340500,   341000)            2    0.0000%  99.9999%
  [   341500,   342000)            2    0.0000%  99.9999%
  [   342000,   342500)            1    0.0000%  99.9999%
  [   343000,   343500)            2    0.0000%  99.9999%
  [   343500,   344000)            1    0.0000%  99.9999%
  [   345500,   346000)            1    0.0000%  99.9999%
  [   346000,   346500)            2    0.0000%  99.9999%
  [   347500,   348000)            1    0.0000%  99.9999%
  [   348000,   348500)            1    0.0000%  99.9999%
  [   348500,   349000)            1    0.0000%  99.9999%
  [   349000,   349500)            1    0.0000%  99.9999%
  [   351000,   351500)            4    0.0000%  99.9999%
  [   351500,   352000)            2    0.0000%  99.9999%
  [   352000,   352500)            1    0.0000%  99.9999%
  [   353000,   353500)            1    0.0000%  99.9999%
  [   353500,   354000)            1    0.0000%  99.9999%
  [   354000,   354500)            1    0.0000%  99.9999%
  [   355000,   355500)            1    0.0000%  99.9999%
  [   356000,   356500)            1    0.0000%  99.9999%
  [   356500,   357000)            1    0.0000%  99.9999%
  [   358000,   358500)            1    0.0000%  99.9999%
  [   358500,   359000)            1    0.0000%  99.9999%
  [   359000,   359500)            1    0.0000%  99.9999%
  [   359500,   360000)            1    0.0000%  99.9999%
  [   360000,   360500)            1    0.0000%  99.9999%
  [   360500,   361000)            2    0.0000%  99.9999%
  [   361500,   362000)            1    0.0000%  99.9999%
  [   363500,   364000)            2    0.0000%  99.9999%
  [   364000,   364500)            1    0.0000%  99.9999%
  [   364500,   365000)            1    0.0000%  99.9999%
  [   366000,   366500)            1    0.0000%  99.9999%
  [   366500,   367000)            1    0.0000% 100.0000%
  [   368500,   369000)            1    0.0000% 100.0000%
  [   370000,   370500)            2    0.0000% 100.0000%
  [   376000,   376500)            1    0.0000% 100.0000%
  [   377500,   378000)            1    0.0000% 100.0000%
  [   384000,   384500)            1    0.0000% 100.0000%
  [   386000,   386500)            2    0.0000% 100.0000%
  [   389000,   389500)            1    0.0000% 100.0000%
  [   391000,   391500)            1    0.0000% 100.0000%
  [   392000,   392500)            1    0.0000% 100.0000%
  [   392500,   393000)            2    0.0000% 100.0000%
  [   393500,   394000)            1    0.0000% 100.0000%
  [   396500,   397000)            1    0.0000% 100.0000%
  [   399500,   400000)            1    0.0000% 100.0000%
  [   402000,   402500)            1    0.0000% 100.0000%
  [   407000,   407500)            1    0.0000% 100.0000%
  [   407500,   408000)            1    0.0000% 100.0000%
  [   415000,   415500)            1    0.0000% 100.0000%
  [   428000,   428500)            1    0.0000% 100.0000%
  [   481000,   481500)            1    0.0000% 100.0000%
  [   999500, +inf)                   1    0.0000% 100.0000%

----- OFFLOADED TASKS [node 1] -----
  ops total                = 47916659
  ops direct (1-sided)     = 29598493 (61.77%)
  ops offload (rpc)        = 18318166 (38.23%)
  lookup pushdowns         = 0
  scan   pushdowns (RPC)   = 18318166
    kv pairs returned      = 1652724638
    leaves scanned remotely= 164030760
    kv / scan pushdown     = 90.22
    leaves / scan pushdown = 8.95
=========================================================================

[CORRECTNESS node 1] scan rows returned = 4791571855
[END]
