nodes 2, threads 36, mix R/I/U/S=100/0/0/0, zipf-0.99, bulk 50M warmup 10M op 30M, offload 100%, scan_range 100
[4mshared memory size: 64GB, 0x7feeda800000[0m
[4mrdma cache size: 4GB[0m
[4mMachine NR: 2[0m
[4mCompute server 1 start up [10.30.1.6]
[0m
I connect server 0
[CONFIG node 1] bulk load: bottom-up build, 8 keys per leaf, 6 children per inner node (CHIME_BULK_BUILD / CHIME_BUILD_LEAF_KEYS / CHIME_BUILD_INNER_FANOUT)
[CONFIG node 1] clients on this node: yes (CHIME_MN_CLIENTS)
[CONFIG node 1] leaf cache by key=0 owner=0 admit_push=0.00 granule=16 (CHIME_LEAF_BY_KEY / CHIME_LEAF_OWNER / CHIME_LEAF_ADMIT_PUSH / CHIME_LEAF_KEY_GRANULE)
[CONFIG node 1] scan path: from_cache=1 offload_always=0 (CHIME_SCAN_FROM_CACHE / CHIME_SCAN_OFFLOAD_ALWAYS)
[CONFIG node 1] push ops: both (CHIME_PUSH_OPS; applies only with offloading on)
[CACHE node 1] total=64 MB index=64 MB leaf=0 MB
[CONFIG node 1] dir threads = 1 (CHIME_DIR_THREADS, max 16) -- MUST match the other node
[CORES node 1] linear pinning: app threads -> CPUs 0..35, main -> 79, dir threads -> 79 (REV_DIR_CPUS)
[CONFIG] hotspot buffer + speculative read: on (CHIME_HOTSPOT; stock CHIME: on above 50 MB)
workload generated: keyspace=50001000 bulk=50000000 warmup=9999972 op=29999988
[4mKey space set: keySpaceSize=50000000[0m
I am 40
I am 38
I am 36
I am 41
I am 39
I am 43
I am 46
I am 42
I am 47
I am 49
I am 37
I am 44
I am 48
I am 50
I am 55
I am 45
I am 69
I am 54
I am 59
I am 57
I am 52
I am 53
I am 68
I am 71
I am 67
I am 60
I am 65
I am 66
I am 70
I am 61
I am 63
I am 62
I am 58
I am 64
I am 56
I am 51
[build] leaves: 10% (625001/6250000)
[build] leaves: 20% (1250002/6250000)
[build] leaves: 30% (1875003/6250000)
[build] leaves: 40% (2500004/6250000)
[build] leaves: 50% (3125005/6250000)
[build] leaves: 60% (3750006/6250000)
[build] leaves: 70% (4375007/6250000)
[build] leaves: 80% (5000008/6250000)
[build] leaves: 90% (5625009/6250000)
[build] inner level 1: 1041667 nodes
[build] inner level 2: 173611 nodes
[build] inner level 3: 28935 nodes
[build] inner level 4: 4823 nodes
[build] inner level 5: 804 nodes
[build] inner level 6: 134 nodes
[build] inner level 7: 23 nodes
[build] inner level 8: 4 nodes
[build] inner level 9: 1 nodes
[build] done in 18.9s: height=10 leaves=6250000 inner_nodes=1250002 (8 keys per leaf, 6 children per inner node)
[TREE] height=10 leaves=6250000 inner_nodes=1250002 keys_per_leaf=8.00 inner_MB=399.4 leaf_MB=2104.0 total_MB=2503.4 (internal span 16, leaf span 16, node bytes inner=335 leaf=353)
node 1 warmup done in 34s
[INDEX] --- post-bulk-load cache occupancy (cache = 64 MB) ---
 ----- [TreeCache]:  cache size=34 MB free_size=-0.000 MB skiplist_node_cnt=1185023 ----- 
consumed cache size = 34.000 MB
 ----- [IdxCache]:  cache size=30 MB free_size=0.000 MB ---- 
consumed hotspot buffer size = 30.000000 MB

[LEAFCACHE] off
1, throughput 2.3352 Mops
1, throughput 2.3906 Mops
1, throughput 2.3978 Mops
1, throughput 2.3921 Mops
1, throughput 2.3928 Mops
1, throughput 2.3854 Mops
1, throughput 2.3935 Mops
1, throughput 2.3937 Mops
1, throughput 2.3895 Mops
1, throughput 2.3919 Mops
1, throughput 2.3946 Mops
1, throughput 2.3314 Mops
1, throughput 2.3854 Mops
1, throughput 2.3929 Mops
1, throughput 2.3873 Mops
1, throughput 2.3968 Mops
1, throughput 2.3525 Mops
1, throughput 2.3933 Mops
1, throughput 2.3907 Mops
1, throughput 2.3956 Mops
1, throughput 2.3923 Mops
1, throughput 2.3911 Mops
1, throughput 2.3950 Mops
1, throughput 2.3947 Mops
1, throughput 2.3625 Mops
1, throughput 0.3708 Mops
[RESULT node 1] ops=29999988 elapsed=12.647s throughput=2.3721 Mops mode=op-bounded
[RDMA node 1] ops=29999988 posts=35052742 read_wr=24584776 read_bytes=554615949 write_wr=0 write_bytes=0 atomic_wr=0 send_wr=10884904 send_bytes=446281064
[RDMA node 1] per_op: round_trips=1.1684 reads=0.8195 writes=0.0000 atomics=0.0000 sends=0.3628 verbs=1.1823 bytes=33.4

==================== LATENCY BUCKETS (500 ns) [node 1] ====================
[LOOKUP]
  ALL                n=29999988   mean=   14.98us  p50=  10.50us  p90=  29.50us  p99=  36.00us  p99.9=  40.50us  max>=636.00us
  DIRECT (1-sided)   n=19115084   mean=    8.25us  p50=   8.00us  p90=  12.00us  p99=  15.00us  p99.9=  19.00us  max>=158.00us
  OFFLOAD (rpc)      n=10884904   mean=   26.79us  p50=  27.00us  p90=  33.00us  p99=  38.00us  p99.9=  42.50us  max>=636.00us
[ALL OPS]
  ALL                n=29999988   mean=   14.98us  p50=  10.50us  p90=  29.50us  p99=  36.00us  p99.9=  40.50us  max>=636.00us
  DIRECT (1-sided)   n=19115084   mean=    8.25us  p50=   8.00us  p90=  12.00us  p99=  15.00us  p99.9=  19.00us  max>=158.00us
  OFFLOAD (rpc)      n=10884904   mean=   26.79us  p50=  27.00us  p90=  33.00us  p99=  38.00us  p99.9=  42.50us  max>=636.00us

----- 500 ns bucket CDF (all ops) [node 1] -----
  bucket [lo,hi) ns             count        pct       cdf
  [      500,     1000)         4778    0.0159%   0.0159%
  [     1000,     1500)        29563    0.0985%   0.1145%
  [     1500,     2000)        46409    0.1547%   0.2692%
  [     2000,     2500)        60752    0.2025%   0.4717%
  [     2500,     3000)        67521    0.2251%   0.6967%
  [     3000,     3500)        75474    0.2516%   0.9483%
  [     3500,     4000)        88057    0.2935%   1.2418%
  [     4000,     4500)       182652    0.6088%   1.8507%
  [     4500,     5000)       474329    1.5811%   3.4318%
  [     5000,     5500)       845010    2.8167%   6.2485%
  [     5500,     6000)      1308809    4.3627%  10.6112%
  [     6000,     6500)      1910157    6.3672%  16.9784%
  [     6500,     7000)      2102290    7.0076%  23.9860%
  [     7000,     7500)      1736470    5.7882%  29.7742%
  [     7500,     8000)      1219121    4.0637%  33.8380%
  [     8000,     8500)       964056    3.2135%  37.0515%
  [     8500,     9000)       971334    3.2378%  40.2893%
  [     9000,     9500)      1077952    3.5932%  43.8825%
  [     9500,    10000)      1142595    3.8087%  47.6911%
  [    10000,    10500)      1103892    3.6796%  51.3708%
  [    10500,    11000)       975003    3.2500%  54.6208%
  [    11000,    11500)       796349    2.6545%  57.2753%
  [    11500,    12000)       603491    2.0116%  59.2869%
  [    12000,    12500)       432965    1.4432%  60.7301%
  [    12500,    13000)       300449    1.0015%  61.7316%
  [    13000,    13500)       206699    0.6890%  62.4206%
  [    13500,    14000)       143946    0.4798%  62.9004%
  [    14000,    14500)       103923    0.3464%  63.2468%
  [    14500,    15000)        78286    0.2610%  63.5078%
  [    15000,    15500)        63579    0.2119%  63.7197%
  [    15500,    16000)        56479    0.1883%  63.9080%
  [    16000,    16500)        54186    0.1806%  64.0886%
  [    16500,    17000)        55648    0.1855%  64.2741%
  [    17000,    17500)        61151    0.2038%  64.4779%
  [    17500,    18000)        69198    0.2307%  64.7086%
  [    18000,    18500)        80715    0.2691%  64.9777%
  [    18500,    19000)        95473    0.3182%  65.2959%
  [    19000,    19500)       112882    0.3763%  65.6722%
  [    19500,    20000)       134005    0.4467%  66.1189%
  [    20000,    20500)       159544    0.5318%  66.6507%
  [    20500,    21000)       185488    0.6183%  67.2690%
  [    21000,    21500)       215830    0.7194%  67.9884%
  [    21500,    22000)       247451    0.8248%  68.8132%
  [    22000,    22500)       282226    0.9408%  69.7540%
  [    22500,    23000)       315387    1.0513%  70.8053%
  [    23000,    23500)       350881    1.1696%  71.9749%
  [    23500,    24000)       381211    1.2707%  73.2456%
  [    24000,    24500)       410044    1.3668%  74.6124%
  [    24500,    25000)       436309    1.4544%  76.0668%
  [    25000,    25500)       457830    1.5261%  77.5929%
  [    25500,    26000)       475111    1.5837%  79.1766%
  [    26000,    26500)       484107    1.6137%  80.7903%
  [    26500,    27000)       489819    1.6327%  82.4230%
  [    27000,    27500)       486620    1.6221%  84.0451%
  [    27500,    28000)       478532    1.5951%  85.6402%
  [    28000,    28500)       463639    1.5455%  87.1856%
  [    28500,    29000)       443069    1.4769%  88.6625%
  [    29000,    29500)       420886    1.4030%  90.0655%
  [    29500,    30000)       391059    1.3035%  91.3690%
  [    30000,    30500)       361112    1.2037%  92.5727%
  [    30500,    31000)       328089    1.0936%  93.6663%
  [    31000,    31500)       297033    0.9901%  94.6565%
  [    31500,    32000)       261439    0.8715%  95.5279%
  [    32000,    32500)       228409    0.7614%  96.2893%
  [    32500,    33000)       198146    0.6605%  96.9498%
  [    33000,    33500)       169923    0.5664%  97.5162%
  [    33500,    34000)       143771    0.4792%  97.9954%
  [    34000,    34500)       119164    0.3972%  98.3926%
  [    34500,    35000)        98559    0.3285%  98.7212%
  [    35000,    35500)        80280    0.2676%  98.9888%
  [    35500,    36000)        65327    0.2178%  99.2065%
  [    36000,    36500)        52630    0.1754%  99.3819%
  [    36500,    37000)        41670    0.1389%  99.5208%
  [    37000,    37500)        32591    0.1086%  99.6295%
  [    37500,    38000)        25549    0.0852%  99.7146%
  [    38000,    38500)        19673    0.0656%  99.7802%
  [    38500,    39000)        15132    0.0504%  99.8307%
  [    39000,    39500)        11673    0.0389%  99.8696%
  [    39500,    40000)         8887    0.0296%  99.8992%
  [    40000,    40500)         6521    0.0217%  99.9209%
  [    40500,    41000)         5142    0.0171%  99.9381%
  [    41000,    41500)         3830    0.0128%  99.9508%
  [    41500,    42000)         2816    0.0094%  99.9602%
  [    42000,    42500)         2155    0.0072%  99.9674%
  [    42500,    43000)         1610    0.0054%  99.9728%
  [    43000,    43500)         1217    0.0041%  99.9768%
  [    43500,    44000)          916    0.0031%  99.9799%
  [    44000,    44500)          699    0.0023%  99.9822%
  [    44500,    45000)          517    0.0017%  99.9839%
  [    45000,    45500)          430    0.0014%  99.9854%
  [    45500,    46000)          306    0.0010%  99.9864%
  [    46000,    46500)          228    0.0008%  99.9872%
  [    46500,    47000)          188    0.0006%  99.9878%
  [    47000,    47500)          152    0.0005%  99.9883%
  [    47500,    48000)          107    0.0004%  99.9886%
  [    48000,    48500)          105    0.0004%  99.9890%
  [    48500,    49000)           85    0.0003%  99.9893%
  [    49000,    49500)           63    0.0002%  99.9895%
  [    49500,    50000)           63    0.0002%  99.9897%
  [    50000,    50500)           60    0.0002%  99.9899%
  [    50500,    51000)           41    0.0001%  99.9900%
  [    51000,    51500)           53    0.0002%  99.9902%
  [    51500,    52000)           49    0.0002%  99.9904%
  [    52000,    52500)           37    0.0001%  99.9905%
  [    52500,    53000)           48    0.0002%  99.9907%
  [    53000,    53500)           39    0.0001%  99.9908%
  [    53500,    54000)           33    0.0001%  99.9909%
  [    54000,    54500)           38    0.0001%  99.9910%
  [    54500,    55000)           50    0.0002%  99.9912%
  [    55000,    55500)           28    0.0001%  99.9913%
  [    55500,    56000)           43    0.0001%  99.9914%
  [    56000,    56500)           39    0.0001%  99.9916%
  [    56500,    57000)           31    0.0001%  99.9917%
  [    57000,    57500)           51    0.0002%  99.9918%
  [    57500,    58000)           33    0.0001%  99.9919%
  [    58000,    58500)           39    0.0001%  99.9921%
  [    58500,    59000)           41    0.0001%  99.9922%
  [    59000,    59500)           44    0.0001%  99.9924%
  [    59500,    60000)           37    0.0001%  99.9925%
  [    60000,    60500)           45    0.0002%  99.9926%
  [    60500,    61000)           54    0.0002%  99.9928%
  [    61000,    61500)           41    0.0001%  99.9929%
  [    61500,    62000)           30    0.0001%  99.9930%
  [    62000,    62500)           43    0.0001%  99.9932%
  [    62500,    63000)           43    0.0001%  99.9933%
  [    63000,    63500)           47    0.0002%  99.9935%
  [    63500,    64000)           32    0.0001%  99.9936%
  [    64000,    64500)           46    0.0002%  99.9937%
  [    64500,    65000)           51    0.0002%  99.9939%
  [    65000,    65500)           46    0.0002%  99.9941%
  [    65500,    66000)           58    0.0002%  99.9943%
  [    66000,    66500)           39    0.0001%  99.9944%
  [    66500,    67000)           37    0.0001%  99.9945%
  [    67000,    67500)           38    0.0001%  99.9946%
  [    67500,    68000)           37    0.0001%  99.9948%
  [    68000,    68500)           45    0.0002%  99.9949%
  [    68500,    69000)           43    0.0001%  99.9951%
  [    69000,    69500)           22    0.0001%  99.9951%
  [    69500,    70000)           29    0.0001%  99.9952%
  [    70000,    70500)           43    0.0001%  99.9954%
  [    70500,    71000)           36    0.0001%  99.9955%
  [    71000,    71500)           37    0.0001%  99.9956%
  [    71500,    72000)           33    0.0001%  99.9957%
  [    72000,    72500)           27    0.0001%  99.9958%
  [    72500,    73000)           22    0.0001%  99.9959%
  [    73000,    73500)           32    0.0001%  99.9960%
  [    73500,    74000)           13    0.0000%  99.9960%
  [    74000,    74500)           22    0.0001%  99.9961%
  [    74500,    75000)           25    0.0001%  99.9962%
  [    75000,    75500)           20    0.0001%  99.9963%
  [    75500,    76000)           18    0.0001%  99.9963%
  [    76000,    76500)           22    0.0001%  99.9964%
  [    76500,    77000)            8    0.0000%  99.9964%
  [    77000,    77500)           14    0.0000%  99.9965%
  [    77500,    78000)           15    0.0001%  99.9965%
  [    78000,    78500)           17    0.0001%  99.9966%
  [    78500,    79000)           20    0.0001%  99.9966%
  [    79000,    79500)           12    0.0000%  99.9967%
  [    79500,    80000)           12    0.0000%  99.9967%
  [    80000,    80500)           17    0.0001%  99.9968%
  [    80500,    81000)           17    0.0001%  99.9968%
  [    81000,    81500)           17    0.0001%  99.9969%
  [    81500,    82000)           11    0.0000%  99.9969%
  [    82000,    82500)           20    0.0001%  99.9970%
  [    82500,    83000)           13    0.0000%  99.9970%
  [    83000,    83500)           16    0.0001%  99.9971%
  [    83500,    84000)           13    0.0000%  99.9971%
  [    84000,    84500)           20    0.0001%  99.9972%
  [    84500,    85000)           13    0.0000%  99.9972%
  [    85000,    85500)           11    0.0000%  99.9973%
  [    85500,    86000)           22    0.0001%  99.9974%
  [    86000,    86500)           10    0.0000%  99.9974%
  [    86500,    87000)           16    0.0001%  99.9974%
  [    87000,    87500)           15    0.0001%  99.9975%
  [    87500,    88000)           12    0.0000%  99.9975%
  [    88000,    88500)           11    0.0000%  99.9976%
  [    88500,    89000)           15    0.0001%  99.9976%
  [    89000,    89500)           15    0.0001%  99.9977%
  [    89500,    90000)           16    0.0001%  99.9977%
  [    90000,    90500)           14    0.0000%  99.9978%
  [    90500,    91000)            9    0.0000%  99.9978%
  [    91000,    91500)           11    0.0000%  99.9978%
  [    91500,    92000)            2    0.0000%  99.9978%
  [    92000,    92500)            7    0.0000%  99.9979%
  [    92500,    93000)            6    0.0000%  99.9979%
  [    93000,    93500)            3    0.0000%  99.9979%
  [    93500,    94000)            1    0.0000%  99.9979%
  [    94000,    94500)            2    0.0000%  99.9979%
  [    94500,    95000)            7    0.0000%  99.9979%
  [    95000,    95500)            1    0.0000%  99.9979%
  [    95500,    96000)            5    0.0000%  99.9980%
  [    96500,    97000)            3    0.0000%  99.9980%
  [    97000,    97500)            2    0.0000%  99.9980%
  [    97500,    98000)            3    0.0000%  99.9980%
  [    98000,    98500)            2    0.0000%  99.9980%
  [    98500,    99000)            3    0.0000%  99.9980%
  [    99000,    99500)            1    0.0000%  99.9980%
  [    99500,   100000)            1    0.0000%  99.9980%
  [   100000,   100500)            2    0.0000%  99.9980%
  [   100500,   101000)            3    0.0000%  99.9980%
  [   101000,   101500)            4    0.0000%  99.9980%
  [   101500,   102000)            4    0.0000%  99.9980%
  [   102000,   102500)            2    0.0000%  99.9981%
  [   104000,   104500)            1    0.0000%  99.9981%
  [   104500,   105000)            3    0.0000%  99.9981%
  [   106000,   106500)            3    0.0000%  99.9981%
  [   106500,   107000)            2    0.0000%  99.9981%
  [   107000,   107500)            4    0.0000%  99.9981%
  [   108000,   108500)            1    0.0000%  99.9981%
  [   110000,   110500)            3    0.0000%  99.9981%
  [   110500,   111000)            3    0.0000%  99.9981%
  [   111500,   112000)            1    0.0000%  99.9981%
  [   112000,   112500)            1    0.0000%  99.9981%
  [   112500,   113000)            1    0.0000%  99.9981%
  [   113000,   113500)            1    0.0000%  99.9981%
  [   113500,   114000)            1    0.0000%  99.9981%
  [   114500,   115000)            1    0.0000%  99.9981%
  [   115000,   115500)            1    0.0000%  99.9981%
  [   115500,   116000)            1    0.0000%  99.9981%
  [   116000,   116500)            2    0.0000%  99.9982%
  [   117000,   117500)            1    0.0000%  99.9982%
  [   119000,   119500)            1    0.0000%  99.9982%
  [   119500,   120000)            1    0.0000%  99.9982%
  [   120000,   120500)            2    0.0000%  99.9982%
  [   121500,   122000)            1    0.0000%  99.9982%
  [   122000,   122500)            1    0.0000%  99.9982%
  [   122500,   123000)            3    0.0000%  99.9982%
  [   123000,   123500)            2    0.0000%  99.9982%
  [   124000,   124500)            1    0.0000%  99.9982%
  [   124500,   125000)            1    0.0000%  99.9982%
  [   126000,   126500)            1    0.0000%  99.9982%
  [   127000,   127500)            1    0.0000%  99.9982%
  [   127500,   128000)            1    0.0000%  99.9982%
  [   128500,   129000)            2    0.0000%  99.9982%
  [   129000,   129500)            1    0.0000%  99.9982%
  [   129500,   130000)            2    0.0000%  99.9982%
  [   130500,   131000)            1    0.0000%  99.9982%
  [   131000,   131500)            1    0.0000%  99.9982%
  [   133000,   133500)            1    0.0000%  99.9982%
  [   134000,   134500)            2    0.0000%  99.9982%
  [   134500,   135000)            1    0.0000%  99.9982%
  [   135000,   135500)            3    0.0000%  99.9983%
  [   135500,   136000)            1    0.0000%  99.9983%
  [   136000,   136500)            7    0.0000%  99.9983%
  [   139000,   139500)            1    0.0000%  99.9983%
  [   139500,   140000)            1    0.0000%  99.9983%
  [   140000,   140500)            3    0.0000%  99.9983%
  [   141000,   141500)            1    0.0000%  99.9983%
  [   141500,   142000)            1    0.0000%  99.9983%
  [   143500,   144000)            1    0.0000%  99.9983%
  [   144000,   144500)            2    0.0000%  99.9983%
  [   144500,   145000)            7    0.0000%  99.9983%
  [   145000,   145500)            1    0.0000%  99.9983%
  [   145500,   146000)            5    0.0000%  99.9984%
  [   146000,   146500)            2    0.0000%  99.9984%
  [   146500,   147000)            4    0.0000%  99.9984%
  [   147000,   147500)            7    0.0000%  99.9984%
  [   147500,   148000)            7    0.0000%  99.9984%
  [   148000,   148500)            5    0.0000%  99.9984%
  [   148500,   149000)            8    0.0000%  99.9985%
  [   149000,   149500)            9    0.0000%  99.9985%
  [   149500,   150000)            8    0.0000%  99.9985%
  [   150000,   150500)            6    0.0000%  99.9985%
  [   150500,   151000)           14    0.0000%  99.9986%
  [   151000,   151500)            9    0.0000%  99.9986%
  [   151500,   152000)           11    0.0000%  99.9987%
  [   152000,   152500)            7    0.0000%  99.9987%
  [   152500,   153000)           10    0.0000%  99.9987%
  [   153000,   153500)           15    0.0001%  99.9988%
  [   153500,   154000)           18    0.0001%  99.9988%
  [   154000,   154500)           19    0.0001%  99.9989%
  [   154500,   155000)           15    0.0001%  99.9989%
  [   155000,   155500)           18    0.0001%  99.9990%
  [   155500,   156000)           20    0.0001%  99.9991%
  [   156000,   156500)           24    0.0001%  99.9991%
  [   156500,   157000)           12    0.0000%  99.9992%
  [   157000,   157500)           16    0.0001%  99.9992%
  [   157500,   158000)           14    0.0000%  99.9993%
  [   158000,   158500)           16    0.0001%  99.9993%
  [   158500,   159000)           17    0.0001%  99.9994%
  [   159000,   159500)           16    0.0001%  99.9994%
  [   159500,   160000)            8    0.0000%  99.9995%
  [   160000,   160500)            7    0.0000%  99.9995%
  [   160500,   161000)            8    0.0000%  99.9995%
  [   161000,   161500)           13    0.0000%  99.9996%
  [   161500,   162000)            6    0.0000%  99.9996%
  [   162000,   162500)            3    0.0000%  99.9996%
  [   162500,   163000)            3    0.0000%  99.9996%
  [   163000,   163500)            4    0.0000%  99.9996%
  [   163500,   164000)            2    0.0000%  99.9996%
  [   164500,   165000)            1    0.0000%  99.9996%
  [   166000,   166500)            1    0.0000%  99.9996%
  [   167500,   168000)            1    0.0000%  99.9996%
  [   241500,   242000)            1    0.0000%  99.9996%
  [   304000,   304500)            1    0.0000%  99.9996%
  [   306000,   306500)            1    0.0000%  99.9996%
  [   306500,   307000)            1    0.0000%  99.9997%
  [   312500,   313000)            1    0.0000%  99.9997%
  [   315000,   315500)            1    0.0000%  99.9997%
  [   315500,   316000)            2    0.0000%  99.9997%
  [   320000,   320500)            1    0.0000%  99.9997%
  [   321000,   321500)            1    0.0000%  99.9997%
  [   321500,   322000)            1    0.0000%  99.9997%
  [   326500,   327000)            1    0.0000%  99.9997%
  [   327000,   327500)            1    0.0000%  99.9997%
  [   328000,   328500)            2    0.0000%  99.9997%
  [   330000,   330500)            1    0.0000%  99.9997%
  [   331000,   331500)            2    0.0000%  99.9997%
  [   331500,   332000)            4    0.0000%  99.9997%
  [   332000,   332500)            2    0.0000%  99.9997%
  [   332500,   333000)            3    0.0000%  99.9997%
  [   333000,   333500)            2    0.0000%  99.9997%
  [   333500,   334000)            1    0.0000%  99.9997%
  [   334000,   334500)            1    0.0000%  99.9997%
  [   334500,   335000)            1    0.0000%  99.9997%
  [   335000,   335500)            1    0.0000%  99.9997%
  [   335500,   336000)            1    0.0000%  99.9998%
  [   337500,   338000)            1    0.0000%  99.9998%
  [   338500,   339000)            1    0.0000%  99.9998%
  [   339500,   340000)            1    0.0000%  99.9998%
  [   340500,   341000)            1    0.0000%  99.9998%
  [   341500,   342000)            1    0.0000%  99.9998%
  [   342000,   342500)            1    0.0000%  99.9998%
  [   342500,   343000)            1    0.0000%  99.9998%
  [   344000,   344500)            1    0.0000%  99.9998%
  [   346000,   346500)            1    0.0000%  99.9998%
  [   346500,   347000)            2    0.0000%  99.9998%
  [   347000,   347500)            1    0.0000%  99.9998%
  [   347500,   348000)            1    0.0000%  99.9998%
  [   348000,   348500)            1    0.0000%  99.9998%
  [   348500,   349000)            1    0.0000%  99.9998%
  [   350500,   351000)            1    0.0000%  99.9998%
  [   351000,   351500)            4    0.0000%  99.9998%
  [   351500,   352000)            3    0.0000%  99.9998%
  [   352000,   352500)            2    0.0000%  99.9998%
  [   352500,   353000)            1    0.0000%  99.9998%
  [   353000,   353500)            3    0.0000%  99.9998%
  [   353500,   354000)            2    0.0000%  99.9999%
  [   354500,   355000)            2    0.0000%  99.9999%
  [   355000,   355500)            3    0.0000%  99.9999%
  [   356000,   356500)            1    0.0000%  99.9999%
  [   356500,   357000)            1    0.0000%  99.9999%
  [   609500,   610000)            1    0.0000%  99.9999%
  [   610000,   610500)            1    0.0000%  99.9999%
  [   611500,   612000)            1    0.0000%  99.9999%
  [   615000,   615500)            1    0.0000%  99.9999%
  [   618500,   619000)            1    0.0000%  99.9999%
  [   619500,   620000)            2    0.0000%  99.9999%
  [   622000,   622500)            1    0.0000%  99.9999%
  [   624500,   625000)            1    0.0000%  99.9999%
  [   627000,   627500)            2    0.0000%  99.9999%
  [   627500,   628000)            1    0.0000%  99.9999%
  [   628500,   629000)            2    0.0000%  99.9999%
  [   629000,   629500)            1    0.0000%  99.9999%
  [   629500,   630000)            2    0.0000%  99.9999%
  [   630000,   630500)            4    0.0000%  99.9999%
  [   630500,   631000)            2    0.0000% 100.0000%
  [   631000,   631500)            5    0.0000% 100.0000%
  [   632000,   632500)            3    0.0000% 100.0000%
  [   632500,   633000)            1    0.0000% 100.0000%
  [   633000,   633500)            2    0.0000% 100.0000%
  [   634000,   634500)            1    0.0000% 100.0000%
  [   635500,   636000)            1    0.0000% 100.0000%

----- OFFLOADED TASKS [node 1] -----
  ops total                = 29999988
  ops direct (1-sided)     = 19115084 (63.72%)
  ops offload (rpc)        = 10884904 (36.28%)
  lookup pushdowns         = 10884904
  scan   pushdowns (RPC)   = 0
    kv pairs returned      = 0
    leaves scanned remotely= 0
    kv / scan pushdown     = 0.00
    leaves / scan pushdown = 0.00
=========================================================================

[CORRECTNESS node 1] lookup found 29999444 / 29999988 = 99.9982%
[READPATH node 1] lookups=29999988  index-cache hit=77.1%  per lookup: leaf=0.605 speculative=0.573 (right 100.0%) hop-reads=0.032 (two-segment 0.014) retries=0.000 invalid=0.000 sibling=0.000  => est. leaf round trips/lookup=0.605
[LEAFCACHE] off

----- PER-LEVEL CACHE HITS [node 1] (lookups; level 0 = leaf) -----
[LEVEL] level=0 hits=0 misses=29041660 hit_rate=0.0000
[LEVEL] level=1 hits=18156756 misses=10884904 hit_rate=0.6252
[LEVEL] level=2 hits=21479057 misses=7562603 hit_rate=0.7396
[LEVEL] level=3 hits=22955370 misses=6086290 hit_rate=0.7904
[LEVEL] level=4 hits=23028087 misses=6013573 hit_rate=0.7929
[LEVEL] level=5 hits=23029953 misses=6011707 hit_rate=0.7930
[LEVEL] level=6 hits=23030578 misses=6011082 hit_rate=0.7930
[LEVEL] level=7 hits=23030578 misses=6011082 hit_rate=0.7930
[LEVEL] level=8 hits=23030578 misses=6011082 hit_rate=0.7930
[LEVEL] level=9 hits=23030578 misses=6011082 hit_rate=0.7930
[KIND node 1] lookups=29041660 inner_visits=261374940 inner_hits=200771535 inner_hit_pct=76.81 leaf_visits=29041660 leaf_hits=0 leaf_hit_pct=0.00
[END]
