Compute node count = 1
kNodeCount 2, kReadRatio 0, kInsertRatio 0, kUpdateRatio 0, kDeleteRatio 0, kRangeRatio 100, totalThreadCount 36, memThreadCount 1 cache_size 128, uniform_workload 1, zipfian 0.990000, bulk_load_num 50000000, warmup_num 10000000, op_num 30000000, check_correctness 0, time_based 0, early_stop 1, index 0, rpc_rate 1.000000, admission_rate 0.100000, auto_tune 0
kMaxThread = 36
KeySpace = 50001000
[GEOMETRY] inner_page=160 leaf_page=512 inner_entries=5 leaf_entries=26 slot=512 placement=mn_only
[4mshared memory size: 64GB, 0x7fef77200000[0m
[4mcache size: 2GB[0m
[4mMachine NR: 2[0m
[4mMax_APP_THREAD: 80[0m
[4mNR_DIRECTORY: 16[0m
[4mStart Build the DSMKeeper[0m
I am servers 0 [255.127.0.0]
I connect server 1
[4mdir 0 launch! (core 79 of 80)
[0m
CNode 0, left bound = 0, right bound = 18446744073709551615
Pushdown (RPC) Rate: 1
Admission Rate: 0.1
Cache size(MB) = 128
-----Cache initial addr = 0x7fef58000000
page num = 262144
alloc_unit = 512
entry_num: 262144
bucket_num: 87382
[DEX_SAFE_PT] page table keeps overflow buckets linked: ON
Bucket size = 64
entry_num: 26214
bucket_num: 4369
[DEX-R] push reads from the deepest cached node: ON (DEX_PUSH_READS_DEEPEST; writes keep DEX's megaLevel rule)
start generating tree
num_partitions = 1
Success: tree root pointer value [1, 67108864]
finish generating tree
Bulkload num in node 0 = 50000000

----- REMOTE CPU LOAD (memory node dir-threads, 2s window) -----
  dir 0: active=  0.00%  msgs=0           0 ns/msg
  AGGREGATE active = 0.00% (of 1 dir-threads; 0.00% per-thread avg)  msgs=0
[CPU compute ] process=  2.50% of 80 cores   system=  2.51%   (window 2s)
First key of bulkloading = 7325973
Last key of bulkloading = 26738230
node warmup num = 9999972
kReadRatio =0
insertmark =0
updatemark =0
deletemark =0
rangemark =100
Finish warmup workload generation

----- REMOTE CPU LOAD (memory node dir-threads, 2s window) -----
  dir 0: active=  0.00%  msgs=0           0 ns/msg
  AGGREGATE active = 0.00% (of 1 dir-threads; 0.00% per-thread avg)  msgs=0
[CPU compute ] process=  2.50% of 80 cores   system=  2.52%   (window 2s)

----- REMOTE CPU LOAD (memory node dir-threads, 2s window) -----
  dir 0: active=  0.00%  msgs=0           0 ns/msg
  AGGREGATE active = 0.00% (of 1 dir-threads; 0.00% per-thread avg)  msgs=0
[CPU compute ] process=  2.50% of 80 cores   system=  4.49%   (window 2s)

----- REMOTE CPU LOAD (memory node dir-threads, 2s window) -----
  dir 0: active=  0.00%  msgs=0           0 ns/msg
  AGGREGATE active = 0.00% (of 1 dir-threads; 0.00% per-thread avg)  msgs=0
[CPU compute ] process=  2.50% of 80 cores   system=  2.52%   (window 2s)

----- REMOTE CPU LOAD (memory node dir-threads, 2s window) -----
  dir 0: active=  0.00%  msgs=0           0 ns/msg
  AGGREGATE active = 0.00% (of 1 dir-threads; 0.00% per-thread avg)  msgs=0
[CPU compute ] process=  2.50% of 80 cores   system=  2.52%   (window 2s)

----- REMOTE CPU LOAD (memory node dir-threads, 2s window) -----
  dir 0: active=  0.00%  msgs=0           0 ns/msg
  AGGREGATE active = 0.00% (of 1 dir-threads; 0.00% per-thread avg)  msgs=0
[CPU compute ] process=  2.50% of 80 cores   system=  2.51%   (window 2s)

----- REMOTE CPU LOAD (memory node dir-threads, 2s window) -----
  dir 0: active=  0.00%  msgs=0           0 ns/msg
  AGGREGATE active = 0.00% (of 1 dir-threads; 0.00% per-thread avg)  msgs=0
[CPU compute ] process=  2.50% of 80 cores   system=  2.51%   (window 2s)
node op_num = 29999988
Finish all workload generation

----- REMOTE CPU LOAD (memory node dir-threads, 2s window) -----
  dir 0: active=  0.00%  msgs=0           0 ns/msg
  AGGREGATE active = 0.00% (of 1 dir-threads; 0.00% per-thread avg)  msgs=0
[CPU compute ] process=  2.50% of 80 cores   system=  4.00%   (window 2s)

----- REMOTE CPU LOAD (memory node dir-threads, 2s window) -----
  dir 0: active=  0.00%  msgs=0           0 ns/msg
  AGGREGATE active = 0.00% (of 1 dir-threads; 0.00% per-thread avg)  msgs=0
[CPU compute ] process=  2.50% of 80 cores   system=  2.98%   (window 2s)
Fetched new height = 1
Success: tree root pointer value [1, 67109888]
Height = 2
Success: tree root pointer value [1, 67112448]
Height = 3
Success: tree root pointer value [1, 67118080]
Height = 4

----- REMOTE CPU LOAD (memory node dir-threads, 2s window) -----
  dir 0: active=  0.00%  msgs=0           0 ns/msg
  AGGREGATE active = 0.00% (of 1 dir-threads; 0.00% per-thread avg)  msgs=0
[CPU compute ] process=  2.50% of 80 cores   system=  2.52%   (window 2s)

----- REMOTE CPU LOAD (memory node dir-threads, 2s window) -----
  dir 0: active=  0.00%  msgs=0           0 ns/msg
  AGGREGATE active = 0.00% (of 1 dir-threads; 0.00% per-thread avg)  msgs=0
[CPU compute ] process=  2.50% of 80 cores   system=  2.51%   (window 2s)
Success: tree root pointer value [1, 67129856]
Height = 5
Success: tree root pointer value [1, 67153920]
Height = 6
Success: tree root pointer value [1, 67202560]
Height = 7
Success: tree root pointer value [1, 67300352]
Height = 8
Success: tree root pointer value [1, 67496448]
Height = 9
Success: tree root pointer value [1, 67889152]
Height = 10
Success: tree root pointer value [1, 68675072]
Height = 11
Success: tree root pointer value [1, 70247424]
Height = 12
Success: tree root pointer value [1, 73392640]
Height = 13
Success: tree root pointer value [1, 79683584]
Height = 14
Success: tree root pointer value [1, 92265984]
Height = 15
Success: tree root pointer value [1, 117431808]
Height = 16
Success: tree root pointer value [1, 167763456]
Height = 17
entering dynamic phase

----- REMOTE CPU LOAD (memory node dir-threads, 2s window) -----
  dir 0: active=  0.00%  msgs=0           0 ns/msg
  AGGREGATE active = 0.00% (of 1 dir-threads; 0.00% per-thread avg)  msgs=0
[CPU compute ] process=  2.50% of 80 cores   system=  2.52%   (window 2s)
Success: tree root pointer value [1, 268427776]
Height = 18

----- REMOTE CPU LOAD (memory node dir-threads, 2s window) -----
  dir 0: active=  0.00%  msgs=0           0 ns/msg
  AGGREGATE active = 0.00% (of 1 dir-threads; 0.00% per-thread avg)  msgs=0
[CPU compute ] process=  2.50% of 80 cores   system=  2.52%   (window 2s)
Success: tree root pointer value [1, 469756928]
Height = 19

----- REMOTE CPU LOAD (memory node dir-threads, 2s window) -----
  dir 0: active=  0.00%  msgs=0           0 ns/msg
  AGGREGATE active = 0.00% (of 1 dir-threads; 0.00% per-thread avg)  msgs=0
[CPU compute ] process=  2.50% of 80 cores   system=  4.49%   (window 2s)

----- REMOTE CPU LOAD (memory node dir-threads, 2s window) -----
  dir 0: active=  0.00%  msgs=0           0 ns/msg
  AGGREGATE active = 0.00% (of 1 dir-threads; 0.00% per-thread avg)  msgs=0
[CPU compute ] process=  2.50% of 80 cores   system=  2.52%   (window 2s)

----- REMOTE CPU LOAD (memory node dir-threads, 2s window) -----
  dir 0: active=  0.00%  msgs=0           0 ns/msg
  AGGREGATE active = 0.00% (of 1 dir-threads; 0.00% per-thread avg)  msgs=0
[CPU compute ] process=  2.50% of 80 cores   system=  2.52%   (window 2s)
Success: tree root pointer value [1, 872416256]
Height = 20

----- REMOTE CPU LOAD (memory node dir-threads, 2s window) -----
  dir 0: active=  0.00%  msgs=0           0 ns/msg
  AGGREGATE active = 0.00% (of 1 dir-threads; 0.00% per-thread avg)  msgs=0
[CPU compute ] process=  2.50% of 80 cores   system=  2.52%   (window 2s)

----- REMOTE CPU LOAD (memory node dir-threads, 2s window) -----
  dir 0: active=  0.00%  msgs=0           0 ns/msg
  AGGREGATE active = 0.00% (of 1 dir-threads; 0.00% per-thread avg)  msgs=0
[CPU compute ] process=  2.50% of 80 cores   system=  2.52%   (window 2s)

----- REMOTE CPU LOAD (memory node dir-threads, 2s window) -----
  dir 0: active=  0.00%  msgs=0           0 ns/msg
  AGGREGATE active = 0.00% (of 1 dir-threads; 0.00% per-thread avg)  msgs=0
[CPU compute ] process=  2.50% of 80 cores   system=  4.47%   (window 2s)

----- REMOTE CPU LOAD (memory node dir-threads, 2s window) -----
  dir 0: active=  0.00%  msgs=0           0 ns/msg
  AGGREGATE active = 0.00% (of 1 dir-threads; 0.00% per-thread avg)  msgs=0
[CPU compute ] process=  2.50% of 80 cores   system=  2.52%   (window 2s)

----- REMOTE CPU LOAD (memory node dir-threads, 2s window) -----
  dir 0: active=  0.00%  msgs=0           0 ns/msg
  AGGREGATE active = 0.00% (of 1 dir-threads; 0.00% per-thread avg)  msgs=0
[CPU compute ] process=  2.50% of 80 cores   system=  2.51%   (window 2s)

----- REMOTE CPU LOAD (memory node dir-threads, 2s window) -----
  dir 0: active=  0.00%  msgs=0           0 ns/msg
  AGGREGATE active = 0.00% (of 1 dir-threads; 0.00% per-thread avg)  msgs=0
[CPU compute ] process=  2.50% of 80 cores   system=  2.51%   (window 2s)
Success: tree root pointer value [1, 1677734400]
Height = 21

----- REMOTE CPU LOAD (memory node dir-threads, 2s window) -----
  dir 0: active=  0.00%  msgs=0           0 ns/msg
  AGGREGATE active = 0.00% (of 1 dir-threads; 0.00% per-thread avg)  msgs=0
[CPU compute ] process=  2.50% of 80 cores   system=  2.52%   (window 2s)

----- REMOTE CPU LOAD (memory node dir-threads, 2s window) -----
  dir 0: active=  0.00%  msgs=0           0 ns/msg
  AGGREGATE active = 0.00% (of 1 dir-threads; 0.00% per-thread avg)  msgs=0
[CPU compute ] process=  2.50% of 80 cores   system=  4.50%   (window 2s)

----- REMOTE CPU LOAD (memory node dir-threads, 2s window) -----
  dir 0: active=  0.00%  msgs=0           0 ns/msg
  AGGREGATE active = 0.00% (of 1 dir-threads; 0.00% per-thread avg)  msgs=0
[CPU compute ] process=  2.50% of 80 cores   system=  2.51%   (window 2s)

----- REMOTE CPU LOAD (memory node dir-threads, 2s window) -----
  dir 0: active=  0.00%  msgs=0           0 ns/msg
  AGGREGATE active = 0.00% (of 1 dir-threads; 0.00% per-thread avg)  msgs=0
[CPU compute ] process=  2.50% of 80 cores   system=  2.51%   (window 2s)

----- REMOTE CPU LOAD (memory node dir-threads, 2s window) -----
  dir 0: active=  0.00%  msgs=0           0 ns/msg
  AGGREGATE active = 0.00% (of 1 dir-threads; 0.00% per-thread avg)  msgs=0
[CPU compute ] process=  2.50% of 80 cores   system=  2.52%   (window 2s)

----- REMOTE CPU LOAD (memory node dir-threads, 2s window) -----
  dir 0: active=  0.00%  msgs=0           0 ns/msg
  AGGREGATE active = 0.00% (of 1 dir-threads; 0.00% per-thread avg)  msgs=0
[CPU compute ] process=  2.50% of 80 cores   system=  2.51%   (window 2s)

----- REMOTE CPU LOAD (memory node dir-threads, 2s window) -----
  dir 0: active=  0.00%  msgs=0           0 ns/msg
  AGGREGATE active = 0.00% (of 1 dir-threads; 0.00% per-thread avg)  msgs=0
[CPU compute ] process=  2.50% of 80 cores   system=  4.45%   (window 2s)

----- REMOTE CPU LOAD (memory node dir-threads, 2s window) -----
  dir 0: active=  0.00%  msgs=0           0 ns/msg
  AGGREGATE active = 0.00% (of 1 dir-threads; 0.00% per-thread avg)  msgs=0
[CPU compute ] process=  2.50% of 80 cores   system=  2.51%   (window 2s)

----- REMOTE CPU LOAD (memory node dir-threads, 2s window) -----
  dir 0: active=  0.00%  msgs=0           0 ns/msg
  AGGREGATE active = 0.00% (of 1 dir-threads; 0.00% per-thread avg)  msgs=0
[CPU compute ] process=  2.50% of 80 cores   system=  2.52%   (window 2s)

----- REMOTE CPU LOAD (memory node dir-threads, 2s window) -----
  dir 0: active=  0.00%  msgs=0           0 ns/msg
  AGGREGATE active = 0.00% (of 1 dir-threads; 0.00% per-thread avg)  msgs=0
[CPU compute ] process=  2.50% of 80 cores   system=  2.51%   (window 2s)

----- REMOTE CPU LOAD (memory node dir-threads, 2s window) -----
  dir 0: active=  0.00%  msgs=0           0 ns/msg
  AGGREGATE active = 0.00% (of 1 dir-threads; 0.00% per-thread avg)  msgs=0
[CPU compute ] process=  2.50% of 80 cores   system=  2.52%   (window 2s)

----- REMOTE CPU LOAD (memory node dir-threads, 2s window) -----
  dir 0: active=  0.00%  msgs=0           0 ns/msg
  AGGREGATE active = 0.00% (of 1 dir-threads; 0.00% per-thread avg)  msgs=0
[CPU compute ] process=  2.50% of 80 cores   system=  4.47%   (window 2s)
Success: tree root pointer value [1, 3288371200]
Height = 22

----- REMOTE CPU LOAD (memory node dir-threads, 2s window) -----
  dir 0: active=  0.00%  msgs=0           0 ns/msg
  AGGREGATE active = 0.00% (of 1 dir-threads; 0.00% per-thread avg)  msgs=0
[CPU compute ] process=  2.50% of 80 cores   system=  2.52%   (window 2s)

----- REMOTE CPU LOAD (memory node dir-threads, 2s window) -----
  dir 0: active=  0.00%  msgs=0           0 ns/msg
  AGGREGATE active = 0.00% (of 1 dir-threads; 0.00% per-thread avg)  msgs=0
[CPU compute ] process=  2.50% of 80 cores   system=  2.51%   (window 2s)

----- REMOTE CPU LOAD (memory node dir-threads, 2s window) -----
  dir 0: active=  0.00%  msgs=0           0 ns/msg
  AGGREGATE active = 0.00% (of 1 dir-threads; 0.00% per-thread avg)  msgs=0
[CPU compute ] process=  2.50% of 80 cores   system=  2.52%   (window 2s)

----- REMOTE CPU LOAD (memory node dir-threads, 2s window) -----
  dir 0: active=  0.00%  msgs=0           0 ns/msg
  AGGREGATE active = 0.00% (of 1 dir-threads; 0.00% per-thread avg)  msgs=0
[CPU compute ] process=  2.50% of 80 cores   system=  2.51%   (window 2s)

----- REMOTE CPU LOAD (memory node dir-threads, 2s window) -----
  dir 0: active=  0.00%  msgs=0           0 ns/msg
  AGGREGATE active = 0.00% (of 1 dir-threads; 0.00% per-thread avg)  msgs=0
[CPU compute ] process=  2.50% of 80 cores   system=  3.18%   (window 2s)
#leaf nodes = 3846153
leaf size(MB) = 1878
#inner nodes = 3846104
inner size(MB) = 1877.98
Tree height = 22
Cache capacity = 262144
max. leaf entries = 26
max. inner entries = 5
Inner page size = 160
Leaf page size = 512
node 0 finish its bulkload
IMPORTANT: my root is 215506694963201
0 is ready for the benchmark
I am 0
Fetched new height = 22
I am 3
I am 1
I am 35
I am 4
I am 5
I am 6
I am 9
I am 8
I am 7
I am 2
I am 20
I am 14
I am 13
I am 24
I am 11
I am 12
I am 16
I am 31
I am 33
I am 25
I am 29
I am 17
I am 28
I am 22
I am 26
I am 32
I am 15
I am 30
I am 19
I am 34
I am 23
I am 21
I am 27
I am 18
I am 10

----- REMOTE CPU LOAD (memory node dir-threads, 2s window) -----
  dir 0: active=  0.00%  msgs=0           0 ns/msg
  AGGREGATE active = 0.00% (of 1 dir-threads; 0.00% per-thread avg)  msgs=0
[CPU compute ] process=  3.23% of 80 cores   system=  4.42%   (window 2s)
entering dynamic phase

----- REMOTE CPU LOAD (memory node dir-threads, 2s window) -----
  dir 0: active=  0.00%  msgs=0           0 ns/msg
  AGGREGATE active = 0.00% (of 1 dir-threads; 0.00% per-thread avg)  msgs=0
[CPU compute ] process= 46.25% of 80 cores   system= 46.30%   (window 2s)

----- REMOTE CPU LOAD (memory node dir-threads, 2s window) -----
  dir 0: active=  0.00%  msgs=0           0 ns/msg
  AGGREGATE active = 0.00% (of 1 dir-threads; 0.00% per-thread avg)  msgs=0
[CPU compute ] process= 46.25% of 80 cores   system= 46.27%   (window 2s)

----- REMOTE CPU LOAD (memory node dir-threads, 2s window) -----
  dir 0: active=  0.00%  msgs=0           0 ns/msg
  AGGREGATE active = 0.00% (of 1 dir-threads; 0.00% per-thread avg)  msgs=0
[CPU compute ] process= 46.24% of 80 cores   system= 46.27%   (window 2s)

----- REMOTE CPU LOAD (memory node dir-threads, 2s window) -----
  dir 0: active=  0.00%  msgs=0           0 ns/msg
  AGGREGATE active = 0.00% (of 1 dir-threads; 0.00% per-thread avg)  msgs=0
[CPU compute ] process= 46.25% of 80 cores   system= 46.29%   (window 2s)

----- REMOTE CPU LOAD (memory node dir-threads, 2s window) -----
  dir 0: active=  0.00%  msgs=0           0 ns/msg
  AGGREGATE active = 0.00% (of 1 dir-threads; 0.00% per-thread avg)  msgs=0
[CPU compute ] process= 46.25% of 80 cores   system= 47.18%   (window 2s)

----- REMOTE CPU LOAD (memory node dir-threads, 2s window) -----
  dir 0: active=  0.00%  msgs=0           0 ns/msg
  AGGREGATE active = 0.00% (of 1 dir-threads; 0.00% per-thread avg)  msgs=0
[CPU compute ] process= 46.25% of 80 cores   system= 46.28%   (window 2s)

----- REMOTE CPU LOAD (memory node dir-threads, 2s window) -----
  dir 0: active=  0.00%  msgs=0           0 ns/msg
  AGGREGATE active = 0.00% (of 1 dir-threads; 0.00% per-thread avg)  msgs=0
[CPU compute ] process= 46.24% of 80 cores   system= 46.28%   (window 2s)

----- REMOTE CPU LOAD (memory node dir-threads, 2s window) -----
  dir 0: active=  0.00%  msgs=0           0 ns/msg
  AGGREGATE active = 0.00% (of 1 dir-threads; 0.00% per-thread avg)  msgs=0
[CPU compute ] process= 46.25% of 80 cores   system= 46.29%   (window 2s)

----- REMOTE CPU LOAD (memory node dir-threads, 2s window) -----
  dir 0: active=  0.00%  msgs=0           0 ns/msg
  AGGREGATE active = 0.00% (of 1 dir-threads; 0.00% per-thread avg)  msgs=0
[CPU compute ] process= 46.25% of 80 cores   system= 46.28%   (window 2s)

----- REMOTE CPU LOAD (memory node dir-threads, 2s window) -----
  dir 0: active=  0.00%  msgs=0           0 ns/msg
  AGGREGATE active = 0.00% (of 1 dir-threads; 0.00% per-thread avg)  msgs=0
[CPU compute ] process= 46.25% of 80 cores   system= 47.42%   (window 2s)
Thread_op_num = 833333

----- REMOTE CPU LOAD (memory node dir-threads, 2s window) -----
  dir 0: active=  0.00%  msgs=0           0 ns/msg
  AGGREGATE active = 0.00% (of 1 dir-threads; 0.00% per-thread avg)  msgs=0
[CPU compute ] process= 46.25% of 80 cores   system= 46.29%   (window 2s)
node 0 finish warmup
Start collecting the statistic

----- REMOTE CPU LOAD (memory node dir-threads, 2s window) -----
  dir 0: active=  0.00%  msgs=0           0 ns/msg
  AGGREGATE active = 0.00% (of 1 dir-threads; 0.00% per-thread avg)  msgs=0
[CPU compute ] process= 46.25% of 80 cores   system= 46.27%   (window 2s)
0, throughput 0.3365
cluster throughput 0.336

----- REMOTE CPU LOAD (memory node dir-threads, 2s window) -----
  dir 0: active=  0.00%  msgs=0           0 ns/msg
  AGGREGATE active = 0.00% (of 1 dir-threads; 0.00% per-thread avg)  msgs=0
[CPU compute ] process= 46.24% of 80 cores   system= 46.27%   (window 2s)
0, throughput 0.3382
cluster throughput 0.338

----- REMOTE CPU LOAD (memory node dir-threads, 2s window) -----
  dir 0: active=  0.00%  msgs=0           0 ns/msg
  AGGREGATE active = 0.00% (of 1 dir-threads; 0.00% per-thread avg)  msgs=0
[CPU compute ] process= 46.24% of 80 cores   system= 46.28%   (window 2s)
0, throughput 0.3386
cluster throughput 0.338

----- REMOTE CPU LOAD (memory node dir-threads, 2s window) -----
  dir 0: active=  0.00%  msgs=0           0 ns/msg
  AGGREGATE active = 0.00% (of 1 dir-threads; 0.00% per-thread avg)  msgs=0
[CPU compute ] process= 46.26% of 80 cores   system= 47.47%   (window 2s)
0, throughput 0.3391
cluster throughput 0.339

----- REMOTE CPU LOAD (memory node dir-threads, 2s window) -----
  dir 0: active=  0.00%  msgs=0           0 ns/msg
  AGGREGATE active = 0.00% (of 1 dir-threads; 0.00% per-thread avg)  msgs=0
[CPU compute ] process= 46.25% of 80 cores   system= 46.27%   (window 2s)
0, throughput 0.3389
cluster throughput 0.338

----- REMOTE CPU LOAD (memory node dir-threads, 2s window) -----
  dir 0: active=  0.00%  msgs=0           0 ns/msg
  AGGREGATE active = 0.00% (of 1 dir-threads; 0.00% per-thread avg)  msgs=0
[CPU compute ] process= 46.24% of 80 cores   system= 46.28%   (window 2s)
0, throughput 0.3385
cluster throughput 0.338

----- REMOTE CPU LOAD (memory node dir-threads, 2s window) -----
  dir 0: active=  0.00%  msgs=0           0 ns/msg
  AGGREGATE active = 0.00% (of 1 dir-threads; 0.00% per-thread avg)  msgs=0
[CPU compute ] process= 46.27% of 80 cores   system= 46.28%   (window 2s)
0, throughput 0.3391
cluster throughput 0.339

----- REMOTE CPU LOAD (memory node dir-threads, 2s window) -----
  dir 0: active=  0.00%  msgs=0           0 ns/msg
  AGGREGATE active = 0.00% (of 1 dir-threads; 0.00% per-thread avg)  msgs=0
[CPU compute ] process= 46.24% of 80 cores   system= 46.27%   (window 2s)
0, throughput 0.3387
cluster throughput 0.338

----- REMOTE CPU LOAD (memory node dir-threads, 2s window) -----
  dir 0: active=  0.00%  msgs=0           0 ns/msg
  AGGREGATE active = 0.00% (of 1 dir-threads; 0.00% per-thread avg)  msgs=0
[CPU compute ] process= 46.24% of 80 cores   system= 47.39%   (window 2s)
0, throughput 0.3390
cluster throughput 0.338

----- REMOTE CPU LOAD (memory node dir-threads, 2s window) -----
  dir 0: active=  0.00%  msgs=0           0 ns/msg
  AGGREGATE active = 0.00% (of 1 dir-threads; 0.00% per-thread avg)  msgs=0
[CPU compute ] process= 46.25% of 80 cores   system= 46.27%   (window 2s)
0, throughput 0.3389
cluster throughput 0.338

----- REMOTE CPU LOAD (memory node dir-threads, 2s window) -----
  dir 0: active=  0.00%  msgs=0           0 ns/msg
  AGGREGATE active = 0.00% (of 1 dir-threads; 0.00% per-thread avg)  msgs=0
[CPU compute ] process= 46.26% of 80 cores   system= 46.28%   (window 2s)
0, throughput 0.3387
cluster throughput 0.338

----- REMOTE CPU LOAD (memory node dir-threads, 2s window) -----
  dir 0: active=  0.00%  msgs=0           0 ns/msg
  AGGREGATE active = 0.00% (of 1 dir-threads; 0.00% per-thread avg)  msgs=0
[CPU compute ] process= 46.24% of 80 cores   system= 46.27%   (window 2s)
0, throughput 0.3389
cluster throughput 0.338

----- REMOTE CPU LOAD (memory node dir-threads, 2s window) -----
  dir 0: active=  0.00%  msgs=0           0 ns/msg
  AGGREGATE active = 0.00% (of 1 dir-threads; 0.00% per-thread avg)  msgs=0
[CPU compute ] process= 46.25% of 80 cores   system= 46.27%   (window 2s)
0, throughput 0.3388
cluster throughput 0.338

----- REMOTE CPU LOAD (memory node dir-threads, 2s window) -----
  dir 0: active=  0.00%  msgs=0           0 ns/msg
  AGGREGATE active = 0.00% (of 1 dir-threads; 0.00% per-thread avg)  msgs=0
[CPU compute ] process= 46.24% of 80 cores   system= 47.50%   (window 2s)
0, throughput 0.3320
cluster throughput 0.332

----- REMOTE CPU LOAD (memory node dir-threads, 2s window) -----
  dir 0: active=  0.00%  msgs=0           0 ns/msg
  AGGREGATE active = 0.00% (of 1 dir-threads; 0.00% per-thread avg)  msgs=0
[CPU compute ] process= 46.24% of 80 cores   system= 46.27%   (window 2s)
0, throughput 0.3265
cluster throughput 0.326

----- REMOTE CPU LOAD (memory node dir-threads, 2s window) -----
  dir 0: active=  0.00%  msgs=0           0 ns/msg
  AGGREGATE active = 0.00% (of 1 dir-threads; 0.00% per-thread avg)  msgs=0
[CPU compute ] process= 46.27% of 80 cores   system= 46.29%   (window 2s)
0, throughput 0.3364
cluster throughput 0.336

----- REMOTE CPU LOAD (memory node dir-threads, 2s window) -----
  dir 0: active=  0.00%  msgs=0           0 ns/msg
  AGGREGATE active = 0.00% (of 1 dir-threads; 0.00% per-thread avg)  msgs=0
[CPU compute ] process= 46.25% of 80 cores   system= 46.27%   (window 2s)
0, throughput 0.3391
cluster throughput 0.339

----- REMOTE CPU LOAD (memory node dir-threads, 2s window) -----
  dir 0: active=  0.00%  msgs=0           0 ns/msg
  AGGREGATE active = 0.00% (of 1 dir-threads; 0.00% per-thread avg)  msgs=0
[CPU compute ] process= 46.24% of 80 cores   system= 46.27%   (window 2s)
0, throughput 0.3390
cluster throughput 0.339

----- REMOTE CPU LOAD (memory node dir-threads, 2s window) -----
  dir 0: active=  0.00%  msgs=0           0 ns/msg
  AGGREGATE active = 0.00% (of 1 dir-threads; 0.00% per-thread avg)  msgs=0
[CPU compute ] process= 46.24% of 80 cores   system= 47.43%   (window 2s)
0, throughput 0.3389
cluster throughput 0.338

----- REMOTE CPU LOAD (memory node dir-threads, 2s window) -----
  dir 0: active=  0.00%  msgs=0           0 ns/msg
  AGGREGATE active = 0.00% (of 1 dir-threads; 0.00% per-thread avg)  msgs=0
[CPU compute ] process= 46.25% of 80 cores   system= 46.28%   (window 2s)
0, throughput 0.3352
cluster throughput 0.335

----- REMOTE CPU LOAD (memory node dir-threads, 2s window) -----
  dir 0: active=  0.00%  msgs=0           0 ns/msg
  AGGREGATE active = 0.00% (of 1 dir-threads; 0.00% per-thread avg)  msgs=0
[CPU compute ] process= 46.27% of 80 cores   system= 46.29%   (window 2s)
0, throughput 0.3381
cluster throughput 0.338

----- REMOTE CPU LOAD (memory node dir-threads, 2s window) -----
  dir 0: active=  0.00%  msgs=0           0 ns/msg
  AGGREGATE active = 0.00% (of 1 dir-threads; 0.00% per-thread avg)  msgs=0
[CPU compute ] process= 46.24% of 80 cores   system= 46.27%   (window 2s)
0, throughput 0.3397
cluster throughput 0.339

----- REMOTE CPU LOAD (memory node dir-threads, 2s window) -----
  dir 0: active=  0.00%  msgs=0           0 ns/msg
  AGGREGATE active = 0.00% (of 1 dir-threads; 0.00% per-thread avg)  msgs=0
[CPU compute ] process= 46.24% of 80 cores   system= 46.27%   (window 2s)
0, throughput 0.3396
cluster throughput 0.339

----- REMOTE CPU LOAD (memory node dir-threads, 2s window) -----
  dir 0: active=  0.00%  msgs=0           0 ns/msg
  AGGREGATE active = 0.00% (of 1 dir-threads; 0.00% per-thread avg)  msgs=0
[CPU compute ] process= 46.25% of 80 cores   system= 46.41%   (window 2s)
0, throughput 0.3397
cluster throughput 0.339

----- REMOTE CPU LOAD (memory node dir-threads, 2s window) -----
  dir 0: active=  0.00%  msgs=0           0 ns/msg
  AGGREGATE active = 0.00% (of 1 dir-threads; 0.00% per-thread avg)  msgs=0
[CPU compute ] process= 46.26% of 80 cores   system= 47.33%   (window 2s)
0, throughput 0.3397
cluster throughput 0.339

----- REMOTE CPU LOAD (memory node dir-threads, 2s window) -----
  dir 0: active=  0.00%  msgs=0           0 ns/msg
  AGGREGATE active = 0.00% (of 1 dir-threads; 0.00% per-thread avg)  msgs=0
[CPU compute ] process= 46.24% of 80 cores   system= 46.29%   (window 2s)
0, throughput 0.3396
cluster throughput 0.339

----- REMOTE CPU LOAD (memory node dir-threads, 2s window) -----
  dir 0: active=  0.00%  msgs=0           0 ns/msg
  AGGREGATE active = 0.00% (of 1 dir-threads; 0.00% per-thread avg)  msgs=0
[CPU compute ] process= 46.25% of 80 cores   system= 46.27%   (window 2s)
0, throughput 0.3396
cluster throughput 0.339

----- REMOTE CPU LOAD (memory node dir-threads, 2s window) -----
  dir 0: active=  0.00%  msgs=0           0 ns/msg
  AGGREGATE active = 0.00% (of 1 dir-threads; 0.00% per-thread avg)  msgs=0
[CPU compute ] process= 46.24% of 80 cores   system= 46.27%   (window 2s)
0, throughput 0.3395
cluster throughput 0.339

----- REMOTE CPU LOAD (memory node dir-threads, 2s window) -----
  dir 0: active=  0.00%  msgs=0           0 ns/msg
  AGGREGATE active = 0.00% (of 1 dir-threads; 0.00% per-thread avg)  msgs=0
[CPU compute ] process= 46.27% of 80 cores   system= 46.29%   (window 2s)
0, throughput 0.3392
cluster throughput 0.339

----- REMOTE CPU LOAD (memory node dir-threads, 2s window) -----
  dir 0: active=  0.00%  msgs=0           0 ns/msg
  AGGREGATE active = 0.00% (of 1 dir-threads; 0.00% per-thread avg)  msgs=0
[CPU compute ] process= 46.25% of 80 cores   system= 47.44%   (window 2s)
0, throughput 0.3396
cluster throughput 0.339

----- REMOTE CPU LOAD (memory node dir-threads, 2s window) -----
  dir 0: active=  0.00%  msgs=0           0 ns/msg
  AGGREGATE active = 0.00% (of 1 dir-threads; 0.00% per-thread avg)  msgs=0
[CPU compute ] process= 46.24% of 80 cores   system= 46.27%   (window 2s)
0, throughput 0.3396
cluster throughput 0.339

----- REMOTE CPU LOAD (memory node dir-threads, 2s window) -----
  dir 0: active=  0.00%  msgs=0           0 ns/msg
  AGGREGATE active = 0.00% (of 1 dir-threads; 0.00% per-thread avg)  msgs=0
[CPU compute ] process= 46.24% of 80 cores   system= 46.27%   (window 2s)
0, throughput 0.3396
cluster throughput 0.339

----- REMOTE CPU LOAD (memory node dir-threads, 2s window) -----
  dir 0: active=  0.00%  msgs=0           0 ns/msg
  AGGREGATE active = 0.00% (of 1 dir-threads; 0.00% per-thread avg)  msgs=0
[CPU compute ] process= 46.24% of 80 cores   system= 46.27%   (window 2s)
0, throughput 0.3394
cluster throughput 0.339

----- REMOTE CPU LOAD (memory node dir-threads, 2s window) -----
  dir 0: active=  0.00%  msgs=0           0 ns/msg
  AGGREGATE active = 0.00% (of 1 dir-threads; 0.00% per-thread avg)  msgs=0
[CPU compute ] process= 46.27% of 80 cores   system= 46.29%   (window 2s)
0, throughput 0.3395
cluster throughput 0.339

----- REMOTE CPU LOAD (memory node dir-threads, 2s window) -----
  dir 0: active=  0.00%  msgs=0           0 ns/msg
  AGGREGATE active = 0.00% (of 1 dir-threads; 0.00% per-thread avg)  msgs=0
[CPU compute ] process= 46.24% of 80 cores   system= 47.46%   (window 2s)
0, throughput 0.3395
cluster throughput 0.339

----- REMOTE CPU LOAD (memory node dir-threads, 2s window) -----
  dir 0: active=  0.00%  msgs=0           0 ns/msg
  AGGREGATE active = 0.00% (of 1 dir-threads; 0.00% per-thread avg)  msgs=0
[CPU compute ] process= 46.24% of 80 cores   system= 46.28%   (window 2s)

----- REMOTE CPU LOAD (memory node dir-threads, 2s window) -----
  dir 0: active=  0.00%  msgs=0           0 ns/msg
  AGGREGATE active = 0.00% (of 1 dir-threads; 0.00% per-thread avg)  msgs=0
0, throughput 0.3371
cluster throughput 0.337
[CPU compute ] process= 46.25% of 80 cores   system= 46.27%   (window 2s)

----- REMOTE CPU LOAD (memory node dir-threads, 2s window) -----
  dir 0: active=  0.00%  msgs=0           0 ns/msg
  AGGREGATE active = 0.00% (of 1 dir-threads; 0.00% per-thread avg)  msgs=0
0, throughput 0.3273
cluster throughput 0.327
[CPU compute ] process= 46.26% of 80 cores   system= 46.29%   (window 2s)

----- REMOTE CPU LOAD (memory node dir-threads, 2s window) -----
  dir 0: active=  0.00%  msgs=0           0 ns/msg
  AGGREGATE active = 0.00% (of 1 dir-threads; 0.00% per-thread avg)  msgs=0
0, throughput 0.3199
cluster throughput 0.319
[CPU compute ] process= 46.24% of 80 cores   system= 46.27%   (window 2s)

----- REMOTE CPU LOAD (memory node dir-threads, 2s window) -----
  dir 0: active=  0.00%  msgs=0           0 ns/msg
  AGGREGATE active = 0.00% (of 1 dir-threads; 0.00% per-thread avg)  msgs=0
0, throughput 0.3193
cluster throughput 0.319
[CPU compute ] process= 46.24% of 80 cores   system= 47.43%   (window 2s)

----- REMOTE CPU LOAD (memory node dir-threads, 2s window) -----
  dir 0: active=  0.00%  msgs=0           0 ns/msg
  AGGREGATE active = 0.00% (of 1 dir-threads; 0.00% per-thread avg)  msgs=0
0, throughput 0.3072
cluster throughput 0.307
[CPU compute ] process= 46.24% of 80 cores   system= 46.27%   (window 2s)

----- REMOTE CPU LOAD (memory node dir-threads, 2s window) -----
  dir 0: active=  0.00%  msgs=0           0 ns/msg
  AGGREGATE active = 0.00% (of 1 dir-threads; 0.00% per-thread avg)  msgs=0
0, throughput 0.3185
cluster throughput 0.318
[CPU compute ] process= 46.27% of 80 cores   system= 46.29%   (window 2s)

----- REMOTE CPU LOAD (memory node dir-threads, 2s window) -----
  dir 0: active=  0.00%  msgs=0           0 ns/msg
  AGGREGATE active = 0.00% (of 1 dir-threads; 0.00% per-thread avg)  msgs=0
0, throughput 0.3353
cluster throughput 0.335
[CPU compute ] process= 46.24% of 80 cores   system= 46.27%   (window 2s)

----- REMOTE CPU LOAD (memory node dir-threads, 2s window) -----
  dir 0: active=  0.00%  msgs=0           0 ns/msg
  AGGREGATE active = 0.00% (of 1 dir-threads; 0.00% per-thread avg)  msgs=0
0, throughput 0.3365
cluster throughput 0.336
[CPU compute ] process= 46.26% of 80 cores   system= 46.28%   (window 2s)

----- REMOTE CPU LOAD (memory node dir-threads, 2s window) -----
  dir 0: active=  0.00%  msgs=0           0 ns/msg
  AGGREGATE active = 0.00% (of 1 dir-threads; 0.00% per-thread avg)  msgs=0
0, throughput 0.3365
cluster throughput 0.336
[CPU compute ] process= 46.24% of 80 cores   system= 47.37%   (window 2s)

----- REMOTE CPU LOAD (memory node dir-threads, 2s window) -----
  dir 0: active=  0.00%  msgs=0           0 ns/msg
  AGGREGATE active = 0.00% (of 1 dir-threads; 0.00% per-thread avg)  msgs=0
0, throughput 0.2140
cluster throughput 0.214
[CPU compute ] process= 28.90% of 80 cores   system= 28.92%   (window 2s)

----- REMOTE CPU LOAD (memory node dir-threads, 2s window) -----
  dir 0: active=  0.00%  msgs=0           0 ns/msg
  AGGREGATE active = 0.00% (of 1 dir-threads; 0.00% per-thread avg)  msgs=0
0, throughput 0.0000
cluster throughput 0.000
The time duration = 92 seconds
[CPU compute ] process=  1.25% of 80 cores   system=  1.26%   (window 2s)

----- REMOTE CPU LOAD (memory node dir-threads, 2s window) -----
  dir 0: active=  0.00%  msgs=0           0 ns/msg
  AGGREGATE active = 0.00% (of 1 dir-threads; 0.00% per-thread avg)  msgs=0

==================== LATENCY BUCKETS (500 ns) [node 0] ====================
[RANGE]
  ALL                n=29990498   mean=  107.12us  p50= 107.00us  p90= 113.50us  p99= 122.50us  p99.9= 144.00us  max>=996.50us
  LOCAL (cache hit)         (no samples)
  REMOTE (miss/rpc)  n=29990498   mean=  107.12us  p50= 107.00us  p90= 113.50us  p99= 122.50us  p99.9= 144.00us  max>=996.50us
[ALL OPS]
  ALL                n=29990498   mean=  107.12us  p50= 107.00us  p90= 113.50us  p99= 122.50us  p99.9= 144.00us  max>=996.50us
  LOCAL (cache hit)         (no samples)
  REMOTE (miss/rpc)  n=29990498   mean=  107.12us  p50= 107.00us  p90= 113.50us  p99= 122.50us  p99.9= 144.00us  max>=996.50us

----- 500 ns bucket CDF (all ops) [node 0] -----
  bucket [lo,hi) ns             count        pct       cdf
  [    12000,    12500)            1    0.0000%   0.0000%
  [    14500,    15000)            1    0.0000%   0.0000%
  [    17500,    18000)            1    0.0000%   0.0000%
  [    19500,    20000)            1    0.0000%   0.0000%
  [    23500,    24000)            1    0.0000%   0.0000%
  [    26500,    27000)            1    0.0000%   0.0000%
  [    28000,    28500)            1    0.0000%   0.0000%
  [    35000,    35500)            1    0.0000%   0.0000%
  [    37000,    37500)            1    0.0000%   0.0000%
  [    39500,    40000)            1    0.0000%   0.0000%
  [    40500,    41000)            1    0.0000%   0.0000%
  [    41000,    41500)            1    0.0000%   0.0000%
  [    45000,    45500)            1    0.0000%   0.0000%
  [    46500,    47000)            1    0.0000%   0.0000%
  [    48500,    49000)            1    0.0000%   0.0001%
  [    50000,    50500)            1    0.0000%   0.0001%
  [    51000,    51500)            1    0.0000%   0.0001%
  [    51500,    52000)            2    0.0000%   0.0001%
  [    54000,    54500)            1    0.0000%   0.0001%
  [    56500,    57000)            1    0.0000%   0.0001%
  [    58500,    59000)            1    0.0000%   0.0001%
  [    60000,    60500)            1    0.0000%   0.0001%
  [    61000,    61500)            1    0.0000%   0.0001%
  [    61500,    62000)            1    0.0000%   0.0001%
  [    63500,    64000)            1    0.0000%   0.0001%
  [    64500,    65000)            1    0.0000%   0.0001%
  [    67000,    67500)            1    0.0000%   0.0001%
  [    68500,    69000)            2    0.0000%   0.0001%
  [    73000,    73500)            1    0.0000%   0.0001%
  [    75500,    76000)            2    0.0000%   0.0001%
  [    77500,    78000)            1    0.0000%   0.0001%
  [    78000,    78500)            5    0.0000%   0.0001%
  [    79000,    79500)            3    0.0000%   0.0001%
  [    79500,    80000)            5    0.0000%   0.0002%
  [    80000,    80500)            8    0.0000%   0.0002%
  [    80500,    81000)            9    0.0000%   0.0002%
  [    81000,    81500)           22    0.0001%   0.0003%
  [    81500,    82000)           25    0.0001%   0.0004%
  [    82000,    82500)           35    0.0001%   0.0005%
  [    82500,    83000)           39    0.0001%   0.0006%
  [    83000,    83500)           48    0.0002%   0.0008%
  [    83500,    84000)           78    0.0003%   0.0010%
  [    84000,    84500)          129    0.0004%   0.0015%
  [    84500,    85000)          153    0.0005%   0.0020%
  [    85000,    85500)          183    0.0006%   0.0026%
  [    85500,    86000)          239    0.0008%   0.0034%
  [    86000,    86500)          304    0.0010%   0.0044%
  [    86500,    87000)          420    0.0014%   0.0058%
  [    87000,    87500)          471    0.0016%   0.0074%
  [    87500,    88000)          528    0.0018%   0.0091%
  [    88000,    88500)          670    0.0022%   0.0114%
  [    88500,    89000)          794    0.0026%   0.0140%
  [    89000,    89500)          975    0.0033%   0.0173%
  [    89500,    90000)         1144    0.0038%   0.0211%
  [    90000,    90500)         1368    0.0046%   0.0256%
  [    90500,    91000)         1684    0.0056%   0.0313%
  [    91000,    91500)         2169    0.0072%   0.0385%
  [    91500,    92000)         2817    0.0094%   0.0479%
  [    92000,    92500)         3550    0.0118%   0.0597%
  [    92500,    93000)         4939    0.0165%   0.0762%
  [    93000,    93500)         6879    0.0229%   0.0991%
  [    93500,    94000)        10601    0.0353%   0.1345%
  [    94000,    94500)        14143    0.0472%   0.1816%
  [    94500,    95000)        19725    0.0658%   0.2474%
  [    95000,    95500)        28096    0.0937%   0.3411%
  [    95500,    96000)        41046    0.1369%   0.4779%
  [    96000,    96500)        57002    0.1901%   0.6680%
  [    96500,    97000)        77854    0.2596%   0.9276%
  [    97000,    97500)       102885    0.3431%   1.2707%
  [    97500,    98000)       139361    0.4647%   1.7353%
  [    98000,    98500)       180156    0.6007%   2.3361%
  [    98500,    99000)       229320    0.7646%   3.1007%
  [    99000,    99500)       293576    0.9789%   4.0796%
  [    99500,   100000)       381121    1.2708%   5.3504%
  [   100000,   100500)       461164    1.5377%   6.8881%
  [   100500,   101000)       530441    1.7687%   8.6568%
  [   101000,   101500)       600469    2.0022%  10.6590%
  [   101500,   102000)       774848    2.5836%  13.2426%
  [   102000,   102500)       886524    2.9560%  16.1987%
  [   102500,   103000)       982739    3.2768%  19.4755%
  [   103000,   103500)      1032655    3.4433%  22.9188%
  [   103500,   104000)      1132784    3.7771%  26.6959%
  [   104000,   104500)      1225889    4.0876%  30.7835%
  [   104500,   105000)      1313443    4.3795%  35.1630%
  [   105000,   105500)      1349057    4.4983%  39.6613%
  [   105500,   106000)      1376044    4.5883%  44.2496%
  [   106000,   106500)      1386672    4.6237%  48.8733%
  [   106500,   107000)      1350465    4.5030%  53.3763%
  [   107000,   107500)      1299486    4.3330%  57.7093%
  [   107500,   108000)      1228301    4.0956%  61.8049%
  [   108000,   108500)      1231488    4.1063%  65.9111%
  [   108500,   109000)      1165480    3.8862%  69.7973%
  [   109000,   109500)      1095818    3.6539%  73.4512%
  [   109500,   110000)       887850    2.9604%  76.4116%
  [   110000,   110500)       842078    2.8078%  79.2195%
  [   110500,   111000)       792150    2.6413%  81.8608%
  [   111000,   111500)       718252    2.3949%  84.2557%
  [   111500,   112000)       608621    2.0294%  86.2851%
  [   112000,   112500)       533011    1.7773%  88.0624%
  [   112500,   113000)       469832    1.5666%  89.6290%
  [   113000,   113500)       414870    1.3833%  91.0123%
  [   113500,   114000)       355742    1.1862%  92.1985%
  [   114000,   114500)       311966    1.0402%  93.2387%
  [   114500,   115000)       271461    0.9052%  94.1439%
  [   115000,   115500)       229673    0.7658%  94.9097%
  [   115500,   116000)       189744    0.6327%  95.5424%
  [   116000,   116500)       163601    0.5455%  96.0879%
  [   116500,   117000)       144979    0.4834%  96.5713%
  [   117000,   117500)       133366    0.4447%  97.0160%
  [   117500,   118000)       107582    0.3587%  97.3747%
  [   118000,   118500)        88965    0.2966%  97.6713%
  [   118500,   119000)        76159    0.2539%  97.9253%
  [   119000,   119500)        67451    0.2249%  98.1502%
  [   119500,   120000)        59553    0.1986%  98.3488%
  [   120000,   120500)        51169    0.1706%  98.5194%
  [   120500,   121000)        44145    0.1472%  98.6666%
  [   121000,   121500)        38846    0.1295%  98.7961%
  [   121500,   122000)        33103    0.1104%  98.9065%
  [   122000,   122500)        28757    0.0959%  99.0024%
  [   122500,   123000)        24951    0.0832%  99.0856%
  [   123000,   123500)        22745    0.0758%  99.1614%
  [   123500,   124000)        20477    0.0683%  99.2297%
  [   124000,   124500)        17542    0.0585%  99.2882%
  [   124500,   125000)        15183    0.0506%  99.3388%
  [   125000,   125500)        14679    0.0489%  99.3878%
  [   125500,   126000)        13028    0.0434%  99.4312%
  [   126000,   126500)        11849    0.0395%  99.4707%
  [   126500,   127000)        10261    0.0342%  99.5049%
  [   127000,   127500)         9262    0.0309%  99.5358%
  [   127500,   128000)         8721    0.0291%  99.5649%
  [   128000,   128500)         7889    0.0263%  99.5912%
  [   128500,   129000)         7419    0.0247%  99.6159%
  [   129000,   129500)         6839    0.0228%  99.6387%
  [   129500,   130000)         6492    0.0216%  99.6604%
  [   130000,   130500)         5695    0.0190%  99.6794%
  [   130500,   131000)         5278    0.0176%  99.6970%
  [   131000,   131500)         4951    0.0165%  99.7135%
  [   131500,   132000)         4614    0.0154%  99.7289%
  [   132000,   132500)         4487    0.0150%  99.7438%
  [   132500,   133000)         4244    0.0142%  99.7580%
  [   133000,   133500)         3532    0.0118%  99.7697%
  [   133500,   134000)         3279    0.0109%  99.7807%
  [   134000,   134500)         3347    0.0112%  99.7918%
  [   134500,   135000)         3074    0.0102%  99.8021%
  [   135000,   135500)         2773    0.0092%  99.8113%
  [   135500,   136000)         2455    0.0082%  99.8195%
  [   136000,   136500)         2376    0.0079%  99.8274%
  [   136500,   137000)         2438    0.0081%  99.8356%
  [   137000,   137500)         2122    0.0071%  99.8427%
  [   137500,   138000)         2013    0.0067%  99.8494%
  [   138000,   138500)         1896    0.0063%  99.8557%
  [   138500,   139000)         1791    0.0060%  99.8617%
  [   139000,   139500)         1654    0.0055%  99.8672%
  [   139500,   140000)         1403    0.0047%  99.8718%
  [   140000,   140500)         1410    0.0047%  99.8766%
  [   140500,   141000)         1408    0.0047%  99.8812%
  [   141000,   141500)         1266    0.0042%  99.8855%
  [   141500,   142000)         1179    0.0039%  99.8894%
  [   142000,   142500)         1002    0.0033%  99.8927%
  [   142500,   143000)          912    0.0030%  99.8958%
  [   143000,   143500)          900    0.0030%  99.8988%
  [   143500,   144000)          948    0.0032%  99.9019%
  [   144000,   144500)          797    0.0027%  99.9046%
  [   144500,   145000)          809    0.0027%  99.9073%
  [   145000,   145500)          732    0.0024%  99.9097%
  [   145500,   146000)          711    0.0024%  99.9121%
  [   146000,   146500)          615    0.0021%  99.9142%
  [   146500,   147000)          604    0.0020%  99.9162%
  [   147000,   147500)          591    0.0020%  99.9181%
  [   147500,   148000)          481    0.0016%  99.9197%
  [   148000,   148500)          418    0.0014%  99.9211%
  [   148500,   149000)          424    0.0014%  99.9226%
  [   149000,   149500)          437    0.0015%  99.9240%
  [   149500,   150000)          376    0.0013%  99.9253%
  [   150000,   150500)          366    0.0012%  99.9265%
  [   150500,   151000)          289    0.0010%  99.9275%
  [   151000,   151500)          309    0.0010%  99.9285%
  [   151500,   152000)          313    0.0010%  99.9295%
  [   152000,   152500)          305    0.0010%  99.9305%
  [   152500,   153000)          268    0.0009%  99.9314%
  [   153000,   153500)          260    0.0009%  99.9323%
  [   153500,   154000)          249    0.0008%  99.9331%
  [   154000,   154500)          253    0.0008%  99.9340%
  [   154500,   155000)          247    0.0008%  99.9348%
  [   155000,   155500)          256    0.0009%  99.9357%
  [   155500,   156000)          271    0.0009%  99.9366%
  [   156000,   156500)          263    0.0009%  99.9374%
  [   156500,   157000)          251    0.0008%  99.9383%
  [   157000,   157500)          205    0.0007%  99.9390%
  [   157500,   158000)          225    0.0008%  99.9397%
  [   158000,   158500)          231    0.0008%  99.9405%
  [   158500,   159000)          294    0.0010%  99.9415%
  [   159000,   159500)          224    0.0007%  99.9422%
  [   159500,   160000)          227    0.0008%  99.9430%
  [   160000,   160500)          233    0.0008%  99.9437%
  [   160500,   161000)          228    0.0008%  99.9445%
  [   161000,   161500)          220    0.0007%  99.9452%
  [   161500,   162000)          229    0.0008%  99.9460%
  [   162000,   162500)          212    0.0007%  99.9467%
  [   162500,   163000)          220    0.0007%  99.9474%
  [   163000,   163500)          228    0.0008%  99.9482%
  [   163500,   164000)          195    0.0007%  99.9488%
  [   164000,   164500)          231    0.0008%  99.9496%
  [   164500,   165000)          231    0.0008%  99.9504%
  [   165000,   165500)          176    0.0006%  99.9510%
  [   165500,   166000)          261    0.0009%  99.9518%
  [   166000,   166500)          210    0.0007%  99.9525%
  [   166500,   167000)          215    0.0007%  99.9533%
  [   167000,   167500)          218    0.0007%  99.9540%
  [   167500,   168000)          196    0.0007%  99.9546%
  [   168000,   168500)          174    0.0006%  99.9552%
  [   168500,   169000)          213    0.0007%  99.9559%
  [   169000,   169500)          170    0.0006%  99.9565%
  [   169500,   170000)          171    0.0006%  99.9571%
  [   170000,   170500)          154    0.0005%  99.9576%
  [   170500,   171000)          147    0.0005%  99.9581%
  [   171000,   171500)          143    0.0005%  99.9585%
  [   171500,   172000)          134    0.0004%  99.9590%
  [   172000,   172500)          128    0.0004%  99.9594%
  [   172500,   173000)          114    0.0004%  99.9598%
  [   173000,   173500)          118    0.0004%  99.9602%
  [   173500,   174000)          132    0.0004%  99.9606%
  [   174000,   174500)          132    0.0004%  99.9611%
  [   174500,   175000)          140    0.0005%  99.9615%
  [   175000,   175500)          140    0.0005%  99.9620%
  [   175500,   176000)          129    0.0004%  99.9624%
  [   176000,   176500)          127    0.0004%  99.9629%
  [   176500,   177000)          131    0.0004%  99.9633%
  [   177000,   177500)          126    0.0004%  99.9637%
  [   177500,   178000)          129    0.0004%  99.9641%
  [   178000,   178500)          137    0.0005%  99.9646%
  [   178500,   179000)          119    0.0004%  99.9650%
  [   179000,   179500)          117    0.0004%  99.9654%
  [   179500,   180000)          133    0.0004%  99.9658%
  [   180000,   180500)          110    0.0004%  99.9662%
  [   180500,   181000)          104    0.0003%  99.9665%
  [   181000,   181500)           97    0.0003%  99.9669%
  [   181500,   182000)           97    0.0003%  99.9672%
  [   182000,   182500)           99    0.0003%  99.9675%
  [   182500,   183000)          126    0.0004%  99.9679%
  [   183000,   183500)          120    0.0004%  99.9683%
  [   183500,   184000)          126    0.0004%  99.9688%
  [   184000,   184500)          120    0.0004%  99.9692%
  [   184500,   185000)          103    0.0003%  99.9695%
  [   185000,   185500)           99    0.0003%  99.9698%
  [   185500,   186000)          107    0.0004%  99.9702%
  [   186000,   186500)          114    0.0004%  99.9706%
  [   186500,   187000)          127    0.0004%  99.9710%
  [   187000,   187500)          121    0.0004%  99.9714%
  [   187500,   188000)          102    0.0003%  99.9717%
  [   188000,   188500)           95    0.0003%  99.9721%
  [   188500,   189000)           97    0.0003%  99.9724%
  [   189000,   189500)           86    0.0003%  99.9727%
  [   189500,   190000)           85    0.0003%  99.9730%
  [   190000,   190500)           92    0.0003%  99.9733%
  [   190500,   191000)           92    0.0003%  99.9736%
  [   191000,   191500)          100    0.0003%  99.9739%
  [   191500,   192000)          119    0.0004%  99.9743%
  [   192000,   192500)           89    0.0003%  99.9746%
  [   192500,   193000)           95    0.0003%  99.9749%
  [   193000,   193500)          116    0.0004%  99.9753%
  [   193500,   194000)           87    0.0003%  99.9756%
  [   194000,   194500)          110    0.0004%  99.9760%
  [   194500,   195000)          106    0.0004%  99.9763%
  [   195000,   195500)          107    0.0004%  99.9767%
  [   195500,   196000)           86    0.0003%  99.9770%
  [   196000,   196500)          109    0.0004%  99.9773%
  [   196500,   197000)          111    0.0004%  99.9777%
  [   197000,   197500)          108    0.0004%  99.9780%
  [   197500,   198000)          117    0.0004%  99.9784%
  [   198000,   198500)          109    0.0004%  99.9788%
  [   198500,   199000)           99    0.0003%  99.9791%
  [   199000,   199500)           82    0.0003%  99.9794%
  [   199500,   200000)           86    0.0003%  99.9797%
  [   200000,   200500)           84    0.0003%  99.9800%
  [   200500,   201000)           87    0.0003%  99.9803%
  [   201000,   201500)           75    0.0003%  99.9805%
  [   201500,   202000)           76    0.0003%  99.9808%
  [   202000,   202500)           83    0.0003%  99.9810%
  [   202500,   203000)           72    0.0002%  99.9813%
  [   203000,   203500)           88    0.0003%  99.9816%
  [   203500,   204000)           58    0.0002%  99.9818%
  [   204000,   204500)           84    0.0003%  99.9820%
  [   204500,   205000)           61    0.0002%  99.9823%
  [   205000,   205500)           75    0.0003%  99.9825%
  [   205500,   206000)           54    0.0002%  99.9827%
  [   206000,   206500)           63    0.0002%  99.9829%
  [   206500,   207000)           53    0.0002%  99.9831%
  [   207000,   207500)           68    0.0002%  99.9833%
  [   207500,   208000)           62    0.0002%  99.9835%
  [   208000,   208500)           54    0.0002%  99.9837%
  [   208500,   209000)           45    0.0002%  99.9838%
  [   209000,   209500)           56    0.0002%  99.9840%
  [   209500,   210000)           43    0.0001%  99.9842%
  [   210000,   210500)           44    0.0001%  99.9843%
  [   210500,   211000)           33    0.0001%  99.9844%
  [   211000,   211500)           47    0.0002%  99.9846%
  [   211500,   212000)           41    0.0001%  99.9847%
  [   212000,   212500)           40    0.0001%  99.9848%
  [   212500,   213000)           24    0.0001%  99.9849%
  [   213000,   213500)           21    0.0001%  99.9850%
  [   213500,   214000)           28    0.0001%  99.9851%
  [   214000,   214500)           25    0.0001%  99.9852%
  [   214500,   215000)           14    0.0000%  99.9852%
  [   215000,   215500)           30    0.0001%  99.9853%
  [   215500,   216000)           13    0.0000%  99.9854%
  [   216000,   216500)           20    0.0001%  99.9854%
  [   216500,   217000)           14    0.0000%  99.9855%
  [   217000,   217500)           19    0.0001%  99.9855%
  [   217500,   218000)           20    0.0001%  99.9856%
  [   218000,   218500)           17    0.0001%  99.9857%
  [   218500,   219000)           13    0.0000%  99.9857%
  [   219000,   219500)           14    0.0000%  99.9858%
  [   219500,   220000)           12    0.0000%  99.9858%
  [   220000,   220500)           15    0.0001%  99.9858%
  [   220500,   221000)            9    0.0000%  99.9859%
  [   221000,   221500)            5    0.0000%  99.9859%
  [   221500,   222000)           13    0.0000%  99.9859%
  [   222000,   222500)            2    0.0000%  99.9859%
  [   222500,   223000)            9    0.0000%  99.9860%
  [   223000,   223500)            3    0.0000%  99.9860%
  [   223500,   224000)            7    0.0000%  99.9860%
  [   224000,   224500)            5    0.0000%  99.9860%
  [   224500,   225000)            2    0.0000%  99.9860%
  [   225000,   225500)            8    0.0000%  99.9861%
  [   225500,   226000)            6    0.0000%  99.9861%
  [   226000,   226500)            4    0.0000%  99.9861%
  [   226500,   227000)            4    0.0000%  99.9861%
  [   227000,   227500)            6    0.0000%  99.9861%
  [   227500,   228000)            3    0.0000%  99.9861%
  [   228000,   228500)            1    0.0000%  99.9861%
  [   228500,   229000)            4    0.0000%  99.9861%
  [   229000,   229500)            4    0.0000%  99.9862%
  [   229500,   230000)            2    0.0000%  99.9862%
  [   230000,   230500)            2    0.0000%  99.9862%
  [   230500,   231000)            7    0.0000%  99.9862%
  [   231000,   231500)            9    0.0000%  99.9862%
  [   231500,   232000)            6    0.0000%  99.9862%
  [   232000,   232500)            5    0.0000%  99.9863%
  [   232500,   233000)            2    0.0000%  99.9863%
  [   233000,   233500)            8    0.0000%  99.9863%
  [   233500,   234000)            7    0.0000%  99.9863%
  [   234000,   234500)            4    0.0000%  99.9863%
  [   234500,   235000)            8    0.0000%  99.9864%
  [   235000,   235500)           10    0.0000%  99.9864%
  [   235500,   236000)           25    0.0001%  99.9865%
  [   236000,   236500)           27    0.0001%  99.9866%
  [   236500,   237000)           30    0.0001%  99.9867%
  [   237000,   237500)           42    0.0001%  99.9868%
  [   237500,   238000)           36    0.0001%  99.9869%
  [   238000,   238500)           48    0.0002%  99.9871%
  [   238500,   239000)           53    0.0002%  99.9873%
  [   239000,   239500)           58    0.0002%  99.9875%
  [   239500,   240000)           66    0.0002%  99.9877%
  [   240000,   240500)           99    0.0003%  99.9880%
  [   240500,   241000)           92    0.0003%  99.9883%
  [   241000,   241500)           84    0.0003%  99.9886%
  [   241500,   242000)           81    0.0003%  99.9889%
  [   242000,   242500)           95    0.0003%  99.9892%
  [   242500,   243000)           85    0.0003%  99.9895%
  [   243000,   243500)           74    0.0002%  99.9897%
  [   243500,   244000)          101    0.0003%  99.9900%
  [   244000,   244500)          110    0.0004%  99.9904%
  [   244500,   245000)          101    0.0003%  99.9908%
  [   245000,   245500)          109    0.0004%  99.9911%
  [   245500,   246000)           97    0.0003%  99.9914%
  [   246000,   246500)           93    0.0003%  99.9917%
  [   246500,   247000)           79    0.0003%  99.9920%
  [   247000,   247500)           90    0.0003%  99.9923%
  [   247500,   248000)           80    0.0003%  99.9926%
  [   248000,   248500)           93    0.0003%  99.9929%
  [   248500,   249000)           97    0.0003%  99.9932%
  [   249000,   249500)           79    0.0003%  99.9935%
  [   249500,   250000)           67    0.0002%  99.9937%
  [   250000,   250500)           58    0.0002%  99.9939%
  [   250500,   251000)           63    0.0002%  99.9941%
  [   251000,   251500)           55    0.0002%  99.9943%
  [   251500,   252000)           52    0.0002%  99.9945%
  [   252000,   252500)           54    0.0002%  99.9946%
  [   252500,   253000)           55    0.0002%  99.9948%
  [   253000,   253500)           46    0.0002%  99.9950%
  [   253500,   254000)           26    0.0001%  99.9951%
  [   254000,   254500)           34    0.0001%  99.9952%
  [   254500,   255000)           22    0.0001%  99.9952%
  [   255000,   255500)           25    0.0001%  99.9953%
  [   255500,   256000)           18    0.0001%  99.9954%
  [   256000,   256500)           20    0.0001%  99.9955%
  [   256500,   257000)           18    0.0001%  99.9955%
  [   257000,   257500)           15    0.0001%  99.9956%
  [   257500,   258000)           19    0.0001%  99.9956%
  [   258000,   258500)           19    0.0001%  99.9957%
  [   258500,   259000)           16    0.0001%  99.9957%
  [   259000,   259500)           17    0.0001%  99.9958%
  [   259500,   260000)           12    0.0000%  99.9958%
  [   260000,   260500)           16    0.0001%  99.9959%
  [   260500,   261000)           17    0.0001%  99.9960%
  [   261000,   261500)           16    0.0001%  99.9960%
  [   261500,   262000)           14    0.0000%  99.9961%
  [   262000,   262500)           12    0.0000%  99.9961%
  [   262500,   263000)           11    0.0000%  99.9961%
  [   263000,   263500)            7    0.0000%  99.9962%
  [   263500,   264000)            6    0.0000%  99.9962%
  [   264000,   264500)            6    0.0000%  99.9962%
  [   264500,   265000)            5    0.0000%  99.9962%
  [   265000,   265500)           12    0.0000%  99.9963%
  [   265500,   266000)           11    0.0000%  99.9963%
  [   266000,   266500)           19    0.0001%  99.9964%
  [   266500,   267000)           13    0.0000%  99.9964%
  [   267000,   267500)           11    0.0000%  99.9964%
  [   267500,   268000)           11    0.0000%  99.9965%
  [   268000,   268500)           17    0.0001%  99.9965%
  [   268500,   269000)           24    0.0001%  99.9966%
  [   269000,   269500)           16    0.0001%  99.9967%
  [   269500,   270000)            6    0.0000%  99.9967%
  [   270000,   270500)           12    0.0000%  99.9967%
  [   270500,   271000)            8    0.0000%  99.9967%
  [   271000,   271500)           10    0.0000%  99.9968%
  [   271500,   272000)            5    0.0000%  99.9968%
  [   272000,   272500)            6    0.0000%  99.9968%
  [   272500,   273000)            4    0.0000%  99.9968%
  [   273000,   273500)            5    0.0000%  99.9968%
  [   273500,   274000)            3    0.0000%  99.9969%
  [   274000,   274500)            9    0.0000%  99.9969%
  [   274500,   275000)            4    0.0000%  99.9969%
  [   275000,   275500)            4    0.0000%  99.9969%
  [   275500,   276000)            3    0.0000%  99.9969%
  [   276000,   276500)            2    0.0000%  99.9969%
  [   276500,   277000)            1    0.0000%  99.9969%
  [   277500,   278000)            1    0.0000%  99.9969%
  [   278000,   278500)            3    0.0000%  99.9969%
  [   278500,   279000)            1    0.0000%  99.9969%
  [   279000,   279500)            3    0.0000%  99.9970%
  [   279500,   280000)            1    0.0000%  99.9970%
  [   280000,   280500)            2    0.0000%  99.9970%
  [   280500,   281000)            1    0.0000%  99.9970%
  [   281000,   281500)            1    0.0000%  99.9970%
  [   281500,   282000)            1    0.0000%  99.9970%
  [   282500,   283000)            1    0.0000%  99.9970%
  [   283000,   283500)            4    0.0000%  99.9970%
  [   283500,   284000)            6    0.0000%  99.9970%
  [   284000,   284500)            5    0.0000%  99.9970%
  [   284500,   285000)            5    0.0000%  99.9970%
  [   285000,   285500)            2    0.0000%  99.9971%
  [   285500,   286000)            3    0.0000%  99.9971%
  [   287500,   288000)            2    0.0000%  99.9971%
  [   288500,   289000)            1    0.0000%  99.9971%
  [   289000,   289500)            1    0.0000%  99.9971%
  [   289500,   290000)            1    0.0000%  99.9971%
  [   291500,   292000)            1    0.0000%  99.9971%
  [   293000,   293500)            1    0.0000%  99.9971%
  [   293500,   294000)            2    0.0000%  99.9971%
  [   294000,   294500)            2    0.0000%  99.9971%
  [   297500,   298000)            1    0.0000%  99.9971%
  [   299000,   299500)            1    0.0000%  99.9971%
  [   299500,   300000)            1    0.0000%  99.9971%
  [   301000,   301500)            1    0.0000%  99.9971%
  [   302000,   302500)            2    0.0000%  99.9971%
  [   302500,   303000)            1    0.0000%  99.9971%
  [   303500,   304000)            2    0.0000%  99.9971%
  [   307500,   308000)            1    0.0000%  99.9971%
  [   309500,   310000)            1    0.0000%  99.9971%
  [   310000,   310500)            1    0.0000%  99.9971%
  [   312000,   312500)            1    0.0000%  99.9971%
  [   313500,   314000)            1    0.0000%  99.9971%
  [   314000,   314500)            1    0.0000%  99.9972%
  [   314500,   315000)            1    0.0000%  99.9972%
  [   316500,   317000)            1    0.0000%  99.9972%
  [   318500,   319000)            1    0.0000%  99.9972%
  [   320500,   321000)            1    0.0000%  99.9972%
  [   321500,   322000)            1    0.0000%  99.9972%
  [   326000,   326500)            1    0.0000%  99.9972%
  [   326500,   327000)            1    0.0000%  99.9972%
  [   327500,   328000)            1    0.0000%  99.9972%
  [   331000,   331500)            2    0.0000%  99.9972%
  [   335000,   335500)            1    0.0000%  99.9972%
  [   338500,   339000)            1    0.0000%  99.9972%
  [   341000,   341500)            1    0.0000%  99.9972%
  [   345000,   345500)            1    0.0000%  99.9972%
  [   348500,   349000)            1    0.0000%  99.9972%
  [   351500,   352000)            1    0.0000%  99.9972%
  [   355500,   356000)            1    0.0000%  99.9972%
  [   357500,   358000)            1    0.0000%  99.9972%
  [   362000,   362500)            1    0.0000%  99.9972%
  [   365500,   366000)            1    0.0000%  99.9972%
  [   367500,   368000)            1    0.0000%  99.9972%
  [   370500,   371000)            1    0.0000%  99.9972%
  [   373000,   373500)            1    0.0000%  99.9972%
  [   374500,   375000)            1    0.0000%  99.9972%
  [   377500,   378000)            1    0.0000%  99.9972%
  [   381000,   381500)            1    0.0000%  99.9972%
  [   397500,   398000)            1    0.0000%  99.9972%
  [   398000,   398500)            3    0.0000%  99.9973%
  [   398500,   399000)            2    0.0000%  99.9973%
  [   399000,   399500)            1    0.0000%  99.9973%
  [   399500,   400000)            2    0.0000%  99.9973%
  [   400000,   400500)            2    0.0000%  99.9973%
  [   400500,   401000)            2    0.0000%  99.9973%
  [   401000,   401500)            2    0.0000%  99.9973%
  [   401500,   402000)            3    0.0000%  99.9973%
  [   402000,   402500)            1    0.0000%  99.9973%
  [   402500,   403000)            5    0.0000%  99.9973%
  [   403000,   403500)            8    0.0000%  99.9973%
  [   403500,   404000)            2    0.0000%  99.9974%
  [   404000,   404500)            3    0.0000%  99.9974%
  [   404500,   405000)            3    0.0000%  99.9974%
  [   405000,   405500)            4    0.0000%  99.9974%
  [   405500,   406000)           10    0.0000%  99.9974%
  [   406000,   406500)            3    0.0000%  99.9974%
  [   406500,   407000)            5    0.0000%  99.9974%
  [   407000,   407500)            6    0.0000%  99.9975%
  [   407500,   408000)           18    0.0001%  99.9975%
  [   408000,   408500)           11    0.0000%  99.9976%
  [   408500,   409000)           10    0.0000%  99.9976%
  [   409000,   409500)            9    0.0000%  99.9976%
  [   409500,   410000)           10    0.0000%  99.9977%
  [   410000,   410500)            8    0.0000%  99.9977%
  [   410500,   411000)            6    0.0000%  99.9977%
  [   411000,   411500)            6    0.0000%  99.9977%
  [   411500,   412000)            1    0.0000%  99.9977%
  [   412000,   412500)            6    0.0000%  99.9977%
  [   412500,   413000)           10    0.0000%  99.9978%
  [   413000,   413500)            7    0.0000%  99.9978%
  [   413500,   414000)            6    0.0000%  99.9978%
  [   414000,   414500)            8    0.0000%  99.9979%
  [   414500,   415000)           10    0.0000%  99.9979%
  [   415000,   415500)           11    0.0000%  99.9979%
  [   415500,   416000)           11    0.0000%  99.9980%
  [   416000,   416500)            8    0.0000%  99.9980%
  [   416500,   417000)           10    0.0000%  99.9980%
  [   417000,   417500)            7    0.0000%  99.9980%
  [   417500,   418000)            9    0.0000%  99.9981%
  [   418000,   418500)            7    0.0000%  99.9981%
  [   418500,   419000)            4    0.0000%  99.9981%
  [   419000,   419500)            8    0.0000%  99.9981%
  [   419500,   420000)            7    0.0000%  99.9982%
  [   420000,   420500)            7    0.0000%  99.9982%
  [   420500,   421000)            9    0.0000%  99.9982%
  [   421000,   421500)           12    0.0000%  99.9983%
  [   421500,   422000)            5    0.0000%  99.9983%
  [   422000,   422500)           15    0.0001%  99.9983%
  [   422500,   423000)           14    0.0000%  99.9984%
  [   423000,   423500)           12    0.0000%  99.9984%
  [   423500,   424000)           10    0.0000%  99.9984%
  [   424000,   424500)            6    0.0000%  99.9985%
  [   424500,   425000)           10    0.0000%  99.9985%
  [   425000,   425500)            3    0.0000%  99.9985%
  [   425500,   426000)            8    0.0000%  99.9985%
  [   426000,   426500)            3    0.0000%  99.9985%
  [   426500,   427000)            4    0.0000%  99.9986%
  [   427000,   427500)            4    0.0000%  99.9986%
  [   427500,   428000)            2    0.0000%  99.9986%
  [   428000,   428500)            4    0.0000%  99.9986%
  [   428500,   429000)            4    0.0000%  99.9986%
  [   429000,   429500)            5    0.0000%  99.9986%
  [   429500,   430000)            5    0.0000%  99.9986%
  [   430000,   430500)            8    0.0000%  99.9987%
  [   430500,   431000)            7    0.0000%  99.9987%
  [   431000,   431500)           10    0.0000%  99.9987%
  [   431500,   432000)           13    0.0000%  99.9988%
  [   432000,   432500)           12    0.0000%  99.9988%
  [   432500,   433000)            9    0.0000%  99.9988%
  [   433000,   433500)            7    0.0000%  99.9989%
  [   433500,   434000)            3    0.0000%  99.9989%
  [   434000,   434500)            3    0.0000%  99.9989%
  [   434500,   435000)            3    0.0000%  99.9989%
  [   435000,   435500)            1    0.0000%  99.9989%
  [   435500,   436000)            6    0.0000%  99.9989%
  [   436000,   436500)            4    0.0000%  99.9989%
  [   436500,   437000)            2    0.0000%  99.9989%
  [   437000,   437500)            8    0.0000%  99.9990%
  [   437500,   438000)            4    0.0000%  99.9990%
  [   438000,   438500)            3    0.0000%  99.9990%
  [   438500,   439000)            5    0.0000%  99.9990%
  [   439000,   439500)            3    0.0000%  99.9990%
  [   439500,   440000)            7    0.0000%  99.9990%
  [   440000,   440500)            2    0.0000%  99.9990%
  [   440500,   441000)            1    0.0000%  99.9990%
  [   485000,   485500)            1    0.0000%  99.9990%
  [   690000,   690500)            1    0.0000%  99.9990%
  [   690500,   691000)            8    0.0000%  99.9991%
  [   691000,   691500)            5    0.0000%  99.9991%
  [   691500,   692000)            6    0.0000%  99.9991%
  [   692000,   692500)            5    0.0000%  99.9991%
  [   692500,   693000)            7    0.0000%  99.9991%
  [   693000,   693500)            9    0.0000%  99.9992%
  [   693500,   694000)            8    0.0000%  99.9992%
  [   694000,   694500)            5    0.0000%  99.9992%
  [   694500,   695000)            4    0.0000%  99.9992%
  [   695000,   695500)            2    0.0000%  99.9992%
  [   695500,   696000)            1    0.0000%  99.9992%
  [   696000,   696500)            3    0.0000%  99.9993%
  [   696500,   697000)            3    0.0000%  99.9993%
  [   697000,   697500)            4    0.0000%  99.9993%
  [   698000,   698500)            1    0.0000%  99.9993%
  [   702500,   703000)            3    0.0000%  99.9993%
  [   703000,   703500)            2    0.0000%  99.9993%
  [   703500,   704000)            1    0.0000%  99.9993%
  [   704000,   704500)            1    0.0000%  99.9993%
  [   704500,   705000)            3    0.0000%  99.9993%
  [   705000,   705500)            2    0.0000%  99.9993%
  [   705500,   706000)            4    0.0000%  99.9993%
  [   706000,   706500)            3    0.0000%  99.9993%
  [   706500,   707000)            5    0.0000%  99.9994%
  [   707000,   707500)            9    0.0000%  99.9994%
  [   707500,   708000)            7    0.0000%  99.9994%
  [   708000,   708500)           12    0.0000%  99.9995%
  [   708500,   709000)            5    0.0000%  99.9995%
  [   709000,   709500)            5    0.0000%  99.9995%
  [   709500,   710000)            6    0.0000%  99.9995%
  [   710000,   710500)            3    0.0000%  99.9995%
  [   710500,   711000)            1    0.0000%  99.9995%
  [   711000,   711500)            1    0.0000%  99.9995%
  [   712000,   712500)            3    0.0000%  99.9995%
  [   712500,   713000)            3    0.0000%  99.9995%
  [   713000,   713500)            3    0.0000%  99.9996%
  [   713500,   714000)            1    0.0000%  99.9996%
  [   714500,   715000)            2    0.0000%  99.9996%
  [   715500,   716000)            2    0.0000%  99.9996%
  [   716000,   716500)            2    0.0000%  99.9996%
  [   716500,   717000)            1    0.0000%  99.9996%
  [   717000,   717500)            4    0.0000%  99.9996%
  [   717500,   718000)            1    0.0000%  99.9996%
  [   718000,   718500)            5    0.0000%  99.9996%
  [   718500,   719000)            3    0.0000%  99.9996%
  [   719000,   719500)            5    0.0000%  99.9996%
  [   719500,   720000)            5    0.0000%  99.9997%
  [   720000,   720500)            5    0.0000%  99.9997%
  [   720500,   721000)            2    0.0000%  99.9997%
  [   721000,   721500)           10    0.0000%  99.9997%
  [   721500,   722000)            3    0.0000%  99.9997%
  [   722000,   722500)            7    0.0000%  99.9997%
  [   722500,   723000)            3    0.0000%  99.9998%
  [   724000,   724500)            2    0.0000%  99.9998%
  [   726000,   726500)            1    0.0000%  99.9998%
  [   726500,   727000)            2    0.0000%  99.9998%
  [   727000,   727500)            1    0.0000%  99.9998%
  [   728000,   728500)            2    0.0000%  99.9998%
  [   728500,   729000)            3    0.0000%  99.9998%
  [   729000,   729500)            7    0.0000%  99.9998%
  [   729500,   730000)            5    0.0000%  99.9998%
  [   730000,   730500)            7    0.0000%  99.9999%
  [   730500,   731000)            5    0.0000%  99.9999%
  [   731000,   731500)            2    0.0000%  99.9999%
  [   991000,   991500)            1    0.0000%  99.9999%
  [   992000,   992500)            5    0.0000%  99.9999%
  [   992500,   993000)            2    0.0000%  99.9999%
  [   993000,   993500)            5    0.0000%  99.9999%
  [   993500,   994000)            2    0.0000%  99.9999%
  [   994000,   994500)            8    0.0000% 100.0000%
  [   994500,   995000)            9    0.0000% 100.0000%
  [   995000,   995500)            1    0.0000% 100.0000%
  [   995500,   996000)            2    0.0000% 100.0000%
  [   996000,   996500)            1    0.0000% 100.0000%

----- REMOTE OPERATIONS [node 0] -----
  ops total                = 29990498
  ops local  (cache hit)   = 0 (0.00%)
  ops remote (>=1 net op)  = 29990498 (100.00%)
  remote ops total         = 59980994
    rdma read              = 29990496
    rdma write             = 0
    rdma cas               = 0
    rpc pushdown           = 29990498
  remote ops / op          = 2.0000
  remote ops / remote op   = 2.0000

----- OFFLOADED TASKS [node 0] -----
  lookup pushdowns         = 0
  scan    pushdowns (RPC)  = 29990496
    kv pairs returned      = 2998709744
    leaves scanned remotely= 258337140
    kv / scan pushdown     = 99.99
    leaves / scan pushdown = 8.61
  per-thread breakdown (tid: lookups | scans | kv | leaves):
    t0             0 |     833141 |   83304126 |    7177638
    t1             0 |     832770 |   83266818 |    7173503
    t2             0 |     833264 |   83316996 |    7177263
    t3             0 |     832850 |   83275401 |    7174217
    t4             0 |     833231 |   83313633 |    7177126
    t5             0 |     832830 |   83273804 |    7173991
    t6             0 |     833213 |   83312052 |    7176832
    t7             0 |     832842 |   83274875 |    7173537
    t8             0 |     833233 |   83313986 |    7176877
    t9             0 |     832846 |   83275256 |    7174036
    t10            0 |     833225 |   83312710 |    7177751
    t11            0 |     832958 |   83286185 |    7175517
    t12            0 |     833280 |   83318749 |    7178106
    t13            0 |     832855 |   83275803 |    7174113
    t14            0 |     833267 |   83317126 |    7178262
    t15            0 |     832841 |   83274887 |    7173712
    t16            0 |     833284 |   83319050 |    7177874
    t17            0 |     832823 |   83272878 |    7172945
    t18            0 |     833243 |   83314774 |    7177536
    t19            0 |     832846 |   83275013 |    7173756
    t20            0 |     833316 |   83322004 |    7178005
    t21            0 |     832985 |   83288168 |    7175948
    t22            0 |     833276 |   83318070 |    7177682
    t23            0 |     832848 |   83275439 |    7174273
    t24            0 |     833266 |   83317288 |    7177862
    t25            0 |     832933 |   83283815 |    7175602
    t26            0 |     833277 |   83318153 |    7178286
    t27            0 |     832868 |   83277729 |    7173799
    t28            0 |     833333 |   83324239 |    7178400
    t29            0 |     832854 |   83276215 |    7173986
    t30            0 |     833320 |   83322520 |    7178349
    t31            0 |     832965 |   83288099 |    7174845
    t32            0 |     833327 |   83322693 |    7178561
    t33            0 |     832942 |   83285360 |    7175427
    t34            0 |     833279 |   83319044 |    7177641
    t35            0 |     832865 |   83276786 |    7173882

----- PATH-AWARE CACHE MISS RATE [node 0] -----
  node accesses (hit+miss) = 515208795
  node cache hits          = 485218297 (94.18%)
  MISS RATE                = 5.8210%  (29990498 / 515208795)
  inner-node miss          = 29417543 (98.09% of misses, 5.7098% rate)
  leaf-node  miss          = 572955 (1.91% of misses, 0.1112% rate)
  total miss               = 29990498
  cache writebacks         = 0
=========================================================================

Round 0 (max_throughput): 0.335867 Mops/s
Round 0 (straggler_throughput): 0.335844 Mops/s
Before barrier finish
Avg. rdma read time(ms) = 0
Avg. rdma write time(ms) = -nan
Avg. rdma read / op = 1
Avg. rdma write / op = 0
Avg. rdma cas / op = 0
Avg. rdma rpc / op = 1
Avg. all rdma / op = 2
Avg. rdma read size/ op = 1632.82
Avg. rdma write size / op = 0
Avg. rdma RW size / op = 1632.82
------------------------------------------
Node 0 average throughput = 0.332689
Node 0 total throughput = 0.335867
All CN throughput (Max) = 0.335867
All CN throughput (Straggler) = 0.335844
Final throughput = 0.335844
[CORRECTNESS node 0] ops ok 29990496 / 29990498 = 100.0000%; scans 29990498, rows 2999046109 (100.00 per scan)
------------------------------------------
