Compute node count = 1
kNodeCount 2, kReadRatio 0, kInsertRatio 0, kUpdateRatio 0, kDeleteRatio 0, kRangeRatio 100, totalThreadCount 36, memThreadCount 8 cache_size 128, uniform_workload 1, zipfian 0.990000, bulk_load_num 50000000, warmup_num 10000000, op_num 30000000, check_correctness 0, time_based 0, early_stop 1, index 0, rpc_rate 1.000000, admission_rate 0.100000, auto_tune 0
kMaxThread = 36
KeySpace = 50001000
[GEOMETRY] inner_page=160 leaf_page=512 inner_entries=5 leaf_entries=26 slot=512 placement=mn_only
[4mshared memory size: 64GB, 0x7fef77200000[0m
[4mcache size: 2GB[0m
[4mMachine NR: 2[0m
[4mMax_APP_THREAD: 80[0m
[4mNR_DIRECTORY: 16[0m
[4mStart Build the DSMKeeper[0m
I am servers 0 [255.127.0.0]
I connect server 1
[4mdir 0 launch! (core 79 of 80)
[0m
[4mdir 1 launch! (core 79 of 80)
[0m
[4mdir 3 launch! (core 79 of 80)
[0m
[4mdir 5 launch! (core 79 of 80)
[0m
[4mdir 7 launch! (core 79 of 80)
[0m
[4mdir 6 launch! (core 79 of 80)
[0m
CNode 0, left bound = 0, right bound = 18446744073709551615
Pushdown (RPC) Rate: 1
Admission Rate: 0.1
Cache size(MB) = 128
-----Cache initial addr = 0x7fef34000000
[4mdir 4 launch! (core 79 of 80)
[0m
[4mdir 2 launch! (core 79 of 80)
[0m
page num = 262144
alloc_unit = 512
entry_num: 262144
bucket_num: 87382
[DEX_SAFE_PT] page table keeps overflow buckets linked: ON
Bucket size = 64
entry_num: 26214
bucket_num: 4369
[DEX-R] push reads from the deepest cached node: ON (DEX_PUSH_READS_DEEPEST; writes keep DEX's megaLevel rule)
start generating tree
num_partitions = 1
Success: tree root pointer value [1, 67108864]
finish generating tree
Bulkload num in node 0 = 50000000
First key of bulkloading = 7325973
Last key of bulkloading = 26738230
node warmup num = 9999972
kReadRatio =0
insertmark =0
updatemark =0
deletemark =0
rangemark =100
[CPU compute ] process=  2.50% of 80 cores   system=  2.52%   (window 2s)

----- REMOTE CPU LOAD (memory node dir-threads, 2s window) -----
  dir 0: active=  0.00%  msgs=0           0 ns/msg
  dir 1: active=  0.00%  msgs=0           0 ns/msg
  dir 2: active=  0.00%  msgs=0           0 ns/msg
  dir 3: active=  0.00%  msgs=0           0 ns/msg
  dir 4: active=  0.00%  msgs=0           0 ns/msg
  dir 5: active=  0.00%  msgs=0           0 ns/msg
  dir 6: active=  0.00%  msgs=0           0 ns/msg
  dir 7: active=  0.00%  msgs=0           0 ns/msg
  AGGREGATE active = 0.00% (of 8 dir-threads; 0.00% per-thread avg)  msgs=0
Finish warmup workload generation
[CPU compute ] process=  2.50% of 80 cores   system=  2.51%   (window 2s)

----- REMOTE CPU LOAD (memory node dir-threads, 2s window) -----
  dir 0: active=  0.00%  msgs=0           0 ns/msg
  dir 1: active=  0.00%  msgs=0           0 ns/msg
  dir 2: active=  0.00%  msgs=0           0 ns/msg
  dir 3: active=  0.00%  msgs=0           0 ns/msg
  dir 4: active=  0.00%  msgs=0           0 ns/msg
  dir 5: active=  0.00%  msgs=0           0 ns/msg
  dir 6: active=  0.00%  msgs=0           0 ns/msg
  dir 7: active=  0.00%  msgs=0           0 ns/msg
  AGGREGATE active = 0.00% (of 8 dir-threads; 0.00% per-thread avg)  msgs=0
[CPU compute ] process=  2.50% of 80 cores   system=  4.47%   (window 2s)

----- REMOTE CPU LOAD (memory node dir-threads, 2s window) -----
  dir 0: active=  0.00%  msgs=0           0 ns/msg
  dir 1: active=  0.00%  msgs=0           0 ns/msg
  dir 2: active=  0.00%  msgs=0           0 ns/msg
  dir 3: active=  0.00%  msgs=0           0 ns/msg
  dir 4: active=  0.00%  msgs=0           0 ns/msg
  dir 5: active=  0.00%  msgs=0           0 ns/msg
  dir 6: active=  0.00%  msgs=0           0 ns/msg
  dir 7: active=  0.00%  msgs=0           0 ns/msg
  AGGREGATE active = 0.00% (of 8 dir-threads; 0.00% per-thread avg)  msgs=0
[CPU compute ] process=  2.50% of 80 cores   system=  2.51%   (window 2s)

----- REMOTE CPU LOAD (memory node dir-threads, 2s window) -----
  dir 0: active=  0.00%  msgs=0           0 ns/msg
  dir 1: active=  0.00%  msgs=0           0 ns/msg
  dir 2: active=  0.00%  msgs=0           0 ns/msg
  dir 3: active=  0.00%  msgs=0           0 ns/msg
  dir 4: active=  0.00%  msgs=0           0 ns/msg
  dir 5: active=  0.00%  msgs=0           0 ns/msg
  dir 6: active=  0.00%  msgs=0           0 ns/msg
  dir 7: active=  0.00%  msgs=0           0 ns/msg
  AGGREGATE active = 0.00% (of 8 dir-threads; 0.00% per-thread avg)  msgs=0
[CPU compute ] process=  2.50% of 80 cores   system=  2.53%   (window 2s)

----- REMOTE CPU LOAD (memory node dir-threads, 2s window) -----
  dir 0: active=  0.00%  msgs=0           0 ns/msg
  dir 1: active=  0.00%  msgs=0           0 ns/msg
  dir 2: active=  0.00%  msgs=0           0 ns/msg
  dir 3: active=  0.00%  msgs=0           0 ns/msg
  dir 4: active=  0.00%  msgs=0           0 ns/msg
  dir 5: active=  0.00%  msgs=0           0 ns/msg
  dir 6: active=  0.00%  msgs=0           0 ns/msg
  dir 7: active=  0.00%  msgs=0           0 ns/msg
  AGGREGATE active = 0.00% (of 8 dir-threads; 0.00% per-thread avg)  msgs=0
[CPU compute ] process=  2.50% of 80 cores   system=  2.51%   (window 2s)

----- REMOTE CPU LOAD (memory node dir-threads, 2s window) -----
  dir 0: active=  0.00%  msgs=0           0 ns/msg
  dir 1: active=  0.00%  msgs=0           0 ns/msg
  dir 2: active=  0.00%  msgs=0           0 ns/msg
  dir 3: active=  0.00%  msgs=0           0 ns/msg
  dir 4: active=  0.00%  msgs=0           0 ns/msg
  dir 5: active=  0.00%  msgs=0           0 ns/msg
  dir 6: active=  0.00%  msgs=0           0 ns/msg
  dir 7: active=  0.00%  msgs=0           0 ns/msg
  AGGREGATE active = 0.00% (of 8 dir-threads; 0.00% per-thread avg)  msgs=0
[CPU compute ] process=  2.50% of 80 cores   system=  2.53%   (window 2s)

----- REMOTE CPU LOAD (memory node dir-threads, 2s window) -----
  dir 0: active=  0.00%  msgs=0           0 ns/msg
  dir 1: active=  0.00%  msgs=0           0 ns/msg
  dir 2: active=  0.00%  msgs=0           0 ns/msg
  dir 3: active=  0.00%  msgs=0           0 ns/msg
  dir 4: active=  0.00%  msgs=0           0 ns/msg
  dir 5: active=  0.00%  msgs=0           0 ns/msg
  dir 6: active=  0.00%  msgs=0           0 ns/msg
  dir 7: active=  0.00%  msgs=0           0 ns/msg
  AGGREGATE active = 0.00% (of 8 dir-threads; 0.00% per-thread avg)  msgs=0
node op_num = 29999988
Finish all workload generation
[CPU compute ] process=  2.51% of 80 cores   system=  4.64%   (window 2s)

----- REMOTE CPU LOAD (memory node dir-threads, 2s window) -----
  dir 0: active=  0.00%  msgs=0           0 ns/msg
  dir 1: active=  0.00%  msgs=0           0 ns/msg
  dir 2: active=  0.00%  msgs=0           0 ns/msg
  dir 3: active=  0.00%  msgs=0           0 ns/msg
  dir 4: active=  0.00%  msgs=0           0 ns/msg
  dir 5: active=  0.00%  msgs=0           0 ns/msg
  dir 6: active=  0.00%  msgs=0           0 ns/msg
  dir 7: active=  0.00%  msgs=0           0 ns/msg
  AGGREGATE active = 0.00% (of 8 dir-threads; 0.00% per-thread avg)  msgs=0
[CPU compute ] process=  2.50% of 80 cores   system=  2.51%   (window 2s)

----- REMOTE CPU LOAD (memory node dir-threads, 2s window) -----
  dir 0: active=  0.00%  msgs=0           0 ns/msg
  dir 1: active=  0.00%  msgs=0           0 ns/msg
  dir 2: active=  0.00%  msgs=0           0 ns/msg
  dir 3: active=  0.00%  msgs=0           0 ns/msg
  dir 4: active=  0.00%  msgs=0           0 ns/msg
  dir 5: active=  0.00%  msgs=0           0 ns/msg
  dir 6: active=  0.00%  msgs=0           0 ns/msg
  dir 7: active=  0.00%  msgs=0           0 ns/msg
  AGGREGATE active = 0.00% (of 8 dir-threads; 0.00% per-thread avg)  msgs=0
Fetched new height = 1
Success: tree root pointer value [1, 67109888]
Height = 2
Success: tree root pointer value [1, 67112448]
Height = 3
Success: tree root pointer value [1, 67118080]
Height = 4
[CPU compute ] process=  2.50% of 80 cores   system=  2.52%   (window 2s)

----- REMOTE CPU LOAD (memory node dir-threads, 2s window) -----
  dir 0: active=  0.00%  msgs=0           0 ns/msg
  dir 1: active=  0.00%  msgs=0           0 ns/msg
  dir 2: active=  0.00%  msgs=0           0 ns/msg
  dir 3: active=  0.00%  msgs=0           0 ns/msg
  dir 4: active=  0.00%  msgs=0           0 ns/msg
  dir 5: active=  0.00%  msgs=0           0 ns/msg
  dir 6: active=  0.00%  msgs=0           0 ns/msg
  dir 7: active=  0.00%  msgs=0           0 ns/msg
  AGGREGATE active = 0.00% (of 8 dir-threads; 0.00% per-thread avg)  msgs=0
[CPU compute ] process=  2.50% of 80 cores   system=  2.52%   (window 2s)

----- REMOTE CPU LOAD (memory node dir-threads, 2s window) -----
  dir 0: active=  0.00%  msgs=0           0 ns/msg
  dir 1: active=  0.00%  msgs=0           0 ns/msg
  dir 2: active=  0.00%  msgs=0           0 ns/msg
  dir 3: active=  0.00%  msgs=0           0 ns/msg
  dir 4: active=  0.00%  msgs=0           0 ns/msg
  dir 5: active=  0.00%  msgs=0           0 ns/msg
  dir 6: active=  0.00%  msgs=0           0 ns/msg
  dir 7: active=  0.00%  msgs=0           0 ns/msg
  AGGREGATE active = 0.00% (of 8 dir-threads; 0.00% per-thread avg)  msgs=0
Success: tree root pointer value [1, 67129856]
Height = 5
Success: tree root pointer value [1, 67153920]
Height = 6
Success: tree root pointer value [1, 67202560]
Height = 7
Success: tree root pointer value [1, 67300352]
Height = 8
Success: tree root pointer value [1, 67496448]
Height = 9
Success: tree root pointer value [1, 67889152]
Height = 10
Success: tree root pointer value [1, 68675072]
Height = 11
Success: tree root pointer value [1, 70247424]
Height = 12
Success: tree root pointer value [1, 73392640]
Height = 13
Success: tree root pointer value [1, 79683584]
Height = 14
Success: tree root pointer value [1, 92265984]
Height = 15
Success: tree root pointer value [1, 8673811968]
Height = 16
Success: tree root pointer value [1, 17280523776]
Height = 17
entering dynamic phase
[CPU compute ] process=  2.50% of 80 cores   system=  2.51%   (window 2s)

----- REMOTE CPU LOAD (memory node dir-threads, 2s window) -----
  dir 0: active=  0.00%  msgs=0           0 ns/msg
  dir 1: active=  0.00%  msgs=0           0 ns/msg
  dir 2: active=  0.00%  msgs=0           0 ns/msg
  dir 3: active=  0.00%  msgs=0           0 ns/msg
  dir 4: active=  0.00%  msgs=0           0 ns/msg
  dir 5: active=  0.00%  msgs=0           0 ns/msg
  dir 6: active=  0.00%  msgs=0           0 ns/msg
  dir 7: active=  0.00%  msgs=0           0 ns/msg
  AGGREGATE active = 0.00% (of 8 dir-threads; 0.00% per-thread avg)  msgs=0
Success: tree root pointer value [1, 43050328576]
Height = 18
[CPU compute ] process=  2.50% of 80 cores   system=  4.52%   (window 2s)

----- REMOTE CPU LOAD (memory node dir-threads, 2s window) -----
  dir 0: active=  0.00%  msgs=0           0 ns/msg
  dir 1: active=  0.00%  msgs=0           0 ns/msg
  dir 2: active=  0.00%  msgs=0           0 ns/msg
  dir 3: active=  0.00%  msgs=0           0 ns/msg
  dir 4: active=  0.00%  msgs=0           0 ns/msg
  dir 5: active=  0.00%  msgs=0           0 ns/msg
  dir 6: active=  0.00%  msgs=0           0 ns/msg
  dir 7: active=  0.00%  msgs=0           0 ns/msg
  AGGREGATE active = 0.00% (of 8 dir-threads; 0.00% per-thread avg)  msgs=0
Success: tree root pointer value [1, 25904016384]
Height = 19
[CPU compute ] process=  2.50% of 80 cores   system=  2.54%   (window 2s)

----- REMOTE CPU LOAD (memory node dir-threads, 2s window) -----
  dir 0: active=  0.00%  msgs=0           0 ns/msg
  dir 1: active=  0.00%  msgs=0           0 ns/msg
  dir 2: active=  0.00%  msgs=0           0 ns/msg
  dir 3: active=  0.00%  msgs=0           0 ns/msg
  dir 4: active=  0.00%  msgs=0           0 ns/msg
  dir 5: active=  0.00%  msgs=0           0 ns/msg
  dir 6: active=  0.00%  msgs=0           0 ns/msg
  dir 7: active=  0.00%  msgs=0           0 ns/msg
  AGGREGATE active = 0.00% (of 8 dir-threads; 0.00% per-thread avg)  msgs=0
[CPU compute ] process=  2.50% of 80 cores   system=  2.52%   (window 2s)

----- REMOTE CPU LOAD (memory node dir-threads, 2s window) -----
  dir 0: active=  0.00%  msgs=0           0 ns/msg
  dir 1: active=  0.00%  msgs=0           0 ns/msg
  dir 2: active=  0.00%  msgs=0           0 ns/msg
  dir 3: active=  0.00%  msgs=0           0 ns/msg
  dir 4: active=  0.00%  msgs=0           0 ns/msg
  dir 5: active=  0.00%  msgs=0           0 ns/msg
  dir 6: active=  0.00%  msgs=0           0 ns/msg
  dir 7: active=  0.00%  msgs=0           0 ns/msg
  AGGREGATE active = 0.00% (of 8 dir-threads; 0.00% per-thread avg)  msgs=0
[CPU compute ] process=  2.50% of 80 cores   system=  2.51%   (window 2s)

----- REMOTE CPU LOAD (memory node dir-threads, 2s window) -----
  dir 0: active=  0.00%  msgs=0           0 ns/msg
  dir 1: active=  0.00%  msgs=0           0 ns/msg
  dir 2: active=  0.00%  msgs=0           0 ns/msg
  dir 3: active=  0.00%  msgs=0           0 ns/msg
  dir 4: active=  0.00%  msgs=0           0 ns/msg
  dir 5: active=  0.00%  msgs=0           0 ns/msg
  dir 6: active=  0.00%  msgs=0           0 ns/msg
  dir 7: active=  0.00%  msgs=0           0 ns/msg
  AGGREGATE active = 0.00% (of 8 dir-threads; 0.00% per-thread avg)  msgs=0
Success: tree root pointer value [1, 167773184]
Height = 20
[CPU compute ] process=  2.50% of 80 cores   system=  2.51%   (window 2s)

----- REMOTE CPU LOAD (memory node dir-threads, 2s window) -----
  dir 0: active=  0.00%  msgs=0           0 ns/msg
  dir 1: active=  0.00%  msgs=0           0 ns/msg
  dir 2: active=  0.00%  msgs=0           0 ns/msg
  dir 3: active=  0.00%  msgs=0           0 ns/msg
  dir 4: active=  0.00%  msgs=0           0 ns/msg
  dir 5: active=  0.00%  msgs=0           0 ns/msg
  dir 6: active=  0.00%  msgs=0           0 ns/msg
  dir 7: active=  0.00%  msgs=0           0 ns/msg
  AGGREGATE active = 0.00% (of 8 dir-threads; 0.00% per-thread avg)  msgs=0
[CPU compute ] process=  2.50% of 80 cores   system=  4.37%   (window 2s)

----- REMOTE CPU LOAD (memory node dir-threads, 2s window) -----
  dir 0: active=  0.00%  msgs=0           0 ns/msg
  dir 1: active=  0.00%  msgs=0           0 ns/msg
  dir 2: active=  0.00%  msgs=0           0 ns/msg
  dir 3: active=  0.00%  msgs=0           0 ns/msg
  dir 4: active=  0.00%  msgs=0           0 ns/msg
  dir 5: active=  0.00%  msgs=0           0 ns/msg
  dir 6: active=  0.00%  msgs=0           0 ns/msg
  dir 7: active=  0.00%  msgs=0           0 ns/msg
  AGGREGATE active = 0.00% (of 8 dir-threads; 0.00% per-thread avg)  msgs=0
[CPU compute ] process=  2.50% of 80 cores   system=  2.53%   (window 2s)

----- REMOTE CPU LOAD (memory node dir-threads, 2s window) -----
  dir 0: active=  0.00%  msgs=0           0 ns/msg
  dir 1: active=  0.00%  msgs=0           0 ns/msg
  dir 2: active=  0.00%  msgs=0           0 ns/msg
  dir 3: active=  0.00%  msgs=0           0 ns/msg
  dir 4: active=  0.00%  msgs=0           0 ns/msg
  dir 5: active=  0.00%  msgs=0           0 ns/msg
  dir 6: active=  0.00%  msgs=0           0 ns/msg
  dir 7: active=  0.00%  msgs=0           0 ns/msg
  AGGREGATE active = 0.00% (of 8 dir-threads; 0.00% per-thread avg)  msgs=0
[CPU compute ] process=  2.50% of 80 cores   system=  2.52%   (window 2s)

----- REMOTE CPU LOAD (memory node dir-threads, 2s window) -----
  dir 0: active=  0.00%  msgs=0           0 ns/msg
  dir 1: active=  0.00%  msgs=0           0 ns/msg
  dir 2: active=  0.00%  msgs=0           0 ns/msg
  dir 3: active=  0.00%  msgs=0           0 ns/msg
  dir 4: active=  0.00%  msgs=0           0 ns/msg
  dir 5: active=  0.00%  msgs=0           0 ns/msg
  dir 6: active=  0.00%  msgs=0           0 ns/msg
  dir 7: active=  0.00%  msgs=0           0 ns/msg
  AGGREGATE active = 0.00% (of 8 dir-threads; 0.00% per-thread avg)  msgs=0
[CPU compute ] process=  2.50% of 80 cores   system=  2.52%   (window 2s)

----- REMOTE CPU LOAD (memory node dir-threads, 2s window) -----
  dir 0: active=  0.00%  msgs=0           0 ns/msg
  dir 1: active=  0.00%  msgs=0           0 ns/msg
  dir 2: active=  0.00%  msgs=0           0 ns/msg
  dir 3: active=  0.00%  msgs=0           0 ns/msg
  dir 4: active=  0.00%  msgs=0           0 ns/msg
  dir 5: active=  0.00%  msgs=0           0 ns/msg
  dir 6: active=  0.00%  msgs=0           0 ns/msg
  dir 7: active=  0.00%  msgs=0           0 ns/msg
  AGGREGATE active = 0.00% (of 8 dir-threads; 0.00% per-thread avg)  msgs=0
[CPU compute ] process=  2.50% of 80 cores   system=  2.52%   (window 2s)

----- REMOTE CPU LOAD (memory node dir-threads, 2s window) -----
  dir 0: active=  0.00%  msgs=0           0 ns/msg
  dir 1: active=  0.00%  msgs=0           0 ns/msg
  dir 2: active=  0.00%  msgs=0           0 ns/msg
  dir 3: active=  0.00%  msgs=0           0 ns/msg
  dir 4: active=  0.00%  msgs=0           0 ns/msg
  dir 5: active=  0.00%  msgs=0           0 ns/msg
  dir 6: active=  0.00%  msgs=0           0 ns/msg
  dir 7: active=  0.00%  msgs=0           0 ns/msg
  AGGREGATE active = 0.00% (of 8 dir-threads; 0.00% per-thread avg)  msgs=0
Success: tree root pointer value [1, 268448256]
Height = 21
[CPU compute ] process=  2.50% of 80 cores   system=  2.51%   (window 2s)

----- REMOTE CPU LOAD (memory node dir-threads, 2s window) -----
  dir 0: active=  0.00%  msgs=0           0 ns/msg
  dir 1: active=  0.00%  msgs=0           0 ns/msg
  dir 2: active=  0.00%  msgs=0           0 ns/msg
  dir 3: active=  0.00%  msgs=0           0 ns/msg
  dir 4: active=  0.00%  msgs=0           0 ns/msg
  dir 5: active=  0.00%  msgs=0           0 ns/msg
  dir 6: active=  0.00%  msgs=0           0 ns/msg
  dir 7: active=  0.00%  msgs=0           0 ns/msg
  AGGREGATE active = 0.00% (of 8 dir-threads; 0.00% per-thread avg)  msgs=0
[CPU compute ] process=  2.50% of 80 cores   system=  4.47%   (window 2s)

----- REMOTE CPU LOAD (memory node dir-threads, 2s window) -----
  dir 0: active=  0.00%  msgs=0           0 ns/msg
  dir 1: active=  0.00%  msgs=0           0 ns/msg
  dir 2: active=  0.00%  msgs=0           0 ns/msg
  dir 3: active=  0.00%  msgs=0           0 ns/msg
  dir 4: active=  0.00%  msgs=0           0 ns/msg
  dir 5: active=  0.00%  msgs=0           0 ns/msg
  dir 6: active=  0.00%  msgs=0           0 ns/msg
  dir 7: active=  0.00%  msgs=0           0 ns/msg
  AGGREGATE active = 0.00% (of 8 dir-threads; 0.00% per-thread avg)  msgs=0
[CPU compute ] process=  2.50% of 80 cores   system=  2.53%   (window 2s)

----- REMOTE CPU LOAD (memory node dir-threads, 2s window) -----
  dir 0: active=  0.00%  msgs=0           0 ns/msg
  dir 1: active=  0.00%  msgs=0           0 ns/msg
  dir 2: active=  0.00%  msgs=0           0 ns/msg
  dir 3: active=  0.00%  msgs=0           0 ns/msg
  dir 4: active=  0.00%  msgs=0           0 ns/msg
  dir 5: active=  0.00%  msgs=0           0 ns/msg
  dir 6: active=  0.00%  msgs=0           0 ns/msg
  dir 7: active=  0.00%  msgs=0           0 ns/msg
  AGGREGATE active = 0.00% (of 8 dir-threads; 0.00% per-thread avg)  msgs=0
[CPU compute ] process=  2.50% of 80 cores   system=  2.53%   (window 2s)

----- REMOTE CPU LOAD (memory node dir-threads, 2s window) -----
  dir 0: active=  0.00%  msgs=0           0 ns/msg
  dir 1: active=  0.00%  msgs=0           0 ns/msg
  dir 2: active=  0.00%  msgs=0           0 ns/msg
  dir 3: active=  0.00%  msgs=0           0 ns/msg
  dir 4: active=  0.00%  msgs=0           0 ns/msg
  dir 5: active=  0.00%  msgs=0           0 ns/msg
  dir 6: active=  0.00%  msgs=0           0 ns/msg
  dir 7: active=  0.00%  msgs=0           0 ns/msg
  AGGREGATE active = 0.00% (of 8 dir-threads; 0.00% per-thread avg)  msgs=0
[CPU compute ] process=  2.50% of 80 cores   system=  2.51%   (window 2s)

----- REMOTE CPU LOAD (memory node dir-threads, 2s window) -----
  dir 0: active=  0.00%  msgs=0           0 ns/msg
  dir 1: active=  0.00%  msgs=0           0 ns/msg
  dir 2: active=  0.00%  msgs=0           0 ns/msg
  dir 3: active=  0.00%  msgs=0           0 ns/msg
  dir 4: active=  0.00%  msgs=0           0 ns/msg
  dir 5: active=  0.00%  msgs=0           0 ns/msg
  dir 6: active=  0.00%  msgs=0           0 ns/msg
  dir 7: active=  0.00%  msgs=0           0 ns/msg
  AGGREGATE active = 0.00% (of 8 dir-threads; 0.00% per-thread avg)  msgs=0
[CPU compute ] process=  2.50% of 80 cores   system=  2.52%   (window 2s)

----- REMOTE CPU LOAD (memory node dir-threads, 2s window) -----
  dir 0: active=  0.00%  msgs=0           0 ns/msg
  dir 1: active=  0.00%  msgs=0           0 ns/msg
  dir 2: active=  0.00%  msgs=0           0 ns/msg
  dir 3: active=  0.00%  msgs=0           0 ns/msg
  dir 4: active=  0.00%  msgs=0           0 ns/msg
  dir 5: active=  0.00%  msgs=0           0 ns/msg
  dir 6: active=  0.00%  msgs=0           0 ns/msg
  dir 7: active=  0.00%  msgs=0           0 ns/msg
  AGGREGATE active = 0.00% (of 8 dir-threads; 0.00% per-thread avg)  msgs=0
[CPU compute ] process=  2.50% of 80 cores   system=  4.46%   (window 2s)

----- REMOTE CPU LOAD (memory node dir-threads, 2s window) -----
  dir 0: active=  0.00%  msgs=0           0 ns/msg
  dir 1: active=  0.00%  msgs=0           0 ns/msg
  dir 2: active=  0.00%  msgs=0           0 ns/msg
  dir 3: active=  0.00%  msgs=0           0 ns/msg
  dir 4: active=  0.00%  msgs=0           0 ns/msg
  dir 5: active=  0.00%  msgs=0           0 ns/msg
  dir 6: active=  0.00%  msgs=0           0 ns/msg
  dir 7: active=  0.00%  msgs=0           0 ns/msg
  AGGREGATE active = 0.00% (of 8 dir-threads; 0.00% per-thread avg)  msgs=0
[CPU compute ] process=  2.50% of 80 cores   system=  2.52%   (window 2s)

----- REMOTE CPU LOAD (memory node dir-threads, 2s window) -----
  dir 0: active=  0.00%  msgs=0           0 ns/msg
  dir 1: active=  0.00%  msgs=0           0 ns/msg
  dir 2: active=  0.00%  msgs=0           0 ns/msg
  dir 3: active=  0.00%  msgs=0           0 ns/msg
  dir 4: active=  0.00%  msgs=0           0 ns/msg
  dir 5: active=  0.00%  msgs=0           0 ns/msg
  dir 6: active=  0.00%  msgs=0           0 ns/msg
  dir 7: active=  0.00%  msgs=0           0 ns/msg
  AGGREGATE active = 0.00% (of 8 dir-threads; 0.00% per-thread avg)  msgs=0
[CPU compute ] process=  2.50% of 80 cores   system=  2.51%   (window 2s)

----- REMOTE CPU LOAD (memory node dir-threads, 2s window) -----
  dir 0: active=  0.00%  msgs=0           0 ns/msg
  dir 1: active=  0.00%  msgs=0           0 ns/msg
  dir 2: active=  0.00%  msgs=0           0 ns/msg
  dir 3: active=  0.00%  msgs=0           0 ns/msg
  dir 4: active=  0.00%  msgs=0           0 ns/msg
  dir 5: active=  0.00%  msgs=0           0 ns/msg
  dir 6: active=  0.00%  msgs=0           0 ns/msg
  dir 7: active=  0.00%  msgs=0           0 ns/msg
  AGGREGATE active = 0.00% (of 8 dir-threads; 0.00% per-thread avg)  msgs=0
[CPU compute ] process=  2.50% of 80 cores   system=  2.51%   (window 2s)

----- REMOTE CPU LOAD (memory node dir-threads, 2s window) -----
  dir 0: active=  0.00%  msgs=0           0 ns/msg
  dir 1: active=  0.00%  msgs=0           0 ns/msg
  dir 2: active=  0.00%  msgs=0           0 ns/msg
  dir 3: active=  0.00%  msgs=0           0 ns/msg
  dir 4: active=  0.00%  msgs=0           0 ns/msg
  dir 5: active=  0.00%  msgs=0           0 ns/msg
  dir 6: active=  0.00%  msgs=0           0 ns/msg
  dir 7: active=  0.00%  msgs=0           0 ns/msg
  AGGREGATE active = 0.00% (of 8 dir-threads; 0.00% per-thread avg)  msgs=0
[CPU compute ] process=  2.50% of 80 cores   system=  2.53%   (window 2s)

----- REMOTE CPU LOAD (memory node dir-threads, 2s window) -----
  dir 0: active=  0.00%  msgs=0           0 ns/msg
  dir 1: active=  0.00%  msgs=0           0 ns/msg
  dir 2: active=  0.00%  msgs=0           0 ns/msg
  dir 3: active=  0.00%  msgs=0           0 ns/msg
  dir 4: active=  0.00%  msgs=0           0 ns/msg
  dir 5: active=  0.00%  msgs=0           0 ns/msg
  dir 6: active=  0.00%  msgs=0           0 ns/msg
  dir 7: active=  0.00%  msgs=0           0 ns/msg
  AGGREGATE active = 0.00% (of 8 dir-threads; 0.00% per-thread avg)  msgs=0
[CPU compute ] process=  2.50% of 80 cores   system=  4.51%   (window 2s)

----- REMOTE CPU LOAD (memory node dir-threads, 2s window) -----
  dir 0: active=  0.00%  msgs=0           0 ns/msg
  dir 1: active=  0.00%  msgs=0           0 ns/msg
  dir 2: active=  0.00%  msgs=0           0 ns/msg
  dir 3: active=  0.00%  msgs=0           0 ns/msg
  dir 4: active=  0.00%  msgs=0           0 ns/msg
  dir 5: active=  0.00%  msgs=0           0 ns/msg
  dir 6: active=  0.00%  msgs=0           0 ns/msg
  dir 7: active=  0.00%  msgs=0           0 ns/msg
  AGGREGATE active = 0.00% (of 8 dir-threads; 0.00% per-thread avg)  msgs=0
Success: tree root pointer value [1, 469798912]
Height = 22
[CPU compute ] process=  2.50% of 80 cores   system=  2.52%   (window 2s)

----- REMOTE CPU LOAD (memory node dir-threads, 2s window) -----
  dir 0: active=  0.00%  msgs=0           0 ns/msg
  dir 1: active=  0.00%  msgs=0           0 ns/msg
  dir 2: active=  0.00%  msgs=0           0 ns/msg
  dir 3: active=  0.00%  msgs=0           0 ns/msg
  dir 4: active=  0.00%  msgs=0           0 ns/msg
  dir 5: active=  0.00%  msgs=0           0 ns/msg
  dir 6: active=  0.00%  msgs=0           0 ns/msg
  dir 7: active=  0.00%  msgs=0           0 ns/msg
  AGGREGATE active = 0.00% (of 8 dir-threads; 0.00% per-thread avg)  msgs=0
[CPU compute ] process=  2.50% of 80 cores   system=  2.53%   (window 2s)

----- REMOTE CPU LOAD (memory node dir-threads, 2s window) -----
  dir 0: active=  0.00%  msgs=0           0 ns/msg
  dir 1: active=  0.00%  msgs=0           0 ns/msg
  dir 2: active=  0.00%  msgs=0           0 ns/msg
  dir 3: active=  0.00%  msgs=0           0 ns/msg
  dir 4: active=  0.00%  msgs=0           0 ns/msg
  dir 5: active=  0.00%  msgs=0           0 ns/msg
  dir 6: active=  0.00%  msgs=0           0 ns/msg
  dir 7: active=  0.00%  msgs=0           0 ns/msg
  AGGREGATE active = 0.00% (of 8 dir-threads; 0.00% per-thread avg)  msgs=0
[CPU compute ] process=  2.50% of 80 cores   system=  2.51%   (window 2s)

----- REMOTE CPU LOAD (memory node dir-threads, 2s window) -----
  dir 0: active=  0.00%  msgs=0           0 ns/msg
  dir 1: active=  0.00%  msgs=0           0 ns/msg
  dir 2: active=  0.00%  msgs=0           0 ns/msg
  dir 3: active=  0.00%  msgs=0           0 ns/msg
  dir 4: active=  0.00%  msgs=0           0 ns/msg
  dir 5: active=  0.00%  msgs=0           0 ns/msg
  dir 6: active=  0.00%  msgs=0           0 ns/msg
  dir 7: active=  0.00%  msgs=0           0 ns/msg
  AGGREGATE active = 0.00% (of 8 dir-threads; 0.00% per-thread avg)  msgs=0
[CPU compute ] process=  2.50% of 80 cores   system=  2.52%   (window 2s)

----- REMOTE CPU LOAD (memory node dir-threads, 2s window) -----
  dir 0: active=  0.00%  msgs=0           0 ns/msg
  dir 1: active=  0.00%  msgs=0           0 ns/msg
  dir 2: active=  0.00%  msgs=0           0 ns/msg
  dir 3: active=  0.00%  msgs=0           0 ns/msg
  dir 4: active=  0.00%  msgs=0           0 ns/msg
  dir 5: active=  0.00%  msgs=0           0 ns/msg
  dir 6: active=  0.00%  msgs=0           0 ns/msg
  dir 7: active=  0.00%  msgs=0           0 ns/msg
  AGGREGATE active = 0.00% (of 8 dir-threads; 0.00% per-thread avg)  msgs=0
[CPU compute ] process=  2.50% of 80 cores   system=  4.56%   (window 2s)

----- REMOTE CPU LOAD (memory node dir-threads, 2s window) -----
  dir 0: active=  0.00%  msgs=0           0 ns/msg
  dir 1: active=  0.00%  msgs=0           0 ns/msg
  dir 2: active=  0.00%  msgs=0           0 ns/msg
  dir 3: active=  0.00%  msgs=0           0 ns/msg
  dir 4: active=  0.00%  msgs=0           0 ns/msg
  dir 5: active=  0.00%  msgs=0           0 ns/msg
  dir 6: active=  0.00%  msgs=0           0 ns/msg
  dir 7: active=  0.00%  msgs=0           0 ns/msg
  AGGREGATE active = 0.00% (of 8 dir-threads; 0.00% per-thread avg)  msgs=0
#leaf nodes = 3846153
leaf size(MB) = 1878
#inner nodes = 3846104
inner size(MB) = 1877.98
Tree height = 22
Cache capacity = 262144
max. leaf entries = 26
max. inner entries = 5
Inner page size = 160
Leaf page size = 512
node 0 finish its bulkload
IMPORTANT: my root is 30788741496833
0 is ready for the benchmark
I am 0
Fetched new height = 22
I am 35
I am 6
I am 2
I am 8
I am 13
I am 12
I am 3
I am 11
I am 7
I am 1
I am 5
I am 9
I am 17
I am 27
I am 19
I am 28
I am 10
I am 29
I am 30
I am 14
I am 32
I am 33
I am 15
I am 16
I am 21
I am 26
I am 23
I am 18
I am 20
I am 31
I am 34
I am 4
I am 22
I am 24
I am 25
[CPU compute ] process=  3.40% of 80 cores   system=  3.42%   (window 2s)
entering dynamic phase

----- REMOTE CPU LOAD (memory node dir-threads, 2s window) -----
  dir 0: active=  0.00%  msgs=0           0 ns/msg
  dir 1: active=  0.00%  msgs=0           0 ns/msg
  dir 2: active=  0.00%  msgs=0           0 ns/msg
  dir 3: active=  0.00%  msgs=0           0 ns/msg
  dir 4: active=  0.00%  msgs=0           0 ns/msg
  dir 5: active=  0.00%  msgs=0           0 ns/msg
  dir 6: active=  0.00%  msgs=0           0 ns/msg
  dir 7: active=  0.00%  msgs=0           0 ns/msg
  AGGREGATE active = 0.00% (of 8 dir-threads; 0.00% per-thread avg)  msgs=0
[CPU compute ] process= 46.25% of 80 cores   system= 46.28%   (window 2s)

----- REMOTE CPU LOAD (memory node dir-threads, 2s window) -----
  dir 0: active=  0.00%  msgs=0           0 ns/msg
  dir 1: active=  0.00%  msgs=0           0 ns/msg
  dir 2: active=  0.00%  msgs=0           0 ns/msg
  dir 3: active=  0.00%  msgs=0           0 ns/msg
  dir 4: active=  0.00%  msgs=0           0 ns/msg
  dir 5: active=  0.00%  msgs=0           0 ns/msg
  dir 6: active=  0.00%  msgs=0           0 ns/msg
  dir 7: active=  0.00%  msgs=0           0 ns/msg
  AGGREGATE active = 0.00% (of 8 dir-threads; 0.00% per-thread avg)  msgs=0
[CPU compute ] process= 46.25% of 80 cores   system= 46.28%   (window 2s)

----- REMOTE CPU LOAD (memory node dir-threads, 2s window) -----
  dir 0: active=  0.00%  msgs=0           0 ns/msg
  dir 1: active=  0.00%  msgs=0           0 ns/msg
  dir 2: active=  0.00%  msgs=0           0 ns/msg
  dir 3: active=  0.00%  msgs=0           0 ns/msg
  dir 4: active=  0.00%  msgs=0           0 ns/msg
  dir 5: active=  0.00%  msgs=0           0 ns/msg
  dir 6: active=  0.00%  msgs=0           0 ns/msg
  dir 7: active=  0.00%  msgs=0           0 ns/msg
  AGGREGATE active = 0.00% (of 8 dir-threads; 0.00% per-thread avg)  msgs=0
[CPU compute ] process= 46.25% of 80 cores   system= 46.29%   (window 2s)

----- REMOTE CPU LOAD (memory node dir-threads, 2s window) -----
  dir 0: active=  0.00%  msgs=0           0 ns/msg
  dir 1: active=  0.00%  msgs=0           0 ns/msg
  dir 2: active=  0.00%  msgs=0           0 ns/msg
  dir 3: active=  0.00%  msgs=0           0 ns/msg
  dir 4: active=  0.00%  msgs=0           0 ns/msg
  dir 5: active=  0.00%  msgs=0           0 ns/msg
  dir 6: active=  0.00%  msgs=0           0 ns/msg
  dir 7: active=  0.00%  msgs=0           0 ns/msg
  AGGREGATE active = 0.00% (of 8 dir-threads; 0.00% per-thread avg)  msgs=0
[CPU compute ] process= 46.24% of 80 cores   system= 47.41%   (window 2s)

----- REMOTE CPU LOAD (memory node dir-threads, 2s window) -----
  dir 0: active=  0.00%  msgs=0           0 ns/msg
  dir 1: active=  0.00%  msgs=0           0 ns/msg
  dir 2: active=  0.00%  msgs=0           0 ns/msg
  dir 3: active=  0.00%  msgs=0           0 ns/msg
  dir 4: active=  0.00%  msgs=0           0 ns/msg
  dir 5: active=  0.00%  msgs=0           0 ns/msg
  dir 6: active=  0.00%  msgs=0           0 ns/msg
  dir 7: active=  0.00%  msgs=0           0 ns/msg
  AGGREGATE active = 0.00% (of 8 dir-threads; 0.00% per-thread avg)  msgs=0
[CPU compute ] process= 46.26% of 80 cores   system= 46.28%   (window 2s)

----- REMOTE CPU LOAD (memory node dir-threads, 2s window) -----
  dir 0: active=  0.00%  msgs=0           0 ns/msg
  dir 1: active=  0.00%  msgs=0           0 ns/msg
  dir 2: active=  0.00%  msgs=0           0 ns/msg
  dir 3: active=  0.00%  msgs=0           0 ns/msg
  dir 4: active=  0.00%  msgs=0           0 ns/msg
  dir 5: active=  0.00%  msgs=0           0 ns/msg
  dir 6: active=  0.00%  msgs=0           0 ns/msg
  dir 7: active=  0.00%  msgs=0           0 ns/msg
  AGGREGATE active = 0.00% (of 8 dir-threads; 0.00% per-thread avg)  msgs=0
[CPU compute ] process= 46.25% of 80 cores   system= 46.29%   (window 2s)

----- REMOTE CPU LOAD (memory node dir-threads, 2s window) -----
  dir 0: active=  0.00%  msgs=0           0 ns/msg
  dir 1: active=  0.00%  msgs=0           0 ns/msg
  dir 2: active=  0.00%  msgs=0           0 ns/msg
  dir 3: active=  0.00%  msgs=0           0 ns/msg
  dir 4: active=  0.00%  msgs=0           0 ns/msg
  dir 5: active=  0.00%  msgs=0           0 ns/msg
  dir 6: active=  0.00%  msgs=0           0 ns/msg
  dir 7: active=  0.00%  msgs=0           0 ns/msg
  AGGREGATE active = 0.00% (of 8 dir-threads; 0.00% per-thread avg)  msgs=0
[CPU compute ] process= 46.24% of 80 cores   system= 46.27%   (window 2s)

----- REMOTE CPU LOAD (memory node dir-threads, 2s window) -----
  dir 0: active=  0.00%  msgs=0           0 ns/msg
  dir 1: active=  0.00%  msgs=0           0 ns/msg
  dir 2: active=  0.00%  msgs=0           0 ns/msg
  dir 3: active=  0.00%  msgs=0           0 ns/msg
  dir 4: active=  0.00%  msgs=0           0 ns/msg
  dir 5: active=  0.00%  msgs=0           0 ns/msg
  dir 6: active=  0.00%  msgs=0           0 ns/msg
  dir 7: active=  0.00%  msgs=0           0 ns/msg
  AGGREGATE active = 0.00% (of 8 dir-threads; 0.00% per-thread avg)  msgs=0
[CPU compute ] process= 46.26% of 80 cores   system= 46.27%   (window 2s)

----- REMOTE CPU LOAD (memory node dir-threads, 2s window) -----
  dir 0: active=  0.00%  msgs=0           0 ns/msg
  dir 1: active=  0.00%  msgs=0           0 ns/msg
  dir 2: active=  0.00%  msgs=0           0 ns/msg
  dir 3: active=  0.00%  msgs=0           0 ns/msg
  dir 4: active=  0.00%  msgs=0           0 ns/msg
  dir 5: active=  0.00%  msgs=0           0 ns/msg
  dir 6: active=  0.00%  msgs=0           0 ns/msg
  dir 7: active=  0.00%  msgs=0           0 ns/msg
  AGGREGATE active = 0.00% (of 8 dir-threads; 0.00% per-thread avg)  msgs=0
[CPU compute ] process= 46.25% of 80 cores   system= 47.31%   (window 2s)

----- REMOTE CPU LOAD (memory node dir-threads, 2s window) -----
  dir 0: active=  0.00%  msgs=0           0 ns/msg
  dir 1: active=  0.00%  msgs=0           0 ns/msg
  dir 2: active=  0.00%  msgs=0           0 ns/msg
  dir 3: active=  0.00%  msgs=0           0 ns/msg
  dir 4: active=  0.00%  msgs=0           0 ns/msg
  dir 5: active=  0.00%  msgs=0           0 ns/msg
  dir 6: active=  0.00%  msgs=0           0 ns/msg
  dir 7: active=  0.00%  msgs=0           0 ns/msg
  AGGREGATE active = 0.00% (of 8 dir-threads; 0.00% per-thread avg)  msgs=0
[CPU compute ] process= 46.25% of 80 cores   system= 46.30%   (window 2s)

----- REMOTE CPU LOAD (memory node dir-threads, 2s window) -----
  dir 0: active=  0.00%  msgs=0           0 ns/msg
  dir 1: active=  0.00%  msgs=0           0 ns/msg
  dir 2: active=  0.00%  msgs=0           0 ns/msg
  dir 3: active=  0.00%  msgs=0           0 ns/msg
  dir 4: active=  0.00%  msgs=0           0 ns/msg
  dir 5: active=  0.00%  msgs=0           0 ns/msg
  dir 6: active=  0.00%  msgs=0           0 ns/msg
  dir 7: active=  0.00%  msgs=0           0 ns/msg
  AGGREGATE active = 0.00% (of 8 dir-threads; 0.00% per-thread avg)  msgs=0
Thread_op_num = 833333
[CPU compute ] process= 46.25% of 80 cores   system= 46.28%   (window 2s)
node 0 finish warmup

----- REMOTE CPU LOAD (memory node dir-threads, 2s window) -----
  dir 0: active=  0.00%  msgs=0           0 ns/msg
  dir 1: active=  0.00%  msgs=0           0 ns/msg
  dir 2: active=  0.00%  msgs=0           0 ns/msg
  dir 3: active=  0.00%  msgs=0           0 ns/msg
  dir 4: active=  0.00%  msgs=0           0 ns/msg
  dir 5: active=  0.00%  msgs=0           0 ns/msg
  dir 6: active=  0.00%  msgs=0           0 ns/msg
  dir 7: active=  0.00%  msgs=0           0 ns/msg
  AGGREGATE active = 0.00% (of 8 dir-threads; 0.00% per-thread avg)  msgs=0
Start collecting the statistic
[CPU compute ] process= 46.25% of 80 cores   system= 46.27%   (window 2s)

----- REMOTE CPU LOAD (memory node dir-threads, 2s window) -----
  dir 0: active=  0.00%  msgs=0           0 ns/msg
  dir 1: active=  0.00%  msgs=0           0 ns/msg
  dir 2: active=  0.00%  msgs=0           0 ns/msg
  dir 3: active=  0.00%  msgs=0           0 ns/msg
  dir 4: active=  0.00%  msgs=0           0 ns/msg
  dir 5: active=  0.00%  msgs=0           0 ns/msg
  dir 6: active=  0.00%  msgs=0           0 ns/msg
  dir 7: active=  0.00%  msgs=0           0 ns/msg
  AGGREGATE active = 0.00% (of 8 dir-threads; 0.00% per-thread avg)  msgs=0
0, throughput 2.3208
cluster throughput 2.320
[CPU compute ] process= 46.24% of 80 cores   system= 46.27%   (window 2s)

----- REMOTE CPU LOAD (memory node dir-threads, 2s window) -----
  dir 0: active=  0.00%  msgs=0           0 ns/msg
  dir 1: active=  0.00%  msgs=0           0 ns/msg
  dir 2: active=  0.00%  msgs=0           0 ns/msg
  dir 3: active=  0.00%  msgs=0           0 ns/msg
  dir 4: active=  0.00%  msgs=0           0 ns/msg
  dir 5: active=  0.00%  msgs=0           0 ns/msg
  dir 6: active=  0.00%  msgs=0           0 ns/msg
  dir 7: active=  0.00%  msgs=0           0 ns/msg
  AGGREGATE active = 0.00% (of 8 dir-threads; 0.00% per-thread avg)  msgs=0
0, throughput 2.3695
cluster throughput 2.369
[CPU compute ] process= 46.24% of 80 cores   system= 46.28%   (window 2s)

----- REMOTE CPU LOAD (memory node dir-threads, 2s window) -----
  dir 0: active=  0.00%  msgs=0           0 ns/msg
  dir 1: active=  0.00%  msgs=0           0 ns/msg
  dir 2: active=  0.00%  msgs=0           0 ns/msg
  dir 3: active=  0.00%  msgs=0           0 ns/msg
  dir 4: active=  0.00%  msgs=0           0 ns/msg
  dir 5: active=  0.00%  msgs=0           0 ns/msg
  dir 6: active=  0.00%  msgs=0           0 ns/msg
  dir 7: active=  0.00%  msgs=0           0 ns/msg
  AGGREGATE active = 0.00% (of 8 dir-threads; 0.00% per-thread avg)  msgs=0
0, throughput 2.3771
cluster throughput 2.377
[CPU compute ] process= 46.27% of 80 cores   system= 47.46%   (window 2s)

----- REMOTE CPU LOAD (memory node dir-threads, 2s window) -----
  dir 0: active=  0.00%  msgs=0           0 ns/msg
  dir 1: active=  0.00%  msgs=0           0 ns/msg
  dir 2: active=  0.00%  msgs=0           0 ns/msg
  dir 3: active=  0.00%  msgs=0           0 ns/msg
  dir 4: active=  0.00%  msgs=0           0 ns/msg
  dir 5: active=  0.00%  msgs=0           0 ns/msg
  dir 6: active=  0.00%  msgs=0           0 ns/msg
  dir 7: active=  0.00%  msgs=0           0 ns/msg
  AGGREGATE active = 0.00% (of 8 dir-threads; 0.00% per-thread avg)  msgs=0
0, throughput 2.3837
cluster throughput 2.383
[CPU compute ] process= 46.24% of 80 cores   system= 46.28%   (window 2s)

----- REMOTE CPU LOAD (memory node dir-threads, 2s window) -----
  dir 0: active=  0.00%  msgs=0           0 ns/msg
  dir 1: active=  0.00%  msgs=0           0 ns/msg
  dir 2: active=  0.00%  msgs=0           0 ns/msg
  dir 3: active=  0.00%  msgs=0           0 ns/msg
  dir 4: active=  0.00%  msgs=0           0 ns/msg
  dir 5: active=  0.00%  msgs=0           0 ns/msg
  dir 6: active=  0.00%  msgs=0           0 ns/msg
  dir 7: active=  0.00%  msgs=0           0 ns/msg
  AGGREGATE active = 0.00% (of 8 dir-threads; 0.00% per-thread avg)  msgs=0
0, throughput 2.3838
cluster throughput 2.383
[CPU compute ] process= 46.26% of 80 cores   system= 46.28%   (window 2s)

----- REMOTE CPU LOAD (memory node dir-threads, 2s window) -----
  dir 0: active=  0.00%  msgs=0           0 ns/msg
  dir 1: active=  0.00%  msgs=0           0 ns/msg
  dir 2: active=  0.00%  msgs=0           0 ns/msg
  dir 3: active=  0.00%  msgs=0           0 ns/msg
  dir 4: active=  0.00%  msgs=0           0 ns/msg
  dir 5: active=  0.00%  msgs=0           0 ns/msg
  dir 6: active=  0.00%  msgs=0           0 ns/msg
  dir 7: active=  0.00%  msgs=0           0 ns/msg
  AGGREGATE active = 0.00% (of 8 dir-threads; 0.00% per-thread avg)  msgs=0
0, throughput 2.3817
cluster throughput 2.381
[CPU compute ] process= 46.24% of 80 cores   system= 46.27%   (window 2s)

----- REMOTE CPU LOAD (memory node dir-threads, 2s window) -----
  dir 0: active=  0.00%  msgs=0           0 ns/msg
  dir 1: active=  0.00%  msgs=0           0 ns/msg
  dir 2: active=  0.00%  msgs=0           0 ns/msg
  dir 3: active=  0.00%  msgs=0           0 ns/msg
  dir 4: active=  0.00%  msgs=0           0 ns/msg
  dir 5: active=  0.00%  msgs=0           0 ns/msg
  dir 6: active=  0.00%  msgs=0           0 ns/msg
  dir 7: active=  0.00%  msgs=0           0 ns/msg
  AGGREGATE active = 0.00% (of 8 dir-threads; 0.00% per-thread avg)  msgs=0
0, throughput 0.7224
cluster throughput 0.722
[CPU compute ] process= 13.88% of 80 cores   system= 13.89%   (window 2s)

----- REMOTE CPU LOAD (memory node dir-threads, 2s window) -----
  dir 0: active=  0.00%  msgs=0           0 ns/msg
  dir 1: active=  0.00%  msgs=0           0 ns/msg
  dir 2: active=  0.00%  msgs=0           0 ns/msg
  dir 3: active=  0.00%  msgs=0           0 ns/msg
  dir 4: active=  0.00%  msgs=0           0 ns/msg
  dir 5: active=  0.00%  msgs=0           0 ns/msg
  dir 6: active=  0.00%  msgs=0           0 ns/msg
  dir 7: active=  0.00%  msgs=0           0 ns/msg
  AGGREGATE active = 0.00% (of 8 dir-threads; 0.00% per-thread avg)  msgs=0
0, throughput 0.0000
cluster throughput 0.000
The time duration = 16 seconds
[CPU compute ] process=  1.25% of 80 cores   system=  3.38%   (window 2s)

----- REMOTE CPU LOAD (memory node dir-threads, 2s window) -----
  dir 0: active=  0.00%  msgs=0           0 ns/msg
  dir 1: active=  0.00%  msgs=0           0 ns/msg
  dir 2: active=  0.00%  msgs=0           0 ns/msg
  dir 3: active=  0.00%  msgs=0           0 ns/msg
  dir 4: active=  0.00%  msgs=0           0 ns/msg
  dir 5: active=  0.00%  msgs=0           0 ns/msg
  dir 6: active=  0.00%  msgs=0           0 ns/msg
  dir 7: active=  0.00%  msgs=0           0 ns/msg
  AGGREGATE active = 0.00% (of 8 dir-threads; 0.00% per-thread avg)  msgs=0

==================== LATENCY BUCKETS (500 ns) [node 0] ====================
[RANGE]
  ALL                n=29889117   mean=   15.14us  p50=  15.00us  p90=  19.00us  p99=  23.50us  p99.9=  27.50us  max>=1000.00us
  LOCAL (cache hit)         (no samples)
  REMOTE (miss/rpc)  n=29889117   mean=   15.14us  p50=  15.00us  p90=  19.00us  p99=  23.50us  p99.9=  27.50us  max>=1000.00us
[ALL OPS]
  ALL                n=29889117   mean=   15.14us  p50=  15.00us  p90=  19.00us  p99=  23.50us  p99.9=  27.50us  max>=1000.00us
  LOCAL (cache hit)         (no samples)
  REMOTE (miss/rpc)  n=29889117   mean=   15.14us  p50=  15.00us  p90=  19.00us  p99=  23.50us  p99.9=  27.50us  max>=1000.00us

----- 500 ns bucket CDF (all ops) [node 0] -----
  bucket [lo,hi) ns             count        pct       cdf
  [     7500,     8000)            2    0.0000%   0.0000%
  [     8000,     8500)            8    0.0000%   0.0000%
  [     8500,     9000)           57    0.0002%   0.0002%
  [     9000,     9500)          591    0.0020%   0.0022%
  [     9500,    10000)         5894    0.0197%   0.0219%
  [    10000,    10500)        38514    0.1289%   0.1508%
  [    10500,    11000)       160474    0.5369%   0.6877%
  [    11000,    11500)       466963    1.5623%   2.2500%
  [    11500,    12000)      1008427    3.3739%   5.6239%
  [    12000,    12500)      1697954    5.6808%  11.3047%
  [    12500,    13000)      2353980    7.8757%  19.1804%
  [    13000,    13500)      2781354    9.3056%  28.4860%
  [    13500,    14000)      2952400    9.8778%  38.3639%
  [    14000,    14500)      2802755    9.3772%  47.7410%
  [    14500,    15000)      2490706    8.3332%  56.0742%
  [    15000,    15500)      2175065    7.2771%  63.3513%
  [    15500,    16000)      1952086    6.5311%  69.8824%
  [    16000,    16500)      1677242    5.6115%  75.4939%
  [    16500,    17000)      1399328    4.6817%  80.1757%
  [    17000,    17500)      1141297    3.8184%  83.9941%
  [    17500,    18000)       949484    3.1767%  87.1708%
  [    18000,    18500)       777545    2.6014%  89.7722%
  [    18500,    19000)       634538    2.1230%  91.8952%
  [    19000,    19500)       514234    1.7205%  93.6157%
  [    19500,    20000)       410724    1.3742%  94.9898%
  [    20000,    20500)       326177    1.0913%  96.0811%
  [    20500,    21000)       257252    0.8607%  96.9418%
  [    21000,    21500)       203365    0.6804%  97.6222%
  [    21500,    22000)       159504    0.5337%  98.1559%
  [    22000,    22500)       128560    0.4301%  98.5860%
  [    22500,    23000)       100043    0.3347%  98.9207%
  [    23000,    23500)        76851    0.2571%  99.1778%
  [    23500,    24000)        57521    0.1924%  99.3703%
  [    24000,    24500)        44904    0.1502%  99.5205%
  [    24500,    25000)        34760    0.1163%  99.6368%
  [    25000,    25500)        26348    0.0882%  99.7250%
  [    25500,    26000)        19398    0.0649%  99.7898%
  [    26000,    26500)        14722    0.0493%  99.8391%
  [    26500,    27000)        11034    0.0369%  99.8760%
  [    27000,    27500)         8306    0.0278%  99.9038%
  [    27500,    28000)         6183    0.0207%  99.9245%
  [    28000,    28500)         4797    0.0160%  99.9405%
  [    28500,    29000)         3551    0.0119%  99.9524%
  [    29000,    29500)         2742    0.0092%  99.9616%
  [    29500,    30000)         1981    0.0066%  99.9682%
  [    30000,    30500)         1531    0.0051%  99.9734%
  [    30500,    31000)         1146    0.0038%  99.9772%
  [    31000,    31500)          895    0.0030%  99.9802%
  [    31500,    32000)          730    0.0024%  99.9826%
  [    32000,    32500)          584    0.0020%  99.9846%
  [    32500,    33000)          422    0.0014%  99.9860%
  [    33000,    33500)          337    0.0011%  99.9871%
  [    33500,    34000)          272    0.0009%  99.9880%
  [    34000,    34500)          208    0.0007%  99.9887%
  [    34500,    35000)          168    0.0006%  99.9893%
  [    35000,    35500)          162    0.0005%  99.9898%
  [    35500,    36000)          129    0.0004%  99.9903%
  [    36000,    36500)          108    0.0004%  99.9906%
  [    36500,    37000)          111    0.0004%  99.9910%
  [    37000,    37500)           90    0.0003%  99.9913%
  [    37500,    38000)           66    0.0002%  99.9915%
  [    38000,    38500)           85    0.0003%  99.9918%
  [    38500,    39000)           69    0.0002%  99.9920%
  [    39000,    39500)           64    0.0002%  99.9922%
  [    39500,    40000)           49    0.0002%  99.9924%
  [    40000,    40500)           44    0.0001%  99.9926%
  [    40500,    41000)           48    0.0002%  99.9927%
  [    41000,    41500)           43    0.0001%  99.9929%
  [    41500,    42000)           46    0.0002%  99.9930%
  [    42000,    42500)           45    0.0002%  99.9932%
  [    42500,    43000)           36    0.0001%  99.9933%
  [    43000,    43500)           31    0.0001%  99.9934%
  [    43500,    44000)           21    0.0001%  99.9935%
  [    44000,    44500)           22    0.0001%  99.9935%
  [    44500,    45000)           27    0.0001%  99.9936%
  [    45000,    45500)           19    0.0001%  99.9937%
  [    45500,    46000)           19    0.0001%  99.9937%
  [    46000,    46500)           41    0.0001%  99.9939%
  [    46500,    47000)           32    0.0001%  99.9940%
  [    47000,    47500)           37    0.0001%  99.9941%
  [    47500,    48000)           33    0.0001%  99.9942%
  [    48000,    48500)           47    0.0002%  99.9944%
  [    48500,    49000)           31    0.0001%  99.9945%
  [    49000,    49500)           26    0.0001%  99.9946%
  [    49500,    50000)           23    0.0001%  99.9947%
  [    50000,    50500)           25    0.0001%  99.9947%
  [    50500,    51000)           12    0.0000%  99.9948%
  [    51000,    51500)           22    0.0001%  99.9948%
  [    51500,    52000)           18    0.0001%  99.9949%
  [    52000,    52500)           18    0.0001%  99.9950%
  [    52500,    53000)           24    0.0001%  99.9950%
  [    53000,    53500)           19    0.0001%  99.9951%
  [    53500,    54000)           26    0.0001%  99.9952%
  [    54000,    54500)           31    0.0001%  99.9953%
  [    54500,    55000)           29    0.0001%  99.9954%
  [    55000,    55500)           23    0.0001%  99.9955%
  [    55500,    56000)           25    0.0001%  99.9956%
  [    56000,    56500)           26    0.0001%  99.9956%
  [    56500,    57000)           33    0.0001%  99.9958%
  [    57000,    57500)           29    0.0001%  99.9959%
  [    57500,    58000)           29    0.0001%  99.9960%
  [    58000,    58500)           37    0.0001%  99.9961%
  [    58500,    59000)           29    0.0001%  99.9962%
  [    59000,    59500)           44    0.0001%  99.9963%
  [    59500,    60000)           46    0.0002%  99.9965%
  [    60000,    60500)           37    0.0001%  99.9966%
  [    60500,    61000)           29    0.0001%  99.9967%
  [    61000,    61500)           19    0.0001%  99.9968%
  [    61500,    62000)           32    0.0001%  99.9969%
  [    62000,    62500)           27    0.0001%  99.9970%
  [    62500,    63000)           24    0.0001%  99.9970%
  [    63000,    63500)           19    0.0001%  99.9971%
  [    63500,    64000)           19    0.0001%  99.9972%
  [    64000,    64500)           15    0.0001%  99.9972%
  [    64500,    65000)            8    0.0000%  99.9972%
  [    65000,    65500)           12    0.0000%  99.9973%
  [    65500,    66000)           12    0.0000%  99.9973%
  [    66000,    66500)           11    0.0000%  99.9974%
  [    66500,    67000)            6    0.0000%  99.9974%
  [    67000,    67500)            7    0.0000%  99.9974%
  [    67500,    68000)           11    0.0000%  99.9974%
  [    68000,    68500)            9    0.0000%  99.9975%
  [    68500,    69000)           11    0.0000%  99.9975%
  [    69000,    69500)            4    0.0000%  99.9975%
  [    69500,    70000)            5    0.0000%  99.9975%
  [    70000,    70500)            8    0.0000%  99.9976%
  [    70500,    71000)            5    0.0000%  99.9976%
  [    71000,    71500)            3    0.0000%  99.9976%
  [    71500,    72000)            2    0.0000%  99.9976%
  [    72000,    72500)            1    0.0000%  99.9976%
  [    73500,    74000)            3    0.0000%  99.9976%
  [    74000,    74500)            2    0.0000%  99.9976%
  [    74500,    75000)            2    0.0000%  99.9976%
  [    75000,    75500)            3    0.0000%  99.9976%
  [    75500,    76000)            8    0.0000%  99.9977%
  [    76000,    76500)            3    0.0000%  99.9977%
  [    76500,    77000)            4    0.0000%  99.9977%
  [    77000,    77500)            6    0.0000%  99.9977%
  [    77500,    78000)            3    0.0000%  99.9977%
  [    78000,    78500)           10    0.0000%  99.9977%
  [    78500,    79000)            7    0.0000%  99.9978%
  [    79000,    79500)            9    0.0000%  99.9978%
  [    79500,    80000)            2    0.0000%  99.9978%
  [    80000,    80500)            3    0.0000%  99.9978%
  [    80500,    81000)            7    0.0000%  99.9978%
  [    81000,    81500)            4    0.0000%  99.9979%
  [    81500,    82000)            5    0.0000%  99.9979%
  [    82000,    82500)            2    0.0000%  99.9979%
  [    82500,    83000)            5    0.0000%  99.9979%
  [    83000,    83500)            6    0.0000%  99.9979%
  [    83500,    84000)            6    0.0000%  99.9979%
  [    84000,    84500)            8    0.0000%  99.9980%
  [    84500,    85000)           11    0.0000%  99.9980%
  [    85000,    85500)            8    0.0000%  99.9980%
  [    85500,    86000)           11    0.0000%  99.9981%
  [    86000,    86500)            6    0.0000%  99.9981%
  [    86500,    87000)            5    0.0000%  99.9981%
  [    87000,    87500)            3    0.0000%  99.9981%
  [    87500,    88000)            5    0.0000%  99.9981%
  [    88000,    88500)            8    0.0000%  99.9981%
  [    88500,    89000)            2    0.0000%  99.9982%
  [    89000,    89500)            4    0.0000%  99.9982%
  [    89500,    90000)            2    0.0000%  99.9982%
  [    90000,    90500)            2    0.0000%  99.9982%
  [    90500,    91000)            1    0.0000%  99.9982%
  [    91000,    91500)            1    0.0000%  99.9982%
  [    92000,    92500)            3    0.0000%  99.9982%
  [    92500,    93000)            3    0.0000%  99.9982%
  [    93000,    93500)            1    0.0000%  99.9982%
  [    93500,    94000)            1    0.0000%  99.9982%
  [    94500,    95000)            1    0.0000%  99.9982%
  [    96000,    96500)            1    0.0000%  99.9982%
  [    97000,    97500)            1    0.0000%  99.9982%
  [    97500,    98000)            2    0.0000%  99.9982%
  [    98000,    98500)            5    0.0000%  99.9983%
  [    98500,    99000)            7    0.0000%  99.9983%
  [    99000,    99500)            5    0.0000%  99.9983%
  [    99500,   100000)            7    0.0000%  99.9983%
  [   100000,   100500)            8    0.0000%  99.9983%
  [   100500,   101000)            6    0.0000%  99.9984%
  [   101000,   101500)            5    0.0000%  99.9984%
  [   101500,   102000)            8    0.0000%  99.9984%
  [   102000,   102500)            8    0.0000%  99.9984%
  [   102500,   103000)            7    0.0000%  99.9985%
  [   103000,   103500)            5    0.0000%  99.9985%
  [   103500,   104000)           20    0.0001%  99.9985%
  [   104000,   104500)           16    0.0001%  99.9986%
  [   104500,   105000)           10    0.0000%  99.9986%
  [   105000,   105500)           17    0.0001%  99.9987%
  [   105500,   106000)           21    0.0001%  99.9988%
  [   106000,   106500)           15    0.0001%  99.9988%
  [   106500,   107000)           14    0.0000%  99.9988%
  [   107000,   107500)            7    0.0000%  99.9989%
  [   107500,   108000)            9    0.0000%  99.9989%
  [   108000,   108500)            7    0.0000%  99.9989%
  [   108500,   109000)            5    0.0000%  99.9989%
  [   109000,   109500)           11    0.0000%  99.9990%
  [   109500,   110000)            9    0.0000%  99.9990%
  [   110000,   110500)           10    0.0000%  99.9990%
  [   110500,   111000)            8    0.0000%  99.9991%
  [   111000,   111500)            9    0.0000%  99.9991%
  [   111500,   112000)            4    0.0000%  99.9991%
  [   112000,   112500)            5    0.0000%  99.9991%
  [   112500,   113000)            5    0.0000%  99.9991%
  [   113000,   113500)            3    0.0000%  99.9992%
  [   113500,   114000)            5    0.0000%  99.9992%
  [   114000,   114500)            3    0.0000%  99.9992%
  [   114500,   115000)            3    0.0000%  99.9992%
  [   115000,   115500)            3    0.0000%  99.9992%
  [   115500,   116000)            3    0.0000%  99.9992%
  [   116000,   116500)            3    0.0000%  99.9992%
  [   116500,   117000)            2    0.0000%  99.9992%
  [   117000,   117500)            4    0.0000%  99.9992%
  [   117500,   118000)            4    0.0000%  99.9993%
  [   118000,   118500)            2    0.0000%  99.9993%
  [   118500,   119000)            6    0.0000%  99.9993%
  [   119000,   119500)            5    0.0000%  99.9993%
  [   119500,   120000)            2    0.0000%  99.9993%
  [   120000,   120500)            1    0.0000%  99.9993%
  [   121500,   122000)            2    0.0000%  99.9993%
  [   122000,   122500)            1    0.0000%  99.9993%
  [   122500,   123000)            2    0.0000%  99.9993%
  [   124500,   125000)            1    0.0000%  99.9993%
  [   127000,   127500)            1    0.0000%  99.9993%
  [   131000,   131500)            1    0.0000%  99.9993%
  [   134000,   134500)            1    0.0000%  99.9993%
  [   137000,   137500)            1    0.0000%  99.9993%
  [   142000,   142500)            1    0.0000%  99.9993%
  [   145500,   146000)            1    0.0000%  99.9994%
  [   149500,   150000)            1    0.0000%  99.9994%
  [   151000,   151500)            1    0.0000%  99.9994%
  [   152500,   153000)            3    0.0000%  99.9994%
  [   153500,   154000)            2    0.0000%  99.9994%
  [   154000,   154500)            1    0.0000%  99.9994%
  [   154500,   155000)            1    0.0000%  99.9994%
  [   155500,   156000)            2    0.0000%  99.9994%
  [   156000,   156500)            2    0.0000%  99.9994%
  [   156500,   157000)            2    0.0000%  99.9994%
  [   157500,   158000)            1    0.0000%  99.9994%
  [   158000,   158500)            4    0.0000%  99.9994%
  [   158500,   159000)            3    0.0000%  99.9994%
  [   159000,   159500)            2    0.0000%  99.9994%
  [   159500,   160000)            4    0.0000%  99.9994%
  [   160000,   160500)            1    0.0000%  99.9995%
  [   160500,   161000)            2    0.0000%  99.9995%
  [   161000,   161500)            5    0.0000%  99.9995%
  [   163000,   163500)            1    0.0000%  99.9995%
  [   163500,   164000)            2    0.0000%  99.9995%
  [   164000,   164500)            3    0.0000%  99.9995%
  [   164500,   165000)            2    0.0000%  99.9995%
  [   165000,   165500)            3    0.0000%  99.9995%
  [   165500,   166000)            4    0.0000%  99.9995%
  [   166000,   166500)            1    0.0000%  99.9995%
  [   166500,   167000)            4    0.0000%  99.9995%
  [   167000,   167500)            5    0.0000%  99.9996%
  [   167500,   168000)            6    0.0000%  99.9996%
  [   168000,   168500)            3    0.0000%  99.9996%
  [   168500,   169000)            3    0.0000%  99.9996%
  [   169000,   169500)            6    0.0000%  99.9996%
  [   169500,   170000)            3    0.0000%  99.9996%
  [   170000,   170500)            3    0.0000%  99.9996%
  [   170500,   171000)            6    0.0000%  99.9997%
  [   171000,   171500)            5    0.0000%  99.9997%
  [   171500,   172000)            2    0.0000%  99.9997%
  [   172000,   172500)            2    0.0000%  99.9997%
  [   172500,   173000)            3    0.0000%  99.9997%
  [   173000,   173500)            3    0.0000%  99.9997%
  [   173500,   174000)            9    0.0000%  99.9997%
  [   174000,   174500)            3    0.0000%  99.9997%
  [   174500,   175000)            2    0.0000%  99.9998%
  [   175000,   175500)            1    0.0000%  99.9998%
  [   175500,   176000)            6    0.0000%  99.9998%
  [   176000,   176500)            1    0.0000%  99.9998%
  [   176500,   177000)            5    0.0000%  99.9998%
  [   177000,   177500)            3    0.0000%  99.9998%
  [   177500,   178000)            3    0.0000%  99.9998%
  [   178000,   178500)            2    0.0000%  99.9998%
  [   178500,   179000)            3    0.0000%  99.9998%
  [   179000,   179500)            2    0.0000%  99.9998%
  [   180000,   180500)            2    0.0000%  99.9998%
  [   180500,   181000)            2    0.0000%  99.9999%
  [   212000,   212500)            1    0.0000%  99.9999%
  [   237500,   238000)            1    0.0000%  99.9999%
  [   239000,   239500)            1    0.0000%  99.9999%
  [   239500,   240000)            1    0.0000%  99.9999%
  [   241500,   242000)            1    0.0000%  99.9999%
  [   245000,   245500)            1    0.0000%  99.9999%
  [   249000,   249500)            1    0.0000%  99.9999%
  [   999500, +inf)                  36    0.0001% 100.0000%

----- REMOTE OPERATIONS [node 0] -----
  ops total                = 29889117
  ops local  (cache hit)   = 0 (0.00%)
  ops remote (>=1 net op)  = 29889117 (100.00%)
  remote ops total         = 59778232
    rdma read              = 29889115
    rdma write             = 0
    rdma cas               = 0
    rpc pushdown           = 29889117
  remote ops / op          = 2.0000
  remote ops / remote op   = 2.0000

----- OFFLOADED TASKS [node 0] -----
  lookup pushdowns         = 0
  scan    pushdowns (RPC)  = 29889115
    kv pairs returned      = 2988575479
    leaves scanned remotely= 257464636
    kv / scan pushdown     = 99.99
    leaves / scan pushdown = 8.61
  per-thread breakdown (tid: lookups | scans | kv | leaves):
    t0             0 |     832213 |   83212062 |    7169686
    t1             0 |     827547 |   82745401 |    7128663
    t2             0 |     833003 |   83291253 |    7175073
    t3             0 |     827256 |   82716224 |    7126183
    t4             0 |     832523 |   83242985 |    7171033
    t5             0 |     827742 |   82764956 |    7130141
    t6             0 |     832705 |   83261236 |    7172479
    t7             0 |     827679 |   82758518 |    7129136
    t8             0 |     833151 |   83305565 |    7176136
    t9             0 |     827796 |   82769689 |    7130496
    t10            0 |     833164 |   83306980 |    7177258
    t11            0 |     827924 |   82783254 |    7132211
    t12            0 |     832983 |   83288969 |    7175539
    t13            0 |     827651 |   82755619 |    7129280
    t14            0 |     832578 |   83248307 |    7172329
    t15            0 |     827495 |   82740403 |    7127693
    t16            0 |     833084 |   83298831 |    7176137
    t17            0 |     827570 |   82747211 |    7127698
    t18            0 |     832560 |   83246913 |    7171688
    t19            0 |     827766 |   82767210 |    7130018
    t20            0 |     832869 |   83277758 |    7174214
    t21            0 |     827881 |   82778107 |    7132090
    t22            0 |     832962 |   83286959 |    7175015
    t23            0 |     827503 |   82740947 |    7128183
    t24            0 |     833196 |   83310583 |    7177324
    t25            0 |     827560 |   82746778 |    7129319
    t26            0 |     832597 |   83250382 |    7172449
    t27            0 |     827393 |   82730701 |    7126678
    t28            0 |     833017 |   83291944 |    7175630
    t29            0 |     827958 |   82786127 |    7131734
    t30            0 |     833332 |   83324093 |    7178508
    t31            0 |     827739 |   82764881 |    7129798
    t32            0 |     832798 |   83270203 |    7174014
    t33            0 |     827841 |   82774873 |    7131481
    t34            0 |     832906 |   83281420 |    7174435
    t35            0 |     827173 |   82708137 |    7124887

----- PATH-AWARE CACHE MISS RATE [node 0] -----
  node accesses (hit+miss) = 477862283
  node cache hits          = 447973166 (93.75%)
  MISS RATE                = 6.2548%  (29889117 / 477862283)
  inner-node miss          = 29317894 (98.09% of misses, 6.1352% rate)
  leaf-node  miss          = 571223 (1.91% of misses, 0.1195% rate)
  total miss               = 29889117
  cache writebacks         = 0
=========================================================================

Round 0 (max_throughput): 2.37003 Mops/s
Round 0 (straggler_throughput): 2.37002 Mops/s
Before barrier finish
Avg. rdma read time(ms) = 0
Avg. rdma write time(ms) = -nan
Avg. rdma read / op = 1
Avg. rdma write / op = 0
Avg. rdma cas / op = 0
Avg. rdma rpc / op = 1
Avg. all rdma / op = 2
Avg. rdma read size/ op = 1632.82
Avg. rdma write size / op = 0
Avg. rdma RW size / op = 1632.82
------------------------------------------
Node 0 average throughput = 2.13357
Node 0 total throughput = 2.37003
All CN throughput (Max) = 2.37003
All CN throughput (Straggler) = 2.37002
Final throughput = 2.37002
[CORRECTNESS node 0] ops ok 29889115 / 29889117 = 100.0000%; scans 29889117, rows 2988908009 (100.00 per scan)
------------------------------------------
