nodes 2, threads 36, mix R/I/U/S=100/0/0/0, uniform, bulk 50M warmup 10M op 30M, offload 100%, scan_range 100
[4mshared memory size: 64GB, 0x7feeda800000[0m
[4mrdma cache size: 4GB[0m
[4mMachine NR: 2[0m
[4mCompute server 1 start up [10.30.1.6]
[0m
I connect server 0
[CONFIG node 1] bulk load: bottom-up build, 8 keys per leaf, 6 children per inner node (CHIME_BULK_BUILD / CHIME_BUILD_LEAF_KEYS / CHIME_BUILD_INNER_FANOUT)
[CONFIG node 1] clients on this node: yes (CHIME_MN_CLIENTS)
[CONFIG node 1] leaf cache by key=0 owner=0 admit_push=0.00 granule=16 (CHIME_LEAF_BY_KEY / CHIME_LEAF_OWNER / CHIME_LEAF_ADMIT_PUSH / CHIME_LEAF_KEY_GRANULE)
[CONFIG node 1] scan path: from_cache=1 offload_always=0 (CHIME_SCAN_FROM_CACHE / CHIME_SCAN_OFFLOAD_ALWAYS)
[CONFIG node 1] push ops: both (CHIME_PUSH_OPS; applies only with offloading on)
[CACHE node 1] total=1024 MB index=1024 MB leaf=0 MB
[CONFIG node 1] dir threads = 4 (CHIME_DIR_THREADS, max 16) -- MUST match the other node
[CORES node 1] linear pinning: app threads -> CPUs 0..35, main -> 79, dir threads -> 79 (REV_DIR_CPUS)
[CONFIG] hotspot buffer + speculative read: off (CHIME_HOTSPOT; stock CHIME: on above 50 MB)
workload generated: keyspace=50001000 bulk=50000000 warmup=9999972 op=29999988
[4mKey space set: keySpaceSize=50000000[0m
I am 41
I am 37
I am 39
I am 36
I am 40
I am 38
I am 42
I am 45
I am 43
I am 46
I am 44
I am 47
I am 48
I am 49
I am 50
I am 53
I am 57
I am 52
I am 56
I am 63
I am 66
I am 55
I am 64
I am 60
I am 70
I am 62
I am 59
I am 68
I am 61
I am 54
I am 58
I am 69
I am 71
I am 65
I am 51
I am 67
[build] leaves: 10% (625001/6250000)
[build] leaves: 20% (1250002/6250000)
[build] leaves: 30% (1875003/6250000)
[build] leaves: 40% (2500004/6250000)
[build] leaves: 50% (3125005/6250000)
[build] leaves: 60% (3750006/6250000)
[build] leaves: 70% (4375007/6250000)
[build] leaves: 80% (5000008/6250000)
[build] leaves: 90% (5625009/6250000)
[build] inner level 1: 1041667 nodes
[build] inner level 2: 173611 nodes
[build] inner level 3: 28935 nodes
[build] inner level 4: 4823 nodes
[build] inner level 5: 804 nodes
[build] inner level 6: 134 nodes
[build] inner level 7: 23 nodes
[build] inner level 8: 4 nodes
[build] inner level 9: 1 nodes
[build] done in 19.0s: height=10 leaves=6250000 inner_nodes=1250002 (8 keys per leaf, 6 children per inner node)
[TREE] height=10 leaves=6250000 inner_nodes=1250002 keys_per_leaf=8.00 inner_MB=399.4 leaf_MB=2104.0 total_MB=2503.4 (internal span 16, leaf span 16, node bytes inner=335 leaf=353)
node 1 warmup done in 24s
[INDEX] --- post-bulk-load cache occupancy (cache = 1024 MB) ---
 ----- [TreeCache]:  cache size=1024 MB free_size=861.887 MB skiplist_node_cnt=1249915 ----- 
consumed cache size = 162.113 MB
 ----- [IdxCache]:  cache size=0 MB free_size=0.000 MB ---- 
consumed hotspot buffer size = 0.000000 MB

[LEAFCACHE] off
1, throughput 5.4686 Mops
1, throughput 5.4699 Mops
1, throughput 5.4672 Mops
1, throughput 5.4674 Mops
1, throughput 5.4668 Mops
1, throughput 5.4666 Mops
1, throughput 5.4650 Mops
1, throughput 5.4639 Mops
1, throughput 5.4614 Mops
1, throughput 5.4604 Mops
1, throughput 5.2829 Mops
1, throughput 0.0481 Mops
[RESULT node 1] ops=29999988 elapsed=5.526s throughput=5.4286 Mops mode=op-bounded
[RDMA node 1] ops=29999988 posts=30002100 read_wr=43117566 read_bytes=4934606969 write_wr=0 write_bytes=0 atomic_wr=0 send_wr=2473 send_bytes=101393
[RDMA node 1] per_op: round_trips=1.0001 reads=1.4373 writes=0.0000 atomics=0.0000 sends=0.0001 verbs=1.4373 bytes=164.5

==================== LATENCY BUCKETS (500 ns) [node 1] ====================
[LOOKUP]
  ALL                n=29999988   mean=    6.54us  p50=   6.50us  p90=   8.00us  p99=  10.00us  p99.9=  13.00us  max>=186.00us
  DIRECT (1-sided)   n=29997515   mean=    6.54us  p50=   6.50us  p90=   8.00us  p99=  10.00us  p99.9=  13.00us  max>=186.00us
  OFFLOAD (rpc)      n=2473       mean=   13.42us  p50=  13.50us  p90=  15.50us  p99=  22.50us  p99.9=  28.00us  max>= 47.00us
[ALL OPS]
  ALL                n=29999988   mean=    6.54us  p50=   6.50us  p90=   8.00us  p99=  10.00us  p99.9=  13.00us  max>=186.00us
  DIRECT (1-sided)   n=29997515   mean=    6.54us  p50=   6.50us  p90=   8.00us  p99=  10.00us  p99.9=  13.00us  max>=186.00us
  OFFLOAD (rpc)      n=2473       mean=   13.42us  p50=  13.50us  p90=  15.50us  p99=  22.50us  p99.9=  28.00us  max>= 47.00us

----- 500 ns bucket CDF (all ops) [node 1] -----
  bucket [lo,hi) ns             count        pct       cdf
  [     1000,     1500)            1    0.0000%   0.0000%
  [     2000,     2500)            1    0.0000%   0.0000%
  [     3000,     3500)           22    0.0001%   0.0001%
  [     3500,     4000)         7219    0.0241%   0.0241%
  [     4000,     4500)       268493    0.8950%   0.9191%
  [     4500,     5000)      1796040    5.9868%   6.9059%
  [     5000,     5500)      4035860   13.4529%  20.3588%
  [     5500,     6000)      4757698   15.8590%  36.2178%
  [     6000,     6500)      4604433   15.3481%  51.5659%
  [     6500,     7000)      4707022   15.6901%  67.2560%
  [     7000,     7500)      4142685   13.8090%  81.0649%
  [     7500,     8000)      2754622    9.1821%  90.2470%
  [     8000,     8500)      1449336    4.8311%  95.0781%
  [     8500,     9000)       690497    2.3017%  97.3798%
  [     9000,     9500)       325155    1.0839%  98.4637%
  [     9500,    10000)       164626    0.5488%  99.0124%
  [    10000,    10500)        93880    0.3129%  99.3253%
  [    10500,    11000)        62549    0.2085%  99.5338%
  [    11000,    11500)        45006    0.1500%  99.6839%
  [    11500,    12000)        32477    0.1083%  99.7921%
  [    12000,    12500)        22439    0.0748%  99.8669%
  [    12500,    13000)        14790    0.0493%  99.9162%
  [    13000,    13500)         9538    0.0318%  99.9480%
  [    13500,    14000)         5767    0.0192%  99.9672%
  [    14000,    14500)         3659    0.0122%  99.9794%
  [    14500,    15000)         2231    0.0074%  99.9869%
  [    15000,    15500)         1368    0.0046%  99.9914%
  [    15500,    16000)          780    0.0026%  99.9940%
  [    16000,    16500)          524    0.0017%  99.9958%
  [    16500,    17000)          297    0.0010%  99.9968%
  [    17000,    17500)          164    0.0005%  99.9973%
  [    17500,    18000)          106    0.0004%  99.9977%
  [    18000,    18500)           68    0.0002%  99.9979%
  [    18500,    19000)           52    0.0002%  99.9981%
  [    19000,    19500)           37    0.0001%  99.9982%
  [    19500,    20000)           26    0.0001%  99.9983%
  [    20000,    20500)           24    0.0001%  99.9983%
  [    20500,    21000)           34    0.0001%  99.9985%
  [    21000,    21500)            9    0.0000%  99.9985%
  [    21500,    22000)           18    0.0001%  99.9985%
  [    22000,    22500)           25    0.0001%  99.9986%
  [    22500,    23000)           19    0.0001%  99.9987%
  [    23000,    23500)           17    0.0001%  99.9988%
  [    23500,    24000)           13    0.0000%  99.9988%
  [    24000,    24500)           17    0.0001%  99.9989%
  [    24500,    25000)           20    0.0001%  99.9989%
  [    25000,    25500)            8    0.0000%  99.9989%
  [    25500,    26000)           16    0.0001%  99.9990%
  [    26000,    26500)           20    0.0001%  99.9991%
  [    26500,    27000)           17    0.0001%  99.9991%
  [    27000,    27500)           20    0.0001%  99.9992%
  [    27500,    28000)           12    0.0000%  99.9992%
  [    28000,    28500)           14    0.0000%  99.9993%
  [    28500,    29000)           13    0.0000%  99.9993%
  [    29000,    29500)            5    0.0000%  99.9993%
  [    29500,    30000)            4    0.0000%  99.9993%
  [    30000,    30500)            3    0.0000%  99.9994%
  [    30500,    31000)            5    0.0000%  99.9994%
  [    31000,    31500)            5    0.0000%  99.9994%
  [    31500,    32000)            3    0.0000%  99.9994%
  [    32000,    32500)            2    0.0000%  99.9994%
  [    32500,    33000)            3    0.0000%  99.9994%
  [    33000,    33500)            2    0.0000%  99.9994%
  [    33500,    34000)            2    0.0000%  99.9994%
  [    34500,    35000)            4    0.0000%  99.9994%
  [    36000,    36500)            1    0.0000%  99.9994%
  [    36500,    37000)            3    0.0000%  99.9995%
  [    37000,    37500)            2    0.0000%  99.9995%
  [    37500,    38000)            1    0.0000%  99.9995%
  [    38000,    38500)            2    0.0000%  99.9995%
  [    38500,    39000)            1    0.0000%  99.9995%
  [    39000,    39500)            1    0.0000%  99.9995%
  [    39500,    40000)            1    0.0000%  99.9995%
  [    40500,    41000)            1    0.0000%  99.9995%
  [    41000,    41500)            1    0.0000%  99.9995%
  [    41500,    42000)            3    0.0000%  99.9995%
  [    42000,    42500)            1    0.0000%  99.9995%
  [    42500,    43000)            1    0.0000%  99.9995%
  [    43500,    44000)            1    0.0000%  99.9995%
  [    44500,    45000)            2    0.0000%  99.9995%
  [    45500,    46000)            3    0.0000%  99.9995%
  [    46000,    46500)            2    0.0000%  99.9995%
  [    46500,    47000)            3    0.0000%  99.9995%
  [    47000,    47500)            2    0.0000%  99.9996%
  [    47500,    48000)            2    0.0000%  99.9996%
  [    48000,    48500)            1    0.0000%  99.9996%
  [    48500,    49000)            1    0.0000%  99.9996%
  [    49000,    49500)            4    0.0000%  99.9996%
  [    50000,    50500)            1    0.0000%  99.9996%
  [    51500,    52000)            2    0.0000%  99.9996%
  [    52000,    52500)            1    0.0000%  99.9996%
  [    52500,    53000)            1    0.0000%  99.9996%
  [    53000,    53500)            3    0.0000%  99.9996%
  [    53500,    54000)            2    0.0000%  99.9996%
  [    54000,    54500)            2    0.0000%  99.9996%
  [    55000,    55500)            2    0.0000%  99.9996%
  [    55500,    56000)            1    0.0000%  99.9996%
  [    57500,    58000)            2    0.0000%  99.9996%
  [    58000,    58500)            1    0.0000%  99.9996%
  [    59000,    59500)            1    0.0000%  99.9996%
  [    63500,    64000)            1    0.0000%  99.9996%
  [    64500,    65000)            2    0.0000%  99.9997%
  [    65000,    65500)            2    0.0000%  99.9997%
  [    65500,    66000)            3    0.0000%  99.9997%
  [    66000,    66500)            2    0.0000%  99.9997%
  [    66500,    67000)            4    0.0000%  99.9997%
  [    67000,    67500)            4    0.0000%  99.9997%
  [    67500,    68000)            3    0.0000%  99.9997%
  [    68000,    68500)            2    0.0000%  99.9997%
  [    68500,    69000)            3    0.0000%  99.9997%
  [    69000,    69500)            4    0.0000%  99.9997%
  [    69500,    70000)            5    0.0000%  99.9998%
  [    70000,    70500)            7    0.0000%  99.9998%
  [    70500,    71000)            2    0.0000%  99.9998%
  [    71000,    71500)            2    0.0000%  99.9998%
  [    71500,    72000)            1    0.0000%  99.9998%
  [    72000,    72500)            4    0.0000%  99.9998%
  [    73000,    73500)            2    0.0000%  99.9998%
  [    73500,    74000)            1    0.0000%  99.9998%
  [    74000,    74500)            1    0.0000%  99.9998%
  [    74500,    75000)            3    0.0000%  99.9998%
  [    75000,    75500)            2    0.0000%  99.9998%
  [    76000,    76500)            2    0.0000%  99.9998%
  [    77000,    77500)            1    0.0000%  99.9999%
  [    78500,    79000)            1    0.0000%  99.9999%
  [    79000,    79500)            2    0.0000%  99.9999%
  [    80000,    80500)            1    0.0000%  99.9999%
  [    80500,    81000)            1    0.0000%  99.9999%
  [    81000,    81500)            4    0.0000%  99.9999%
  [    81500,    82000)            6    0.0000%  99.9999%
  [    82000,    82500)            9    0.0000%  99.9999%
  [    82500,    83000)            2    0.0000%  99.9999%
  [    83000,    83500)            1    0.0000%  99.9999%
  [    83500,    84000)            4    0.0000% 100.0000%
  [    84000,    84500)            2    0.0000% 100.0000%
  [    84500,    85000)            1    0.0000% 100.0000%
  [    85500,    86000)            1    0.0000% 100.0000%
  [    86000,    86500)            1    0.0000% 100.0000%
  [    86500,    87000)            1    0.0000% 100.0000%
  [    87500,    88000)            1    0.0000% 100.0000%
  [    88500,    89000)            1    0.0000% 100.0000%
  [    90500,    91000)            1    0.0000% 100.0000%
  [    91500,    92000)            1    0.0000% 100.0000%
  [   145000,   145500)            1    0.0000% 100.0000%
  [   155500,   156000)            1    0.0000% 100.0000%
  [   185500,   186000)            1    0.0000% 100.0000%

----- OFFLOADED TASKS [node 1] -----
  ops total                = 29999988
  ops direct (1-sided)     = 29997515 (99.99%)
  ops offload (rpc)        = 2473 (0.01%)
  lookup pushdowns         = 2473
  scan   pushdowns (RPC)   = 0
    kv pairs returned      = 0
    leaves scanned remotely= 0
    kv / scan pushdown     = 0.00
    leaves / scan pushdown = 0.00
=========================================================================

[CORRECTNESS node 1] lookup found 29999332 / 29999988 = 99.9978%
[READPATH node 1] lookups=29999988  index-cache hit=100.0%  per lookup: leaf=1.000 speculative=0.000 (right 0.0%) hop-reads=1.000 (two-segment 0.437) retries=0.000 invalid=0.000 sibling=0.000  => est. leaf round trips/lookup=1.000
[LEAFCACHE] off

----- PER-LEVEL CACHE HITS [node 1] (lookups; level 0 = leaf) -----
[LEVEL] level=0 hits=0 misses=29999972 hit_rate=0.0000
[LEVEL] level=1 hits=29997499 misses=2473 hit_rate=0.9999
[LEVEL] level=2 hits=29997844 misses=2128 hit_rate=0.9999
[LEVEL] level=3 hits=29997844 misses=2128 hit_rate=0.9999
[LEVEL] level=4 hits=29997844 misses=2128 hit_rate=0.9999
[LEVEL] level=5 hits=29997844 misses=2128 hit_rate=0.9999
[LEVEL] level=6 hits=29997844 misses=2128 hit_rate=0.9999
[LEVEL] level=7 hits=29997844 misses=2128 hit_rate=0.9999
[LEVEL] level=8 hits=29997844 misses=2128 hit_rate=0.9999
[LEVEL] level=9 hits=29997844 misses=2128 hit_rate=0.9999
[KIND node 1] lookups=29999972 inner_visits=269999748 inner_hits=269980251 inner_hit_pct=99.99 leaf_visits=29999972 leaf_hits=0 leaf_hit_pct=0.00
[END]
