nodes 2, threads 36, mix R/I/U/S=0/0/0/100, zipf-0.99, bulk 50M warmup 10M op 30M, offload 100%, scan_range 100
[4mshared memory size: 64GB, 0x7feeda800000[0m
[4mrdma cache size: 4GB[0m
[4mMachine NR: 2[0m
[4mCompute server 1 start up [10.30.1.6]
[0m
I connect server 0
[CONFIG node 1] bulk load: bottom-up build, 8 keys per leaf, 6 children per inner node (CHIME_BULK_BUILD / CHIME_BUILD_LEAF_KEYS / CHIME_BUILD_INNER_FANOUT)
[CONFIG node 1] clients on this node: yes (CHIME_MN_CLIENTS)
[CONFIG node 1] scan path: from_cache=1 offload_always=1 (CHIME_SCAN_FROM_CACHE / CHIME_SCAN_OFFLOAD_ALWAYS)
[CONFIG node 1] push ops: both (CHIME_PUSH_OPS; applies only with offloading on)
[CACHE node 1] total=128 MB index=128 MB leaf=0 MB
[CONFIG node 1] dir threads = 16 (CHIME_DIR_THREADS, max 16) -- MUST match the other node
[CORES node 1] linear pinning: app threads -> CPUs 0..35, main -> 79, dir threads -> 79 (REV_DIR_CPUS)
[CONFIG] hotspot buffer + speculative read: off (CHIME_HOTSPOT; stock CHIME: on above 50 MB)
workload generated: keyspace=50001000 bulk=50000000 warmup=9999972 op=29999988
[4mKey space set: keySpaceSize=50000000[0m
I am 50
I am 39
I am 43
I am 44
I am 47
I am 42
I am 40
I am 38
I am 36
I am 45
I am 37
I am 48
I am 46
I am 49
I am 41
I am 51
I am 52
I am 54
I am 53
I am 55
I am 70
I am 56
I am 58
I am 59
I am 60
I am 61
I am 67
I am 57
I am 65
I am 64
I am 69
I am 66
I am 68
I am 71
I am 63
I am 62
[build] leaves: 10% (625001/6250000)
[build] leaves: 20% (1250002/6250000)
[build] leaves: 30% (1875003/6250000)
[build] leaves: 40% (2500004/6250000)
[build] leaves: 50% (3125005/6250000)
[build] leaves: 60% (3750006/6250000)
[build] leaves: 70% (4375007/6250000)
[build] leaves: 80% (5000008/6250000)
[build] leaves: 90% (5625009/6250000)
[build] inner level 1: 1041667 nodes
[build] inner level 2: 173611 nodes
[build] inner level 3: 28935 nodes
[build] inner level 4: 4823 nodes
[build] inner level 5: 804 nodes
[build] inner level 6: 134 nodes
[build] inner level 7: 23 nodes
[build] inner level 8: 4 nodes
[build] inner level 9: 1 nodes
[build] done in 18.9s: height=10 leaves=6250000 inner_nodes=1250002 (8 keys per leaf, 6 children per inner node)
[TREE] height=10 leaves=6250000 inner_nodes=1250002 keys_per_leaf=8.00 inner_MB=399.4 leaf_MB=2104.0 total_MB=2503.4 (internal span 16, leaf span 16, node bytes inner=335 leaf=353)
node 1 warmup done in 63s
[INDEX] --- post-bulk-load cache occupancy (cache = 128 MB) ---
 ----- [TreeCache]:  cache size=128 MB free_size=-0.000 MB skiplist_node_cnt=1249799 ----- 
consumed cache size = 128.000 MB
 ----- [IdxCache]:  cache size=0 MB free_size=0.000 MB ---- 
consumed hotspot buffer size = 0.000000 MB

[LEAFCACHE] off
1, throughput 1.2597 Mops
1, throughput 1.2652 Mops
1, throughput 1.2645 Mops
1, throughput 1.2641 Mops
1, throughput 1.2645 Mops
1, throughput 1.2650 Mops
1, throughput 1.2663 Mops
1, throughput 1.2654 Mops
1, throughput 1.2651 Mops
1, throughput 1.2629 Mops
1, throughput 1.2402 Mops
1, throughput 1.2599 Mops
1, throughput 1.2639 Mops
1, throughput 1.2635 Mops
1, throughput 1.2635 Mops
1, throughput 1.2649 Mops
1, throughput 1.2649 Mops
1, throughput 1.2651 Mops
1, throughput 1.2647 Mops
1, throughput 1.2665 Mops
1, throughput 1.2713 Mops
1, throughput 1.2701 Mops
1, throughput 1.2686 Mops
1, throughput 1.2706 Mops
1, throughput 1.2700 Mops
1, throughput 1.2698 Mops
1, throughput 1.2689 Mops
1, throughput 1.2707 Mops
1, throughput 1.2688 Mops
1, throughput 1.2691 Mops
1, throughput 1.2697 Mops
1, throughput 1.2436 Mops
1, throughput 1.2697 Mops
1, throughput 1.2694 Mops
1, throughput 1.2681 Mops
1, throughput 1.2691 Mops
1, throughput 1.2685 Mops
1, throughput 1.2690 Mops
1, throughput 1.2680 Mops
1, throughput 1.2690 Mops
1, throughput 1.2670 Mops
1, throughput 1.2682 Mops
1, throughput 1.2665 Mops
1, throughput 1.2669 Mops
1, throughput 1.2674 Mops
1, throughput 1.2666 Mops
1, throughput 0.9685 Mops
1, throughput 0.6026 Mops
1, throughput 0.1942 Mops
[RESULT node 1] ops=29999988 elapsed=24.465s throughput=1.2263 Mops mode=op-bounded
[RDMA node 1] ops=29999988 posts=62386358 read_wr=32386370 read_bytes=48018241744 write_wr=0 write_bytes=0 atomic_wr=0 send_wr=29999988 send_bytes=1229999508
[RDMA node 1] per_op: round_trips=2.0795 reads=1.0795 writes=0.0000 atomics=0.0000 sends=1.0000 verbs=2.0795 bytes=1641.6

==================== LATENCY BUCKETS (500 ns) [node 1] ====================
[RANGE]
  ALL                n=29999988   mean=   28.36us  p50=  28.50us  p90=  32.50us  p99=  36.50us  p99.9=  45.00us  max>=315.50us
  DIRECT (1-sided)          (no samples)
  OFFLOAD (rpc)      n=29999988   mean=   28.36us  p50=  28.50us  p90=  32.50us  p99=  36.50us  p99.9=  45.00us  max>=315.50us
[ALL OPS]
  ALL                n=29999988   mean=   28.36us  p50=  28.50us  p90=  32.50us  p99=  36.50us  p99.9=  45.00us  max>=315.50us
  DIRECT (1-sided)          (no samples)
  OFFLOAD (rpc)      n=29999988   mean=   28.36us  p50=  28.50us  p90=  32.50us  p99=  36.50us  p99.9=  45.00us  max>=315.50us

----- 500 ns bucket CDF (all ops) [node 1] -----
  bucket [lo,hi) ns             count        pct       cdf
  [    13500,    14000)            1    0.0000%   0.0000%
  [    14000,    14500)            1    0.0000%   0.0000%
  [    18000,    18500)            1    0.0000%   0.0000%
  [    19500,    20000)            6    0.0000%   0.0000%
  [    20000,    20500)          145    0.0005%   0.0005%
  [    20500,    21000)         1403    0.0047%   0.0052%
  [    21000,    21500)         6577    0.0219%   0.0271%
  [    21500,    22000)        18655    0.0622%   0.0893%
  [    22000,    22500)        44750    0.1492%   0.2385%
  [    22500,    23000)       110578    0.3686%   0.6071%
  [    23000,    23500)       267005    0.8900%   1.4971%
  [    23500,    24000)       540688    1.8023%   3.2994%
  [    24000,    24500)       924701    3.0823%   6.3817%
  [    24500,    25000)      1314057    4.3802%  10.7619%
  [    25000,    25500)      1614542    5.3818%  16.1437%
  [    25500,    26000)      1753083    5.8436%  21.9873%
  [    26000,    26500)      1794054    5.9802%  27.9675%
  [    26500,    27000)      1874939    6.2498%  34.2173%
  [    27000,    27500)      2048607    6.8287%  41.0460%
  [    27500,    28000)      2247417    7.4914%  48.5374%
  [    28000,    28500)      2333016    7.7767%  56.3141%
  [    28500,    29000)      2219491    7.3983%  63.7124%
  [    29000,    29500)      1948670    6.4956%  70.2080%
  [    29500,    30000)      1596827    5.3228%  75.5307%
  [    30000,    30500)      1277487    4.2583%  79.7890%
  [    30500,    31000)      1031959    3.4399%  83.2289%
  [    31000,    31500)       903353    3.0112%  86.2401%
  [    31500,    32000)       778126    2.5938%  88.8338%
  [    32000,    32500)       698727    2.3291%  91.1629%
  [    32500,    33000)       602395    2.0080%  93.1709%
  [    33000,    33500)       499740    1.6658%  94.8367%
  [    33500,    34000)       390826    1.3028%  96.1395%
  [    34000,    34500)       296093    0.9870%  97.1264%
  [    34500,    35000)       215842    0.7195%  97.8459%
  [    35000,    35500)       155729    0.5191%  98.3650%
  [    35500,    36000)       112027    0.3734%  98.7384%
  [    36000,    36500)        81362    0.2712%  99.0096%
  [    36500,    37000)        59679    0.1989%  99.2086%
  [    37000,    37500)        44448    0.1482%  99.3567%
  [    37500,    38000)        32771    0.1092%  99.4660%
  [    38000,    38500)        24609    0.0820%  99.5480%
  [    38500,    39000)        18331    0.0611%  99.6091%
  [    39000,    39500)        14419    0.0481%  99.6572%
  [    39500,    40000)        11503    0.0383%  99.6955%
  [    40000,    40500)         9732    0.0324%  99.7279%
  [    40500,    41000)         8787    0.0293%  99.7572%
  [    41000,    41500)         7726    0.0258%  99.7830%
  [    41500,    42000)         6864    0.0229%  99.8059%
  [    42000,    42500)         6215    0.0207%  99.8266%
  [    42500,    43000)         5585    0.0186%  99.8452%
  [    43000,    43500)         5629    0.0188%  99.8640%
  [    43500,    44000)         5393    0.0180%  99.8819%
  [    44000,    44500)         5010    0.0167%  99.8986%
  [    44500,    45000)         4717    0.0157%  99.9144%
  [    45000,    45500)         4025    0.0134%  99.9278%
  [    45500,    46000)         3410    0.0114%  99.9391%
  [    46000,    46500)         2926    0.0098%  99.9489%
  [    46500,    47000)         2419    0.0081%  99.9570%
  [    47000,    47500)         2003    0.0067%  99.9636%
  [    47500,    48000)         1713    0.0057%  99.9694%
  [    48000,    48500)         1502    0.0050%  99.9744%
  [    48500,    49000)         1371    0.0046%  99.9789%
  [    49000,    49500)         1117    0.0037%  99.9827%
  [    49500,    50000)          871    0.0029%  99.9856%
  [    50000,    50500)          713    0.0024%  99.9879%
  [    50500,    51000)          601    0.0020%  99.9899%
  [    51000,    51500)          496    0.0017%  99.9916%
  [    51500,    52000)          376    0.0013%  99.9928%
  [    52000,    52500)          262    0.0009%  99.9937%
  [    52500,    53000)          210    0.0007%  99.9944%
  [    53000,    53500)          173    0.0006%  99.9950%
  [    53500,    54000)          149    0.0005%  99.9955%
  [    54000,    54500)          126    0.0004%  99.9959%
  [    54500,    55000)          109    0.0004%  99.9963%
  [    55000,    55500)          116    0.0004%  99.9967%
  [    55500,    56000)           74    0.0002%  99.9969%
  [    56000,    56500)           63    0.0002%  99.9971%
  [    56500,    57000)           53    0.0002%  99.9973%
  [    57000,    57500)           53    0.0002%  99.9975%
  [    57500,    58000)           53    0.0002%  99.9976%
  [    58000,    58500)           43    0.0001%  99.9978%
  [    58500,    59000)           45    0.0002%  99.9979%
  [    59000,    59500)           45    0.0002%  99.9981%
  [    59500,    60000)           36    0.0001%  99.9982%
  [    60000,    60500)           36    0.0001%  99.9983%
  [    60500,    61000)           19    0.0001%  99.9984%
  [    61000,    61500)           26    0.0001%  99.9985%
  [    61500,    62000)           17    0.0001%  99.9985%
  [    62000,    62500)           21    0.0001%  99.9986%
  [    62500,    63000)           21    0.0001%  99.9987%
  [    63000,    63500)           16    0.0001%  99.9987%
  [    63500,    64000)           10    0.0000%  99.9988%
  [    64000,    64500)           20    0.0001%  99.9988%
  [    64500,    65000)           15    0.0001%  99.9989%
  [    65000,    65500)            9    0.0000%  99.9989%
  [    65500,    66000)            8    0.0000%  99.9989%
  [    66000,    66500)           10    0.0000%  99.9990%
  [    66500,    67000)           11    0.0000%  99.9990%
  [    67000,    67500)            5    0.0000%  99.9990%
  [    67500,    68000)            7    0.0000%  99.9990%
  [    68000,    68500)            7    0.0000%  99.9991%
  [    68500,    69000)            9    0.0000%  99.9991%
  [    69000,    69500)            7    0.0000%  99.9991%
  [    69500,    70000)            4    0.0000%  99.9991%
  [    70000,    70500)            3    0.0000%  99.9991%
  [    70500,    71000)            8    0.0000%  99.9992%
  [    71000,    71500)            4    0.0000%  99.9992%
  [    71500,    72000)            5    0.0000%  99.9992%
  [    72000,    72500)            4    0.0000%  99.9992%
  [    72500,    73000)            4    0.0000%  99.9992%
  [    73000,    73500)            2    0.0000%  99.9992%
  [    73500,    74000)            3    0.0000%  99.9992%
  [    74000,    74500)            8    0.0000%  99.9993%
  [    75000,    75500)            4    0.0000%  99.9993%
  [    75500,    76000)            3    0.0000%  99.9993%
  [    76000,    76500)            3    0.0000%  99.9993%
  [    76500,    77000)            1    0.0000%  99.9993%
  [    77000,    77500)            3    0.0000%  99.9993%
  [    77500,    78000)            3    0.0000%  99.9993%
  [    78000,    78500)            4    0.0000%  99.9993%
  [    78500,    79000)            5    0.0000%  99.9994%
  [    79000,    79500)            1    0.0000%  99.9994%
  [    79500,    80000)            4    0.0000%  99.9994%
  [    80000,    80500)            2    0.0000%  99.9994%
  [    80500,    81000)            7    0.0000%  99.9994%
  [    81000,    81500)            7    0.0000%  99.9994%
  [    81500,    82000)            3    0.0000%  99.9994%
  [    82000,    82500)            1    0.0000%  99.9994%
  [    83000,    83500)            4    0.0000%  99.9995%
  [    83500,    84000)            2    0.0000%  99.9995%
  [    84000,    84500)            2    0.0000%  99.9995%
  [    84500,    85000)            2    0.0000%  99.9995%
  [    85000,    85500)            3    0.0000%  99.9995%
  [    85500,    86000)            3    0.0000%  99.9995%
  [    86000,    86500)            4    0.0000%  99.9995%
  [    86500,    87000)            1    0.0000%  99.9995%
  [    87500,    88000)            2    0.0000%  99.9995%
  [    88500,    89000)            1    0.0000%  99.9995%
  [    89000,    89500)            2    0.0000%  99.9995%
  [    90000,    90500)            2    0.0000%  99.9995%
  [    90500,    91000)            2    0.0000%  99.9995%
  [    91000,    91500)            2    0.0000%  99.9995%
  [    91500,    92000)            1    0.0000%  99.9996%
  [    93500,    94000)            1    0.0000%  99.9996%
  [    94500,    95000)            1    0.0000%  99.9996%
  [    95500,    96000)            3    0.0000%  99.9996%
  [    96500,    97000)            1    0.0000%  99.9996%
  [    97000,    97500)            1    0.0000%  99.9996%
  [    99000,    99500)            1    0.0000%  99.9996%
  [    99500,   100000)            1    0.0000%  99.9996%
  [   100500,   101000)            1    0.0000%  99.9996%
  [   102000,   102500)            1    0.0000%  99.9996%
  [   105500,   106000)            1    0.0000%  99.9996%
  [   106000,   106500)            1    0.0000%  99.9996%
  [   107500,   108000)            1    0.0000%  99.9996%
  [   109000,   109500)            1    0.0000%  99.9996%
  [   111000,   111500)            1    0.0000%  99.9996%
  [   111500,   112000)            2    0.0000%  99.9996%
  [   113000,   113500)            2    0.0000%  99.9996%
  [   113500,   114000)            1    0.0000%  99.9996%
  [   114500,   115000)            1    0.0000%  99.9996%
  [   120500,   121000)            3    0.0000%  99.9996%
  [   121000,   121500)            1    0.0000%  99.9996%
  [   121500,   122000)            2    0.0000%  99.9996%
  [   122500,   123000)            1    0.0000%  99.9996%
  [   123000,   123500)            3    0.0000%  99.9997%
  [   123500,   124000)            1    0.0000%  99.9997%
  [   124000,   124500)            4    0.0000%  99.9997%
  [   124500,   125000)            4    0.0000%  99.9997%
  [   125000,   125500)            1    0.0000%  99.9997%
  [   125500,   126000)            3    0.0000%  99.9997%
  [   126000,   126500)            1    0.0000%  99.9997%
  [   127000,   127500)            2    0.0000%  99.9997%
  [   128000,   128500)            2    0.0000%  99.9997%
  [   128500,   129000)            1    0.0000%  99.9997%
  [   129500,   130000)            1    0.0000%  99.9997%
  [   130000,   130500)            2    0.0000%  99.9997%
  [   130500,   131000)            2    0.0000%  99.9997%
  [   131500,   132000)            1    0.0000%  99.9997%
  [   132000,   132500)            1    0.0000%  99.9997%
  [   132500,   133000)            1    0.0000%  99.9997%
  [   134000,   134500)            2    0.0000%  99.9998%
  [   135000,   135500)            1    0.0000%  99.9998%
  [   135500,   136000)            2    0.0000%  99.9998%
  [   139500,   140000)            1    0.0000%  99.9998%
  [   143500,   144000)            1    0.0000%  99.9998%
  [   148500,   149000)            1    0.0000%  99.9998%
  [   149500,   150000)            1    0.0000%  99.9998%
  [   156000,   156500)            1    0.0000%  99.9998%
  [   163500,   164000)            1    0.0000%  99.9998%
  [   167000,   167500)            1    0.0000%  99.9998%
  [   169000,   169500)            1    0.0000%  99.9998%
  [   174000,   174500)            1    0.0000%  99.9998%
  [   175000,   175500)            1    0.0000%  99.9998%
  [   176000,   176500)            1    0.0000%  99.9998%
  [   177000,   177500)            1    0.0000%  99.9998%
  [   178500,   179000)            1    0.0000%  99.9998%
  [   179500,   180000)            2    0.0000%  99.9998%
  [   180000,   180500)            1    0.0000%  99.9998%
  [   180500,   181000)            2    0.0000%  99.9998%
  [   181000,   181500)            1    0.0000%  99.9998%
  [   181500,   182000)            2    0.0000%  99.9998%
  [   182000,   182500)            1    0.0000%  99.9998%
  [   183000,   183500)            1    0.0000%  99.9998%
  [   183500,   184000)            3    0.0000%  99.9999%
  [   184000,   184500)            1    0.0000%  99.9999%
  [   184500,   185000)            1    0.0000%  99.9999%
  [   185500,   186000)            1    0.0000%  99.9999%
  [   187000,   187500)            2    0.0000%  99.9999%
  [   187500,   188000)            1    0.0000%  99.9999%
  [   188000,   188500)            4    0.0000%  99.9999%
  [   188500,   189000)            2    0.0000%  99.9999%
  [   189000,   189500)            4    0.0000%  99.9999%
  [   192000,   192500)            2    0.0000%  99.9999%
  [   192500,   193000)            1    0.0000%  99.9999%
  [   193000,   193500)            1    0.0000%  99.9999%
  [   193500,   194000)            2    0.0000%  99.9999%
  [   195000,   195500)            1    0.0000%  99.9999%
  [   196500,   197000)            1    0.0000%  99.9999%
  [   198000,   198500)            1    0.0000%  99.9999%
  [   199000,   199500)            1    0.0000%  99.9999%
  [   204500,   205000)            1    0.0000%  99.9999%
  [   212000,   212500)            1    0.0000%  99.9999%
  [   218500,   219000)            1    0.0000%  99.9999%
  [   221500,   222000)            1    0.0000% 100.0000%
  [   223500,   224000)            1    0.0000% 100.0000%
  [   230000,   230500)            1    0.0000% 100.0000%
  [   252000,   252500)            1    0.0000% 100.0000%
  [   255500,   256000)            1    0.0000% 100.0000%
  [   256000,   256500)            1    0.0000% 100.0000%
  [   257500,   258000)            1    0.0000% 100.0000%
  [   261000,   261500)            1    0.0000% 100.0000%
  [   263000,   263500)            1    0.0000% 100.0000%
  [   264500,   265000)            1    0.0000% 100.0000%
  [   265500,   266000)            1    0.0000% 100.0000%
  [   266500,   267000)            1    0.0000% 100.0000%
  [   268000,   268500)            1    0.0000% 100.0000%
  [   287000,   287500)            1    0.0000% 100.0000%
  [   315000,   315500)            1    0.0000% 100.0000%

----- OFFLOADED TASKS [node 1] -----
  ops total                = 29999988
  ops direct (1-sided)     = 0 (0.00%)
  ops offload (rpc)        = 29999988 (100.00%)
  lookup pushdowns         = 0
  scan   pushdowns (RPC)   = 29999988
    kv pairs returned      = 2999946918
    leaves scanned remotely= 406371577
    kv / scan pushdown     = 100.00
    leaves / scan pushdown = 13.55
=========================================================================

[CORRECTNESS node 1] scan rows returned = 2999946918
[LEAFCACHE] off

----- PER-LEVEL CACHE HITS [node 1] (lookups; level 0 = leaf) -----
[KIND node 1] lookups=0 inner_visits=0 inner_hits=0 inner_hit_pct=0.00 leaf_visits=0 leaf_hits=0 leaf_hit_pct=0.00
[SCANLEAF node 1] scans=29999988 inner_complete_miss=0 inner_partial=0 leaf_cache_hits=0 leaf_reads=0 cn_leaves_per_scan=0.00 leaf_hit_pct=0.00
[END]
