nodes 2, threads 36, mix R/I/U/S=100/0/0/0, uniform, bulk 50M warmup 10M op 30M, offload 0%, scan_range 100
[4mshared memory size: 64GB, 0x7feeda800000[0m
[4mrdma cache size: 4GB[0m
[4mMachine NR: 2[0m
[4mCompute server 1 start up [10.30.1.6]
[0m
I connect server 0
[CONFIG node 1] bulk load: bottom-up build, 8 keys per leaf, 6 children per inner node (CHIME_BULK_BUILD / CHIME_BUILD_LEAF_KEYS / CHIME_BUILD_INNER_FANOUT)
[CONFIG node 1] clients on this node: yes (CHIME_MN_CLIENTS)
[CONFIG node 1] scan path: from_cache=1 offload_always=0 (CHIME_SCAN_FROM_CACHE / CHIME_SCAN_OFFLOAD_ALWAYS)
[CONFIG node 1] push ops: both (CHIME_PUSH_OPS; applies only with offloading on)
[CACHE node 1] total=512 MB index=384 MB leaf=128 MB
[CONFIG node 1] dir threads = 1 (CHIME_DIR_THREADS, max 16) -- MUST match the other node
[CORES node 1] linear pinning: app threads -> CPUs 0..35, main -> 79, dir threads -> 79 (REV_DIR_CPUS)
[CONFIG] hotspot buffer + speculative read: off (CHIME_HOTSPOT; stock CHIME: on above 50 MB)
 ----- [LeafCache]: budget=128 MB -> 32768 sets x 8 ways = 262144 leaves (352 B/leaf, 88.0 MB) -----
workload generated: keyspace=50001000 bulk=50000000 warmup=9999972 op=29999988
[4mKey space set: keySpaceSize=50000000[0m
I am 64
I am 43
I am 56
I am 39
I am 48
I am 41
I am 53
I am 45
I am 37
I am 49
I am 38
I am 40
I am 44
I am 47
I am 55
I am 61
I am 51
I am 50
I am 46
I am 63
I am 62
I am 42
I am 60
I am 54
I am 67
I am 57
I am 58
I am 52
I am 68
I am 69
I am 65
I am 70
I am 66
I am 36
I am 59
I am 71
[build] leaves: 10% (625001/6250000)
[build] leaves: 20% (1250002/6250000)
[build] leaves: 30% (1875003/6250000)
[build] leaves: 40% (2500004/6250000)
[build] leaves: 50% (3125005/6250000)
[build] leaves: 60% (3750006/6250000)
[build] leaves: 70% (4375007/6250000)
[build] leaves: 80% (5000008/6250000)
[build] leaves: 90% (5625009/6250000)
[build] inner level 1: 1041667 nodes
[build] inner level 2: 173611 nodes
[build] inner level 3: 28935 nodes
[build] inner level 4: 4823 nodes
[build] inner level 5: 804 nodes
[build] inner level 6: 134 nodes
[build] inner level 7: 23 nodes
[build] inner level 8: 4 nodes
[build] inner level 9: 1 nodes
[build] done in 18.9s: height=10 leaves=6250000 inner_nodes=1250002 (8 keys per leaf, 6 children per inner node)
[TREE] height=10 leaves=6250000 inner_nodes=1250002 keys_per_leaf=8.00 inner_MB=399.4 leaf_MB=2104.0 total_MB=2503.4 (internal span 16, leaf span 16, node bytes inner=335 leaf=353)
node 1 warmup done in 26s
[INDEX] --- post-bulk-load cache occupancy (cache = 384 MB) ---
 ----- [TreeCache]:  cache size=384 MB free_size=221.884 MB skiplist_node_cnt=1249937 ----- 
consumed cache size = 162.116 MB
 ----- [IdxCache]:  cache size=0 MB free_size=0.000 MB ---- 
consumed hotspot buffer size = 0.000000 MB

 ----- [LeafCache]: capacity=262144 leaves resident=262144 (100.0% full, 88.0 MB) -----
[LEAFCACHE] hit=412285 miss=9587685 stale=0 fill=9587685 hit_pct=4.123 admit_pct=100.000 resident=262144 capacity=262144 budget_mb=128
1, throughput 1.9427 Mops
1, throughput 1.9406 Mops
1, throughput 1.9255 Mops
1, throughput 1.9321 Mops
1, throughput 1.9334 Mops
1, throughput 1.9344 Mops
1, throughput 1.9314 Mops
1, throughput 1.9280 Mops
1, throughput 1.9304 Mops
1, throughput 1.9261 Mops
1, throughput 1.9286 Mops
1, throughput 1.9247 Mops
1, throughput 1.9269 Mops
1, throughput 1.9235 Mops
1, throughput 1.9222 Mops
1, throughput 1.9214 Mops
1, throughput 1.9264 Mops
1, throughput 1.9229 Mops
1, throughput 1.9260 Mops
1, throughput 1.9225 Mops
1, throughput 1.9203 Mops
1, throughput 1.9244 Mops
1, throughput 1.9217 Mops
1, throughput 1.9070 Mops
1, throughput 1.9219 Mops
1, throughput 1.9206 Mops
1, throughput 1.9170 Mops
1, throughput 1.9152 Mops
1, throughput 1.8830 Mops
1, throughput 1.9808 Mops
1, throughput 1.9585 Mops
1, throughput 0.2470 Mops
[RESULT node 1] ops=29999988 elapsed=15.787s throughput=1.9003 Mops mode=op-bounded
[RDMA node 1] ops=29999988 posts=30000498 read_wr=87485990 read_bytes=10455143376 write_wr=0 write_bytes=0 atomic_wr=0 send_wr=0 send_bytes=0
[RDMA node 1] per_op: round_trips=1.0000 reads=2.9162 writes=0.0000 atomics=0.0000 sends=0.0000 verbs=2.9162 bytes=348.5

==================== LATENCY BUCKETS (500 ns) [node 1] ====================
[LOOKUP]
  ALL                n=29999988   mean=   17.84us  p50=  18.50us  p90=  30.00us  p99=  34.50us  p99.9=  38.00us  max>=168.00us
  DIRECT (1-sided)   n=29999988   mean=   17.84us  p50=  18.50us  p90=  30.00us  p99=  34.50us  p99.9=  38.00us  max>=168.00us
  OFFLOAD (rpc)             (no samples)
[ALL OPS]
  ALL                n=29999988   mean=   17.84us  p50=  18.50us  p90=  30.00us  p99=  34.50us  p99.9=  38.00us  max>=168.00us
  DIRECT (1-sided)   n=29999988   mean=   17.84us  p50=  18.50us  p90=  30.00us  p99=  34.50us  p99.9=  38.00us  max>=168.00us
  OFFLOAD (rpc)             (no samples)

----- 500 ns bucket CDF (all ops) [node 1] -----
  bucket [lo,hi) ns             count        pct       cdf
  [     1000,     1500)            1    0.0000%   0.0000%
  [     1500,     2000)            1    0.0000%   0.0000%
  [     2000,     2500)            1    0.0000%   0.0000%
  [     2500,     3000)            2    0.0000%   0.0000%
  [     3000,     3500)            1    0.0000%   0.0000%
  [     3500,     4000)           51    0.0002%   0.0002%
  [     4000,     4500)         2152    0.0072%   0.0074%
  [     4500,     5000)        28025    0.0934%   0.1008%
  [     5000,     5500)       119171    0.3972%   0.4980%
  [     5500,     6000)       239247    0.7975%   1.2955%
  [     6000,     6500)       287672    0.9589%   2.2544%
  [     6500,     7000)       282936    0.9431%   3.1975%
  [     7000,     7500)       433737    1.4458%   4.6433%
  [     7500,     8000)       904378    3.0146%   7.6579%
  [     8000,     8500)      1534439    5.1148%  12.7727%
  [     8500,     9000)      2001262    6.6709%  19.4436%
  [     9000,     9500)      2110608    7.0354%  26.4790%
  [     9500,    10000)      1871174    6.2372%  32.7162%
  [    10000,    10500)      1440652    4.8022%  37.5184%
  [    10500,    11000)       990690    3.3023%  40.8207%
  [    11000,    11500)       633720    2.1124%  42.9331%
  [    11500,    12000)       385960    1.2865%  44.2196%
  [    12000,    12500)       237352    0.7912%  45.0108%
  [    12500,    13000)       152691    0.5090%  45.5198%
  [    13000,    13500)       108320    0.3611%  45.8808%
  [    13500,    14000)        87276    0.2909%  46.1717%
  [    14000,    14500)        78570    0.2619%  46.4336%
  [    14500,    15000)        80791    0.2693%  46.7030%
  [    15000,    15500)        90117    0.3004%  47.0033%
  [    15500,    16000)       107488    0.3583%  47.3616%
  [    16000,    16500)       132426    0.4414%  47.8031%
  [    16500,    17000)       161816    0.5394%  48.3424%
  [    17000,    17500)       199450    0.6648%  49.0073%
  [    17500,    18000)       238792    0.7960%  49.8032%
  [    18000,    18500)       279617    0.9321%  50.7353%
  [    18500,    19000)       322103    1.0737%  51.8090%
  [    19000,    19500)       364204    1.2140%  53.0230%
  [    19500,    20000)       405020    1.3501%  54.3731%
  [    20000,    20500)       443510    1.4784%  55.8514%
  [    20500,    21000)       479555    1.5985%  57.4499%
  [    21000,    21500)       509943    1.6998%  59.1498%
  [    21500,    22000)       540571    1.8019%  60.9517%
  [    22000,    22500)       559500    1.8650%  62.8167%
  [    22500,    23000)       576232    1.9208%  64.7374%
  [    23000,    23500)       585810    1.9527%  66.6901%
  [    23500,    24000)       594296    1.9810%  68.6711%
  [    24000,    24500)       593446    1.9782%  70.6493%
  [    24500,    25000)       591838    1.9728%  72.6221%
  [    25000,    25500)       588029    1.9601%  74.5822%
  [    25500,    26000)       578700    1.9290%  76.5112%
  [    26000,    26500)       569025    1.8968%  78.4079%
  [    26500,    27000)       556812    1.8560%  80.2640%
  [    27000,    27500)       541021    1.8034%  82.0674%
  [    27500,    28000)       529198    1.7640%  83.8314%
  [    28000,    28500)       512878    1.7096%  85.5410%
  [    28500,    29000)       498978    1.6633%  87.2042%
  [    29000,    29500)       483695    1.6123%  88.8165%
  [    29500,    30000)       464903    1.5497%  90.3662%
  [    30000,    30500)       443312    1.4777%  91.8439%
  [    30500,    31000)       416158    1.3872%  93.2311%
  [    31000,    31500)       380523    1.2684%  94.4995%
  [    31500,    32000)       341020    1.1367%  95.6363%
  [    32000,    32500)       293601    0.9787%  96.6149%
  [    32500,    33000)       246063    0.8202%  97.4351%
  [    33000,    33500)       198902    0.6630%  98.0981%
  [    33500,    34000)       155534    0.5184%  98.6166%
  [    34000,    34500)       117794    0.3926%  99.0092%
  [    34500,    35000)        87659    0.2922%  99.3014%
  [    35000,    35500)        62953    0.2098%  99.5113%
  [    35500,    36000)        44747    0.1492%  99.6604%
  [    36000,    36500)        30740    0.1025%  99.7629%
  [    36500,    37000)        21330    0.0711%  99.8340%
  [    37000,    37500)        14519    0.0484%  99.8824%
  [    37500,    38000)        10185    0.0340%  99.9163%
  [    38000,    38500)         6933    0.0231%  99.9395%
  [    38500,    39000)         4773    0.0159%  99.9554%
  [    39000,    39500)         3336    0.0111%  99.9665%
  [    39500,    40000)         2314    0.0077%  99.9742%
  [    40000,    40500)         1637    0.0055%  99.9797%
  [    40500,    41000)         1134    0.0038%  99.9834%
  [    41000,    41500)          824    0.0027%  99.9862%
  [    41500,    42000)          570    0.0019%  99.9881%
  [    42000,    42500)          472    0.0016%  99.9897%
  [    42500,    43000)          370    0.0012%  99.9909%
  [    43000,    43500)          283    0.0009%  99.9918%
  [    43500,    44000)          249    0.0008%  99.9927%
  [    44000,    44500)          161    0.0005%  99.9932%
  [    44500,    45000)          145    0.0005%  99.9937%
  [    45000,    45500)          128    0.0004%  99.9941%
  [    45500,    46000)          106    0.0004%  99.9945%
  [    46000,    46500)           96    0.0003%  99.9948%
  [    46500,    47000)           68    0.0002%  99.9950%
  [    47000,    47500)           62    0.0002%  99.9952%
  [    47500,    48000)           45    0.0002%  99.9954%
  [    48000,    48500)           36    0.0001%  99.9955%
  [    48500,    49000)           31    0.0001%  99.9956%
  [    49000,    49500)           31    0.0001%  99.9957%
  [    49500,    50000)           38    0.0001%  99.9958%
  [    50000,    50500)           20    0.0001%  99.9959%
  [    50500,    51000)           27    0.0001%  99.9960%
  [    51000,    51500)           27    0.0001%  99.9961%
  [    51500,    52000)           23    0.0001%  99.9961%
  [    52000,    52500)           25    0.0001%  99.9962%
  [    52500,    53000)           20    0.0001%  99.9963%
  [    53000,    53500)           20    0.0001%  99.9964%
  [    53500,    54000)           22    0.0001%  99.9964%
  [    54000,    54500)           19    0.0001%  99.9965%
  [    54500,    55000)           19    0.0001%  99.9966%
  [    55000,    55500)           30    0.0001%  99.9967%
  [    55500,    56000)           35    0.0001%  99.9968%
  [    56000,    56500)           29    0.0001%  99.9969%
  [    56500,    57000)           28    0.0001%  99.9970%
  [    57000,    57500)           28    0.0001%  99.9971%
  [    57500,    58000)           21    0.0001%  99.9971%
  [    58000,    58500)           36    0.0001%  99.9973%
  [    58500,    59000)           39    0.0001%  99.9974%
  [    59000,    59500)           39    0.0001%  99.9975%
  [    59500,    60000)           33    0.0001%  99.9976%
  [    60000,    60500)           36    0.0001%  99.9977%
  [    60500,    61000)           34    0.0001%  99.9979%
  [    61000,    61500)           34    0.0001%  99.9980%
  [    61500,    62000)           39    0.0001%  99.9981%
  [    62000,    62500)           42    0.0001%  99.9982%
  [    62500,    63000)           33    0.0001%  99.9983%
  [    63000,    63500)           28    0.0001%  99.9984%
  [    63500,    64000)           39    0.0001%  99.9986%
  [    64000,    64500)           20    0.0001%  99.9986%
  [    64500,    65000)           23    0.0001%  99.9987%
  [    65000,    65500)           20    0.0001%  99.9988%
  [    65500,    66000)           30    0.0001%  99.9989%
  [    66000,    66500)           10    0.0000%  99.9989%
  [    66500,    67000)           14    0.0000%  99.9990%
  [    67000,    67500)            8    0.0000%  99.9990%
  [    67500,    68000)           20    0.0001%  99.9991%
  [    68000,    68500)           13    0.0000%  99.9991%
  [    68500,    69000)            7    0.0000%  99.9991%
  [    69000,    69500)            8    0.0000%  99.9991%
  [    69500,    70000)            4    0.0000%  99.9992%
  [    70000,    70500)            6    0.0000%  99.9992%
  [    70500,    71000)            6    0.0000%  99.9992%
  [    71000,    71500)            4    0.0000%  99.9992%
  [    71500,    72000)            1    0.0000%  99.9992%
  [    72000,    72500)            2    0.0000%  99.9992%
  [    72500,    73000)            3    0.0000%  99.9992%
  [    73000,    73500)            5    0.0000%  99.9993%
  [    73500,    74000)            7    0.0000%  99.9993%
  [    74000,    74500)            2    0.0000%  99.9993%
  [    74500,    75000)            2    0.0000%  99.9993%
  [    75500,    76000)            2    0.0000%  99.9993%
  [    76000,    76500)            1    0.0000%  99.9993%
  [    76500,    77000)            4    0.0000%  99.9993%
  [    77000,    77500)            4    0.0000%  99.9993%
  [    77500,    78000)            4    0.0000%  99.9993%
  [    78000,    78500)            2    0.0000%  99.9993%
  [    78500,    79000)            2    0.0000%  99.9994%
  [    79000,    79500)            1    0.0000%  99.9994%
  [    79500,    80000)            2    0.0000%  99.9994%
  [    80500,    81000)            2    0.0000%  99.9994%
  [    81000,    81500)            1    0.0000%  99.9994%
  [    81500,    82000)            3    0.0000%  99.9994%
  [    82000,    82500)            5    0.0000%  99.9994%
  [    82500,    83000)            5    0.0000%  99.9994%
  [    83000,    83500)            3    0.0000%  99.9994%
  [    83500,    84000)            1    0.0000%  99.9994%
  [    84000,    84500)            1    0.0000%  99.9994%
  [    84500,    85000)            3    0.0000%  99.9994%
  [    85000,    85500)            1    0.0000%  99.9994%
  [    85500,    86000)            5    0.0000%  99.9995%
  [    86000,    86500)            1    0.0000%  99.9995%
  [    86500,    87000)            3    0.0000%  99.9995%
  [    87000,    87500)            2    0.0000%  99.9995%
  [    87500,    88000)            5    0.0000%  99.9995%
  [    88000,    88500)            6    0.0000%  99.9995%
  [    88500,    89000)            1    0.0000%  99.9995%
  [    89000,    89500)            2    0.0000%  99.9995%
  [    89500,    90000)            2    0.0000%  99.9995%
  [    90000,    90500)            4    0.0000%  99.9995%
  [    90500,    91000)            3    0.0000%  99.9996%
  [    91000,    91500)            5    0.0000%  99.9996%
  [    91500,    92000)            3    0.0000%  99.9996%
  [    92000,    92500)            4    0.0000%  99.9996%
  [    93000,    93500)            2    0.0000%  99.9996%
  [    93500,    94000)            4    0.0000%  99.9996%
  [    94000,    94500)            2    0.0000%  99.9996%
  [    94500,    95000)            1    0.0000%  99.9996%
  [    95000,    95500)            2    0.0000%  99.9996%
  [    95500,    96000)            1    0.0000%  99.9996%
  [    96000,    96500)            2    0.0000%  99.9996%
  [    96500,    97000)            3    0.0000%  99.9997%
  [    97000,    97500)            1    0.0000%  99.9997%
  [    97500,    98000)            4    0.0000%  99.9997%
  [    98000,    98500)            2    0.0000%  99.9997%
  [    98500,    99000)            2    0.0000%  99.9997%
  [    99000,    99500)            2    0.0000%  99.9997%
  [    99500,   100000)            1    0.0000%  99.9997%
  [   100500,   101000)            2    0.0000%  99.9997%
  [   101000,   101500)            3    0.0000%  99.9997%
  [   101500,   102000)            2    0.0000%  99.9997%
  [   102000,   102500)            2    0.0000%  99.9997%
  [   102500,   103000)            3    0.0000%  99.9997%
  [   103000,   103500)            1    0.0000%  99.9997%
  [   103500,   104000)            2    0.0000%  99.9997%
  [   104500,   105000)            3    0.0000%  99.9998%
  [   105000,   105500)            2    0.0000%  99.9998%
  [   105500,   106000)            1    0.0000%  99.9998%
  [   106000,   106500)            1    0.0000%  99.9998%
  [   106500,   107000)            2    0.0000%  99.9998%
  [   107000,   107500)            2    0.0000%  99.9998%
  [   107500,   108000)            1    0.0000%  99.9998%
  [   108500,   109000)            2    0.0000%  99.9998%
  [   109000,   109500)            2    0.0000%  99.9998%
  [   109500,   110000)            1    0.0000%  99.9998%
  [   110000,   110500)            1    0.0000%  99.9998%
  [   110500,   111000)            2    0.0000%  99.9998%
  [   111500,   112000)            1    0.0000%  99.9998%
  [   112000,   112500)            1    0.0000%  99.9998%
  [   112500,   113000)            2    0.0000%  99.9998%
  [   113000,   113500)            1    0.0000%  99.9998%
  [   113500,   114000)            5    0.0000%  99.9998%
  [   114000,   114500)            5    0.0000%  99.9999%
  [   115000,   115500)            1    0.0000%  99.9999%
  [   115500,   116000)            1    0.0000%  99.9999%
  [   116000,   116500)            3    0.0000%  99.9999%
  [   116500,   117000)            2    0.0000%  99.9999%
  [   117000,   117500)            1    0.0000%  99.9999%
  [   117500,   118000)            1    0.0000%  99.9999%
  [   118000,   118500)            3    0.0000%  99.9999%
  [   118500,   119000)            1    0.0000%  99.9999%
  [   119500,   120000)            4    0.0000%  99.9999%
  [   120000,   120500)            3    0.0000%  99.9999%
  [   121500,   122000)            3    0.0000%  99.9999%
  [   122000,   122500)            1    0.0000%  99.9999%
  [   122500,   123000)            1    0.0000%  99.9999%
  [   123000,   123500)            1    0.0000%  99.9999%
  [   123500,   124000)            2    0.0000% 100.0000%
  [   124000,   124500)            2    0.0000% 100.0000%
  [   124500,   125000)            1    0.0000% 100.0000%
  [   125000,   125500)            2    0.0000% 100.0000%
  [   126500,   127000)            1    0.0000% 100.0000%
  [   129500,   130000)            1    0.0000% 100.0000%
  [   130500,   131000)            1    0.0000% 100.0000%
  [   131000,   131500)            1    0.0000% 100.0000%
  [   138500,   139000)            1    0.0000% 100.0000%
  [   146500,   147000)            1    0.0000% 100.0000%
  [   156500,   157000)            1    0.0000% 100.0000%
  [   167500,   168000)            1    0.0000% 100.0000%

----- OFFLOADED TASKS [node 1] -----
  ops total                = 29999988
  ops direct (1-sided)     = 29999988 (100.00%)
  ops offload (rpc)        = 0 (0.00%)
  lookup pushdowns         = 0
  scan   pushdowns (RPC)   = 0
    kv pairs returned      = 0
    leaves scanned remotely= 0
    kv / scan pushdown     = 0.00
    leaves / scan pushdown = 0.00
=========================================================================

[CORRECTNESS node 1] lookup found 29999412 / 29999988 = 99.9981%
[READPATH node 1] lookups=29999988  index-cache hit=100.0%  per lookup: leaf=1.000 speculative=0.000 (right 0.0%) hop-reads=0.000 (two-segment 0.000) retries=0.000 invalid=0.000 sibling=0.000  => est. leaf round trips/lookup=0.000
 ----- [LeafCache]: capacity=262144 leaves resident=262144 (100.0% full, 88.0 MB) -----
[LEAFCACHE] hit=1257219 miss=28742746 stale=0 fill=28742746 hit_pct=4.191 admit_pct=100.000 resident=262144 capacity=262144 budget_mb=128

----- PER-LEVEL CACHE HITS [node 1] (lookups; level 0 = leaf) -----
[LEVEL] level=0 hits=1257219 misses=28742746 hit_rate=0.0419
[LEVEL] level=1 hits=29999900 misses=65 hit_rate=1.0000
[LEVEL] level=2 hits=29999913 misses=52 hit_rate=1.0000
[LEVEL] level=3 hits=29999913 misses=52 hit_rate=1.0000
[LEVEL] level=4 hits=29999913 misses=52 hit_rate=1.0000
[LEVEL] level=5 hits=29999913 misses=52 hit_rate=1.0000
[LEVEL] level=6 hits=29999913 misses=52 hit_rate=1.0000
[LEVEL] level=7 hits=29999913 misses=52 hit_rate=1.0000
[LEVEL] level=8 hits=29999913 misses=52 hit_rate=1.0000
[LEVEL] level=9 hits=29999913 misses=52 hit_rate=1.0000
[KIND node 1] lookups=29999965 inner_visits=269999685 inner_hits=269999204 inner_hit_pct=100.00 leaf_visits=29999965 leaf_hits=1257219 leaf_hit_pct=4.19
[END]
