Compute node count = 1
kNodeCount 2, kReadRatio 100, kInsertRatio 0, kUpdateRatio 0, kDeleteRatio 0, kRangeRatio 0, totalThreadCount 36, memThreadCount 4 cache_size 64, uniform_workload 1, zipfian 0.990000, bulk_load_num 50000000, warmup_num 10000000, op_num 30000000, check_correctness 0, time_based 0, early_stop 1, index 0, rpc_rate 1.000000, admission_rate 0.100000, auto_tune 0
kMaxThread = 36
KeySpace = 50001000
[GEOMETRY] inner_page=160 leaf_page=512 inner_entries=5 leaf_entries=26 slot=512 placement=mn_only
[4mshared memory size: 64GB, 0x7fade8400000[0m
[4mcache size: 2GB[0m
[4mMachine NR: 2[0m
[4mMax_APP_THREAD: 36[0m
[4mNR_DIRECTORY: 16[0m
[4mStart Build the DSMKeeper[0m
I am servers 1 [255.127.0.0]
I connect server 0
[4mdir 0 launch! (core 79 of 80)
[0m
[4mdir 1 launch! (core 78 of 80)
[0m
[4mdir 2 launch! (core 77 of 80)
[0m
[4mdir 3 launch! (core 76 of 80)
[0m
Before barrier finish

----- REMOTE CPU LOAD (memory node dir-threads, 2s window) -----
  dir 0: active=  0.00%  msgs=1           2464 ns/msg
  dir 1: active=  0.00%  msgs=0           0 ns/msg
  dir 2: active=  0.00%  msgs=0           0 ns/msg
  dir 3: active=  0.00%  msgs=0           0 ns/msg
  AGGREGATE active = 0.00% (of 4 dir-threads; 0.00% per-thread avg)  msgs=1
[CPU memory  ] process=  4.99% of 80 cores   system=  5.01%   (window 2s)

----- REMOTE CPU LOAD (memory node dir-threads, 2s window) -----
  dir 0: active=  0.00%  msgs=0           0 ns/msg
  dir 1: active=  0.00%  msgs=0           0 ns/msg
  dir 2: active=  0.00%  msgs=0           0 ns/msg
  dir 3: active=  0.00%  msgs=0           0 ns/msg
  AGGREGATE active = 0.00% (of 4 dir-threads; 0.00% per-thread avg)  msgs=0
[CPU memory  ] process=  4.99% of 80 cores   system=  5.04%   (window 2s)

----- REMOTE CPU LOAD (memory node dir-threads, 2s window) -----
  dir 0: active=  0.00%  msgs=0           0 ns/msg
  dir 1: active=  0.00%  msgs=0           0 ns/msg
  dir 2: active=  0.00%  msgs=0           0 ns/msg
  dir 3: active=  0.00%  msgs=0           0 ns/msg
  AGGREGATE active = 0.00% (of 4 dir-threads; 0.00% per-thread avg)  msgs=0
[CPU memory  ] process=  4.99% of 80 cores   system=  5.02%   (window 2s)

----- REMOTE CPU LOAD (memory node dir-threads, 2s window) -----
  dir 0: active=  0.00%  msgs=0           0 ns/msg
  dir 1: active=  0.00%  msgs=0           0 ns/msg
  dir 2: active=  0.00%  msgs=0           0 ns/msg
  dir 3: active=  0.00%  msgs=0           0 ns/msg
  AGGREGATE active = 0.00% (of 4 dir-threads; 0.00% per-thread avg)  msgs=0
[CPU memory  ] process=  4.99% of 80 cores   system=  5.02%   (window 2s)

----- REMOTE CPU LOAD (memory node dir-threads, 2s window) -----
  dir 0: active=  0.00%  msgs=0           0 ns/msg
  dir 1: active=  0.00%  msgs=0           0 ns/msg
  dir 2: active=  0.00%  msgs=0           0 ns/msg
  dir 3: active=  0.00%  msgs=0           0 ns/msg
  AGGREGATE active = 0.00% (of 4 dir-threads; 0.00% per-thread avg)  msgs=0
[CPU memory  ] process=  4.99% of 80 cores   system=  5.07%   (window 2s)

----- REMOTE CPU LOAD (memory node dir-threads, 2s window) -----
  dir 0: active=  0.00%  msgs=0           0 ns/msg
  dir 1: active=  0.00%  msgs=0           0 ns/msg
  dir 2: active=  0.00%  msgs=0           0 ns/msg
  dir 3: active=  0.00%  msgs=0           0 ns/msg
  AGGREGATE active = 0.00% (of 4 dir-threads; 0.00% per-thread avg)  msgs=0
[CPU memory  ] process=  4.99% of 80 cores   system=  5.00%   (window 2s)

----- REMOTE CPU LOAD (memory node dir-threads, 2s window) -----
  dir 0: active=  0.00%  msgs=0           0 ns/msg
  dir 1: active=  0.00%  msgs=0           0 ns/msg
  dir 2: active=  0.00%  msgs=0           0 ns/msg
  dir 3: active=  0.00%  msgs=0           0 ns/msg
  AGGREGATE active = 0.00% (of 4 dir-threads; 0.00% per-thread avg)  msgs=0
[CPU memory  ] process=  4.99% of 80 cores   system=  5.05%   (window 2s)

----- REMOTE CPU LOAD (memory node dir-threads, 2s window) -----
  dir 0: active=  0.00%  msgs=0           0 ns/msg
  dir 1: active=  0.00%  msgs=0           0 ns/msg
  dir 2: active=  0.00%  msgs=0           0 ns/msg
  dir 3: active=  0.00%  msgs=0           0 ns/msg
  AGGREGATE active = 0.00% (of 4 dir-threads; 0.00% per-thread avg)  msgs=0
[CPU memory  ] process=  4.99% of 80 cores   system=  5.02%   (window 2s)

----- REMOTE CPU LOAD (memory node dir-threads, 2s window) -----
  dir 0: active=  0.00%  msgs=0           0 ns/msg
  dir 1: active=  0.00%  msgs=0           0 ns/msg
  dir 2: active=  0.00%  msgs=0           0 ns/msg
  dir 3: active=  0.00%  msgs=0           0 ns/msg
  AGGREGATE active = 0.00% (of 4 dir-threads; 0.00% per-thread avg)  msgs=0
[CPU memory  ] process=  4.99% of 80 cores   system=  5.01%   (window 2s)

----- REMOTE CPU LOAD (memory node dir-threads, 2s window) -----
  dir 0: active=  0.00%  msgs=0           0 ns/msg
  dir 1: active=  0.00%  msgs=0           0 ns/msg
  dir 2: active=  0.00%  msgs=0           0 ns/msg
  dir 3: active=  0.00%  msgs=0           0 ns/msg
  AGGREGATE active = 0.00% (of 4 dir-threads; 0.00% per-thread avg)  msgs=0
[CPU memory  ] process=  4.99% of 80 cores   system=  5.04%   (window 2s)

----- REMOTE CPU LOAD (memory node dir-threads, 2s window) -----
  dir 0: active=  0.00%  msgs=0           0 ns/msg
  dir 1: active=  0.00%  msgs=0           0 ns/msg
  dir 2: active=  0.00%  msgs=0           0 ns/msg
  dir 3: active=  0.00%  msgs=0           0 ns/msg
  AGGREGATE active = 0.00% (of 4 dir-threads; 0.00% per-thread avg)  msgs=0
[CPU memory  ] process=  4.99% of 80 cores   system=  5.03%   (window 2s)

----- REMOTE CPU LOAD (memory node dir-threads, 2s window) -----
  dir 0: active=  0.00%  msgs=1           905 ns/msg
  dir 1: active=  0.00%  msgs=1           2551 ns/msg
  dir 2: active=  0.00%  msgs=1           2063 ns/msg
  dir 3: active=  0.00%  msgs=1           1784 ns/msg
  AGGREGATE active = 0.00% (of 4 dir-threads; 0.00% per-thread avg)  msgs=4
[CPU memory  ] process=  4.99% of 80 cores   system=  5.04%   (window 2s)

----- REMOTE CPU LOAD (memory node dir-threads, 2s window) -----
  dir 0: active=  0.00%  msgs=1           346 ns/msg
  dir 1: active=  0.00%  msgs=1           758 ns/msg
  dir 2: active=  0.00%  msgs=1           333 ns/msg
  dir 3: active=  0.00%  msgs=1           853 ns/msg
  AGGREGATE active = 0.00% (of 4 dir-threads; 0.00% per-thread avg)  msgs=4
[CPU memory  ] process=  4.99% of 80 cores   system=  5.02%   (window 2s)

----- REMOTE CPU LOAD (memory node dir-threads, 2s window) -----
  dir 0: active=  0.00%  msgs=1           253 ns/msg
  dir 1: active=  0.00%  msgs=1           548 ns/msg
  dir 2: active=  0.00%  msgs=1           238 ns/msg
  dir 3: active=  0.00%  msgs=1           780 ns/msg
  AGGREGATE active = 0.00% (of 4 dir-threads; 0.00% per-thread avg)  msgs=4
[CPU memory  ] process=  4.99% of 80 cores   system=  5.03%   (window 2s)

----- REMOTE CPU LOAD (memory node dir-threads, 2s window) -----
  dir 0: active=  0.00%  msgs=1           326 ns/msg
  dir 1: active=  0.00%  msgs=2           790 ns/msg
  dir 2: active=  0.00%  msgs=1           201 ns/msg
  dir 3: active=  0.00%  msgs=1           410 ns/msg
  AGGREGATE active = 0.00% (of 4 dir-threads; 0.00% per-thread avg)  msgs=5
[CPU memory  ] process=  4.99% of 80 cores   system=  5.04%   (window 2s)

----- REMOTE CPU LOAD (memory node dir-threads, 2s window) -----
  dir 0: active=  0.00%  msgs=1           321 ns/msg
  dir 1: active=  0.00%  msgs=1           750 ns/msg
  dir 2: active=  0.00%  msgs=1           419 ns/msg
  dir 3: active=  0.00%  msgs=1           901 ns/msg
  AGGREGATE active = 0.00% (of 4 dir-threads; 0.00% per-thread avg)  msgs=4
[CPU memory  ] process=  4.99% of 80 cores   system=  5.04%   (window 2s)

----- REMOTE CPU LOAD (memory node dir-threads, 2s window) -----
  dir 0: active=  0.00%  msgs=1           495 ns/msg
  dir 1: active=  0.00%  msgs=1           584 ns/msg
  dir 2: active=  0.00%  msgs=1           419 ns/msg
  dir 3: active=  0.00%  msgs=1           482 ns/msg
  AGGREGATE active = 0.00% (of 4 dir-threads; 0.00% per-thread avg)  msgs=4
[CPU memory  ] process=  4.99% of 80 cores   system=  5.04%   (window 2s)

----- REMOTE CPU LOAD (memory node dir-threads, 2s window) -----
  dir 0: active=  0.00%  msgs=1           466 ns/msg
  dir 1: active=  0.00%  msgs=1           796 ns/msg
  dir 2: active=  0.00%  msgs=1           388 ns/msg
  dir 3: active=  0.00%  msgs=1           999 ns/msg
  AGGREGATE active = 0.00% (of 4 dir-threads; 0.00% per-thread avg)  msgs=4
[CPU memory  ] process=  4.99% of 80 cores   system=  5.02%   (window 2s)

----- REMOTE CPU LOAD (memory node dir-threads, 2s window) -----
  dir 0: active=  0.00%  msgs=1           495 ns/msg
  dir 1: active=  0.00%  msgs=1           548 ns/msg
  dir 2: active=  0.00%  msgs=2           408 ns/msg
  dir 3: active=  0.00%  msgs=1           537 ns/msg
  AGGREGATE active = 0.00% (of 4 dir-threads; 0.00% per-thread avg)  msgs=5
[CPU memory  ] process=  4.99% of 80 cores   system=  5.02%   (window 2s)

----- REMOTE CPU LOAD (memory node dir-threads, 2s window) -----
  dir 0: active=  0.00%  msgs=1           438 ns/msg
  dir 1: active=  0.00%  msgs=1           868 ns/msg
  dir 2: active=  0.00%  msgs=1           435 ns/msg
  dir 3: active=  0.00%  msgs=1           735 ns/msg
  AGGREGATE active = 0.00% (of 4 dir-threads; 0.00% per-thread avg)  msgs=4
[CPU memory  ] process=  4.99% of 80 cores   system=  5.06%   (window 2s)

----- REMOTE CPU LOAD (memory node dir-threads, 2s window) -----
  dir 0: active=  0.00%  msgs=1           437 ns/msg
  dir 1: active=  0.00%  msgs=1           604 ns/msg
  dir 2: active=  0.00%  msgs=1           304 ns/msg
  dir 3: active=  0.00%  msgs=1           592 ns/msg
  AGGREGATE active = 0.00% (of 4 dir-threads; 0.00% per-thread avg)  msgs=4
[CPU memory  ] process=  4.99% of 80 cores   system=  5.01%   (window 2s)

----- REMOTE CPU LOAD (memory node dir-threads, 2s window) -----
  dir 0: active=  0.00%  msgs=1           454 ns/msg
  dir 1: active=  0.00%  msgs=1           797 ns/msg
  dir 2: active=  0.00%  msgs=1           408 ns/msg
  dir 3: active=  0.00%  msgs=1           512 ns/msg
  AGGREGATE active = 0.00% (of 4 dir-threads; 0.00% per-thread avg)  msgs=4
[CPU memory  ] process=  4.99% of 80 cores   system=  5.07%   (window 2s)

----- REMOTE CPU LOAD (memory node dir-threads, 2s window) -----
  dir 0: active=  0.00%  msgs=1           365 ns/msg
  dir 1: active=  0.00%  msgs=1           651 ns/msg
  dir 2: active=  0.00%  msgs=1           340 ns/msg
  dir 3: active=  0.00%  msgs=1           855 ns/msg
  AGGREGATE active = 0.00% (of 4 dir-threads; 0.00% per-thread avg)  msgs=4
[CPU memory  ] process=  4.99% of 80 cores   system=  5.03%   (window 2s)

----- REMOTE CPU LOAD (memory node dir-threads, 2s window) -----
  dir 0: active=  0.00%  msgs=1           311 ns/msg
  dir 1: active=  0.00%  msgs=1           763 ns/msg
  dir 2: active=  0.00%  msgs=1           452 ns/msg
  dir 3: active=  0.00%  msgs=2           630 ns/msg
  AGGREGATE active = 0.00% (of 4 dir-threads; 0.00% per-thread avg)  msgs=5
[CPU memory  ] process=  4.99% of 80 cores   system=  5.02%   (window 2s)

----- REMOTE CPU LOAD (memory node dir-threads, 2s window) -----
  dir 0: active=  0.00%  msgs=1           387 ns/msg
  dir 1: active=  0.00%  msgs=1           830 ns/msg
  dir 2: active=  0.00%  msgs=1           303 ns/msg
  dir 3: active=  0.00%  msgs=1           450 ns/msg
  AGGREGATE active = 0.00% (of 4 dir-threads; 0.00% per-thread avg)  msgs=4
[CPU memory  ] process=  4.99% of 80 cores   system=  5.04%   (window 2s)

----- REMOTE CPU LOAD (memory node dir-threads, 2s window) -----
  dir 0: active=  0.00%  msgs=1           505 ns/msg
  dir 1: active=  0.00%  msgs=1           638 ns/msg
  dir 2: active=  0.00%  msgs=1           421 ns/msg
  dir 3: active=  0.00%  msgs=1           676 ns/msg
  AGGREGATE active = 0.00% (of 4 dir-threads; 0.00% per-thread avg)  msgs=4
[CPU memory  ] process=  4.99% of 80 cores   system=  5.02%   (window 2s)

----- REMOTE CPU LOAD (memory node dir-threads, 2s window) -----
  dir 0: active=  0.00%  msgs=1           282 ns/msg
  dir 1: active=  0.00%  msgs=1           619 ns/msg
  dir 2: active=  0.00%  msgs=1           347 ns/msg
  dir 3: active=  0.00%  msgs=1           602 ns/msg
  AGGREGATE active = 0.00% (of 4 dir-threads; 0.00% per-thread avg)  msgs=4
[CPU memory  ] process=  4.99% of 80 cores   system=  5.06%   (window 2s)

----- REMOTE CPU LOAD (memory node dir-threads, 2s window) -----
  dir 0: active=  0.00%  msgs=2           396 ns/msg
  dir 1: active=  0.00%  msgs=1           644 ns/msg
  dir 2: active=  0.00%  msgs=1           427 ns/msg
  dir 3: active=  0.00%  msgs=1           1046 ns/msg
  AGGREGATE active = 0.00% (of 4 dir-threads; 0.00% per-thread avg)  msgs=5
[CPU memory  ] process=  4.99% of 80 cores   system=  5.02%   (window 2s)

----- REMOTE CPU LOAD (memory node dir-threads, 2s window) -----
  dir 0: active=  0.00%  msgs=1           341 ns/msg
  dir 1: active=  0.00%  msgs=1           1147 ns/msg
  dir 2: active=  0.00%  msgs=1           323 ns/msg
  dir 3: active=  0.00%  msgs=1           874 ns/msg
  AGGREGATE active = 0.00% (of 4 dir-threads; 0.00% per-thread avg)  msgs=4
[CPU memory  ] process=  4.99% of 80 cores   system=  5.03%   (window 2s)

----- REMOTE CPU LOAD (memory node dir-threads, 2s window) -----
  dir 0: active=  0.00%  msgs=1           335 ns/msg
  dir 1: active=  0.00%  msgs=1           745 ns/msg
  dir 2: active=  0.00%  msgs=1           763 ns/msg
  dir 3: active=  0.00%  msgs=1           819 ns/msg
  AGGREGATE active = 0.00% (of 4 dir-threads; 0.00% per-thread avg)  msgs=4
[CPU memory  ] process=  4.99% of 80 cores   system=  5.04%   (window 2s)

----- REMOTE CPU LOAD (memory node dir-threads, 2s window) -----
  dir 0: active=  0.00%  msgs=1           297 ns/msg
  dir 1: active=  0.00%  msgs=1           669 ns/msg
  dir 2: active=  0.00%  msgs=1           375 ns/msg
  dir 3: active=  0.00%  msgs=1           732 ns/msg
  AGGREGATE active = 0.00% (of 4 dir-threads; 0.00% per-thread avg)  msgs=4
[CPU memory  ] process=  4.99% of 80 cores   system=  5.03%   (window 2s)

----- REMOTE CPU LOAD (memory node dir-threads, 2s window) -----
  dir 0: active=  0.00%  msgs=1           277 ns/msg
  dir 1: active=  0.00%  msgs=1           585 ns/msg
  dir 2: active=  0.00%  msgs=1           302 ns/msg
  dir 3: active=  0.00%  msgs=1           624 ns/msg
  AGGREGATE active = 0.00% (of 4 dir-threads; 0.00% per-thread avg)  msgs=4
[CPU memory  ] process=  4.99% of 80 cores   system=  5.04%   (window 2s)

----- REMOTE CPU LOAD (memory node dir-threads, 2s window) -----
  dir 0: active=  0.00%  msgs=1           376 ns/msg
  dir 1: active=  0.00%  msgs=2           662 ns/msg
  dir 2: active=  0.00%  msgs=1           380 ns/msg
  dir 3: active=  0.00%  msgs=1           620 ns/msg
  AGGREGATE active = 0.00% (of 4 dir-threads; 0.00% per-thread avg)  msgs=5
[CPU memory  ] process=  4.99% of 80 cores   system=  5.01%   (window 2s)

----- REMOTE CPU LOAD (memory node dir-threads, 2s window) -----
  dir 0: active=  0.00%  msgs=1           342 ns/msg
  dir 1: active=  0.00%  msgs=1           725 ns/msg
  dir 2: active=  0.00%  msgs=1           465 ns/msg
  dir 3: active=  0.00%  msgs=1           1294 ns/msg
  AGGREGATE active = 0.00% (of 4 dir-threads; 0.00% per-thread avg)  msgs=4
[CPU memory  ] process=  4.99% of 80 cores   system=  5.02%   (window 2s)

----- REMOTE CPU LOAD (memory node dir-threads, 2s window) -----
  dir 0: active=  0.00%  msgs=1           464 ns/msg
  dir 1: active=  0.00%  msgs=1           936 ns/msg
  dir 2: active=  0.00%  msgs=1           272 ns/msg
  dir 3: active=  0.00%  msgs=1           587 ns/msg
  AGGREGATE active = 0.00% (of 4 dir-threads; 0.00% per-thread avg)  msgs=4
[CPU memory  ] process=  4.99% of 80 cores   system=  5.04%   (window 2s)

----- REMOTE CPU LOAD (memory node dir-threads, 2s window) -----
  dir 0: active=  0.00%  msgs=1           420 ns/msg
  dir 1: active=  0.00%  msgs=1           722 ns/msg
  dir 2: active=  0.00%  msgs=1           485 ns/msg
  dir 3: active=  0.00%  msgs=1           757 ns/msg
  AGGREGATE active = 0.00% (of 4 dir-threads; 0.00% per-thread avg)  msgs=4
[CPU memory  ] process=  4.99% of 80 cores   system=  5.02%   (window 2s)

----- REMOTE CPU LOAD (memory node dir-threads, 2s window) -----
  dir 0: active=  0.00%  msgs=1           373 ns/msg
  dir 1: active=  0.00%  msgs=1           443 ns/msg
  dir 2: active=  0.00%  msgs=1           362 ns/msg
  dir 3: active=  0.00%  msgs=1           706 ns/msg
  AGGREGATE active = 0.00% (of 4 dir-threads; 0.00% per-thread avg)  msgs=4
[CPU memory  ] process=  4.99% of 80 cores   system=  5.07%   (window 2s)

----- REMOTE CPU LOAD (memory node dir-threads, 2s window) -----
  dir 0: active=  0.00%  msgs=1           432 ns/msg
  dir 1: active=  0.00%  msgs=1           794 ns/msg
  dir 2: active=  0.00%  msgs=2           464 ns/msg
  dir 3: active=  0.00%  msgs=1           600 ns/msg
  AGGREGATE active = 0.00% (of 4 dir-threads; 0.00% per-thread avg)  msgs=5
[CPU memory  ] process=  4.99% of 80 cores   system=  5.02%   (window 2s)

----- REMOTE CPU LOAD (memory node dir-threads, 2s window) -----
  dir 0: active=  0.00%  msgs=1           249 ns/msg
  dir 1: active=  0.00%  msgs=1           532 ns/msg
  dir 2: active=  0.00%  msgs=0           0 ns/msg
  dir 3: active=  0.00%  msgs=1           535 ns/msg
  AGGREGATE active = 0.00% (of 4 dir-threads; 0.00% per-thread avg)  msgs=3
[CPU memory  ] process=  4.99% of 80 cores   system=  5.01%   (window 2s)

----- REMOTE CPU LOAD (memory node dir-threads, 2s window) -----
  dir 0: active=  0.00%  msgs=0           0 ns/msg
  dir 1: active=  0.00%  msgs=0           0 ns/msg
  dir 2: active=  0.00%  msgs=0           0 ns/msg
  dir 3: active=  0.00%  msgs=0           0 ns/msg
  AGGREGATE active = 0.00% (of 4 dir-threads; 0.00% per-thread avg)  msgs=0
[CPU memory  ] process=  4.99% of 80 cores   system=  5.04%   (window 2s)

----- REMOTE CPU LOAD (memory node dir-threads, 2s window) -----
  dir 0: active=  0.00%  msgs=0           0 ns/msg
  dir 1: active=  0.00%  msgs=0           0 ns/msg
  dir 2: active=  0.00%  msgs=0           0 ns/msg
  dir 3: active=  0.00%  msgs=0           0 ns/msg
  AGGREGATE active = 0.00% (of 4 dir-threads; 0.00% per-thread avg)  msgs=0
[CPU memory  ] process=  4.99% of 80 cores   system=  5.01%   (window 2s)

----- REMOTE CPU LOAD (memory node dir-threads, 2s window) -----
  dir 0: active=  0.00%  msgs=0           0 ns/msg
  dir 1: active=  0.00%  msgs=0           0 ns/msg
  dir 2: active=  0.00%  msgs=0           0 ns/msg
  dir 3: active=  0.00%  msgs=0           0 ns/msg
  AGGREGATE active = 0.00% (of 4 dir-threads; 0.00% per-thread avg)  msgs=0
[CPU memory  ] process=  4.99% of 80 cores   system=  5.02%   (window 2s)

----- REMOTE CPU LOAD (memory node dir-threads, 2s window) -----
  dir 0: active=  4.49%  msgs=78039       1152 ns/msg
  dir 1: active=  3.05%  msgs=78038       781 ns/msg
  dir 2: active=  4.45%  msgs=78025       1140 ns/msg
  dir 3: active=  3.02%  msgs=78017       773 ns/msg
  AGGREGATE active = 15.01% (of 4 dir-threads; 3.75% per-thread avg)  msgs=312119
[CPU memory  ] process=  4.99% of 80 cores   system=  5.05%   (window 2s)

----- REMOTE CPU LOAD (memory node dir-threads, 2s window) -----
  dir 0: active= 59.86%  msgs=1050646     1140 ns/msg
  dir 1: active= 49.85%  msgs=1050647     949 ns/msg
  dir 2: active= 59.40%  msgs=1050651     1131 ns/msg
  dir 3: active= 49.44%  msgs=1050652     941 ns/msg
  AGGREGATE active = 218.55% (of 4 dir-threads; 54.64% per-thread avg)  msgs=4202596
[CPU memory  ] process=  4.99% of 80 cores   system=  5.02%   (window 2s)

----- REMOTE CPU LOAD (memory node dir-threads, 2s window) -----
  dir 0: active= 59.87%  msgs=1051390     1139 ns/msg
  dir 1: active= 53.17%  msgs=1051391     1012 ns/msg
  dir 2: active= 59.37%  msgs=1051391     1129 ns/msg
  dir 3: active= 52.72%  msgs=1051392     1003 ns/msg
  AGGREGATE active = 225.13% (of 4 dir-threads; 56.28% per-thread avg)  msgs=4205564
[CPU memory  ] process=  4.99% of 80 cores   system=  5.05%   (window 2s)

----- REMOTE CPU LOAD (memory node dir-threads, 2s window) -----
  dir 0: active= 59.76%  msgs=1050591     1138 ns/msg
  dir 1: active= 53.47%  msgs=1050590     1018 ns/msg
  dir 2: active= 59.24%  msgs=1050591     1128 ns/msg
  dir 3: active= 53.17%  msgs=1050587     1012 ns/msg
  AGGREGATE active = 225.64% (of 4 dir-threads; 56.41% per-thread avg)  msgs=4202359
[CPU memory  ] process=  4.99% of 80 cores   system=  5.02%   (window 2s)

----- REMOTE CPU LOAD (memory node dir-threads, 2s window) -----
  dir 0: active= 59.94%  msgs=1052006     1140 ns/msg
  dir 1: active= 53.50%  msgs=1052005     1017 ns/msg
  dir 2: active= 59.30%  msgs=1052010     1127 ns/msg
  dir 3: active= 53.27%  msgs=1052011     1013 ns/msg
  AGGREGATE active = 226.01% (of 4 dir-threads; 56.50% per-thread avg)  msgs=4208032
[CPU memory  ] process=  4.99% of 80 cores   system=  5.02%   (window 2s)

----- REMOTE CPU LOAD (memory node dir-threads, 2s window) -----
  dir 0: active= 59.93%  msgs=1054469     1137 ns/msg
  dir 1: active= 53.62%  msgs=1054469     1017 ns/msg
  dir 2: active= 59.39%  msgs=1054470     1127 ns/msg
  dir 3: active= 53.08%  msgs=1054468     1007 ns/msg
  AGGREGATE active = 226.02% (of 4 dir-threads; 56.51% per-thread avg)  msgs=4217876
[CPU memory  ] process=  4.99% of 80 cores   system=  5.04%   (window 2s)

----- REMOTE CPU LOAD (memory node dir-threads, 2s window) -----
  dir 0: active= 59.64%  msgs=1049553     1137 ns/msg
  dir 1: active= 53.23%  msgs=1049554     1014 ns/msg
  dir 2: active= 59.10%  msgs=1049547     1126 ns/msg
  dir 3: active= 52.69%  msgs=1049549     1004 ns/msg
  AGGREGATE active = 224.66% (of 4 dir-threads; 56.16% per-thread avg)  msgs=4198203
[CPU memory  ] process=  4.99% of 80 cores   system=  5.02%   (window 2s)

----- REMOTE CPU LOAD (memory node dir-threads, 2s window) -----
  dir 0: active= 52.67%  msgs=925708      1138 ns/msg
  dir 1: active= 46.77%  msgs=925700      1011 ns/msg
  dir 2: active= 52.11%  msgs=925694      1126 ns/msg
  dir 3: active= 46.34%  msgs=925697      1001 ns/msg
  AGGREGATE active = 197.91% (of 4 dir-threads; 49.48% per-thread avg)  msgs=3702799
[CPU memory  ] process=  4.99% of 80 cores   system=  5.11%   (window 2s)

----- REMOTE CPU LOAD (memory node dir-threads, 2s window) -----
  dir 0: active=  0.00%  msgs=0           0 ns/msg
  dir 1: active=  0.00%  msgs=0           0 ns/msg
  dir 2: active=  0.00%  msgs=0           0 ns/msg
  dir 3: active=  0.00%  msgs=0           0 ns/msg
  AGGREGATE active = 0.00% (of 4 dir-threads; 0.00% per-thread avg)  msgs=0
[CPU memory  ] process=  5.00% of 80 cores   system=  5.02%   (window 2s)
Avg. rdma read time(ms) = -nan
Avg. rdma write time(ms) = -nan
Avg. rdma read / op = -nan
Avg. rdma write / op = -nan
Avg. rdma cas / op = -nan
Avg. rdma rpc / op = -nan
Avg. all rdma / op = -nan
Avg. rdma read size/ op = -nan
Avg. rdma write size / op = -nan
Avg. rdma RW size / op = -nan
