Compute node count = 1
kNodeCount 2, kReadRatio 0, kInsertRatio 0, kUpdateRatio 0, kDeleteRatio 0, kRangeRatio 100, totalThreadCount 36, memThreadCount 4 cache_size 256, uniform_workload 1, zipfian 0.990000, bulk_load_num 50000000, warmup_num 10000000, op_num 30000000, check_correctness 0, time_based 0, early_stop 1, index 0, rpc_rate 1.000000, admission_rate 0.100000, auto_tune 0
kMaxThread = 36
KeySpace = 50001000
[GEOMETRY] inner_page=160 leaf_page=512 inner_entries=5 leaf_entries=26 slot=512 placement=mn_only
[4mshared memory size: 64GB, 0x7f40cd600000[0m
[4mcache size: 2GB[0m
[4mMachine NR: 2[0m
[4mMax_APP_THREAD: 36[0m
[4mNR_DIRECTORY: 16[0m
[4mStart Build the DSMKeeper[0m
I am servers 1 [254.127.0.0]
I connect server 0
[4mdir 0 launch! (core 79 of 80)
[0m
[4mdir 1 launch! (core 78 of 80)
[0m
[4mdir 2 launch! (core 77 of 80)
[0m
[4mdir 3 launch! (core 76 of 80)
[0m
Before barrier finish

----- REMOTE CPU LOAD (memory node dir-threads, 2s window) -----
  dir 0: active=  0.00%  msgs=1           4039 ns/msg
  dir 1: active=  0.00%  msgs=0           0 ns/msg
  dir 2: active=  0.00%  msgs=0           0 ns/msg
  dir 3: active=  0.00%  msgs=0           0 ns/msg
  AGGREGATE active = 0.00% (of 4 dir-threads; 0.00% per-thread avg)  msgs=1
[CPU memory  ] process=  4.99% of 80 cores   system=  5.05%   (window 2s)

----- REMOTE CPU LOAD (memory node dir-threads, 2s window) -----
  dir 0: active=  0.00%  msgs=0           0 ns/msg
  dir 1: active=  0.00%  msgs=0           0 ns/msg
  dir 2: active=  0.00%  msgs=0           0 ns/msg
  dir 3: active=  0.00%  msgs=0           0 ns/msg
  AGGREGATE active = 0.00% (of 4 dir-threads; 0.00% per-thread avg)  msgs=0
[CPU memory  ] process=  4.99% of 80 cores   system=  5.02%   (window 2s)

----- REMOTE CPU LOAD (memory node dir-threads, 2s window) -----
  dir 0: active=  0.00%  msgs=0           0 ns/msg
  dir 1: active=  0.00%  msgs=0           0 ns/msg
  dir 2: active=  0.00%  msgs=0           0 ns/msg
  dir 3: active=  0.00%  msgs=0           0 ns/msg
  AGGREGATE active = 0.00% (of 4 dir-threads; 0.00% per-thread avg)  msgs=0
[CPU memory  ] process=  4.99% of 80 cores   system=  5.04%   (window 2s)

----- REMOTE CPU LOAD (memory node dir-threads, 2s window) -----
  dir 0: active=  0.00%  msgs=0           0 ns/msg
  dir 1: active=  0.00%  msgs=0           0 ns/msg
  dir 2: active=  0.00%  msgs=0           0 ns/msg
  dir 3: active=  0.00%  msgs=0           0 ns/msg
  AGGREGATE active = 0.00% (of 4 dir-threads; 0.00% per-thread avg)  msgs=0
[CPU memory  ] process=  4.99% of 80 cores   system=  5.02%   (window 2s)

----- REMOTE CPU LOAD (memory node dir-threads, 2s window) -----
  dir 0: active=  0.00%  msgs=0           0 ns/msg
  dir 1: active=  0.00%  msgs=0           0 ns/msg
  dir 2: active=  0.00%  msgs=0           0 ns/msg
  dir 3: active=  0.00%  msgs=0           0 ns/msg
  AGGREGATE active = 0.00% (of 4 dir-threads; 0.00% per-thread avg)  msgs=0
[CPU memory  ] process=  4.99% of 80 cores   system=  5.05%   (window 2s)

----- REMOTE CPU LOAD (memory node dir-threads, 2s window) -----
  dir 0: active=  0.00%  msgs=0           0 ns/msg
  dir 1: active=  0.00%  msgs=0           0 ns/msg
  dir 2: active=  0.00%  msgs=0           0 ns/msg
  dir 3: active=  0.00%  msgs=0           0 ns/msg
  AGGREGATE active = 0.00% (of 4 dir-threads; 0.00% per-thread avg)  msgs=0
[CPU memory  ] process=  5.00% of 80 cores   system=  5.05%   (window 2s)

----- REMOTE CPU LOAD (memory node dir-threads, 2s window) -----
  dir 0: active=  0.00%  msgs=0           0 ns/msg
  dir 1: active=  0.00%  msgs=0           0 ns/msg
  dir 2: active=  0.00%  msgs=0           0 ns/msg
  dir 3: active=  0.00%  msgs=0           0 ns/msg
  AGGREGATE active = 0.00% (of 4 dir-threads; 0.00% per-thread avg)  msgs=0
[CPU memory  ] process=  4.99% of 80 cores   system=  5.03%   (window 2s)

----- REMOTE CPU LOAD (memory node dir-threads, 2s window) -----
  dir 0: active=  0.00%  msgs=0           0 ns/msg
  dir 1: active=  0.00%  msgs=0           0 ns/msg
  dir 2: active=  0.00%  msgs=0           0 ns/msg
  dir 3: active=  0.00%  msgs=0           0 ns/msg
  AGGREGATE active = 0.00% (of 4 dir-threads; 0.00% per-thread avg)  msgs=0
[CPU memory  ] process=  4.99% of 80 cores   system=  5.04%   (window 2s)

----- REMOTE CPU LOAD (memory node dir-threads, 2s window) -----
  dir 0: active=  0.00%  msgs=0           0 ns/msg
  dir 1: active=  0.00%  msgs=0           0 ns/msg
  dir 2: active=  0.00%  msgs=0           0 ns/msg
  dir 3: active=  0.00%  msgs=0           0 ns/msg
  AGGREGATE active = 0.00% (of 4 dir-threads; 0.00% per-thread avg)  msgs=0
[CPU memory  ] process=  4.99% of 80 cores   system=  5.04%   (window 2s)

----- REMOTE CPU LOAD (memory node dir-threads, 2s window) -----
  dir 0: active=  0.00%  msgs=0           0 ns/msg
  dir 1: active=  0.00%  msgs=0           0 ns/msg
  dir 2: active=  0.00%  msgs=0           0 ns/msg
  dir 3: active=  0.00%  msgs=0           0 ns/msg
  AGGREGATE active = 0.00% (of 4 dir-threads; 0.00% per-thread avg)  msgs=0
[CPU memory  ] process=  4.99% of 80 cores   system=  5.02%   (window 2s)

----- REMOTE CPU LOAD (memory node dir-threads, 2s window) -----
  dir 0: active=  0.00%  msgs=0           0 ns/msg
  dir 1: active=  0.00%  msgs=0           0 ns/msg
  dir 2: active=  0.00%  msgs=0           0 ns/msg
  dir 3: active=  0.00%  msgs=0           0 ns/msg
  AGGREGATE active = 0.00% (of 4 dir-threads; 0.00% per-thread avg)  msgs=0
[CPU memory  ] process=  4.99% of 80 cores   system=  5.07%   (window 2s)

----- REMOTE CPU LOAD (memory node dir-threads, 2s window) -----
  dir 0: active=  0.00%  msgs=1           737 ns/msg
  dir 1: active=  0.00%  msgs=1           2660 ns/msg
  dir 2: active=  0.00%  msgs=1           2398 ns/msg
  dir 3: active=  0.00%  msgs=1           2839 ns/msg
  AGGREGATE active = 0.00% (of 4 dir-threads; 0.00% per-thread avg)  msgs=4
[CPU memory  ] process=  4.99% of 80 cores   system=  5.03%   (window 2s)

----- REMOTE CPU LOAD (memory node dir-threads, 2s window) -----
  dir 0: active=  0.00%  msgs=1           327 ns/msg
  dir 1: active=  0.00%  msgs=2           988 ns/msg
  dir 2: active=  0.00%  msgs=2           218 ns/msg
  dir 3: active=  0.00%  msgs=1           620 ns/msg
  AGGREGATE active = 0.00% (of 4 dir-threads; 0.00% per-thread avg)  msgs=6
[CPU memory  ] process=  4.99% of 80 cores   system=  5.04%   (window 2s)

----- REMOTE CPU LOAD (memory node dir-threads, 2s window) -----
  dir 0: active=  0.00%  msgs=1           307 ns/msg
  dir 1: active=  0.00%  msgs=1           891 ns/msg
  dir 2: active=  0.00%  msgs=1           328 ns/msg
  dir 3: active=  0.00%  msgs=1           455 ns/msg
  AGGREGATE active = 0.00% (of 4 dir-threads; 0.00% per-thread avg)  msgs=4
[CPU memory  ] process=  4.99% of 80 cores   system=  5.05%   (window 2s)

----- REMOTE CPU LOAD (memory node dir-threads, 2s window) -----
  dir 0: active=  0.00%  msgs=1           334 ns/msg
  dir 1: active=  0.00%  msgs=1           1435 ns/msg
  dir 2: active=  0.00%  msgs=1           281 ns/msg
  dir 3: active=  0.00%  msgs=1           838 ns/msg
  AGGREGATE active = 0.00% (of 4 dir-threads; 0.00% per-thread avg)  msgs=4
[CPU memory  ] process=  4.99% of 80 cores   system=  5.04%   (window 2s)

----- REMOTE CPU LOAD (memory node dir-threads, 2s window) -----
  dir 0: active=  0.00%  msgs=1           238 ns/msg
  dir 1: active=  0.00%  msgs=1           804 ns/msg
  dir 2: active=  0.00%  msgs=1           450 ns/msg
  dir 3: active=  0.00%  msgs=1           867 ns/msg
  AGGREGATE active = 0.00% (of 4 dir-threads; 0.00% per-thread avg)  msgs=4
[CPU memory  ] process=  4.99% of 80 cores   system=  5.04%   (window 2s)

----- REMOTE CPU LOAD (memory node dir-threads, 2s window) -----
  dir 0: active=  0.00%  msgs=1           517 ns/msg
  dir 1: active=  0.00%  msgs=1           453 ns/msg
  dir 2: active=  0.00%  msgs=1           335 ns/msg
  dir 3: active=  0.00%  msgs=1           613 ns/msg
  AGGREGATE active = 0.00% (of 4 dir-threads; 0.00% per-thread avg)  msgs=4
[CPU memory  ] process=  5.00% of 80 cores   system=  5.05%   (window 2s)

----- REMOTE CPU LOAD (memory node dir-threads, 2s window) -----
  dir 0: active=  0.00%  msgs=1           419 ns/msg
  dir 1: active=  0.00%  msgs=1           1240 ns/msg
  dir 2: active=  0.00%  msgs=1           471 ns/msg
  dir 3: active=  0.00%  msgs=1           441 ns/msg
  AGGREGATE active = 0.00% (of 4 dir-threads; 0.00% per-thread avg)  msgs=4
[CPU memory  ] process=  4.99% of 80 cores   system=  5.02%   (window 2s)

----- REMOTE CPU LOAD (memory node dir-threads, 2s window) -----
  dir 0: active=  0.00%  msgs=1           280 ns/msg
  dir 1: active=  0.00%  msgs=1           646 ns/msg
  dir 2: active=  0.00%  msgs=1           301 ns/msg
  dir 3: active=  0.00%  msgs=1           529 ns/msg
  AGGREGATE active = 0.00% (of 4 dir-threads; 0.00% per-thread avg)  msgs=4
[CPU memory  ] process=  4.99% of 80 cores   system=  5.04%   (window 2s)

----- REMOTE CPU LOAD (memory node dir-threads, 2s window) -----
  dir 0: active=  0.00%  msgs=1           333 ns/msg
  dir 1: active=  0.00%  msgs=1           653 ns/msg
  dir 2: active=  0.00%  msgs=1           318 ns/msg
  dir 3: active=  0.00%  msgs=1           416 ns/msg
  AGGREGATE active = 0.00% (of 4 dir-threads; 0.00% per-thread avg)  msgs=4
[CPU memory  ] process=  4.99% of 80 cores   system=  5.02%   (window 2s)

----- REMOTE CPU LOAD (memory node dir-threads, 2s window) -----
  dir 0: active=  0.00%  msgs=1           391 ns/msg
  dir 1: active=  0.00%  msgs=1           556 ns/msg
  dir 2: active=  0.00%  msgs=1           302 ns/msg
  dir 3: active=  0.00%  msgs=1           591 ns/msg
  AGGREGATE active = 0.00% (of 4 dir-threads; 0.00% per-thread avg)  msgs=4
[CPU memory  ] process=  4.99% of 80 cores   system=  5.05%   (window 2s)

----- REMOTE CPU LOAD (memory node dir-threads, 2s window) -----
  dir 0: active=  0.00%  msgs=1           397 ns/msg
  dir 1: active=  0.00%  msgs=1           886 ns/msg
  dir 2: active=  0.00%  msgs=1           435 ns/msg
  dir 3: active=  0.00%  msgs=1           461 ns/msg
  AGGREGATE active = 0.00% (of 4 dir-threads; 0.00% per-thread avg)  msgs=4
[CPU memory  ] process=  4.99% of 80 cores   system=  5.03%   (window 2s)

----- REMOTE CPU LOAD (memory node dir-threads, 2s window) -----
  dir 0: active=  0.00%  msgs=1           304 ns/msg
  dir 1: active=  0.00%  msgs=1           580 ns/msg
  dir 2: active=  0.00%  msgs=1           314 ns/msg
  dir 3: active=  0.00%  msgs=1           586 ns/msg
  AGGREGATE active = 0.00% (of 4 dir-threads; 0.00% per-thread avg)  msgs=4
[CPU memory  ] process=  4.99% of 80 cores   system=  5.06%   (window 2s)

----- REMOTE CPU LOAD (memory node dir-threads, 2s window) -----
  dir 0: active=  0.00%  msgs=1           225 ns/msg
  dir 1: active=  0.00%  msgs=1           1249 ns/msg
  dir 2: active=  0.00%  msgs=1           309 ns/msg
  dir 3: active=  0.00%  msgs=1           375 ns/msg
  AGGREGATE active = 0.00% (of 4 dir-threads; 0.00% per-thread avg)  msgs=4
[CPU memory  ] process=  4.99% of 80 cores   system=  5.05%   (window 2s)

----- REMOTE CPU LOAD (memory node dir-threads, 2s window) -----
  dir 0: active=  0.00%  msgs=1           397 ns/msg
  dir 1: active=  0.00%  msgs=1           688 ns/msg
  dir 2: active=  0.00%  msgs=1           291 ns/msg
  dir 3: active=  0.00%  msgs=1           635 ns/msg
  AGGREGATE active = 0.00% (of 4 dir-threads; 0.00% per-thread avg)  msgs=4
[CPU memory  ] process=  4.99% of 80 cores   system=  5.02%   (window 2s)

----- REMOTE CPU LOAD (memory node dir-threads, 2s window) -----
  dir 0: active=  0.00%  msgs=1           514 ns/msg
  dir 1: active=  0.00%  msgs=1           986 ns/msg
  dir 2: active=  0.00%  msgs=1           443 ns/msg
  dir 3: active=  0.00%  msgs=1           417 ns/msg
  AGGREGATE active = 0.00% (of 4 dir-threads; 0.00% per-thread avg)  msgs=4
[CPU memory  ] process=  4.99% of 80 cores   system=  5.05%   (window 2s)

----- REMOTE CPU LOAD (memory node dir-threads, 2s window) -----
  dir 0: active=  0.00%  msgs=1           380 ns/msg
  dir 1: active=  0.00%  msgs=1           854 ns/msg
  dir 2: active=  0.00%  msgs=1           337 ns/msg
  dir 3: active=  0.00%  msgs=1           634 ns/msg
  AGGREGATE active = 0.00% (of 4 dir-threads; 0.00% per-thread avg)  msgs=4
[CPU memory  ] process=  4.99% of 80 cores   system=  5.02%   (window 2s)

----- REMOTE CPU LOAD (memory node dir-threads, 2s window) -----
  dir 0: active=  0.00%  msgs=1           378 ns/msg
  dir 1: active=  0.00%  msgs=1           730 ns/msg
  dir 2: active=  0.00%  msgs=1           305 ns/msg
  dir 3: active=  0.00%  msgs=1           419 ns/msg
  AGGREGATE active = 0.00% (of 4 dir-threads; 0.00% per-thread avg)  msgs=4
[CPU memory  ] process=  4.99% of 80 cores   system=  5.03%   (window 2s)

----- REMOTE CPU LOAD (memory node dir-threads, 2s window) -----
  dir 0: active=  0.00%  msgs=1           371 ns/msg
  dir 1: active=  0.00%  msgs=1           712 ns/msg
  dir 2: active=  0.00%  msgs=0           0 ns/msg
  dir 3: active=  0.00%  msgs=1           674 ns/msg
  AGGREGATE active = 0.00% (of 4 dir-threads; 0.00% per-thread avg)  msgs=3
[CPU memory  ] process=  4.99% of 80 cores   system=  5.07%   (window 2s)

----- REMOTE CPU LOAD (memory node dir-threads, 2s window) -----
  dir 0: active=  0.00%  msgs=1           258 ns/msg
  dir 1: active=  0.00%  msgs=1           715 ns/msg
  dir 2: active=  0.00%  msgs=1           253 ns/msg
  dir 3: active=  0.00%  msgs=1           486 ns/msg
  AGGREGATE active = 0.00% (of 4 dir-threads; 0.00% per-thread avg)  msgs=4
[CPU memory  ] process=  4.99% of 80 cores   system=  5.03%   (window 2s)

----- REMOTE CPU LOAD (memory node dir-threads, 2s window) -----
  dir 0: active=  0.00%  msgs=1           443 ns/msg
  dir 1: active=  0.00%  msgs=1           696 ns/msg
  dir 2: active=  0.00%  msgs=1           402 ns/msg
  dir 3: active=  0.00%  msgs=1           1087 ns/msg
  AGGREGATE active = 0.00% (of 4 dir-threads; 0.00% per-thread avg)  msgs=4
[CPU memory  ] process=  4.99% of 80 cores   system=  5.05%   (window 2s)

----- REMOTE CPU LOAD (memory node dir-threads, 2s window) -----
  dir 0: active=  0.00%  msgs=1           427 ns/msg
  dir 1: active=  0.00%  msgs=1           658 ns/msg
  dir 2: active=  0.00%  msgs=1           479 ns/msg
  dir 3: active=  0.00%  msgs=1           527 ns/msg
  AGGREGATE active = 0.00% (of 4 dir-threads; 0.00% per-thread avg)  msgs=4
[CPU memory  ] process=  4.99% of 80 cores   system=  5.02%   (window 2s)

----- REMOTE CPU LOAD (memory node dir-threads, 2s window) -----
  dir 0: active=  0.00%  msgs=1           373 ns/msg
  dir 1: active=  0.00%  msgs=1           594 ns/msg
  dir 2: active=  0.00%  msgs=1           306 ns/msg
  dir 3: active=  0.00%  msgs=1           657 ns/msg
  AGGREGATE active = 0.00% (of 4 dir-threads; 0.00% per-thread avg)  msgs=4
[CPU memory  ] process=  4.99% of 80 cores   system=  5.03%   (window 2s)

----- REMOTE CPU LOAD (memory node dir-threads, 2s window) -----
  dir 0: active=  0.00%  msgs=1           353 ns/msg
  dir 1: active=  0.00%  msgs=1           815 ns/msg
  dir 2: active=  0.00%  msgs=1           369 ns/msg
  dir 3: active=  0.00%  msgs=1           490 ns/msg
  AGGREGATE active = 0.00% (of 4 dir-threads; 0.00% per-thread avg)  msgs=4
[CPU memory  ] process=  4.99% of 80 cores   system=  5.04%   (window 2s)

----- REMOTE CPU LOAD (memory node dir-threads, 2s window) -----
  dir 0: active=  0.00%  msgs=1           373 ns/msg
  dir 1: active=  0.00%  msgs=1           1291 ns/msg
  dir 2: active=  0.00%  msgs=1           436 ns/msg
  dir 3: active=  0.00%  msgs=1           674 ns/msg
  AGGREGATE active = 0.00% (of 4 dir-threads; 0.00% per-thread avg)  msgs=4
[CPU memory  ] process=  4.99% of 80 cores   system=  5.05%   (window 2s)

----- REMOTE CPU LOAD (memory node dir-threads, 2s window) -----
  dir 0: active=  0.00%  msgs=1           199 ns/msg
  dir 1: active=  0.00%  msgs=1           745 ns/msg
  dir 2: active=  0.00%  msgs=1           300 ns/msg
  dir 3: active=  0.00%  msgs=1           289 ns/msg
  AGGREGATE active = 0.00% (of 4 dir-threads; 0.00% per-thread avg)  msgs=4
[CPU memory  ] process=  4.99% of 80 cores   system=  5.09%   (window 2s)

----- REMOTE CPU LOAD (memory node dir-threads, 2s window) -----
  dir 0: active=  0.00%  msgs=1           429 ns/msg
  dir 1: active=  0.00%  msgs=1           1670 ns/msg
  dir 2: active=  0.00%  msgs=1           315 ns/msg
  dir 3: active=  0.00%  msgs=1           1002 ns/msg
  AGGREGATE active = 0.00% (of 4 dir-threads; 0.00% per-thread avg)  msgs=4
[CPU memory  ] process=  4.99% of 80 cores   system=  5.02%   (window 2s)

----- REMOTE CPU LOAD (memory node dir-threads, 2s window) -----
  dir 0: active=  0.00%  msgs=1           348 ns/msg
  dir 1: active=  0.00%  msgs=1           690 ns/msg
  dir 2: active=  0.00%  msgs=1           340 ns/msg
  dir 3: active=  0.00%  msgs=1           646 ns/msg
  AGGREGATE active = 0.00% (of 4 dir-threads; 0.00% per-thread avg)  msgs=4
[CPU memory  ] process=  4.99% of 80 cores   system=  5.04%   (window 2s)

----- REMOTE CPU LOAD (memory node dir-threads, 2s window) -----
  dir 0: active=  0.00%  msgs=1           382 ns/msg
  dir 1: active=  0.00%  msgs=1           910 ns/msg
  dir 2: active=  0.00%  msgs=1           429 ns/msg
  dir 3: active=  0.00%  msgs=1           644 ns/msg
  AGGREGATE active = 0.00% (of 4 dir-threads; 0.00% per-thread avg)  msgs=4
[CPU memory  ] process=  4.99% of 80 cores   system=  5.05%   (window 2s)

----- REMOTE CPU LOAD (memory node dir-threads, 2s window) -----
  dir 0: active=  0.00%  msgs=1           335 ns/msg
  dir 1: active=  0.00%  msgs=1           1180 ns/msg
  dir 2: active=  0.00%  msgs=1           337 ns/msg
  dir 3: active=  0.00%  msgs=1           635 ns/msg
  AGGREGATE active = 0.00% (of 4 dir-threads; 0.00% per-thread avg)  msgs=4
[CPU memory  ] process=  4.99% of 80 cores   system=  5.05%   (window 2s)

----- REMOTE CPU LOAD (memory node dir-threads, 2s window) -----
  dir 0: active=  0.00%  msgs=0           0 ns/msg
  dir 1: active=  0.00%  msgs=0           0 ns/msg
  dir 2: active=  0.00%  msgs=0           0 ns/msg
  dir 3: active=  0.00%  msgs=0           0 ns/msg
  AGGREGATE active = 0.00% (of 4 dir-threads; 0.00% per-thread avg)  msgs=0
[CPU memory  ] process=  4.99% of 80 cores   system=  5.05%   (window 2s)

----- REMOTE CPU LOAD (memory node dir-threads, 2s window) -----
  dir 0: active=  0.00%  msgs=0           0 ns/msg
  dir 1: active=  0.00%  msgs=0           0 ns/msg
  dir 2: active=  0.00%  msgs=0           0 ns/msg
  dir 3: active=  0.00%  msgs=0           0 ns/msg
  AGGREGATE active = 0.00% (of 4 dir-threads; 0.00% per-thread avg)  msgs=0
[CPU memory  ] process=  4.99% of 80 cores   system=  5.02%   (window 2s)

----- REMOTE CPU LOAD (memory node dir-threads, 2s window) -----
  dir 0: active=  0.00%  msgs=0           0 ns/msg
  dir 1: active=  0.00%  msgs=0           0 ns/msg
  dir 2: active=  0.00%  msgs=0           0 ns/msg
  dir 3: active=  0.00%  msgs=0           0 ns/msg
  AGGREGATE active = 0.00% (of 4 dir-threads; 0.00% per-thread avg)  msgs=0
[CPU memory  ] process=  4.99% of 80 cores   system=  5.04%   (window 2s)

----- REMOTE CPU LOAD (memory node dir-threads, 2s window) -----
  dir 0: active=  0.00%  msgs=0           0 ns/msg
  dir 1: active=  0.00%  msgs=0           0 ns/msg
  dir 2: active=  0.00%  msgs=0           0 ns/msg
  dir 3: active=  0.00%  msgs=0           0 ns/msg
  AGGREGATE active = 0.00% (of 4 dir-threads; 0.00% per-thread avg)  msgs=0
[CPU memory  ] process=  4.99% of 80 cores   system=  5.04%   (window 2s)

----- REMOTE CPU LOAD (memory node dir-threads, 2s window) -----
  dir 0: active=  0.00%  msgs=0           0 ns/msg
  dir 1: active=  0.00%  msgs=0           0 ns/msg
  dir 2: active=  0.00%  msgs=0           0 ns/msg
  dir 3: active=  0.00%  msgs=0           0 ns/msg
  AGGREGATE active = 0.00% (of 4 dir-threads; 0.00% per-thread avg)  msgs=0
[CPU memory  ] process=  5.00% of 80 cores   system=  5.03%   (window 2s)

----- REMOTE CPU LOAD (memory node dir-threads, 2s window) -----
  dir 0: active=  0.00%  msgs=0           0 ns/msg
  dir 1: active=  0.00%  msgs=0           0 ns/msg
  dir 2: active=  0.00%  msgs=0           0 ns/msg
  dir 3: active=  0.00%  msgs=0           0 ns/msg
  AGGREGATE active = 0.00% (of 4 dir-threads; 0.00% per-thread avg)  msgs=0
[CPU memory  ] process=  4.99% of 80 cores   system=  5.07%   (window 2s)

----- REMOTE CPU LOAD (memory node dir-threads, 2s window) -----
  dir 0: active=  0.00%  msgs=0           0 ns/msg
  dir 1: active=  0.00%  msgs=0           0 ns/msg
  dir 2: active=  0.00%  msgs=0           0 ns/msg
  dir 3: active=  0.00%  msgs=0           0 ns/msg
  AGGREGATE active = 0.00% (of 4 dir-threads; 0.00% per-thread avg)  msgs=0
[CPU memory  ] process=  4.99% of 80 cores   system=  5.02%   (window 2s)

----- REMOTE CPU LOAD (memory node dir-threads, 2s window) -----
  dir 0: active=  0.00%  msgs=0           0 ns/msg
  dir 1: active=  0.00%  msgs=0           0 ns/msg
  dir 2: active=  0.00%  msgs=0           0 ns/msg
  dir 3: active=  0.00%  msgs=0           0 ns/msg
  AGGREGATE active = 0.00% (of 4 dir-threads; 0.00% per-thread avg)  msgs=0
[CPU memory  ] process=  4.99% of 80 cores   system=  5.03%   (window 2s)

----- REMOTE CPU LOAD (memory node dir-threads, 2s window) -----
  dir 0: active=  0.00%  msgs=0           0 ns/msg
  dir 1: active=  0.00%  msgs=0           0 ns/msg
  dir 2: active=  0.00%  msgs=0           0 ns/msg
  dir 3: active=  0.00%  msgs=0           0 ns/msg
  AGGREGATE active = 0.00% (of 4 dir-threads; 0.00% per-thread avg)  msgs=0
[CPU memory  ] process=  4.99% of 80 cores   system=  5.05%   (window 2s)

----- REMOTE CPU LOAD (memory node dir-threads, 2s window) -----
  dir 0: active=  0.00%  msgs=0           0 ns/msg
  dir 1: active=  0.00%  msgs=0           0 ns/msg
  dir 2: active=  0.00%  msgs=0           0 ns/msg
  dir 3: active=  0.00%  msgs=0           0 ns/msg
  AGGREGATE active = 0.00% (of 4 dir-threads; 0.00% per-thread avg)  msgs=0
[CPU memory  ] process=  4.99% of 80 cores   system=  5.02%   (window 2s)

----- REMOTE CPU LOAD (memory node dir-threads, 2s window) -----
  dir 0: active= 24.86%  msgs=299326      1661 ns/msg
  dir 1: active= 20.36%  msgs=299326      1361 ns/msg
  dir 2: active= 24.45%  msgs=299315      1634 ns/msg
  dir 3: active= 20.45%  msgs=299308      1367 ns/msg
  AGGREGATE active = 90.12% (of 4 dir-threads; 22.53% per-thread avg)  msgs=1197275
[CPU memory  ] process=  4.99% of 80 cores   system=  5.07%   (window 2s)

----- REMOTE CPU LOAD (memory node dir-threads, 2s window) -----
  dir 0: active= 53.30%  msgs=640825      1664 ns/msg
  dir 1: active= 47.20%  msgs=640823      1473 ns/msg
  dir 2: active= 52.46%  msgs=640828      1637 ns/msg
  dir 3: active= 47.37%  msgs=640828      1479 ns/msg
  AGGREGATE active = 200.33% (of 4 dir-threads; 50.08% per-thread avg)  msgs=2563304
[CPU memory  ] process=  4.99% of 80 cores   system=  5.03%   (window 2s)

----- REMOTE CPU LOAD (memory node dir-threads, 2s window) -----
  dir 0: active= 53.50%  msgs=643173      1664 ns/msg
  dir 1: active= 47.35%  msgs=643173      1472 ns/msg
  dir 2: active= 52.64%  msgs=643174      1637 ns/msg
  dir 3: active= 47.46%  msgs=643171      1476 ns/msg
  AGGREGATE active = 200.95% (of 4 dir-threads; 50.24% per-thread avg)  msgs=2572691
[CPU memory  ] process=  5.00% of 80 cores   system=  5.05%   (window 2s)

----- REMOTE CPU LOAD (memory node dir-threads, 2s window) -----
  dir 0: active= 54.18%  msgs=650763      1665 ns/msg
  dir 1: active= 47.69%  msgs=650765      1466 ns/msg
  dir 2: active= 53.28%  msgs=650762      1637 ns/msg
  dir 3: active= 47.80%  msgs=650765      1469 ns/msg
  AGGREGATE active = 202.95% (of 4 dir-threads; 50.74% per-thread avg)  msgs=2603055
[CPU memory  ] process=  4.99% of 80 cores   system=  5.05%   (window 2s)

----- REMOTE CPU LOAD (memory node dir-threads, 2s window) -----
  dir 0: active= 54.22%  msgs=651422      1665 ns/msg
  dir 1: active= 47.56%  msgs=651422      1460 ns/msg
  dir 2: active= 53.35%  msgs=651423      1638 ns/msg
  dir 3: active= 47.64%  msgs=651423      1463 ns/msg
  AGGREGATE active = 202.78% (of 4 dir-threads; 50.69% per-thread avg)  msgs=2605690
[CPU memory  ] process=  4.99% of 80 cores   system=  5.02%   (window 2s)

----- REMOTE CPU LOAD (memory node dir-threads, 2s window) -----
  dir 0: active= 54.24%  msgs=651591      1665 ns/msg
  dir 1: active= 47.40%  msgs=651591      1455 ns/msg
  dir 2: active= 53.36%  msgs=651591      1638 ns/msg
  dir 3: active= 47.43%  msgs=651586      1456 ns/msg
  AGGREGATE active = 202.43% (of 4 dir-threads; 50.61% per-thread avg)  msgs=2606359
[CPU memory  ] process=  4.99% of 80 cores   system=  5.09%   (window 2s)

----- REMOTE CPU LOAD (memory node dir-threads, 2s window) -----
  dir 0: active= 54.10%  msgs=649665      1666 ns/msg
  dir 1: active= 47.09%  msgs=649665      1450 ns/msg
  dir 2: active= 53.23%  msgs=649664      1639 ns/msg
  dir 3: active= 47.19%  msgs=649666      1453 ns/msg
  AGGREGATE active = 201.62% (of 4 dir-threads; 50.40% per-thread avg)  msgs=2598660
[CPU memory  ] process=  4.99% of 80 cores   system=  5.02%   (window 2s)

----- REMOTE CPU LOAD (memory node dir-threads, 2s window) -----
  dir 0: active= 54.17%  msgs=650542      1666 ns/msg
  dir 1: active= 47.09%  msgs=650542      1448 ns/msg
  dir 2: active= 53.32%  msgs=650544      1639 ns/msg
  dir 3: active= 47.11%  msgs=650545      1448 ns/msg
  AGGREGATE active = 201.69% (of 4 dir-threads; 50.42% per-thread avg)  msgs=2602173
[CPU memory  ] process=  4.99% of 80 cores   system=  5.03%   (window 2s)

----- REMOTE CPU LOAD (memory node dir-threads, 2s window) -----
  dir 0: active= 54.20%  msgs=650979      1665 ns/msg
  dir 1: active= 46.91%  msgs=650977      1441 ns/msg
  dir 2: active= 53.37%  msgs=650976      1640 ns/msg
  dir 3: active= 46.99%  msgs=650974      1444 ns/msg
  AGGREGATE active = 201.48% (of 4 dir-threads; 50.37% per-thread avg)  msgs=2603906
[CPU memory  ] process=  4.99% of 80 cores   system=  5.06%   (window 2s)

----- REMOTE CPU LOAD (memory node dir-threads, 2s window) -----
  dir 0: active= 54.16%  msgs=650647      1665 ns/msg
  dir 1: active= 46.82%  msgs=650649      1439 ns/msg
  dir 2: active= 53.29%  msgs=650649      1638 ns/msg
  dir 3: active= 46.77%  msgs=650654      1438 ns/msg
  AGGREGATE active = 201.05% (of 4 dir-threads; 50.26% per-thread avg)  msgs=2602599
[CPU memory  ] process=  4.99% of 80 cores   system=  5.02%   (window 2s)

----- REMOTE CPU LOAD (memory node dir-threads, 2s window) -----
  dir 0: active= 54.22%  msgs=651232      1665 ns/msg
  dir 1: active= 46.79%  msgs=651230      1437 ns/msg
  dir 2: active= 53.39%  msgs=651230      1640 ns/msg
  dir 3: active= 46.74%  msgs=651226      1435 ns/msg
  AGGREGATE active = 201.13% (of 4 dir-threads; 50.28% per-thread avg)  msgs=2604918
[CPU memory  ] process=  4.99% of 80 cores   system=  5.09%   (window 2s)

----- REMOTE CPU LOAD (memory node dir-threads, 2s window) -----
  dir 0: active= 52.87%  msgs=634387      1667 ns/msg
  dir 1: active= 45.43%  msgs=634379      1432 ns/msg
  dir 2: active= 52.03%  msgs=634380      1640 ns/msg
  dir 3: active= 45.44%  msgs=634382      1433 ns/msg
  AGGREGATE active = 195.78% (of 4 dir-threads; 48.94% per-thread avg)  msgs=2537528
[CPU memory  ] process=  4.99% of 80 cores   system=  5.02%   (window 2s)

----- REMOTE CPU LOAD (memory node dir-threads, 2s window) -----
  dir 0: active=  0.00%  msgs=0           0 ns/msg
  dir 1: active=  0.00%  msgs=0           0 ns/msg
  dir 2: active=  0.00%  msgs=0           0 ns/msg
  dir 3: active=  0.00%  msgs=0           0 ns/msg
  AGGREGATE active = 0.00% (of 4 dir-threads; 0.00% per-thread avg)  msgs=0
[CPU memory  ] process=  4.99% of 80 cores   system=  5.04%   (window 2s)

----- REMOTE CPU LOAD (memory node dir-threads, 2s window) -----
  dir 0: active=  0.00%  msgs=0           0 ns/msg
  dir 1: active=  0.00%  msgs=0           0 ns/msg
  dir 2: active=  0.00%  msgs=0           0 ns/msg
  dir 3: active=  0.00%  msgs=0           0 ns/msg
  AGGREGATE active = 0.00% (of 4 dir-threads; 0.00% per-thread avg)  msgs=0
[CPU memory  ] process=  4.99% of 80 cores   system=  5.05%   (window 2s)
Avg. rdma read time(ms) = -nan
Avg. rdma write time(ms) = -nan
Avg. rdma read / op = -nan
Avg. rdma write / op = -nan
Avg. rdma cas / op = -nan
Avg. rdma rpc / op = -nan
Avg. all rdma / op = -nan
Avg. rdma read size/ op = -nan
Avg. rdma write size / op = -nan
Avg. rdma RW size / op = -nan
