Compute node count = 1
kNodeCount 2, kReadRatio 0, kInsertRatio 0, kUpdateRatio 0, kDeleteRatio 0, kRangeRatio 100, totalThreadCount 36, memThreadCount 4 cache_size 1024, uniform_workload 0, zipfian 0.990000, bulk_load_num 50000000, warmup_num 10000000, op_num 30000000, check_correctness 0, time_based 0, early_stop 1, index 0, rpc_rate 1.000000, admission_rate 0.100000, auto_tune 0
kMaxThread = 36
KeySpace = 50001000
[GEOMETRY] inner_page=160 leaf_page=512 inner_entries=5 leaf_entries=26 slot=512 placement=mn_only
[4mshared memory size: 64GB, 0x7fe871400000[0m
[4mcache size: 2GB[0m
[4mMachine NR: 2[0m
[4mMax_APP_THREAD: 36[0m
[4mNR_DIRECTORY: 16[0m
[4mStart Build the DSMKeeper[0m
I am servers 1 [254.127.0.0]
I connect server 0
[4mdir 0 launch! (core 79 of 80)
[0m
[4mdir 1 launch! (core 78 of 80)
[0m
[4mdir 2 launch! (core 77 of 80)
[0m
[4mdir 3 launch! (core 76 of 80)
[0m
Before barrier finish

----- REMOTE CPU LOAD (memory node dir-threads, 2s window) -----
  dir 0: active=  0.00%  msgs=1           3635 ns/msg
  dir 1: active=  0.00%  msgs=0           0 ns/msg
  dir 2: active=  0.00%  msgs=0           0 ns/msg
  dir 3: active=  0.00%  msgs=0           0 ns/msg
  AGGREGATE active = 0.00% (of 4 dir-threads; 0.00% per-thread avg)  msgs=1
[CPU memory  ] process=  4.99% of 80 cores   system=  5.04%   (window 2s)

----- REMOTE CPU LOAD (memory node dir-threads, 2s window) -----
  dir 0: active=  0.00%  msgs=0           0 ns/msg
  dir 1: active=  0.00%  msgs=0           0 ns/msg
  dir 2: active=  0.00%  msgs=0           0 ns/msg
  dir 3: active=  0.00%  msgs=0           0 ns/msg
  AGGREGATE active = 0.00% (of 4 dir-threads; 0.00% per-thread avg)  msgs=0
[CPU memory  ] process=  4.99% of 80 cores   system=  5.06%   (window 2s)

----- REMOTE CPU LOAD (memory node dir-threads, 2s window) -----
  dir 0: active=  0.00%  msgs=0           0 ns/msg
  dir 1: active=  0.00%  msgs=0           0 ns/msg
  dir 2: active=  0.00%  msgs=0           0 ns/msg
  dir 3: active=  0.00%  msgs=0           0 ns/msg
  AGGREGATE active = 0.00% (of 4 dir-threads; 0.00% per-thread avg)  msgs=0
[CPU memory  ] process=  4.99% of 80 cores   system=  5.07%   (window 2s)

----- REMOTE CPU LOAD (memory node dir-threads, 2s window) -----
  dir 0: active=  0.00%  msgs=0           0 ns/msg
  dir 1: active=  0.00%  msgs=0           0 ns/msg
  dir 2: active=  0.00%  msgs=0           0 ns/msg
  dir 3: active=  0.00%  msgs=0           0 ns/msg
  AGGREGATE active = 0.00% (of 4 dir-threads; 0.00% per-thread avg)  msgs=0
[CPU memory  ] process=  4.99% of 80 cores   system=  5.05%   (window 2s)

----- REMOTE CPU LOAD (memory node dir-threads, 2s window) -----
  dir 0: active=  0.00%  msgs=0           0 ns/msg
  dir 1: active=  0.00%  msgs=0           0 ns/msg
  dir 2: active=  0.00%  msgs=0           0 ns/msg
  dir 3: active=  0.00%  msgs=0           0 ns/msg
  AGGREGATE active = 0.00% (of 4 dir-threads; 0.00% per-thread avg)  msgs=0
[CPU memory  ] process=  4.99% of 80 cores   system=  5.02%   (window 2s)

----- REMOTE CPU LOAD (memory node dir-threads, 2s window) -----
  dir 0: active=  0.00%  msgs=0           0 ns/msg
  dir 1: active=  0.00%  msgs=0           0 ns/msg
  dir 2: active=  0.00%  msgs=0           0 ns/msg
  dir 3: active=  0.00%  msgs=0           0 ns/msg
  AGGREGATE active = 0.00% (of 4 dir-threads; 0.00% per-thread avg)  msgs=0
[CPU memory  ] process=  4.99% of 80 cores   system=  5.03%   (window 2s)

----- REMOTE CPU LOAD (memory node dir-threads, 2s window) -----
  dir 0: active=  0.00%  msgs=0           0 ns/msg
  dir 1: active=  0.00%  msgs=0           0 ns/msg
  dir 2: active=  0.00%  msgs=0           0 ns/msg
  dir 3: active=  0.00%  msgs=0           0 ns/msg
  AGGREGATE active = 0.00% (of 4 dir-threads; 0.00% per-thread avg)  msgs=0
[CPU memory  ] process=  4.99% of 80 cores   system=  5.04%   (window 2s)

----- REMOTE CPU LOAD (memory node dir-threads, 2s window) -----
  dir 0: active=  0.00%  msgs=0           0 ns/msg
  dir 1: active=  0.00%  msgs=1           2476 ns/msg
  dir 2: active=  0.00%  msgs=1           1473 ns/msg
  dir 3: active=  0.00%  msgs=0           0 ns/msg
  AGGREGATE active = 0.00% (of 4 dir-threads; 0.00% per-thread avg)  msgs=2
[CPU memory  ] process=  4.99% of 80 cores   system=  5.05%   (window 2s)

----- REMOTE CPU LOAD (memory node dir-threads, 2s window) -----
  dir 0: active=  0.00%  msgs=2           592 ns/msg
  dir 1: active=  0.00%  msgs=1           998 ns/msg
  dir 2: active=  0.00%  msgs=1           293 ns/msg
  dir 3: active=  0.00%  msgs=2           1252 ns/msg
  AGGREGATE active = 0.00% (of 4 dir-threads; 0.00% per-thread avg)  msgs=6
[CPU memory  ] process=  4.99% of 80 cores   system=  5.04%   (window 2s)

----- REMOTE CPU LOAD (memory node dir-threads, 2s window) -----
  dir 0: active=  0.00%  msgs=1           229 ns/msg
  dir 1: active=  0.00%  msgs=2           864 ns/msg
  dir 2: active=  0.00%  msgs=2           243 ns/msg
  dir 3: active=  0.00%  msgs=2           488 ns/msg
  AGGREGATE active = 0.00% (of 4 dir-threads; 0.00% per-thread avg)  msgs=7
[CPU memory  ] process=  5.00% of 80 cores   system=  5.04%   (window 2s)

----- REMOTE CPU LOAD (memory node dir-threads, 2s window) -----
  dir 0: active=  0.00%  msgs=2           332 ns/msg
  dir 1: active=  0.00%  msgs=2           662 ns/msg
  dir 2: active=  0.00%  msgs=1           316 ns/msg
  dir 3: active=  0.00%  msgs=1           691 ns/msg
  AGGREGATE active = 0.00% (of 4 dir-threads; 0.00% per-thread avg)  msgs=6
[CPU memory  ] process=  4.99% of 80 cores   system=  5.04%   (window 2s)

----- REMOTE CPU LOAD (memory node dir-threads, 2s window) -----
  dir 0: active=  0.00%  msgs=1           320 ns/msg
  dir 1: active=  0.00%  msgs=1           838 ns/msg
  dir 2: active=  0.00%  msgs=2           732 ns/msg
  dir 3: active=  0.00%  msgs=2           499 ns/msg
  AGGREGATE active = 0.00% (of 4 dir-threads; 0.00% per-thread avg)  msgs=6
[CPU memory  ] process=  4.99% of 80 cores   system=  5.05%   (window 2s)

----- REMOTE CPU LOAD (memory node dir-threads, 2s window) -----
  dir 0: active=  0.00%  msgs=2           470 ns/msg
  dir 1: active=  0.00%  msgs=2           766 ns/msg
  dir 2: active=  0.00%  msgs=1           286 ns/msg
  dir 3: active=  0.00%  msgs=1           861 ns/msg
  AGGREGATE active = 0.00% (of 4 dir-threads; 0.00% per-thread avg)  msgs=6
[CPU memory  ] process=  4.99% of 80 cores   system=  5.05%   (window 2s)

----- REMOTE CPU LOAD (memory node dir-threads, 2s window) -----
  dir 0: active=  0.00%  msgs=1           190 ns/msg
  dir 1: active=  0.00%  msgs=1           557 ns/msg
  dir 2: active=  0.00%  msgs=1           386 ns/msg
  dir 3: active=  0.00%  msgs=1           492 ns/msg
  AGGREGATE active = 0.00% (of 4 dir-threads; 0.00% per-thread avg)  msgs=4
[CPU memory  ] process=  5.00% of 80 cores   system=  5.04%   (window 2s)

----- REMOTE CPU LOAD (memory node dir-threads, 2s window) -----
  dir 0: active=  0.00%  msgs=1           391 ns/msg
  dir 1: active=  0.00%  msgs=1           940 ns/msg
  dir 2: active=  0.00%  msgs=1           214 ns/msg
  dir 3: active=  0.00%  msgs=1           610 ns/msg
  AGGREGATE active = 0.00% (of 4 dir-threads; 0.00% per-thread avg)  msgs=4
[CPU memory  ] process=  4.99% of 80 cores   system=  5.03%   (window 2s)

----- REMOTE CPU LOAD (memory node dir-threads, 2s window) -----
  dir 0: active=  0.00%  msgs=1           347 ns/msg
  dir 1: active=  0.00%  msgs=0           0 ns/msg
  dir 2: active=  0.00%  msgs=1           465 ns/msg
  dir 3: active=  0.00%  msgs=1           371 ns/msg
  AGGREGATE active = 0.00% (of 4 dir-threads; 0.00% per-thread avg)  msgs=3
[CPU memory  ] process=  4.99% of 80 cores   system=  5.03%   (window 2s)

----- REMOTE CPU LOAD (memory node dir-threads, 2s window) -----
  dir 0: active=  0.00%  msgs=1           374 ns/msg
  dir 1: active=  0.00%  msgs=1           609 ns/msg
  dir 2: active=  0.00%  msgs=1           378 ns/msg
  dir 3: active=  0.00%  msgs=1           590 ns/msg
  AGGREGATE active = 0.00% (of 4 dir-threads; 0.00% per-thread avg)  msgs=4
[CPU memory  ] process=  4.99% of 80 cores   system=  5.05%   (window 2s)

----- REMOTE CPU LOAD (memory node dir-threads, 2s window) -----
  dir 0: active=  0.00%  msgs=1           346 ns/msg
  dir 1: active=  0.00%  msgs=1           1351 ns/msg
  dir 2: active=  0.00%  msgs=1           316 ns/msg
  dir 3: active=  0.00%  msgs=1           453 ns/msg
  AGGREGATE active = 0.00% (of 4 dir-threads; 0.00% per-thread avg)  msgs=4
[CPU memory  ] process=  4.99% of 80 cores   system=  5.06%   (window 2s)

----- REMOTE CPU LOAD (memory node dir-threads, 2s window) -----
  dir 0: active=  0.00%  msgs=1           460 ns/msg
  dir 1: active=  0.00%  msgs=1           690 ns/msg
  dir 2: active=  0.00%  msgs=1           275 ns/msg
  dir 3: active=  0.00%  msgs=1           703 ns/msg
  AGGREGATE active = 0.00% (of 4 dir-threads; 0.00% per-thread avg)  msgs=4
[CPU memory  ] process=  5.00% of 80 cores   system=  5.05%   (window 2s)

----- REMOTE CPU LOAD (memory node dir-threads, 2s window) -----
  dir 0: active=  0.00%  msgs=1           279 ns/msg
  dir 1: active=  0.00%  msgs=1           723 ns/msg
  dir 2: active=  0.00%  msgs=1           297 ns/msg
  dir 3: active=  0.00%  msgs=1           513 ns/msg
  AGGREGATE active = 0.00% (of 4 dir-threads; 0.00% per-thread avg)  msgs=4
[CPU memory  ] process=  4.99% of 80 cores   system=  5.02%   (window 2s)

----- REMOTE CPU LOAD (memory node dir-threads, 2s window) -----
  dir 0: active=  0.00%  msgs=1           425 ns/msg
  dir 1: active=  0.00%  msgs=1           550 ns/msg
  dir 2: active=  0.00%  msgs=1           479 ns/msg
  dir 3: active=  0.00%  msgs=1           714 ns/msg
  AGGREGATE active = 0.00% (of 4 dir-threads; 0.00% per-thread avg)  msgs=4
[CPU memory  ] process=  4.99% of 80 cores   system=  5.03%   (window 2s)

----- REMOTE CPU LOAD (memory node dir-threads, 2s window) -----
  dir 0: active=  0.00%  msgs=1           326 ns/msg
  dir 1: active=  0.00%  msgs=1           609 ns/msg
  dir 2: active=  0.00%  msgs=1           357 ns/msg
  dir 3: active=  0.00%  msgs=1           400 ns/msg
  AGGREGATE active = 0.00% (of 4 dir-threads; 0.00% per-thread avg)  msgs=4
[CPU memory  ] process=  4.99% of 80 cores   system=  5.05%   (window 2s)

----- REMOTE CPU LOAD (memory node dir-threads, 2s window) -----
  dir 0: active=  0.00%  msgs=1           512 ns/msg
  dir 1: active=  0.00%  msgs=1           754 ns/msg
  dir 2: active=  0.00%  msgs=1           183 ns/msg
  dir 3: active=  0.00%  msgs=1           602 ns/msg
  AGGREGATE active = 0.00% (of 4 dir-threads; 0.00% per-thread avg)  msgs=4
[CPU memory  ] process=  5.00% of 80 cores   system=  5.06%   (window 2s)

----- REMOTE CPU LOAD (memory node dir-threads, 2s window) -----
  dir 0: active=  0.00%  msgs=0           0 ns/msg
  dir 1: active=  0.00%  msgs=1           1073 ns/msg
  dir 2: active=  0.00%  msgs=1           429 ns/msg
  dir 3: active=  0.00%  msgs=1           422 ns/msg
  AGGREGATE active = 0.00% (of 4 dir-threads; 0.00% per-thread avg)  msgs=3
[CPU memory  ] process=  4.99% of 80 cores   system=  5.05%   (window 2s)

----- REMOTE CPU LOAD (memory node dir-threads, 2s window) -----
  dir 0: active=  0.00%  msgs=1           278 ns/msg
  dir 1: active=  0.00%  msgs=1           911 ns/msg
  dir 2: active=  0.00%  msgs=1           415 ns/msg
  dir 3: active=  0.00%  msgs=1           514 ns/msg
  AGGREGATE active = 0.00% (of 4 dir-threads; 0.00% per-thread avg)  msgs=4
[CPU memory  ] process=  4.99% of 80 cores   system=  5.03%   (window 2s)

----- REMOTE CPU LOAD (memory node dir-threads, 2s window) -----
  dir 0: active=  0.00%  msgs=1           443 ns/msg
  dir 1: active=  0.00%  msgs=1           742 ns/msg
  dir 2: active=  0.00%  msgs=1           429 ns/msg
  dir 3: active=  0.00%  msgs=1           662 ns/msg
  AGGREGATE active = 0.00% (of 4 dir-threads; 0.00% per-thread avg)  msgs=4
[CPU memory  ] process=  4.99% of 80 cores   system=  5.02%   (window 2s)

----- REMOTE CPU LOAD (memory node dir-threads, 2s window) -----
  dir 0: active=  0.00%  msgs=1           203 ns/msg
  dir 1: active=  0.00%  msgs=1           1060 ns/msg
  dir 2: active=  0.00%  msgs=1           191 ns/msg
  dir 3: active=  0.00%  msgs=1           672 ns/msg
  AGGREGATE active = 0.00% (of 4 dir-threads; 0.00% per-thread avg)  msgs=4
[CPU memory  ] process=  4.99% of 80 cores   system=  5.05%   (window 2s)

----- REMOTE CPU LOAD (memory node dir-threads, 2s window) -----
  dir 0: active=  0.00%  msgs=1           457 ns/msg
  dir 1: active=  0.00%  msgs=1           825 ns/msg
  dir 2: active=  0.00%  msgs=1           459 ns/msg
  dir 3: active=  0.00%  msgs=1           473 ns/msg
  AGGREGATE active = 0.00% (of 4 dir-threads; 0.00% per-thread avg)  msgs=4
[CPU memory  ] process=  4.99% of 80 cores   system=  5.05%   (window 2s)

----- REMOTE CPU LOAD (memory node dir-threads, 2s window) -----
  dir 0: active=  0.00%  msgs=1           333 ns/msg
  dir 1: active=  0.00%  msgs=1           648 ns/msg
  dir 2: active=  0.00%  msgs=1           375 ns/msg
  dir 3: active=  0.00%  msgs=1           791 ns/msg
  AGGREGATE active = 0.00% (of 4 dir-threads; 0.00% per-thread avg)  msgs=4
[CPU memory  ] process=  4.99% of 80 cores   system=  5.05%   (window 2s)

----- REMOTE CPU LOAD (memory node dir-threads, 2s window) -----
  dir 0: active=  0.00%  msgs=1           441 ns/msg
  dir 1: active=  0.00%  msgs=1           595 ns/msg
  dir 2: active=  0.00%  msgs=1           288 ns/msg
  dir 3: active=  0.00%  msgs=0           0 ns/msg
  AGGREGATE active = 0.00% (of 4 dir-threads; 0.00% per-thread avg)  msgs=3
[CPU memory  ] process=  4.99% of 80 cores   system=  5.02%   (window 2s)

----- REMOTE CPU LOAD (memory node dir-threads, 2s window) -----
  dir 0: active=  0.00%  msgs=1           340 ns/msg
  dir 1: active=  0.00%  msgs=1           604 ns/msg
  dir 2: active=  0.00%  msgs=1           364 ns/msg
  dir 3: active=  0.00%  msgs=1           437 ns/msg
  AGGREGATE active = 0.00% (of 4 dir-threads; 0.00% per-thread avg)  msgs=4
[CPU memory  ] process=  4.99% of 80 cores   system=  5.02%   (window 2s)

----- REMOTE CPU LOAD (memory node dir-threads, 2s window) -----
  dir 0: active=  0.00%  msgs=1           441 ns/msg
  dir 1: active=  0.00%  msgs=1           1173 ns/msg
  dir 2: active=  0.00%  msgs=1           303 ns/msg
  dir 3: active=  0.00%  msgs=1           615 ns/msg
  AGGREGATE active = 0.00% (of 4 dir-threads; 0.00% per-thread avg)  msgs=4
[CPU memory  ] process=  4.99% of 80 cores   system=  5.06%   (window 2s)

----- REMOTE CPU LOAD (memory node dir-threads, 2s window) -----
  dir 0: active=  0.00%  msgs=1           394 ns/msg
  dir 1: active=  0.00%  msgs=1           834 ns/msg
  dir 2: active=  0.00%  msgs=1           376 ns/msg
  dir 3: active=  0.00%  msgs=1           1179 ns/msg
  AGGREGATE active = 0.00% (of 4 dir-threads; 0.00% per-thread avg)  msgs=4
[CPU memory  ] process=  4.99% of 80 cores   system=  5.07%   (window 2s)

----- REMOTE CPU LOAD (memory node dir-threads, 2s window) -----
  dir 0: active=  0.00%  msgs=1           417 ns/msg
  dir 1: active=  0.00%  msgs=1           592 ns/msg
  dir 2: active=  0.00%  msgs=1           309 ns/msg
  dir 3: active=  0.00%  msgs=1           627 ns/msg
  AGGREGATE active = 0.00% (of 4 dir-threads; 0.00% per-thread avg)  msgs=4
[CPU memory  ] process=  4.99% of 80 cores   system=  5.05%   (window 2s)

----- REMOTE CPU LOAD (memory node dir-threads, 2s window) -----
  dir 0: active=  0.00%  msgs=1           319 ns/msg
  dir 1: active=  0.00%  msgs=1           673 ns/msg
  dir 2: active=  0.00%  msgs=0           0 ns/msg
  dir 3: active=  0.00%  msgs=1           653 ns/msg
  AGGREGATE active = 0.00% (of 4 dir-threads; 0.00% per-thread avg)  msgs=3
[CPU memory  ] process=  4.99% of 80 cores   system=  5.03%   (window 2s)

----- REMOTE CPU LOAD (memory node dir-threads, 2s window) -----
  dir 0: active=  0.00%  msgs=0           0 ns/msg
  dir 1: active=  0.00%  msgs=0           0 ns/msg
  dir 2: active=  0.00%  msgs=0           0 ns/msg
  dir 3: active=  0.00%  msgs=0           0 ns/msg
  AGGREGATE active = 0.00% (of 4 dir-threads; 0.00% per-thread avg)  msgs=0
[CPU memory  ] process=  5.00% of 80 cores   system=  5.03%   (window 2s)

----- REMOTE CPU LOAD (memory node dir-threads, 2s window) -----
  dir 0: active=  0.00%  msgs=0           0 ns/msg
  dir 1: active=  0.00%  msgs=0           0 ns/msg
  dir 2: active=  0.00%  msgs=0           0 ns/msg
  dir 3: active=  0.00%  msgs=0           0 ns/msg
  AGGREGATE active = 0.00% (of 4 dir-threads; 0.00% per-thread avg)  msgs=0
[CPU memory  ] process=  4.99% of 80 cores   system=  5.07%   (window 2s)

----- REMOTE CPU LOAD (memory node dir-threads, 2s window) -----
  dir 0: active=  0.00%  msgs=0           0 ns/msg
  dir 1: active=  0.00%  msgs=0           0 ns/msg
  dir 2: active=  0.00%  msgs=0           0 ns/msg
  dir 3: active=  0.00%  msgs=0           0 ns/msg
  AGGREGATE active = 0.00% (of 4 dir-threads; 0.00% per-thread avg)  msgs=0
[CPU memory  ] process=  4.99% of 80 cores   system=  5.04%   (window 2s)

----- REMOTE CPU LOAD (memory node dir-threads, 2s window) -----
  dir 0: active=  0.00%  msgs=0           0 ns/msg
  dir 1: active=  0.00%  msgs=0           0 ns/msg
  dir 2: active=  0.00%  msgs=0           0 ns/msg
  dir 3: active=  0.00%  msgs=0           0 ns/msg
  AGGREGATE active = 0.00% (of 4 dir-threads; 0.00% per-thread avg)  msgs=0
[CPU memory  ] process=  4.99% of 80 cores   system=  5.05%   (window 2s)

----- REMOTE CPU LOAD (memory node dir-threads, 2s window) -----
  dir 0: active=  0.00%  msgs=0           0 ns/msg
  dir 1: active=  0.00%  msgs=0           0 ns/msg
  dir 2: active=  0.00%  msgs=0           0 ns/msg
  dir 3: active=  0.00%  msgs=0           0 ns/msg
  AGGREGATE active = 0.00% (of 4 dir-threads; 0.00% per-thread avg)  msgs=0
[CPU memory  ] process=  4.99% of 80 cores   system=  5.03%   (window 2s)

----- REMOTE CPU LOAD (memory node dir-threads, 2s window) -----
  dir 0: active=  0.00%  msgs=0           0 ns/msg
  dir 1: active=  0.00%  msgs=0           0 ns/msg
  dir 2: active=  0.00%  msgs=0           0 ns/msg
  dir 3: active=  0.00%  msgs=0           0 ns/msg
  AGGREGATE active = 0.00% (of 4 dir-threads; 0.00% per-thread avg)  msgs=0
[CPU memory  ] process=  4.99% of 80 cores   system=  5.03%   (window 2s)

----- REMOTE CPU LOAD (memory node dir-threads, 2s window) -----
  dir 0: active= 64.71%  msgs=856035      1512 ns/msg
  dir 1: active= 55.76%  msgs=856035      1303 ns/msg
  dir 2: active= 63.70%  msgs=856032      1488 ns/msg
  dir 3: active= 56.15%  msgs=856021      1312 ns/msg
  AGGREGATE active = 240.32% (of 4 dir-threads; 60.08% per-thread avg)  msgs=3424123
[CPU memory  ] process=  4.99% of 80 cores   system=  5.07%   (window 2s)

----- REMOTE CPU LOAD (memory node dir-threads, 2s window) -----
  dir 0: active= 68.21%  msgs=904142      1509 ns/msg
  dir 1: active= 59.66%  msgs=904142      1320 ns/msg
  dir 2: active= 67.18%  msgs=904144      1486 ns/msg
  dir 3: active= 59.94%  msgs=904148      1326 ns/msg
  AGGREGATE active = 254.99% (of 4 dir-threads; 63.75% per-thread avg)  msgs=3616576
[CPU memory  ] process=  4.99% of 80 cores   system=  5.03%   (window 2s)

----- REMOTE CPU LOAD (memory node dir-threads, 2s window) -----
  dir 0: active= 68.86%  msgs=909462      1514 ns/msg
  dir 1: active= 59.66%  msgs=909462      1312 ns/msg
  dir 2: active= 67.77%  msgs=909457      1490 ns/msg
  dir 3: active= 59.97%  msgs=909453      1319 ns/msg
  AGGREGATE active = 256.25% (of 4 dir-threads; 64.06% per-thread avg)  msgs=3637834
[CPU memory  ] process=  4.98% of 80 cores   system=  5.05%   (window 2s)

----- REMOTE CPU LOAD (memory node dir-threads, 2s window) -----
  dir 0: active= 69.10%  msgs=911049      1517 ns/msg
  dir 1: active= 59.47%  msgs=911049      1306 ns/msg
  dir 2: active= 68.03%  msgs=911053      1493 ns/msg
  dir 3: active= 59.82%  msgs=911054      1313 ns/msg
  AGGREGATE active = 256.42% (of 4 dir-threads; 64.10% per-thread avg)  msgs=3644205
[CPU memory  ] process=  5.00% of 80 cores   system=  5.02%   (window 2s)

----- REMOTE CPU LOAD (memory node dir-threads, 2s window) -----
  dir 0: active= 68.45%  msgs=900522      1520 ns/msg
  dir 1: active= 58.63%  msgs=900511      1302 ns/msg
  dir 2: active= 67.39%  msgs=900505      1497 ns/msg
  dir 3: active= 58.94%  msgs=900510      1309 ns/msg
  AGGREGATE active = 253.40% (of 4 dir-threads; 63.35% per-thread avg)  msgs=3602048
[CPU memory  ] process=  4.99% of 80 cores   system=  5.04%   (window 2s)

----- REMOTE CPU LOAD (memory node dir-threads, 2s window) -----
  dir 0: active=  0.00%  msgs=0           0 ns/msg
  dir 1: active=  0.00%  msgs=0           0 ns/msg
  dir 2: active=  0.00%  msgs=0           0 ns/msg
  dir 3: active=  0.00%  msgs=0           0 ns/msg
  AGGREGATE active = 0.00% (of 4 dir-threads; 0.00% per-thread avg)  msgs=0
[CPU memory  ] process=  4.99% of 80 cores   system=  5.16%   (window 2s)

----- REMOTE CPU LOAD (memory node dir-threads, 2s window) -----
  dir 0: active=  0.00%  msgs=0           0 ns/msg
  dir 1: active=  0.00%  msgs=0           0 ns/msg
  dir 2: active=  0.00%  msgs=0           0 ns/msg
  dir 3: active=  0.00%  msgs=0           0 ns/msg
  AGGREGATE active = 0.00% (of 4 dir-threads; 0.00% per-thread avg)  msgs=0
[CPU memory  ] process=  4.99% of 80 cores   system=  5.03%   (window 2s)
Avg. rdma read time(ms) = -nan
Avg. rdma write time(ms) = -nan
Avg. rdma read / op = -nan
Avg. rdma write / op = -nan
Avg. rdma cas / op = -nan
Avg. rdma rpc / op = -nan
Avg. all rdma / op = -nan
Avg. rdma read size/ op = -nan
Avg. rdma write size / op = -nan
Avg. rdma RW size / op = -nan
