Compute node count = 1
kNodeCount 2, kReadRatio 0, kInsertRatio 0, kUpdateRatio 0, kDeleteRatio 0, kRangeRatio 100, totalThreadCount 36, memThreadCount 2 cache_size 32, uniform_workload 1, zipfian 0.990000, bulk_load_num 50000000, warmup_num 10000000, op_num 30000000, check_correctness 0, time_based 0, early_stop 1, index 0, rpc_rate 1.000000, admission_rate 0.100000, auto_tune 0
kMaxThread = 36
KeySpace = 50001000
[GEOMETRY] inner_page=160 leaf_page=512 inner_entries=5 leaf_entries=26 slot=512 placement=mn_only
[4mshared memory size: 64GB, 0x7fef77200000[0m
[4mcache size: 2GB[0m
[4mMachine NR: 2[0m
[4mMax_APP_THREAD: 36[0m
[4mNR_DIRECTORY: 16[0m
[4mStart Build the DSMKeeper[0m
I am servers 0 [255.127.0.0]
I connect server 1
[4mdir 0 launch! (core 79 of 80)
[0m
[4mdir 1 launch! (core 78 of 80)
[0m
CNode 0, left bound = 0, right bound = 18446744073709551615
Pushdown (RPC) Rate: 1
Admission Rate: 0.1
Cache size(MB) = 32
-----Cache initial addr = 0x7fef66000000
page num = 65536
alloc_unit = 512
entry_num: 65536
bucket_num: 21846
Bucket size = 64
entry_num: 6553
bucket_num: 1093
start generating tree
num_partitions = 1
Success: tree root pointer value [1, 67108864]
finish generating tree
Bulkload num in node 0 = 50000000

----- REMOTE CPU LOAD (memory node dir-threads, 2s window) -----
  dir 0: active=  0.00%  msgs=0           0 ns/msg
  dir 1: active=  0.00%  msgs=0           0 ns/msg
  AGGREGATE active = 0.00% (of 2 dir-threads; 0.00% per-thread avg)  msgs=0
[CPU compute ] process=  3.75% of 80 cores   system=  3.76%   (window 2s)
First key of bulkloading = 7325973
Last key of bulkloading = 26738230
node warmup num = 9999972
kReadRatio =0
insertmark =0
updatemark =0
deletemark =0
rangemark =100
Finish warmup workload generation

----- REMOTE CPU LOAD (memory node dir-threads, 2s window) -----
  dir 0: active=  0.00%  msgs=0           0 ns/msg
  dir 1: active=  0.00%  msgs=0           0 ns/msg
  AGGREGATE active = 0.00% (of 2 dir-threads; 0.00% per-thread avg)  msgs=0
[CPU compute ] process=  3.75% of 80 cores   system=  3.75%   (window 2s)

----- REMOTE CPU LOAD (memory node dir-threads, 2s window) -----
  dir 0: active=  0.00%  msgs=0           0 ns/msg
  dir 1: active=  0.00%  msgs=0           0 ns/msg
  AGGREGATE active = 0.00% (of 2 dir-threads; 0.00% per-thread avg)  msgs=0
[CPU compute ] process=  3.75% of 80 cores   system=  3.76%   (window 2s)

----- REMOTE CPU LOAD (memory node dir-threads, 2s window) -----
  dir 0: active=  0.00%  msgs=0           0 ns/msg
  dir 1: active=  0.00%  msgs=0           0 ns/msg
  AGGREGATE active = 0.00% (of 2 dir-threads; 0.00% per-thread avg)  msgs=0
[CPU compute ] process=  3.75% of 80 cores   system=  4.93%   (window 2s)

----- REMOTE CPU LOAD (memory node dir-threads, 2s window) -----
  dir 0: active=  0.00%  msgs=0           0 ns/msg
  dir 1: active=  0.00%  msgs=0           0 ns/msg
  AGGREGATE active = 0.00% (of 2 dir-threads; 0.00% per-thread avg)  msgs=0
[CPU compute ] process=  3.75% of 80 cores   system=  4.58%   (window 2s)

----- REMOTE CPU LOAD (memory node dir-threads, 2s window) -----
  dir 0: active=  0.00%  msgs=0           0 ns/msg
  dir 1: active=  0.00%  msgs=0           0 ns/msg
  AGGREGATE active = 0.00% (of 2 dir-threads; 0.00% per-thread avg)  msgs=0
[CPU compute ] process=  3.75% of 80 cores   system=  3.76%   (window 2s)

----- REMOTE CPU LOAD (memory node dir-threads, 2s window) -----
  dir 0: active=  0.00%  msgs=0           0 ns/msg
  dir 1: active=  0.00%  msgs=0           0 ns/msg
  AGGREGATE active = 0.00% (of 2 dir-threads; 0.00% per-thread avg)  msgs=0
[CPU compute ] process=  3.75% of 80 cores   system=  3.76%   (window 2s)
node op_num = 29999988
Finish all workload generation

----- REMOTE CPU LOAD (memory node dir-threads, 2s window) -----
  dir 0: active=  0.00%  msgs=0           0 ns/msg
  dir 1: active=  0.00%  msgs=0           0 ns/msg
  AGGREGATE active = 0.00% (of 2 dir-threads; 0.00% per-thread avg)  msgs=0
[CPU compute ] process=  3.75% of 80 cores   system=  3.75%   (window 2s)

----- REMOTE CPU LOAD (memory node dir-threads, 2s window) -----
  dir 0: active=  0.00%  msgs=0           0 ns/msg
  dir 1: active=  0.00%  msgs=0           0 ns/msg
  AGGREGATE active = 0.00% (of 2 dir-threads; 0.00% per-thread avg)  msgs=0
[CPU compute ] process=  3.75% of 80 cores   system=  3.75%   (window 2s)

----- REMOTE CPU LOAD (memory node dir-threads, 2s window) -----
  dir 0: active=  0.00%  msgs=0           0 ns/msg
  dir 1: active=  0.00%  msgs=0           0 ns/msg
  AGGREGATE active = 0.00% (of 2 dir-threads; 0.00% per-thread avg)  msgs=0
[CPU compute ] process=  3.75% of 80 cores   system=  5.63%   (window 2s)
Fetched new height = 1
Success: tree root pointer value [1, 67109888]
Height = 2
Success: tree root pointer value [1, 67112448]
Height = 3
Success: tree root pointer value [1, 67118080]
Height = 4

----- REMOTE CPU LOAD (memory node dir-threads, 2s window) -----
  dir 0: active=  0.00%  msgs=0           0 ns/msg
  dir 1: active=  0.00%  msgs=0           0 ns/msg
  AGGREGATE active = 0.00% (of 2 dir-threads; 0.00% per-thread avg)  msgs=0
[CPU compute ] process=  3.75% of 80 cores   system=  3.76%   (window 2s)
Success: tree root pointer value [1, 67129856]
Height = 5
Success: tree root pointer value [1, 67153920]
Height = 6
Success: tree root pointer value [1, 67202560]
Height = 7
Success: tree root pointer value [1, 67300352]
Height = 8
Success: tree root pointer value [1, 67496448]
Height = 9
Success: tree root pointer value [1, 67889152]
Height = 10
Success: tree root pointer value [1, 68675072]
Height = 11
Success: tree root pointer value [1, 70247424]
Height = 12
Success: tree root pointer value [1, 73392640]
Height = 13
Success: tree root pointer value [1, 79683584]
Height = 14
Success: tree root pointer value [1, 92265984]
Height = 15
entering dynamic phase
Success: tree root pointer value [1, 34443615744]
Height = 16
Success: tree root pointer value [1, 134209024]
Height = 17

----- REMOTE CPU LOAD (memory node dir-threads, 2s window) -----
  dir 0: active=  0.00%  msgs=0           0 ns/msg
  dir 1: active=  0.00%  msgs=0           0 ns/msg
  AGGREGATE active = 0.00% (of 2 dir-threads; 0.00% per-thread avg)  msgs=0
[CPU compute ] process=  3.75% of 80 cores   system=  3.76%   (window 2s)
Success: tree root pointer value [1, 34527502848]
Height = 18

----- REMOTE CPU LOAD (memory node dir-threads, 2s window) -----
  dir 0: active=  0.00%  msgs=0           0 ns/msg
  dir 1: active=  0.00%  msgs=0           0 ns/msg
  AGGREGATE active = 0.00% (of 2 dir-threads; 0.00% per-thread avg)  msgs=0
[CPU compute ] process=  3.75% of 80 cores   system=  3.76%   (window 2s)
Success: tree root pointer value [1, 34628168704]
Height = 19

----- REMOTE CPU LOAD (memory node dir-threads, 2s window) -----
  dir 0: active=  0.00%  msgs=0           0 ns/msg
  dir 1: active=  0.00%  msgs=0           0 ns/msg
  AGGREGATE active = 0.00% (of 2 dir-threads; 0.00% per-thread avg)  msgs=0
[CPU compute ] process=  3.75% of 80 cores   system=  3.76%   (window 2s)

----- REMOTE CPU LOAD (memory node dir-threads, 2s window) -----
  dir 0: active=  0.00%  msgs=0           0 ns/msg
  dir 1: active=  0.00%  msgs=0           0 ns/msg
  AGGREGATE active = 0.00% (of 2 dir-threads; 0.00% per-thread avg)  msgs=0
[CPU compute ] process=  3.75% of 80 cores   system=  5.66%   (window 2s)

----- REMOTE CPU LOAD (memory node dir-threads, 2s window) -----
  dir 0: active=  0.00%  msgs=0           0 ns/msg
  dir 1: active=  0.00%  msgs=0           0 ns/msg
  AGGREGATE active = 0.00% (of 2 dir-threads; 0.00% per-thread avg)  msgs=0
[CPU compute ] process=  3.75% of 80 cores   system=  3.75%   (window 2s)
Success: tree root pointer value [1, 469763072]
Height = 20

----- REMOTE CPU LOAD (memory node dir-threads, 2s window) -----
  dir 0: active=  0.00%  msgs=0           0 ns/msg
  dir 1: active=  0.00%  msgs=0           0 ns/msg
  AGGREGATE active = 0.00% (of 2 dir-threads; 0.00% per-thread avg)  msgs=0
[CPU compute ] process=  3.75% of 80 cores   system=  3.76%   (window 2s)

----- REMOTE CPU LOAD (memory node dir-threads, 2s window) -----
  dir 0: active=  0.00%  msgs=0           0 ns/msg
  dir 1: active=  0.00%  msgs=0           0 ns/msg
  AGGREGATE active = 0.00% (of 2 dir-threads; 0.00% per-thread avg)  msgs=0
[CPU compute ] process=  3.75% of 80 cores   system=  3.76%   (window 2s)

----- REMOTE CPU LOAD (memory node dir-threads, 2s window) -----
  dir 0: active=  0.00%  msgs=0           0 ns/msg
  dir 1: active=  0.00%  msgs=0           0 ns/msg
  AGGREGATE active = 0.00% (of 2 dir-threads; 0.00% per-thread avg)  msgs=0
[CPU compute ] process=  3.75% of 80 cores   system=  3.75%   (window 2s)

----- REMOTE CPU LOAD (memory node dir-threads, 2s window) -----
  dir 0: active=  0.00%  msgs=0           0 ns/msg
  dir 1: active=  0.00%  msgs=0           0 ns/msg
  AGGREGATE active = 0.00% (of 2 dir-threads; 0.00% per-thread avg)  msgs=0
[CPU compute ] process=  3.75% of 80 cores   system=  5.66%   (window 2s)

----- REMOTE CPU LOAD (memory node dir-threads, 2s window) -----
  dir 0: active=  0.00%  msgs=0           0 ns/msg
  dir 1: active=  0.00%  msgs=0           0 ns/msg
  AGGREGATE active = 0.00% (of 2 dir-threads; 0.00% per-thread avg)  msgs=0
[CPU compute ] process=  3.75% of 80 cores   system=  3.76%   (window 2s)

----- REMOTE CPU LOAD (memory node dir-threads, 2s window) -----
  dir 0: active=  0.00%  msgs=0           0 ns/msg
  dir 1: active=  0.00%  msgs=0           0 ns/msg
  AGGREGATE active = 0.00% (of 2 dir-threads; 0.00% per-thread avg)  msgs=0
[CPU compute ] process=  3.75% of 80 cores   system=  3.75%   (window 2s)
Success: tree root pointer value [1, 872428032]
Height = 21

----- REMOTE CPU LOAD (memory node dir-threads, 2s window) -----
  dir 0: active=  0.00%  msgs=0           0 ns/msg
  dir 1: active=  0.00%  msgs=0           0 ns/msg
  AGGREGATE active = 0.00% (of 2 dir-threads; 0.00% per-thread avg)  msgs=0
[CPU compute ] process=  3.75% of 80 cores   system=  3.76%   (window 2s)

----- REMOTE CPU LOAD (memory node dir-threads, 2s window) -----
  dir 0: active=  0.00%  msgs=0           0 ns/msg
  dir 1: active=  0.00%  msgs=0           0 ns/msg
  AGGREGATE active = 0.00% (of 2 dir-threads; 0.00% per-thread avg)  msgs=0
[CPU compute ] process=  3.75% of 80 cores   system=  3.76%   (window 2s)

----- REMOTE CPU LOAD (memory node dir-threads, 2s window) -----
  dir 0: active=  0.00%  msgs=0           0 ns/msg
  dir 1: active=  0.00%  msgs=0           0 ns/msg
  AGGREGATE active = 0.00% (of 2 dir-threads; 0.00% per-thread avg)  msgs=0
[CPU compute ] process=  3.75% of 80 cores   system=  5.78%   (window 2s)

----- REMOTE CPU LOAD (memory node dir-threads, 2s window) -----
  dir 0: active=  0.00%  msgs=0           0 ns/msg
  dir 1: active=  0.00%  msgs=0           0 ns/msg
  AGGREGATE active = 0.00% (of 2 dir-threads; 0.00% per-thread avg)  msgs=0
[CPU compute ] process=  3.75% of 80 cores   system=  3.76%   (window 2s)

----- REMOTE CPU LOAD (memory node dir-threads, 2s window) -----
  dir 0: active=  0.00%  msgs=0           0 ns/msg
  dir 1: active=  0.00%  msgs=0           0 ns/msg
  AGGREGATE active = 0.00% (of 2 dir-threads; 0.00% per-thread avg)  msgs=0
[CPU compute ] process=  3.75% of 80 cores   system=  3.76%   (window 2s)

----- REMOTE CPU LOAD (memory node dir-threads, 2s window) -----
  dir 0: active=  0.00%  msgs=0           0 ns/msg
  dir 1: active=  0.00%  msgs=0           0 ns/msg
  AGGREGATE active = 0.00% (of 2 dir-threads; 0.00% per-thread avg)  msgs=0
[CPU compute ] process=  3.75% of 80 cores   system=  3.75%   (window 2s)

----- REMOTE CPU LOAD (memory node dir-threads, 2s window) -----
  dir 0: active=  0.00%  msgs=0           0 ns/msg
  dir 1: active=  0.00%  msgs=0           0 ns/msg
  AGGREGATE active = 0.00% (of 2 dir-threads; 0.00% per-thread avg)  msgs=0
[CPU compute ] process=  3.75% of 80 cores   system=  3.75%   (window 2s)

----- REMOTE CPU LOAD (memory node dir-threads, 2s window) -----
  dir 0: active=  0.00%  msgs=0           0 ns/msg
  dir 1: active=  0.00%  msgs=0           0 ns/msg
  AGGREGATE active = 0.00% (of 2 dir-threads; 0.00% per-thread avg)  msgs=0
[CPU compute ] process=  3.75% of 80 cores   system=  5.71%   (window 2s)

----- REMOTE CPU LOAD (memory node dir-threads, 2s window) -----
  dir 0: active=  0.00%  msgs=0           0 ns/msg
  dir 1: active=  0.00%  msgs=0           0 ns/msg
  AGGREGATE active = 0.00% (of 2 dir-threads; 0.00% per-thread avg)  msgs=0
[CPU compute ] process=  3.76% of 80 cores   system=  3.76%   (window 2s)

----- REMOTE CPU LOAD (memory node dir-threads, 2s window) -----
  dir 0: active=  0.00%  msgs=0           0 ns/msg
  dir 1: active=  0.00%  msgs=0           0 ns/msg
  AGGREGATE active = 0.00% (of 2 dir-threads; 0.00% per-thread avg)  msgs=0
[CPU compute ] process=  3.75% of 80 cores   system=  3.76%   (window 2s)

----- REMOTE CPU LOAD (memory node dir-threads, 2s window) -----
  dir 0: active=  0.00%  msgs=0           0 ns/msg
  dir 1: active=  0.00%  msgs=0           0 ns/msg
  AGGREGATE active = 0.00% (of 2 dir-threads; 0.00% per-thread avg)  msgs=0
[CPU compute ] process=  3.75% of 80 cores   system=  3.75%   (window 2s)
Success: tree root pointer value [1, 1677758464]
Height = 22

----- REMOTE CPU LOAD (memory node dir-threads, 2s window) -----
  dir 0: active=  0.00%  msgs=0           0 ns/msg
  dir 1: active=  0.00%  msgs=0           0 ns/msg
  AGGREGATE active = 0.00% (of 2 dir-threads; 0.00% per-thread avg)  msgs=0
[CPU compute ] process=  3.75% of 80 cores   system=  3.76%   (window 2s)

----- REMOTE CPU LOAD (memory node dir-threads, 2s window) -----
  dir 0: active=  0.00%  msgs=0           0 ns/msg
  dir 1: active=  0.00%  msgs=0           0 ns/msg
  AGGREGATE active = 0.00% (of 2 dir-threads; 0.00% per-thread avg)  msgs=0
[CPU compute ] process=  3.75% of 80 cores   system=  4.06%   (window 2s)

----- REMOTE CPU LOAD (memory node dir-threads, 2s window) -----
  dir 0: active=  0.00%  msgs=0           0 ns/msg
  dir 1: active=  0.00%  msgs=0           0 ns/msg
  AGGREGATE active = 0.00% (of 2 dir-threads; 0.00% per-thread avg)  msgs=0
[CPU compute ] process=  3.75% of 80 cores   system=  5.47%   (window 2s)

----- REMOTE CPU LOAD (memory node dir-threads, 2s window) -----
  dir 0: active=  0.00%  msgs=0           0 ns/msg
  dir 1: active=  0.00%  msgs=0           0 ns/msg
  AGGREGATE active = 0.00% (of 2 dir-threads; 0.00% per-thread avg)  msgs=0
[CPU compute ] process=  3.75% of 80 cores   system=  3.76%   (window 2s)
#leaf nodes = 3846153
leaf size(MB) = 1878
#inner nodes = 3846104
inner size(MB) = 1877.98
Tree height = 22
Cache capacity = 65536
max. leaf entries = 26
max. inner entries = 5
Inner page size = 160
Leaf page size = 512
node 0 finish its bulkload

----- REMOTE CPU LOAD (memory node dir-threads, 2s window) -----
  dir 0: active=  0.00%  msgs=0           0 ns/msg
  dir 1: active=  0.00%  msgs=0           0 ns/msg
  AGGREGATE active = 0.00% (of 2 dir-threads; 0.00% per-thread avg)  msgs=0
[CPU compute ] process=  3.75% of 80 cores   system=  3.76%   (window 2s)
IMPORTANT: my root is 109953578696705
0 is ready for the benchmark
I am 0
Fetched new height = 22
I am 33
I am 4
I am 1
I am 35
I am 31
I am 32
I am 14
I am 30
I am 2
I am 8
I am 9
I am 25
I am 22
I am 16
I am 12
I am 29
I am 20
I am 21
I am 15
I am 23
I am 17
I am 5
I am 11
I am 19
I am 7
I am 10
I am 24
I am 26
I am 6
I am 27
I am 28
I am 13
I am 3
I am 18
I am 34
entering dynamic phase

----- REMOTE CPU LOAD (memory node dir-threads, 2s window) -----
  dir 0: active=  0.00%  msgs=0           0 ns/msg
  dir 1: active=  0.00%  msgs=0           0 ns/msg
  AGGREGATE active = 0.00% (of 2 dir-threads; 0.00% per-thread avg)  msgs=0
[CPU compute ] process= 46.53% of 80 cores   system= 46.54%   (window 2s)

----- REMOTE CPU LOAD (memory node dir-threads, 2s window) -----
  dir 0: active=  0.00%  msgs=0           0 ns/msg
  dir 1: active=  0.00%  msgs=0           0 ns/msg
  AGGREGATE active = 0.00% (of 2 dir-threads; 0.00% per-thread avg)  msgs=0
[CPU compute ] process= 47.50% of 80 cores   system= 47.51%   (window 2s)

----- REMOTE CPU LOAD (memory node dir-threads, 2s window) -----
  dir 0: active=  0.00%  msgs=0           0 ns/msg
  dir 1: active=  0.00%  msgs=0           0 ns/msg
  AGGREGATE active = 0.00% (of 2 dir-threads; 0.00% per-thread avg)  msgs=0
[CPU compute ] process= 47.50% of 80 cores   system= 48.54%   (window 2s)

----- REMOTE CPU LOAD (memory node dir-threads, 2s window) -----
  dir 0: active=  0.00%  msgs=0           0 ns/msg
  dir 1: active=  0.00%  msgs=0           0 ns/msg
  AGGREGATE active = 0.00% (of 2 dir-threads; 0.00% per-thread avg)  msgs=0
[CPU compute ] process= 47.50% of 80 cores   system= 47.51%   (window 2s)

----- REMOTE CPU LOAD (memory node dir-threads, 2s window) -----
  dir 0: active=  0.00%  msgs=0           0 ns/msg
  dir 1: active=  0.00%  msgs=0           0 ns/msg
  AGGREGATE active = 0.00% (of 2 dir-threads; 0.00% per-thread avg)  msgs=0
[CPU compute ] process= 47.50% of 80 cores   system= 47.51%   (window 2s)

----- REMOTE CPU LOAD (memory node dir-threads, 2s window) -----
  dir 0: active=  0.00%  msgs=0           0 ns/msg
  dir 1: active=  0.00%  msgs=0           0 ns/msg
  AGGREGATE active = 0.00% (of 2 dir-threads; 0.00% per-thread avg)  msgs=0
[CPU compute ] process= 47.49% of 80 cores   system= 47.52%   (window 2s)

----- REMOTE CPU LOAD (memory node dir-threads, 2s window) -----
  dir 0: active=  0.00%  msgs=0           0 ns/msg
  dir 1: active=  0.00%  msgs=0           0 ns/msg
  AGGREGATE active = 0.00% (of 2 dir-threads; 0.00% per-thread avg)  msgs=0
[CPU compute ] process= 47.50% of 80 cores   system= 47.51%   (window 2s)

----- REMOTE CPU LOAD (memory node dir-threads, 2s window) -----
  dir 0: active=  0.00%  msgs=0           0 ns/msg
  dir 1: active=  0.00%  msgs=0           0 ns/msg
  AGGREGATE active = 0.00% (of 2 dir-threads; 0.00% per-thread avg)  msgs=0
[CPU compute ] process= 47.50% of 80 cores   system= 48.60%   (window 2s)

----- REMOTE CPU LOAD (memory node dir-threads, 2s window) -----
  dir 0: active=  0.00%  msgs=0           0 ns/msg
  dir 1: active=  0.00%  msgs=0           0 ns/msg
  AGGREGATE active = 0.00% (of 2 dir-threads; 0.00% per-thread avg)  msgs=0
[CPU compute ] process= 47.49% of 80 cores   system= 47.52%   (window 2s)

----- REMOTE CPU LOAD (memory node dir-threads, 2s window) -----
  dir 0: active=  0.00%  msgs=0           0 ns/msg
  dir 1: active=  0.00%  msgs=0           0 ns/msg
  AGGREGATE active = 0.00% (of 2 dir-threads; 0.00% per-thread avg)  msgs=0
[CPU compute ] process= 47.50% of 80 cores   system= 47.52%   (window 2s)

----- REMOTE CPU LOAD (memory node dir-threads, 2s window) -----
  dir 0: active=  0.00%  msgs=0           0 ns/msg
  dir 1: active=  0.00%  msgs=0           0 ns/msg
  AGGREGATE active = 0.00% (of 2 dir-threads; 0.00% per-thread avg)  msgs=0
[CPU compute ] process= 47.50% of 80 cores   system= 47.51%   (window 2s)
Thread_op_num = 833333

----- REMOTE CPU LOAD (memory node dir-threads, 2s window) -----
  dir 0: active=  0.00%  msgs=0           0 ns/msg
  dir 1: active=  0.00%  msgs=0           0 ns/msg
  AGGREGATE active = 0.00% (of 2 dir-threads; 0.00% per-thread avg)  msgs=0
[CPU compute ] process= 47.50% of 80 cores   system= 47.52%   (window 2s)
node 0 finish warmup

----- REMOTE CPU LOAD (memory node dir-threads, 2s window) -----
  dir 0: active=  0.00%  msgs=0           0 ns/msg
  dir 1: active=  0.00%  msgs=0           0 ns/msg
  AGGREGATE active = 0.00% (of 2 dir-threads; 0.00% per-thread avg)  msgs=0
[CPU compute ] process= 47.49% of 80 cores   system= 48.66%   (window 2s)
Start collecting the statistic

----- REMOTE CPU LOAD (memory node dir-threads, 2s window) -----
  dir 0: active=  0.00%  msgs=0           0 ns/msg
  dir 1: active=  0.00%  msgs=0           0 ns/msg
  AGGREGATE active = 0.00% (of 2 dir-threads; 0.00% per-thread avg)  msgs=0
[CPU compute ] process= 47.49% of 80 cores   system= 47.51%   (window 2s)
0, throughput 0.8920
cluster throughput 0.892

----- REMOTE CPU LOAD (memory node dir-threads, 2s window) -----
  dir 0: active=  0.00%  msgs=0           0 ns/msg
  dir 1: active=  0.00%  msgs=0           0 ns/msg
  AGGREGATE active = 0.00% (of 2 dir-threads; 0.00% per-thread avg)  msgs=0
[CPU compute ] process= 47.49% of 80 cores   system= 47.51%   (window 2s)
0, throughput 0.8897
cluster throughput 0.889

----- REMOTE CPU LOAD (memory node dir-threads, 2s window) -----
  dir 0: active=  0.00%  msgs=0           0 ns/msg
  dir 1: active=  0.00%  msgs=0           0 ns/msg
  AGGREGATE active = 0.00% (of 2 dir-threads; 0.00% per-thread avg)  msgs=0
[CPU compute ] process= 47.53% of 80 cores   system= 47.53%   (window 2s)
0, throughput 0.8893
cluster throughput 0.889

----- REMOTE CPU LOAD (memory node dir-threads, 2s window) -----
  dir 0: active=  0.00%  msgs=0           0 ns/msg
  dir 1: active=  0.00%  msgs=0           0 ns/msg
  AGGREGATE active = 0.00% (of 2 dir-threads; 0.00% per-thread avg)  msgs=0
[CPU compute ] process= 47.49% of 80 cores   system= 47.51%   (window 2s)
0, throughput 0.8892
cluster throughput 0.889

----- REMOTE CPU LOAD (memory node dir-threads, 2s window) -----
  dir 0: active=  0.00%  msgs=0           0 ns/msg
  dir 1: active=  0.00%  msgs=0           0 ns/msg
  AGGREGATE active = 0.00% (of 2 dir-threads; 0.00% per-thread avg)  msgs=0
[CPU compute ] process= 47.49% of 80 cores   system= 48.63%   (window 2s)
0, throughput 0.8870
cluster throughput 0.886

----- REMOTE CPU LOAD (memory node dir-threads, 2s window) -----
  dir 0: active=  0.00%  msgs=0           0 ns/msg
  dir 1: active=  0.00%  msgs=0           0 ns/msg
  AGGREGATE active = 0.00% (of 2 dir-threads; 0.00% per-thread avg)  msgs=0
[CPU compute ] process= 47.49% of 80 cores   system= 47.51%   (window 2s)
0, throughput 0.8933
cluster throughput 0.893

----- REMOTE CPU LOAD (memory node dir-threads, 2s window) -----
  dir 0: active=  0.00%  msgs=0           0 ns/msg
  dir 1: active=  0.00%  msgs=0           0 ns/msg
  AGGREGATE active = 0.00% (of 2 dir-threads; 0.00% per-thread avg)  msgs=0
[CPU compute ] process= 47.52% of 80 cores   system= 47.52%   (window 2s)
0, throughput 0.8931
cluster throughput 0.893

----- REMOTE CPU LOAD (memory node dir-threads, 2s window) -----
  dir 0: active=  0.00%  msgs=0           0 ns/msg
  dir 1: active=  0.00%  msgs=0           0 ns/msg
  AGGREGATE active = 0.00% (of 2 dir-threads; 0.00% per-thread avg)  msgs=0
[CPU compute ] process= 47.49% of 80 cores   system= 47.51%   (window 2s)
0, throughput 0.8928
cluster throughput 0.892

----- REMOTE CPU LOAD (memory node dir-threads, 2s window) -----
  dir 0: active=  0.00%  msgs=0           0 ns/msg
  dir 1: active=  0.00%  msgs=0           0 ns/msg
  AGGREGATE active = 0.00% (of 2 dir-threads; 0.00% per-thread avg)  msgs=0
[CPU compute ] process= 47.49% of 80 cores   system= 47.51%   (window 2s)
0, throughput 0.8934
cluster throughput 0.893

----- REMOTE CPU LOAD (memory node dir-threads, 2s window) -----
  dir 0: active=  0.00%  msgs=0           0 ns/msg
  dir 1: active=  0.00%  msgs=0           0 ns/msg
  AGGREGATE active = 0.00% (of 2 dir-threads; 0.00% per-thread avg)  msgs=0
[CPU compute ] process= 47.50% of 80 cores   system= 48.51%   (window 2s)
0, throughput 0.8903
cluster throughput 0.890

----- REMOTE CPU LOAD (memory node dir-threads, 2s window) -----
  dir 0: active=  0.00%  msgs=0           0 ns/msg
  dir 1: active=  0.00%  msgs=0           0 ns/msg
  AGGREGATE active = 0.00% (of 2 dir-threads; 0.00% per-thread avg)  msgs=0
[CPU compute ] process= 47.51% of 80 cores   system= 47.52%   (window 2s)
0, throughput 0.8926
cluster throughput 0.892

----- REMOTE CPU LOAD (memory node dir-threads, 2s window) -----
  dir 0: active=  0.00%  msgs=0           0 ns/msg
  dir 1: active=  0.00%  msgs=0           0 ns/msg
  AGGREGATE active = 0.00% (of 2 dir-threads; 0.00% per-thread avg)  msgs=0
[CPU compute ] process= 47.49% of 80 cores   system= 47.51%   (window 2s)
0, throughput 0.8926
cluster throughput 0.892

----- REMOTE CPU LOAD (memory node dir-threads, 2s window) -----
  dir 0: active=  0.00%  msgs=0           0 ns/msg
  dir 1: active=  0.00%  msgs=0           0 ns/msg
  AGGREGATE active = 0.00% (of 2 dir-threads; 0.00% per-thread avg)  msgs=0
[CPU compute ] process= 47.49% of 80 cores   system= 47.52%   (window 2s)
0, throughput 0.8912
cluster throughput 0.891

----- REMOTE CPU LOAD (memory node dir-threads, 2s window) -----
  dir 0: active=  0.00%  msgs=0           0 ns/msg
  dir 1: active=  0.00%  msgs=0           0 ns/msg
  AGGREGATE active = 0.00% (of 2 dir-threads; 0.00% per-thread avg)  msgs=0
[CPU compute ] process= 47.51% of 80 cores   system= 47.52%   (window 2s)
0, throughput 0.8918
cluster throughput 0.891

----- REMOTE CPU LOAD (memory node dir-threads, 2s window) -----
  dir 0: active=  0.00%  msgs=0           0 ns/msg
  dir 1: active=  0.00%  msgs=0           0 ns/msg
  AGGREGATE active = 0.00% (of 2 dir-threads; 0.00% per-thread avg)  msgs=0
[CPU compute ] process= 47.49% of 80 cores   system= 48.56%   (window 2s)
0, throughput 0.8887
cluster throughput 0.888

----- REMOTE CPU LOAD (memory node dir-threads, 2s window) -----
  dir 0: active=  0.00%  msgs=0           0 ns/msg
  dir 1: active=  0.00%  msgs=0           0 ns/msg
  AGGREGATE active = 0.00% (of 2 dir-threads; 0.00% per-thread avg)  msgs=0
[CPU compute ] process= 47.50% of 80 cores   system= 47.51%   (window 2s)
0, throughput 0.8918
cluster throughput 0.891

----- REMOTE CPU LOAD (memory node dir-threads, 2s window) -----
  dir 0: active=  0.00%  msgs=0           0 ns/msg
  dir 1: active=  0.00%  msgs=0           0 ns/msg
  AGGREGATE active = 0.00% (of 2 dir-threads; 0.00% per-thread avg)  msgs=0
[CPU compute ] process= 12.64% of 80 cores   system= 12.65%   (window 2s)
0, throughput 0.1840
cluster throughput 0.184

----- REMOTE CPU LOAD (memory node dir-threads, 2s window) -----
  dir 0: active=  0.00%  msgs=0           0 ns/msg
  dir 1: active=  0.00%  msgs=0           0 ns/msg
  AGGREGATE active = 0.00% (of 2 dir-threads; 0.00% per-thread avg)  msgs=0
[CPU compute ] process=  2.50% of 80 cores   system=  2.51%   (window 2s)
0, throughput 0.0000
cluster throughput 0.000
The time duration = 36 seconds

----- REMOTE CPU LOAD (memory node dir-threads, 2s window) -----
  dir 0: active=  0.00%  msgs=0           0 ns/msg
  dir 1: active=  0.00%  msgs=0           0 ns/msg
  AGGREGATE active = 0.00% (of 2 dir-threads; 0.00% per-thread avg)  msgs=0
[CPU compute ] process=  2.50% of 80 cores   system=  2.51%   (window 2s)

==================== LATENCY BUCKETS (500 ns) [node 0] ====================
[RANGE]
  ALL                n=28892526   mean=   40.34us  p50=  41.00us  p90=  48.50us  p99=  55.00us  p99.9=  61.50us  max>=927.50us
  LOCAL (cache hit)         (no samples)
  REMOTE (miss/rpc)  n=28892526   mean=   40.34us  p50=  41.00us  p90=  48.50us  p99=  55.00us  p99.9=  61.50us  max>=927.50us
[ALL OPS]
  ALL                n=28892526   mean=   40.34us  p50=  41.00us  p90=  48.50us  p99=  55.00us  p99.9=  61.50us  max>=927.50us
  LOCAL (cache hit)         (no samples)
  REMOTE (miss/rpc)  n=28892526   mean=   40.34us  p50=  41.00us  p90=  48.50us  p99=  55.00us  p99.9=  61.50us  max>=927.50us

----- 500 ns bucket CDF (all ops) [node 0] -----
  bucket [lo,hi) ns             count        pct       cdf
  [     7000,     7500)            5    0.0000%   0.0000%
  [     7500,     8000)           26    0.0001%   0.0001%
  [     8000,     8500)          116    0.0004%   0.0005%
  [     8500,     9000)          370    0.0013%   0.0018%
  [     9000,     9500)          828    0.0029%   0.0047%
  [     9500,    10000)         1494    0.0052%   0.0098%
  [    10000,    10500)         1904    0.0066%   0.0164%
  [    10500,    11000)         2177    0.0075%   0.0240%
  [    11000,    11500)         2464    0.0085%   0.0325%
  [    11500,    12000)         2741    0.0095%   0.0420%
  [    12000,    12500)         3273    0.0113%   0.0533%
  [    12500,    13000)         3942    0.0136%   0.0669%
  [    13000,    13500)         4375    0.0151%   0.0821%
  [    13500,    14000)         4895    0.0169%   0.0990%
  [    14000,    14500)         5314    0.0184%   0.1174%
  [    14500,    15000)         5778    0.0200%   0.1374%
  [    15000,    15500)         6071    0.0210%   0.1584%
  [    15500,    16000)         6326    0.0219%   0.1803%
  [    16000,    16500)         6859    0.0237%   0.2041%
  [    16500,    17000)         8188    0.0283%   0.2324%
  [    17000,    17500)        10260    0.0355%   0.2679%
  [    17500,    18000)        12570    0.0435%   0.3114%
  [    18000,    18500)        14602    0.0505%   0.3620%
  [    18500,    19000)        16459    0.0570%   0.4189%
  [    19000,    19500)        18353    0.0635%   0.4824%
  [    19500,    20000)        20486    0.0709%   0.5533%
  [    20000,    20500)        23224    0.0804%   0.6337%
  [    20500,    21000)        25907    0.0897%   0.7234%
  [    21000,    21500)        28826    0.0998%   0.8232%
  [    21500,    22000)        32288    0.1118%   0.9349%
  [    22000,    22500)        35415    0.1226%   1.0575%
  [    22500,    23000)        38664    0.1338%   1.1913%
  [    23000,    23500)        41951    0.1452%   1.3365%
  [    23500,    24000)        45621    0.1579%   1.4944%
  [    24000,    24500)        51933    0.1797%   1.6742%
  [    24500,    25000)        61326    0.2123%   1.8864%
  [    25000,    25500)        71908    0.2489%   2.1353%
  [    25500,    26000)        83166    0.2878%   2.4231%
  [    26000,    26500)        95590    0.3308%   2.7540%
  [    26500,    27000)       107995    0.3738%   3.1278%
  [    27000,    27500)       120325    0.4165%   3.5442%
  [    27500,    28000)       135229    0.4680%   4.0123%
  [    28000,    28500)       149449    0.5173%   4.5295%
  [    28500,    29000)       165254    0.5720%   5.1015%
  [    29000,    29500)       183199    0.6341%   5.7356%
  [    29500,    30000)       201326    0.6968%   6.4324%
  [    30000,    30500)       218947    0.7578%   7.1902%
  [    30500,    31000)       237046    0.8204%   8.0106%
  [    31000,    31500)       263011    0.9103%   8.9209%
  [    31500,    32000)       286815    0.9927%   9.9136%
  [    32000,    32500)       318229    1.1014%  11.0150%
  [    32500,    33000)       359329    1.2437%  12.2587%
  [    33000,    33500)       408305    1.4132%  13.6719%
  [    33500,    34000)       454913    1.5745%  15.2464%
  [    34000,    34500)       503086    1.7412%  16.9876%
  [    34500,    35000)       548275    1.8976%  18.8853%
  [    35000,    35500)       588772    2.0378%  20.9231%
  [    35500,    36000)       630037    2.1806%  23.1037%
  [    36000,    36500)       675690    2.3386%  25.4423%
  [    36500,    37000)       719602    2.4906%  27.9329%
  [    37000,    37500)       768710    2.6606%  30.5935%
  [    37500,    38000)       805825    2.7890%  33.3826%
  [    38000,    38500)       828188    2.8664%  36.2490%
  [    38500,    39000)       840261    2.9082%  39.1572%
  [    39000,    39500)       872242    3.0189%  42.1761%
  [    39500,    40000)       894305    3.0953%  45.2714%
  [    40000,    40500)       925316    3.2026%  48.4740%
  [    40500,    41000)       946844    3.2771%  51.7512%
  [    41000,    41500)       962340    3.3308%  55.0819%
  [    41500,    42000)       964883    3.3396%  58.4215%
  [    42000,    42500)       951281    3.2925%  61.7140%
  [    42500,    43000)       929013    3.2154%  64.9294%
  [    43000,    43500)       903841    3.1283%  68.0577%
  [    43500,    44000)       878266    3.0398%  71.0974%
  [    44000,    44500)       840425    2.9088%  74.0062%
  [    44500,    45000)       800441    2.7704%  76.7766%
  [    45000,    45500)       746720    2.5845%  79.3611%
  [    45500,    46000)       698823    2.4187%  81.7798%
  [    46000,    46500)       641285    2.2196%  83.9994%
  [    46500,    47000)       590138    2.0425%  86.0419%
  [    47000,    47500)       518637    1.7951%  87.8369%
  [    47500,    48000)       468354    1.6210%  89.4580%
  [    48000,    48500)       425472    1.4726%  90.9306%
  [    48500,    49000)       380281    1.3162%  92.2468%
  [    49000,    49500)       333315    1.1536%  93.4004%
  [    49500,    50000)       289968    1.0036%  94.4040%
  [    50000,    50500)       251916    0.8719%  95.2759%
  [    50500,    51000)       218329    0.7557%  96.0316%
  [    51000,    51500)       188453    0.6523%  96.6838%
  [    51500,    52000)       161294    0.5583%  97.2421%
  [    52000,    52500)       138142    0.4781%  97.7202%
  [    52500,    53000)       116727    0.4040%  98.1242%
  [    53000,    53500)        96449    0.3338%  98.4580%
  [    53500,    54000)        78917    0.2731%  98.7312%
  [    54000,    54500)        66803    0.2312%  98.9624%
  [    54500,    55000)        56049    0.1940%  99.1564%
  [    55000,    55500)        45488    0.1574%  99.3138%
  [    55500,    56000)        36359    0.1258%  99.4397%
  [    56000,    56500)        29195    0.1010%  99.5407%
  [    56500,    57000)        23873    0.0826%  99.6233%
  [    57000,    57500)        19223    0.0665%  99.6899%
  [    57500,    58000)        15280    0.0529%  99.7428%
  [    58000,    58500)        12356    0.0428%  99.7855%
  [    58500,    59000)         9855    0.0341%  99.8196%
  [    59000,    59500)         7637    0.0264%  99.8461%
  [    59500,    60000)         6222    0.0215%  99.8676%
  [    60000,    60500)         4904    0.0170%  99.8846%
  [    60500,    61000)         3942    0.0136%  99.8982%
  [    61000,    61500)         3167    0.0110%  99.9092%
  [    61500,    62000)         2524    0.0087%  99.9179%
  [    62000,    62500)         1935    0.0067%  99.9246%
  [    62500,    63000)         1722    0.0060%  99.9306%
  [    63000,    63500)         1456    0.0050%  99.9356%
  [    63500,    64000)         1244    0.0043%  99.9399%
  [    64000,    64500)         1047    0.0036%  99.9435%
  [    64500,    65000)          924    0.0032%  99.9467%
  [    65000,    65500)          806    0.0028%  99.9495%
  [    65500,    66000)          722    0.0025%  99.9520%
  [    66000,    66500)          659    0.0023%  99.9543%
  [    66500,    67000)          604    0.0021%  99.9564%
  [    67000,    67500)          585    0.0020%  99.9584%
  [    67500,    68000)          471    0.0016%  99.9600%
  [    68000,    68500)          460    0.0016%  99.9616%
  [    68500,    69000)          408    0.0014%  99.9630%
  [    69000,    69500)          451    0.0016%  99.9646%
  [    69500,    70000)          403    0.0014%  99.9660%
  [    70000,    70500)          406    0.0014%  99.9674%
  [    70500,    71000)          338    0.0012%  99.9686%
  [    71000,    71500)          307    0.0011%  99.9696%
  [    71500,    72000)          315    0.0011%  99.9707%
  [    72000,    72500)          292    0.0010%  99.9717%
  [    72500,    73000)          305    0.0011%  99.9728%
  [    73000,    73500)          255    0.0009%  99.9737%
  [    73500,    74000)          227    0.0008%  99.9745%
  [    74000,    74500)          231    0.0008%  99.9753%
  [    74500,    75000)          205    0.0007%  99.9760%
  [    75000,    75500)          177    0.0006%  99.9766%
  [    75500,    76000)          171    0.0006%  99.9772%
  [    76000,    76500)          186    0.0006%  99.9778%
  [    76500,    77000)          170    0.0006%  99.9784%
  [    77000,    77500)          145    0.0005%  99.9789%
  [    77500,    78000)          143    0.0005%  99.9794%
  [    78000,    78500)          112    0.0004%  99.9798%
  [    78500,    79000)          112    0.0004%  99.9802%
  [    79000,    79500)          111    0.0004%  99.9806%
  [    79500,    80000)          124    0.0004%  99.9810%
  [    80000,    80500)           89    0.0003%  99.9813%
  [    80500,    81000)           78    0.0003%  99.9816%
  [    81000,    81500)           72    0.0002%  99.9818%
  [    81500,    82000)           78    0.0003%  99.9821%
  [    82000,    82500)           70    0.0002%  99.9823%
  [    82500,    83000)           61    0.0002%  99.9825%
  [    83000,    83500)           52    0.0002%  99.9827%
  [    83500,    84000)           56    0.0002%  99.9829%
  [    84000,    84500)           50    0.0002%  99.9831%
  [    84500,    85000)           63    0.0002%  99.9833%
  [    85000,    85500)           58    0.0002%  99.9835%
  [    85500,    86000)           51    0.0002%  99.9837%
  [    86000,    86500)           47    0.0002%  99.9839%
  [    86500,    87000)           58    0.0002%  99.9841%
  [    87000,    87500)           45    0.0002%  99.9842%
  [    87500,    88000)           54    0.0002%  99.9844%
  [    88000,    88500)           60    0.0002%  99.9846%
  [    88500,    89000)           54    0.0002%  99.9848%
  [    89000,    89500)           52    0.0002%  99.9850%
  [    89500,    90000)           41    0.0001%  99.9851%
  [    90000,    90500)           59    0.0002%  99.9853%
  [    90500,    91000)           48    0.0002%  99.9855%
  [    91000,    91500)           41    0.0001%  99.9856%
  [    91500,    92000)           42    0.0001%  99.9858%
  [    92000,    92500)           43    0.0001%  99.9859%
  [    92500,    93000)           60    0.0002%  99.9861%
  [    93000,    93500)           64    0.0002%  99.9863%
  [    93500,    94000)           68    0.0002%  99.9866%
  [    94000,    94500)           64    0.0002%  99.9868%
  [    94500,    95000)           61    0.0002%  99.9870%
  [    95000,    95500)           50    0.0002%  99.9872%
  [    95500,    96000)           77    0.0003%  99.9875%
  [    96000,    96500)           72    0.0002%  99.9877%
  [    96500,    97000)           62    0.0002%  99.9879%
  [    97000,    97500)           71    0.0002%  99.9882%
  [    97500,    98000)           61    0.0002%  99.9884%
  [    98000,    98500)           75    0.0003%  99.9886%
  [    98500,    99000)           65    0.0002%  99.9889%
  [    99000,    99500)           60    0.0002%  99.9891%
  [    99500,   100000)           72    0.0002%  99.9893%
  [   100000,   100500)           59    0.0002%  99.9895%
  [   100500,   101000)           65    0.0002%  99.9897%
  [   101000,   101500)           60    0.0002%  99.9900%
  [   101500,   102000)           61    0.0002%  99.9902%
  [   102000,   102500)           76    0.0003%  99.9904%
  [   102500,   103000)           69    0.0002%  99.9907%
  [   103000,   103500)           65    0.0002%  99.9909%
  [   103500,   104000)           57    0.0002%  99.9911%
  [   104000,   104500)           64    0.0002%  99.9913%
  [   104500,   105000)           53    0.0002%  99.9915%
  [   105000,   105500)           63    0.0002%  99.9917%
  [   105500,   106000)           76    0.0003%  99.9920%
  [   106000,   106500)           61    0.0002%  99.9922%
  [   106500,   107000)           45    0.0002%  99.9923%
  [   107000,   107500)           44    0.0002%  99.9925%
  [   107500,   108000)           49    0.0002%  99.9927%
  [   108000,   108500)           42    0.0001%  99.9928%
  [   108500,   109000)           42    0.0001%  99.9930%
  [   109000,   109500)           50    0.0002%  99.9931%
  [   109500,   110000)           44    0.0002%  99.9933%
  [   110000,   110500)           43    0.0001%  99.9934%
  [   110500,   111000)           42    0.0001%  99.9936%
  [   111000,   111500)           37    0.0001%  99.9937%
  [   111500,   112000)           35    0.0001%  99.9938%
  [   112000,   112500)           36    0.0001%  99.9939%
  [   112500,   113000)           32    0.0001%  99.9941%
  [   113000,   113500)           41    0.0001%  99.9942%
  [   113500,   114000)           37    0.0001%  99.9943%
  [   114000,   114500)           27    0.0001%  99.9944%
  [   114500,   115000)           27    0.0001%  99.9945%
  [   115000,   115500)           36    0.0001%  99.9946%
  [   115500,   116000)           30    0.0001%  99.9947%
  [   116000,   116500)           27    0.0001%  99.9948%
  [   116500,   117000)           27    0.0001%  99.9949%
  [   117000,   117500)           13    0.0000%  99.9950%
  [   117500,   118000)           23    0.0001%  99.9951%
  [   118000,   118500)           15    0.0001%  99.9951%
  [   118500,   119000)           15    0.0001%  99.9952%
  [   119000,   119500)           21    0.0001%  99.9952%
  [   119500,   120000)           14    0.0000%  99.9953%
  [   120000,   120500)           14    0.0000%  99.9953%
  [   120500,   121000)           13    0.0000%  99.9954%
  [   121000,   121500)           16    0.0001%  99.9954%
  [   121500,   122000)           18    0.0001%  99.9955%
  [   122000,   122500)           16    0.0001%  99.9955%
  [   122500,   123000)            7    0.0000%  99.9956%
  [   123000,   123500)           11    0.0000%  99.9956%
  [   123500,   124000)           11    0.0000%  99.9956%
  [   124000,   124500)           13    0.0000%  99.9957%
  [   124500,   125000)           13    0.0000%  99.9957%
  [   125000,   125500)           14    0.0000%  99.9958%
  [   125500,   126000)           15    0.0001%  99.9958%
  [   126000,   126500)            9    0.0000%  99.9959%
  [   126500,   127000)            8    0.0000%  99.9959%
  [   127000,   127500)           14    0.0000%  99.9959%
  [   127500,   128000)           13    0.0000%  99.9960%
  [   128000,   128500)           16    0.0001%  99.9960%
  [   128500,   129000)            7    0.0000%  99.9961%
  [   129000,   129500)            9    0.0000%  99.9961%
  [   129500,   130000)           14    0.0000%  99.9962%
  [   130000,   130500)           14    0.0000%  99.9962%
  [   130500,   131000)           12    0.0000%  99.9962%
  [   131000,   131500)           19    0.0001%  99.9963%
  [   131500,   132000)           17    0.0001%  99.9964%
  [   132000,   132500)           25    0.0001%  99.9965%
  [   132500,   133000)           10    0.0000%  99.9965%
  [   133000,   133500)           17    0.0001%  99.9965%
  [   133500,   134000)            8    0.0000%  99.9966%
  [   134000,   134500)           20    0.0001%  99.9966%
  [   134500,   135000)           20    0.0001%  99.9967%
  [   135000,   135500)           26    0.0001%  99.9968%
  [   135500,   136000)           22    0.0001%  99.9969%
  [   136000,   136500)           23    0.0001%  99.9970%
  [   136500,   137000)           16    0.0001%  99.9970%
  [   137000,   137500)           21    0.0001%  99.9971%
  [   137500,   138000)           13    0.0000%  99.9971%
  [   138000,   138500)           27    0.0001%  99.9972%
  [   138500,   139000)           19    0.0001%  99.9973%
  [   139000,   139500)           26    0.0001%  99.9974%
  [   139500,   140000)           18    0.0001%  99.9974%
  [   140000,   140500)           21    0.0001%  99.9975%
  [   140500,   141000)           21    0.0001%  99.9976%
  [   141000,   141500)           22    0.0001%  99.9977%
  [   141500,   142000)           16    0.0001%  99.9977%
  [   142000,   142500)           24    0.0001%  99.9978%
  [   142500,   143000)           19    0.0001%  99.9979%
  [   143000,   143500)           16    0.0001%  99.9979%
  [   143500,   144000)           17    0.0001%  99.9980%
  [   144000,   144500)            9    0.0000%  99.9980%
  [   144500,   145000)           13    0.0000%  99.9981%
  [   145000,   145500)           13    0.0000%  99.9981%
  [   145500,   146000)           13    0.0000%  99.9981%
  [   146000,   146500)           14    0.0000%  99.9982%
  [   146500,   147000)           12    0.0000%  99.9982%
  [   147000,   147500)           19    0.0001%  99.9983%
  [   147500,   148000)           13    0.0000%  99.9983%
  [   148000,   148500)           11    0.0000%  99.9984%
  [   148500,   149000)           14    0.0000%  99.9984%
  [   149000,   149500)           16    0.0001%  99.9985%
  [   149500,   150000)            6    0.0000%  99.9985%
  [   150000,   150500)            8    0.0000%  99.9985%
  [   150500,   151000)           12    0.0000%  99.9986%
  [   151000,   151500)            7    0.0000%  99.9986%
  [   151500,   152000)            6    0.0000%  99.9986%
  [   152000,   152500)            9    0.0000%  99.9987%
  [   152500,   153000)           13    0.0000%  99.9987%
  [   153000,   153500)            5    0.0000%  99.9987%
  [   153500,   154000)           10    0.0000%  99.9988%
  [   154000,   154500)            7    0.0000%  99.9988%
  [   154500,   155000)            6    0.0000%  99.9988%
  [   155000,   155500)            7    0.0000%  99.9988%
  [   155500,   156000)            4    0.0000%  99.9988%
  [   156000,   156500)            6    0.0000%  99.9989%
  [   156500,   157000)            6    0.0000%  99.9989%
  [   157000,   157500)            7    0.0000%  99.9989%
  [   157500,   158000)            5    0.0000%  99.9989%
  [   158000,   158500)            7    0.0000%  99.9989%
  [   158500,   159000)            4    0.0000%  99.9990%
  [   159000,   159500)            4    0.0000%  99.9990%
  [   159500,   160000)            2    0.0000%  99.9990%
  [   160000,   160500)            2    0.0000%  99.9990%
  [   160500,   161000)            5    0.0000%  99.9990%
  [   161000,   161500)            2    0.0000%  99.9990%
  [   161500,   162000)            1    0.0000%  99.9990%
  [   162000,   162500)            1    0.0000%  99.9990%
  [   162500,   163000)            1    0.0000%  99.9990%
  [   163500,   164000)            2    0.0000%  99.9990%
  [   164500,   165000)            3    0.0000%  99.9990%
  [   165500,   166000)            1    0.0000%  99.9990%
  [   166500,   167000)            2    0.0000%  99.9990%
  [   167000,   167500)            1    0.0000%  99.9991%
  [   167500,   168000)            1    0.0000%  99.9991%
  [   168000,   168500)            1    0.0000%  99.9991%
  [   169500,   170000)            1    0.0000%  99.9991%
  [   171000,   171500)            1    0.0000%  99.9991%
  [   172500,   173000)            1    0.0000%  99.9991%
  [   176500,   177000)            1    0.0000%  99.9991%
  [   246500,   247000)            1    0.0000%  99.9991%
  [   248000,   248500)            2    0.0000%  99.9991%
  [   249000,   249500)            1    0.0000%  99.9991%
  [   249500,   250000)            1    0.0000%  99.9991%
  [   254000,   254500)            1    0.0000%  99.9991%
  [   258000,   258500)            1    0.0000%  99.9991%
  [   259500,   260000)            1    0.0000%  99.9991%
  [   260000,   260500)            1    0.0000%  99.9991%
  [   263500,   264000)            1    0.0000%  99.9991%
  [   264500,   265000)            3    0.0000%  99.9991%
  [   271500,   272000)            1    0.0000%  99.9991%
  [   273500,   274000)            1    0.0000%  99.9991%
  [   274000,   274500)            1    0.0000%  99.9991%
  [   309000,   309500)            1    0.0000%  99.9991%
  [   310500,   311000)            1    0.0000%  99.9991%
  [   311000,   311500)            1    0.0000%  99.9991%
  [   311500,   312000)            1    0.0000%  99.9991%
  [   316000,   316500)            2    0.0000%  99.9991%
  [   316500,   317000)            3    0.0000%  99.9992%
  [   317000,   317500)            1    0.0000%  99.9992%
  [   318000,   318500)            2    0.0000%  99.9992%
  [   318500,   319000)            1    0.0000%  99.9992%
  [   319000,   319500)            4    0.0000%  99.9992%
  [   319500,   320000)            4    0.0000%  99.9992%
  [   320000,   320500)            2    0.0000%  99.9992%
  [   320500,   321000)            3    0.0000%  99.9992%
  [   321000,   321500)            1    0.0000%  99.9992%
  [   321500,   322000)            2    0.0000%  99.9992%
  [   322000,   322500)            4    0.0000%  99.9992%
  [   322500,   323000)            2    0.0000%  99.9992%
  [   323000,   323500)            3    0.0000%  99.9993%
  [   323500,   324000)            1    0.0000%  99.9993%
  [   324000,   324500)            2    0.0000%  99.9993%
  [   324500,   325000)            5    0.0000%  99.9993%
  [   325000,   325500)            2    0.0000%  99.9993%
  [   325500,   326000)            2    0.0000%  99.9993%
  [   326000,   326500)            1    0.0000%  99.9993%
  [   326500,   327000)            2    0.0000%  99.9993%
  [   327000,   327500)            1    0.0000%  99.9993%
  [   327500,   328000)            3    0.0000%  99.9993%
  [   328000,   328500)            1    0.0000%  99.9993%
  [   328500,   329000)            2    0.0000%  99.9993%
  [   329000,   329500)            3    0.0000%  99.9993%
  [   329500,   330000)            1    0.0000%  99.9993%
  [   330000,   330500)            2    0.0000%  99.9994%
  [   330500,   331000)            6    0.0000%  99.9994%
  [   331000,   331500)            2    0.0000%  99.9994%
  [   331500,   332000)            2    0.0000%  99.9994%
  [   332000,   332500)            1    0.0000%  99.9994%
  [   332500,   333000)            1    0.0000%  99.9994%
  [   333000,   333500)            1    0.0000%  99.9994%
  [   333500,   334000)            1    0.0000%  99.9994%
  [   334000,   334500)            1    0.0000%  99.9994%
  [   334500,   335000)            3    0.0000%  99.9994%
  [   335000,   335500)            1    0.0000%  99.9994%
  [   335500,   336000)            2    0.0000%  99.9994%
  [   336000,   336500)            4    0.0000%  99.9994%
  [   336500,   337000)            6    0.0000%  99.9995%
  [   337000,   337500)            2    0.0000%  99.9995%
  [   337500,   338000)            1    0.0000%  99.9995%
  [   338000,   338500)            1    0.0000%  99.9995%
  [   338500,   339000)            2    0.0000%  99.9995%
  [   339000,   339500)            1    0.0000%  99.9995%
  [   340000,   340500)            1    0.0000%  99.9995%
  [   340500,   341000)            1    0.0000%  99.9995%
  [   341000,   341500)            5    0.0000%  99.9995%
  [   341500,   342000)            2    0.0000%  99.9995%
  [   342000,   342500)            1    0.0000%  99.9995%
  [   342500,   343000)            1    0.0000%  99.9995%
  [   343500,   344000)            3    0.0000%  99.9995%
  [   344500,   345000)            1    0.0000%  99.9995%
  [   345000,   345500)            1    0.0000%  99.9995%
  [   345500,   346000)            2    0.0000%  99.9996%
  [   346000,   346500)            3    0.0000%  99.9996%
  [   346500,   347000)            3    0.0000%  99.9996%
  [   347500,   348000)            2    0.0000%  99.9996%
  [   348000,   348500)            1    0.0000%  99.9996%
  [   348500,   349000)            2    0.0000%  99.9996%
  [   349500,   350000)            1    0.0000%  99.9996%
  [   350000,   350500)            1    0.0000%  99.9996%
  [   351000,   351500)            1    0.0000%  99.9996%
  [   351500,   352000)            1    0.0000%  99.9996%
  [   352000,   352500)            2    0.0000%  99.9996%
  [   352500,   353000)            1    0.0000%  99.9996%
  [   353500,   354000)            1    0.0000%  99.9996%
  [   355000,   355500)            1    0.0000%  99.9996%
  [   356000,   356500)            1    0.0000%  99.9996%
  [   356500,   357000)            1    0.0000%  99.9996%
  [   623000,   623500)            1    0.0000%  99.9996%
  [   626500,   627000)            2    0.0000%  99.9996%
  [   630000,   630500)            1    0.0000%  99.9996%
  [   630500,   631000)            1    0.0000%  99.9996%
  [   631000,   631500)            2    0.0000%  99.9997%
  [   631500,   632000)            1    0.0000%  99.9997%
  [   632000,   632500)            2    0.0000%  99.9997%
  [   632500,   633000)            1    0.0000%  99.9997%
  [   633000,   633500)            2    0.0000%  99.9997%
  [   635500,   636000)            1    0.0000%  99.9997%
  [   636500,   637000)            1    0.0000%  99.9997%
  [   637500,   638000)            2    0.0000%  99.9997%
  [   638000,   638500)            1    0.0000%  99.9997%
  [   638500,   639000)            2    0.0000%  99.9997%
  [   639500,   640000)            1    0.0000%  99.9997%
  [   641500,   642000)            1    0.0000%  99.9997%
  [   642000,   642500)            1    0.0000%  99.9997%
  [   643500,   644000)            1    0.0000%  99.9997%
  [   644000,   644500)            1    0.0000%  99.9997%
  [   645000,   645500)            2    0.0000%  99.9997%
  [   646000,   646500)            3    0.0000%  99.9997%
  [   648000,   648500)            3    0.0000%  99.9997%
  [   650500,   651000)            1    0.0000%  99.9997%
  [   651000,   651500)            1    0.0000%  99.9997%
  [   654000,   654500)            1    0.0000%  99.9998%
  [   888500,   889000)            1    0.0000%  99.9998%
  [   889500,   890000)            1    0.0000%  99.9998%
  [   890000,   890500)            1    0.0000%  99.9998%
  [   892500,   893000)            1    0.0000%  99.9998%
  [   893000,   893500)            1    0.0000%  99.9998%
  [   893500,   894000)            2    0.0000%  99.9998%
  [   894000,   894500)            1    0.0000%  99.9998%
  [   894500,   895000)            1    0.0000%  99.9998%
  [   897000,   897500)            3    0.0000%  99.9998%
  [   897500,   898000)            1    0.0000%  99.9998%
  [   898000,   898500)            2    0.0000%  99.9998%
  [   898500,   899000)            1    0.0000%  99.9998%
  [   899000,   899500)            2    0.0000%  99.9998%
  [   900000,   900500)            1    0.0000%  99.9998%
  [   900500,   901000)            2    0.0000%  99.9998%
  [   901500,   902000)            1    0.0000%  99.9998%
  [   902000,   902500)            5    0.0000%  99.9998%
  [   902500,   903000)            4    0.0000%  99.9999%
  [   903000,   903500)            2    0.0000%  99.9999%
  [   904000,   904500)            2    0.0000%  99.9999%
  [   904500,   905000)            2    0.0000%  99.9999%
  [   905000,   905500)            2    0.0000%  99.9999%
  [   905500,   906000)            3    0.0000%  99.9999%
  [   906000,   906500)            2    0.0000%  99.9999%
  [   907000,   907500)            1    0.0000%  99.9999%
  [   908500,   909000)            1    0.0000%  99.9999%
  [   909500,   910000)            2    0.0000%  99.9999%
  [   910000,   910500)            1    0.0000%  99.9999%
  [   910500,   911000)            2    0.0000%  99.9999%
  [   911000,   911500)            2    0.0000%  99.9999%
  [   911500,   912000)            1    0.0000%  99.9999%
  [   912500,   913000)            3    0.0000%  99.9999%
  [   913500,   914000)            3    0.0000% 100.0000%
  [   914000,   914500)            1    0.0000% 100.0000%
  [   914500,   915000)            1    0.0000% 100.0000%
  [   915500,   916000)            2    0.0000% 100.0000%
  [   916000,   916500)            1    0.0000% 100.0000%
  [   916500,   917000)            1    0.0000% 100.0000%
  [   918500,   919000)            1    0.0000% 100.0000%
  [   920000,   920500)            1    0.0000% 100.0000%
  [   920500,   921000)            1    0.0000% 100.0000%
  [   921000,   921500)            1    0.0000% 100.0000%
  [   924500,   925000)            1    0.0000% 100.0000%
  [   927000,   927500)            1    0.0000% 100.0000%

----- REMOTE OPERATIONS [node 0] -----
  ops total                = 28892526
  ops local  (cache hit)   = 0 (0.00%)
  ops remote (>=1 net op)  = 28892526 (100.00%)
  remote ops total         = 256948900
    rdma read              = 228056374
    rdma write             = 0
    rdma cas               = 0
    rpc pushdown           = 28892526
  remote ops / op          = 8.8933
  remote ops / remote op   = 8.8933

----- OFFLOADED TASKS [node 0] -----
  lookup pushdowns         = 0
  scan    pushdowns (RPC)  = 28892524
    kv pairs returned      = 2889248939
    leaves scanned remotely= 248923848
    kv / scan pushdown     = 100.00
    leaves / scan pushdown = 8.62
  per-thread breakdown (tid: lookups | scans | kv | leaves):
    t0             0 |     819497 |   81949609 |    7061428
    t1             0 |     768409 |   76840765 |    6620381
    t2             0 |     825571 |   82556923 |    7112244
    t3             0 |     774778 |   77477489 |    6675293
    t4             0 |     826314 |   82631260 |    7118855
    t5             0 |     779891 |   77989049 |    6719093
    t6             0 |     826423 |   82642224 |    7119609
    t7             0 |     775738 |   77573703 |    6683007
    t8             0 |     831144 |   83114303 |    7160116
    t9             0 |     779103 |   77910226 |    6712332
    t10            0 |     829646 |   82964586 |    7148172
    t11            0 |     776062 |   77606070 |    6686767
    t12            0 |     828648 |   82864709 |    7139450
    t13            0 |     777788 |   77778758 |    6700926
    t14            0 |     826432 |   82643116 |    7120572
    t15            0 |     774864 |   77486400 |    6675442
    t16            0 |     827990 |   82798873 |    7133530
    t17            0 |     778579 |   77857771 |    6707129
    t18            0 |     828762 |   82876089 |    7140169
    t19            0 |     776898 |   77689685 |    6693075
    t20            0 |     829785 |   82978451 |    7148918
    t21            0 |     779847 |   77984475 |    6719336
    t22            0 |     827360 |   82735949 |    7127975
    t23            0 |     776159 |   77615858 |    6687044
    t24            0 |     828854 |   82885130 |    7141096
    t25            0 |     779478 |   77947736 |    6716238
    t26            0 |     827235 |   82723261 |    7127479
    t27            0 |     775268 |   77526758 |    6679068
    t28            0 |     831553 |   83155300 |    7164323
    t29            0 |     779146 |   77914370 |    6712309
    t30            0 |     828511 |   82851100 |    7138190
    t31            0 |     779207 |   77920692 |    6712990
    t32            0 |     833333 |   83333217 |    7179931
    t33            0 |     779266 |   77926600 |    6714186
    t34            0 |     829330 |   82932969 |    7144841
    t35            0 |     775655 |   77565465 |    6682334

----- PATH-AWARE CACHE MISS RATE [node 0] -----
  node accesses (hit+miss) = 612553447
  node cache hits          = 384502075 (62.77%)
  MISS RATE                = 37.2296%  (228051372 / 612553447)
  inner-node miss          = 199158846 (87.33% of misses, 32.5129% rate)
  leaf-node  miss          = 28892526 (12.67% of misses, 4.7167% rate)
  total miss               = 228051372
  cache writebacks         = 0
=========================================================================

Round 0 (max_throughput): 0.891176 Mops/s
Round 0 (straggler_throughput): 0.891144 Mops/s
Before barrier finish
Avg. rdma read time(ms) = 0
Avg. rdma write time(ms) = -nan
Avg. rdma read / op = 7.89327
Avg. rdma write / op = 0
Avg. rdma cas / op = 0
Avg. rdma rpc / op = 1
Avg. all rdma / op = 8.89327
Avg. rdma read size/ op = 5162.26
Avg. rdma write size / op = 0
Avg. rdma RW size / op = 5162.26
------------------------------------------
Node 0 average throughput = 0.849118
Node 0 total throughput = 0.891176
All CN throughput (Max) = 0.891176
All CN throughput (Straggler) = 0.891144
Final throughput = 0.891144
------------------------------------------
