Compute node count = 1
kNodeCount 2, kReadRatio 100, kInsertRatio 0, kUpdateRatio 0, kDeleteRatio 0, kRangeRatio 0, totalThreadCount 36, memThreadCount 3 cache_size 512, uniform_workload 0, zipfian 0.990000, bulk_load_num 50000000, warmup_num 10000000, op_num 30000000, check_correctness 0, time_based 0, early_stop 1, index 0, rpc_rate 1.000000, admission_rate 0.100000, auto_tune 0
kMaxThread = 36
KeySpace = 50001000
[GEOMETRY] inner_page=160 leaf_page=512 inner_entries=5 leaf_entries=26 slot=512 placement=mn_only
[4mshared memory size: 64GB, 0x7fef77200000[0m
[4mcache size: 2GB[0m
[4mMachine NR: 2[0m
[4mMax_APP_THREAD: 36[0m
[4mNR_DIRECTORY: 16[0m
[4mStart Build the DSMKeeper[0m
I am servers 0 [255.127.0.0]
I connect server 1
[4mdir 0 launch! (core 79 of 80)
[0m
[4mdir 1 launch! (core 78 of 80)
[0m
[4mdir 2 launch! (core 77 of 80)
[0m
CNode 0, left bound = 0, right bound = 18446744073709551615
Pushdown (RPC) Rate: 1
Admission Rate: 0.1
Cache size(MB) = 512
-----Cache initial addr = 0x7fef3f600000
page num = 1048576
alloc_unit = 512
entry_num: 1048576
bucket_num: 349526
Bucket size = 64
entry_num: 104857
bucket_num: 17477
start generating tree
num_partitions = 1
Success: tree root pointer value [1, 67108864]
finish generating tree
Bulkload num in node 0 = 50000000

----- REMOTE CPU LOAD (memory node dir-threads, 2s window) -----
  dir 0: active=  0.00%  msgs=0           0 ns/msg
  dir 1: active=  0.00%  msgs=0           0 ns/msg
  dir 2: active=  0.00%  msgs=0           0 ns/msg
  AGGREGATE active = 0.00% (of 3 dir-threads; 0.00% per-thread avg)  msgs=0
[CPU compute ] process=  5.01% of 80 cores   system=  7.08%   (window 2s)
First key of bulkloading = 7325973
Last key of bulkloading = 26738230
node warmup num = 9999972
kReadRatio =100
insertmark =100
updatemark =100
deletemark =100
rangemark =100
Finish warmup workload generation

----- REMOTE CPU LOAD (memory node dir-threads, 2s window) -----
  dir 0: active=  0.00%  msgs=0           0 ns/msg
  dir 1: active=  0.00%  msgs=0           0 ns/msg
  dir 2: active=  0.00%  msgs=0           0 ns/msg
  AGGREGATE active = 0.00% (of 3 dir-threads; 0.00% per-thread avg)  msgs=0
[CPU compute ] process=  5.00% of 80 cores   system=  5.01%   (window 2s)

----- REMOTE CPU LOAD (memory node dir-threads, 2s window) -----
  dir 0: active=  0.00%  msgs=0           0 ns/msg
  dir 1: active=  0.00%  msgs=0           0 ns/msg
  dir 2: active=  0.00%  msgs=0           0 ns/msg
  AGGREGATE active = 0.00% (of 3 dir-threads; 0.00% per-thread avg)  msgs=0
[CPU compute ] process=  4.99% of 80 cores   system=  5.01%   (window 2s)

----- REMOTE CPU LOAD (memory node dir-threads, 2s window) -----
  dir 0: active=  0.00%  msgs=0           0 ns/msg
  dir 1: active=  0.00%  msgs=0           0 ns/msg
  dir 2: active=  0.00%  msgs=0           0 ns/msg
  AGGREGATE active = 0.00% (of 3 dir-threads; 0.00% per-thread avg)  msgs=0
[CPU compute ] process=  5.00% of 80 cores   system=  5.01%   (window 2s)
node op_num = 29999988
Finish all workload generation

----- REMOTE CPU LOAD (memory node dir-threads, 2s window) -----
  dir 0: active=  0.00%  msgs=0           0 ns/msg
  dir 1: active=  0.00%  msgs=0           0 ns/msg
  dir 2: active=  0.00%  msgs=0           0 ns/msg
  AGGREGATE active = 0.00% (of 3 dir-threads; 0.00% per-thread avg)  msgs=0
[CPU compute ] process=  5.01% of 80 cores   system=  5.00%   (window 2s)

----- REMOTE CPU LOAD (memory node dir-threads, 2s window) -----
  dir 0: active=  0.00%  msgs=0           0 ns/msg
  dir 1: active=  0.00%  msgs=0           0 ns/msg
  dir 2: active=  0.00%  msgs=0           0 ns/msg
  AGGREGATE active = 0.00% (of 3 dir-threads; 0.00% per-thread avg)  msgs=0
[CPU compute ] process=  5.00% of 80 cores   system=  6.97%   (window 2s)

----- REMOTE CPU LOAD (memory node dir-threads, 2s window) -----
  dir 0: active=  0.00%  msgs=0           0 ns/msg
  dir 1: active=  0.00%  msgs=0           0 ns/msg
  dir 2: active=  0.00%  msgs=0           0 ns/msg
  AGGREGATE active = 0.00% (of 3 dir-threads; 0.00% per-thread avg)  msgs=0
[CPU compute ] process=  5.00% of 80 cores   system=  5.01%   (window 2s)
Fetched new height = 1
Success: tree root pointer value [1, 67109888]
Height = 2
Success: tree root pointer value [1, 67112448]
Height = 3
Success: tree root pointer value [1, 67118080]
Height = 4
Success: tree root pointer value [1, 67129856]
Height = 5
Success: tree root pointer value [1, 67153920]
Height = 6
Success: tree root pointer value [1, 67202560]
Height = 7
Success: tree root pointer value [1, 67300352]
Height = 8
Success: tree root pointer value [1, 67496448]
Height = 9
Success: tree root pointer value [1, 67889152]
Height = 10
Success: tree root pointer value [1, 68675072]
Height = 11
Success: tree root pointer value [1, 70247424]
Height = 12
Success: tree root pointer value [1, 73392640]
Height = 13
Success: tree root pointer value [1, 79683584]
Height = 14
Success: tree root pointer value [1, 92265984]
Height = 15
Success: tree root pointer value [1, 22990369621]
Height = 16
Success: tree root pointer value [1, 45913639082]
Height = 17

----- REMOTE CPU LOAD (memory node dir-threads, 2s window) -----
  dir 0: active=  0.00%  msgs=0           0 ns/msg
  dir 1: active=  0.00%  msgs=0           0 ns/msg
  dir 2: active=  0.00%  msgs=0           0 ns/msg
  AGGREGATE active = 0.00% (of 3 dir-threads; 0.00% per-thread avg)  msgs=0
[CPU compute ] process=  5.00% of 80 cores   system=  5.00%   (window 2s)
Success: tree root pointer value [1, 45947194538]
Height = 18

----- REMOTE CPU LOAD (memory node dir-threads, 2s window) -----
  dir 0: active=  0.00%  msgs=0           0 ns/msg
  dir 1: active=  0.00%  msgs=0           0 ns/msg
  dir 2: active=  0.00%  msgs=0           0 ns/msg
  AGGREGATE active = 0.00% (of 3 dir-threads; 0.00% per-thread avg)  msgs=0
[CPU compute ] process=  5.00% of 80 cores   system=  5.01%   (window 2s)
Success: tree root pointer value [1, 46014305962]
Height = 19
entering dynamic phase

----- REMOTE CPU LOAD (memory node dir-threads, 2s window) -----
  dir 0: active=  0.00%  msgs=0           0 ns/msg
  dir 1: active=  0.00%  msgs=0           0 ns/msg
  dir 2: active=  0.00%  msgs=0           0 ns/msg
  AGGREGATE active = 0.00% (of 3 dir-threads; 0.00% per-thread avg)  msgs=0
[CPU compute ] process=  5.00% of 80 cores   system=  5.01%   (window 2s)

----- REMOTE CPU LOAD (memory node dir-threads, 2s window) -----
  dir 0: active=  0.00%  msgs=0           0 ns/msg
  dir 1: active=  0.00%  msgs=0           0 ns/msg
  dir 2: active=  0.00%  msgs=0           0 ns/msg
  AGGREGATE active = 0.00% (of 3 dir-threads; 0.00% per-thread avg)  msgs=0
[CPU compute ] process=  5.00% of 80 cores   system=  6.93%   (window 2s)
Success: tree root pointer value [1, 335545344]
Height = 20

----- REMOTE CPU LOAD (memory node dir-threads, 2s window) -----
  dir 0: active=  0.00%  msgs=0           0 ns/msg
  dir 1: active=  0.00%  msgs=0           0 ns/msg
  dir 2: active=  0.00%  msgs=0           0 ns/msg
  AGGREGATE active = 0.00% (of 3 dir-threads; 0.00% per-thread avg)  msgs=0
[CPU compute ] process=  5.00% of 80 cores   system=  5.00%   (window 2s)

----- REMOTE CPU LOAD (memory node dir-threads, 2s window) -----
  dir 0: active=  0.00%  msgs=0           0 ns/msg
  dir 1: active=  0.00%  msgs=0           0 ns/msg
  dir 2: active=  0.00%  msgs=0           0 ns/msg
  AGGREGATE active = 0.00% (of 3 dir-threads; 0.00% per-thread avg)  msgs=0
[CPU compute ] process=  5.00% of 80 cores   system=  5.01%   (window 2s)

----- REMOTE CPU LOAD (memory node dir-threads, 2s window) -----
  dir 0: active=  0.00%  msgs=0           0 ns/msg
  dir 1: active=  0.00%  msgs=0           0 ns/msg
  dir 2: active=  0.00%  msgs=0           0 ns/msg
  AGGREGATE active = 0.00% (of 3 dir-threads; 0.00% per-thread avg)  msgs=0
[CPU compute ] process=  5.00% of 80 cores   system=  5.01%   (window 2s)

----- REMOTE CPU LOAD (memory node dir-threads, 2s window) -----
  dir 0: active=  0.00%  msgs=0           0 ns/msg
  dir 1: active=  0.00%  msgs=0           0 ns/msg
  dir 2: active=  0.00%  msgs=0           0 ns/msg
  AGGREGATE active = 0.00% (of 3 dir-threads; 0.00% per-thread avg)  msgs=0
[CPU compute ] process=  5.00% of 80 cores   system=  5.00%   (window 2s)

----- REMOTE CPU LOAD (memory node dir-threads, 2s window) -----
  dir 0: active=  0.00%  msgs=0           0 ns/msg
  dir 1: active=  0.00%  msgs=0           0 ns/msg
  dir 2: active=  0.00%  msgs=0           0 ns/msg
  AGGREGATE active = 0.00% (of 3 dir-threads; 0.00% per-thread avg)  msgs=0
[CPU compute ] process=  5.00% of 80 cores   system=  6.93%   (window 2s)

----- REMOTE CPU LOAD (memory node dir-threads, 2s window) -----
  dir 0: active=  0.00%  msgs=0           0 ns/msg
  dir 1: active=  0.00%  msgs=0           0 ns/msg
  dir 2: active=  0.00%  msgs=0           0 ns/msg
  AGGREGATE active = 0.00% (of 3 dir-threads; 0.00% per-thread avg)  msgs=0
[CPU compute ] process=  5.00% of 80 cores   system=  5.01%   (window 2s)

----- REMOTE CPU LOAD (memory node dir-threads, 2s window) -----
  dir 0: active=  0.00%  msgs=0           0 ns/msg
  dir 1: active=  0.00%  msgs=0           0 ns/msg
  dir 2: active=  0.00%  msgs=0           0 ns/msg
  AGGREGATE active = 0.00% (of 3 dir-threads; 0.00% per-thread avg)  msgs=0
[CPU compute ] process=  5.00% of 80 cores   system=  5.01%   (window 2s)
Success: tree root pointer value [1, 603992576]
Height = 21

----- REMOTE CPU LOAD (memory node dir-threads, 2s window) -----
  dir 0: active=  0.00%  msgs=0           0 ns/msg
  dir 1: active=  0.00%  msgs=0           0 ns/msg
  dir 2: active=  0.00%  msgs=0           0 ns/msg
  AGGREGATE active = 0.00% (of 3 dir-threads; 0.00% per-thread avg)  msgs=0
[CPU compute ] process=  5.00% of 80 cores   system=  5.03%   (window 2s)

----- REMOTE CPU LOAD (memory node dir-threads, 2s window) -----
  dir 0: active=  0.00%  msgs=0           0 ns/msg
  dir 1: active=  0.00%  msgs=0           0 ns/msg
  dir 2: active=  0.00%  msgs=0           0 ns/msg
  AGGREGATE active = 0.00% (of 3 dir-threads; 0.00% per-thread avg)  msgs=0
[CPU compute ] process=  5.01% of 80 cores   system=  5.01%   (window 2s)

----- REMOTE CPU LOAD (memory node dir-threads, 2s window) -----
  dir 0: active=  0.00%  msgs=0           0 ns/msg
  dir 1: active=  0.00%  msgs=0           0 ns/msg
  dir 2: active=  0.00%  msgs=0           0 ns/msg
  AGGREGATE active = 0.00% (of 3 dir-threads; 0.00% per-thread avg)  msgs=0
[CPU compute ] process=  5.00% of 80 cores   system=  5.03%   (window 2s)

----- REMOTE CPU LOAD (memory node dir-threads, 2s window) -----
  dir 0: active=  0.00%  msgs=0           0 ns/msg
  dir 1: active=  0.00%  msgs=0           0 ns/msg
  dir 2: active=  0.00%  msgs=0           0 ns/msg
  AGGREGATE active = 0.00% (of 3 dir-threads; 0.00% per-thread avg)  msgs=0
[CPU compute ] process=  5.00% of 80 cores   system=  6.87%   (window 2s)

----- REMOTE CPU LOAD (memory node dir-threads, 2s window) -----
  dir 0: active=  0.00%  msgs=0           0 ns/msg
  dir 1: active=  0.00%  msgs=0           0 ns/msg
  dir 2: active=  0.00%  msgs=0           0 ns/msg
  AGGREGATE active = 0.00% (of 3 dir-threads; 0.00% per-thread avg)  msgs=0
[CPU compute ] process=  5.00% of 80 cores   system=  5.01%   (window 2s)

----- REMOTE CPU LOAD (memory node dir-threads, 2s window) -----
  dir 0: active=  0.00%  msgs=0           0 ns/msg
  dir 1: active=  0.00%  msgs=0           0 ns/msg
  dir 2: active=  0.00%  msgs=0           0 ns/msg
  AGGREGATE active = 0.00% (of 3 dir-threads; 0.00% per-thread avg)  msgs=0
[CPU compute ] process=  5.00% of 80 cores   system=  5.01%   (window 2s)

----- REMOTE CPU LOAD (memory node dir-threads, 2s window) -----
  dir 0: active=  0.00%  msgs=0           0 ns/msg
  dir 1: active=  0.00%  msgs=0           0 ns/msg
  dir 2: active=  0.00%  msgs=0           0 ns/msg
  AGGREGATE active = 0.00% (of 3 dir-threads; 0.00% per-thread avg)  msgs=0
[CPU compute ] process=  5.00% of 80 cores   system=  5.00%   (window 2s)

----- REMOTE CPU LOAD (memory node dir-threads, 2s window) -----
  dir 0: active=  0.00%  msgs=0           0 ns/msg
  dir 1: active=  0.00%  msgs=0           0 ns/msg
  dir 2: active=  0.00%  msgs=0           0 ns/msg
  AGGREGATE active = 0.00% (of 3 dir-threads; 0.00% per-thread avg)  msgs=0
[CPU compute ] process=  5.00% of 80 cores   system=  5.00%   (window 2s)

----- REMOTE CPU LOAD (memory node dir-threads, 2s window) -----
  dir 0: active=  0.00%  msgs=0           0 ns/msg
  dir 1: active=  0.00%  msgs=0           0 ns/msg
  dir 2: active=  0.00%  msgs=0           0 ns/msg
  AGGREGATE active = 0.00% (of 3 dir-threads; 0.00% per-thread avg)  msgs=0
[CPU compute ] process=  5.00% of 80 cores   system=  6.97%   (window 2s)

----- REMOTE CPU LOAD (memory node dir-threads, 2s window) -----
  dir 0: active=  0.00%  msgs=0           0 ns/msg
  dir 1: active=  0.00%  msgs=0           0 ns/msg
  dir 2: active=  0.00%  msgs=0           0 ns/msg
  AGGREGATE active = 0.00% (of 3 dir-threads; 0.00% per-thread avg)  msgs=0
[CPU compute ] process=  5.00% of 80 cores   system=  5.01%   (window 2s)

----- REMOTE CPU LOAD (memory node dir-threads, 2s window) -----
  dir 0: active=  0.00%  msgs=0           0 ns/msg
  dir 1: active=  0.00%  msgs=0           0 ns/msg
  dir 2: active=  0.00%  msgs=0           0 ns/msg
  AGGREGATE active = 0.00% (of 3 dir-threads; 0.00% per-thread avg)  msgs=0
[CPU compute ] process=  5.00% of 80 cores   system=  5.01%   (window 2s)

----- REMOTE CPU LOAD (memory node dir-threads, 2s window) -----
  dir 0: active=  0.00%  msgs=0           0 ns/msg
  dir 1: active=  0.00%  msgs=0           0 ns/msg
  dir 2: active=  0.00%  msgs=0           0 ns/msg
  AGGREGATE active = 0.00% (of 3 dir-threads; 0.00% per-thread avg)  msgs=0
[CPU compute ] process=  5.00% of 80 cores   system=  5.01%   (window 2s)
Success: tree root pointer value [1, 1140887552]
Height = 22

----- REMOTE CPU LOAD (memory node dir-threads, 2s window) -----
  dir 0: active=  0.00%  msgs=0           0 ns/msg
  dir 1: active=  0.00%  msgs=0           0 ns/msg
  dir 2: active=  0.00%  msgs=0           0 ns/msg
  AGGREGATE active = 0.00% (of 3 dir-threads; 0.00% per-thread avg)  msgs=0
[CPU compute ] process=  5.00% of 80 cores   system=  5.01%   (window 2s)

----- REMOTE CPU LOAD (memory node dir-threads, 2s window) -----
  dir 0: active=  0.00%  msgs=0           0 ns/msg
  dir 1: active=  0.00%  msgs=0           0 ns/msg
  dir 2: active=  0.00%  msgs=0           0 ns/msg
  AGGREGATE active = 0.00% (of 3 dir-threads; 0.00% per-thread avg)  msgs=0
[CPU compute ] process=  5.00% of 80 cores   system=  6.85%   (window 2s)

----- REMOTE CPU LOAD (memory node dir-threads, 2s window) -----
  dir 0: active=  0.00%  msgs=0           0 ns/msg
  dir 1: active=  0.00%  msgs=0           0 ns/msg
  dir 2: active=  0.00%  msgs=0           0 ns/msg
  AGGREGATE active = 0.00% (of 3 dir-threads; 0.00% per-thread avg)  msgs=0
[CPU compute ] process=  5.00% of 80 cores   system=  5.01%   (window 2s)

----- REMOTE CPU LOAD (memory node dir-threads, 2s window) -----
  dir 0: active=  0.00%  msgs=0           0 ns/msg
  dir 1: active=  0.00%  msgs=0           0 ns/msg
  dir 2: active=  0.00%  msgs=0           0 ns/msg
  AGGREGATE active = 0.00% (of 3 dir-threads; 0.00% per-thread avg)  msgs=0
[CPU compute ] process=  5.00% of 80 cores   system=  5.00%   (window 2s)

----- REMOTE CPU LOAD (memory node dir-threads, 2s window) -----
  dir 0: active=  0.00%  msgs=0           0 ns/msg
  dir 1: active=  0.00%  msgs=0           0 ns/msg
  dir 2: active=  0.00%  msgs=0           0 ns/msg
  AGGREGATE active = 0.00% (of 3 dir-threads; 0.00% per-thread avg)  msgs=0
[CPU compute ] process=  5.00% of 80 cores   system=  5.01%   (window 2s)

----- REMOTE CPU LOAD (memory node dir-threads, 2s window) -----
  dir 0: active=  0.00%  msgs=0           0 ns/msg
  dir 1: active=  0.00%  msgs=0           0 ns/msg
  dir 2: active=  0.00%  msgs=0           0 ns/msg
  AGGREGATE active = 0.00% (of 3 dir-threads; 0.00% per-thread avg)  msgs=0
[CPU compute ] process=  5.00% of 80 cores   system=  5.01%   (window 2s)
#leaf nodes = 3846153
leaf size(MB) = 1878
#inner nodes = 3846104
inner size(MB) = 1877.98
Tree height = 22
Cache capacity = 1048576
max. leaf entries = 26
max. inner entries = 5
Inner page size = 160
Leaf page size = 512
node 0 finish its bulkload

----- REMOTE CPU LOAD (memory node dir-threads, 2s window) -----
  dir 0: active=  0.00%  msgs=0           0 ns/msg
  dir 1: active=  0.00%  msgs=0           0 ns/msg
  dir 2: active=  0.00%  msgs=0           0 ns/msg
  AGGREGATE active = 0.00% (of 3 dir-threads; 0.00% per-thread avg)  msgs=0
[CPU compute ] process=  5.00% of 80 cores   system=  6.95%   (window 2s)
IMPORTANT: my root is 74769206607873
0 is ready for the benchmark
I am 0
Fetched new height = 22
I am 2
I am 35
I am 3
I am 1
I am 20
I am 6
I am 34
I am 33
I am 7
I am 23
I am 17
I am 24
I am 14
I am 8
I am 5
I am 26
I am 18
I am 10
I am 28
I am 15
I am 32
I am 11
I am 16
I am 21
I am 22
I am 29
I am 19
I am 27
I am 9
I am 31
I am 30
I am 25
I am 4
I am 12
I am 13
entering dynamic phase

----- REMOTE CPU LOAD (memory node dir-threads, 2s window) -----
  dir 0: active=  0.00%  msgs=0           0 ns/msg
  dir 1: active=  0.00%  msgs=0           0 ns/msg
  dir 2: active=  0.00%  msgs=0           0 ns/msg
  AGGREGATE active = 0.00% (of 3 dir-threads; 0.00% per-thread avg)  msgs=0
[CPU compute ] process= 41.61% of 80 cores   system= 41.64%   (window 2s)
Thread_op_num = 833333
node 0 finish warmup
Start collecting the statistic

----- REMOTE CPU LOAD (memory node dir-threads, 2s window) -----
  dir 0: active=  0.00%  msgs=0           0 ns/msg
  dir 1: active=  0.00%  msgs=0           0 ns/msg
  dir 2: active=  0.00%  msgs=0           0 ns/msg
  AGGREGATE active = 0.00% (of 3 dir-threads; 0.00% per-thread avg)  msgs=0
[CPU compute ] process= 48.75% of 80 cores   system= 48.76%   (window 2s)
0, throughput 5.4747
cluster throughput 5.474

----- REMOTE CPU LOAD (memory node dir-threads, 2s window) -----
  dir 0: active=  0.00%  msgs=0           0 ns/msg
  dir 1: active=  0.00%  msgs=0           0 ns/msg
  dir 2: active=  0.00%  msgs=0           0 ns/msg
  AGGREGATE active = 0.00% (of 3 dir-threads; 0.00% per-thread avg)  msgs=0
[CPU compute ] process= 48.74% of 80 cores   system= 48.77%   (window 2s)
0, throughput 5.5942
cluster throughput 5.594

----- REMOTE CPU LOAD (memory node dir-threads, 2s window) -----
  dir 0: active=  0.00%  msgs=0           0 ns/msg
  dir 1: active=  0.00%  msgs=0           0 ns/msg
  dir 2: active=  0.00%  msgs=0           0 ns/msg
  AGGREGATE active = 0.00% (of 3 dir-threads; 0.00% per-thread avg)  msgs=0
[CPU compute ] process= 41.62% of 80 cores   system= 41.62%   (window 2s)
0, throughput 3.8226
cluster throughput 3.822

----- REMOTE CPU LOAD (memory node dir-threads, 2s window) -----
  dir 0: active=  0.00%  msgs=0           0 ns/msg
  dir 1: active=  0.00%  msgs=0           0 ns/msg
  dir 2: active=  0.00%  msgs=0           0 ns/msg
  AGGREGATE active = 0.00% (of 3 dir-threads; 0.00% per-thread avg)  msgs=0
[CPU compute ] process=  3.76% of 80 cores   system=  5.71%   (window 2s)
0, throughput 0.0000
cluster throughput 0.000
The time duration = 8 seconds

----- REMOTE CPU LOAD (memory node dir-threads, 2s window) -----
  dir 0: active=  0.00%  msgs=0           0 ns/msg
  dir 1: active=  0.00%  msgs=0           0 ns/msg
  dir 2: active=  0.00%  msgs=0           0 ns/msg
  AGGREGATE active = 0.00% (of 3 dir-threads; 0.00% per-thread avg)  msgs=0
[CPU compute ] process=  3.75% of 80 cores   system=  3.76%   (window 2s)

==================== LATENCY BUCKETS (500 ns) [node 0] ====================
[LOOKUP]
  ALL                n=29785876   mean=    6.45us  p50=   6.50us  p90=  15.50us  p99=  21.00us  p99.9=  24.50us  max>=604.50us
  LOCAL (cache hit)  n=13700460   mean=    0.69us  p50=   1.00us  p90=   1.50us  p99=   2.50us  p99.9=   3.00us  max>= 70.00us
  REMOTE (miss/rpc)  n=16085416   mean=   11.35us  p50=  11.00us  p90=  17.50us  p99=  22.00us  p99.9=  25.00us  max>=604.50us
[ALL OPS]
  ALL                n=29785876   mean=    6.45us  p50=   6.50us  p90=  15.50us  p99=  21.00us  p99.9=  24.50us  max>=604.50us
  LOCAL (cache hit)  n=13700460   mean=    0.69us  p50=   1.00us  p90=   1.50us  p99=   2.50us  p99.9=   3.00us  max>= 70.00us
  REMOTE (miss/rpc)  n=16085416   mean=   11.35us  p50=  11.00us  p90=  17.50us  p99=  22.00us  p99.9=  25.00us  max>=604.50us

----- 500 ns bucket CDF (all ops) [node 0] -----
  bucket [lo,hi) ns             count        pct       cdf
  [        0,      500)      4458571   14.9687%  14.9687%
  [      500,     1000)      7365036   24.7266%  39.6953%
  [     1000,     1500)      1115358    3.7446%  43.4399%
  [     1500,     2000)       584747    1.9632%  45.4031%
  [     2000,     2500)       150843    0.5064%  45.9095%
  [     2500,     3000)        15946    0.0535%  45.9631%
  [     3000,     3500)         1768    0.0059%  45.9690%
  [     3500,     4000)         2132    0.0072%  45.9762%
  [     4000,     4500)         3435    0.0115%  45.9877%
  [     4500,     5000)        19057    0.0640%  46.0517%
  [     5000,     5500)       120967    0.4061%  46.4578%
  [     5500,     6000)       400798    1.3456%  47.8034%
  [     6000,     6500)       734569    2.4662%  50.2696%
  [     6500,     7000)       929998    3.1223%  53.3918%
  [     7000,     7500)       987260    3.3145%  56.7064%
  [     7500,     8000)       965877    3.2427%  59.9491%
  [     8000,     8500)       906771    3.0443%  62.9934%
  [     8500,     9000)       835349    2.8045%  65.7979%
  [     9000,     9500)       767094    2.5754%  68.3733%
  [     9500,    10000)       707461    2.3752%  70.7484%
  [    10000,    10500)       655336    2.2002%  72.9486%
  [    10500,    11000)       617035    2.0716%  75.0201%
  [    11000,    11500)       592551    1.9894%  77.0095%
  [    11500,    12000)       573542    1.9256%  78.9351%
  [    12000,    12500)       553241    1.8574%  80.7925%
  [    12500,    13000)       532115    1.7865%  82.5789%
  [    13000,    13500)       510277    1.7132%  84.2921%
  [    13500,    14000)       487638    1.6371%  85.9292%
  [    14000,    14500)       464457    1.5593%  87.4885%
  [    14500,    15000)       440348    1.4784%  88.9669%
  [    15000,    15500)       412488    1.3848%  90.3518%
  [    15500,    16000)       386738    1.2984%  91.6502%
  [    16000,    16500)       358336    1.2030%  92.8532%
  [    16500,    17000)       327581    1.0998%  93.9530%
  [    17000,    17500)       296246    0.9946%  94.9476%
  [    17500,    18000)       264951    0.8895%  95.8371%
  [    18000,    18500)       232631    0.7810%  96.6181%
  [    18500,    19000)       201283    0.6758%  97.2939%
  [    19000,    19500)       171829    0.5769%  97.8707%
  [    19500,    20000)       143828    0.4829%  98.3536%
  [    20000,    20500)       117410    0.3942%  98.7478%
  [    20500,    21000)        94215    0.3163%  99.0641%
  [    21000,    21500)        73410    0.2465%  99.3106%
  [    21500,    22000)        57125    0.1918%  99.5024%
  [    22000,    22500)        42847    0.1439%  99.6462%
  [    22500,    23000)        31790    0.1067%  99.7529%
  [    23000,    23500)        22840    0.0767%  99.8296%
  [    23500,    24000)        16219    0.0545%  99.8841%
  [    24000,    24500)        11289    0.0379%  99.9220%
  [    24500,    25000)         7455    0.0250%  99.9470%
  [    25000,    25500)         5016    0.0168%  99.9638%
  [    25500,    26000)         3223    0.0108%  99.9747%
  [    26000,    26500)         2013    0.0068%  99.9814%
  [    26500,    27000)         1344    0.0045%  99.9859%
  [    27000,    27500)          927    0.0031%  99.9890%
  [    27500,    28000)          594    0.0020%  99.9910%
  [    28000,    28500)          396    0.0013%  99.9924%
  [    28500,    29000)          265    0.0009%  99.9933%
  [    29000,    29500)          179    0.0006%  99.9939%
  [    29500,    30000)          131    0.0004%  99.9943%
  [    30000,    30500)           86    0.0003%  99.9946%
  [    30500,    31000)           83    0.0003%  99.9949%
  [    31000,    31500)           68    0.0002%  99.9951%
  [    31500,    32000)           56    0.0002%  99.9953%
  [    32000,    32500)           52    0.0002%  99.9955%
  [    32500,    33000)           43    0.0001%  99.9956%
  [    33000,    33500)           52    0.0002%  99.9958%
  [    33500,    34000)           37    0.0001%  99.9959%
  [    34000,    34500)           41    0.0001%  99.9960%
  [    34500,    35000)           56    0.0002%  99.9962%
  [    35000,    35500)           62    0.0002%  99.9964%
  [    35500,    36000)           47    0.0002%  99.9966%
  [    36000,    36500)           47    0.0002%  99.9967%
  [    36500,    37000)           41    0.0001%  99.9969%
  [    37000,    37500)           38    0.0001%  99.9970%
  [    37500,    38000)           21    0.0001%  99.9971%
  [    38000,    38500)           25    0.0001%  99.9972%
  [    38500,    39000)           22    0.0001%  99.9972%
  [    39000,    39500)           18    0.0001%  99.9973%
  [    39500,    40000)           21    0.0001%  99.9974%
  [    40000,    40500)           25    0.0001%  99.9975%
  [    40500,    41000)           21    0.0001%  99.9975%
  [    41000,    41500)           31    0.0001%  99.9976%
  [    41500,    42000)           15    0.0001%  99.9977%
  [    42000,    42500)           17    0.0001%  99.9977%
  [    42500,    43000)           16    0.0001%  99.9978%
  [    43000,    43500)            6    0.0000%  99.9978%
  [    43500,    44000)           17    0.0001%  99.9979%
  [    44000,    44500)            7    0.0000%  99.9979%
  [    44500,    45000)           10    0.0000%  99.9979%
  [    45000,    45500)           11    0.0000%  99.9980%
  [    45500,    46000)            5    0.0000%  99.9980%
  [    46000,    46500)            9    0.0000%  99.9980%
  [    46500,    47000)            4    0.0000%  99.9980%
  [    47000,    47500)            7    0.0000%  99.9980%
  [    47500,    48000)            2    0.0000%  99.9980%
  [    48000,    48500)            7    0.0000%  99.9981%
  [    48500,    49000)            9    0.0000%  99.9981%
  [    49000,    49500)            6    0.0000%  99.9981%
  [    49500,    50000)            5    0.0000%  99.9981%
  [    50000,    50500)           10    0.0000%  99.9982%
  [    50500,    51000)           11    0.0000%  99.9982%
  [    51000,    51500)            7    0.0000%  99.9982%
  [    51500,    52000)           11    0.0000%  99.9983%
  [    52000,    52500)           14    0.0000%  99.9983%
  [    52500,    53000)           18    0.0001%  99.9984%
  [    53000,    53500)           18    0.0001%  99.9984%
  [    53500,    54000)           14    0.0000%  99.9985%
  [    54000,    54500)            9    0.0000%  99.9985%
  [    54500,    55000)            6    0.0000%  99.9985%
  [    55000,    55500)           10    0.0000%  99.9986%
  [    55500,    56000)           10    0.0000%  99.9986%
  [    56000,    56500)           16    0.0001%  99.9987%
  [    56500,    57000)           11    0.0000%  99.9987%
  [    57000,    57500)            6    0.0000%  99.9987%
  [    57500,    58000)            5    0.0000%  99.9987%
  [    58000,    58500)            6    0.0000%  99.9988%
  [    58500,    59000)            4    0.0000%  99.9988%
  [    59000,    59500)            4    0.0000%  99.9988%
  [    59500,    60000)            7    0.0000%  99.9988%
  [    60000,    60500)            2    0.0000%  99.9988%
  [    60500,    61000)           10    0.0000%  99.9988%
  [    61000,    61500)            7    0.0000%  99.9989%
  [    61500,    62000)            8    0.0000%  99.9989%
  [    62000,    62500)            9    0.0000%  99.9989%
  [    62500,    63000)            6    0.0000%  99.9989%
  [    63000,    63500)            7    0.0000%  99.9990%
  [    63500,    64000)            4    0.0000%  99.9990%
  [    64000,    64500)            5    0.0000%  99.9990%
  [    64500,    65000)            3    0.0000%  99.9990%
  [    65000,    65500)            2    0.0000%  99.9990%
  [    65500,    66000)            1    0.0000%  99.9990%
  [    66000,    66500)            1    0.0000%  99.9990%
  [    67000,    67500)            1    0.0000%  99.9990%
  [    67500,    68000)            1    0.0000%  99.9990%
  [    68000,    68500)            1    0.0000%  99.9990%
  [    68500,    69000)            3    0.0000%  99.9990%
  [    69000,    69500)           10    0.0000%  99.9991%
  [    69500,    70000)            9    0.0000%  99.9991%
  [    70000,    70500)            5    0.0000%  99.9991%
  [    70500,    71000)            4    0.0000%  99.9991%
  [    71000,    71500)            4    0.0000%  99.9991%
  [    71500,    72000)            8    0.0000%  99.9992%
  [    72000,    72500)            4    0.0000%  99.9992%
  [    72500,    73000)            3    0.0000%  99.9992%
  [    73000,    73500)            6    0.0000%  99.9992%
  [    73500,    74000)            1    0.0000%  99.9992%
  [    74500,    75000)            2    0.0000%  99.9992%
  [    75000,    75500)            1    0.0000%  99.9992%
  [    75500,    76000)            1    0.0000%  99.9992%
  [    79000,    79500)            3    0.0000%  99.9992%
  [    79500,    80000)            3    0.0000%  99.9993%
  [    80000,    80500)            1    0.0000%  99.9993%
  [    80500,    81000)            1    0.0000%  99.9993%
  [    81000,    81500)            2    0.0000%  99.9993%
  [   113500,   114000)            2    0.0000%  99.9993%
  [   114000,   114500)            5    0.0000%  99.9993%
  [   114500,   115000)           12    0.0000%  99.9993%
  [   115000,   115500)           12    0.0000%  99.9994%
  [   115500,   116000)            8    0.0000%  99.9994%
  [   116000,   116500)            6    0.0000%  99.9994%
  [   116500,   117000)            8    0.0000%  99.9994%
  [   117000,   117500)            8    0.0000%  99.9995%
  [   117500,   118000)            9    0.0000%  99.9995%
  [   118000,   118500)           10    0.0000%  99.9995%
  [   118500,   119000)            6    0.0000%  99.9996%
  [   119000,   119500)            7    0.0000%  99.9996%
  [   119500,   120000)            8    0.0000%  99.9996%
  [   120000,   120500)            5    0.0000%  99.9996%
  [   120500,   121000)            1    0.0000%  99.9996%
  [   121000,   121500)            1    0.0000%  99.9996%
  [   122500,   123000)            1    0.0000%  99.9996%
  [   124000,   124500)            3    0.0000%  99.9996%
  [   124500,   125000)            2    0.0000%  99.9997%
  [   125000,   125500)            1    0.0000%  99.9997%
  [   125500,   126000)            3    0.0000%  99.9997%
  [   126000,   126500)            3    0.0000%  99.9997%
  [   126500,   127000)            4    0.0000%  99.9997%
  [   127000,   127500)            3    0.0000%  99.9997%
  [   127500,   128000)            3    0.0000%  99.9997%
  [   128000,   128500)            5    0.0000%  99.9997%
  [   128500,   129000)            1    0.0000%  99.9997%
  [   129000,   129500)            4    0.0000%  99.9997%
  [   129500,   130000)            1    0.0000%  99.9997%
  [   130000,   130500)            1    0.0000%  99.9997%
  [   131500,   132000)            1    0.0000%  99.9998%
  [   249500,   250000)            1    0.0000%  99.9998%
  [   250500,   251000)            1    0.0000%  99.9998%
  [   574000,   574500)            1    0.0000%  99.9998%
  [   574500,   575000)            2    0.0000%  99.9998%
  [   575000,   575500)            1    0.0000%  99.9998%
  [   576000,   576500)            1    0.0000%  99.9998%
  [   576500,   577000)            3    0.0000%  99.9998%
  [   577000,   577500)            2    0.0000%  99.9998%
  [   578000,   578500)            1    0.0000%  99.9998%
  [   578500,   579000)            2    0.0000%  99.9998%
  [   579000,   579500)            3    0.0000%  99.9998%
  [   579500,   580000)            1    0.0000%  99.9998%
  [   580000,   580500)            4    0.0000%  99.9998%
  [   581000,   581500)            3    0.0000%  99.9998%
  [   581500,   582000)            3    0.0000%  99.9998%
  [   582000,   582500)            5    0.0000%  99.9999%
  [   582500,   583000)            2    0.0000%  99.9999%
  [   583000,   583500)            5    0.0000%  99.9999%
  [   583500,   584000)            4    0.0000%  99.9999%
  [   584000,   584500)            4    0.0000%  99.9999%
  [   585000,   585500)            4    0.0000%  99.9999%
  [   586000,   586500)            1    0.0000%  99.9999%
  [   587000,   587500)            1    0.0000%  99.9999%
  [   588000,   588500)            2    0.0000%  99.9999%
  [   588500,   589000)            4    0.0000% 100.0000%
  [   589000,   589500)            2    0.0000% 100.0000%
  [   600000,   600500)            2    0.0000% 100.0000%
  [   600500,   601000)            3    0.0000% 100.0000%
  [   601000,   601500)            1    0.0000% 100.0000%
  [   602000,   602500)            1    0.0000% 100.0000%
  [   602500,   603000)            1    0.0000% 100.0000%
  [   603000,   603500)            1    0.0000% 100.0000%
  [   604000,   604500)            2    0.0000% 100.0000%

----- REMOTE OPERATIONS [node 0] -----
  ops total                = 29785876
  ops local  (cache hit)   = 13700460 (46.00%)
  ops remote (>=1 net op)  = 16085416 (54.00%)
  remote ops total         = 16131861
    rdma read              = 46445
    rdma write             = 0
    rdma cas               = 0
    rpc pushdown           = 16085416
  remote ops / op          = 0.5416
  remote ops / remote op   = 1.0029

----- OFFLOADED TASKS [node 0] -----
  lookup pushdowns         = 16085416
  scan    pushdowns (RPC)  = 0
    kv pairs returned      = 0
    leaves scanned remotely= 0
    kv / scan pushdown     = 0.00
    leaves / scan pushdown = 0.00
  per-thread breakdown (tid: lookups | scans | kv | leaves):
    t0        445839 |          0 |          0 |          0
    t1        445824 |          0 |          0 |          0
    t2        447760 |          0 |          0 |          0
    t3        444976 |          0 |          0 |          0
    t4        448731 |          0 |          0 |          0
    t5        446448 |          0 |          0 |          0
    t6        448035 |          0 |          0 |          0
    t7        445121 |          0 |          0 |          0
    t8        445673 |          0 |          0 |          0
    t9        444995 |          0 |          0 |          0
    t10       449116 |          0 |          0 |          0
    t11       446787 |          0 |          0 |          0
    t12       447811 |          0 |          0 |          0
    t13       446332 |          0 |          0 |          0
    t14       448203 |          0 |          0 |          0
    t15       444869 |          0 |          0 |          0
    t16       449776 |          0 |          0 |          0
    t17       445575 |          0 |          0 |          0
    t18       448346 |          0 |          0 |          0
    t19       444611 |          0 |          0 |          0
    t20       448416 |          0 |          0 |          0
    t21       447343 |          0 |          0 |          0
    t22       447193 |          0 |          0 |          0
    t23       445274 |          0 |          0 |          0
    t24       445365 |          0 |          0 |          0
    t25       445877 |          0 |          0 |          0
    t26       443994 |          0 |          0 |          0
    t27       445170 |          0 |          0 |          0
    t28       449818 |          0 |          0 |          0
    t29       447329 |          0 |          0 |          0
    t30       447525 |          0 |          0 |          0
    t31       445746 |          0 |          0 |          0
    t32       449863 |          0 |          0 |          0
    t33       447238 |          0 |          0 |          0
    t34       448761 |          0 |          0 |          0
    t35       445676 |          0 |          0 |          0

----- PATH-AWARE CACHE MISS RATE [node 0] -----
  node accesses (hit+miss) = 597801095
  node cache hits          = 581669234 (97.30%)
  MISS RATE                = 2.6985%  (16131861 / 597801095)
  inner-node miss          = 12611657 (78.18% of misses, 2.1097% rate)
  leaf-node  miss          = 3520204 (21.82% of misses, 0.5889% rate)
  total miss               = 16131861
  cache writebacks         = 0
=========================================================================

Round 0 (max_throughput): 5.55578 Mops/s
Round 0 (straggler_throughput): 5.55577 Mops/s
Before barrier finish
Avg. rdma read time(ms) = 0
Avg. rdma write time(ms) = -nan
Avg. rdma read / op = 0.0015593
Avg. rdma write / op = 0
Avg. rdma cas / op = 0
Avg. rdma rpc / op = 0.540035
Avg. all rdma / op = 0.541594
Avg. rdma read size/ op = 18.6195
Avg. rdma write size / op = 0
Avg. rdma RW size / op = 18.6195
------------------------------------------
Node 0 average throughput = 4.96333
Node 0 total throughput = 5.55578
All CN throughput (Max) = 5.55578
All CN throughput (Straggler) = 5.55577
Final throughput = 5.55577
------------------------------------------
