Compute node count = 1
kNodeCount 2, kReadRatio 100, kInsertRatio 0, kUpdateRatio 0, kDeleteRatio 0, kRangeRatio 0, totalThreadCount 36, memThreadCount 3 cache_size 128, uniform_workload 0, zipfian 0.990000, bulk_load_num 50000000, warmup_num 10000000, op_num 30000000, check_correctness 0, time_based 0, early_stop 1, index 0, rpc_rate 1.000000, admission_rate 0.100000, auto_tune 0
kMaxThread = 36
KeySpace = 50001000
[GEOMETRY] inner_page=160 leaf_page=512 inner_entries=5 leaf_entries=26 slot=512 placement=mn_only
[4mshared memory size: 64GB, 0x7fef77200000[0m
[4mcache size: 2GB[0m
[4mMachine NR: 2[0m
[4mMax_APP_THREAD: 36[0m
[4mNR_DIRECTORY: 16[0m
[4mStart Build the DSMKeeper[0m
I am servers 0 [255.127.0.0]
I connect server 1
[4mdir 0 launch! (core 79 of 80)
[0m
[4mdir 1 launch! (core 78 of 80)
[0m
[4mdir 2 launch! (core 77 of 80)
[0m
CNode 0, left bound = 0, right bound = 18446744073709551615
Pushdown (RPC) Rate: 1
Admission Rate: 0.1
Cache size(MB) = 128
-----Cache initial addr = 0x7fef57600000
page num = 262144
alloc_unit = 512
entry_num: 262144
bucket_num: 87382
Bucket size = 64
entry_num: 26214
bucket_num: 4369
start generating tree
num_partitions = 1
Success: tree root pointer value [1, 67108864]
finish generating tree
Bulkload num in node 0 = 50000000

----- REMOTE CPU LOAD (memory node dir-threads, 2s window) -----
  dir 0: active=  0.00%  msgs=0           0 ns/msg
  dir 1: active=  0.00%  msgs=0           0 ns/msg
  dir 2: active=  0.00%  msgs=0           0 ns/msg
  AGGREGATE active = 0.00% (of 3 dir-threads; 0.00% per-thread avg)  msgs=0
[CPU compute ] process=  5.00% of 80 cores   system=  5.01%   (window 2s)
First key of bulkloading = 7325973
Last key of bulkloading = 26738230
node warmup num = 9999972
kReadRatio =100
insertmark =100
updatemark =100
deletemark =100
rangemark =100
Finish warmup workload generation

----- REMOTE CPU LOAD (memory node dir-threads, 2s window) -----
  dir 0: active=  0.00%  msgs=0           0 ns/msg
  dir 1: active=  0.00%  msgs=0           0 ns/msg
  dir 2: active=  0.00%  msgs=0           0 ns/msg
  AGGREGATE active = 0.00% (of 3 dir-threads; 0.00% per-thread avg)  msgs=0
[CPU compute ] process=  5.00% of 80 cores   system=  7.04%   (window 2s)

----- REMOTE CPU LOAD (memory node dir-threads, 2s window) -----
  dir 0: active=  0.00%  msgs=0           0 ns/msg
  dir 1: active=  0.00%  msgs=0           0 ns/msg
  dir 2: active=  0.00%  msgs=0           0 ns/msg
  AGGREGATE active = 0.00% (of 3 dir-threads; 0.00% per-thread avg)  msgs=0
[CPU compute ] process=  5.00% of 80 cores   system=  5.01%   (window 2s)

----- REMOTE CPU LOAD (memory node dir-threads, 2s window) -----
  dir 0: active=  0.00%  msgs=0           0 ns/msg
  dir 1: active=  0.00%  msgs=0           0 ns/msg
  dir 2: active=  0.00%  msgs=0           0 ns/msg
  AGGREGATE active = 0.00% (of 3 dir-threads; 0.00% per-thread avg)  msgs=0
[CPU compute ] process=  5.00% of 80 cores   system=  5.00%   (window 2s)
node op_num = 29999988
Finish all workload generation

----- REMOTE CPU LOAD (memory node dir-threads, 2s window) -----
  dir 0: active=  0.00%  msgs=0           0 ns/msg
  dir 1: active=  0.00%  msgs=0           0 ns/msg
  dir 2: active=  0.00%  msgs=0           0 ns/msg
  AGGREGATE active = 0.00% (of 3 dir-threads; 0.00% per-thread avg)  msgs=0
[CPU compute ] process=  5.00% of 80 cores   system=  5.01%   (window 2s)

----- REMOTE CPU LOAD (memory node dir-threads, 2s window) -----
  dir 0: active=  0.00%  msgs=0           0 ns/msg
  dir 1: active=  0.00%  msgs=0           0 ns/msg
  dir 2: active=  0.00%  msgs=0           0 ns/msg
  AGGREGATE active = 0.00% (of 3 dir-threads; 0.00% per-thread avg)  msgs=0
[CPU compute ] process=  5.00% of 80 cores   system=  5.00%   (window 2s)

----- REMOTE CPU LOAD (memory node dir-threads, 2s window) -----
  dir 0: active=  0.00%  msgs=0           0 ns/msg
  dir 1: active=  0.00%  msgs=0           0 ns/msg
  dir 2: active=  0.00%  msgs=0           0 ns/msg
  AGGREGATE active = 0.00% (of 3 dir-threads; 0.00% per-thread avg)  msgs=0
[CPU compute ] process=  5.00% of 80 cores   system=  7.11%   (window 2s)
Fetched new height = 1
Success: tree root pointer value [1, 67109888]
Height = 2
Success: tree root pointer value [1, 67112448]
Height = 3
Success: tree root pointer value [1, 67118080]
Height = 4
Success: tree root pointer value [1, 67129856]
Height = 5
Success: tree root pointer value [1, 67153920]
Height = 6
Success: tree root pointer value [1, 67202560]
Height = 7
Success: tree root pointer value [1, 67300352]
Height = 8
Success: tree root pointer value [1, 67496448]
Height = 9
Success: tree root pointer value [1, 67889152]
Height = 10
Success: tree root pointer value [1, 68675072]
Height = 11
Success: tree root pointer value [1, 70247424]
Height = 12
Success: tree root pointer value [1, 73392640]
Height = 13
Success: tree root pointer value [1, 79683584]
Height = 14
Success: tree root pointer value [1, 92265984]
Height = 15
Success: tree root pointer value [1, 22990369621]
Height = 16
Success: tree root pointer value [1, 45913639082]
Height = 17

----- REMOTE CPU LOAD (memory node dir-threads, 2s window) -----
  dir 0: active=  0.00%  msgs=0           0 ns/msg
  dir 1: active=  0.00%  msgs=0           0 ns/msg
  dir 2: active=  0.00%  msgs=0           0 ns/msg
  AGGREGATE active = 0.00% (of 3 dir-threads; 0.00% per-thread avg)  msgs=0
[CPU compute ] process=  5.01% of 80 cores   system=  5.01%   (window 2s)
entering dynamic phase
Success: tree root pointer value [1, 45947194538]
Height = 18

----- REMOTE CPU LOAD (memory node dir-threads, 2s window) -----
  dir 0: active=  0.00%  msgs=0           0 ns/msg
  dir 1: active=  0.00%  msgs=0           0 ns/msg
  dir 2: active=  0.00%  msgs=0           0 ns/msg
  AGGREGATE active = 0.00% (of 3 dir-threads; 0.00% per-thread avg)  msgs=0
[CPU compute ] process=  5.00% of 80 cores   system=  5.01%   (window 2s)

----- REMOTE CPU LOAD (memory node dir-threads, 2s window) -----
  dir 0: active=  0.00%  msgs=0           0 ns/msg
  dir 1: active=  0.00%  msgs=0           0 ns/msg
  dir 2: active=  0.00%  msgs=0           0 ns/msg
  AGGREGATE active = 0.00% (of 3 dir-threads; 0.00% per-thread avg)  msgs=0
Success: tree root pointer value [1, 46014305962]
Height = 19
[CPU compute ] process=  4.99% of 80 cores   system=  5.01%   (window 2s)

----- REMOTE CPU LOAD (memory node dir-threads, 2s window) -----
  dir 0: active=  0.00%  msgs=0           0 ns/msg
  dir 1: active=  0.00%  msgs=0           0 ns/msg
  dir 2: active=  0.00%  msgs=0           0 ns/msg
  AGGREGATE active = 0.00% (of 3 dir-threads; 0.00% per-thread avg)  msgs=0
[CPU compute ] process=  5.01% of 80 cores   system=  5.01%   (window 2s)

----- REMOTE CPU LOAD (memory node dir-threads, 2s window) -----
  dir 0: active=  0.00%  msgs=0           0 ns/msg
  dir 1: active=  0.00%  msgs=0           0 ns/msg
  dir 2: active=  0.00%  msgs=0           0 ns/msg
  AGGREGATE active = 0.00% (of 3 dir-threads; 0.00% per-thread avg)  msgs=0
[CPU compute ] process=  5.00% of 80 cores   system=  5.96%   (window 2s)
Success: tree root pointer value [1, 335545344]
Height = 20

----- REMOTE CPU LOAD (memory node dir-threads, 2s window) -----
  dir 0: active=  0.00%  msgs=0           0 ns/msg
  dir 1: active=  0.00%  msgs=0           0 ns/msg
  dir 2: active=  0.00%  msgs=0           0 ns/msg
  AGGREGATE active = 0.00% (of 3 dir-threads; 0.00% per-thread avg)  msgs=0
[CPU compute ] process=  5.00% of 80 cores   system=  5.94%   (window 2s)

----- REMOTE CPU LOAD (memory node dir-threads, 2s window) -----
  dir 0: active=  0.00%  msgs=0           0 ns/msg
  dir 1: active=  0.00%  msgs=0           0 ns/msg
  dir 2: active=  0.00%  msgs=0           0 ns/msg
  AGGREGATE active = 0.00% (of 3 dir-threads; 0.00% per-thread avg)  msgs=0
[CPU compute ] process=  5.00% of 80 cores   system=  5.01%   (window 2s)

----- REMOTE CPU LOAD (memory node dir-threads, 2s window) -----
  dir 0: active=  0.00%  msgs=0           0 ns/msg
  dir 1: active=  0.00%  msgs=0           0 ns/msg
  dir 2: active=  0.00%  msgs=0           0 ns/msg
  AGGREGATE active = 0.00% (of 3 dir-threads; 0.00% per-thread avg)  msgs=0
[CPU compute ] process=  5.00% of 80 cores   system=  5.00%   (window 2s)

----- REMOTE CPU LOAD (memory node dir-threads, 2s window) -----
  dir 0: active=  0.00%  msgs=0           0 ns/msg
  dir 1: active=  0.00%  msgs=0           0 ns/msg
  dir 2: active=  0.00%  msgs=0           0 ns/msg
  AGGREGATE active = 0.00% (of 3 dir-threads; 0.00% per-thread avg)  msgs=0
[CPU compute ] process=  5.00% of 80 cores   system=  5.01%   (window 2s)

----- REMOTE CPU LOAD (memory node dir-threads, 2s window) -----
  dir 0: active=  0.00%  msgs=0           0 ns/msg
  dir 1: active=  0.00%  msgs=0           0 ns/msg
  dir 2: active=  0.00%  msgs=0           0 ns/msg
  AGGREGATE active = 0.00% (of 3 dir-threads; 0.00% per-thread avg)  msgs=0
[CPU compute ] process=  5.00% of 80 cores   system=  5.01%   (window 2s)

----- REMOTE CPU LOAD (memory node dir-threads, 2s window) -----
  dir 0: active=  0.00%  msgs=0           0 ns/msg
  dir 1: active=  0.00%  msgs=0           0 ns/msg
  dir 2: active=  0.00%  msgs=0           0 ns/msg
  AGGREGATE active = 0.00% (of 3 dir-threads; 0.00% per-thread avg)  msgs=0
[CPU compute ] process=  5.00% of 80 cores   system=  6.96%   (window 2s)
Success: tree root pointer value [1, 603992576]
Height = 21

----- REMOTE CPU LOAD (memory node dir-threads, 2s window) -----
  dir 0: active=  0.00%  msgs=0           0 ns/msg
  dir 1: active=  0.00%  msgs=0           0 ns/msg
  dir 2: active=  0.00%  msgs=0           0 ns/msg
  AGGREGATE active = 0.00% (of 3 dir-threads; 0.00% per-thread avg)  msgs=0
[CPU compute ] process=  5.00% of 80 cores   system=  5.01%   (window 2s)

----- REMOTE CPU LOAD (memory node dir-threads, 2s window) -----
  dir 0: active=  0.00%  msgs=0           0 ns/msg
  dir 1: active=  0.00%  msgs=0           0 ns/msg
  dir 2: active=  0.00%  msgs=0           0 ns/msg
  AGGREGATE active = 0.00% (of 3 dir-threads; 0.00% per-thread avg)  msgs=0
[CPU compute ] process=  5.00% of 80 cores   system=  5.01%   (window 2s)

----- REMOTE CPU LOAD (memory node dir-threads, 2s window) -----
  dir 0: active=  0.00%  msgs=0           0 ns/msg
  dir 1: active=  0.00%  msgs=0           0 ns/msg
  dir 2: active=  0.00%  msgs=0           0 ns/msg
  AGGREGATE active = 0.00% (of 3 dir-threads; 0.00% per-thread avg)  msgs=0
[CPU compute ] process=  5.00% of 80 cores   system=  5.00%   (window 2s)

----- REMOTE CPU LOAD (memory node dir-threads, 2s window) -----
  dir 0: active=  0.00%  msgs=0           0 ns/msg
  dir 1: active=  0.00%  msgs=0           0 ns/msg
  dir 2: active=  0.00%  msgs=0           0 ns/msg
  AGGREGATE active = 0.00% (of 3 dir-threads; 0.00% per-thread avg)  msgs=0
[CPU compute ] process=  5.00% of 80 cores   system=  5.00%   (window 2s)

----- REMOTE CPU LOAD (memory node dir-threads, 2s window) -----
  dir 0: active=  0.00%  msgs=0           0 ns/msg
  dir 1: active=  0.00%  msgs=0           0 ns/msg
  dir 2: active=  0.00%  msgs=0           0 ns/msg
  AGGREGATE active = 0.00% (of 3 dir-threads; 0.00% per-thread avg)  msgs=0
[CPU compute ] process=  5.00% of 80 cores   system=  7.04%   (window 2s)

----- REMOTE CPU LOAD (memory node dir-threads, 2s window) -----
  dir 0: active=  0.00%  msgs=0           0 ns/msg
  dir 1: active=  0.00%  msgs=0           0 ns/msg
  dir 2: active=  0.00%  msgs=0           0 ns/msg
  AGGREGATE active = 0.00% (of 3 dir-threads; 0.00% per-thread avg)  msgs=0
[CPU compute ] process=  5.00% of 80 cores   system=  5.01%   (window 2s)

----- REMOTE CPU LOAD (memory node dir-threads, 2s window) -----
  dir 0: active=  0.00%  msgs=0           0 ns/msg
  dir 1: active=  0.00%  msgs=0           0 ns/msg
  dir 2: active=  0.00%  msgs=0           0 ns/msg
  AGGREGATE active = 0.00% (of 3 dir-threads; 0.00% per-thread avg)  msgs=0
[CPU compute ] process=  5.00% of 80 cores   system=  5.02%   (window 2s)

----- REMOTE CPU LOAD (memory node dir-threads, 2s window) -----
  dir 0: active=  0.00%  msgs=0           0 ns/msg
  dir 1: active=  0.00%  msgs=0           0 ns/msg
  dir 2: active=  0.00%  msgs=0           0 ns/msg
  AGGREGATE active = 0.00% (of 3 dir-threads; 0.00% per-thread avg)  msgs=0
[CPU compute ] process=  5.00% of 80 cores   system=  5.01%   (window 2s)

----- REMOTE CPU LOAD (memory node dir-threads, 2s window) -----
  dir 0: active=  0.00%  msgs=0           0 ns/msg
  dir 1: active=  0.00%  msgs=0           0 ns/msg
  dir 2: active=  0.00%  msgs=0           0 ns/msg
  AGGREGATE active = 0.00% (of 3 dir-threads; 0.00% per-thread avg)  msgs=0
[CPU compute ] process=  5.00% of 80 cores   system=  5.01%   (window 2s)

----- REMOTE CPU LOAD (memory node dir-threads, 2s window) -----
  dir 0: active=  0.00%  msgs=0           0 ns/msg
  dir 1: active=  0.00%  msgs=0           0 ns/msg
  dir 2: active=  0.00%  msgs=0           0 ns/msg
  AGGREGATE active = 0.00% (of 3 dir-threads; 0.00% per-thread avg)  msgs=0
[CPU compute ] process=  5.00% of 80 cores   system=  6.98%   (window 2s)

----- REMOTE CPU LOAD (memory node dir-threads, 2s window) -----
  dir 0: active=  0.00%  msgs=0           0 ns/msg
  dir 1: active=  0.00%  msgs=0           0 ns/msg
  dir 2: active=  0.00%  msgs=0           0 ns/msg
  AGGREGATE active = 0.00% (of 3 dir-threads; 0.00% per-thread avg)  msgs=0
[CPU compute ] process=  5.00% of 80 cores   system=  5.00%   (window 2s)

----- REMOTE CPU LOAD (memory node dir-threads, 2s window) -----
  dir 0: active=  0.00%  msgs=0           0 ns/msg
  dir 1: active=  0.00%  msgs=0           0 ns/msg
  dir 2: active=  0.00%  msgs=0           0 ns/msg
  AGGREGATE active = 0.00% (of 3 dir-threads; 0.00% per-thread avg)  msgs=0
[CPU compute ] process=  5.00% of 80 cores   system=  5.00%   (window 2s)
Success: tree root pointer value [1, 1140887552]
Height = 22

----- REMOTE CPU LOAD (memory node dir-threads, 2s window) -----
  dir 0: active=  0.00%  msgs=0           0 ns/msg
  dir 1: active=  0.00%  msgs=0           0 ns/msg
  dir 2: active=  0.00%  msgs=0           0 ns/msg
  AGGREGATE active = 0.00% (of 3 dir-threads; 0.00% per-thread avg)  msgs=0
[CPU compute ] process=  5.00% of 80 cores   system=  5.01%   (window 2s)

----- REMOTE CPU LOAD (memory node dir-threads, 2s window) -----
  dir 0: active=  0.00%  msgs=0           0 ns/msg
  dir 1: active=  0.00%  msgs=0           0 ns/msg
  dir 2: active=  0.00%  msgs=0           0 ns/msg
  AGGREGATE active = 0.00% (of 3 dir-threads; 0.00% per-thread avg)  msgs=0
[CPU compute ] process=  5.00% of 80 cores   system=  5.01%   (window 2s)

----- REMOTE CPU LOAD (memory node dir-threads, 2s window) -----
  dir 0: active=  0.00%  msgs=0           0 ns/msg
  dir 1: active=  0.00%  msgs=0           0 ns/msg
  dir 2: active=  0.00%  msgs=0           0 ns/msg
  AGGREGATE active = 0.00% (of 3 dir-threads; 0.00% per-thread avg)  msgs=0
[CPU compute ] process=  5.00% of 80 cores   system=  6.99%   (window 2s)

----- REMOTE CPU LOAD (memory node dir-threads, 2s window) -----
  dir 0: active=  0.00%  msgs=0           0 ns/msg
  dir 1: active=  0.00%  msgs=0           0 ns/msg
  dir 2: active=  0.00%  msgs=0           0 ns/msg
  AGGREGATE active = 0.00% (of 3 dir-threads; 0.00% per-thread avg)  msgs=0
[CPU compute ] process=  5.00% of 80 cores   system=  5.00%   (window 2s)

----- REMOTE CPU LOAD (memory node dir-threads, 2s window) -----
  dir 0: active=  0.00%  msgs=0           0 ns/msg
  dir 1: active=  0.00%  msgs=0           0 ns/msg
  dir 2: active=  0.00%  msgs=0           0 ns/msg
  AGGREGATE active = 0.00% (of 3 dir-threads; 0.00% per-thread avg)  msgs=0
[CPU compute ] process=  5.00% of 80 cores   system=  5.00%   (window 2s)
#leaf nodes = 3846153
leaf size(MB) = 1878
#inner nodes = 3846104
inner size(MB) = 1877.98
Tree height = 22
Cache capacity = 262144
max. leaf entries = 26
max. inner entries = 5
Inner page size = 160
Leaf page size = 512
node 0 finish its bulkload

----- REMOTE CPU LOAD (memory node dir-threads, 2s window) -----
  dir 0: active=  0.00%  msgs=0           0 ns/msg
  dir 1: active=  0.00%  msgs=0           0 ns/msg
  dir 2: active=  0.00%  msgs=0           0 ns/msg
  AGGREGATE active = 0.00% (of 3 dir-threads; 0.00% per-thread avg)  msgs=0
[CPU compute ] process=  5.00% of 80 cores   system=  5.01%   (window 2s)
IMPORTANT: my root is 74769206607873
0 is ready for the benchmark
I am 0
Fetched new height = 22
I am 4
I am 8
I am 2
I am 5
I am 1
I am 6
I am 34
I am 17
I am 27
I am 11
I am 18
I am 19
I am 20
I am 21
I am 22
I am 23
I am 14
I am 24
I am 15
I am 16
I am 26
I am 10
I am 29
I am 25
I am 35
I am 3
I am 31
I am 12
I am 7
I am 9
I am 28
I am 33
I am 32
I am 13
I am 30
entering dynamic phase

----- REMOTE CPU LOAD (memory node dir-threads, 2s window) -----
  dir 0: active=  0.00%  msgs=0           0 ns/msg
  dir 1: active=  0.00%  msgs=0           0 ns/msg
  dir 2: active=  0.00%  msgs=0           0 ns/msg
  AGGREGATE active = 0.00% (of 3 dir-threads; 0.00% per-thread avg)  msgs=0
[CPU compute ] process= 43.36% of 80 cores   system= 43.38%   (window 2s)
Thread_op_num = 833333
node 0 finish warmup

----- REMOTE CPU LOAD (memory node dir-threads, 2s window) -----
  dir 0: active=  0.00%  msgs=0           0 ns/msg
  dir 1: active=  0.00%  msgs=0           0 ns/msg
  dir 2: active=  0.00%  msgs=0           0 ns/msg
  AGGREGATE active = 0.00% (of 3 dir-threads; 0.00% per-thread avg)  msgs=0
[CPU compute ] process= 48.74% of 80 cores   system= 49.78%   (window 2s)
Start collecting the statistic

----- REMOTE CPU LOAD (memory node dir-threads, 2s window) -----
  dir 0: active=  0.00%  msgs=0           0 ns/msg
  dir 1: active=  0.00%  msgs=0           0 ns/msg
  dir 2: active=  0.00%  msgs=0           0 ns/msg
  AGGREGATE active = 0.00% (of 3 dir-threads; 0.00% per-thread avg)  msgs=0
[CPU compute ] process= 48.74% of 80 cores   system= 48.77%   (window 2s)
0, throughput 3.7491
cluster throughput 3.749

----- REMOTE CPU LOAD (memory node dir-threads, 2s window) -----
  dir 0: active=  0.00%  msgs=0           0 ns/msg
  dir 1: active=  0.00%  msgs=0           0 ns/msg
  dir 2: active=  0.00%  msgs=0           0 ns/msg
  AGGREGATE active = 0.00% (of 3 dir-threads; 0.00% per-thread avg)  msgs=0
[CPU compute ] process= 48.74% of 80 cores   system= 48.76%   (window 2s)
0, throughput 3.7881
cluster throughput 3.788

----- REMOTE CPU LOAD (memory node dir-threads, 2s window) -----
  dir 0: active=  0.00%  msgs=0           0 ns/msg
  dir 1: active=  0.00%  msgs=0           0 ns/msg
  dir 2: active=  0.00%  msgs=0           0 ns/msg
  AGGREGATE active = 0.00% (of 3 dir-threads; 0.00% per-thread avg)  msgs=0
[CPU compute ] process= 48.77% of 80 cores   system= 48.77%   (window 2s)
0, throughput 3.7823
cluster throughput 3.782

----- REMOTE CPU LOAD (memory node dir-threads, 2s window) -----
  dir 0: active=  0.00%  msgs=0           0 ns/msg
  dir 1: active=  0.00%  msgs=0           0 ns/msg
  dir 2: active=  0.00%  msgs=0           0 ns/msg
  AGGREGATE active = 0.00% (of 3 dir-threads; 0.00% per-thread avg)  msgs=0
[CPU compute ] process= 48.74% of 80 cores   system= 48.76%   (window 2s)
0, throughput 3.4845
cluster throughput 3.484

----- REMOTE CPU LOAD (memory node dir-threads, 2s window) -----
  dir 0: active=  0.00%  msgs=0           0 ns/msg
  dir 1: active=  0.00%  msgs=0           0 ns/msg
  dir 2: active=  0.00%  msgs=0           0 ns/msg
  AGGREGATE active = 0.00% (of 3 dir-threads; 0.00% per-thread avg)  msgs=0
[CPU compute ] process=  5.86% of 80 cores   system=  6.40%   (window 2s)
0, throughput 0.0000
cluster throughput 0.000
The time duration = 10 seconds

----- REMOTE CPU LOAD (memory node dir-threads, 2s window) -----
  dir 0: active=  0.00%  msgs=0           0 ns/msg
  dir 1: active=  0.00%  msgs=0           0 ns/msg
  dir 2: active=  0.00%  msgs=0           0 ns/msg
  AGGREGATE active = 0.00% (of 3 dir-threads; 0.00% per-thread avg)  msgs=0
[CPU compute ] process=  3.75% of 80 cores   system=  5.15%   (window 2s)

==================== LATENCY BUCKETS (500 ns) [node 0] ====================
[LOOKUP]
  ALL                n=29610836   mean=    9.49us  p50=  10.00us  p90=  18.50us  p99=  25.00us  p99.9=  29.50us  max>=265.00us
  LOCAL (cache hit)  n=8441589    mean=    0.57us  p50=   1.00us  p90=   1.00us  p99=   1.50us  p99.9=   2.00us  max>= 45.00us
  REMOTE (miss/rpc)  n=21169247   mean=   13.05us  p50=  13.00us  p90=  20.00us  p99=  25.50us  p99.9=  30.00us  max>=265.00us
[ALL OPS]
  ALL                n=29610836   mean=    9.49us  p50=  10.00us  p90=  18.50us  p99=  25.00us  p99.9=  29.50us  max>=265.00us
  LOCAL (cache hit)  n=8441589    mean=    0.57us  p50=   1.00us  p90=   1.00us  p99=   1.50us  p99.9=   2.00us  max>= 45.00us
  REMOTE (miss/rpc)  n=21169247   mean=   13.05us  p50=  13.00us  p90=  20.00us  p99=  25.50us  p99.9=  30.00us  max>=265.00us

----- 500 ns bucket CDF (all ops) [node 0] -----
  bucket [lo,hi) ns             count        pct       cdf
  [        0,      500)      3334314   11.2605%  11.2605%
  [      500,     1000)      4912191   16.5892%  27.8496%
  [     1000,     1500)       181623    0.6134%  28.4630%
  [     1500,     2000)         6796    0.0230%  28.4859%
  [     2000,     2500)         1109    0.0037%  28.4897%
  [     2500,     3000)          901    0.0030%  28.4927%
  [     3000,     3500)          908    0.0031%  28.4958%
  [     3500,     4000)         1288    0.0043%  28.5001%
  [     4000,     4500)         3709    0.0125%  28.5127%
  [     4500,     5000)        35377    0.1195%  28.6321%
  [     5000,     5500)       151380    0.5112%  29.1434%
  [     5500,     6000)       325922    1.1007%  30.2441%
  [     6000,     6500)       509035    1.7191%  31.9631%
  [     6500,     7000)       668360    2.2571%  34.2203%
  [     7000,     7500)       762470    2.5750%  36.7953%
  [     7500,     8000)       802221    2.7092%  39.5045%
  [     8000,     8500)       800689    2.7040%  42.2085%
  [     8500,     9000)       789044    2.6647%  44.8732%
  [     9000,     9500)       785431    2.6525%  47.5257%
  [     9500,    10000)       791788    2.6740%  50.1997%
  [    10000,    10500)       800283    2.7027%  52.9024%
  [    10500,    11000)       818505    2.7642%  55.6666%
  [    11000,    11500)       841513    2.8419%  58.5085%
  [    11500,    12000)       857392    2.8955%  61.4040%
  [    12000,    12500)       842915    2.8466%  64.2507%
  [    12500,    13000)       800728    2.7042%  66.9549%
  [    13000,    13500)       754350    2.5475%  69.5024%
  [    13500,    14000)       720909    2.4346%  71.9370%
  [    14000,    14500)       707670    2.3899%  74.3269%
  [    14500,    15000)       703631    2.3763%  76.7032%
  [    15000,    15500)       689176    2.3274%  79.0306%
  [    15500,    16000)       670471    2.2643%  81.2949%
  [    16000,    16500)       629126    2.1246%  83.4195%
  [    16500,    17000)       582447    1.9670%  85.3866%
  [    17000,    17500)       531258    1.7941%  87.1807%
  [    17500,    18000)       482246    1.6286%  88.8093%
  [    18000,    18500)       436674    1.4747%  90.2840%
  [    18500,    19000)       392971    1.3271%  91.6111%
  [    19000,    19500)       353709    1.1945%  92.8057%
  [    19500,    20000)       317759    1.0731%  93.8788%
  [    20000,    20500)       281222    0.9497%  94.8285%
  [    20500,    21000)       247650    0.8363%  95.6648%
  [    21000,    21500)       216112    0.7298%  96.3947%
  [    21500,    22000)       185385    0.6261%  97.0208%
  [    22000,    22500)       158375    0.5349%  97.5556%
  [    22500,    23000)       134158    0.4531%  98.0087%
  [    23000,    23500)       113475    0.3832%  98.3919%
  [    23500,    24000)        93366    0.3153%  98.7072%
  [    24000,    24500)        77648    0.2622%  98.9694%
  [    24500,    25000)        63824    0.2155%  99.1850%
  [    25000,    25500)        51150    0.1727%  99.3577%
  [    25500,    26000)        41197    0.1391%  99.4969%
  [    26000,    26500)        32975    0.1114%  99.6082%
  [    26500,    27000)        25919    0.0875%  99.6957%
  [    27000,    27500)        20791    0.0702%  99.7660%
  [    27500,    28000)        16085    0.0543%  99.8203%
  [    28000,    28500)        12409    0.0419%  99.8622%
  [    28500,    29000)         9709    0.0328%  99.8950%
  [    29000,    29500)         7400    0.0250%  99.9200%
  [    29500,    30000)         5652    0.0191%  99.9391%
  [    30000,    30500)         4175    0.0141%  99.9532%
  [    30500,    31000)         3128    0.0106%  99.9637%
  [    31000,    31500)         2324    0.0078%  99.9716%
  [    31500,    32000)         1717    0.0058%  99.9774%
  [    32000,    32500)         1216    0.0041%  99.9815%
  [    32500,    33000)          882    0.0030%  99.9845%
  [    33000,    33500)          673    0.0023%  99.9867%
  [    33500,    34000)          470    0.0016%  99.9883%
  [    34000,    34500)          338    0.0011%  99.9895%
  [    34500,    35000)          243    0.0008%  99.9903%
  [    35000,    35500)          191    0.0006%  99.9909%
  [    35500,    36000)          150    0.0005%  99.9914%
  [    36000,    36500)          130    0.0004%  99.9919%
  [    36500,    37000)           80    0.0003%  99.9921%
  [    37000,    37500)           54    0.0002%  99.9923%
  [    37500,    38000)           59    0.0002%  99.9925%
  [    38000,    38500)           58    0.0002%  99.9927%
  [    38500,    39000)           31    0.0001%  99.9928%
  [    39000,    39500)           46    0.0002%  99.9930%
  [    39500,    40000)           54    0.0002%  99.9932%
  [    40000,    40500)           42    0.0001%  99.9933%
  [    40500,    41000)           29    0.0001%  99.9934%
  [    41000,    41500)           23    0.0001%  99.9935%
  [    41500,    42000)           23    0.0001%  99.9936%
  [    42000,    42500)           20    0.0001%  99.9936%
  [    42500,    43000)           16    0.0001%  99.9937%
  [    43000,    43500)           25    0.0001%  99.9938%
  [    43500,    44000)           15    0.0001%  99.9938%
  [    44000,    44500)           16    0.0001%  99.9939%
  [    44500,    45000)           28    0.0001%  99.9940%
  [    45000,    45500)           14    0.0000%  99.9940%
  [    45500,    46000)           29    0.0001%  99.9941%
  [    46000,    46500)           12    0.0000%  99.9941%
  [    46500,    47000)           19    0.0001%  99.9942%
  [    47000,    47500)           10    0.0000%  99.9942%
  [    47500,    48000)           11    0.0000%  99.9943%
  [    48000,    48500)           16    0.0001%  99.9943%
  [    48500,    49000)           23    0.0001%  99.9944%
  [    49000,    49500)           20    0.0001%  99.9945%
  [    49500,    50000)           12    0.0000%  99.9945%
  [    50000,    50500)           17    0.0001%  99.9946%
  [    50500,    51000)           32    0.0001%  99.9947%
  [    51000,    51500)           11    0.0000%  99.9947%
  [    51500,    52000)           18    0.0001%  99.9948%
  [    52000,    52500)           19    0.0001%  99.9948%
  [    52500,    53000)           25    0.0001%  99.9949%
  [    53000,    53500)           20    0.0001%  99.9950%
  [    53500,    54000)           29    0.0001%  99.9951%
  [    54000,    54500)           11    0.0000%  99.9951%
  [    54500,    55000)           13    0.0000%  99.9952%
  [    55000,    55500)           26    0.0001%  99.9953%
  [    55500,    56000)           32    0.0001%  99.9954%
  [    56000,    56500)           12    0.0000%  99.9954%
  [    56500,    57000)           22    0.0001%  99.9955%
  [    57000,    57500)           23    0.0001%  99.9956%
  [    57500,    58000)           33    0.0001%  99.9957%
  [    58000,    58500)           22    0.0001%  99.9958%
  [    58500,    59000)           24    0.0001%  99.9958%
  [    59000,    59500)           23    0.0001%  99.9959%
  [    59500,    60000)           18    0.0001%  99.9960%
  [    60000,    60500)           16    0.0001%  99.9960%
  [    60500,    61000)           20    0.0001%  99.9961%
  [    61000,    61500)           27    0.0001%  99.9962%
  [    61500,    62000)           22    0.0001%  99.9963%
  [    62000,    62500)           13    0.0000%  99.9963%
  [    62500,    63000)           21    0.0001%  99.9964%
  [    63000,    63500)           14    0.0000%  99.9964%
  [    63500,    64000)           18    0.0001%  99.9965%
  [    64000,    64500)           11    0.0000%  99.9965%
  [    64500,    65000)           20    0.0001%  99.9966%
  [    65000,    65500)           13    0.0000%  99.9966%
  [    65500,    66000)           12    0.0000%  99.9967%
  [    66000,    66500)           11    0.0000%  99.9967%
  [    66500,    67000)           20    0.0001%  99.9968%
  [    67000,    67500)           18    0.0001%  99.9968%
  [    67500,    68000)           18    0.0001%  99.9969%
  [    68000,    68500)           16    0.0001%  99.9970%
  [    68500,    69000)           16    0.0001%  99.9970%
  [    69000,    69500)           11    0.0000%  99.9970%
  [    69500,    70000)           11    0.0000%  99.9971%
  [    70000,    70500)           11    0.0000%  99.9971%
  [    70500,    71000)           14    0.0000%  99.9972%
  [    71000,    71500)           12    0.0000%  99.9972%
  [    71500,    72000)           12    0.0000%  99.9972%
  [    72000,    72500)            8    0.0000%  99.9973%
  [    72500,    73000)           16    0.0001%  99.9973%
  [    73000,    73500)           12    0.0000%  99.9974%
  [    73500,    74000)           16    0.0001%  99.9974%
  [    74000,    74500)           15    0.0001%  99.9975%
  [    74500,    75000)           21    0.0001%  99.9975%
  [    75000,    75500)           14    0.0000%  99.9976%
  [    75500,    76000)           18    0.0001%  99.9976%
  [    76000,    76500)           19    0.0001%  99.9977%
  [    76500,    77000)           16    0.0001%  99.9978%
  [    77000,    77500)           20    0.0001%  99.9978%
  [    77500,    78000)           26    0.0001%  99.9979%
  [    78000,    78500)           18    0.0001%  99.9980%
  [    78500,    79000)           15    0.0001%  99.9980%
  [    79000,    79500)           23    0.0001%  99.9981%
  [    79500,    80000)           22    0.0001%  99.9982%
  [    80000,    80500)           18    0.0001%  99.9982%
  [    80500,    81000)           23    0.0001%  99.9983%
  [    81000,    81500)           22    0.0001%  99.9984%
  [    81500,    82000)           15    0.0001%  99.9984%
  [    82000,    82500)           24    0.0001%  99.9985%
  [    82500,    83000)           17    0.0001%  99.9986%
  [    83000,    83500)           16    0.0001%  99.9986%
  [    83500,    84000)           12    0.0000%  99.9987%
  [    84000,    84500)           15    0.0001%  99.9987%
  [    84500,    85000)           14    0.0000%  99.9988%
  [    85000,    85500)           16    0.0001%  99.9988%
  [    85500,    86000)            8    0.0000%  99.9989%
  [    86000,    86500)            9    0.0000%  99.9989%
  [    86500,    87000)           15    0.0001%  99.9989%
  [    87000,    87500)           10    0.0000%  99.9990%
  [    87500,    88000)           18    0.0001%  99.9990%
  [    88000,    88500)           12    0.0000%  99.9991%
  [    88500,    89000)           11    0.0000%  99.9991%
  [    89000,    89500)           11    0.0000%  99.9992%
  [    89500,    90000)            7    0.0000%  99.9992%
  [    90000,    90500)            5    0.0000%  99.9992%
  [    90500,    91000)            7    0.0000%  99.9992%
  [    91000,    91500)           13    0.0000%  99.9993%
  [    91500,    92000)            5    0.0000%  99.9993%
  [    92000,    92500)            8    0.0000%  99.9993%
  [    92500,    93000)            8    0.0000%  99.9993%
  [    93000,    93500)           10    0.0000%  99.9994%
  [    93500,    94000)            9    0.0000%  99.9994%
  [    94000,    94500)            8    0.0000%  99.9994%
  [    94500,    95000)            3    0.0000%  99.9994%
  [    95000,    95500)            6    0.0000%  99.9995%
  [    95500,    96000)            3    0.0000%  99.9995%
  [    96000,    96500)            3    0.0000%  99.9995%
  [    97000,    97500)            6    0.0000%  99.9995%
  [    97500,    98000)            3    0.0000%  99.9995%
  [    98000,    98500)            2    0.0000%  99.9995%
  [    98500,    99000)            2    0.0000%  99.9995%
  [    99000,    99500)            1    0.0000%  99.9995%
  [    99500,   100000)            4    0.0000%  99.9995%
  [   100500,   101000)            3    0.0000%  99.9995%
  [   101000,   101500)            3    0.0000%  99.9996%
  [   101500,   102000)            2    0.0000%  99.9996%
  [   102000,   102500)            2    0.0000%  99.9996%
  [   102500,   103000)            1    0.0000%  99.9996%
  [   103000,   103500)            1    0.0000%  99.9996%
  [   103500,   104000)            2    0.0000%  99.9996%
  [   104000,   104500)            1    0.0000%  99.9996%
  [   104500,   105000)            2    0.0000%  99.9996%
  [   105000,   105500)            2    0.0000%  99.9996%
  [   105500,   106000)            1    0.0000%  99.9996%
  [   107500,   108000)            1    0.0000%  99.9996%
  [   109500,   110000)            1    0.0000%  99.9996%
  [   110500,   111000)            1    0.0000%  99.9996%
  [   111500,   112000)            1    0.0000%  99.9996%
  [   112500,   113000)            1    0.0000%  99.9996%
  [   114000,   114500)            1    0.0000%  99.9996%
  [   115500,   116000)            3    0.0000%  99.9996%
  [   116000,   116500)            5    0.0000%  99.9996%
  [   116500,   117000)            4    0.0000%  99.9997%
  [   117000,   117500)            2    0.0000%  99.9997%
  [   118000,   118500)            1    0.0000%  99.9997%
  [   118500,   119000)            3    0.0000%  99.9997%
  [   119000,   119500)            8    0.0000%  99.9997%
  [   119500,   120000)            2    0.0000%  99.9997%
  [   120000,   120500)            8    0.0000%  99.9997%
  [   120500,   121000)            2    0.0000%  99.9998%
  [   121000,   121500)            5    0.0000%  99.9998%
  [   121500,   122000)            4    0.0000%  99.9998%
  [   122000,   122500)            4    0.0000%  99.9998%
  [   122500,   123000)            3    0.0000%  99.9998%
  [   123000,   123500)            5    0.0000%  99.9998%
  [   123500,   124000)            1    0.0000%  99.9998%
  [   124000,   124500)            7    0.0000%  99.9998%
  [   124500,   125000)            2    0.0000%  99.9999%
  [   125000,   125500)            4    0.0000%  99.9999%
  [   125500,   126000)            6    0.0000%  99.9999%
  [   126000,   126500)            4    0.0000%  99.9999%
  [   126500,   127000)            1    0.0000%  99.9999%
  [   127000,   127500)            3    0.0000%  99.9999%
  [   127500,   128000)            2    0.0000%  99.9999%
  [   128000,   128500)            3    0.0000%  99.9999%
  [   128500,   129000)            2    0.0000%  99.9999%
  [   129000,   129500)            2    0.0000%  99.9999%
  [   129500,   130000)            4    0.0000% 100.0000%
  [   130000,   130500)            2    0.0000% 100.0000%
  [   130500,   131000)            1    0.0000% 100.0000%
  [   131000,   131500)            1    0.0000% 100.0000%
  [   131500,   132000)            1    0.0000% 100.0000%
  [   132000,   132500)            1    0.0000% 100.0000%
  [   134000,   134500)            2    0.0000% 100.0000%
  [   255000,   255500)            1    0.0000% 100.0000%
  [   256500,   257000)            1    0.0000% 100.0000%
  [   258000,   258500)            1    0.0000% 100.0000%
  [   264500,   265000)            1    0.0000% 100.0000%

----- REMOTE OPERATIONS [node 0] -----
  ops total                = 29610836
  ops local  (cache hit)   = 8441589 (28.51%)
  ops remote (>=1 net op)  = 21169247 (71.49%)
  remote ops total         = 37439961
    rdma read              = 16270714
    rdma write             = 0
    rdma cas               = 0
    rpc pushdown           = 21169247
  remote ops / op          = 1.2644
  remote ops / remote op   = 1.7686

----- OFFLOADED TASKS [node 0] -----
  lookup pushdowns         = 21169247
  scan    pushdowns (RPC)  = 0
    kv pairs returned      = 0
    leaves scanned remotely= 0
    kv / scan pushdown     = 0.00
    leaves / scan pushdown = 0.00
  per-thread breakdown (tid: lookups | scans | kv | leaves):
    t0        586013 |          0 |          0 |          0
    t1        584779 |          0 |          0 |          0
    t2        590979 |          0 |          0 |          0
    t3        582532 |          0 |          0 |          0
    t4        593470 |          0 |          0 |          0
    t5        583740 |          0 |          0 |          0
    t6        593499 |          0 |          0 |          0
    t7        583098 |          0 |          0 |          0
    t8        589576 |          0 |          0 |          0
    t9        583243 |          0 |          0 |          0
    t10       594558 |          0 |          0 |          0
    t11       585537 |          0 |          0 |          0
    t12       593036 |          0 |          0 |          0
    t13       584262 |          0 |          0 |          0
    t14       590528 |          0 |          0 |          0
    t15       583022 |          0 |          0 |          0
    t16       595362 |          0 |          0 |          0
    t17       584636 |          0 |          0 |          0
    t18       592224 |          0 |          0 |          0
    t19       582407 |          0 |          0 |          0
    t20       592753 |          0 |          0 |          0
    t21       585828 |          0 |          0 |          0
    t22       593516 |          0 |          0 |          0
    t23       582081 |          0 |          0 |          0
    t24       589725 |          0 |          0 |          0
    t25       585592 |          0 |          0 |          0
    t26       590849 |          0 |          0 |          0
    t27       583900 |          0 |          0 |          0
    t28       594818 |          0 |          0 |          0
    t29       585389 |          0 |          0 |          0
    t30       592757 |          0 |          0 |          0
    t31       584146 |          0 |          0 |          0
    t32       590482 |          0 |          0 |          0
    t33       586043 |          0 |          0 |          0
    t34       592422 |          0 |          0 |          0
    t35       582445 |          0 |          0 |          0

----- PATH-AWARE CACHE MISS RATE [node 0] -----
  node accesses (hit+miss) = 565667055
  node cache hits          = 528227314 (93.38%)
  MISS RATE                = 6.6187%  (37439741 / 565667055)
  inner-node miss          = 36845608 (98.41% of misses, 6.5137% rate)
  leaf-node  miss          = 594133 (1.59% of misses, 0.1050% rate)
  total miss               = 37439741
  cache writebacks         = 0
=========================================================================

Round 0 (max_throughput): 3.77214 Mops/s
Round 0 (straggler_throughput): 3.77212 Mops/s
Before barrier finish
Avg. rdma read time(ms) = 0
Avg. rdma write time(ms) = -nan
Avg. rdma read / op = 0.549485
Avg. rdma write / op = 0
Avg. rdma cas / op = 0
Avg. rdma rpc / op = 0.714916
Avg. all rdma / op = 1.2644
Avg. rdma read size/ op = 304.925
Avg. rdma write size / op = 0
Avg. rdma RW size / op = 304.925
------------------------------------------
Node 0 average throughput = 3.70075
Node 0 total throughput = 3.77214
All CN throughput (Max) = 3.77214
All CN throughput (Straggler) = 3.77212
Final throughput = 3.77212
------------------------------------------
