Compute node count = 1
kNodeCount 2, kReadRatio 100, kInsertRatio 0, kUpdateRatio 0, kDeleteRatio 0, kRangeRatio 0, totalThreadCount 36, memThreadCount 8 cache_size 512, uniform_workload 0, zipfian 0.990000, bulk_load_num 50000000, warmup_num 10000000, op_num 30000000, check_correctness 0, time_based 0, early_stop 1, index 0, rpc_rate 1.000000, admission_rate 0.100000, auto_tune 0
kMaxThread = 36
KeySpace = 50001000
[GEOMETRY] inner_page=160 leaf_page=512 inner_entries=5 leaf_entries=26 slot=512 placement=mn_only
[4mshared memory size: 64GB, 0x7fef77200000[0m
[4mcache size: 2GB[0m
[4mMachine NR: 2[0m
[4mMax_APP_THREAD: 36[0m
[4mNR_DIRECTORY: 16[0m
[4mStart Build the DSMKeeper[0m
I am servers 0 [255.127.0.0]
I connect server 1
[4mdir 0 launch! (core 79 of 80)
[0m
[4mdir 1 launch! (core 78 of 80)
[0m
[4mdir 2 launch! (core 77 of 80)
[0m
[4mdir 4 launch! (core 39 of 80)
[0m
[4mdir 5 launch! (core 38 of 80)
[0m
[4mdir 6 launch! (core 37 of 80)
[0m
[4mdir 7 launch! (core 36 of 80)
[0m
[4mdir 3 launch! (core 76 of 80)
[0m
CNode 0, left bound = 0, right bound = 18446744073709551615
Pushdown (RPC) Rate: 1
Admission Rate: 0.1
Cache size(MB) = 512
-----Cache initial addr = 0x7fef24000000
page num = 1048576
alloc_unit = 512
entry_num: 1048576
bucket_num: 349526
Bucket size = 64
entry_num: 104857
bucket_num: 17477
start generating tree
num_partitions = 1
Success: tree root pointer value [1, 67108864]
finish generating tree
Bulkload num in node 0 = 50000000

----- REMOTE CPU LOAD (memory node dir-threads, 2s window) -----
  dir 0: active=  0.00%  msgs=0           0 ns/msg
  dir 1: active=  0.00%  msgs=0           0 ns/msg
  dir 2: active=  0.00%  msgs=0           0 ns/msg
  dir 3: active=  0.00%  msgs=0           0 ns/msg
  dir 4: active=  0.00%  msgs=0           0 ns/msg
  dir 5: active=  0.00%  msgs=0           0 ns/msg
  dir 6: active=  0.00%  msgs=0           0 ns/msg
  dir 7: active=  0.00%  msgs=0           0 ns/msg
  AGGREGATE active = 0.00% (of 8 dir-threads; 0.00% per-thread avg)  msgs=0
[CPU compute ] process= 11.24% of 80 cores   system= 11.26%   (window 2s)
First key of bulkloading = 7325973
Last key of bulkloading = 26738230
node warmup num = 9999972
kReadRatio =100
insertmark =100
updatemark =100
deletemark =100
rangemark =100
Finish warmup workload generation

----- REMOTE CPU LOAD (memory node dir-threads, 2s window) -----
  dir 0: active=  0.00%  msgs=0           0 ns/msg
  dir 1: active=  0.00%  msgs=0           0 ns/msg
  dir 2: active=  0.00%  msgs=0           0 ns/msg
  dir 3: active=  0.00%  msgs=0           0 ns/msg
  dir 4: active=  0.00%  msgs=0           0 ns/msg
  dir 5: active=  0.00%  msgs=0           0 ns/msg
  dir 6: active=  0.00%  msgs=0           0 ns/msg
  dir 7: active=  0.00%  msgs=0           0 ns/msg
  AGGREGATE active = 0.00% (of 8 dir-threads; 0.00% per-thread avg)  msgs=0
[CPU compute ] process= 11.25% of 80 cores   system= 13.20%   (window 2s)

----- REMOTE CPU LOAD (memory node dir-threads, 2s window) -----
  dir 0: active=  0.00%  msgs=0           0 ns/msg
  dir 1: active=  0.00%  msgs=0           0 ns/msg
  dir 2: active=  0.00%  msgs=0           0 ns/msg
  dir 3: active=  0.00%  msgs=0           0 ns/msg
  dir 4: active=  0.00%  msgs=0           0 ns/msg
  dir 5: active=  0.00%  msgs=0           0 ns/msg
  dir 6: active=  0.00%  msgs=0           0 ns/msg
  dir 7: active=  0.00%  msgs=0           0 ns/msg
  AGGREGATE active = 0.00% (of 8 dir-threads; 0.00% per-thread avg)  msgs=0
[CPU compute ] process= 11.25% of 80 cores   system= 11.25%   (window 2s)

----- REMOTE CPU LOAD (memory node dir-threads, 2s window) -----
  dir 0: active=  0.00%  msgs=0           0 ns/msg
  dir 1: active=  0.00%  msgs=0           0 ns/msg
  dir 2: active=  0.00%  msgs=0           0 ns/msg
  dir 3: active=  0.00%  msgs=0           0 ns/msg
  dir 4: active=  0.00%  msgs=0           0 ns/msg
  dir 5: active=  0.00%  msgs=0           0 ns/msg
  dir 6: active=  0.00%  msgs=0           0 ns/msg
  dir 7: active=  0.00%  msgs=0           0 ns/msg
  AGGREGATE active = 0.00% (of 8 dir-threads; 0.00% per-thread avg)  msgs=0
[CPU compute ] process= 11.25% of 80 cores   system= 11.25%   (window 2s)
node op_num = 29999988
Finish all workload generation

----- REMOTE CPU LOAD (memory node dir-threads, 2s window) -----
  dir 0: active=  0.00%  msgs=0           0 ns/msg
  dir 1: active=  0.00%  msgs=0           0 ns/msg
  dir 2: active=  0.00%  msgs=0           0 ns/msg
  dir 3: active=  0.00%  msgs=0           0 ns/msg
  dir 4: active=  0.00%  msgs=0           0 ns/msg
  dir 5: active=  0.00%  msgs=0           0 ns/msg
  dir 6: active=  0.00%  msgs=0           0 ns/msg
  dir 7: active=  0.00%  msgs=0           0 ns/msg
  AGGREGATE active = 0.00% (of 8 dir-threads; 0.00% per-thread avg)  msgs=0
[CPU compute ] process= 11.25% of 80 cores   system= 11.27%   (window 2s)

----- REMOTE CPU LOAD (memory node dir-threads, 2s window) -----
  dir 0: active=  0.00%  msgs=0           0 ns/msg
  dir 1: active=  0.00%  msgs=0           0 ns/msg
  dir 2: active=  0.00%  msgs=0           0 ns/msg
  dir 3: active=  0.00%  msgs=0           0 ns/msg
  dir 4: active=  0.00%  msgs=0           0 ns/msg
  dir 5: active=  0.00%  msgs=0           0 ns/msg
  dir 6: active=  0.00%  msgs=0           0 ns/msg
  dir 7: active=  0.00%  msgs=0           0 ns/msg
  AGGREGATE active = 0.00% (of 8 dir-threads; 0.00% per-thread avg)  msgs=0
[CPU compute ] process= 11.25% of 80 cores   system= 11.25%   (window 2s)

----- REMOTE CPU LOAD (memory node dir-threads, 2s window) -----
  dir 0: active=  0.00%  msgs=0           0 ns/msg
  dir 1: active=  0.00%  msgs=0           0 ns/msg
  dir 2: active=  0.00%  msgs=0           0 ns/msg
  dir 3: active=  0.00%  msgs=0           0 ns/msg
  dir 4: active=  0.00%  msgs=0           0 ns/msg
  dir 5: active=  0.00%  msgs=0           0 ns/msg
  dir 6: active=  0.00%  msgs=0           0 ns/msg
  dir 7: active=  0.00%  msgs=0           0 ns/msg
  AGGREGATE active = 0.00% (of 8 dir-threads; 0.00% per-thread avg)  msgs=0
[CPU compute ] process= 11.25% of 80 cores   system= 13.26%   (window 2s)
Fetched new height = 1
Success: tree root pointer value [1, 67109888]
Height = 2
Success: tree root pointer value [1, 67112448]
Height = 3
Success: tree root pointer value [1, 67118080]
Height = 4
Success: tree root pointer value [1, 67129856]
Height = 5
Success: tree root pointer value [1, 67153920]
Height = 6
Success: tree root pointer value [1, 67202560]
Height = 7
Success: tree root pointer value [1, 67300352]
Height = 8
Success: tree root pointer value [1, 67496448]
Height = 9
Success: tree root pointer value [1, 67889152]
Height = 10
Success: tree root pointer value [1, 68675072]
Height = 11
Success: tree root pointer value [1, 70247424]
Height = 12
Success: tree root pointer value [1, 73392640]
Height = 13
Success: tree root pointer value [1, 79683584]
Height = 14
Success: tree root pointer value [1, 92265984]
Height = 15
Success: tree root pointer value [1, 8673811968]
Height = 16
Success: tree root pointer value [1, 17280523776]
Height = 17

----- REMOTE CPU LOAD (memory node dir-threads, 2s window) -----
  dir 0: active=  0.00%  msgs=0           0 ns/msg
  dir 1: active=  0.00%  msgs=0           0 ns/msg
  dir 2: active=  0.00%  msgs=0           0 ns/msg
  dir 3: active=  0.00%  msgs=0           0 ns/msg
  dir 4: active=  0.00%  msgs=0           0 ns/msg
  dir 5: active=  0.00%  msgs=0           0 ns/msg
  dir 6: active=  0.00%  msgs=0           0 ns/msg
  dir 7: active=  0.00%  msgs=0           0 ns/msg
  AGGREGATE active = 0.00% (of 8 dir-threads; 0.00% per-thread avg)  msgs=0
[CPU compute ] process= 11.25% of 80 cores   system= 11.26%   (window 2s)
Success: tree root pointer value [1, 43050328576]
Height = 18

----- REMOTE CPU LOAD (memory node dir-threads, 2s window) -----
  dir 0: active=  0.00%  msgs=0           0 ns/msg
  dir 1: active=  0.00%  msgs=0           0 ns/msg
  dir 2: active=  0.00%  msgs=0           0 ns/msg
  dir 3: active=  0.00%  msgs=0           0 ns/msg
  dir 4: active=  0.00%  msgs=0           0 ns/msg
  dir 5: active=  0.00%  msgs=0           0 ns/msg
  dir 6: active=  0.00%  msgs=0           0 ns/msg
  dir 7: active=  0.00%  msgs=0           0 ns/msg
  AGGREGATE active = 0.00% (of 8 dir-threads; 0.00% per-thread avg)  msgs=0
[CPU compute ] process= 11.25% of 80 cores   system= 11.26%   (window 2s)
Success: tree root pointer value [1, 25904016384]
Height = 19
entering dynamic phase

----- REMOTE CPU LOAD (memory node dir-threads, 2s window) -----
  dir 0: active=  0.00%  msgs=0           0 ns/msg
  dir 1: active=  0.00%  msgs=0           0 ns/msg
  dir 2: active=  0.00%  msgs=0           0 ns/msg
  dir 3: active=  0.00%  msgs=0           0 ns/msg
  dir 4: active=  0.00%  msgs=0           0 ns/msg
  dir 5: active=  0.00%  msgs=0           0 ns/msg
  dir 6: active=  0.00%  msgs=0           0 ns/msg
  dir 7: active=  0.00%  msgs=0           0 ns/msg
  AGGREGATE active = 0.00% (of 8 dir-threads; 0.00% per-thread avg)  msgs=0
[CPU compute ] process= 11.25% of 80 cores   system= 11.25%   (window 2s)

----- REMOTE CPU LOAD (memory node dir-threads, 2s window) -----
  dir 0: active=  0.00%  msgs=0           0 ns/msg
  dir 1: active=  0.00%  msgs=0           0 ns/msg
  dir 2: active=  0.00%  msgs=0           0 ns/msg
  dir 3: active=  0.00%  msgs=0           0 ns/msg
  dir 4: active=  0.00%  msgs=0           0 ns/msg
  dir 5: active=  0.00%  msgs=0           0 ns/msg
  dir 6: active=  0.00%  msgs=0           0 ns/msg
  dir 7: active=  0.00%  msgs=0           0 ns/msg
  AGGREGATE active = 0.00% (of 8 dir-threads; 0.00% per-thread avg)  msgs=0
[CPU compute ] process= 11.25% of 80 cores   system= 11.26%   (window 2s)
Success: tree root pointer value [1, 167773184]
Height = 20

----- REMOTE CPU LOAD (memory node dir-threads, 2s window) -----
  dir 0: active=  0.00%  msgs=0           0 ns/msg
  dir 1: active=  0.00%  msgs=0           0 ns/msg
  dir 2: active=  0.00%  msgs=0           0 ns/msg
  dir 3: active=  0.00%  msgs=0           0 ns/msg
  dir 4: active=  0.00%  msgs=0           0 ns/msg
  dir 5: active=  0.00%  msgs=0           0 ns/msg
  dir 6: active=  0.00%  msgs=0           0 ns/msg
  dir 7: active=  0.00%  msgs=0           0 ns/msg
  AGGREGATE active = 0.00% (of 8 dir-threads; 0.00% per-thread avg)  msgs=0
[CPU compute ] process= 11.25% of 80 cores   system= 13.19%   (window 2s)

----- REMOTE CPU LOAD (memory node dir-threads, 2s window) -----
  dir 0: active=  0.00%  msgs=0           0 ns/msg
  dir 1: active=  0.00%  msgs=0           0 ns/msg
  dir 2: active=  0.00%  msgs=0           0 ns/msg
  dir 3: active=  0.00%  msgs=0           0 ns/msg
  dir 4: active=  0.00%  msgs=0           0 ns/msg
  dir 5: active=  0.00%  msgs=0           0 ns/msg
  dir 6: active=  0.00%  msgs=0           0 ns/msg
  dir 7: active=  0.00%  msgs=0           0 ns/msg
  AGGREGATE active = 0.00% (of 8 dir-threads; 0.00% per-thread avg)  msgs=0
[CPU compute ] process= 11.25% of 80 cores   system= 11.26%   (window 2s)

----- REMOTE CPU LOAD (memory node dir-threads, 2s window) -----
  dir 0: active=  0.00%  msgs=0           0 ns/msg
  dir 1: active=  0.00%  msgs=0           0 ns/msg
  dir 2: active=  0.00%  msgs=0           0 ns/msg
  dir 3: active=  0.00%  msgs=0           0 ns/msg
  dir 4: active=  0.00%  msgs=0           0 ns/msg
  dir 5: active=  0.00%  msgs=0           0 ns/msg
  dir 6: active=  0.00%  msgs=0           0 ns/msg
  dir 7: active=  0.00%  msgs=0           0 ns/msg
  AGGREGATE active = 0.00% (of 8 dir-threads; 0.00% per-thread avg)  msgs=0
[CPU compute ] process= 11.25% of 80 cores   system= 11.26%   (window 2s)

----- REMOTE CPU LOAD (memory node dir-threads, 2s window) -----
  dir 0: active=  0.00%  msgs=0           0 ns/msg
  dir 1: active=  0.00%  msgs=0           0 ns/msg
  dir 2: active=  0.00%  msgs=0           0 ns/msg
  dir 3: active=  0.00%  msgs=0           0 ns/msg
  dir 4: active=  0.00%  msgs=0           0 ns/msg
  dir 5: active=  0.00%  msgs=0           0 ns/msg
  dir 6: active=  0.00%  msgs=0           0 ns/msg
  dir 7: active=  0.00%  msgs=0           0 ns/msg
  AGGREGATE active = 0.00% (of 8 dir-threads; 0.00% per-thread avg)  msgs=0
[CPU compute ] process= 11.25% of 80 cores   system= 11.25%   (window 2s)

----- REMOTE CPU LOAD (memory node dir-threads, 2s window) -----
  dir 0: active=  0.00%  msgs=0           0 ns/msg
  dir 1: active=  0.00%  msgs=0           0 ns/msg
  dir 2: active=  0.00%  msgs=0           0 ns/msg
  dir 3: active=  0.00%  msgs=0           0 ns/msg
  dir 4: active=  0.00%  msgs=0           0 ns/msg
  dir 5: active=  0.00%  msgs=0           0 ns/msg
  dir 6: active=  0.00%  msgs=0           0 ns/msg
  dir 7: active=  0.00%  msgs=0           0 ns/msg
  AGGREGATE active = 0.00% (of 8 dir-threads; 0.00% per-thread avg)  msgs=0
[CPU compute ] process= 11.25% of 80 cores   system= 11.25%   (window 2s)

----- REMOTE CPU LOAD (memory node dir-threads, 2s window) -----
  dir 0: active=  0.00%  msgs=0           0 ns/msg
  dir 1: active=  0.00%  msgs=0           0 ns/msg
  dir 2: active=  0.00%  msgs=0           0 ns/msg
  dir 3: active=  0.00%  msgs=0           0 ns/msg
  dir 4: active=  0.00%  msgs=0           0 ns/msg
  dir 5: active=  0.00%  msgs=0           0 ns/msg
  dir 6: active=  0.00%  msgs=0           0 ns/msg
  dir 7: active=  0.00%  msgs=0           0 ns/msg
  AGGREGATE active = 0.00% (of 8 dir-threads; 0.00% per-thread avg)  msgs=0
[CPU compute ] process= 11.25% of 80 cores   system= 13.14%   (window 2s)

----- REMOTE CPU LOAD (memory node dir-threads, 2s window) -----
  dir 0: active=  0.00%  msgs=0           0 ns/msg
  dir 1: active=  0.00%  msgs=0           0 ns/msg
  dir 2: active=  0.00%  msgs=0           0 ns/msg
  dir 3: active=  0.00%  msgs=0           0 ns/msg
  dir 4: active=  0.00%  msgs=0           0 ns/msg
  dir 5: active=  0.00%  msgs=0           0 ns/msg
  dir 6: active=  0.00%  msgs=0           0 ns/msg
  dir 7: active=  0.00%  msgs=0           0 ns/msg
  AGGREGATE active = 0.00% (of 8 dir-threads; 0.00% per-thread avg)  msgs=0
[CPU compute ] process= 11.25% of 80 cores   system= 11.26%   (window 2s)
Success: tree root pointer value [1, 268448256]
Height = 21

----- REMOTE CPU LOAD (memory node dir-threads, 2s window) -----
  dir 0: active=  0.00%  msgs=0           0 ns/msg
  dir 1: active=  0.00%  msgs=0           0 ns/msg
  dir 2: active=  0.00%  msgs=0           0 ns/msg
  dir 3: active=  0.00%  msgs=0           0 ns/msg
  dir 4: active=  0.00%  msgs=0           0 ns/msg
  dir 5: active=  0.00%  msgs=0           0 ns/msg
  dir 6: active=  0.00%  msgs=0           0 ns/msg
  dir 7: active=  0.00%  msgs=0           0 ns/msg
  AGGREGATE active = 0.00% (of 8 dir-threads; 0.00% per-thread avg)  msgs=0
[CPU compute ] process= 11.25% of 80 cores   system= 11.26%   (window 2s)

----- REMOTE CPU LOAD (memory node dir-threads, 2s window) -----
  dir 0: active=  0.00%  msgs=0           0 ns/msg
  dir 1: active=  0.00%  msgs=0           0 ns/msg
  dir 2: active=  0.00%  msgs=0           0 ns/msg
  dir 3: active=  0.00%  msgs=0           0 ns/msg
  dir 4: active=  0.00%  msgs=0           0 ns/msg
  dir 5: active=  0.00%  msgs=0           0 ns/msg
  dir 6: active=  0.00%  msgs=0           0 ns/msg
  dir 7: active=  0.00%  msgs=0           0 ns/msg
  AGGREGATE active = 0.00% (of 8 dir-threads; 0.00% per-thread avg)  msgs=0
[CPU compute ] process= 11.25% of 80 cores   system= 11.26%   (window 2s)

----- REMOTE CPU LOAD (memory node dir-threads, 2s window) -----
  dir 0: active=  0.00%  msgs=0           0 ns/msg
  dir 1: active=  0.00%  msgs=0           0 ns/msg
  dir 2: active=  0.00%  msgs=0           0 ns/msg
  dir 3: active=  0.00%  msgs=0           0 ns/msg
  dir 4: active=  0.00%  msgs=0           0 ns/msg
  dir 5: active=  0.00%  msgs=0           0 ns/msg
  dir 6: active=  0.00%  msgs=0           0 ns/msg
  dir 7: active=  0.00%  msgs=0           0 ns/msg
  AGGREGATE active = 0.00% (of 8 dir-threads; 0.00% per-thread avg)  msgs=0
[CPU compute ] process= 11.25% of 80 cores   system= 11.25%   (window 2s)

----- REMOTE CPU LOAD (memory node dir-threads, 2s window) -----
  dir 0: active=  0.00%  msgs=0           0 ns/msg
  dir 1: active=  0.00%  msgs=0           0 ns/msg
  dir 2: active=  0.00%  msgs=0           0 ns/msg
  dir 3: active=  0.00%  msgs=0           0 ns/msg
  dir 4: active=  0.00%  msgs=0           0 ns/msg
  dir 5: active=  0.00%  msgs=0           0 ns/msg
  dir 6: active=  0.00%  msgs=0           0 ns/msg
  dir 7: active=  0.00%  msgs=0           0 ns/msg
  AGGREGATE active = 0.00% (of 8 dir-threads; 0.00% per-thread avg)  msgs=0
[CPU compute ] process= 11.24% of 80 cores   system= 11.37%   (window 2s)

----- REMOTE CPU LOAD (memory node dir-threads, 2s window) -----
  dir 0: active=  0.00%  msgs=0           0 ns/msg
  dir 1: active=  0.00%  msgs=0           0 ns/msg
  dir 2: active=  0.00%  msgs=0           0 ns/msg
  dir 3: active=  0.00%  msgs=0           0 ns/msg
  dir 4: active=  0.00%  msgs=0           0 ns/msg
  dir 5: active=  0.00%  msgs=0           0 ns/msg
  dir 6: active=  0.00%  msgs=0           0 ns/msg
  dir 7: active=  0.00%  msgs=0           0 ns/msg
  AGGREGATE active = 0.00% (of 8 dir-threads; 0.00% per-thread avg)  msgs=0
[CPU compute ] process= 11.25% of 80 cores   system= 13.09%   (window 2s)

----- REMOTE CPU LOAD (memory node dir-threads, 2s window) -----
  dir 0: active=  0.00%  msgs=0           0 ns/msg
  dir 1: active=  0.00%  msgs=0           0 ns/msg
  dir 2: active=  0.00%  msgs=0           0 ns/msg
  dir 3: active=  0.00%  msgs=0           0 ns/msg
  dir 4: active=  0.00%  msgs=0           0 ns/msg
  dir 5: active=  0.00%  msgs=0           0 ns/msg
  dir 6: active=  0.00%  msgs=0           0 ns/msg
  dir 7: active=  0.00%  msgs=0           0 ns/msg
  AGGREGATE active = 0.00% (of 8 dir-threads; 0.00% per-thread avg)  msgs=0
[CPU compute ] process= 11.25% of 80 cores   system= 11.26%   (window 2s)

----- REMOTE CPU LOAD (memory node dir-threads, 2s window) -----
  dir 0: active=  0.00%  msgs=0           0 ns/msg
  dir 1: active=  0.00%  msgs=0           0 ns/msg
  dir 2: active=  0.00%  msgs=0           0 ns/msg
  dir 3: active=  0.00%  msgs=0           0 ns/msg
  dir 4: active=  0.00%  msgs=0           0 ns/msg
  dir 5: active=  0.00%  msgs=0           0 ns/msg
  dir 6: active=  0.00%  msgs=0           0 ns/msg
  dir 7: active=  0.00%  msgs=0           0 ns/msg
  AGGREGATE active = 0.00% (of 8 dir-threads; 0.00% per-thread avg)  msgs=0
[CPU compute ] process= 11.25% of 80 cores   system= 11.26%   (window 2s)

----- REMOTE CPU LOAD (memory node dir-threads, 2s window) -----
  dir 0: active=  0.00%  msgs=0           0 ns/msg
  dir 1: active=  0.00%  msgs=0           0 ns/msg
  dir 2: active=  0.00%  msgs=0           0 ns/msg
  dir 3: active=  0.00%  msgs=0           0 ns/msg
  dir 4: active=  0.00%  msgs=0           0 ns/msg
  dir 5: active=  0.00%  msgs=0           0 ns/msg
  dir 6: active=  0.00%  msgs=0           0 ns/msg
  dir 7: active=  0.00%  msgs=0           0 ns/msg
  AGGREGATE active = 0.00% (of 8 dir-threads; 0.00% per-thread avg)  msgs=0
[CPU compute ] process= 11.25% of 80 cores   system= 11.25%   (window 2s)

----- REMOTE CPU LOAD (memory node dir-threads, 2s window) -----
  dir 0: active=  0.00%  msgs=0           0 ns/msg
  dir 1: active=  0.00%  msgs=0           0 ns/msg
  dir 2: active=  0.00%  msgs=0           0 ns/msg
  dir 3: active=  0.00%  msgs=0           0 ns/msg
  dir 4: active=  0.00%  msgs=0           0 ns/msg
  dir 5: active=  0.00%  msgs=0           0 ns/msg
  dir 6: active=  0.00%  msgs=0           0 ns/msg
  dir 7: active=  0.00%  msgs=0           0 ns/msg
  AGGREGATE active = 0.00% (of 8 dir-threads; 0.00% per-thread avg)  msgs=0
[CPU compute ] process= 11.25% of 80 cores   system= 11.26%   (window 2s)

----- REMOTE CPU LOAD (memory node dir-threads, 2s window) -----
  dir 0: active=  0.00%  msgs=0           0 ns/msg
  dir 1: active=  0.00%  msgs=0           0 ns/msg
  dir 2: active=  0.00%  msgs=0           0 ns/msg
  dir 3: active=  0.00%  msgs=0           0 ns/msg
  dir 4: active=  0.00%  msgs=0           0 ns/msg
  dir 5: active=  0.00%  msgs=0           0 ns/msg
  dir 6: active=  0.00%  msgs=0           0 ns/msg
  dir 7: active=  0.00%  msgs=0           0 ns/msg
  AGGREGATE active = 0.00% (of 8 dir-threads; 0.00% per-thread avg)  msgs=0
[CPU compute ] process= 11.25% of 80 cores   system= 13.19%   (window 2s)

----- REMOTE CPU LOAD (memory node dir-threads, 2s window) -----
  dir 0: active=  0.00%  msgs=0           0 ns/msg
  dir 1: active=  0.00%  msgs=0           0 ns/msg
  dir 2: active=  0.00%  msgs=0           0 ns/msg
  dir 3: active=  0.00%  msgs=0           0 ns/msg
  dir 4: active=  0.00%  msgs=0           0 ns/msg
  dir 5: active=  0.00%  msgs=0           0 ns/msg
  dir 6: active=  0.00%  msgs=0           0 ns/msg
  dir 7: active=  0.00%  msgs=0           0 ns/msg
  AGGREGATE active = 0.00% (of 8 dir-threads; 0.00% per-thread avg)  msgs=0
[CPU compute ] process= 11.25% of 80 cores   system= 11.26%   (window 2s)

----- REMOTE CPU LOAD (memory node dir-threads, 2s window) -----
  dir 0: active=  0.00%  msgs=0           0 ns/msg
  dir 1: active=  0.00%  msgs=0           0 ns/msg
  dir 2: active=  0.00%  msgs=0           0 ns/msg
  dir 3: active=  0.00%  msgs=0           0 ns/msg
  dir 4: active=  0.00%  msgs=0           0 ns/msg
  dir 5: active=  0.00%  msgs=0           0 ns/msg
  dir 6: active=  0.00%  msgs=0           0 ns/msg
  dir 7: active=  0.00%  msgs=0           0 ns/msg
  AGGREGATE active = 0.00% (of 8 dir-threads; 0.00% per-thread avg)  msgs=0
[CPU compute ] process= 11.25% of 80 cores   system= 11.25%   (window 2s)
Success: tree root pointer value [1, 469798912]
Height = 22

----- REMOTE CPU LOAD (memory node dir-threads, 2s window) -----
  dir 0: active=  0.00%  msgs=0           0 ns/msg
  dir 1: active=  0.00%  msgs=0           0 ns/msg
  dir 2: active=  0.00%  msgs=0           0 ns/msg
  dir 3: active=  0.00%  msgs=0           0 ns/msg
  dir 4: active=  0.00%  msgs=0           0 ns/msg
  dir 5: active=  0.00%  msgs=0           0 ns/msg
  dir 6: active=  0.00%  msgs=0           0 ns/msg
  dir 7: active=  0.00%  msgs=0           0 ns/msg
  AGGREGATE active = 0.00% (of 8 dir-threads; 0.00% per-thread avg)  msgs=0
[CPU compute ] process= 11.25% of 80 cores   system= 11.26%   (window 2s)

----- REMOTE CPU LOAD (memory node dir-threads, 2s window) -----
  dir 0: active=  0.00%  msgs=0           0 ns/msg
  dir 1: active=  0.00%  msgs=0           0 ns/msg
  dir 2: active=  0.00%  msgs=0           0 ns/msg
  dir 3: active=  0.00%  msgs=0           0 ns/msg
  dir 4: active=  0.00%  msgs=0           0 ns/msg
  dir 5: active=  0.00%  msgs=0           0 ns/msg
  dir 6: active=  0.00%  msgs=0           0 ns/msg
  dir 7: active=  0.00%  msgs=0           0 ns/msg
  AGGREGATE active = 0.00% (of 8 dir-threads; 0.00% per-thread avg)  msgs=0
[CPU compute ] process= 11.25% of 80 cores   system= 11.26%   (window 2s)

----- REMOTE CPU LOAD (memory node dir-threads, 2s window) -----
  dir 0: active=  0.00%  msgs=0           0 ns/msg
  dir 1: active=  0.00%  msgs=0           0 ns/msg
  dir 2: active=  0.00%  msgs=0           0 ns/msg
  dir 3: active=  0.00%  msgs=0           0 ns/msg
  dir 4: active=  0.00%  msgs=0           0 ns/msg
  dir 5: active=  0.00%  msgs=0           0 ns/msg
  dir 6: active=  0.00%  msgs=0           0 ns/msg
  dir 7: active=  0.00%  msgs=0           0 ns/msg
  AGGREGATE active = 0.00% (of 8 dir-threads; 0.00% per-thread avg)  msgs=0
[CPU compute ] process= 11.25% of 80 cores   system= 13.31%   (window 2s)

----- REMOTE CPU LOAD (memory node dir-threads, 2s window) -----
  dir 0: active=  0.00%  msgs=0           0 ns/msg
  dir 1: active=  0.00%  msgs=0           0 ns/msg
  dir 2: active=  0.00%  msgs=0           0 ns/msg
  dir 3: active=  0.00%  msgs=0           0 ns/msg
  dir 4: active=  0.00%  msgs=0           0 ns/msg
  dir 5: active=  0.00%  msgs=0           0 ns/msg
  dir 6: active=  0.00%  msgs=0           0 ns/msg
  dir 7: active=  0.00%  msgs=0           0 ns/msg
  AGGREGATE active = 0.00% (of 8 dir-threads; 0.00% per-thread avg)  msgs=0
[CPU compute ] process= 11.25% of 80 cores   system= 11.26%   (window 2s)

----- REMOTE CPU LOAD (memory node dir-threads, 2s window) -----
  dir 0: active=  0.00%  msgs=0           0 ns/msg
  dir 1: active=  0.00%  msgs=0           0 ns/msg
  dir 2: active=  0.00%  msgs=0           0 ns/msg
  dir 3: active=  0.00%  msgs=0           0 ns/msg
  dir 4: active=  0.00%  msgs=0           0 ns/msg
  dir 5: active=  0.00%  msgs=0           0 ns/msg
  dir 6: active=  0.00%  msgs=0           0 ns/msg
  dir 7: active=  0.00%  msgs=0           0 ns/msg
  AGGREGATE active = 0.00% (of 8 dir-threads; 0.00% per-thread avg)  msgs=0
[CPU compute ] process= 11.25% of 80 cores   system= 11.26%   (window 2s)

----- REMOTE CPU LOAD (memory node dir-threads, 2s window) -----
  dir 0: active=  0.00%  msgs=0           0 ns/msg
  dir 1: active=  0.00%  msgs=0           0 ns/msg
  dir 2: active=  0.00%  msgs=0           0 ns/msg
  dir 3: active=  0.00%  msgs=0           0 ns/msg
  dir 4: active=  0.00%  msgs=0           0 ns/msg
  dir 5: active=  0.00%  msgs=0           0 ns/msg
  dir 6: active=  0.00%  msgs=0           0 ns/msg
  dir 7: active=  0.00%  msgs=0           0 ns/msg
  AGGREGATE active = 0.00% (of 8 dir-threads; 0.00% per-thread avg)  msgs=0
#leaf nodes = 3846153
leaf size(MB) = 1878
#inner nodes = 3846104
inner size(MB) = 1877.98
Tree height = 22
Cache capacity = 1048576
max. leaf entries = 26
max. inner entries = 5
Inner page size = 160
Leaf page size = 512
[CPU compute ] process= 11.25% of 80 cores   system= 11.26%   (window 2s)
node 0 finish its bulkload

----- REMOTE CPU LOAD (memory node dir-threads, 2s window) -----
  dir 0: active=  0.00%  msgs=0           0 ns/msg
  dir 1: active=  0.00%  msgs=0           0 ns/msg
  dir 2: active=  0.00%  msgs=0           0 ns/msg
  dir 3: active=  0.00%  msgs=0           0 ns/msg
  dir 4: active=  0.00%  msgs=0           0 ns/msg
  dir 5: active=  0.00%  msgs=0           0 ns/msg
  dir 6: active=  0.00%  msgs=0           0 ns/msg
  dir 7: active=  0.00%  msgs=0           0 ns/msg
  AGGREGATE active = 0.00% (of 8 dir-threads; 0.00% per-thread avg)  msgs=0
[CPU compute ] process= 11.25% of 80 cores   system= 11.26%   (window 2s)
IMPORTANT: my root is 30788741496833
0 is ready for the benchmark
I am 0
Fetched new height = 22
I am 4
I am 2
I am 1
I am 8
I am 34
I am 9
I am 5
I am 13
I am 6
I am 10
I am 7
I am 3
I am 11
I am 16
I am 18
I am 15
I am 20
I am 33
I am 30
I am 19
I am 31
I am 17
I am 14
I am 23
I am 24
I am 32
I am 25
I am 26
I am 27
I am 21
I am 28
I am 22
I am 29
I am 35
I am 12
entering dynamic phase

----- REMOTE CPU LOAD (memory node dir-threads, 2s window) -----
  dir 0: active=  0.00%  msgs=0           0 ns/msg
  dir 1: active=  0.00%  msgs=0           0 ns/msg
  dir 2: active=  0.00%  msgs=0           0 ns/msg
  dir 3: active=  0.00%  msgs=0           0 ns/msg
  dir 4: active=  0.00%  msgs=0           0 ns/msg
  dir 5: active=  0.00%  msgs=0           0 ns/msg
  dir 6: active=  0.00%  msgs=0           0 ns/msg
  dir 7: active=  0.00%  msgs=0           0 ns/msg
  AGGREGATE active = 0.00% (of 8 dir-threads; 0.00% per-thread avg)  msgs=0
[CPU compute ] process= 50.25% of 80 cores   system= 51.02%   (window 2s)
Thread_op_num = 833333
node 0 finish warmup
Start collecting the statistic

----- REMOTE CPU LOAD (memory node dir-threads, 2s window) -----
  dir 0: active=  0.00%  msgs=0           0 ns/msg
  dir 1: active=  0.00%  msgs=0           0 ns/msg
  dir 2: active=  0.00%  msgs=0           0 ns/msg
  dir 3: active=  0.00%  msgs=0           0 ns/msg
  dir 4: active=  0.00%  msgs=0           0 ns/msg
  dir 5: active=  0.00%  msgs=0           0 ns/msg
  dir 6: active=  0.00%  msgs=0           0 ns/msg
  dir 7: active=  0.00%  msgs=0           0 ns/msg
  AGGREGATE active = 0.00% (of 8 dir-threads; 0.00% per-thread avg)  msgs=0
[CPU compute ] process= 54.99% of 80 cores   system= 55.01%   (window 2s)
0, throughput 8.5124
cluster throughput 8.512

----- REMOTE CPU LOAD (memory node dir-threads, 2s window) -----
  dir 0: active=  0.00%  msgs=0           0 ns/msg
  dir 1: active=  0.00%  msgs=0           0 ns/msg
  dir 2: active=  0.00%  msgs=0           0 ns/msg
  dir 3: active=  0.00%  msgs=0           0 ns/msg
  dir 4: active=  0.00%  msgs=0           0 ns/msg
  dir 5: active=  0.00%  msgs=0           0 ns/msg
  dir 6: active=  0.00%  msgs=0           0 ns/msg
  dir 7: active=  0.00%  msgs=0           0 ns/msg
  AGGREGATE active = 0.00% (of 8 dir-threads; 0.00% per-thread avg)  msgs=0
[CPU compute ] process= 47.94% of 80 cores   system= 47.95%   (window 2s)
0, throughput 6.2956
cluster throughput 6.295

----- REMOTE CPU LOAD (memory node dir-threads, 2s window) -----
  dir 0: active=  0.00%  msgs=0           0 ns/msg
  dir 1: active=  0.00%  msgs=0           0 ns/msg
  dir 2: active=  0.00%  msgs=0           0 ns/msg
  dir 3: active=  0.00%  msgs=0           0 ns/msg
  dir 4: active=  0.00%  msgs=0           0 ns/msg
  dir 5: active=  0.00%  msgs=0           0 ns/msg
  dir 6: active=  0.00%  msgs=0           0 ns/msg
  dir 7: active=  0.00%  msgs=0           0 ns/msg
  AGGREGATE active = 0.00% (of 8 dir-threads; 0.00% per-thread avg)  msgs=0
[CPU compute ] process= 10.00% of 80 cores   system= 10.01%   (window 2s)
0, throughput 0.0000
cluster throughput 0.000
The time duration = 6 seconds

----- REMOTE CPU LOAD (memory node dir-threads, 2s window) -----
  dir 0: active=  0.00%  msgs=0           0 ns/msg
  dir 1: active=  0.00%  msgs=0           0 ns/msg
  dir 2: active=  0.00%  msgs=0           0 ns/msg
  dir 3: active=  0.00%  msgs=0           0 ns/msg
  dir 4: active=  0.00%  msgs=0           0 ns/msg
  dir 5: active=  0.00%  msgs=0           0 ns/msg
  dir 6: active=  0.00%  msgs=0           0 ns/msg
  dir 7: active=  0.00%  msgs=0           0 ns/msg
  AGGREGATE active = 0.00% (of 8 dir-threads; 0.00% per-thread avg)  msgs=0
[CPU compute ] process= 10.00% of 80 cores   system= 10.01%   (window 2s)

==================== LATENCY BUCKETS (500 ns) [node 0] ====================
[LOOKUP]
  ALL                n=29617777   mean=    4.18us  p50=   6.00us  p90=   8.50us  p99=  10.50us  p99.9=  13.50us  max>=261.00us
  LOCAL (cache hit)  n=13636193   mean=    0.69us  p50=   1.00us  p90=   1.50us  p99=   2.50us  p99.9=   3.00us  max>= 42.00us
  REMOTE (miss/rpc)  n=15981584   mean=    7.16us  p50=   7.00us  p90=   9.00us  p99=  11.50us  p99.9=  14.00us  max>=261.00us
[ALL OPS]
  ALL                n=29617777   mean=    4.18us  p50=   6.00us  p90=   8.50us  p99=  10.50us  p99.9=  13.50us  max>=261.00us
  LOCAL (cache hit)  n=13636193   mean=    0.69us  p50=   1.00us  p90=   1.50us  p99=   2.50us  p99.9=   3.00us  max>= 42.00us
  REMOTE (miss/rpc)  n=15981584   mean=    7.16us  p50=   7.00us  p90=   9.00us  p99=  11.50us  p99.9=  14.00us  max>=261.00us

----- 500 ns bucket CDF (all ops) [node 0] -----
  bucket [lo,hi) ns             count        pct       cdf
  [        0,      500)      4592419   15.5056%  15.5056%
  [      500,     1000)      7147258   24.1316%  39.6373%
  [     1000,     1500)      1101989    3.7207%  43.3580%
  [     1500,     2000)       594226    2.0063%  45.3643%
  [     2000,     2500)       169963    0.5739%  45.9381%
  [     2500,     3000)        19924    0.0673%  46.0054%
  [     3000,     3500)         1742    0.0059%  46.0113%
  [     3500,     4000)         1768    0.0060%  46.0173%
  [     4000,     4500)         6702    0.0226%  46.0399%
  [     4500,     5000)        68782    0.2322%  46.2721%
  [     5000,     5500)       473059    1.5972%  47.8693%
  [     5500,     6000)      1652424    5.5792%  53.4485%
  [     6000,     6500)      2969395   10.0257%  63.4742%
  [     6500,     7000)      3198464   10.7991%  74.2733%
  [     7000,     7500)      2570536    8.6790%  82.9524%
  [     7500,     8000)      1835203    6.1963%  89.1487%
  [     8000,     8500)      1210633    4.0875%  93.2362%
  [     8500,     9000)       770943    2.6030%  95.8392%
  [     9000,     9500)       479501    1.6190%  97.4581%
  [     9500,    10000)       291350    0.9837%  98.4418%
  [    10000,    10500)       175058    0.5911%  99.0329%
  [    10500,    11000)       105460    0.3561%  99.3890%
  [    11000,    11500)        64545    0.2179%  99.6069%
  [    11500,    12000)        40904    0.1381%  99.7450%
  [    12000,    12500)        26168    0.0884%  99.8333%
  [    12500,    13000)        16608    0.0561%  99.8894%
  [    13000,    13500)        10768    0.0364%  99.9258%
  [    13500,    14000)         6905    0.0233%  99.9491%
  [    14000,    14500)         4410    0.0149%  99.9640%
  [    14500,    15000)         2857    0.0096%  99.9736%
  [    15000,    15500)         1926    0.0065%  99.9801%
  [    15500,    16000)         1340    0.0045%  99.9846%
  [    16000,    16500)          891    0.0030%  99.9877%
  [    16500,    17000)          691    0.0023%  99.9900%
  [    17000,    17500)          541    0.0018%  99.9918%
  [    17500,    18000)          436    0.0015%  99.9933%
  [    18000,    18500)          332    0.0011%  99.9944%
  [    18500,    19000)          213    0.0007%  99.9951%
  [    19000,    19500)          182    0.0006%  99.9957%
  [    19500,    20000)          159    0.0005%  99.9963%
  [    20000,    20500)           94    0.0003%  99.9966%
  [    20500,    21000)           83    0.0003%  99.9969%
  [    21000,    21500)           71    0.0002%  99.9971%
  [    21500,    22000)           66    0.0002%  99.9973%
  [    22000,    22500)           39    0.0001%  99.9975%
  [    22500,    23000)           41    0.0001%  99.9976%
  [    23000,    23500)           33    0.0001%  99.9977%
  [    23500,    24000)           25    0.0001%  99.9978%
  [    24000,    24500)           16    0.0001%  99.9979%
  [    24500,    25000)           18    0.0001%  99.9979%
  [    25000,    25500)           13    0.0000%  99.9980%
  [    25500,    26000)           13    0.0000%  99.9980%
  [    26000,    26500)           11    0.0000%  99.9980%
  [    26500,    27000)           11    0.0000%  99.9981%
  [    27000,    27500)            9    0.0000%  99.9981%
  [    27500,    28000)           10    0.0000%  99.9981%
  [    28000,    28500)           10    0.0000%  99.9982%
  [    28500,    29000)            9    0.0000%  99.9982%
  [    29000,    29500)            9    0.0000%  99.9982%
  [    29500,    30000)            8    0.0000%  99.9983%
  [    30000,    30500)            9    0.0000%  99.9983%
  [    30500,    31000)           11    0.0000%  99.9983%
  [    31000,    31500)            4    0.0000%  99.9983%
  [    31500,    32000)            9    0.0000%  99.9984%
  [    32000,    32500)           13    0.0000%  99.9984%
  [    32500,    33000)           11    0.0000%  99.9985%
  [    33000,    33500)           10    0.0000%  99.9985%
  [    33500,    34000)            9    0.0000%  99.9985%
  [    34000,    34500)            5    0.0000%  99.9985%
  [    34500,    35000)           11    0.0000%  99.9986%
  [    35000,    35500)            9    0.0000%  99.9986%
  [    35500,    36000)            6    0.0000%  99.9986%
  [    36000,    36500)            9    0.0000%  99.9987%
  [    36500,    37000)            9    0.0000%  99.9987%
  [    37000,    37500)            6    0.0000%  99.9987%
  [    37500,    38000)            5    0.0000%  99.9987%
  [    38000,    38500)           10    0.0000%  99.9988%
  [    38500,    39000)            7    0.0000%  99.9988%
  [    39000,    39500)            5    0.0000%  99.9988%
  [    39500,    40000)            4    0.0000%  99.9988%
  [    40000,    40500)            5    0.0000%  99.9988%
  [    40500,    41000)            7    0.0000%  99.9989%
  [    41000,    41500)            6    0.0000%  99.9989%
  [    41500,    42000)            3    0.0000%  99.9989%
  [    42000,    42500)            6    0.0000%  99.9989%
  [    42500,    43000)            6    0.0000%  99.9989%
  [    43000,    43500)            3    0.0000%  99.9989%
  [    43500,    44000)            3    0.0000%  99.9989%
  [    44000,    44500)            7    0.0000%  99.9990%
  [    44500,    45000)            4    0.0000%  99.9990%
  [    45000,    45500)           10    0.0000%  99.9990%
  [    45500,    46000)            6    0.0000%  99.9990%
  [    46000,    46500)            5    0.0000%  99.9991%
  [    47000,    47500)            4    0.0000%  99.9991%
  [    47500,    48000)            8    0.0000%  99.9991%
  [    48000,    48500)            7    0.0000%  99.9991%
  [    48500,    49000)            3    0.0000%  99.9991%
  [    49000,    49500)            6    0.0000%  99.9991%
  [    49500,    50000)            7    0.0000%  99.9992%
  [    50000,    50500)            3    0.0000%  99.9992%
  [    50500,    51000)            4    0.0000%  99.9992%
  [    51000,    51500)            2    0.0000%  99.9992%
  [    51500,    52000)            3    0.0000%  99.9992%
  [    52000,    52500)            5    0.0000%  99.9992%
  [    52500,    53000)            1    0.0000%  99.9992%
  [    53000,    53500)            4    0.0000%  99.9992%
  [    53500,    54000)            4    0.0000%  99.9993%
  [    54000,    54500)            8    0.0000%  99.9993%
  [    54500,    55000)            5    0.0000%  99.9993%
  [    55000,    55500)            4    0.0000%  99.9993%
  [    55500,    56000)            2    0.0000%  99.9993%
  [    56000,    56500)            3    0.0000%  99.9993%
  [    56500,    57000)            4    0.0000%  99.9993%
  [    57000,    57500)            2    0.0000%  99.9994%
  [    57500,    58000)            3    0.0000%  99.9994%
  [    58000,    58500)            2    0.0000%  99.9994%
  [    58500,    59000)            1    0.0000%  99.9994%
  [    59000,    59500)            1    0.0000%  99.9994%
  [    60000,    60500)            1    0.0000%  99.9994%
  [    60500,    61000)            3    0.0000%  99.9994%
  [    61000,    61500)            4    0.0000%  99.9994%
  [    61500,    62000)            1    0.0000%  99.9994%
  [    62000,    62500)            2    0.0000%  99.9994%
  [    62500,    63000)            1    0.0000%  99.9994%
  [    63000,    63500)            4    0.0000%  99.9994%
  [    63500,    64000)            2    0.0000%  99.9994%
  [    64000,    64500)            1    0.0000%  99.9994%
  [    64500,    65000)            3    0.0000%  99.9995%
  [    65000,    65500)            7    0.0000%  99.9995%
  [    65500,    66000)            3    0.0000%  99.9995%
  [    66000,    66500)            3    0.0000%  99.9995%
  [    66500,    67000)            1    0.0000%  99.9995%
  [    67500,    68000)            4    0.0000%  99.9995%
  [    68000,    68500)            3    0.0000%  99.9995%
  [    68500,    69000)            5    0.0000%  99.9995%
  [    69000,    69500)            4    0.0000%  99.9996%
  [    69500,    70000)            4    0.0000%  99.9996%
  [    70000,    70500)            1    0.0000%  99.9996%
  [    70500,    71000)            1    0.0000%  99.9996%
  [    71000,    71500)            4    0.0000%  99.9996%
  [    71500,    72000)            3    0.0000%  99.9996%
  [    72000,    72500)            4    0.0000%  99.9996%
  [    72500,    73000)            4    0.0000%  99.9996%
  [    73000,    73500)            4    0.0000%  99.9996%
  [    74000,    74500)            4    0.0000%  99.9997%
  [    74500,    75000)            3    0.0000%  99.9997%
  [    75000,    75500)            5    0.0000%  99.9997%
  [    75500,    76000)            1    0.0000%  99.9997%
  [    76500,    77000)            3    0.0000%  99.9997%
  [    77000,    77500)            5    0.0000%  99.9997%
  [    77500,    78000)            5    0.0000%  99.9997%
  [    78000,    78500)            1    0.0000%  99.9997%
  [    79000,    79500)            2    0.0000%  99.9997%
  [    80000,    80500)            3    0.0000%  99.9997%
  [    80500,    81000)            3    0.0000%  99.9998%
  [    81000,    81500)            1    0.0000%  99.9998%
  [    81500,    82000)            5    0.0000%  99.9998%
  [    82000,    82500)            2    0.0000%  99.9998%
  [    82500,    83000)            3    0.0000%  99.9998%
  [    83000,    83500)            4    0.0000%  99.9998%
  [    83500,    84000)            2    0.0000%  99.9998%
  [    84000,    84500)            2    0.0000%  99.9998%
  [    86000,    86500)            1    0.0000%  99.9998%
  [    87000,    87500)            1    0.0000%  99.9998%
  [    88000,    88500)            2    0.0000%  99.9998%
  [    88500,    89000)            1    0.0000%  99.9998%
  [    89500,    90000)            1    0.0000%  99.9998%
  [    90000,    90500)            1    0.0000%  99.9998%
  [    91000,    91500)            2    0.0000%  99.9999%
  [    92000,    92500)            2    0.0000%  99.9999%
  [    93000,    93500)            1    0.0000%  99.9999%
  [    93500,    94000)            2    0.0000%  99.9999%
  [    94000,    94500)            1    0.0000%  99.9999%
  [    94500,    95000)            1    0.0000%  99.9999%
  [   114000,   114500)            1    0.0000%  99.9999%
  [   114500,   115000)            1    0.0000%  99.9999%
  [   115500,   116000)            3    0.0000%  99.9999%
  [   117000,   117500)            1    0.0000%  99.9999%
  [   118000,   118500)            1    0.0000%  99.9999%
  [   121500,   122000)            2    0.0000%  99.9999%
  [   122000,   122500)            2    0.0000%  99.9999%
  [   122500,   123000)            1    0.0000%  99.9999%
  [   123000,   123500)            4    0.0000%  99.9999%
  [   123500,   124000)            4    0.0000%  99.9999%
  [   124000,   124500)            2    0.0000%  99.9999%
  [   124500,   125000)            1    0.0000% 100.0000%
  [   125000,   125500)            1    0.0000% 100.0000%
  [   126500,   127000)            2    0.0000% 100.0000%
  [   128000,   128500)            2    0.0000% 100.0000%
  [   128500,   129000)            1    0.0000% 100.0000%
  [   129500,   130000)            1    0.0000% 100.0000%
  [   130000,   130500)            2    0.0000% 100.0000%
  [   132000,   132500)            1    0.0000% 100.0000%
  [   134500,   135000)            1    0.0000% 100.0000%
  [   135000,   135500)            1    0.0000% 100.0000%
  [   135500,   136000)            1    0.0000% 100.0000%
  [   260500,   261000)            1    0.0000% 100.0000%

----- REMOTE OPERATIONS [node 0] -----
  ops total                = 29617777
  ops local  (cache hit)   = 13636193 (46.04%)
  ops remote (>=1 net op)  = 15981584 (53.96%)
  remote ops total         = 16027880
    rdma read              = 46296
    rdma write             = 0
    rdma cas               = 0
    rpc pushdown           = 15981584
  remote ops / op          = 0.5412
  remote ops / remote op   = 1.0029

----- OFFLOADED TASKS [node 0] -----
  lookup pushdowns         = 15981584
  scan    pushdowns (RPC)  = 0
    kv pairs returned      = 0
    leaves scanned remotely= 0
    kv / scan pushdown     = 0.00
    leaves / scan pushdown = 0.00
  per-thread breakdown (tid: lookups | scans | kv | leaves):
    t0        444128 |          0 |          0 |          0
    t1        442168 |          0 |          0 |          0
    t2        445355 |          0 |          0 |          0
    t3        440332 |          0 |          0 |          0
    t4        443385 |          0 |          0 |          0
    t5        444398 |          0 |          0 |          0
    t6        446021 |          0 |          0 |          0
    t7        443126 |          0 |          0 |          0
    t8        442267 |          0 |          0 |          0
    t9        443338 |          0 |          0 |          0
    t10       445909 |          0 |          0 |          0
    t11       443522 |          0 |          0 |          0
    t12       444932 |          0 |          0 |          0
    t13       443020 |          0 |          0 |          0
    t14       445624 |          0 |          0 |          0
    t15       440628 |          0 |          0 |          0
    t16       447665 |          0 |          0 |          0
    t17       442764 |          0 |          0 |          0
    t18       446449 |          0 |          0 |          0
    t19       441229 |          0 |          0 |          0
    t20       449614 |          0 |          0 |          0
    t21       444546 |          0 |          0 |          0
    t22       444577 |          0 |          0 |          0
    t23       442275 |          0 |          0 |          0
    t24       441367 |          0 |          0 |          0
    t25       442465 |          0 |          0 |          0
    t26       439426 |          0 |          0 |          0
    t27       440255 |          0 |          0 |          0
    t28       448592 |          0 |          0 |          0
    t29       443617 |          0 |          0 |          0
    t30       445273 |          0 |          0 |          0
    t31       443791 |          0 |          0 |          0
    t32       448323 |          0 |          0 |          0
    t33       444254 |          0 |          0 |          0
    t34       444805 |          0 |          0 |          0
    t35       442144 |          0 |          0 |          0

----- PATH-AWARE CACHE MISS RATE [node 0] -----
  node accesses (hit+miss) = 594080959
  node cache hits          = 578053079 (97.30%)
  MISS RATE                = 2.6979%  (16027880 / 594080959)
  inner-node miss          = 12535723 (78.21% of misses, 2.1101% rate)
  leaf-node  miss          = 3492157 (21.79% of misses, 0.5878% rate)
  total miss               = 16027880
  cache writebacks         = 0
=========================================================================

Round 0 (max_throughput): 8.5367 Mops/s
Round 0 (straggler_throughput): 8.53668 Mops/s
Before barrier finish
Avg. rdma read time(ms) = 0
Avg. rdma write time(ms) = -nan
Avg. rdma read / op = 0.00156312
Avg. rdma write / op = 0
Avg. rdma cas / op = 0
Avg. rdma rpc / op = 0.539594
Avg. all rdma / op = 0.541157
Avg. rdma read size/ op = 18.6069
Avg. rdma write size / op = 0
Avg. rdma RW size / op = 18.6069
------------------------------------------
Node 0 average throughput = 7.4035
Node 0 total throughput = 8.5367
All CN throughput (Max) = 8.5367
All CN throughput (Straggler) = 8.53668
Final throughput = 8.53668
------------------------------------------
