Compute node count = 1
kNodeCount 2, kReadRatio 100, kInsertRatio 0, kUpdateRatio 0, kDeleteRatio 0, kRangeRatio 0, totalThreadCount 36, memThreadCount 7 cache_size 128, uniform_workload 1, zipfian 0.990000, bulk_load_num 50000000, warmup_num 10000000, op_num 30000000, check_correctness 0, time_based 0, early_stop 1, index 0, rpc_rate 1.000000, admission_rate 0.100000, auto_tune 0
kMaxThread = 36
KeySpace = 50001000
[GEOMETRY] inner_page=160 leaf_page=512 inner_entries=5 leaf_entries=26 slot=512 placement=mn_only
[4mshared memory size: 64GB, 0x7f11ffe00000[0m
[4mcache size: 2GB[0m
[4mMachine NR: 2[0m
[4mMax_APP_THREAD: 36[0m
[4mNR_DIRECTORY: 16[0m
[4mStart Build the DSMKeeper[0m
I am servers 1 [254.127.0.0]
I connect server 0
[4mdir 0 launch! (core 79 of 80)
[0m
[4mdir 1 launch! (core 78 of 80)
[0m
[4mdir 2 launch! (core 77 of 80)
[0m
[4mdir 3 launch! (core 76 of 80)
[0m
[4mdir 4 launch! (core 39 of 80)
[0m
[4mdir 5 launch! (core 38 of 80)
[0m
[4mdir 6 launch! (core 37 of 80)
[0m
Before barrier finish

----- REMOTE CPU LOAD (memory node dir-threads, 2s window) -----
  dir 0: active=  0.00%  msgs=1           3071 ns/msg
  dir 1: active=  0.00%  msgs=0           0 ns/msg
  dir 2: active=  0.00%  msgs=0           0 ns/msg
  dir 3: active=  0.00%  msgs=0           0 ns/msg
  dir 4: active=  0.00%  msgs=0           0 ns/msg
  dir 5: active=  0.00%  msgs=0           0 ns/msg
  dir 6: active=  0.00%  msgs=0           0 ns/msg
  AGGREGATE active = 0.00% (of 7 dir-threads; 0.00% per-thread avg)  msgs=1
[CPU memory  ] process=  8.73% of 80 cores   system=  8.81%   (window 2s)

----- REMOTE CPU LOAD (memory node dir-threads, 2s window) -----
  dir 0: active=  0.00%  msgs=0           0 ns/msg
  dir 1: active=  0.00%  msgs=0           0 ns/msg
  dir 2: active=  0.00%  msgs=0           0 ns/msg
  dir 3: active=  0.00%  msgs=0           0 ns/msg
  dir 4: active=  0.00%  msgs=0           0 ns/msg
  dir 5: active=  0.00%  msgs=0           0 ns/msg
  dir 6: active=  0.00%  msgs=0           0 ns/msg
  AGGREGATE active = 0.00% (of 7 dir-threads; 0.00% per-thread avg)  msgs=0
[CPU memory  ] process=  8.74% of 80 cores   system=  8.78%   (window 2s)

----- REMOTE CPU LOAD (memory node dir-threads, 2s window) -----
  dir 0: active=  0.00%  msgs=0           0 ns/msg
  dir 1: active=  0.00%  msgs=0           0 ns/msg
  dir 2: active=  0.00%  msgs=0           0 ns/msg
  dir 3: active=  0.00%  msgs=0           0 ns/msg
  dir 4: active=  0.00%  msgs=0           0 ns/msg
  dir 5: active=  0.00%  msgs=0           0 ns/msg
  dir 6: active=  0.00%  msgs=0           0 ns/msg
  AGGREGATE active = 0.00% (of 7 dir-threads; 0.00% per-thread avg)  msgs=0
[CPU memory  ] process=  8.73% of 80 cores   system=  8.80%   (window 2s)

----- REMOTE CPU LOAD (memory node dir-threads, 2s window) -----
  dir 0: active=  0.00%  msgs=0           0 ns/msg
  dir 1: active=  0.00%  msgs=0           0 ns/msg
  dir 2: active=  0.00%  msgs=0           0 ns/msg
  dir 3: active=  0.00%  msgs=0           0 ns/msg
  dir 4: active=  0.00%  msgs=0           0 ns/msg
  dir 5: active=  0.00%  msgs=0           0 ns/msg
  dir 6: active=  0.00%  msgs=0           0 ns/msg
  AGGREGATE active = 0.00% (of 7 dir-threads; 0.00% per-thread avg)  msgs=0
[CPU memory  ] process=  8.72% of 80 cores   system=  8.77%   (window 2s)

----- REMOTE CPU LOAD (memory node dir-threads, 2s window) -----
  dir 0: active=  0.00%  msgs=0           0 ns/msg
  dir 1: active=  0.00%  msgs=0           0 ns/msg
  dir 2: active=  0.00%  msgs=0           0 ns/msg
  dir 3: active=  0.00%  msgs=0           0 ns/msg
  dir 4: active=  0.00%  msgs=0           0 ns/msg
  dir 5: active=  0.00%  msgs=0           0 ns/msg
  dir 6: active=  0.00%  msgs=0           0 ns/msg
  AGGREGATE active = 0.00% (of 7 dir-threads; 0.00% per-thread avg)  msgs=0
[CPU memory  ] process=  8.74% of 80 cores   system=  8.81%   (window 2s)

----- REMOTE CPU LOAD (memory node dir-threads, 2s window) -----
  dir 0: active=  0.00%  msgs=0           0 ns/msg
  dir 1: active=  0.00%  msgs=0           0 ns/msg
  dir 2: active=  0.00%  msgs=0           0 ns/msg
  dir 3: active=  0.00%  msgs=0           0 ns/msg
  dir 4: active=  0.00%  msgs=0           0 ns/msg
  dir 5: active=  0.00%  msgs=0           0 ns/msg
  dir 6: active=  0.00%  msgs=0           0 ns/msg
  AGGREGATE active = 0.00% (of 7 dir-threads; 0.00% per-thread avg)  msgs=0
[CPU memory  ] process=  8.72% of 80 cores   system=  8.77%   (window 2s)

----- REMOTE CPU LOAD (memory node dir-threads, 2s window) -----
  dir 0: active=  0.00%  msgs=0           0 ns/msg
  dir 1: active=  0.00%  msgs=0           0 ns/msg
  dir 2: active=  0.00%  msgs=0           0 ns/msg
  dir 3: active=  0.00%  msgs=0           0 ns/msg
  dir 4: active=  0.00%  msgs=0           0 ns/msg
  dir 5: active=  0.00%  msgs=0           0 ns/msg
  dir 6: active=  0.00%  msgs=0           0 ns/msg
  AGGREGATE active = 0.00% (of 7 dir-threads; 0.00% per-thread avg)  msgs=0
[CPU memory  ] process=  8.74% of 80 cores   system=  8.80%   (window 2s)

----- REMOTE CPU LOAD (memory node dir-threads, 2s window) -----
  dir 0: active=  0.00%  msgs=0           0 ns/msg
  dir 1: active=  0.00%  msgs=0           0 ns/msg
  dir 2: active=  0.00%  msgs=0           0 ns/msg
  dir 3: active=  0.00%  msgs=0           0 ns/msg
  dir 4: active=  0.00%  msgs=0           0 ns/msg
  dir 5: active=  0.00%  msgs=0           0 ns/msg
  dir 6: active=  0.00%  msgs=0           0 ns/msg
  AGGREGATE active = 0.00% (of 7 dir-threads; 0.00% per-thread avg)  msgs=0
[CPU memory  ] process=  8.73% of 80 cores   system=  8.81%   (window 2s)

----- REMOTE CPU LOAD (memory node dir-threads, 2s window) -----
  dir 0: active=  0.00%  msgs=0           0 ns/msg
  dir 1: active=  0.00%  msgs=0           0 ns/msg
  dir 2: active=  0.00%  msgs=0           0 ns/msg
  dir 3: active=  0.00%  msgs=0           0 ns/msg
  dir 4: active=  0.00%  msgs=0           0 ns/msg
  dir 5: active=  0.00%  msgs=0           0 ns/msg
  dir 6: active=  0.00%  msgs=0           0 ns/msg
  AGGREGATE active = 0.00% (of 7 dir-threads; 0.00% per-thread avg)  msgs=0
[CPU memory  ] process=  8.74% of 80 cores   system=  8.78%   (window 2s)

----- REMOTE CPU LOAD (memory node dir-threads, 2s window) -----
  dir 0: active=  0.00%  msgs=0           0 ns/msg
  dir 1: active=  0.00%  msgs=0           0 ns/msg
  dir 2: active=  0.00%  msgs=0           0 ns/msg
  dir 3: active=  0.00%  msgs=0           0 ns/msg
  dir 4: active=  0.00%  msgs=0           0 ns/msg
  dir 5: active=  0.00%  msgs=0           0 ns/msg
  dir 6: active=  0.00%  msgs=0           0 ns/msg
  AGGREGATE active = 0.00% (of 7 dir-threads; 0.00% per-thread avg)  msgs=0
[CPU memory  ] process=  8.72% of 80 cores   system=  8.80%   (window 2s)

----- REMOTE CPU LOAD (memory node dir-threads, 2s window) -----
  dir 0: active=  0.00%  msgs=0           0 ns/msg
  dir 1: active=  0.00%  msgs=0           0 ns/msg
  dir 2: active=  0.00%  msgs=0           0 ns/msg
  dir 3: active=  0.00%  msgs=0           0 ns/msg
  dir 4: active=  0.00%  msgs=0           0 ns/msg
  dir 5: active=  0.00%  msgs=0           0 ns/msg
  dir 6: active=  0.00%  msgs=0           0 ns/msg
  AGGREGATE active = 0.00% (of 7 dir-threads; 0.00% per-thread avg)  msgs=0
[CPU memory  ] process=  8.74% of 80 cores   system=  8.78%   (window 2s)

----- REMOTE CPU LOAD (memory node dir-threads, 2s window) -----
  dir 0: active=  0.00%  msgs=0           0 ns/msg
  dir 1: active=  0.00%  msgs=1           3120 ns/msg
  dir 2: active=  0.00%  msgs=1           1831 ns/msg
  dir 3: active=  0.00%  msgs=1           1814 ns/msg
  dir 4: active=  0.00%  msgs=1           2332 ns/msg
  dir 5: active=  0.00%  msgs=0           0 ns/msg
  dir 6: active=  0.00%  msgs=0           0 ns/msg
  AGGREGATE active = 0.00% (of 7 dir-threads; 0.00% per-thread avg)  msgs=4
[CPU memory  ] process=  8.73% of 80 cores   system=  8.80%   (window 2s)

----- REMOTE CPU LOAD (memory node dir-threads, 2s window) -----
  dir 0: active=  0.00%  msgs=1           745 ns/msg
  dir 1: active=  0.00%  msgs=1           1151 ns/msg
  dir 2: active=  0.00%  msgs=1           277 ns/msg
  dir 3: active=  0.00%  msgs=0           0 ns/msg
  dir 4: active=  0.00%  msgs=0           0 ns/msg
  dir 5: active=  0.00%  msgs=1           2569 ns/msg
  dir 6: active=  0.00%  msgs=1           1748 ns/msg
  AGGREGATE active = 0.00% (of 7 dir-threads; 0.00% per-thread avg)  msgs=5
[CPU memory  ] process=  8.74% of 80 cores   system=  8.80%   (window 2s)

----- REMOTE CPU LOAD (memory node dir-threads, 2s window) -----
  dir 0: active=  0.00%  msgs=0           0 ns/msg
  dir 1: active=  0.00%  msgs=0           0 ns/msg
  dir 2: active=  0.00%  msgs=0           0 ns/msg
  dir 3: active=  0.00%  msgs=1           550 ns/msg
  dir 4: active=  0.00%  msgs=1           333 ns/msg
  dir 5: active=  0.00%  msgs=1           1515 ns/msg
  dir 6: active=  0.00%  msgs=1           295 ns/msg
  AGGREGATE active = 0.00% (of 7 dir-threads; 0.00% per-thread avg)  msgs=4
[CPU memory  ] process=  8.73% of 80 cores   system=  8.78%   (window 2s)

----- REMOTE CPU LOAD (memory node dir-threads, 2s window) -----
  dir 0: active=  0.00%  msgs=1           524 ns/msg
  dir 1: active=  0.00%  msgs=1           435 ns/msg
  dir 2: active=  0.00%  msgs=1           287 ns/msg
  dir 3: active=  0.00%  msgs=1           781 ns/msg
  dir 4: active=  0.00%  msgs=0           0 ns/msg
  dir 5: active=  0.00%  msgs=0           0 ns/msg
  dir 6: active=  0.00%  msgs=0           0 ns/msg
  AGGREGATE active = 0.00% (of 7 dir-threads; 0.00% per-thread avg)  msgs=4
[CPU memory  ] process=  8.73% of 80 cores   system=  8.80%   (window 2s)

----- REMOTE CPU LOAD (memory node dir-threads, 2s window) -----
  dir 0: active=  0.00%  msgs=1           469 ns/msg
  dir 1: active=  0.00%  msgs=0           0 ns/msg
  dir 2: active=  0.00%  msgs=0           0 ns/msg
  dir 3: active=  0.00%  msgs=0           0 ns/msg
  dir 4: active=  0.00%  msgs=1           409 ns/msg
  dir 5: active=  0.00%  msgs=1           1123 ns/msg
  dir 6: active=  0.00%  msgs=1           289 ns/msg
  AGGREGATE active = 0.00% (of 7 dir-threads; 0.00% per-thread avg)  msgs=4
[CPU memory  ] process=  8.72% of 80 cores   system=  8.78%   (window 2s)

----- REMOTE CPU LOAD (memory node dir-threads, 2s window) -----
  dir 0: active=  0.00%  msgs=0           0 ns/msg
  dir 1: active=  0.00%  msgs=1           559 ns/msg
  dir 2: active=  0.00%  msgs=1           290 ns/msg
  dir 3: active=  0.00%  msgs=1           843 ns/msg
  dir 4: active=  0.00%  msgs=1           467 ns/msg
  dir 5: active=  0.00%  msgs=0           0 ns/msg
  dir 6: active=  0.00%  msgs=0           0 ns/msg
  AGGREGATE active = 0.00% (of 7 dir-threads; 0.00% per-thread avg)  msgs=4
[CPU memory  ] process=  8.74% of 80 cores   system=  8.79%   (window 2s)

----- REMOTE CPU LOAD (memory node dir-threads, 2s window) -----
  dir 0: active=  0.00%  msgs=1           576 ns/msg
  dir 1: active=  0.00%  msgs=1           743 ns/msg
  dir 2: active=  0.00%  msgs=0           0 ns/msg
  dir 3: active=  0.00%  msgs=0           0 ns/msg
  dir 4: active=  0.00%  msgs=0           0 ns/msg
  dir 5: active=  0.00%  msgs=1           1064 ns/msg
  dir 6: active=  0.00%  msgs=1           286 ns/msg
  AGGREGATE active = 0.00% (of 7 dir-threads; 0.00% per-thread avg)  msgs=4
[CPU memory  ] process=  8.72% of 80 cores   system=  8.82%   (window 2s)

----- REMOTE CPU LOAD (memory node dir-threads, 2s window) -----
  dir 0: active=  0.00%  msgs=0           0 ns/msg
  dir 1: active=  0.00%  msgs=0           0 ns/msg
  dir 2: active=  0.00%  msgs=1           622 ns/msg
  dir 3: active=  0.00%  msgs=1           1078 ns/msg
  dir 4: active=  0.00%  msgs=1           464 ns/msg
  dir 5: active=  0.00%  msgs=1           1076 ns/msg
  dir 6: active=  0.00%  msgs=0           0 ns/msg
  AGGREGATE active = 0.00% (of 7 dir-threads; 0.00% per-thread avg)  msgs=4
[CPU memory  ] process=  8.74% of 80 cores   system=  8.77%   (window 2s)

----- REMOTE CPU LOAD (memory node dir-threads, 2s window) -----
  dir 0: active=  0.00%  msgs=1           303 ns/msg
  dir 1: active=  0.00%  msgs=1           384 ns/msg
  dir 2: active=  0.00%  msgs=1           295 ns/msg
  dir 3: active=  0.00%  msgs=0           0 ns/msg
  dir 4: active=  0.00%  msgs=0           0 ns/msg
  dir 5: active=  0.00%  msgs=0           0 ns/msg
  dir 6: active=  0.00%  msgs=1           450 ns/msg
  AGGREGATE active = 0.00% (of 7 dir-threads; 0.00% per-thread avg)  msgs=4
[CPU memory  ] process=  8.72% of 80 cores   system=  8.80%   (window 2s)

----- REMOTE CPU LOAD (memory node dir-threads, 2s window) -----
  dir 0: active=  0.00%  msgs=0           0 ns/msg
  dir 1: active=  0.00%  msgs=0           0 ns/msg
  dir 2: active=  0.00%  msgs=0           0 ns/msg
  dir 3: active=  0.00%  msgs=1           549 ns/msg
  dir 4: active=  0.00%  msgs=1           538 ns/msg
  dir 5: active=  0.00%  msgs=1           1162 ns/msg
  dir 6: active=  0.00%  msgs=1           311 ns/msg
  AGGREGATE active = 0.00% (of 7 dir-threads; 0.00% per-thread avg)  msgs=4
[CPU memory  ] process=  8.74% of 80 cores   system=  8.77%   (window 2s)

----- REMOTE CPU LOAD (memory node dir-threads, 2s window) -----
  dir 0: active=  0.00%  msgs=1           542 ns/msg
  dir 1: active=  0.00%  msgs=1           840 ns/msg
  dir 2: active=  0.00%  msgs=1           348 ns/msg
  dir 3: active=  0.00%  msgs=1           255 ns/msg
  dir 4: active=  0.00%  msgs=1           438 ns/msg
  dir 5: active=  0.00%  msgs=0           0 ns/msg
  dir 6: active=  0.00%  msgs=0           0 ns/msg
  AGGREGATE active = 0.00% (of 7 dir-threads; 0.00% per-thread avg)  msgs=5
[CPU memory  ] process=  8.73% of 80 cores   system=  8.80%   (window 2s)

----- REMOTE CPU LOAD (memory node dir-threads, 2s window) -----
  dir 0: active=  0.00%  msgs=1           545 ns/msg
  dir 1: active=  0.00%  msgs=1           536 ns/msg
  dir 2: active=  0.00%  msgs=0           0 ns/msg
  dir 3: active=  0.00%  msgs=0           0 ns/msg
  dir 4: active=  0.00%  msgs=0           0 ns/msg
  dir 5: active=  0.00%  msgs=1           1555 ns/msg
  dir 6: active=  0.00%  msgs=1           470 ns/msg
  AGGREGATE active = 0.00% (of 7 dir-threads; 0.00% per-thread avg)  msgs=4
[CPU memory  ] process=  8.73% of 80 cores   system=  8.81%   (window 2s)

----- REMOTE CPU LOAD (memory node dir-threads, 2s window) -----
  dir 0: active=  0.00%  msgs=0           0 ns/msg
  dir 1: active=  0.00%  msgs=0           0 ns/msg
  dir 2: active=  0.00%  msgs=1           399 ns/msg
  dir 3: active=  0.00%  msgs=1           664 ns/msg
  dir 4: active=  0.00%  msgs=1           485 ns/msg
  dir 5: active=  0.00%  msgs=1           1241 ns/msg
  dir 6: active=  0.00%  msgs=0           0 ns/msg
  AGGREGATE active = 0.00% (of 7 dir-threads; 0.00% per-thread avg)  msgs=4
[CPU memory  ] process=  8.73% of 80 cores   system=  8.77%   (window 2s)

----- REMOTE CPU LOAD (memory node dir-threads, 2s window) -----
  dir 0: active=  0.00%  msgs=1           538 ns/msg
  dir 1: active=  0.00%  msgs=1           558 ns/msg
  dir 2: active=  0.00%  msgs=1           495 ns/msg
  dir 3: active=  0.00%  msgs=0           0 ns/msg
  dir 4: active=  0.00%  msgs=0           0 ns/msg
  dir 5: active=  0.00%  msgs=0           0 ns/msg
  dir 6: active=  0.00%  msgs=1           439 ns/msg
  AGGREGATE active = 0.00% (of 7 dir-threads; 0.00% per-thread avg)  msgs=4
[CPU memory  ] process=  8.73% of 80 cores   system=  8.80%   (window 2s)

----- REMOTE CPU LOAD (memory node dir-threads, 2s window) -----
  dir 0: active=  0.00%  msgs=0           0 ns/msg
  dir 1: active=  0.00%  msgs=0           0 ns/msg
  dir 2: active=  0.00%  msgs=0           0 ns/msg
  dir 3: active=  0.00%  msgs=1           493 ns/msg
  dir 4: active=  0.00%  msgs=1           463 ns/msg
  dir 5: active=  0.00%  msgs=1           950 ns/msg
  dir 6: active=  0.00%  msgs=1           323 ns/msg
  AGGREGATE active = 0.00% (of 7 dir-threads; 0.00% per-thread avg)  msgs=4
[CPU memory  ] process=  8.73% of 80 cores   system=  8.77%   (window 2s)

----- REMOTE CPU LOAD (memory node dir-threads, 2s window) -----
  dir 0: active=  0.00%  msgs=1           454 ns/msg
  dir 1: active=  0.00%  msgs=1           509 ns/msg
  dir 2: active=  0.00%  msgs=1           295 ns/msg
  dir 3: active=  0.00%  msgs=1           525 ns/msg
  dir 4: active=  0.00%  msgs=0           0 ns/msg
  dir 5: active=  0.00%  msgs=0           0 ns/msg
  dir 6: active=  0.00%  msgs=0           0 ns/msg
  AGGREGATE active = 0.00% (of 7 dir-threads; 0.00% per-thread avg)  msgs=4
[CPU memory  ] process=  8.74% of 80 cores   system=  8.81%   (window 2s)

----- REMOTE CPU LOAD (memory node dir-threads, 2s window) -----
  dir 0: active=  0.00%  msgs=1           366 ns/msg
  dir 1: active=  0.00%  msgs=0           0 ns/msg
  dir 2: active=  0.00%  msgs=0           0 ns/msg
  dir 3: active=  0.00%  msgs=0           0 ns/msg
  dir 4: active=  0.00%  msgs=1           547 ns/msg
  dir 5: active=  0.00%  msgs=1           1386 ns/msg
  dir 6: active=  0.00%  msgs=1           395 ns/msg
  AGGREGATE active = 0.00% (of 7 dir-threads; 0.00% per-thread avg)  msgs=4
[CPU memory  ] process=  8.73% of 80 cores   system=  8.80%   (window 2s)

----- REMOTE CPU LOAD (memory node dir-threads, 2s window) -----
  dir 0: active=  0.00%  msgs=0           0 ns/msg
  dir 1: active=  0.00%  msgs=1           565 ns/msg
  dir 2: active=  0.00%  msgs=1           535 ns/msg
  dir 3: active=  0.00%  msgs=1           603 ns/msg
  dir 4: active=  0.00%  msgs=1           456 ns/msg
  dir 5: active=  0.00%  msgs=0           0 ns/msg
  dir 6: active=  0.00%  msgs=0           0 ns/msg
  AGGREGATE active = 0.00% (of 7 dir-threads; 0.00% per-thread avg)  msgs=4
[CPU memory  ] process=  8.73% of 80 cores   system=  8.77%   (window 2s)

----- REMOTE CPU LOAD (memory node dir-threads, 2s window) -----
  dir 0: active=  0.00%  msgs=1           396 ns/msg
  dir 1: active=  0.00%  msgs=1           906 ns/msg
  dir 2: active=  0.00%  msgs=0           0 ns/msg
  dir 3: active=  0.00%  msgs=0           0 ns/msg
  dir 4: active=  0.00%  msgs=0           0 ns/msg
  dir 5: active=  0.00%  msgs=1           1270 ns/msg
  dir 6: active=  0.00%  msgs=1           310 ns/msg
  AGGREGATE active = 0.00% (of 7 dir-threads; 0.00% per-thread avg)  msgs=4
[CPU memory  ] process=  8.74% of 80 cores   system=  8.78%   (window 2s)

----- REMOTE CPU LOAD (memory node dir-threads, 2s window) -----
  dir 0: active=  0.00%  msgs=0           0 ns/msg
  dir 1: active=  0.00%  msgs=0           0 ns/msg
  dir 2: active=  0.00%  msgs=1           317 ns/msg
  dir 3: active=  0.00%  msgs=1           552 ns/msg
  dir 4: active=  0.00%  msgs=1           537 ns/msg
  dir 5: active=  0.00%  msgs=1           1120 ns/msg
  dir 6: active=  0.00%  msgs=0           0 ns/msg
  AGGREGATE active = 0.00% (of 7 dir-threads; 0.00% per-thread avg)  msgs=4
[CPU memory  ] process=  8.73% of 80 cores   system=  8.80%   (window 2s)

----- REMOTE CPU LOAD (memory node dir-threads, 2s window) -----
  dir 0: active=  0.00%  msgs=1           497 ns/msg
  dir 1: active=  0.00%  msgs=1           511 ns/msg
  dir 2: active=  0.00%  msgs=1           421 ns/msg
  dir 3: active=  0.00%  msgs=0           0 ns/msg
  dir 4: active=  0.00%  msgs=0           0 ns/msg
  dir 5: active=  0.00%  msgs=0           0 ns/msg
  dir 6: active=  0.00%  msgs=1           428 ns/msg
  AGGREGATE active = 0.00% (of 7 dir-threads; 0.00% per-thread avg)  msgs=4
[CPU memory  ] process=  8.73% of 80 cores   system=  8.80%   (window 2s)

----- REMOTE CPU LOAD (memory node dir-threads, 2s window) -----
  dir 0: active=  0.00%  msgs=0           0 ns/msg
  dir 1: active=  0.00%  msgs=0           0 ns/msg
  dir 2: active=  0.00%  msgs=0           0 ns/msg
  dir 3: active=  0.00%  msgs=1           565 ns/msg
  dir 4: active=  0.00%  msgs=1           447 ns/msg
  dir 5: active=  0.00%  msgs=1           1144 ns/msg
  dir 6: active=  0.00%  msgs=1           416 ns/msg
  AGGREGATE active = 0.00% (of 7 dir-threads; 0.00% per-thread avg)  msgs=4
[CPU memory  ] process=  8.74% of 80 cores   system=  8.79%   (window 2s)

----- REMOTE CPU LOAD (memory node dir-threads, 2s window) -----
  dir 0: active=  0.00%  msgs=1           349 ns/msg
  dir 1: active=  0.00%  msgs=1           536 ns/msg
  dir 2: active=  0.00%  msgs=1           279 ns/msg
  dir 3: active=  0.00%  msgs=1           549 ns/msg
  dir 4: active=  0.00%  msgs=0           0 ns/msg
  dir 5: active=  0.00%  msgs=0           0 ns/msg
  dir 6: active=  0.00%  msgs=0           0 ns/msg
  AGGREGATE active = 0.00% (of 7 dir-threads; 0.00% per-thread avg)  msgs=4
[CPU memory  ] process=  8.73% of 80 cores   system=  8.78%   (window 2s)

----- REMOTE CPU LOAD (memory node dir-threads, 2s window) -----
  dir 0: active=  0.00%  msgs=1           494 ns/msg
  dir 1: active=  0.00%  msgs=0           0 ns/msg
  dir 2: active=  0.00%  msgs=0           0 ns/msg
  dir 3: active=  0.00%  msgs=0           0 ns/msg
  dir 4: active=  0.00%  msgs=1           338 ns/msg
  dir 5: active=  0.00%  msgs=1           1098 ns/msg
  dir 6: active=  0.00%  msgs=1           395 ns/msg
  AGGREGATE active = 0.00% (of 7 dir-threads; 0.00% per-thread avg)  msgs=4
[CPU memory  ] process=  8.73% of 80 cores   system=  8.79%   (window 2s)

----- REMOTE CPU LOAD (memory node dir-threads, 2s window) -----
  dir 0: active=  0.00%  msgs=0           0 ns/msg
  dir 1: active=  0.00%  msgs=1           465 ns/msg
  dir 2: active=  0.00%  msgs=1           360 ns/msg
  dir 3: active=  0.00%  msgs=1           512 ns/msg
  dir 4: active=  0.00%  msgs=1           910 ns/msg
  dir 5: active=  0.00%  msgs=0           0 ns/msg
  dir 6: active=  0.00%  msgs=0           0 ns/msg
  AGGREGATE active = 0.00% (of 7 dir-threads; 0.00% per-thread avg)  msgs=4
[CPU memory  ] process=  8.74% of 80 cores   system=  8.80%   (window 2s)

----- REMOTE CPU LOAD (memory node dir-threads, 2s window) -----
  dir 0: active=  0.00%  msgs=1           400 ns/msg
  dir 1: active=  0.00%  msgs=1           450 ns/msg
  dir 2: active=  0.00%  msgs=0           0 ns/msg
  dir 3: active=  0.00%  msgs=0           0 ns/msg
  dir 4: active=  0.00%  msgs=0           0 ns/msg
  dir 5: active=  0.00%  msgs=1           1071 ns/msg
  dir 6: active=  0.00%  msgs=1           461 ns/msg
  AGGREGATE active = 0.00% (of 7 dir-threads; 0.00% per-thread avg)  msgs=4
[CPU memory  ] process=  8.73% of 80 cores   system=  8.80%   (window 2s)

----- REMOTE CPU LOAD (memory node dir-threads, 2s window) -----
  dir 0: active=  0.00%  msgs=0           0 ns/msg
  dir 1: active=  0.00%  msgs=0           0 ns/msg
  dir 2: active=  0.00%  msgs=1           437 ns/msg
  dir 3: active=  0.00%  msgs=1           487 ns/msg
  dir 4: active=  0.00%  msgs=1           458 ns/msg
  dir 5: active=  0.00%  msgs=1           1309 ns/msg
  dir 6: active=  0.00%  msgs=1           280 ns/msg
  AGGREGATE active = 0.00% (of 7 dir-threads; 0.00% per-thread avg)  msgs=5
[CPU memory  ] process=  8.73% of 80 cores   system=  8.80%   (window 2s)

----- REMOTE CPU LOAD (memory node dir-threads, 2s window) -----
  dir 0: active=  0.00%  msgs=1           383 ns/msg
  dir 1: active=  0.00%  msgs=1           439 ns/msg
  dir 2: active=  0.00%  msgs=1           377 ns/msg
  dir 3: active=  0.00%  msgs=1           578 ns/msg
  dir 4: active=  0.00%  msgs=0           0 ns/msg
  dir 5: active=  0.00%  msgs=0           0 ns/msg
  dir 6: active=  0.00%  msgs=0           0 ns/msg
  AGGREGATE active = 0.00% (of 7 dir-threads; 0.00% per-thread avg)  msgs=4
[CPU memory  ] process=  8.73% of 80 cores   system=  8.77%   (window 2s)

----- REMOTE CPU LOAD (memory node dir-threads, 2s window) -----
  dir 0: active=  0.00%  msgs=0           0 ns/msg
  dir 1: active=  0.00%  msgs=0           0 ns/msg
  dir 2: active=  0.00%  msgs=0           0 ns/msg
  dir 3: active=  0.00%  msgs=0           0 ns/msg
  dir 4: active=  0.00%  msgs=1           422 ns/msg
  dir 5: active=  0.00%  msgs=1           1331 ns/msg
  dir 6: active=  0.00%  msgs=0           0 ns/msg
  AGGREGATE active = 0.00% (of 7 dir-threads; 0.00% per-thread avg)  msgs=2
[CPU memory  ] process=  8.73% of 80 cores   system=  8.80%   (window 2s)

----- REMOTE CPU LOAD (memory node dir-threads, 2s window) -----
  dir 0: active=  0.00%  msgs=0           0 ns/msg
  dir 1: active=  0.00%  msgs=0           0 ns/msg
  dir 2: active=  0.00%  msgs=0           0 ns/msg
  dir 3: active=  0.00%  msgs=0           0 ns/msg
  dir 4: active=  0.00%  msgs=0           0 ns/msg
  dir 5: active=  0.00%  msgs=0           0 ns/msg
  dir 6: active=  0.00%  msgs=0           0 ns/msg
  AGGREGATE active = 0.00% (of 7 dir-threads; 0.00% per-thread avg)  msgs=0
[CPU memory  ] process=  8.73% of 80 cores   system=  8.79%   (window 2s)

----- REMOTE CPU LOAD (memory node dir-threads, 2s window) -----
  dir 0: active=  0.00%  msgs=0           0 ns/msg
  dir 1: active=  0.00%  msgs=0           0 ns/msg
  dir 2: active=  0.00%  msgs=0           0 ns/msg
  dir 3: active=  0.00%  msgs=0           0 ns/msg
  dir 4: active=  0.00%  msgs=0           0 ns/msg
  dir 5: active=  0.00%  msgs=0           0 ns/msg
  dir 6: active=  0.00%  msgs=0           0 ns/msg
  AGGREGATE active = 0.00% (of 7 dir-threads; 0.00% per-thread avg)  msgs=0
[CPU memory  ] process=  8.74% of 80 cores   system=  8.82%   (window 2s)

----- REMOTE CPU LOAD (memory node dir-threads, 2s window) -----
  dir 0: active=  0.00%  msgs=0           0 ns/msg
  dir 1: active=  0.00%  msgs=0           0 ns/msg
  dir 2: active=  0.00%  msgs=0           0 ns/msg
  dir 3: active=  0.00%  msgs=0           0 ns/msg
  dir 4: active=  0.00%  msgs=0           0 ns/msg
  dir 5: active=  0.00%  msgs=0           0 ns/msg
  dir 6: active=  0.00%  msgs=0           0 ns/msg
  AGGREGATE active = 0.00% (of 7 dir-threads; 0.00% per-thread avg)  msgs=0
[CPU memory  ] process=  8.73% of 80 cores   system=  8.80%   (window 2s)

----- REMOTE CPU LOAD (memory node dir-threads, 2s window) -----
  dir 0: active=  7.04%  msgs=112413      1253 ns/msg
  dir 1: active=  5.10%  msgs=112419      907 ns/msg
  dir 2: active=  7.01%  msgs=112424      1247 ns/msg
  dir 3: active=  4.74%  msgs=112430      844 ns/msg
  dir 4: active=  7.06%  msgs=112429      1256 ns/msg
  dir 5: active=  5.11%  msgs=112429      909 ns/msg
  dir 6: active=  7.01%  msgs=112426      1248 ns/msg
  AGGREGATE active = 43.08% (of 7 dir-threads; 6.15% per-thread avg)  msgs=786970
[CPU memory  ] process=  8.73% of 80 cores   system=  8.78%   (window 2s)

----- REMOTE CPU LOAD (memory node dir-threads, 2s window) -----
  dir 0: active= 50.11%  msgs=811693      1235 ns/msg
  dir 1: active= 43.18%  msgs=811693      1064 ns/msg
  dir 2: active= 49.79%  msgs=811693      1227 ns/msg
  dir 3: active= 40.77%  msgs=811693      1005 ns/msg
  dir 4: active= 50.14%  msgs=811698      1235 ns/msg
  dir 5: active= 43.23%  msgs=811699      1065 ns/msg
  dir 6: active= 49.82%  msgs=811700      1228 ns/msg
  AGGREGATE active = 327.05% (of 7 dir-threads; 46.72% per-thread avg)  msgs=5681869
[CPU memory  ] process=  8.72% of 80 cores   system=  8.79%   (window 2s)

----- REMOTE CPU LOAD (memory node dir-threads, 2s window) -----
  dir 0: active= 49.93%  msgs=810990      1231 ns/msg
  dir 1: active= 43.84%  msgs=810990      1081 ns/msg
  dir 2: active= 49.64%  msgs=810990      1224 ns/msg
  dir 3: active= 41.47%  msgs=810990      1023 ns/msg
  dir 4: active= 49.94%  msgs=810989      1232 ns/msg
  dir 5: active= 43.88%  msgs=810990      1082 ns/msg
  dir 6: active= 49.65%  msgs=810991      1225 ns/msg
  AGGREGATE active = 328.36% (of 7 dir-threads; 46.91% per-thread avg)  msgs=5676930
[CPU memory  ] process=  8.73% of 80 cores   system=  8.80%   (window 2s)

----- REMOTE CPU LOAD (memory node dir-threads, 2s window) -----
  dir 0: active= 50.04%  msgs=814902      1228 ns/msg
  dir 1: active= 43.55%  msgs=814902      1069 ns/msg
  dir 2: active= 49.68%  msgs=814902      1219 ns/msg
  dir 3: active= 41.03%  msgs=814902      1007 ns/msg
  dir 4: active= 50.06%  msgs=814901      1229 ns/msg
  dir 5: active= 43.58%  msgs=814902      1070 ns/msg
  dir 6: active= 49.71%  msgs=814902      1220 ns/msg
  AGGREGATE active = 327.66% (of 7 dir-threads; 46.81% per-thread avg)  msgs=5704313
[CPU memory  ] process=  8.73% of 80 cores   system=  8.81%   (window 2s)

----- REMOTE CPU LOAD (memory node dir-threads, 2s window) -----
  dir 0: active= 50.09%  msgs=815420      1229 ns/msg
  dir 1: active= 42.95%  msgs=815420      1054 ns/msg
  dir 2: active= 49.78%  msgs=815420      1221 ns/msg
  dir 3: active= 40.56%  msgs=815420      995 ns/msg
  dir 4: active= 50.13%  msgs=815420      1230 ns/msg
  dir 5: active= 43.03%  msgs=815421      1055 ns/msg
  dir 6: active= 49.80%  msgs=815420      1222 ns/msg
  AGGREGATE active = 326.34% (of 7 dir-threads; 46.62% per-thread avg)  msgs=5707941
[CPU memory  ] process=  8.72% of 80 cores   system=  8.80%   (window 2s)

----- REMOTE CPU LOAD (memory node dir-threads, 2s window) -----
  dir 0: active= 50.14%  msgs=816037      1229 ns/msg
  dir 1: active= 42.46%  msgs=816037      1041 ns/msg
  dir 2: active= 49.75%  msgs=816037      1219 ns/msg
  dir 3: active= 40.04%  msgs=816037      981 ns/msg
  dir 4: active= 50.15%  msgs=816038      1229 ns/msg
  dir 5: active= 42.53%  msgs=816038      1042 ns/msg
  dir 6: active= 49.78%  msgs=816040      1220 ns/msg
  AGGREGATE active = 324.85% (of 7 dir-threads; 46.41% per-thread avg)  msgs=5712264
[CPU memory  ] process=  8.73% of 80 cores   system=  8.78%   (window 2s)

----- REMOTE CPU LOAD (memory node dir-threads, 2s window) -----
  dir 0: active=  2.17%  msgs=35344       1227 ns/msg
  dir 1: active=  1.83%  msgs=35340       1034 ns/msg
  dir 2: active=  2.15%  msgs=35336       1218 ns/msg
  dir 3: active=  1.72%  msgs=35330       973 ns/msg
  dir 4: active=  2.17%  msgs=35327       1226 ns/msg
  dir 5: active=  1.83%  msgs=35326       1037 ns/msg
  dir 6: active=  2.16%  msgs=35323       1220 ns/msg
  AGGREGATE active = 14.02% (of 7 dir-threads; 2.00% per-thread avg)  msgs=247326
[CPU memory  ] process=  8.73% of 80 cores   system=  8.77%   (window 2s)

----- REMOTE CPU LOAD (memory node dir-threads, 2s window) -----
  dir 0: active=  0.00%  msgs=0           0 ns/msg
  dir 1: active=  0.00%  msgs=0           0 ns/msg
  dir 2: active=  0.00%  msgs=0           0 ns/msg
  dir 3: active=  0.00%  msgs=0           0 ns/msg
  dir 4: active=  0.00%  msgs=0           0 ns/msg
  dir 5: active=  0.00%  msgs=0           0 ns/msg
  dir 6: active=  0.00%  msgs=0           0 ns/msg
  AGGREGATE active = 0.00% (of 7 dir-threads; 0.00% per-thread avg)  msgs=0
[CPU memory  ] process=  8.74% of 80 cores   system=  8.80%   (window 2s)
Avg. rdma read time(ms) = -nan
Avg. rdma write time(ms) = -nan
Avg. rdma read / op = -nan
Avg. rdma write / op = -nan
Avg. rdma cas / op = -nan
Avg. rdma rpc / op = -nan
Avg. all rdma / op = -nan
Avg. rdma read size/ op = -nan
Avg. rdma write size / op = -nan
Avg. rdma RW size / op = -nan
