Compute node count = 1
kNodeCount 2, kReadRatio 100, kInsertRatio 0, kUpdateRatio 0, kDeleteRatio 0, kRangeRatio 0, totalThreadCount 36, memThreadCount 2 cache_size 128, uniform_workload 0, zipfian 0.990000, bulk_load_num 50000000, warmup_num 10000000, op_num 30000000, check_correctness 0, time_based 0, early_stop 1, index 0, rpc_rate 1.000000, admission_rate 0.100000, auto_tune 0
kMaxThread = 36
KeySpace = 50001000
[GEOMETRY] inner_page=160 leaf_page=512 inner_entries=5 leaf_entries=26 slot=512 placement=mn_only
[4mshared memory size: 64GB, 0x7fef77200000[0m
[4mcache size: 2GB[0m
[4mMachine NR: 2[0m
[4mMax_APP_THREAD: 36[0m
[4mNR_DIRECTORY: 16[0m
[4mStart Build the DSMKeeper[0m
I am servers 0 [255.127.0.0]
I connect server 1
[4mdir 0 launch! (core 79 of 80)
[0m
[4mdir 1 launch! (core 78 of 80)
[0m
CNode 0, left bound = 0, right bound = 18446744073709551615
Pushdown (RPC) Rate: 1
Admission Rate: 0.1
Cache size(MB) = 128
-----Cache initial addr = 0x7fef58000000
page num = 262144
alloc_unit = 512
entry_num: 262144
bucket_num: 87382
Bucket size = 64
entry_num: 26214
bucket_num: 4369
start generating tree
num_partitions = 1
Success: tree root pointer value [1, 67108864]
finish generating tree
Bulkload num in node 0 = 50000000

----- REMOTE CPU LOAD (memory node dir-threads, 2s window) -----
  dir 0: active=  0.00%  msgs=0           0 ns/msg
  dir 1: active=  0.00%  msgs=0           0 ns/msg
  AGGREGATE active = 0.00% (of 2 dir-threads; 0.00% per-thread avg)  msgs=0
[CPU compute ] process=  3.75% of 80 cores   system=  3.75%   (window 2s)
First key of bulkloading = 7325973
Last key of bulkloading = 26738230
node warmup num = 9999972
kReadRatio =100
insertmark =100
updatemark =100
deletemark =100
rangemark =100
Finish warmup workload generation

----- REMOTE CPU LOAD (memory node dir-threads, 2s window) -----
  dir 0: active=  0.00%  msgs=0           0 ns/msg
  dir 1: active=  0.00%  msgs=0           0 ns/msg
  AGGREGATE active = 0.00% (of 2 dir-threads; 0.00% per-thread avg)  msgs=0
[CPU compute ] process=  3.75% of 80 cores   system=  3.76%   (window 2s)

----- REMOTE CPU LOAD (memory node dir-threads, 2s window) -----
  dir 0: active=  0.00%  msgs=0           0 ns/msg
  dir 1: active=  0.00%  msgs=0           0 ns/msg
  AGGREGATE active = 0.00% (of 2 dir-threads; 0.00% per-thread avg)  msgs=0
[CPU compute ] process=  3.76% of 80 cores   system=  3.76%   (window 2s)

----- REMOTE CPU LOAD (memory node dir-threads, 2s window) -----
  dir 0: active=  0.00%  msgs=0           0 ns/msg
  dir 1: active=  0.00%  msgs=0           0 ns/msg
  AGGREGATE active = 0.00% (of 2 dir-threads; 0.00% per-thread avg)  msgs=0
[CPU compute ] process=  3.74% of 80 cores   system=  5.71%   (window 2s)
node op_num = 29999988
Finish all workload generation

----- REMOTE CPU LOAD (memory node dir-threads, 2s window) -----
  dir 0: active=  0.00%  msgs=0           0 ns/msg
  dir 1: active=  0.00%  msgs=0           0 ns/msg
  AGGREGATE active = 0.00% (of 2 dir-threads; 0.00% per-thread avg)  msgs=0
[CPU compute ] process=  3.76% of 80 cores   system=  3.76%   (window 2s)

----- REMOTE CPU LOAD (memory node dir-threads, 2s window) -----
  dir 0: active=  0.00%  msgs=0           0 ns/msg
  dir 1: active=  0.00%  msgs=0           0 ns/msg
  AGGREGATE active = 0.00% (of 2 dir-threads; 0.00% per-thread avg)  msgs=0
[CPU compute ] process=  3.75% of 80 cores   system=  3.76%   (window 2s)

----- REMOTE CPU LOAD (memory node dir-threads, 2s window) -----
  dir 0: active=  0.00%  msgs=0           0 ns/msg
  dir 1: active=  0.00%  msgs=0           0 ns/msg
  AGGREGATE active = 0.00% (of 2 dir-threads; 0.00% per-thread avg)  msgs=0
[CPU compute ] process=  3.75% of 80 cores   system=  3.75%   (window 2s)
Fetched new height = 1
Success: tree root pointer value [1, 67109888]
Height = 2
Success: tree root pointer value [1, 67112448]
Height = 3
Success: tree root pointer value [1, 67118080]
Height = 4
Success: tree root pointer value [1, 67129856]
Height = 5
Success: tree root pointer value [1, 67153920]
Height = 6
Success: tree root pointer value [1, 67202560]
Height = 7
Success: tree root pointer value [1, 67300352]
Height = 8
Success: tree root pointer value [1, 67496448]
Height = 9
Success: tree root pointer value [1, 67889152]
Height = 10
Success: tree root pointer value [1, 68675072]
Height = 11
Success: tree root pointer value [1, 70247424]
Height = 12
Success: tree root pointer value [1, 73392640]
Height = 13
Success: tree root pointer value [1, 79683584]
Height = 14
Success: tree root pointer value [1, 92265984]
Height = 15
Success: tree root pointer value [1, 34443615744]
Height = 16

----- REMOTE CPU LOAD (memory node dir-threads, 2s window) -----
  dir 0: active=  0.00%  msgs=0           0 ns/msg
  dir 1: active=  0.00%  msgs=0           0 ns/msg
  AGGREGATE active = 0.00% (of 2 dir-threads; 0.00% per-thread avg)  msgs=0
Success: tree root pointer value [1, 134209024]
Height = 17
[CPU compute ] process=  3.75% of 80 cores   system=  3.76%   (window 2s)
entering dynamic phase
Success: tree root pointer value [1, 34527502848]
Height = 18

----- REMOTE CPU LOAD (memory node dir-threads, 2s window) -----
  dir 0: active=  0.00%  msgs=0           0 ns/msg
  dir 1: active=  0.00%  msgs=0           0 ns/msg
  AGGREGATE active = 0.00% (of 2 dir-threads; 0.00% per-thread avg)  msgs=0
[CPU compute ] process=  3.75% of 80 cores   system=  5.62%   (window 2s)

----- REMOTE CPU LOAD (memory node dir-threads, 2s window) -----
  dir 0: active=  0.00%  msgs=0           0 ns/msg
  dir 1: active=  0.00%  msgs=0           0 ns/msg
  AGGREGATE active = 0.00% (of 2 dir-threads; 0.00% per-thread avg)  msgs=0
[CPU compute ] process=  3.75% of 80 cores   system=  3.76%   (window 2s)
Success: tree root pointer value [1, 34628168704]
Height = 19

----- REMOTE CPU LOAD (memory node dir-threads, 2s window) -----
  dir 0: active=  0.00%  msgs=0           0 ns/msg
  dir 1: active=  0.00%  msgs=0           0 ns/msg
  AGGREGATE active = 0.00% (of 2 dir-threads; 0.00% per-thread avg)  msgs=0
[CPU compute ] process=  3.75% of 80 cores   system=  3.76%   (window 2s)

----- REMOTE CPU LOAD (memory node dir-threads, 2s window) -----
  dir 0: active=  0.00%  msgs=0           0 ns/msg
  dir 1: active=  0.00%  msgs=0           0 ns/msg
  AGGREGATE active = 0.00% (of 2 dir-threads; 0.00% per-thread avg)  msgs=0
[CPU compute ] process=  3.75% of 80 cores   system=  3.76%   (window 2s)
Success: tree root pointer value [1, 469763072]
Height = 20

----- REMOTE CPU LOAD (memory node dir-threads, 2s window) -----
  dir 0: active=  0.00%  msgs=0           0 ns/msg
  dir 1: active=  0.00%  msgs=0           0 ns/msg
  AGGREGATE active = 0.00% (of 2 dir-threads; 0.00% per-thread avg)  msgs=0
[CPU compute ] process=  3.75% of 80 cores   system=  3.75%   (window 2s)

----- REMOTE CPU LOAD (memory node dir-threads, 2s window) -----
  dir 0: active=  0.00%  msgs=0           0 ns/msg
  dir 1: active=  0.00%  msgs=0           0 ns/msg
  AGGREGATE active = 0.00% (of 2 dir-threads; 0.00% per-thread avg)  msgs=0
[CPU compute ] process=  3.75% of 80 cores   system=  5.28%   (window 2s)

----- REMOTE CPU LOAD (memory node dir-threads, 2s window) -----
  dir 0: active=  0.00%  msgs=0           0 ns/msg
  dir 1: active=  0.00%  msgs=0           0 ns/msg
  AGGREGATE active = 0.00% (of 2 dir-threads; 0.00% per-thread avg)  msgs=0
[CPU compute ] process=  3.75% of 80 cores   system=  4.05%   (window 2s)

----- REMOTE CPU LOAD (memory node dir-threads, 2s window) -----
  dir 0: active=  0.00%  msgs=0           0 ns/msg
  dir 1: active=  0.00%  msgs=0           0 ns/msg
  AGGREGATE active = 0.00% (of 2 dir-threads; 0.00% per-thread avg)  msgs=0
[CPU compute ] process=  3.75% of 80 cores   system=  3.75%   (window 2s)

----- REMOTE CPU LOAD (memory node dir-threads, 2s window) -----
  dir 0: active=  0.00%  msgs=0           0 ns/msg
  dir 1: active=  0.00%  msgs=0           0 ns/msg
  AGGREGATE active = 0.00% (of 2 dir-threads; 0.00% per-thread avg)  msgs=0
[CPU compute ] process=  3.75% of 80 cores   system=  3.76%   (window 2s)

----- REMOTE CPU LOAD (memory node dir-threads, 2s window) -----
  dir 0: active=  0.00%  msgs=0           0 ns/msg
  dir 1: active=  0.00%  msgs=0           0 ns/msg
  AGGREGATE active = 0.00% (of 2 dir-threads; 0.00% per-thread avg)  msgs=0
[CPU compute ] process=  3.75% of 80 cores   system=  3.76%   (window 2s)
Success: tree root pointer value [1, 872428032]
Height = 21

----- REMOTE CPU LOAD (memory node dir-threads, 2s window) -----
  dir 0: active=  0.00%  msgs=0           0 ns/msg
  dir 1: active=  0.00%  msgs=0           0 ns/msg
  AGGREGATE active = 0.00% (of 2 dir-threads; 0.00% per-thread avg)  msgs=0
[CPU compute ] process=  3.75% of 80 cores   system=  3.76%   (window 2s)

----- REMOTE CPU LOAD (memory node dir-threads, 2s window) -----
  dir 0: active=  0.00%  msgs=0           0 ns/msg
  dir 1: active=  0.00%  msgs=0           0 ns/msg
  AGGREGATE active = 0.00% (of 2 dir-threads; 0.00% per-thread avg)  msgs=0
[CPU compute ] process=  3.75% of 80 cores   system=  5.75%   (window 2s)

----- REMOTE CPU LOAD (memory node dir-threads, 2s window) -----
  dir 0: active=  0.00%  msgs=0           0 ns/msg
  dir 1: active=  0.00%  msgs=0           0 ns/msg
  AGGREGATE active = 0.00% (of 2 dir-threads; 0.00% per-thread avg)  msgs=0
[CPU compute ] process=  3.75% of 80 cores   system=  3.75%   (window 2s)

----- REMOTE CPU LOAD (memory node dir-threads, 2s window) -----
  dir 0: active=  0.00%  msgs=0           0 ns/msg
  dir 1: active=  0.00%  msgs=0           0 ns/msg
  AGGREGATE active = 0.00% (of 2 dir-threads; 0.00% per-thread avg)  msgs=0
[CPU compute ] process=  3.75% of 80 cores   system=  3.76%   (window 2s)

----- REMOTE CPU LOAD (memory node dir-threads, 2s window) -----
  dir 0: active=  0.00%  msgs=0           0 ns/msg
  dir 1: active=  0.00%  msgs=0           0 ns/msg
  AGGREGATE active = 0.00% (of 2 dir-threads; 0.00% per-thread avg)  msgs=0
[CPU compute ] process=  3.75% of 80 cores   system=  3.76%   (window 2s)

----- REMOTE CPU LOAD (memory node dir-threads, 2s window) -----
  dir 0: active=  0.00%  msgs=0           0 ns/msg
  dir 1: active=  0.00%  msgs=0           0 ns/msg
  AGGREGATE active = 0.00% (of 2 dir-threads; 0.00% per-thread avg)  msgs=0
[CPU compute ] process=  3.75% of 80 cores   system=  3.75%   (window 2s)

----- REMOTE CPU LOAD (memory node dir-threads, 2s window) -----
  dir 0: active=  0.00%  msgs=0           0 ns/msg
  dir 1: active=  0.00%  msgs=0           0 ns/msg
  AGGREGATE active = 0.00% (of 2 dir-threads; 0.00% per-thread avg)  msgs=0
[CPU compute ] process=  3.75% of 80 cores   system=  5.72%   (window 2s)

----- REMOTE CPU LOAD (memory node dir-threads, 2s window) -----
  dir 0: active=  0.00%  msgs=0           0 ns/msg
  dir 1: active=  0.00%  msgs=0           0 ns/msg
  AGGREGATE active = 0.00% (of 2 dir-threads; 0.00% per-thread avg)  msgs=0
[CPU compute ] process=  3.75% of 80 cores   system=  3.76%   (window 2s)

----- REMOTE CPU LOAD (memory node dir-threads, 2s window) -----
  dir 0: active=  0.00%  msgs=0           0 ns/msg
  dir 1: active=  0.00%  msgs=0           0 ns/msg
  AGGREGATE active = 0.00% (of 2 dir-threads; 0.00% per-thread avg)  msgs=0
[CPU compute ] process=  3.75% of 80 cores   system=  3.76%   (window 2s)

----- REMOTE CPU LOAD (memory node dir-threads, 2s window) -----
  dir 0: active=  0.00%  msgs=0           0 ns/msg
  dir 1: active=  0.00%  msgs=0           0 ns/msg
  AGGREGATE active = 0.00% (of 2 dir-threads; 0.00% per-thread avg)  msgs=0
[CPU compute ] process=  3.75% of 80 cores   system=  3.76%   (window 2s)

----- REMOTE CPU LOAD (memory node dir-threads, 2s window) -----
  dir 0: active=  0.00%  msgs=0           0 ns/msg
  dir 1: active=  0.00%  msgs=0           0 ns/msg
  AGGREGATE active = 0.00% (of 2 dir-threads; 0.00% per-thread avg)  msgs=0
[CPU compute ] process=  3.75% of 80 cores   system=  3.76%   (window 2s)

----- REMOTE CPU LOAD (memory node dir-threads, 2s window) -----
  dir 0: active=  0.00%  msgs=0           0 ns/msg
  dir 1: active=  0.00%  msgs=0           0 ns/msg
  AGGREGATE active = 0.00% (of 2 dir-threads; 0.00% per-thread avg)  msgs=0
[CPU compute ] process=  3.75% of 80 cores   system=  5.76%   (window 2s)
Success: tree root pointer value [1, 1677758464]
Height = 22

----- REMOTE CPU LOAD (memory node dir-threads, 2s window) -----
  dir 0: active=  0.00%  msgs=0           0 ns/msg
  dir 1: active=  0.00%  msgs=0           0 ns/msg
  AGGREGATE active = 0.00% (of 2 dir-threads; 0.00% per-thread avg)  msgs=0
[CPU compute ] process=  3.75% of 80 cores   system=  3.76%   (window 2s)

----- REMOTE CPU LOAD (memory node dir-threads, 2s window) -----
  dir 0: active=  0.00%  msgs=0           0 ns/msg
  dir 1: active=  0.00%  msgs=0           0 ns/msg
  AGGREGATE active = 0.00% (of 2 dir-threads; 0.00% per-thread avg)  msgs=0
[CPU compute ] process=  3.75% of 80 cores   system=  3.76%   (window 2s)

----- REMOTE CPU LOAD (memory node dir-threads, 2s window) -----
  dir 0: active=  0.00%  msgs=0           0 ns/msg
  dir 1: active=  0.00%  msgs=0           0 ns/msg
  AGGREGATE active = 0.00% (of 2 dir-threads; 0.00% per-thread avg)  msgs=0
[CPU compute ] process=  3.75% of 80 cores   system=  3.75%   (window 2s)

----- REMOTE CPU LOAD (memory node dir-threads, 2s window) -----
  dir 0: active=  0.00%  msgs=0           0 ns/msg
  dir 1: active=  0.00%  msgs=0           0 ns/msg
  AGGREGATE active = 0.00% (of 2 dir-threads; 0.00% per-thread avg)  msgs=0
[CPU compute ] process=  3.75% of 80 cores   system=  3.76%   (window 2s)

----- REMOTE CPU LOAD (memory node dir-threads, 2s window) -----
  dir 0: active=  0.00%  msgs=0           0 ns/msg
  dir 1: active=  0.00%  msgs=0           0 ns/msg
  AGGREGATE active = 0.00% (of 2 dir-threads; 0.00% per-thread avg)  msgs=0
[CPU compute ] process=  3.75% of 80 cores   system=  5.69%   (window 2s)
#leaf nodes = 3846153
leaf size(MB) = 1878
#inner nodes = 3846104
inner size(MB) = 1877.98
Tree height = 22
Cache capacity = 262144
max. leaf entries = 26
max. inner entries = 5
Inner page size = 160
Leaf page size = 512
node 0 finish its bulkload

----- REMOTE CPU LOAD (memory node dir-threads, 2s window) -----
  dir 0: active=  0.00%  msgs=0           0 ns/msg
  dir 1: active=  0.00%  msgs=0           0 ns/msg
  AGGREGATE active = 0.00% (of 2 dir-threads; 0.00% per-thread avg)  msgs=0
[CPU compute ] process=  3.75% of 80 cores   system=  3.78%   (window 2s)
IMPORTANT: my root is 109953578696705
0 is ready for the benchmark
I am 0
Fetched new height = 22
I am 2
I am 33
I am 3
I am 4
I am 5
I am 18
I am 9
I am 16
I am 8
I am 7
I am 15
I am 11
I am 25
I am 6
I am 12
I am 20
I am 27
I am 29
I am 22
I am 28
I am 23
I am 34
I am 24
I am 35
I am 17
I am 1
I am 14
I am 26
I am 10
I am 32
I am 19
I am 21
I am 13
I am 30
I am 31
entering dynamic phase

----- REMOTE CPU LOAD (memory node dir-threads, 2s window) -----
  dir 0: active=  0.00%  msgs=0           0 ns/msg
  dir 1: active=  0.00%  msgs=0           0 ns/msg
  AGGREGATE active = 0.00% (of 2 dir-threads; 0.00% per-thread avg)  msgs=0
[CPU compute ] process= 40.84% of 80 cores   system= 40.86%   (window 2s)
Thread_op_num = 833333
node 0 finish warmup

----- REMOTE CPU LOAD (memory node dir-threads, 2s window) -----
  dir 0: active=  0.00%  msgs=0           0 ns/msg
  dir 1: active=  0.00%  msgs=0           0 ns/msg
  AGGREGATE active = 0.00% (of 2 dir-threads; 0.00% per-thread avg)  msgs=0
[CPU compute ] process= 47.49% of 80 cores   system= 47.52%   (window 2s)
Start collecting the statistic

----- REMOTE CPU LOAD (memory node dir-threads, 2s window) -----
  dir 0: active=  0.00%  msgs=0           0 ns/msg
  dir 1: active=  0.00%  msgs=0           0 ns/msg
  AGGREGATE active = 0.00% (of 2 dir-threads; 0.00% per-thread avg)  msgs=0
[CPU compute ] process= 47.49% of 80 cores   system= 47.52%   (window 2s)
0, throughput 2.6036
cluster throughput 2.603

----- REMOTE CPU LOAD (memory node dir-threads, 2s window) -----
  dir 0: active=  0.00%  msgs=0           0 ns/msg
  dir 1: active=  0.00%  msgs=0           0 ns/msg
  AGGREGATE active = 0.00% (of 2 dir-threads; 0.00% per-thread avg)  msgs=0
[CPU compute ] process= 47.51% of 80 cores   system= 48.55%   (window 2s)
0, throughput 2.6617
cluster throughput 2.661

----- REMOTE CPU LOAD (memory node dir-threads, 2s window) -----
  dir 0: active=  0.00%  msgs=0           0 ns/msg
  dir 1: active=  0.00%  msgs=0           0 ns/msg
  AGGREGATE active = 0.00% (of 2 dir-threads; 0.00% per-thread avg)  msgs=0
[CPU compute ] process= 47.50% of 80 cores   system= 47.51%   (window 2s)
0, throughput 2.6559
cluster throughput 2.655

----- REMOTE CPU LOAD (memory node dir-threads, 2s window) -----
  dir 0: active=  0.00%  msgs=0           0 ns/msg
  dir 1: active=  0.00%  msgs=0           0 ns/msg
  AGGREGATE active = 0.00% (of 2 dir-threads; 0.00% per-thread avg)  msgs=0
[CPU compute ] process= 47.49% of 80 cores   system= 47.52%   (window 2s)
0, throughput 2.6454
cluster throughput 2.645

----- REMOTE CPU LOAD (memory node dir-threads, 2s window) -----
  dir 0: active=  0.00%  msgs=0           0 ns/msg
  dir 1: active=  0.00%  msgs=0           0 ns/msg
  AGGREGATE active = 0.00% (of 2 dir-threads; 0.00% per-thread avg)  msgs=0
[CPU compute ] process= 47.51% of 80 cores   system= 47.52%   (window 2s)
0, throughput 2.6395
cluster throughput 2.639

----- REMOTE CPU LOAD (memory node dir-threads, 2s window) -----
  dir 0: active=  0.00%  msgs=0           0 ns/msg
  dir 1: active=  0.00%  msgs=0           0 ns/msg
  AGGREGATE active = 0.00% (of 2 dir-threads; 0.00% per-thread avg)  msgs=0
[CPU compute ] process= 37.59% of 80 cores   system= 37.61%   (window 2s)
0, throughput 1.6561
cluster throughput 1.656

----- REMOTE CPU LOAD (memory node dir-threads, 2s window) -----
  dir 0: active=  0.00%  msgs=0           0 ns/msg
  dir 1: active=  0.00%  msgs=0           0 ns/msg
  AGGREGATE active = 0.00% (of 2 dir-threads; 0.00% per-thread avg)  msgs=0
[CPU compute ] process=  2.51% of 80 cores   system=  3.75%   (window 2s)
0, throughput 0.0000
cluster throughput 0.000
The time duration = 14 seconds

----- REMOTE CPU LOAD (memory node dir-threads, 2s window) -----
  dir 0: active=  0.00%  msgs=0           0 ns/msg
  dir 1: active=  0.00%  msgs=0           0 ns/msg
  AGGREGATE active = 0.00% (of 2 dir-threads; 0.00% per-thread avg)  msgs=0
[CPU compute ] process=  2.50% of 80 cores   system=  3.23%   (window 2s)

==================== LATENCY BUCKETS (500 ns) [node 0] ====================
[LOOKUP]
  ALL                n=29727327   mean=   13.59us  p50=  12.00us  p90=  29.50us  p99=  37.00us  p99.9=  41.50us  max>=619.00us
  LOCAL (cache hit)  n=8484225    mean=    0.56us  p50=   1.00us  p90=   1.00us  p99=   1.50us  p99.9=   2.00us  max>= 17.50us
  REMOTE (miss/rpc)  n=21243102   mean=   18.79us  p50=  19.00us  p90=  31.00us  p99=  37.50us  p99.9=  42.00us  max>=619.00us
[ALL OPS]
  ALL                n=29727327   mean=   13.59us  p50=  12.00us  p90=  29.50us  p99=  37.00us  p99.9=  41.50us  max>=619.00us
  LOCAL (cache hit)  n=8484225    mean=    0.56us  p50=   1.00us  p90=   1.00us  p99=   1.50us  p99.9=   2.00us  max>= 17.50us
  REMOTE (miss/rpc)  n=21243102   mean=   18.79us  p50=  19.00us  p90=  31.00us  p99=  37.50us  p99.9=  42.00us  max>=619.00us

----- 500 ns bucket CDF (all ops) [node 0] -----
  bucket [lo,hi) ns             count        pct       cdf
  [        0,      500)      3390299   11.4047%  11.4047%
  [      500,     1000)      4902670   16.4921%  27.8968%
  [     1000,     1500)       178087    0.5991%  28.4959%
  [     1500,     2000)         6511    0.0219%  28.5178%
  [     2000,     2500)         1102    0.0037%  28.5215%
  [     2500,     3000)          935    0.0031%  28.5246%
  [     3000,     3500)         1036    0.0035%  28.5281%
  [     3500,     4000)         1908    0.0064%  28.5345%
  [     4000,     4500)        19799    0.0666%  28.6011%
  [     4500,     5000)       113744    0.3826%  28.9837%
  [     5000,     5500)       279229    0.9393%  29.9230%
  [     5500,     6000)       466471    1.5692%  31.4922%
  [     6000,     6500)       602716    2.0275%  33.5197%
  [     6500,     7000)       637999    2.1462%  35.6659%
  [     7000,     7500)       600495    2.0200%  37.6859%
  [     7500,     8000)       536867    1.8060%  39.4918%
  [     8000,     8500)       479063    1.6115%  41.1034%
  [     8500,     9000)       450676    1.5160%  42.6194%
  [     9000,     9500)       433898    1.4596%  44.0790%
  [     9500,    10000)       417752    1.4053%  45.4843%
  [    10000,    10500)       414309    1.3937%  46.8780%
  [    10500,    11000)       421957    1.4194%  48.2974%
  [    11000,    11500)       423532    1.4247%  49.7221%
  [    11500,    12000)       394426    1.3268%  51.0489%
  [    12000,    12500)       353030    1.1876%  52.2365%
  [    12500,    13000)       325287    1.0942%  53.3307%
  [    13000,    13500)       327147    1.1005%  54.4312%
  [    13500,    14000)       341305    1.1481%  55.5793%
  [    14000,    14500)       346949    1.1671%  56.7464%
  [    14500,    15000)       335820    1.1297%  57.8761%
  [    15000,    15500)       313420    1.0543%  58.9304%
  [    15500,    16000)       288891    0.9718%  59.9022%
  [    16000,    16500)       257031    0.8646%  60.7669%
  [    16500,    17000)       234827    0.7899%  61.5568%
  [    17000,    17500)       220360    0.7413%  62.2981%
  [    17500,    18000)       214716    0.7223%  63.0203%
  [    18000,    18500)       217243    0.7308%  63.7511%
  [    18500,    19000)       223401    0.7515%  64.5026%
  [    19000,    19500)       232484    0.7821%  65.2847%
  [    19500,    20000)       248244    0.8351%  66.1198%
  [    20000,    20500)       266082    0.8951%  67.0148%
  [    20500,    21000)       288062    0.9690%  67.9838%
  [    21000,    21500)       312616    1.0516%  69.0355%
  [    21500,    22000)       337780    1.1363%  70.1717%
  [    22000,    22500)       363651    1.2233%  71.3950%
  [    22500,    23000)       387356    1.3030%  72.6980%
  [    23000,    23500)       409066    1.3761%  74.0741%
  [    23500,    24000)       422317    1.4206%  75.4947%
  [    24000,    24500)       433999    1.4599%  76.9547%
  [    24500,    25000)       440824    1.4829%  78.4376%
  [    25000,    25500)       441156    1.4840%  79.9216%
  [    25500,    26000)       435487    1.4649%  81.3865%
  [    26000,    26500)       426428    1.4345%  82.8210%
  [    26500,    27000)       413832    1.3921%  84.2131%
  [    27000,    27500)       400960    1.3488%  85.5619%
  [    27500,    28000)       385473    1.2967%  86.8585%
  [    28000,    28500)       367464    1.2361%  88.0947%
  [    28500,    29000)       348638    1.1728%  89.2675%
  [    29000,    29500)       330910    1.1132%  90.3806%
  [    29500,    30000)       310173    1.0434%  91.4240%
  [    30000,    30500)       289118    0.9726%  92.3966%
  [    30500,    31000)       268496    0.9032%  93.2998%
  [    31000,    31500)       250270    0.8419%  94.1416%
  [    31500,    32000)       228672    0.7692%  94.9109%
  [    32000,    32500)       207318    0.6974%  95.6083%
  [    32500,    33000)       186780    0.6283%  96.2366%
  [    33000,    33500)       167734    0.5642%  96.8008%
  [    33500,    34000)       148372    0.4991%  97.2999%
  [    34000,    34500)       129705    0.4363%  97.7363%
  [    34500,    35000)       113700    0.3825%  98.1187%
  [    35000,    35500)        97030    0.3264%  98.4451%
  [    35500,    36000)        83786    0.2818%  98.7270%
  [    36000,    36500)        70878    0.2384%  98.9654%
  [    36500,    37000)        59712    0.2009%  99.1663%
  [    37000,    37500)        49169    0.1654%  99.3317%
  [    37500,    38000)        40984    0.1379%  99.4695%
  [    38000,    38500)        33381    0.1123%  99.5818%
  [    38500,    39000)        26776    0.0901%  99.6719%
  [    39000,    39500)        21292    0.0716%  99.7435%
  [    39500,    40000)        17094    0.0575%  99.8010%
  [    40000,    40500)        13287    0.0447%  99.8457%
  [    40500,    41000)        10714    0.0360%  99.8818%
  [    41000,    41500)         7956    0.0268%  99.9085%
  [    41500,    42000)         6107    0.0205%  99.9291%
  [    42000,    42500)         4631    0.0156%  99.9446%
  [    42500,    43000)         3530    0.0119%  99.9565%
  [    43000,    43500)         2720    0.0091%  99.9657%
  [    43500,    44000)         2005    0.0067%  99.9724%
  [    44000,    44500)         1485    0.0050%  99.9774%
  [    44500,    45000)         1146    0.0039%  99.9813%
  [    45000,    45500)          773    0.0026%  99.9839%
  [    45500,    46000)          624    0.0021%  99.9860%
  [    46000,    46500)          486    0.0016%  99.9876%
  [    46500,    47000)          348    0.0012%  99.9888%
  [    47000,    47500)          262    0.0009%  99.9897%
  [    47500,    48000)          223    0.0008%  99.9904%
  [    48000,    48500)          186    0.0006%  99.9910%
  [    48500,    49000)          149    0.0005%  99.9915%
  [    49000,    49500)          121    0.0004%  99.9919%
  [    49500,    50000)           84    0.0003%  99.9922%
  [    50000,    50500)           69    0.0002%  99.9925%
  [    50500,    51000)           63    0.0002%  99.9927%
  [    51000,    51500)           68    0.0002%  99.9929%
  [    51500,    52000)           45    0.0002%  99.9930%
  [    52000,    52500)           55    0.0002%  99.9932%
  [    52500,    53000)           49    0.0002%  99.9934%
  [    53000,    53500)           41    0.0001%  99.9935%
  [    53500,    54000)           49    0.0002%  99.9937%
  [    54000,    54500)           42    0.0001%  99.9938%
  [    54500,    55000)           22    0.0001%  99.9939%
  [    55000,    55500)           41    0.0001%  99.9940%
  [    55500,    56000)           30    0.0001%  99.9942%
  [    56000,    56500)           33    0.0001%  99.9943%
  [    56500,    57000)           24    0.0001%  99.9943%
  [    57000,    57500)           32    0.0001%  99.9944%
  [    57500,    58000)           24    0.0001%  99.9945%
  [    58000,    58500)           33    0.0001%  99.9946%
  [    58500,    59000)           26    0.0001%  99.9947%
  [    59000,    59500)           28    0.0001%  99.9948%
  [    59500,    60000)           27    0.0001%  99.9949%
  [    60000,    60500)           23    0.0001%  99.9950%
  [    60500,    61000)           20    0.0001%  99.9951%
  [    61000,    61500)           20    0.0001%  99.9951%
  [    61500,    62000)           22    0.0001%  99.9952%
  [    62000,    62500)           26    0.0001%  99.9953%
  [    62500,    63000)           24    0.0001%  99.9954%
  [    63000,    63500)           16    0.0001%  99.9954%
  [    63500,    64000)           23    0.0001%  99.9955%
  [    64000,    64500)           28    0.0001%  99.9956%
  [    64500,    65000)           26    0.0001%  99.9957%
  [    65000,    65500)           11    0.0000%  99.9957%
  [    65500,    66000)           22    0.0001%  99.9958%
  [    66000,    66500)           19    0.0001%  99.9959%
  [    66500,    67000)           17    0.0001%  99.9959%
  [    67000,    67500)           22    0.0001%  99.9960%
  [    67500,    68000)           21    0.0001%  99.9961%
  [    68000,    68500)           23    0.0001%  99.9961%
  [    68500,    69000)           22    0.0001%  99.9962%
  [    69000,    69500)           14    0.0000%  99.9963%
  [    69500,    70000)           13    0.0000%  99.9963%
  [    70000,    70500)           19    0.0001%  99.9964%
  [    70500,    71000)           16    0.0001%  99.9964%
  [    71000,    71500)           21    0.0001%  99.9965%
  [    71500,    72000)           12    0.0000%  99.9965%
  [    72000,    72500)           15    0.0001%  99.9966%
  [    72500,    73000)           16    0.0001%  99.9966%
  [    73000,    73500)           13    0.0000%  99.9967%
  [    73500,    74000)           19    0.0001%  99.9967%
  [    74000,    74500)           14    0.0000%  99.9968%
  [    74500,    75000)           14    0.0000%  99.9968%
  [    75000,    75500)           11    0.0000%  99.9969%
  [    75500,    76000)           21    0.0001%  99.9969%
  [    76000,    76500)           17    0.0001%  99.9970%
  [    76500,    77000)           17    0.0001%  99.9971%
  [    77000,    77500)           19    0.0001%  99.9971%
  [    77500,    78000)           17    0.0001%  99.9972%
  [    78000,    78500)           16    0.0001%  99.9972%
  [    78500,    79000)           18    0.0001%  99.9973%
  [    79000,    79500)           20    0.0001%  99.9974%
  [    79500,    80000)           22    0.0001%  99.9974%
  [    80000,    80500)           11    0.0000%  99.9975%
  [    80500,    81000)           17    0.0001%  99.9975%
  [    81000,    81500)           15    0.0001%  99.9976%
  [    81500,    82000)           20    0.0001%  99.9976%
  [    82000,    82500)           12    0.0000%  99.9977%
  [    82500,    83000)           11    0.0000%  99.9977%
  [    83000,    83500)            6    0.0000%  99.9977%
  [    83500,    84000)            9    0.0000%  99.9978%
  [    84000,    84500)            8    0.0000%  99.9978%
  [    84500,    85000)           13    0.0000%  99.9978%
  [    85000,    85500)           15    0.0001%  99.9979%
  [    85500,    86000)           13    0.0000%  99.9979%
  [    86000,    86500)            8    0.0000%  99.9980%
  [    86500,    87000)           14    0.0000%  99.9980%
  [    87000,    87500)            9    0.0000%  99.9980%
  [    87500,    88000)           10    0.0000%  99.9981%
  [    88000,    88500)           15    0.0001%  99.9981%
  [    88500,    89000)           16    0.0001%  99.9982%
  [    89000,    89500)           10    0.0000%  99.9982%
  [    89500,    90000)            7    0.0000%  99.9982%
  [    90000,    90500)            9    0.0000%  99.9983%
  [    90500,    91000)            4    0.0000%  99.9983%
  [    91000,    91500)            7    0.0000%  99.9983%
  [    91500,    92000)            7    0.0000%  99.9983%
  [    92000,    92500)            9    0.0000%  99.9984%
  [    92500,    93000)            4    0.0000%  99.9984%
  [    93000,    93500)           16    0.0001%  99.9984%
  [    93500,    94000)            6    0.0000%  99.9984%
  [    94000,    94500)           10    0.0000%  99.9985%
  [    94500,    95000)            9    0.0000%  99.9985%
  [    95000,    95500)            9    0.0000%  99.9985%
  [    95500,    96000)            7    0.0000%  99.9986%
  [    96000,    96500)            9    0.0000%  99.9986%
  [    96500,    97000)            8    0.0000%  99.9986%
  [    97000,    97500)            6    0.0000%  99.9986%
  [    97500,    98000)            7    0.0000%  99.9987%
  [    98000,    98500)           14    0.0000%  99.9987%
  [    98500,    99000)            9    0.0000%  99.9987%
  [    99000,    99500)           10    0.0000%  99.9988%
  [    99500,   100000)           12    0.0000%  99.9988%
  [   100000,   100500)            7    0.0000%  99.9988%
  [   100500,   101000)            5    0.0000%  99.9989%
  [   101000,   101500)            7    0.0000%  99.9989%
  [   101500,   102000)           12    0.0000%  99.9989%
  [   102000,   102500)            9    0.0000%  99.9990%
  [   102500,   103000)           18    0.0001%  99.9990%
  [   103000,   103500)            7    0.0000%  99.9990%
  [   103500,   104000)           11    0.0000%  99.9991%
  [   104000,   104500)           11    0.0000%  99.9991%
  [   104500,   105000)            6    0.0000%  99.9991%
  [   105000,   105500)            5    0.0000%  99.9991%
  [   105500,   106000)           11    0.0000%  99.9992%
  [   106000,   106500)            6    0.0000%  99.9992%
  [   106500,   107000)           10    0.0000%  99.9992%
  [   107000,   107500)            8    0.0000%  99.9993%
  [   107500,   108000)            9    0.0000%  99.9993%
  [   108000,   108500)            5    0.0000%  99.9993%
  [   108500,   109000)           12    0.0000%  99.9994%
  [   109000,   109500)            9    0.0000%  99.9994%
  [   109500,   110000)            6    0.0000%  99.9994%
  [   110000,   110500)            5    0.0000%  99.9994%
  [   110500,   111000)            5    0.0000%  99.9994%
  [   111000,   111500)            3    0.0000%  99.9994%
  [   111500,   112000)            7    0.0000%  99.9995%
  [   112000,   112500)            7    0.0000%  99.9995%
  [   112500,   113000)            2    0.0000%  99.9995%
  [   113000,   113500)            6    0.0000%  99.9995%
  [   114000,   114500)            2    0.0000%  99.9995%
  [   114500,   115000)            1    0.0000%  99.9995%
  [   115000,   115500)            1    0.0000%  99.9995%
  [   115500,   116000)            1    0.0000%  99.9995%
  [   116000,   116500)            3    0.0000%  99.9995%
  [   116500,   117000)            3    0.0000%  99.9996%
  [   117000,   117500)            2    0.0000%  99.9996%
  [   117500,   118000)            2    0.0000%  99.9996%
  [   118000,   118500)            1    0.0000%  99.9996%
  [   119000,   119500)            4    0.0000%  99.9996%
  [   119500,   120000)            2    0.0000%  99.9996%
  [   120000,   120500)            1    0.0000%  99.9996%
  [   120500,   121000)            1    0.0000%  99.9996%
  [   121500,   122000)            1    0.0000%  99.9996%
  [   122500,   123000)            3    0.0000%  99.9996%
  [   123000,   123500)            1    0.0000%  99.9996%
  [   238000,   238500)            1    0.0000%  99.9996%
  [   249500,   250000)            2    0.0000%  99.9996%
  [   250500,   251000)            1    0.0000%  99.9996%
  [   265500,   266000)            1    0.0000%  99.9996%
  [   294000,   294500)            2    0.0000%  99.9996%
  [   295500,   296000)            1    0.0000%  99.9996%
  [   296000,   296500)            1    0.0000%  99.9996%
  [   297000,   297500)            1    0.0000%  99.9997%
  [   298500,   299000)            2    0.0000%  99.9997%
  [   299000,   299500)            1    0.0000%  99.9997%
  [   299500,   300000)            1    0.0000%  99.9997%
  [   300000,   300500)            2    0.0000%  99.9997%
  [   300500,   301000)            1    0.0000%  99.9997%
  [   301000,   301500)            3    0.0000%  99.9997%
  [   301500,   302000)            2    0.0000%  99.9997%
  [   302000,   302500)            2    0.0000%  99.9997%
  [   302500,   303000)            2    0.0000%  99.9997%
  [   303500,   304000)            1    0.0000%  99.9997%
  [   305000,   305500)            5    0.0000%  99.9997%
  [   305500,   306000)            3    0.0000%  99.9997%
  [   306000,   306500)            2    0.0000%  99.9997%
  [   306500,   307000)            3    0.0000%  99.9998%
  [   307000,   307500)            1    0.0000%  99.9998%
  [   308000,   308500)            3    0.0000%  99.9998%
  [   308500,   309000)            2    0.0000%  99.9998%
  [   309000,   309500)            2    0.0000%  99.9998%
  [   309500,   310000)            4    0.0000%  99.9998%
  [   310000,   310500)            2    0.0000%  99.9998%
  [   310500,   311000)            2    0.0000%  99.9998%
  [   311000,   311500)            2    0.0000%  99.9998%
  [   312500,   313000)            2    0.0000%  99.9998%
  [   313000,   313500)            1    0.0000%  99.9998%
  [   313500,   314000)            1    0.0000%  99.9998%
  [   314000,   314500)            2    0.0000%  99.9998%
  [   314500,   315000)            2    0.0000%  99.9998%
  [   315000,   315500)            1    0.0000%  99.9998%
  [   315500,   316000)            2    0.0000%  99.9998%
  [   316500,   317000)            1    0.0000%  99.9999%
  [   317000,   317500)            1    0.0000%  99.9999%
  [   317500,   318000)            1    0.0000%  99.9999%
  [   318000,   318500)            1    0.0000%  99.9999%
  [   320000,   320500)            1    0.0000%  99.9999%
  [   320500,   321000)            1    0.0000%  99.9999%
  [   322000,   322500)            1    0.0000%  99.9999%
  [   325000,   325500)            1    0.0000%  99.9999%
  [   402500,   403000)            1    0.0000%  99.9999%
  [   593000,   593500)            1    0.0000%  99.9999%
  [   594000,   594500)            1    0.0000%  99.9999%
  [   594500,   595000)            1    0.0000%  99.9999%
  [   595500,   596000)            1    0.0000%  99.9999%
  [   596500,   597000)            2    0.0000%  99.9999%
  [   597000,   597500)            1    0.0000%  99.9999%
  [   597500,   598000)            2    0.0000%  99.9999%
  [   598000,   598500)            1    0.0000%  99.9999%
  [   598500,   599000)            4    0.0000%  99.9999%
  [   599000,   599500)            3    0.0000%  99.9999%
  [   600000,   600500)            1    0.0000%  99.9999%
  [   601000,   601500)            2    0.0000%  99.9999%
  [   603500,   604000)            1    0.0000%  99.9999%
  [   604500,   605000)            1    0.0000% 100.0000%
  [   607000,   607500)            2    0.0000% 100.0000%
  [   608000,   608500)            1    0.0000% 100.0000%
  [   608500,   609000)            1    0.0000% 100.0000%
  [   609000,   609500)            1    0.0000% 100.0000%
  [   610500,   611000)            1    0.0000% 100.0000%
  [   611000,   611500)            1    0.0000% 100.0000%
  [   611500,   612000)            1    0.0000% 100.0000%
  [   614000,   614500)            1    0.0000% 100.0000%
  [   614500,   615000)            1    0.0000% 100.0000%
  [   615000,   615500)            1    0.0000% 100.0000%
  [   617000,   617500)            1    0.0000% 100.0000%
  [   618000,   618500)            1    0.0000% 100.0000%
  [   618500,   619000)            1    0.0000% 100.0000%

----- REMOTE OPERATIONS [node 0] -----
  ops total                = 29727327
  ops local  (cache hit)   = 8484225 (28.54%)
  ops remote (>=1 net op)  = 21243102 (71.46%)
  remote ops total         = 37581325
    rdma read              = 16338223
    rdma write             = 0
    rdma cas               = 0
    rpc pushdown           = 21243102
  remote ops / op          = 1.2642
  remote ops / remote op   = 1.7691

----- OFFLOADED TASKS [node 0] -----
  lookup pushdowns         = 21243102
  scan    pushdowns (RPC)  = 0
    kv pairs returned      = 0
    leaves scanned remotely= 0
    kv / scan pushdown     = 0.00
    leaves / scan pushdown = 0.00
  per-thread breakdown (tid: lookups | scans | kv | leaves):
    t0        588097 |          0 |          0 |          0
    t1        586409 |          0 |          0 |          0
    t2        593658 |          0 |          0 |          0
    t3        586772 |          0 |          0 |          0
    t4        593275 |          0 |          0 |          0
    t5        588282 |          0 |          0 |          0
    t6        593091 |          0 |          0 |          0
    t7        586989 |          0 |          0 |          0
    t8        593625 |          0 |          0 |          0
    t9        588039 |          0 |          0 |          0
    t10       593183 |          0 |          0 |          0
    t11       587333 |          0 |          0 |          0
    t12       594158 |          0 |          0 |          0
    t13       586652 |          0 |          0 |          0
    t14       591861 |          0 |          0 |          0
    t15       585409 |          0 |          0 |          0
    t16       592879 |          0 |          0 |          0
    t17       587344 |          0 |          0 |          0
    t18       593111 |          0 |          0 |          0
    t19       586331 |          0 |          0 |          0
    t20       595516 |          0 |          0 |          0
    t21       587698 |          0 |          0 |          0
    t22       593151 |          0 |          0 |          0
    t23       585424 |          0 |          0 |          0
    t24       594495 |          0 |          0 |          0
    t25       587514 |          0 |          0 |          0
    t26       593960 |          0 |          0 |          0
    t27       586076 |          0 |          0 |          0
    t28       595135 |          0 |          0 |          0
    t29       586934 |          0 |          0 |          0
    t30       594619 |          0 |          0 |          0
    t31       587047 |          0 |          0 |          0
    t32       594585 |          0 |          0 |          0
    t33       586980 |          0 |          0 |          0
    t34       592018 |          0 |          0 |          0
    t35       585452 |          0 |          0 |          0

----- PATH-AWARE CACHE MISS RATE [node 0] -----
  node accesses (hit+miss) = 573520008
  node cache hits          = 535938855 (93.45%)
  MISS RATE                = 6.5527%  (37581153 / 573520008)
  inner-node miss          = 37024994 (98.52% of misses, 6.4557% rate)
  leaf-node  miss          = 556159 (1.48% of misses, 0.0970% rate)
  total miss               = 37581153
  cache writebacks         = 0
=========================================================================

Round 0 (max_throughput): 2.64007 Mops/s
Round 0 (straggler_throughput): 2.64006 Mops/s
Before barrier finish
Avg. rdma read time(ms) = 0
Avg. rdma write time(ms) = -nan
Avg. rdma read / op = 0.549603
Avg. rdma write / op = 0
Avg. rdma cas / op = 0
Avg. rdma rpc / op = 0.714598
Avg. all rdma / op = 1.2642
Avg. rdma read size/ op = 304.976
Avg. rdma write size / op = 0
Avg. rdma RW size / op = 304.976
------------------------------------------
Node 0 average throughput = 2.4765
Node 0 total throughput = 2.64007
All CN throughput (Max) = 2.64007
All CN throughput (Straggler) = 2.64006
Final throughput = 2.64006
------------------------------------------
