Compute node count = 1
kNodeCount 2, kReadRatio 100, kInsertRatio 0, kUpdateRatio 0, kDeleteRatio 0, kRangeRatio 0, totalThreadCount 36, memThreadCount 6 cache_size 1024, uniform_workload 1, zipfian 0.990000, bulk_load_num 50000000, warmup_num 10000000, op_num 30000000, check_correctness 0, time_based 0, early_stop 1, index 0, rpc_rate 1.000000, admission_rate 0.100000, auto_tune 0
kMaxThread = 36
KeySpace = 50001000
[GEOMETRY] inner_page=160 leaf_page=512 inner_entries=5 leaf_entries=26 slot=512 placement=mn_only
[4mshared memory size: 64GB, 0x7f2b5ce00000[0m
[4mcache size: 2GB[0m
[4mMachine NR: 2[0m
[4mMax_APP_THREAD: 36[0m
[4mNR_DIRECTORY: 16[0m
[4mStart Build the DSMKeeper[0m
I am servers 1 [255.127.0.0]
I connect server 0
[4mdir 0 launch! (core 79 of 80)
[0m
[4mdir 1 launch! (core 78 of 80)
[0m
[4mdir 2 launch! (core 77 of 80)
[0m
[4mdir 3 launch! (core 76 of 80)
[0m
[4mdir 4 launch! (core 39 of 80)
[0m
[4mdir 5 launch! (core 38 of 80)
[0m
Before barrier finish

----- REMOTE CPU LOAD (memory node dir-threads, 2s window) -----
  dir 0: active=  0.00%  msgs=1           2156 ns/msg
  dir 1: active=  0.00%  msgs=0           0 ns/msg
  dir 2: active=  0.00%  msgs=0           0 ns/msg
  dir 3: active=  0.00%  msgs=0           0 ns/msg
  dir 4: active=  0.00%  msgs=0           0 ns/msg
  dir 5: active=  0.00%  msgs=0           0 ns/msg
  AGGREGATE active = 0.00% (of 6 dir-threads; 0.00% per-thread avg)  msgs=1
[CPU memory  ] process=  7.49% of 80 cores   system=  7.53%   (window 2s)

----- REMOTE CPU LOAD (memory node dir-threads, 2s window) -----
  dir 0: active=  0.00%  msgs=0           0 ns/msg
  dir 1: active=  0.00%  msgs=0           0 ns/msg
  dir 2: active=  0.00%  msgs=0           0 ns/msg
  dir 3: active=  0.00%  msgs=0           0 ns/msg
  dir 4: active=  0.00%  msgs=0           0 ns/msg
  dir 5: active=  0.00%  msgs=0           0 ns/msg
  AGGREGATE active = 0.00% (of 6 dir-threads; 0.00% per-thread avg)  msgs=0
[CPU memory  ] process=  7.48% of 80 cores   system=  7.54%   (window 2s)

----- REMOTE CPU LOAD (memory node dir-threads, 2s window) -----
  dir 0: active=  0.00%  msgs=0           0 ns/msg
  dir 1: active=  0.00%  msgs=0           0 ns/msg
  dir 2: active=  0.00%  msgs=0           0 ns/msg
  dir 3: active=  0.00%  msgs=0           0 ns/msg
  dir 4: active=  0.00%  msgs=0           0 ns/msg
  dir 5: active=  0.00%  msgs=0           0 ns/msg
  AGGREGATE active = 0.00% (of 6 dir-threads; 0.00% per-thread avg)  msgs=0
[CPU memory  ] process=  7.49% of 80 cores   system=  7.54%   (window 2s)

----- REMOTE CPU LOAD (memory node dir-threads, 2s window) -----
  dir 0: active=  0.00%  msgs=0           0 ns/msg
  dir 1: active=  0.00%  msgs=0           0 ns/msg
  dir 2: active=  0.00%  msgs=0           0 ns/msg
  dir 3: active=  0.00%  msgs=0           0 ns/msg
  dir 4: active=  0.00%  msgs=0           0 ns/msg
  dir 5: active=  0.00%  msgs=0           0 ns/msg
  AGGREGATE active = 0.00% (of 6 dir-threads; 0.00% per-thread avg)  msgs=0
[CPU memory  ] process=  7.49% of 80 cores   system=  7.52%   (window 2s)

----- REMOTE CPU LOAD (memory node dir-threads, 2s window) -----
  dir 0: active=  0.00%  msgs=0           0 ns/msg
  dir 1: active=  0.00%  msgs=0           0 ns/msg
  dir 2: active=  0.00%  msgs=0           0 ns/msg
  dir 3: active=  0.00%  msgs=0           0 ns/msg
  dir 4: active=  0.00%  msgs=0           0 ns/msg
  dir 5: active=  0.00%  msgs=0           0 ns/msg
  AGGREGATE active = 0.00% (of 6 dir-threads; 0.00% per-thread avg)  msgs=0
[CPU memory  ] process=  7.49% of 80 cores   system=  7.54%   (window 2s)

----- REMOTE CPU LOAD (memory node dir-threads, 2s window) -----
  dir 0: active=  0.00%  msgs=0           0 ns/msg
  dir 1: active=  0.00%  msgs=0           0 ns/msg
  dir 2: active=  0.00%  msgs=0           0 ns/msg
  dir 3: active=  0.00%  msgs=0           0 ns/msg
  dir 4: active=  0.00%  msgs=0           0 ns/msg
  dir 5: active=  0.00%  msgs=0           0 ns/msg
  AGGREGATE active = 0.00% (of 6 dir-threads; 0.00% per-thread avg)  msgs=0
[CPU memory  ] process=  7.48% of 80 cores   system=  7.55%   (window 2s)

----- REMOTE CPU LOAD (memory node dir-threads, 2s window) -----
  dir 0: active=  0.00%  msgs=0           0 ns/msg
  dir 1: active=  0.00%  msgs=0           0 ns/msg
  dir 2: active=  0.00%  msgs=0           0 ns/msg
  dir 3: active=  0.00%  msgs=0           0 ns/msg
  dir 4: active=  0.00%  msgs=0           0 ns/msg
  dir 5: active=  0.00%  msgs=0           0 ns/msg
  AGGREGATE active = 0.00% (of 6 dir-threads; 0.00% per-thread avg)  msgs=0
[CPU memory  ] process=  7.48% of 80 cores   system=  7.55%   (window 2s)

----- REMOTE CPU LOAD (memory node dir-threads, 2s window) -----
  dir 0: active=  0.00%  msgs=0           0 ns/msg
  dir 1: active=  0.00%  msgs=0           0 ns/msg
  dir 2: active=  0.00%  msgs=0           0 ns/msg
  dir 3: active=  0.00%  msgs=0           0 ns/msg
  dir 4: active=  0.00%  msgs=0           0 ns/msg
  dir 5: active=  0.00%  msgs=0           0 ns/msg
  AGGREGATE active = 0.00% (of 6 dir-threads; 0.00% per-thread avg)  msgs=0
[CPU memory  ] process=  7.49% of 80 cores   system=  7.52%   (window 2s)

----- REMOTE CPU LOAD (memory node dir-threads, 2s window) -----
  dir 0: active=  0.00%  msgs=0           0 ns/msg
  dir 1: active=  0.00%  msgs=0           0 ns/msg
  dir 2: active=  0.00%  msgs=0           0 ns/msg
  dir 3: active=  0.00%  msgs=0           0 ns/msg
  dir 4: active=  0.00%  msgs=0           0 ns/msg
  dir 5: active=  0.00%  msgs=0           0 ns/msg
  AGGREGATE active = 0.00% (of 6 dir-threads; 0.00% per-thread avg)  msgs=0
[CPU memory  ] process=  7.49% of 80 cores   system=  7.54%   (window 2s)

----- REMOTE CPU LOAD (memory node dir-threads, 2s window) -----
  dir 0: active=  0.00%  msgs=0           0 ns/msg
  dir 1: active=  0.00%  msgs=0           0 ns/msg
  dir 2: active=  0.00%  msgs=0           0 ns/msg
  dir 3: active=  0.00%  msgs=0           0 ns/msg
  dir 4: active=  0.00%  msgs=0           0 ns/msg
  dir 5: active=  0.00%  msgs=0           0 ns/msg
  AGGREGATE active = 0.00% (of 6 dir-threads; 0.00% per-thread avg)  msgs=0
[CPU memory  ] process=  7.48% of 80 cores   system=  7.55%   (window 2s)

----- REMOTE CPU LOAD (memory node dir-threads, 2s window) -----
  dir 0: active=  0.00%  msgs=0           0 ns/msg
  dir 1: active=  0.00%  msgs=0           0 ns/msg
  dir 2: active=  0.00%  msgs=0           0 ns/msg
  dir 3: active=  0.00%  msgs=0           0 ns/msg
  dir 4: active=  0.00%  msgs=0           0 ns/msg
  dir 5: active=  0.00%  msgs=0           0 ns/msg
  AGGREGATE active = 0.00% (of 6 dir-threads; 0.00% per-thread avg)  msgs=0
[CPU memory  ] process=  7.49% of 80 cores   system=  7.54%   (window 2s)

----- REMOTE CPU LOAD (memory node dir-threads, 2s window) -----
  dir 0: active=  0.00%  msgs=0           0 ns/msg
  dir 1: active=  0.00%  msgs=1           4205 ns/msg
  dir 2: active=  0.00%  msgs=1           1326 ns/msg
  dir 3: active=  0.00%  msgs=1           2163 ns/msg
  dir 4: active=  0.00%  msgs=0           0 ns/msg
  dir 5: active=  0.00%  msgs=0           0 ns/msg
  AGGREGATE active = 0.00% (of 6 dir-threads; 0.00% per-thread avg)  msgs=3
[CPU memory  ] process=  7.49% of 80 cores   system=  7.57%   (window 2s)

----- REMOTE CPU LOAD (memory node dir-threads, 2s window) -----
  dir 0: active=  0.00%  msgs=1           707 ns/msg
  dir 1: active=  0.00%  msgs=1           511 ns/msg
  dir 2: active=  0.00%  msgs=1           279 ns/msg
  dir 3: active=  0.00%  msgs=1           693 ns/msg
  dir 4: active=  0.00%  msgs=2           1246 ns/msg
  dir 5: active=  0.00%  msgs=1           2844 ns/msg
  AGGREGATE active = 0.00% (of 6 dir-threads; 0.00% per-thread avg)  msgs=7
[CPU memory  ] process=  7.48% of 80 cores   system=  7.53%   (window 2s)

----- REMOTE CPU LOAD (memory node dir-threads, 2s window) -----
  dir 0: active=  0.00%  msgs=1           406 ns/msg
  dir 1: active=  0.00%  msgs=1           454 ns/msg
  dir 2: active=  0.00%  msgs=1           375 ns/msg
  dir 3: active=  0.00%  msgs=1           457 ns/msg
  dir 4: active=  0.00%  msgs=1           431 ns/msg
  dir 5: active=  0.00%  msgs=1           952 ns/msg
  AGGREGATE active = 0.00% (of 6 dir-threads; 0.00% per-thread avg)  msgs=6
[CPU memory  ] process=  7.49% of 80 cores   system=  7.53%   (window 2s)

----- REMOTE CPU LOAD (memory node dir-threads, 2s window) -----
  dir 0: active=  0.00%  msgs=1           333 ns/msg
  dir 1: active=  0.00%  msgs=1           573 ns/msg
  dir 2: active=  0.00%  msgs=1           308 ns/msg
  dir 3: active=  0.00%  msgs=1           702 ns/msg
  dir 4: active=  0.00%  msgs=1           320 ns/msg
  dir 5: active=  0.00%  msgs=2           1258 ns/msg
  AGGREGATE active = 0.00% (of 6 dir-threads; 0.00% per-thread avg)  msgs=7
[CPU memory  ] process=  7.49% of 80 cores   system=  7.55%   (window 2s)

----- REMOTE CPU LOAD (memory node dir-threads, 2s window) -----
  dir 0: active=  0.00%  msgs=1           397 ns/msg
  dir 1: active=  0.00%  msgs=1           424 ns/msg
  dir 2: active=  0.00%  msgs=1           181 ns/msg
  dir 3: active=  0.00%  msgs=1           454 ns/msg
  dir 4: active=  0.00%  msgs=1           388 ns/msg
  dir 5: active=  0.00%  msgs=1           1009 ns/msg
  AGGREGATE active = 0.00% (of 6 dir-threads; 0.00% per-thread avg)  msgs=6
[CPU memory  ] process=  7.48% of 80 cores   system=  7.53%   (window 2s)

----- REMOTE CPU LOAD (memory node dir-threads, 2s window) -----
  dir 0: active=  0.00%  msgs=1           433 ns/msg
  dir 1: active=  0.00%  msgs=1           442 ns/msg
  dir 2: active=  0.00%  msgs=1           343 ns/msg
  dir 3: active=  0.00%  msgs=1           508 ns/msg
  dir 4: active=  0.00%  msgs=1           339 ns/msg
  dir 5: active=  0.00%  msgs=0           0 ns/msg
  AGGREGATE active = 0.00% (of 6 dir-threads; 0.00% per-thread avg)  msgs=5
[CPU memory  ] process=  7.49% of 80 cores   system=  7.58%   (window 2s)

----- REMOTE CPU LOAD (memory node dir-threads, 2s window) -----
  dir 0: active=  0.00%  msgs=1           393 ns/msg
  dir 1: active=  0.00%  msgs=1           380 ns/msg
  dir 2: active=  0.00%  msgs=1           372 ns/msg
  dir 3: active=  0.00%  msgs=0           0 ns/msg
  dir 4: active=  0.00%  msgs=0           0 ns/msg
  dir 5: active=  0.00%  msgs=1           1297 ns/msg
  AGGREGATE active = 0.00% (of 6 dir-threads; 0.00% per-thread avg)  msgs=4
[CPU memory  ] process=  7.48% of 80 cores   system=  7.53%   (window 2s)

----- REMOTE CPU LOAD (memory node dir-threads, 2s window) -----
  dir 0: active=  0.00%  msgs=0           0 ns/msg
  dir 1: active=  0.00%  msgs=0           0 ns/msg
  dir 2: active=  0.00%  msgs=0           0 ns/msg
  dir 3: active=  0.00%  msgs=1           534 ns/msg
  dir 4: active=  0.00%  msgs=1           449 ns/msg
  dir 5: active=  0.00%  msgs=1           1330 ns/msg
  AGGREGATE active = 0.00% (of 6 dir-threads; 0.00% per-thread avg)  msgs=3
[CPU memory  ] process=  7.49% of 80 cores   system=  7.52%   (window 2s)

----- REMOTE CPU LOAD (memory node dir-threads, 2s window) -----
  dir 0: active=  0.00%  msgs=1           499 ns/msg
  dir 1: active=  0.00%  msgs=1           742 ns/msg
  dir 2: active=  0.00%  msgs=1           450 ns/msg
  dir 3: active=  0.00%  msgs=1           377 ns/msg
  dir 4: active=  0.00%  msgs=0           0 ns/msg
  dir 5: active=  0.00%  msgs=0           0 ns/msg
  AGGREGATE active = 0.00% (of 6 dir-threads; 0.00% per-thread avg)  msgs=4
[CPU memory  ] process=  7.49% of 80 cores   system=  7.55%   (window 2s)

----- REMOTE CPU LOAD (memory node dir-threads, 2s window) -----
  dir 0: active=  0.00%  msgs=1           423 ns/msg
  dir 1: active=  0.00%  msgs=1           383 ns/msg
  dir 2: active=  0.00%  msgs=0           0 ns/msg
  dir 3: active=  0.00%  msgs=0           0 ns/msg
  dir 4: active=  0.00%  msgs=1           386 ns/msg
  dir 5: active=  0.00%  msgs=1           1164 ns/msg
  AGGREGATE active = 0.00% (of 6 dir-threads; 0.00% per-thread avg)  msgs=4
[CPU memory  ] process=  7.49% of 80 cores   system=  7.52%   (window 2s)

----- REMOTE CPU LOAD (memory node dir-threads, 2s window) -----
  dir 0: active=  0.00%  msgs=0           0 ns/msg
  dir 1: active=  0.00%  msgs=0           0 ns/msg
  dir 2: active=  0.00%  msgs=1           280 ns/msg
  dir 3: active=  0.00%  msgs=1           539 ns/msg
  dir 4: active=  0.00%  msgs=1           441 ns/msg
  dir 5: active=  0.00%  msgs=1           1036 ns/msg
  AGGREGATE active = 0.00% (of 6 dir-threads; 0.00% per-thread avg)  msgs=4
[CPU memory  ] process=  7.49% of 80 cores   system=  7.55%   (window 2s)

----- REMOTE CPU LOAD (memory node dir-threads, 2s window) -----
  dir 0: active=  0.00%  msgs=1           278 ns/msg
  dir 1: active=  0.00%  msgs=1           616 ns/msg
  dir 2: active=  0.00%  msgs=1           309 ns/msg
  dir 3: active=  0.00%  msgs=1           589 ns/msg
  dir 4: active=  0.00%  msgs=0           0 ns/msg
  dir 5: active=  0.00%  msgs=0           0 ns/msg
  AGGREGATE active = 0.00% (of 6 dir-threads; 0.00% per-thread avg)  msgs=4
[CPU memory  ] process=  7.48% of 80 cores   system=  7.56%   (window 2s)

----- REMOTE CPU LOAD (memory node dir-threads, 2s window) -----
  dir 0: active=  0.00%  msgs=1           413 ns/msg
  dir 1: active=  0.00%  msgs=1           556 ns/msg
  dir 2: active=  0.00%  msgs=0           0 ns/msg
  dir 3: active=  0.00%  msgs=0           0 ns/msg
  dir 4: active=  0.00%  msgs=1           339 ns/msg
  dir 5: active=  0.00%  msgs=1           1268 ns/msg
  AGGREGATE active = 0.00% (of 6 dir-threads; 0.00% per-thread avg)  msgs=4
[CPU memory  ] process=  7.49% of 80 cores   system=  7.53%   (window 2s)

----- REMOTE CPU LOAD (memory node dir-threads, 2s window) -----
  dir 0: active=  0.00%  msgs=0           0 ns/msg
  dir 1: active=  0.00%  msgs=0           0 ns/msg
  dir 2: active=  0.00%  msgs=1           329 ns/msg
  dir 3: active=  0.00%  msgs=1           631 ns/msg
  dir 4: active=  0.00%  msgs=1           378 ns/msg
  dir 5: active=  0.00%  msgs=1           1140 ns/msg
  AGGREGATE active = 0.00% (of 6 dir-threads; 0.00% per-thread avg)  msgs=4
[CPU memory  ] process=  7.48% of 80 cores   system=  7.54%   (window 2s)

----- REMOTE CPU LOAD (memory node dir-threads, 2s window) -----
  dir 0: active=  0.00%  msgs=1           462 ns/msg
  dir 1: active=  0.00%  msgs=1           650 ns/msg
  dir 2: active=  0.00%  msgs=1           342 ns/msg
  dir 3: active=  0.00%  msgs=0           0 ns/msg
  dir 4: active=  0.00%  msgs=0           0 ns/msg
  dir 5: active=  0.00%  msgs=0           0 ns/msg
  AGGREGATE active = 0.00% (of 6 dir-threads; 0.00% per-thread avg)  msgs=3
[CPU memory  ] process=  7.49% of 80 cores   system=  7.54%   (window 2s)

----- REMOTE CPU LOAD (memory node dir-threads, 2s window) -----
  dir 0: active=  0.00%  msgs=1           455 ns/msg
  dir 1: active=  0.00%  msgs=0           0 ns/msg
  dir 2: active=  0.00%  msgs=0           0 ns/msg
  dir 3: active=  0.00%  msgs=1           388 ns/msg
  dir 4: active=  0.00%  msgs=1           435 ns/msg
  dir 5: active=  0.00%  msgs=1           1331 ns/msg
  AGGREGATE active = 0.00% (of 6 dir-threads; 0.00% per-thread avg)  msgs=4
[CPU memory  ] process=  7.49% of 80 cores   system=  7.54%   (window 2s)

----- REMOTE CPU LOAD (memory node dir-threads, 2s window) -----
  dir 0: active=  0.00%  msgs=0           0 ns/msg
  dir 1: active=  0.00%  msgs=1           397 ns/msg
  dir 2: active=  0.00%  msgs=1           427 ns/msg
  dir 3: active=  0.00%  msgs=1           537 ns/msg
  dir 4: active=  0.00%  msgs=1           553 ns/msg
  dir 5: active=  0.00%  msgs=0           0 ns/msg
  AGGREGATE active = 0.00% (of 6 dir-threads; 0.00% per-thread avg)  msgs=4
[CPU memory  ] process=  7.49% of 80 cores   system=  7.55%   (window 2s)

----- REMOTE CPU LOAD (memory node dir-threads, 2s window) -----
  dir 0: active=  0.00%  msgs=1           425 ns/msg
  dir 1: active=  0.00%  msgs=1           554 ns/msg
  dir 2: active=  0.00%  msgs=1           189 ns/msg
  dir 3: active=  0.00%  msgs=0           0 ns/msg
  dir 4: active=  0.00%  msgs=0           0 ns/msg
  dir 5: active=  0.00%  msgs=1           1376 ns/msg
  AGGREGATE active = 0.00% (of 6 dir-threads; 0.00% per-thread avg)  msgs=4
[CPU memory  ] process=  7.49% of 80 cores   system=  7.53%   (window 2s)

----- REMOTE CPU LOAD (memory node dir-threads, 2s window) -----
  dir 0: active=  0.00%  msgs=1           387 ns/msg
  dir 1: active=  0.00%  msgs=0           0 ns/msg
  dir 2: active=  0.00%  msgs=0           0 ns/msg
  dir 3: active=  0.00%  msgs=1           482 ns/msg
  dir 4: active=  0.00%  msgs=1           774 ns/msg
  dir 5: active=  0.00%  msgs=1           1236 ns/msg
  AGGREGATE active = 0.00% (of 6 dir-threads; 0.00% per-thread avg)  msgs=4
[CPU memory  ] process=  7.48% of 80 cores   system=  7.55%   (window 2s)

----- REMOTE CPU LOAD (memory node dir-threads, 2s window) -----
  dir 0: active=  0.00%  msgs=0           0 ns/msg
  dir 1: active=  0.00%  msgs=1           484 ns/msg
  dir 2: active=  0.00%  msgs=1           454 ns/msg
  dir 3: active=  0.00%  msgs=1           515 ns/msg
  dir 4: active=  0.00%  msgs=1           466 ns/msg
  dir 5: active=  0.00%  msgs=0           0 ns/msg
  AGGREGATE active = 0.00% (of 6 dir-threads; 0.00% per-thread avg)  msgs=4
[CPU memory  ] process=  7.49% of 80 cores   system=  7.52%   (window 2s)

----- REMOTE CPU LOAD (memory node dir-threads, 2s window) -----
  dir 0: active=  0.00%  msgs=1           478 ns/msg
  dir 1: active=  0.00%  msgs=1           375 ns/msg
  dir 2: active=  0.00%  msgs=0           0 ns/msg
  dir 3: active=  0.00%  msgs=0           0 ns/msg
  dir 4: active=  0.00%  msgs=0           0 ns/msg
  dir 5: active=  0.00%  msgs=1           1098 ns/msg
  AGGREGATE active = 0.00% (of 6 dir-threads; 0.00% per-thread avg)  msgs=3
[CPU memory  ] process=  7.49% of 80 cores   system=  7.56%   (window 2s)

----- REMOTE CPU LOAD (memory node dir-threads, 2s window) -----
  dir 0: active=  0.00%  msgs=0           0 ns/msg
  dir 1: active=  0.00%  msgs=0           0 ns/msg
  dir 2: active=  0.00%  msgs=1           364 ns/msg
  dir 3: active=  0.00%  msgs=1           1353 ns/msg
  dir 4: active=  0.00%  msgs=1           493 ns/msg
  dir 5: active=  0.00%  msgs=1           1149 ns/msg
  AGGREGATE active = 0.00% (of 6 dir-threads; 0.00% per-thread avg)  msgs=4
[CPU memory  ] process=  7.48% of 80 cores   system=  7.56%   (window 2s)

----- REMOTE CPU LOAD (memory node dir-threads, 2s window) -----
  dir 0: active=  0.00%  msgs=1           398 ns/msg
  dir 1: active=  0.00%  msgs=1           873 ns/msg
  dir 2: active=  0.00%  msgs=1           356 ns/msg
  dir 3: active=  0.00%  msgs=1           441 ns/msg
  dir 4: active=  0.00%  msgs=0           0 ns/msg
  dir 5: active=  0.00%  msgs=0           0 ns/msg
  AGGREGATE active = 0.00% (of 6 dir-threads; 0.00% per-thread avg)  msgs=4
[CPU memory  ] process=  7.49% of 80 cores   system=  7.52%   (window 2s)

----- REMOTE CPU LOAD (memory node dir-threads, 2s window) -----
  dir 0: active=  0.00%  msgs=1           431 ns/msg
  dir 1: active=  0.00%  msgs=1           693 ns/msg
  dir 2: active=  0.00%  msgs=0           0 ns/msg
  dir 3: active=  0.00%  msgs=0           0 ns/msg
  dir 4: active=  0.00%  msgs=1           580 ns/msg
  dir 5: active=  0.00%  msgs=1           1324 ns/msg
  AGGREGATE active = 0.00% (of 6 dir-threads; 0.00% per-thread avg)  msgs=4
[CPU memory  ] process=  7.49% of 80 cores   system=  7.56%   (window 2s)

----- REMOTE CPU LOAD (memory node dir-threads, 2s window) -----
  dir 0: active=  0.00%  msgs=0           0 ns/msg
  dir 1: active=  0.00%  msgs=0           0 ns/msg
  dir 2: active=  0.00%  msgs=1           233 ns/msg
  dir 3: active=  0.00%  msgs=1           504 ns/msg
  dir 4: active=  0.00%  msgs=1           366 ns/msg
  dir 5: active=  0.00%  msgs=1           1005 ns/msg
  AGGREGATE active = 0.00% (of 6 dir-threads; 0.00% per-thread avg)  msgs=4
[CPU memory  ] process=  7.48% of 80 cores   system=  7.52%   (window 2s)

----- REMOTE CPU LOAD (memory node dir-threads, 2s window) -----
  dir 0: active=  0.00%  msgs=1           505 ns/msg
  dir 1: active=  0.00%  msgs=1           428 ns/msg
  dir 2: active=  0.00%  msgs=1           422 ns/msg
  dir 3: active=  0.00%  msgs=1           553 ns/msg
  dir 4: active=  0.00%  msgs=0           0 ns/msg
  dir 5: active=  0.00%  msgs=0           0 ns/msg
  AGGREGATE active = 0.00% (of 6 dir-threads; 0.00% per-thread avg)  msgs=4
[CPU memory  ] process=  7.49% of 80 cores   system=  7.54%   (window 2s)

----- REMOTE CPU LOAD (memory node dir-threads, 2s window) -----
  dir 0: active=  0.00%  msgs=1           677 ns/msg
  dir 1: active=  0.00%  msgs=0           0 ns/msg
  dir 2: active=  0.00%  msgs=0           0 ns/msg
  dir 3: active=  0.00%  msgs=0           0 ns/msg
  dir 4: active=  0.00%  msgs=1           454 ns/msg
  dir 5: active=  0.00%  msgs=1           1110 ns/msg
  AGGREGATE active = 0.00% (of 6 dir-threads; 0.00% per-thread avg)  msgs=3
[CPU memory  ] process=  7.48% of 80 cores   system=  7.55%   (window 2s)

----- REMOTE CPU LOAD (memory node dir-threads, 2s window) -----
  dir 0: active=  0.00%  msgs=0           0 ns/msg
  dir 1: active=  0.00%  msgs=1           552 ns/msg
  dir 2: active=  0.00%  msgs=1           602 ns/msg
  dir 3: active=  0.00%  msgs=1           684 ns/msg
  dir 4: active=  0.00%  msgs=0           0 ns/msg
  dir 5: active=  0.00%  msgs=0           0 ns/msg
  AGGREGATE active = 0.00% (of 6 dir-threads; 0.00% per-thread avg)  msgs=3
[CPU memory  ] process=  7.49% of 80 cores   system=  7.63%   (window 2s)

----- REMOTE CPU LOAD (memory node dir-threads, 2s window) -----
  dir 0: active=  0.00%  msgs=0           0 ns/msg
  dir 1: active=  0.00%  msgs=0           0 ns/msg
  dir 2: active=  0.00%  msgs=0           0 ns/msg
  dir 3: active=  0.00%  msgs=0           0 ns/msg
  dir 4: active=  0.00%  msgs=0           0 ns/msg
  dir 5: active=  0.00%  msgs=0           0 ns/msg
  AGGREGATE active = 0.00% (of 6 dir-threads; 0.00% per-thread avg)  msgs=0
[CPU memory  ] process=  7.48% of 80 cores   system=  7.55%   (window 2s)

----- REMOTE CPU LOAD (memory node dir-threads, 2s window) -----
  dir 0: active=  0.00%  msgs=0           0 ns/msg
  dir 1: active=  0.00%  msgs=0           0 ns/msg
  dir 2: active=  0.00%  msgs=0           0 ns/msg
  dir 3: active=  0.00%  msgs=0           0 ns/msg
  dir 4: active=  0.00%  msgs=0           0 ns/msg
  dir 5: active=  0.00%  msgs=0           0 ns/msg
  AGGREGATE active = 0.00% (of 6 dir-threads; 0.00% per-thread avg)  msgs=0
[CPU memory  ] process=  7.49% of 80 cores   system=  7.53%   (window 2s)

----- REMOTE CPU LOAD (memory node dir-threads, 2s window) -----
  dir 0: active=  0.00%  msgs=0           0 ns/msg
  dir 1: active=  0.00%  msgs=0           0 ns/msg
  dir 2: active=  0.00%  msgs=0           0 ns/msg
  dir 3: active=  0.00%  msgs=0           0 ns/msg
  dir 4: active=  0.00%  msgs=0           0 ns/msg
  dir 5: active=  0.00%  msgs=0           0 ns/msg
  AGGREGATE active = 0.00% (of 6 dir-threads; 0.00% per-thread avg)  msgs=0
[CPU memory  ] process=  7.49% of 80 cores   system=  7.54%   (window 2s)

----- REMOTE CPU LOAD (memory node dir-threads, 2s window) -----
  dir 0: active=  6.71%  msgs=165624      810 ns/msg
  dir 1: active=  4.92%  msgs=165625      594 ns/msg
  dir 2: active=  6.27%  msgs=165627      758 ns/msg
  dir 3: active=  4.38%  msgs=165627      529 ns/msg
  dir 4: active=  6.70%  msgs=165627      810 ns/msg
  dir 5: active=  4.91%  msgs=165624      593 ns/msg
  AGGREGATE active = 33.90% (of 6 dir-threads; 5.65% per-thread avg)  msgs=993754
[CPU memory  ] process=  7.49% of 80 cores   system=  7.57%   (window 2s)

----- REMOTE CPU LOAD (memory node dir-threads, 2s window) -----
  dir 0: active= 65.80%  msgs=1643612     801 ns/msg
  dir 1: active= 56.13%  msgs=1643612     683 ns/msg
  dir 2: active= 61.38%  msgs=1643612     747 ns/msg
  dir 3: active= 51.69%  msgs=1643612     629 ns/msg
  dir 4: active= 65.69%  msgs=1643612     799 ns/msg
  dir 5: active= 56.10%  msgs=1643615     683 ns/msg
  AGGREGATE active = 356.79% (of 6 dir-threads; 59.47% per-thread avg)  msgs=9861675
[CPU memory  ] process=  7.48% of 80 cores   system=  7.52%   (window 2s)

----- REMOTE CPU LOAD (memory node dir-threads, 2s window) -----
  dir 0: active= 65.59%  msgs=1643406     798 ns/msg
  dir 1: active= 57.20%  msgs=1643405     696 ns/msg
  dir 2: active= 61.22%  msgs=1643405     745 ns/msg
  dir 3: active= 53.05%  msgs=1643405     646 ns/msg
  dir 4: active= 65.48%  msgs=1643405     797 ns/msg
  dir 5: active= 57.12%  msgs=1643405     695 ns/msg
  AGGREGATE active = 359.66% (of 6 dir-threads; 59.94% per-thread avg)  msgs=9860431
[CPU memory  ] process=  7.48% of 80 cores   system=  7.55%   (window 2s)

----- REMOTE CPU LOAD (memory node dir-threads, 2s window) -----
  dir 0: active= 57.33%  msgs=1440647     796 ns/msg
  dir 1: active= 49.67%  msgs=1440640     690 ns/msg
  dir 2: active= 53.55%  msgs=1440634     743 ns/msg
  dir 3: active= 46.09%  msgs=1440629     640 ns/msg
  dir 4: active= 57.24%  msgs=1440623     795 ns/msg
  dir 5: active= 49.62%  msgs=1440617     689 ns/msg
  AGGREGATE active = 313.50% (of 6 dir-threads; 52.25% per-thread avg)  msgs=8643790
[CPU memory  ] process=  7.48% of 80 cores   system=  7.53%   (window 2s)

----- REMOTE CPU LOAD (memory node dir-threads, 2s window) -----
  dir 0: active=  0.00%  msgs=0           0 ns/msg
  dir 1: active=  0.00%  msgs=0           0 ns/msg
  dir 2: active=  0.00%  msgs=0           0 ns/msg
  dir 3: active=  0.00%  msgs=0           0 ns/msg
  dir 4: active=  0.00%  msgs=0           0 ns/msg
  dir 5: active=  0.00%  msgs=0           0 ns/msg
  AGGREGATE active = 0.00% (of 6 dir-threads; 0.00% per-thread avg)  msgs=0
[CPU memory  ] process=  7.49% of 80 cores   system=  7.55%   (window 2s)
Avg. rdma read time(ms) = -nan
Avg. rdma write time(ms) = -nan
Avg. rdma read / op = -nan
Avg. rdma write / op = -nan
Avg. rdma cas / op = -nan
Avg. rdma rpc / op = -nan
Avg. all rdma / op = -nan
Avg. rdma read size/ op = -nan
Avg. rdma write size / op = -nan
Avg. rdma RW size / op = -nan
