Compute node count = 1
kNodeCount 2, kReadRatio 0, kInsertRatio 0, kUpdateRatio 0, kDeleteRatio 0, kRangeRatio 100, totalThreadCount 36, memThreadCount 1 cache_size 32, uniform_workload 1, zipfian 0.990000, bulk_load_num 50000000, warmup_num 10000000, op_num 30000000, check_correctness 0, time_based 0, early_stop 1, index 0, rpc_rate 1.000000, admission_rate 0.100000, auto_tune 0
kMaxThread = 36
KeySpace = 50001000
[GEOMETRY] inner_page=160 leaf_page=512 inner_entries=5 leaf_entries=26 slot=512 placement=mn_only
[4mshared memory size: 64GB, 0x7f5418e00000[0m
[4mcache size: 2GB[0m
[4mMachine NR: 2[0m
[4mMax_APP_THREAD: 36[0m
[4mNR_DIRECTORY: 16[0m
[4mStart Build the DSMKeeper[0m
I am servers 1 [254.127.0.0]
I connect server 0
[4mdir 0 launch! (core 79 of 80)
[0m
Before barrier finish

----- REMOTE CPU LOAD (memory node dir-threads, 2s window) -----
  dir 0: active=  0.00%  msgs=1           3721 ns/msg
  AGGREGATE active = 0.00% (of 1 dir-threads; 0.00% per-thread avg)  msgs=1
[CPU memory  ] process=  1.25% of 80 cores   system=  1.29%   (window 2s)

----- REMOTE CPU LOAD (memory node dir-threads, 2s window) -----
  dir 0: active=  0.00%  msgs=0           0 ns/msg
  AGGREGATE active = 0.00% (of 1 dir-threads; 0.00% per-thread avg)  msgs=0
[CPU memory  ] process=  1.24% of 80 cores   system=  1.29%   (window 2s)

----- REMOTE CPU LOAD (memory node dir-threads, 2s window) -----
  dir 0: active=  0.00%  msgs=0           0 ns/msg
  AGGREGATE active = 0.00% (of 1 dir-threads; 0.00% per-thread avg)  msgs=0
[CPU memory  ] process=  1.26% of 80 cores   system=  1.27%   (window 2s)

----- REMOTE CPU LOAD (memory node dir-threads, 2s window) -----
  dir 0: active=  0.00%  msgs=0           0 ns/msg
  AGGREGATE active = 0.00% (of 1 dir-threads; 0.00% per-thread avg)  msgs=0
[CPU memory  ] process=  1.25% of 80 cores   system=  1.27%   (window 2s)

----- REMOTE CPU LOAD (memory node dir-threads, 2s window) -----
  dir 0: active=  0.00%  msgs=0           0 ns/msg
  AGGREGATE active = 0.00% (of 1 dir-threads; 0.00% per-thread avg)  msgs=0
[CPU memory  ] process=  1.25% of 80 cores   system=  1.26%   (window 2s)

----- REMOTE CPU LOAD (memory node dir-threads, 2s window) -----
  dir 0: active=  0.00%  msgs=0           0 ns/msg
  AGGREGATE active = 0.00% (of 1 dir-threads; 0.00% per-thread avg)  msgs=0
[CPU memory  ] process=  1.25% of 80 cores   system=  1.28%   (window 2s)

----- REMOTE CPU LOAD (memory node dir-threads, 2s window) -----
  dir 0: active=  0.00%  msgs=0           0 ns/msg
  AGGREGATE active = 0.00% (of 1 dir-threads; 0.00% per-thread avg)  msgs=0
[CPU memory  ] process=  1.26% of 80 cores   system=  1.29%   (window 2s)

----- REMOTE CPU LOAD (memory node dir-threads, 2s window) -----
  dir 0: active=  0.00%  msgs=0           0 ns/msg
  AGGREGATE active = 0.00% (of 1 dir-threads; 0.00% per-thread avg)  msgs=0
[CPU memory  ] process=  1.25% of 80 cores   system=  1.26%   (window 2s)

----- REMOTE CPU LOAD (memory node dir-threads, 2s window) -----
  dir 0: active=  0.00%  msgs=0           0 ns/msg
  AGGREGATE active = 0.00% (of 1 dir-threads; 0.00% per-thread avg)  msgs=0
[CPU memory  ] process=  1.25% of 80 cores   system=  1.27%   (window 2s)

----- REMOTE CPU LOAD (memory node dir-threads, 2s window) -----
  dir 0: active=  0.00%  msgs=0           0 ns/msg
  AGGREGATE active = 0.00% (of 1 dir-threads; 0.00% per-thread avg)  msgs=0
[CPU memory  ] process=  1.26% of 80 cores   system=  1.27%   (window 2s)

----- REMOTE CPU LOAD (memory node dir-threads, 2s window) -----
  dir 0: active=  0.00%  msgs=0           0 ns/msg
  AGGREGATE active = 0.00% (of 1 dir-threads; 0.00% per-thread avg)  msgs=0
[CPU memory  ] process=  1.25% of 80 cores   system=  1.27%   (window 2s)

----- REMOTE CPU LOAD (memory node dir-threads, 2s window) -----
  dir 0: active=  0.00%  msgs=3           1231 ns/msg
  AGGREGATE active = 0.00% (of 1 dir-threads; 0.00% per-thread avg)  msgs=3
[CPU memory  ] process=  1.25% of 80 cores   system=  1.29%   (window 2s)

----- REMOTE CPU LOAD (memory node dir-threads, 2s window) -----
  dir 0: active=  0.00%  msgs=5           340 ns/msg
  AGGREGATE active = 0.00% (of 1 dir-threads; 0.00% per-thread avg)  msgs=5
[CPU memory  ] process=  1.24% of 80 cores   system=  1.27%   (window 2s)

----- REMOTE CPU LOAD (memory node dir-threads, 2s window) -----
  dir 0: active=  0.00%  msgs=4           392 ns/msg
  AGGREGATE active = 0.00% (of 1 dir-threads; 0.00% per-thread avg)  msgs=4
[CPU memory  ] process=  1.25% of 80 cores   system=  1.27%   (window 2s)

----- REMOTE CPU LOAD (memory node dir-threads, 2s window) -----
  dir 0: active=  0.00%  msgs=5           361 ns/msg
  AGGREGATE active = 0.00% (of 1 dir-threads; 0.00% per-thread avg)  msgs=5
[CPU memory  ] process=  1.26% of 80 cores   system=  1.26%   (window 2s)

----- REMOTE CPU LOAD (memory node dir-threads, 2s window) -----
  dir 0: active=  0.00%  msgs=4           340 ns/msg
  AGGREGATE active = 0.00% (of 1 dir-threads; 0.00% per-thread avg)  msgs=4
[CPU memory  ] process=  1.25% of 80 cores   system=  1.28%   (window 2s)

----- REMOTE CPU LOAD (memory node dir-threads, 2s window) -----
  dir 0: active=  0.00%  msgs=5           345 ns/msg
  AGGREGATE active = 0.00% (of 1 dir-threads; 0.00% per-thread avg)  msgs=5
[CPU memory  ] process=  1.25% of 80 cores   system=  1.31%   (window 2s)

----- REMOTE CPU LOAD (memory node dir-threads, 2s window) -----
  dir 0: active=  0.00%  msgs=4           433 ns/msg
  AGGREGATE active = 0.00% (of 1 dir-threads; 0.00% per-thread avg)  msgs=4
[CPU memory  ] process=  1.26% of 80 cores   system=  1.26%   (window 2s)

----- REMOTE CPU LOAD (memory node dir-threads, 2s window) -----
  dir 0: active=  0.00%  msgs=4           521 ns/msg
  AGGREGATE active = 0.00% (of 1 dir-threads; 0.00% per-thread avg)  msgs=4
[CPU memory  ] process=  1.25% of 80 cores   system=  1.28%   (window 2s)

----- REMOTE CPU LOAD (memory node dir-threads, 2s window) -----
  dir 0: active=  0.00%  msgs=5           318 ns/msg
  AGGREGATE active = 0.00% (of 1 dir-threads; 0.00% per-thread avg)  msgs=5
[CPU memory  ] process=  1.25% of 80 cores   system=  1.27%   (window 2s)

----- REMOTE CPU LOAD (memory node dir-threads, 2s window) -----
  dir 0: active=  0.00%  msgs=4           399 ns/msg
  AGGREGATE active = 0.00% (of 1 dir-threads; 0.00% per-thread avg)  msgs=4
[CPU memory  ] process=  1.26% of 80 cores   system=  1.27%   (window 2s)

----- REMOTE CPU LOAD (memory node dir-threads, 2s window) -----
  dir 0: active=  0.00%  msgs=5           431 ns/msg
  AGGREGATE active = 0.00% (of 1 dir-threads; 0.00% per-thread avg)  msgs=5
[CPU memory  ] process=  1.25% of 80 cores   system=  1.30%   (window 2s)

----- REMOTE CPU LOAD (memory node dir-threads, 2s window) -----
  dir 0: active=  0.00%  msgs=4           430 ns/msg
  AGGREGATE active = 0.00% (of 1 dir-threads; 0.00% per-thread avg)  msgs=4
[CPU memory  ] process=  1.24% of 80 cores   system=  1.26%   (window 2s)

----- REMOTE CPU LOAD (memory node dir-threads, 2s window) -----
  dir 0: active=  0.00%  msgs=4           340 ns/msg
  AGGREGATE active = 0.00% (of 1 dir-threads; 0.00% per-thread avg)  msgs=4
[CPU memory  ] process=  1.25% of 80 cores   system=  1.27%   (window 2s)

----- REMOTE CPU LOAD (memory node dir-threads, 2s window) -----
  dir 0: active=  0.00%  msgs=5           596 ns/msg
  AGGREGATE active = 0.00% (of 1 dir-threads; 0.00% per-thread avg)  msgs=5
[CPU memory  ] process=  1.25% of 80 cores   system=  1.26%   (window 2s)

----- REMOTE CPU LOAD (memory node dir-threads, 2s window) -----
  dir 0: active=  0.00%  msgs=4           511 ns/msg
  AGGREGATE active = 0.00% (of 1 dir-threads; 0.00% per-thread avg)  msgs=4
[CPU memory  ] process=  1.26% of 80 cores   system=  1.28%   (window 2s)

----- REMOTE CPU LOAD (memory node dir-threads, 2s window) -----
  dir 0: active=  0.00%  msgs=4           313 ns/msg
  AGGREGATE active = 0.00% (of 1 dir-threads; 0.00% per-thread avg)  msgs=4
[CPU memory  ] process=  1.25% of 80 cores   system=  1.28%   (window 2s)

----- REMOTE CPU LOAD (memory node dir-threads, 2s window) -----
  dir 0: active=  0.00%  msgs=5           375 ns/msg
  AGGREGATE active = 0.00% (of 1 dir-threads; 0.00% per-thread avg)  msgs=5
[CPU memory  ] process=  1.25% of 80 cores   system=  1.27%   (window 2s)

----- REMOTE CPU LOAD (memory node dir-threads, 2s window) -----
  dir 0: active=  0.00%  msgs=4           462 ns/msg
  AGGREGATE active = 0.00% (of 1 dir-threads; 0.00% per-thread avg)  msgs=4
[CPU memory  ] process=  1.26% of 80 cores   system=  1.29%   (window 2s)

----- REMOTE CPU LOAD (memory node dir-threads, 2s window) -----
  dir 0: active=  0.00%  msgs=4           356 ns/msg
  AGGREGATE active = 0.00% (of 1 dir-threads; 0.00% per-thread avg)  msgs=4
[CPU memory  ] process=  1.24% of 80 cores   system=  1.27%   (window 2s)

----- REMOTE CPU LOAD (memory node dir-threads, 2s window) -----
  dir 0: active=  0.00%  msgs=5           372 ns/msg
  AGGREGATE active = 0.00% (of 1 dir-threads; 0.00% per-thread avg)  msgs=5
[CPU memory  ] process=  1.26% of 80 cores   system=  1.28%   (window 2s)

----- REMOTE CPU LOAD (memory node dir-threads, 2s window) -----
  dir 0: active=  0.00%  msgs=4           349 ns/msg
  AGGREGATE active = 0.00% (of 1 dir-threads; 0.00% per-thread avg)  msgs=4
[CPU memory  ] process=  1.25% of 80 cores   system=  1.26%   (window 2s)

----- REMOTE CPU LOAD (memory node dir-threads, 2s window) -----
  dir 0: active=  0.00%  msgs=5           444 ns/msg
  AGGREGATE active = 0.00% (of 1 dir-threads; 0.00% per-thread avg)  msgs=5
[CPU memory  ] process=  1.25% of 80 cores   system=  1.29%   (window 2s)

----- REMOTE CPU LOAD (memory node dir-threads, 2s window) -----
  dir 0: active=  0.00%  msgs=4           318 ns/msg
  AGGREGATE active = 0.00% (of 1 dir-threads; 0.00% per-thread avg)  msgs=4
[CPU memory  ] process=  1.26% of 80 cores   system=  1.27%   (window 2s)

----- REMOTE CPU LOAD (memory node dir-threads, 2s window) -----
  dir 0: active=  0.00%  msgs=4           362 ns/msg
  AGGREGATE active = 0.00% (of 1 dir-threads; 0.00% per-thread avg)  msgs=4
[CPU memory  ] process=  1.25% of 80 cores   system=  1.27%   (window 2s)

----- REMOTE CPU LOAD (memory node dir-threads, 2s window) -----
  dir 0: active=  0.00%  msgs=5           404 ns/msg
  AGGREGATE active = 0.00% (of 1 dir-threads; 0.00% per-thread avg)  msgs=5
[CPU memory  ] process=  1.24% of 80 cores   system=  1.27%   (window 2s)

----- REMOTE CPU LOAD (memory node dir-threads, 2s window) -----
  dir 0: active=  0.00%  msgs=4           334 ns/msg
  AGGREGATE active = 0.00% (of 1 dir-threads; 0.00% per-thread avg)  msgs=4
[CPU memory  ] process=  1.26% of 80 cores   system=  1.26%   (window 2s)

----- REMOTE CPU LOAD (memory node dir-threads, 2s window) -----
  dir 0: active=  0.00%  msgs=4           309 ns/msg
  AGGREGATE active = 0.00% (of 1 dir-threads; 0.00% per-thread avg)  msgs=4
[CPU memory  ] process=  1.25% of 80 cores   system=  1.29%   (window 2s)

----- REMOTE CPU LOAD (memory node dir-threads, 2s window) -----
  dir 0: active=  0.00%  msgs=0           0 ns/msg
  AGGREGATE active = 0.00% (of 1 dir-threads; 0.00% per-thread avg)  msgs=0
[CPU memory  ] process=  1.25% of 80 cores   system=  1.27%   (window 2s)

----- REMOTE CPU LOAD (memory node dir-threads, 2s window) -----
  dir 0: active=  0.00%  msgs=0           0 ns/msg
  AGGREGATE active = 0.00% (of 1 dir-threads; 0.00% per-thread avg)  msgs=0
[CPU memory  ] process=  1.26% of 80 cores   system=  1.27%   (window 2s)

----- REMOTE CPU LOAD (memory node dir-threads, 2s window) -----
  dir 0: active=  0.00%  msgs=0           0 ns/msg
  AGGREGATE active = 0.00% (of 1 dir-threads; 0.00% per-thread avg)  msgs=0
[CPU memory  ] process=  1.24% of 80 cores   system=  1.28%   (window 2s)

----- REMOTE CPU LOAD (memory node dir-threads, 2s window) -----
  dir 0: active=  0.00%  msgs=0           0 ns/msg
  AGGREGATE active = 0.00% (of 1 dir-threads; 0.00% per-thread avg)  msgs=0
[CPU memory  ] process=  1.26% of 80 cores   system=  1.27%   (window 2s)

----- REMOTE CPU LOAD (memory node dir-threads, 2s window) -----
  dir 0: active=  0.00%  msgs=0           0 ns/msg
  AGGREGATE active = 0.00% (of 1 dir-threads; 0.00% per-thread avg)  msgs=0
[CPU memory  ] process=  1.25% of 80 cores   system=  1.26%   (window 2s)

----- REMOTE CPU LOAD (memory node dir-threads, 2s window) -----
  dir 0: active=  0.00%  msgs=0           0 ns/msg
  AGGREGATE active = 0.00% (of 1 dir-threads; 0.00% per-thread avg)  msgs=0
[CPU memory  ] process=  1.25% of 80 cores   system=  1.30%   (window 2s)

----- REMOTE CPU LOAD (memory node dir-threads, 2s window) -----
  dir 0: active=  0.00%  msgs=0           0 ns/msg
  AGGREGATE active = 0.00% (of 1 dir-threads; 0.00% per-thread avg)  msgs=0
[CPU memory  ] process=  1.26% of 80 cores   system=  1.26%   (window 2s)

----- REMOTE CPU LOAD (memory node dir-threads, 2s window) -----
  dir 0: active=  0.00%  msgs=0           0 ns/msg
  AGGREGATE active = 0.00% (of 1 dir-threads; 0.00% per-thread avg)  msgs=0
[CPU memory  ] process=  1.25% of 80 cores   system=  1.27%   (window 2s)

----- REMOTE CPU LOAD (memory node dir-threads, 2s window) -----
  dir 0: active=  0.00%  msgs=0           0 ns/msg
  AGGREGATE active = 0.00% (of 1 dir-threads; 0.00% per-thread avg)  msgs=0
[CPU memory  ] process=  1.24% of 80 cores   system=  1.26%   (window 2s)

----- REMOTE CPU LOAD (memory node dir-threads, 2s window) -----
  dir 0: active=  0.00%  msgs=0           0 ns/msg
  AGGREGATE active = 0.00% (of 1 dir-threads; 0.00% per-thread avg)  msgs=0
[CPU memory  ] process=  1.26% of 80 cores   system=  1.26%   (window 2s)

----- REMOTE CPU LOAD (memory node dir-threads, 2s window) -----
  dir 0: active=  0.00%  msgs=0           0 ns/msg
  AGGREGATE active = 0.00% (of 1 dir-threads; 0.00% per-thread avg)  msgs=0
[CPU memory  ] process=  1.25% of 80 cores   system=  1.27%   (window 2s)

----- REMOTE CPU LOAD (memory node dir-threads, 2s window) -----
  dir 0: active=  0.00%  msgs=0           0 ns/msg
  AGGREGATE active = 0.00% (of 1 dir-threads; 0.00% per-thread avg)  msgs=0
[CPU memory  ] process=  1.25% of 80 cores   system=  1.41%   (window 2s)

----- REMOTE CPU LOAD (memory node dir-threads, 2s window) -----
  dir 0: active=  0.85%  msgs=10674       1584 ns/msg
  AGGREGATE active = 0.85% (of 1 dir-threads; 0.85% per-thread avg)  msgs=10674
[CPU memory  ] process=  1.25% of 80 cores   system=  1.27%   (window 2s)

----- REMOTE CPU LOAD (memory node dir-threads, 2s window) -----
  dir 0: active= 87.15%  msgs=1119434     1557 ns/msg
  AGGREGATE active = 87.15% (of 1 dir-threads; 87.15% per-thread avg)  msgs=1119434
[CPU memory  ] process=  1.25% of 80 cores   system=  1.27%   (window 2s)

----- REMOTE CPU LOAD (memory node dir-threads, 2s window) -----
  dir 0: active= 87.16%  msgs=1119119     1558 ns/msg
  AGGREGATE active = 87.16% (of 1 dir-threads; 87.16% per-thread avg)  msgs=1119119
[CPU memory  ] process=  1.25% of 80 cores   system=  1.25%   (window 2s)

----- REMOTE CPU LOAD (memory node dir-threads, 2s window) -----
  dir 0: active= 87.16%  msgs=1118381     1559 ns/msg
  AGGREGATE active = 87.16% (of 1 dir-threads; 87.16% per-thread avg)  msgs=1118381
[CPU memory  ] process=  1.25% of 80 cores   system=  1.29%   (window 2s)

----- REMOTE CPU LOAD (memory node dir-threads, 2s window) -----
  dir 0: active= 87.17%  msgs=1118530     1559 ns/msg
  AGGREGATE active = 87.17% (of 1 dir-threads; 87.17% per-thread avg)  msgs=1118530
[CPU memory  ] process=  1.24% of 80 cores   system=  1.26%   (window 2s)

----- REMOTE CPU LOAD (memory node dir-threads, 2s window) -----
  dir 0: active= 87.17%  msgs=1117463     1560 ns/msg
  AGGREGATE active = 87.17% (of 1 dir-threads; 87.17% per-thread avg)  msgs=1117463
[CPU memory  ] process=  1.26% of 80 cores   system=  1.31%   (window 2s)

----- REMOTE CPU LOAD (memory node dir-threads, 2s window) -----
  dir 0: active= 87.17%  msgs=1117824     1560 ns/msg
  AGGREGATE active = 87.17% (of 1 dir-threads; 87.17% per-thread avg)  msgs=1117824
[CPU memory  ] process=  1.25% of 80 cores   system=  1.26%   (window 2s)

----- REMOTE CPU LOAD (memory node dir-threads, 2s window) -----
  dir 0: active= 87.16%  msgs=1118285     1559 ns/msg
  AGGREGATE active = 87.16% (of 1 dir-threads; 87.16% per-thread avg)  msgs=1118285
[CPU memory  ] process=  1.24% of 80 cores   system=  1.27%   (window 2s)

----- REMOTE CPU LOAD (memory node dir-threads, 2s window) -----
  dir 0: active= 87.18%  msgs=1118323     1559 ns/msg
  AGGREGATE active = 87.18% (of 1 dir-threads; 87.18% per-thread avg)  msgs=1118323
[CPU memory  ] process=  1.26% of 80 cores   system=  1.29%   (window 2s)

----- REMOTE CPU LOAD (memory node dir-threads, 2s window) -----
  dir 0: active= 87.17%  msgs=1118519     1559 ns/msg
  AGGREGATE active = 87.17% (of 1 dir-threads; 87.17% per-thread avg)  msgs=1118519
[CPU memory  ] process=  1.25% of 80 cores   system=  1.26%   (window 2s)

----- REMOTE CPU LOAD (memory node dir-threads, 2s window) -----
  dir 0: active= 87.16%  msgs=1117964     1559 ns/msg
  AGGREGATE active = 87.16% (of 1 dir-threads; 87.16% per-thread avg)  msgs=1117964
[CPU memory  ] process=  1.24% of 80 cores   system=  1.28%   (window 2s)

----- REMOTE CPU LOAD (memory node dir-threads, 2s window) -----
  dir 0: active= 87.17%  msgs=1118458     1559 ns/msg
  AGGREGATE active = 87.17% (of 1 dir-threads; 87.17% per-thread avg)  msgs=1118458
[CPU memory  ] process=  1.26% of 80 cores   system=  1.29%   (window 2s)

----- REMOTE CPU LOAD (memory node dir-threads, 2s window) -----
  dir 0: active= 87.17%  msgs=1118620     1559 ns/msg
  AGGREGATE active = 87.17% (of 1 dir-threads; 87.17% per-thread avg)  msgs=1118620
[CPU memory  ] process=  1.24% of 80 cores   system=  1.26%   (window 2s)

----- REMOTE CPU LOAD (memory node dir-threads, 2s window) -----
  dir 0: active= 87.18%  msgs=1118240     1559 ns/msg
  AGGREGATE active = 87.18% (of 1 dir-threads; 87.18% per-thread avg)  msgs=1118240
[CPU memory  ] process=  1.24% of 80 cores   system=  1.28%   (window 2s)

----- REMOTE CPU LOAD (memory node dir-threads, 2s window) -----
  dir 0: active= 87.16%  msgs=1118106     1559 ns/msg
  AGGREGATE active = 87.16% (of 1 dir-threads; 87.16% per-thread avg)  msgs=1118106
[CPU memory  ] process=  1.26% of 80 cores   system=  1.27%   (window 2s)

----- REMOTE CPU LOAD (memory node dir-threads, 2s window) -----
  dir 0: active= 87.17%  msgs=1118051     1559 ns/msg
  AGGREGATE active = 87.17% (of 1 dir-threads; 87.17% per-thread avg)  msgs=1118051
[CPU memory  ] process=  1.24% of 80 cores   system=  1.26%   (window 2s)

----- REMOTE CPU LOAD (memory node dir-threads, 2s window) -----
  dir 0: active= 87.17%  msgs=1118478     1559 ns/msg
  AGGREGATE active = 87.17% (of 1 dir-threads; 87.17% per-thread avg)  msgs=1118478
[CPU memory  ] process=  1.26% of 80 cores   system=  1.27%   (window 2s)

----- REMOTE CPU LOAD (memory node dir-threads, 2s window) -----
  dir 0: active= 87.17%  msgs=1117913     1560 ns/msg
  AGGREGATE active = 87.17% (of 1 dir-threads; 87.17% per-thread avg)  msgs=1117913
[CPU memory  ] process=  1.25% of 80 cores   system=  1.29%   (window 2s)

----- REMOTE CPU LOAD (memory node dir-threads, 2s window) -----
  dir 0: active= 87.18%  msgs=1117537     1560 ns/msg
  AGGREGATE active = 87.18% (of 1 dir-threads; 87.18% per-thread avg)  msgs=1117537
[CPU memory  ] process=  1.24% of 80 cores   system=  1.28%   (window 2s)

----- REMOTE CPU LOAD (memory node dir-threads, 2s window) -----
  dir 0: active= 87.17%  msgs=1117570     1560 ns/msg
  AGGREGATE active = 87.17% (of 1 dir-threads; 87.17% per-thread avg)  msgs=1117570
[CPU memory  ] process=  1.25% of 80 cores   system=  1.26%   (window 2s)

----- REMOTE CPU LOAD (memory node dir-threads, 2s window) -----
  dir 0: active= 87.18%  msgs=1117720     1560 ns/msg
  AGGREGATE active = 87.18% (of 1 dir-threads; 87.18% per-thread avg)  msgs=1117720
[CPU memory  ] process=  1.25% of 80 cores   system=  1.26%   (window 2s)

----- REMOTE CPU LOAD (memory node dir-threads, 2s window) -----
  dir 0: active= 87.18%  msgs=1117071     1561 ns/msg
  AGGREGATE active = 87.18% (of 1 dir-threads; 87.18% per-thread avg)  msgs=1117071
[CPU memory  ] process=  1.25% of 80 cores   system=  1.29%   (window 2s)

----- REMOTE CPU LOAD (memory node dir-threads, 2s window) -----
  dir 0: active= 87.17%  msgs=1118263     1559 ns/msg
  AGGREGATE active = 87.17% (of 1 dir-threads; 87.17% per-thread avg)  msgs=1118263
[CPU memory  ] process=  1.25% of 80 cores   system=  1.26%   (window 2s)

----- REMOTE CPU LOAD (memory node dir-threads, 2s window) -----
  dir 0: active= 87.17%  msgs=1117945     1560 ns/msg
  AGGREGATE active = 87.17% (of 1 dir-threads; 87.17% per-thread avg)  msgs=1117945
[CPU memory  ] process=  1.25% of 80 cores   system=  1.30%   (window 2s)

----- REMOTE CPU LOAD (memory node dir-threads, 2s window) -----
  dir 0: active= 87.16%  msgs=1119151     1558 ns/msg
  AGGREGATE active = 87.16% (of 1 dir-threads; 87.16% per-thread avg)  msgs=1119151
[CPU memory  ] process=  1.24% of 80 cores   system=  1.27%   (window 2s)

----- REMOTE CPU LOAD (memory node dir-threads, 2s window) -----
  dir 0: active= 87.17%  msgs=1117681     1560 ns/msg
  AGGREGATE active = 87.17% (of 1 dir-threads; 87.17% per-thread avg)  msgs=1117681
[CPU memory  ] process=  1.26% of 80 cores   system=  1.26%   (window 2s)

----- REMOTE CPU LOAD (memory node dir-threads, 2s window) -----
  dir 0: active= 87.18%  msgs=1117555     1560 ns/msg
  AGGREGATE active = 87.18% (of 1 dir-threads; 87.18% per-thread avg)  msgs=1117555
[CPU memory  ] process=  1.25% of 80 cores   system=  1.29%   (window 2s)

----- REMOTE CPU LOAD (memory node dir-threads, 2s window) -----
  dir 0: active= 23.18%  msgs=297090      1560 ns/msg
  AGGREGATE active = 23.18% (of 1 dir-threads; 23.18% per-thread avg)  msgs=297090
[CPU memory  ] process=  1.24% of 80 cores   system=  1.27%   (window 2s)

----- REMOTE CPU LOAD (memory node dir-threads, 2s window) -----
  dir 0: active=  0.00%  msgs=0           0 ns/msg
  AGGREGATE active = 0.00% (of 1 dir-threads; 0.00% per-thread avg)  msgs=0
[CPU memory  ] process=  1.26% of 80 cores   system=  1.28%   (window 2s)

----- REMOTE CPU LOAD (memory node dir-threads, 2s window) -----
  dir 0: active=  0.00%  msgs=0           0 ns/msg
  AGGREGATE active = 0.00% (of 1 dir-threads; 0.00% per-thread avg)  msgs=0
[CPU memory  ] process=  1.25% of 80 cores   system=  1.29%   (window 2s)
Avg. rdma read time(ms) = -nan
Avg. rdma write time(ms) = -nan
Avg. rdma read / op = -nan
Avg. rdma write / op = -nan
Avg. rdma cas / op = -nan
Avg. rdma rpc / op = -nan
Avg. all rdma / op = -nan
Avg. rdma read size/ op = -nan
Avg. rdma write size / op = -nan
Avg. rdma RW size / op = -nan
