Compute node count = 1
kNodeCount 2, kReadRatio 100, kInsertRatio 0, kUpdateRatio 0, kDeleteRatio 0, kRangeRatio 0, totalThreadCount 36, memThreadCount 7 cache_size 512, uniform_workload 0, zipfian 0.990000, bulk_load_num 50000000, warmup_num 10000000, op_num 30000000, check_correctness 0, time_based 0, early_stop 1, index 0, rpc_rate 1.000000, admission_rate 0.100000, auto_tune 0
kMaxThread = 36
KeySpace = 50001000
[GEOMETRY] inner_page=160 leaf_page=512 inner_entries=5 leaf_entries=26 slot=512 placement=mn_only
[4mshared memory size: 64GB, 0x7fef77200000[0m
[4mcache size: 2GB[0m
[4mMachine NR: 2[0m
[4mMax_APP_THREAD: 36[0m
[4mNR_DIRECTORY: 16[0m
[4mStart Build the DSMKeeper[0m
I am servers 0 [255.127.0.0]
I connect server 1
[4mdir 0 launch! (core 79 of 80)
[0m
[4mdir 1 launch! (core 78 of 80)
[0m
[4mdir 2 launch! (core 77 of 80)
[0m
[4mdir 3 launch! (core 76 of 80)
[0m
[4mdir 4 launch! (core 39 of 80)
[0m
[4mdir 5 launch! (core 38 of 80)
[0m
[4mdir 6 launch! (core 37 of 80)
[0m
CNode 0, left bound = 0, right bound = 18446744073709551615
Pushdown (RPC) Rate: 1
Admission Rate: 0.1
Cache size(MB) = 512
-----Cache initial addr = 0x7fef2c000000
page num = 1048576
alloc_unit = 512
entry_num: 1048576
bucket_num: 349526
Bucket size = 64
entry_num: 104857
bucket_num: 17477
start generating tree
num_partitions = 1
Success: tree root pointer value [1, 67108864]
finish generating tree
Bulkload num in node 0 = 50000000

----- REMOTE CPU LOAD (memory node dir-threads, 2s window) -----
  dir 0: active=  0.00%  msgs=0           0 ns/msg
  dir 1: active=  0.00%  msgs=0           0 ns/msg
  dir 2: active=  0.00%  msgs=0           0 ns/msg
  dir 3: active=  0.00%  msgs=0           0 ns/msg
  dir 4: active=  0.00%  msgs=0           0 ns/msg
  dir 5: active=  0.00%  msgs=0           0 ns/msg
  dir 6: active=  0.00%  msgs=0           0 ns/msg
  AGGREGATE active = 0.00% (of 7 dir-threads; 0.00% per-thread avg)  msgs=0
[CPU compute ] process=  9.99% of 80 cores   system= 10.01%   (window 2s)
First key of bulkloading = 7325973
Last key of bulkloading = 26738230
node warmup num = 9999972
kReadRatio =100
insertmark =100
updatemark =100
deletemark =100
rangemark =100
Finish warmup workload generation

----- REMOTE CPU LOAD (memory node dir-threads, 2s window) -----
  dir 0: active=  0.00%  msgs=0           0 ns/msg
  dir 1: active=  0.00%  msgs=0           0 ns/msg
  dir 2: active=  0.00%  msgs=0           0 ns/msg
  dir 3: active=  0.00%  msgs=0           0 ns/msg
  dir 4: active=  0.00%  msgs=0           0 ns/msg
  dir 5: active=  0.00%  msgs=0           0 ns/msg
  dir 6: active=  0.00%  msgs=0           0 ns/msg
  AGGREGATE active = 0.00% (of 7 dir-threads; 0.00% per-thread avg)  msgs=0
[CPU compute ] process= 10.00% of 80 cores   system= 10.01%   (window 2s)

----- REMOTE CPU LOAD (memory node dir-threads, 2s window) -----
  dir 0: active=  0.00%  msgs=0           0 ns/msg
  dir 1: active=  0.00%  msgs=0           0 ns/msg
  dir 2: active=  0.00%  msgs=0           0 ns/msg
  dir 3: active=  0.00%  msgs=0           0 ns/msg
  dir 4: active=  0.00%  msgs=0           0 ns/msg
  dir 5: active=  0.00%  msgs=0           0 ns/msg
  dir 6: active=  0.00%  msgs=0           0 ns/msg
  AGGREGATE active = 0.00% (of 7 dir-threads; 0.00% per-thread avg)  msgs=0
[CPU compute ] process= 10.00% of 80 cores   system= 10.00%   (window 2s)

----- REMOTE CPU LOAD (memory node dir-threads, 2s window) -----
  dir 0: active=  0.00%  msgs=0           0 ns/msg
  dir 1: active=  0.00%  msgs=0           0 ns/msg
  dir 2: active=  0.00%  msgs=0           0 ns/msg
  dir 3: active=  0.00%  msgs=0           0 ns/msg
  dir 4: active=  0.00%  msgs=0           0 ns/msg
  dir 5: active=  0.00%  msgs=0           0 ns/msg
  dir 6: active=  0.00%  msgs=0           0 ns/msg
  AGGREGATE active = 0.00% (of 7 dir-threads; 0.00% per-thread avg)  msgs=0
[CPU compute ] process= 10.00% of 80 cores   system= 10.01%   (window 2s)
node op_num = 29999988
Finish all workload generation

----- REMOTE CPU LOAD (memory node dir-threads, 2s window) -----
  dir 0: active=  0.00%  msgs=0           0 ns/msg
  dir 1: active=  0.00%  msgs=0           0 ns/msg
  dir 2: active=  0.00%  msgs=0           0 ns/msg
  dir 3: active=  0.00%  msgs=0           0 ns/msg
  dir 4: active=  0.00%  msgs=0           0 ns/msg
  dir 5: active=  0.00%  msgs=0           0 ns/msg
  dir 6: active=  0.00%  msgs=0           0 ns/msg
  AGGREGATE active = 0.00% (of 7 dir-threads; 0.00% per-thread avg)  msgs=0
[CPU compute ] process= 10.00% of 80 cores   system= 11.86%   (window 2s)

----- REMOTE CPU LOAD (memory node dir-threads, 2s window) -----
  dir 0: active=  0.00%  msgs=0           0 ns/msg
  dir 1: active=  0.00%  msgs=0           0 ns/msg
  dir 2: active=  0.00%  msgs=0           0 ns/msg
  dir 3: active=  0.00%  msgs=0           0 ns/msg
  dir 4: active=  0.00%  msgs=0           0 ns/msg
  dir 5: active=  0.00%  msgs=0           0 ns/msg
  dir 6: active=  0.00%  msgs=0           0 ns/msg
  AGGREGATE active = 0.00% (of 7 dir-threads; 0.00% per-thread avg)  msgs=0
[CPU compute ] process= 10.00% of 80 cores   system= 10.01%   (window 2s)

----- REMOTE CPU LOAD (memory node dir-threads, 2s window) -----
  dir 0: active=  0.00%  msgs=0           0 ns/msg
  dir 1: active=  0.00%  msgs=0           0 ns/msg
  dir 2: active=  0.00%  msgs=0           0 ns/msg
  dir 3: active=  0.00%  msgs=0           0 ns/msg
  dir 4: active=  0.00%  msgs=0           0 ns/msg
  dir 5: active=  0.00%  msgs=0           0 ns/msg
  dir 6: active=  0.00%  msgs=0           0 ns/msg
  AGGREGATE active = 0.00% (of 7 dir-threads; 0.00% per-thread avg)  msgs=0
[CPU compute ] process= 10.00% of 80 cores   system= 10.01%   (window 2s)
Fetched new height = 1
Success: tree root pointer value [1, 67109888]
Height = 2
Success: tree root pointer value [1, 67112448]
Height = 3
Success: tree root pointer value [1, 67118080]
Height = 4
Success: tree root pointer value [1, 67129856]
Height = 5
Success: tree root pointer value [1, 67153920]
Height = 6
Success: tree root pointer value [1, 67202560]
Height = 7
Success: tree root pointer value [1, 67300352]
Height = 8
Success: tree root pointer value [1, 67496448]
Height = 9
Success: tree root pointer value [1, 67889152]
Height = 10
Success: tree root pointer value [1, 68675072]
Height = 11
Success: tree root pointer value [1, 70247424]
Height = 12
Success: tree root pointer value [1, 73392640]
Height = 13
Success: tree root pointer value [1, 79683584]
Height = 14
Success: tree root pointer value [1, 92265984]
Height = 15
Success: tree root pointer value [1, 9900945481]
Height = 16

----- REMOTE CPU LOAD (memory node dir-threads, 2s window) -----
  dir 0: active=  0.00%  msgs=0           0 ns/msg
  dir 1: active=  0.00%  msgs=0           0 ns/msg
  dir 2: active=  0.00%  msgs=0           0 ns/msg
  dir 3: active=  0.00%  msgs=0           0 ns/msg
  dir 4: active=  0.00%  msgs=0           0 ns/msg
  dir 5: active=  0.00%  msgs=0           0 ns/msg
  dir 6: active=  0.00%  msgs=0           0 ns/msg
  AGGREGATE active = 0.00% (of 7 dir-threads; 0.00% per-thread avg)  msgs=0
[CPU compute ] process= 10.00% of 80 cores   system= 10.01%   (window 2s)
Success: tree root pointer value [1, 19734790802]
Height = 17
Success: tree root pointer value [1, 49185996141]
Height = 18

----- REMOTE CPU LOAD (memory node dir-threads, 2s window) -----
  dir 0: active=  0.00%  msgs=0           0 ns/msg
  dir 1: active=  0.00%  msgs=0           0 ns/msg
  dir 2: active=  0.00%  msgs=0           0 ns/msg
  dir 3: active=  0.00%  msgs=0           0 ns/msg
  dir 4: active=  0.00%  msgs=0           0 ns/msg
  dir 5: active=  0.00%  msgs=0           0 ns/msg
  dir 6: active=  0.00%  msgs=0           0 ns/msg
  AGGREGATE active = 0.00% (of 7 dir-threads; 0.00% per-thread avg)  msgs=0
[CPU compute ] process= 10.00% of 80 cores   system= 10.01%   (window 2s)
Success: tree root pointer value [1, 39402485028]
Height = 19

----- REMOTE CPU LOAD (memory node dir-threads, 2s window) -----
  dir 0: active=  0.00%  msgs=0           0 ns/msg
  dir 1: active=  0.00%  msgs=0           0 ns/msg
  dir 2: active=  0.00%  msgs=0           0 ns/msg
  dir 3: active=  0.00%  msgs=0           0 ns/msg
  dir 4: active=  0.00%  msgs=0           0 ns/msg
  dir 5: active=  0.00%  msgs=0           0 ns/msg
  dir 6: active=  0.00%  msgs=0           0 ns/msg
  AGGREGATE active = 0.00% (of 7 dir-threads; 0.00% per-thread avg)  msgs=0
[CPU compute ] process= 10.00% of 80 cores   system= 11.97%   (window 2s)
entering dynamic phase

----- REMOTE CPU LOAD (memory node dir-threads, 2s window) -----
  dir 0: active=  0.00%  msgs=0           0 ns/msg
  dir 1: active=  0.00%  msgs=0           0 ns/msg
  dir 2: active=  0.00%  msgs=0           0 ns/msg
  dir 3: active=  0.00%  msgs=0           0 ns/msg
  dir 4: active=  0.00%  msgs=0           0 ns/msg
  dir 5: active=  0.00%  msgs=0           0 ns/msg
  dir 6: active=  0.00%  msgs=0           0 ns/msg
  AGGREGATE active = 0.00% (of 7 dir-threads; 0.00% per-thread avg)  msgs=0
[CPU compute ] process= 10.00% of 80 cores   system= 10.01%   (window 2s)

----- REMOTE CPU LOAD (memory node dir-threads, 2s window) -----
  dir 0: active=  0.00%  msgs=0           0 ns/msg
  dir 1: active=  0.00%  msgs=0           0 ns/msg
  dir 2: active=  0.00%  msgs=0           0 ns/msg
  dir 3: active=  0.00%  msgs=0           0 ns/msg
  dir 4: active=  0.00%  msgs=0           0 ns/msg
  dir 5: active=  0.00%  msgs=0           0 ns/msg
  dir 6: active=  0.00%  msgs=0           0 ns/msg
  AGGREGATE active = 0.00% (of 7 dir-threads; 0.00% per-thread avg)  msgs=0
[CPU compute ] process= 10.00% of 80 cores   system= 10.01%   (window 2s)
Success: tree root pointer value [1, 29618977499]
Height = 20

----- REMOTE CPU LOAD (memory node dir-threads, 2s window) -----
  dir 0: active=  0.00%  msgs=0           0 ns/msg
  dir 1: active=  0.00%  msgs=0           0 ns/msg
  dir 2: active=  0.00%  msgs=0           0 ns/msg
  dir 3: active=  0.00%  msgs=0           0 ns/msg
  dir 4: active=  0.00%  msgs=0           0 ns/msg
  dir 5: active=  0.00%  msgs=0           0 ns/msg
  dir 6: active=  0.00%  msgs=0           0 ns/msg
  AGGREGATE active = 0.00% (of 7 dir-threads; 0.00% per-thread avg)  msgs=0
[CPU compute ] process= 10.00% of 80 cores   system= 10.01%   (window 2s)

----- REMOTE CPU LOAD (memory node dir-threads, 2s window) -----
  dir 0: active=  0.00%  msgs=0           0 ns/msg
  dir 1: active=  0.00%  msgs=0           0 ns/msg
  dir 2: active=  0.00%  msgs=0           0 ns/msg
  dir 3: active=  0.00%  msgs=0           0 ns/msg
  dir 4: active=  0.00%  msgs=0           0 ns/msg
  dir 5: active=  0.00%  msgs=0           0 ns/msg
  dir 6: active=  0.00%  msgs=0           0 ns/msg
  AGGREGATE active = 0.00% (of 7 dir-threads; 0.00% per-thread avg)  msgs=0
[CPU compute ] process= 10.00% of 80 cores   system= 10.00%   (window 2s)

----- REMOTE CPU LOAD (memory node dir-threads, 2s window) -----
  dir 0: active=  0.00%  msgs=0           0 ns/msg
  dir 1: active=  0.00%  msgs=0           0 ns/msg
  dir 2: active=  0.00%  msgs=0           0 ns/msg
  dir 3: active=  0.00%  msgs=0           0 ns/msg
  dir 4: active=  0.00%  msgs=0           0 ns/msg
  dir 5: active=  0.00%  msgs=0           0 ns/msg
  dir 6: active=  0.00%  msgs=0           0 ns/msg
  AGGREGATE active = 0.00% (of 7 dir-threads; 0.00% per-thread avg)  msgs=0
[CPU compute ] process= 10.00% of 80 cores   system= 11.84%   (window 2s)

----- REMOTE CPU LOAD (memory node dir-threads, 2s window) -----
  dir 0: active=  0.00%  msgs=0           0 ns/msg
  dir 1: active=  0.00%  msgs=0           0 ns/msg
  dir 2: active=  0.00%  msgs=0           0 ns/msg
  dir 3: active=  0.00%  msgs=0           0 ns/msg
  dir 4: active=  0.00%  msgs=0           0 ns/msg
  dir 5: active=  0.00%  msgs=0           0 ns/msg
  dir 6: active=  0.00%  msgs=0           0 ns/msg
  AGGREGATE active = 0.00% (of 7 dir-threads; 0.00% per-thread avg)  msgs=0
[CPU compute ] process= 10.00% of 80 cores   system= 10.00%   (window 2s)

----- REMOTE CPU LOAD (memory node dir-threads, 2s window) -----
  dir 0: active=  0.00%  msgs=0           0 ns/msg
  dir 1: active=  0.00%  msgs=0           0 ns/msg
  dir 2: active=  0.00%  msgs=0           0 ns/msg
  dir 3: active=  0.00%  msgs=0           0 ns/msg
  dir 4: active=  0.00%  msgs=0           0 ns/msg
  dir 5: active=  0.00%  msgs=0           0 ns/msg
  dir 6: active=  0.00%  msgs=0           0 ns/msg
  AGGREGATE active = 0.00% (of 7 dir-threads; 0.00% per-thread avg)  msgs=0
[CPU compute ] process= 10.00% of 80 cores   system= 10.01%   (window 2s)

----- REMOTE CPU LOAD (memory node dir-threads, 2s window) -----
  dir 0: active=  0.00%  msgs=0           0 ns/msg
  dir 1: active=  0.00%  msgs=0           0 ns/msg
  dir 2: active=  0.00%  msgs=0           0 ns/msg
  dir 3: active=  0.00%  msgs=0           0 ns/msg
  dir 4: active=  0.00%  msgs=0           0 ns/msg
  dir 5: active=  0.00%  msgs=0           0 ns/msg
  dir 6: active=  0.00%  msgs=0           0 ns/msg
  AGGREGATE active = 0.00% (of 7 dir-threads; 0.00% per-thread avg)  msgs=0
[CPU compute ] process= 10.00% of 80 cores   system= 10.01%   (window 2s)
Success: tree root pointer value [1, 59170856886]
Height = 21

----- REMOTE CPU LOAD (memory node dir-threads, 2s window) -----
  dir 0: active=  0.00%  msgs=0           0 ns/msg
  dir 1: active=  0.00%  msgs=0           0 ns/msg
  dir 2: active=  0.00%  msgs=0           0 ns/msg
  dir 3: active=  0.00%  msgs=0           0 ns/msg
  dir 4: active=  0.00%  msgs=0           0 ns/msg
  dir 5: active=  0.00%  msgs=0           0 ns/msg
  dir 6: active=  0.00%  msgs=0           0 ns/msg
  AGGREGATE active = 0.00% (of 7 dir-threads; 0.00% per-thread avg)  msgs=0
[CPU compute ] process= 10.00% of 80 cores   system= 10.01%   (window 2s)

----- REMOTE CPU LOAD (memory node dir-threads, 2s window) -----
  dir 0: active=  0.00%  msgs=0           0 ns/msg
  dir 1: active=  0.00%  msgs=0           0 ns/msg
  dir 2: active=  0.00%  msgs=0           0 ns/msg
  dir 3: active=  0.00%  msgs=0           0 ns/msg
  dir 4: active=  0.00%  msgs=0           0 ns/msg
  dir 5: active=  0.00%  msgs=0           0 ns/msg
  dir 6: active=  0.00%  msgs=0           0 ns/msg
  AGGREGATE active = 0.00% (of 7 dir-threads; 0.00% per-thread avg)  msgs=0
[CPU compute ] process= 10.00% of 80 cores   system= 11.97%   (window 2s)

----- REMOTE CPU LOAD (memory node dir-threads, 2s window) -----
  dir 0: active=  0.00%  msgs=0           0 ns/msg
  dir 1: active=  0.00%  msgs=0           0 ns/msg
  dir 2: active=  0.00%  msgs=0           0 ns/msg
  dir 3: active=  0.00%  msgs=0           0 ns/msg
  dir 4: active=  0.00%  msgs=0           0 ns/msg
  dir 5: active=  0.00%  msgs=0           0 ns/msg
  dir 6: active=  0.00%  msgs=0           0 ns/msg
  AGGREGATE active = 0.00% (of 7 dir-threads; 0.00% per-thread avg)  msgs=0
[CPU compute ] process= 10.00% of 80 cores   system= 10.01%   (window 2s)

----- REMOTE CPU LOAD (memory node dir-threads, 2s window) -----
  dir 0: active=  0.00%  msgs=0           0 ns/msg
  dir 1: active=  0.00%  msgs=0           0 ns/msg
  dir 2: active=  0.00%  msgs=0           0 ns/msg
  dir 3: active=  0.00%  msgs=0           0 ns/msg
  dir 4: active=  0.00%  msgs=0           0 ns/msg
  dir 5: active=  0.00%  msgs=0           0 ns/msg
  dir 6: active=  0.00%  msgs=0           0 ns/msg
  AGGREGATE active = 0.00% (of 7 dir-threads; 0.00% per-thread avg)  msgs=0
[CPU compute ] process= 10.00% of 80 cores   system= 10.01%   (window 2s)

----- REMOTE CPU LOAD (memory node dir-threads, 2s window) -----
  dir 0: active=  0.00%  msgs=0           0 ns/msg
  dir 1: active=  0.00%  msgs=0           0 ns/msg
  dir 2: active=  0.00%  msgs=0           0 ns/msg
  dir 3: active=  0.00%  msgs=0           0 ns/msg
  dir 4: active=  0.00%  msgs=0           0 ns/msg
  dir 5: active=  0.00%  msgs=0           0 ns/msg
  dir 6: active=  0.00%  msgs=0           0 ns/msg
  AGGREGATE active = 0.00% (of 7 dir-threads; 0.00% per-thread avg)  msgs=0
[CPU compute ] process= 10.00% of 80 cores   system= 10.00%   (window 2s)

----- REMOTE CPU LOAD (memory node dir-threads, 2s window) -----
  dir 0: active=  0.00%  msgs=0           0 ns/msg
  dir 1: active=  0.00%  msgs=0           0 ns/msg
  dir 2: active=  0.00%  msgs=0           0 ns/msg
  dir 3: active=  0.00%  msgs=0           0 ns/msg
  dir 4: active=  0.00%  msgs=0           0 ns/msg
  dir 5: active=  0.00%  msgs=0           0 ns/msg
  dir 6: active=  0.00%  msgs=0           0 ns/msg
  AGGREGATE active = 0.00% (of 7 dir-threads; 0.00% per-thread avg)  msgs=0
[CPU compute ] process= 10.00% of 80 cores   system= 10.01%   (window 2s)

----- REMOTE CPU LOAD (memory node dir-threads, 2s window) -----
  dir 0: active=  0.00%  msgs=0           0 ns/msg
  dir 1: active=  0.00%  msgs=0           0 ns/msg
  dir 2: active=  0.00%  msgs=0           0 ns/msg
  dir 3: active=  0.00%  msgs=0           0 ns/msg
  dir 4: active=  0.00%  msgs=0           0 ns/msg
  dir 5: active=  0.00%  msgs=0           0 ns/msg
  dir 6: active=  0.00%  msgs=0           0 ns/msg
  AGGREGATE active = 0.00% (of 7 dir-threads; 0.00% per-thread avg)  msgs=0
[CPU compute ] process= 10.00% of 80 cores   system= 10.19%   (window 2s)

----- REMOTE CPU LOAD (memory node dir-threads, 2s window) -----
  dir 0: active=  0.00%  msgs=0           0 ns/msg
  dir 1: active=  0.00%  msgs=0           0 ns/msg
  dir 2: active=  0.00%  msgs=0           0 ns/msg
  dir 3: active=  0.00%  msgs=0           0 ns/msg
  dir 4: active=  0.00%  msgs=0           0 ns/msg
  dir 5: active=  0.00%  msgs=0           0 ns/msg
  dir 6: active=  0.00%  msgs=0           0 ns/msg
  AGGREGATE active = 0.00% (of 7 dir-threads; 0.00% per-thread avg)  msgs=0
[CPU compute ] process= 10.00% of 80 cores   system= 11.79%   (window 2s)

----- REMOTE CPU LOAD (memory node dir-threads, 2s window) -----
  dir 0: active=  0.00%  msgs=0           0 ns/msg
  dir 1: active=  0.00%  msgs=0           0 ns/msg
  dir 2: active=  0.00%  msgs=0           0 ns/msg
  dir 3: active=  0.00%  msgs=0           0 ns/msg
  dir 4: active=  0.00%  msgs=0           0 ns/msg
  dir 5: active=  0.00%  msgs=0           0 ns/msg
  dir 6: active=  0.00%  msgs=0           0 ns/msg
  AGGREGATE active = 0.00% (of 7 dir-threads; 0.00% per-thread avg)  msgs=0
[CPU compute ] process= 10.00% of 80 cores   system= 10.01%   (window 2s)

----- REMOTE CPU LOAD (memory node dir-threads, 2s window) -----
  dir 0: active=  0.00%  msgs=0           0 ns/msg
  dir 1: active=  0.00%  msgs=0           0 ns/msg
  dir 2: active=  0.00%  msgs=0           0 ns/msg
  dir 3: active=  0.00%  msgs=0           0 ns/msg
  dir 4: active=  0.00%  msgs=0           0 ns/msg
  dir 5: active=  0.00%  msgs=0           0 ns/msg
  dir 6: active=  0.00%  msgs=0           0 ns/msg
  AGGREGATE active = 0.00% (of 7 dir-threads; 0.00% per-thread avg)  msgs=0
[CPU compute ] process= 10.00% of 80 cores   system= 10.00%   (window 2s)

----- REMOTE CPU LOAD (memory node dir-threads, 2s window) -----
  dir 0: active=  0.00%  msgs=0           0 ns/msg
  dir 1: active=  0.00%  msgs=0           0 ns/msg
  dir 2: active=  0.00%  msgs=0           0 ns/msg
  dir 3: active=  0.00%  msgs=0           0 ns/msg
  dir 4: active=  0.00%  msgs=0           0 ns/msg
  dir 5: active=  0.00%  msgs=0           0 ns/msg
  dir 6: active=  0.00%  msgs=0           0 ns/msg
  AGGREGATE active = 0.00% (of 7 dir-threads; 0.00% per-thread avg)  msgs=0
[CPU compute ] process= 10.00% of 80 cores   system= 10.00%   (window 2s)

----- REMOTE CPU LOAD (memory node dir-threads, 2s window) -----
  dir 0: active=  0.00%  msgs=0           0 ns/msg
  dir 1: active=  0.00%  msgs=0           0 ns/msg
  dir 2: active=  0.00%  msgs=0           0 ns/msg
  dir 3: active=  0.00%  msgs=0           0 ns/msg
  dir 4: active=  0.00%  msgs=0           0 ns/msg
  dir 5: active=  0.00%  msgs=0           0 ns/msg
  dir 6: active=  0.00%  msgs=0           0 ns/msg
  AGGREGATE active = 0.00% (of 7 dir-threads; 0.00% per-thread avg)  msgs=0
[CPU compute ] process= 10.00% of 80 cores   system= 10.01%   (window 2s)
Success: tree root pointer value [1, 49588693869]
Height = 22

----- REMOTE CPU LOAD (memory node dir-threads, 2s window) -----
  dir 0: active=  0.00%  msgs=0           0 ns/msg
  dir 1: active=  0.00%  msgs=0           0 ns/msg
  dir 2: active=  0.00%  msgs=0           0 ns/msg
  dir 3: active=  0.00%  msgs=0           0 ns/msg
  dir 4: active=  0.00%  msgs=0           0 ns/msg
  dir 5: active=  0.00%  msgs=0           0 ns/msg
  dir 6: active=  0.00%  msgs=0           0 ns/msg
  AGGREGATE active = 0.00% (of 7 dir-threads; 0.00% per-thread avg)  msgs=0
[CPU compute ] process= 10.00% of 80 cores   system= 11.89%   (window 2s)

----- REMOTE CPU LOAD (memory node dir-threads, 2s window) -----
  dir 0: active=  0.00%  msgs=0           0 ns/msg
  dir 1: active=  0.00%  msgs=0           0 ns/msg
  dir 2: active=  0.00%  msgs=0           0 ns/msg
  dir 3: active=  0.00%  msgs=0           0 ns/msg
  dir 4: active=  0.00%  msgs=0           0 ns/msg
  dir 5: active=  0.00%  msgs=0           0 ns/msg
  dir 6: active=  0.00%  msgs=0           0 ns/msg
  AGGREGATE active = 0.00% (of 7 dir-threads; 0.00% per-thread avg)  msgs=0
[CPU compute ] process= 10.00% of 80 cores   system= 10.01%   (window 2s)

----- REMOTE CPU LOAD (memory node dir-threads, 2s window) -----
  dir 0: active=  0.00%  msgs=0           0 ns/msg
  dir 1: active=  0.00%  msgs=0           0 ns/msg
  dir 2: active=  0.00%  msgs=0           0 ns/msg
  dir 3: active=  0.00%  msgs=0           0 ns/msg
  dir 4: active=  0.00%  msgs=0           0 ns/msg
  dir 5: active=  0.00%  msgs=0           0 ns/msg
  dir 6: active=  0.00%  msgs=0           0 ns/msg
  AGGREGATE active = 0.00% (of 7 dir-threads; 0.00% per-thread avg)  msgs=0
[CPU compute ] process= 10.00% of 80 cores   system= 10.00%   (window 2s)

----- REMOTE CPU LOAD (memory node dir-threads, 2s window) -----
  dir 0: active=  0.00%  msgs=0           0 ns/msg
  dir 1: active=  0.00%  msgs=0           0 ns/msg
  dir 2: active=  0.00%  msgs=0           0 ns/msg
  dir 3: active=  0.00%  msgs=0           0 ns/msg
  dir 4: active=  0.00%  msgs=0           0 ns/msg
  dir 5: active=  0.00%  msgs=0           0 ns/msg
  dir 6: active=  0.00%  msgs=0           0 ns/msg
  AGGREGATE active = 0.00% (of 7 dir-threads; 0.00% per-thread avg)  msgs=0
[CPU compute ] process= 10.00% of 80 cores   system= 10.01%   (window 2s)

----- REMOTE CPU LOAD (memory node dir-threads, 2s window) -----
  dir 0: active=  0.00%  msgs=0           0 ns/msg
  dir 1: active=  0.00%  msgs=0           0 ns/msg
  dir 2: active=  0.00%  msgs=0           0 ns/msg
  dir 3: active=  0.00%  msgs=0           0 ns/msg
  dir 4: active=  0.00%  msgs=0           0 ns/msg
  dir 5: active=  0.00%  msgs=0           0 ns/msg
  dir 6: active=  0.00%  msgs=0           0 ns/msg
  AGGREGATE active = 0.00% (of 7 dir-threads; 0.00% per-thread avg)  msgs=0
[CPU compute ] process= 10.00% of 80 cores   system= 10.02%   (window 2s)

----- REMOTE CPU LOAD (memory node dir-threads, 2s window) -----
  dir 0: active=  0.00%  msgs=0           0 ns/msg
  dir 1: active=  0.00%  msgs=0           0 ns/msg
  dir 2: active=  0.00%  msgs=0           0 ns/msg
  dir 3: active=  0.00%  msgs=0           0 ns/msg
  dir 4: active=  0.00%  msgs=0           0 ns/msg
  dir 5: active=  0.00%  msgs=0           0 ns/msg
  dir 6: active=  0.00%  msgs=0           0 ns/msg
  AGGREGATE active = 0.00% (of 7 dir-threads; 0.00% per-thread avg)  msgs=0
[CPU compute ] process= 10.00% of 80 cores   system= 11.80%   (window 2s)
#leaf nodes = 3846153
leaf size(MB) = 1878
#inner nodes = 3846104
inner size(MB) = 1877.98
Tree height = 22
Cache capacity = 1048576
max. leaf entries = 26
max. inner entries = 5
Inner page size = 160
Leaf page size = 512
node 0 finish its bulkload

----- REMOTE CPU LOAD (memory node dir-threads, 2s window) -----
  dir 0: active=  0.00%  msgs=0           0 ns/msg
  dir 1: active=  0.00%  msgs=0           0 ns/msg
  dir 2: active=  0.00%  msgs=0           0 ns/msg
  dir 3: active=  0.00%  msgs=0           0 ns/msg
  dir 4: active=  0.00%  msgs=0           0 ns/msg
  dir 5: active=  0.00%  msgs=0           0 ns/msg
  dir 6: active=  0.00%  msgs=0           0 ns/msg
  AGGREGATE active = 0.00% (of 7 dir-threads; 0.00% per-thread avg)  msgs=0
[CPU compute ] process= 10.00% of 80 cores   system= 10.01%   (window 2s)
IMPORTANT: my root is 3249844641398785
0 is ready for the benchmark
I am 0
Fetched new height = 22
I am 7
I am 1
I am 2
I am 11
I am 3
I am 5
I am 35
I am 10
I am 14
I am 6
I am 15
I am 17
I am 18
I am 23
I am 24
I am 12
I am 32
I am 25
I am 8
I am 26
I am 19
I am 20
I am 16
I am 27
I am 9
I am 28
I am 21
I am 22
I am 29
I am 4
I am 30
I am 31
I am 13
I am 34
I am 33
entering dynamic phase

----- REMOTE CPU LOAD (memory node dir-threads, 2s window) -----
  dir 0: active=  0.00%  msgs=0           0 ns/msg
  dir 1: active=  0.00%  msgs=0           0 ns/msg
  dir 2: active=  0.00%  msgs=0           0 ns/msg
  dir 3: active=  0.00%  msgs=0           0 ns/msg
  dir 4: active=  0.00%  msgs=0           0 ns/msg
  dir 5: active=  0.00%  msgs=0           0 ns/msg
  dir 6: active=  0.00%  msgs=0           0 ns/msg
  AGGREGATE active = 0.00% (of 7 dir-threads; 0.00% per-thread avg)  msgs=0
[CPU compute ] process= 45.15% of 80 cores   system= 45.18%   (window 2s)
Thread_op_num = 833333
node 0 finish warmup
Start collecting the statistic

----- REMOTE CPU LOAD (memory node dir-threads, 2s window) -----
  dir 0: active=  0.00%  msgs=0           0 ns/msg
  dir 1: active=  0.00%  msgs=0           0 ns/msg
  dir 2: active=  0.00%  msgs=0           0 ns/msg
  dir 3: active=  0.00%  msgs=0           0 ns/msg
  dir 4: active=  0.00%  msgs=0           0 ns/msg
  dir 5: active=  0.00%  msgs=0           0 ns/msg
  dir 6: active=  0.00%  msgs=0           0 ns/msg
  AGGREGATE active = 0.00% (of 7 dir-threads; 0.00% per-thread avg)  msgs=0
[CPU compute ] process= 53.74% of 80 cores   system= 53.76%   (window 2s)
0, throughput 8.4579
cluster throughput 8.457

----- REMOTE CPU LOAD (memory node dir-threads, 2s window) -----
  dir 0: active=  0.00%  msgs=0           0 ns/msg
  dir 1: active=  0.00%  msgs=0           0 ns/msg
  dir 2: active=  0.00%  msgs=0           0 ns/msg
  dir 3: active=  0.00%  msgs=0           0 ns/msg
  dir 4: active=  0.00%  msgs=0           0 ns/msg
  dir 5: active=  0.00%  msgs=0           0 ns/msg
  dir 6: active=  0.00%  msgs=0           0 ns/msg
  AGGREGATE active = 0.00% (of 7 dir-threads; 0.00% per-thread avg)  msgs=0
[CPU compute ] process= 51.13% of 80 cores   system= 51.15%   (window 2s)
0, throughput 6.3596
cluster throughput 6.359

----- REMOTE CPU LOAD (memory node dir-threads, 2s window) -----
  dir 0: active=  0.00%  msgs=0           0 ns/msg
  dir 1: active=  0.00%  msgs=0           0 ns/msg
  dir 2: active=  0.00%  msgs=0           0 ns/msg
  dir 3: active=  0.00%  msgs=0           0 ns/msg
  dir 4: active=  0.00%  msgs=0           0 ns/msg
  dir 5: active=  0.00%  msgs=0           0 ns/msg
  dir 6: active=  0.00%  msgs=0           0 ns/msg
  AGGREGATE active = 0.00% (of 7 dir-threads; 0.00% per-thread avg)  msgs=0
[CPU compute ] process=  8.75% of 80 cores   system= 10.69%   (window 2s)
0, throughput 0.0000
cluster throughput 0.000
The time duration = 6 seconds

----- REMOTE CPU LOAD (memory node dir-threads, 2s window) -----
  dir 0: active=  0.00%  msgs=0           0 ns/msg
  dir 1: active=  0.00%  msgs=0           0 ns/msg
  dir 2: active=  0.00%  msgs=0           0 ns/msg
  dir 3: active=  0.00%  msgs=0           0 ns/msg
  dir 4: active=  0.00%  msgs=0           0 ns/msg
  dir 5: active=  0.00%  msgs=0           0 ns/msg
  dir 6: active=  0.00%  msgs=0           0 ns/msg
  AGGREGATE active = 0.00% (of 7 dir-threads; 0.00% per-thread avg)  msgs=0
[CPU compute ] process=  8.75% of 80 cores   system=  8.76%   (window 2s)

==================== LATENCY BUCKETS (500 ns) [node 0] ====================
[LOOKUP]
  ALL                n=29637037   mean=    4.21us  p50=   6.00us  p90=   8.50us  p99=  10.50us  p99.9=  13.50us  max>=608.00us
  LOCAL (cache hit)  n=13640972   mean=    0.70us  p50=   1.00us  p90=   1.50us  p99=   2.50us  p99.9=   3.00us  max>= 57.50us
  REMOTE (miss/rpc)  n=15996065   mean=    7.21us  p50=   7.00us  p90=   9.00us  p99=  11.50us  p99.9=  14.00us  max>=608.00us
[ALL OPS]
  ALL                n=29637037   mean=    4.21us  p50=   6.00us  p90=   8.50us  p99=  10.50us  p99.9=  13.50us  max>=608.00us
  LOCAL (cache hit)  n=13640972   mean=    0.70us  p50=   1.00us  p90=   1.50us  p99=   2.50us  p99.9=   3.00us  max>= 57.50us
  REMOTE (miss/rpc)  n=15996065   mean=    7.21us  p50=   7.00us  p90=   9.00us  p99=  11.50us  p99.9=  14.00us  max>=608.00us

----- 500 ns bucket CDF (all ops) [node 0] -----
  bucket [lo,hi) ns             count        pct       cdf
  [        0,      500)      4364403   14.7262%  14.7262%
  [      500,     1000)      7387587   24.9269%  39.6531%
  [     1000,     1500)      1096368    3.6993%  43.3524%
  [     1500,     2000)       596017    2.0111%  45.3634%
  [     2000,     2500)       167113    0.5639%  45.9273%
  [     2500,     3000)        18998    0.0641%  45.9914%
  [     3000,     3500)         1730    0.0058%  45.9972%
  [     3500,     4000)         1900    0.0064%  46.0036%
  [     4000,     4500)         6985    0.0236%  46.0272%
  [     4500,     5000)        74031    0.2498%  46.2770%
  [     5000,     5500)       484118    1.6335%  47.9105%
  [     5500,     6000)      1577389    5.3224%  53.2328%
  [     6000,     6500)      2804393    9.4625%  62.6953%
  [     6500,     7000)      3112206   10.5011%  73.1964%
  [     7000,     7500)      2595769    8.7585%  81.9549%
  [     7500,     8000)      1916728    6.4673%  88.4223%
  [     8000,     8500)      1299104    4.3834%  92.8056%
  [     8500,     9000)       835073    2.8177%  95.6233%
  [     9000,     9500)       514108    1.7347%  97.3580%
  [     9500,    10000)       308960    1.0425%  98.4005%
  [    10000,    10500)       182408    0.6155%  99.0159%
  [    10500,    11000)       107708    0.3634%  99.3794%
  [    11000,    11500)        65359    0.2205%  99.5999%
  [    11500,    12000)        41109    0.1387%  99.7386%
  [    12000,    12500)        26648    0.0899%  99.8285%
  [    12500,    13000)        17219    0.0581%  99.8866%
  [    13000,    13500)        11051    0.0373%  99.9239%
  [    13500,    14000)         6887    0.0232%  99.9471%
  [    14000,    14500)         4619    0.0156%  99.9627%
  [    14500,    15000)         2903    0.0098%  99.9725%
  [    15000,    15500)         1935    0.0065%  99.9790%
  [    15500,    16000)         1280    0.0043%  99.9834%
  [    16000,    16500)          939    0.0032%  99.9865%
  [    16500,    17000)          695    0.0023%  99.9889%
  [    17000,    17500)          536    0.0018%  99.9907%
  [    17500,    18000)          357    0.0012%  99.9919%
  [    18000,    18500)          297    0.0010%  99.9929%
  [    18500,    19000)          249    0.0008%  99.9937%
  [    19000,    19500)          125    0.0004%  99.9942%
  [    19500,    20000)          100    0.0003%  99.9945%
  [    20000,    20500)          103    0.0003%  99.9948%
  [    20500,    21000)           62    0.0002%  99.9950%
  [    21000,    21500)           63    0.0002%  99.9953%
  [    21500,    22000)           51    0.0002%  99.9954%
  [    22000,    22500)           50    0.0002%  99.9956%
  [    22500,    23000)           54    0.0002%  99.9958%
  [    23000,    23500)           41    0.0001%  99.9959%
  [    23500,    24000)           45    0.0002%  99.9961%
  [    24000,    24500)           43    0.0001%  99.9962%
  [    24500,    25000)           40    0.0001%  99.9964%
  [    25000,    25500)           35    0.0001%  99.9965%
  [    25500,    26000)           49    0.0002%  99.9966%
  [    26000,    26500)           33    0.0001%  99.9967%
  [    26500,    27000)           45    0.0002%  99.9969%
  [    27000,    27500)           32    0.0001%  99.9970%
  [    27500,    28000)           38    0.0001%  99.9971%
  [    28000,    28500)           43    0.0001%  99.9973%
  [    28500,    29000)           43    0.0001%  99.9974%
  [    29000,    29500)           40    0.0001%  99.9976%
  [    29500,    30000)           30    0.0001%  99.9977%
  [    30000,    30500)           24    0.0001%  99.9977%
  [    30500,    31000)           24    0.0001%  99.9978%
  [    31000,    31500)           21    0.0001%  99.9979%
  [    31500,    32000)           16    0.0001%  99.9979%
  [    32000,    32500)           15    0.0001%  99.9980%
  [    32500,    33000)           11    0.0000%  99.9980%
  [    33000,    33500)           11    0.0000%  99.9981%
  [    33500,    34000)           17    0.0001%  99.9981%
  [    34000,    34500)           11    0.0000%  99.9982%
  [    34500,    35000)           22    0.0001%  99.9982%
  [    35000,    35500)           13    0.0000%  99.9983%
  [    35500,    36000)           15    0.0001%  99.9983%
  [    36000,    36500)           15    0.0001%  99.9984%
  [    36500,    37000)           16    0.0001%  99.9984%
  [    37000,    37500)           13    0.0000%  99.9985%
  [    37500,    38000)           10    0.0000%  99.9985%
  [    38000,    38500)            7    0.0000%  99.9985%
  [    38500,    39000)            9    0.0000%  99.9986%
  [    39000,    39500)            6    0.0000%  99.9986%
  [    39500,    40000)            4    0.0000%  99.9986%
  [    40000,    40500)            4    0.0000%  99.9986%
  [    40500,    41000)            2    0.0000%  99.9986%
  [    41000,    41500)           11    0.0000%  99.9987%
  [    41500,    42000)            7    0.0000%  99.9987%
  [    42000,    42500)            2    0.0000%  99.9987%
  [    42500,    43000)           11    0.0000%  99.9987%
  [    43000,    43500)            8    0.0000%  99.9988%
  [    43500,    44000)            5    0.0000%  99.9988%
  [    44000,    44500)            7    0.0000%  99.9988%
  [    44500,    45000)            6    0.0000%  99.9988%
  [    45000,    45500)            4    0.0000%  99.9988%
  [    45500,    46000)            4    0.0000%  99.9988%
  [    46000,    46500)           10    0.0000%  99.9989%
  [    46500,    47000)            2    0.0000%  99.9989%
  [    47000,    47500)            3    0.0000%  99.9989%
  [    47500,    48000)            5    0.0000%  99.9989%
  [    48000,    48500)            5    0.0000%  99.9989%
  [    48500,    49000)            7    0.0000%  99.9990%
  [    49000,    49500)            3    0.0000%  99.9990%
  [    49500,    50000)            3    0.0000%  99.9990%
  [    50000,    50500)            3    0.0000%  99.9990%
  [    50500,    51000)            2    0.0000%  99.9990%
  [    51000,    51500)            7    0.0000%  99.9990%
  [    51500,    52000)            1    0.0000%  99.9990%
  [    52000,    52500)            4    0.0000%  99.9990%
  [    52500,    53000)            3    0.0000%  99.9990%
  [    53000,    53500)            6    0.0000%  99.9991%
  [    53500,    54000)            5    0.0000%  99.9991%
  [    54000,    54500)            4    0.0000%  99.9991%
  [    54500,    55000)            3    0.0000%  99.9991%
  [    55000,    55500)            2    0.0000%  99.9991%
  [    55500,    56000)            6    0.0000%  99.9991%
  [    56000,    56500)            3    0.0000%  99.9991%
  [    57000,    57500)            6    0.0000%  99.9992%
  [    57500,    58000)            2    0.0000%  99.9992%
  [    58000,    58500)            4    0.0000%  99.9992%
  [    58500,    59000)            1    0.0000%  99.9992%
  [    59500,    60000)            4    0.0000%  99.9992%
  [    60000,    60500)            2    0.0000%  99.9992%
  [    60500,    61000)            1    0.0000%  99.9992%
  [    61000,    61500)            2    0.0000%  99.9992%
  [    61500,    62000)            8    0.0000%  99.9992%
  [    62000,    62500)            3    0.0000%  99.9993%
  [    62500,    63000)            5    0.0000%  99.9993%
  [    63000,    63500)            4    0.0000%  99.9993%
  [    63500,    64000)            3    0.0000%  99.9993%
  [    64000,    64500)            1    0.0000%  99.9993%
  [    65000,    65500)            1    0.0000%  99.9993%
  [    65500,    66000)            2    0.0000%  99.9993%
  [    66500,    67000)            4    0.0000%  99.9993%
  [    67000,    67500)            4    0.0000%  99.9993%
  [    67500,    68000)            4    0.0000%  99.9993%
  [    68000,    68500)            1    0.0000%  99.9993%
  [    68500,    69000)            3    0.0000%  99.9994%
  [    69000,    69500)            2    0.0000%  99.9994%
  [    69500,    70000)            1    0.0000%  99.9994%
  [    70000,    70500)            3    0.0000%  99.9994%
  [    70500,    71000)            2    0.0000%  99.9994%
  [    71000,    71500)            1    0.0000%  99.9994%
  [    71500,    72000)            7    0.0000%  99.9994%
  [    72000,    72500)            3    0.0000%  99.9994%
  [    72500,    73000)            3    0.0000%  99.9994%
  [    73000,    73500)            1    0.0000%  99.9994%
  [    73500,    74000)            2    0.0000%  99.9994%
  [    74000,    74500)            2    0.0000%  99.9995%
  [    74500,    75000)            2    0.0000%  99.9995%
  [    75000,    75500)            2    0.0000%  99.9995%
  [    75500,    76000)            2    0.0000%  99.9995%
  [    76000,    76500)            2    0.0000%  99.9995%
  [    76500,    77000)            3    0.0000%  99.9995%
  [    77000,    77500)            1    0.0000%  99.9995%
  [    77500,    78000)            5    0.0000%  99.9995%
  [    78000,    78500)            2    0.0000%  99.9995%
  [    78500,    79000)            5    0.0000%  99.9995%
  [    79000,    79500)            4    0.0000%  99.9995%
  [    79500,    80000)            5    0.0000%  99.9996%
  [    80000,    80500)            1    0.0000%  99.9996%
  [    80500,    81000)            3    0.0000%  99.9996%
  [    81000,    81500)            2    0.0000%  99.9996%
  [    83000,    83500)            3    0.0000%  99.9996%
  [    83500,    84000)            1    0.0000%  99.9996%
  [    86000,    86500)            1    0.0000%  99.9996%
  [    87000,    87500)            3    0.0000%  99.9996%
  [    87500,    88000)            1    0.0000%  99.9996%
  [    90000,    90500)            1    0.0000%  99.9996%
  [    91000,    91500)            4    0.0000%  99.9996%
  [    91500,    92000)            1    0.0000%  99.9996%
  [   150000,   150500)            1    0.0000%  99.9996%
  [   154000,   154500)            2    0.0000%  99.9996%
  [   154500,   155000)            1    0.0000%  99.9996%
  [   155000,   155500)            5    0.0000%  99.9997%
  [   155500,   156000)            2    0.0000%  99.9997%
  [   156000,   156500)            3    0.0000%  99.9997%
  [   156500,   157000)            2    0.0000%  99.9997%
  [   157000,   157500)            1    0.0000%  99.9997%
  [   158500,   159000)            2    0.0000%  99.9997%
  [   159000,   159500)            1    0.0000%  99.9997%
  [   160000,   160500)            1    0.0000%  99.9997%
  [   162000,   162500)            1    0.0000%  99.9997%
  [   162500,   163000)            1    0.0000%  99.9997%
  [   163500,   164000)            1    0.0000%  99.9997%
  [   164500,   165000)            1    0.0000%  99.9997%
  [   165000,   165500)            2    0.0000%  99.9997%
  [   165500,   166000)            3    0.0000%  99.9997%
  [   169000,   169500)            1    0.0000%  99.9997%
  [   169500,   170000)            1    0.0000%  99.9997%
  [   170000,   170500)            2    0.0000%  99.9997%
  [   170500,   171000)            2    0.0000%  99.9998%
  [   257500,   258000)            1    0.0000%  99.9998%
  [   575000,   575500)            1    0.0000%  99.9998%
  [   576500,   577000)            2    0.0000%  99.9998%
  [   577000,   577500)            3    0.0000%  99.9998%
  [   577500,   578000)            2    0.0000%  99.9998%
  [   579500,   580000)            3    0.0000%  99.9998%
  [   580000,   580500)            1    0.0000%  99.9998%
  [   580500,   581000)            1    0.0000%  99.9998%
  [   581000,   581500)            2    0.0000%  99.9998%
  [   582000,   582500)            4    0.0000%  99.9998%
  [   582500,   583000)            1    0.0000%  99.9998%
  [   583000,   583500)            3    0.0000%  99.9998%
  [   583500,   584000)            2    0.0000%  99.9998%
  [   584000,   584500)            1    0.0000%  99.9998%
  [   584500,   585000)            2    0.0000%  99.9999%
  [   585000,   585500)            1    0.0000%  99.9999%
  [   585500,   586000)            2    0.0000%  99.9999%
  [   586000,   586500)            1    0.0000%  99.9999%
  [   586500,   587000)            3    0.0000%  99.9999%
  [   587000,   587500)            1    0.0000%  99.9999%
  [   588000,   588500)            2    0.0000%  99.9999%
  [   588500,   589000)            5    0.0000%  99.9999%
  [   589000,   589500)            5    0.0000%  99.9999%
  [   589500,   590000)            1    0.0000%  99.9999%
  [   590000,   590500)            7    0.0000%  99.9999%
  [   590500,   591000)            1    0.0000%  99.9999%
  [   591000,   591500)            1    0.0000% 100.0000%
  [   591500,   592000)            1    0.0000% 100.0000%
  [   597000,   597500)            1    0.0000% 100.0000%
  [   599000,   599500)            2    0.0000% 100.0000%
  [   600500,   601000)            2    0.0000% 100.0000%
  [   601000,   601500)            1    0.0000% 100.0000%
  [   601500,   602000)            1    0.0000% 100.0000%
  [   602000,   602500)            3    0.0000% 100.0000%
  [   603000,   603500)            1    0.0000% 100.0000%
  [   604000,   604500)            1    0.0000% 100.0000%
  [   607500,   608000)            1    0.0000% 100.0000%

----- REMOTE OPERATIONS [node 0] -----
  ops total                = 29637037
  ops local  (cache hit)   = 13640972 (46.03%)
  ops remote (>=1 net op)  = 15996065 (53.97%)
  remote ops total         = 16042579
    rdma read              = 46514
    rdma write             = 0
    rdma cas               = 0
    rpc pushdown           = 15996065
  remote ops / op          = 0.5413
  remote ops / remote op   = 1.0029

----- OFFLOADED TASKS [node 0] -----
  lookup pushdowns         = 15996065
  scan    pushdowns (RPC)  = 0
    kv pairs returned      = 0
    leaves scanned remotely= 0
    kv / scan pushdown     = 0.00
    leaves / scan pushdown = 0.00
  per-thread breakdown (tid: lookups | scans | kv | leaves):
    t0        442169 |          0 |          0 |          0
    t1        443309 |          0 |          0 |          0
    t2        445861 |          0 |          0 |          0
    t3        442198 |          0 |          0 |          0
    t4        442132 |          0 |          0 |          0
    t5        443788 |          0 |          0 |          0
    t6        446637 |          0 |          0 |          0
    t7        442972 |          0 |          0 |          0
    t8        449326 |          0 |          0 |          0
    t9        443349 |          0 |          0 |          0
    t10       448120 |          0 |          0 |          0
    t11       445016 |          0 |          0 |          0
    t12       441010 |          0 |          0 |          0
    t13       443666 |          0 |          0 |          0
    t14       445550 |          0 |          0 |          0
    t15       441827 |          0 |          0 |          0
    t16       445668 |          0 |          0 |          0
    t17       445830 |          0 |          0 |          0
    t18       444153 |          0 |          0 |          0
    t19       444079 |          0 |          0 |          0
    t20       449360 |          0 |          0 |          0
    t21       444117 |          0 |          0 |          0
    t22       440309 |          0 |          0 |          0
    t23       441875 |          0 |          0 |          0
    t24       448129 |          0 |          0 |          0
    t25       444828 |          0 |          0 |          0
    t26       441015 |          0 |          0 |          0
    t27       441382 |          0 |          0 |          0
    t28       446398 |          0 |          0 |          0
    t29       445321 |          0 |          0 |          0
    t30       445584 |          0 |          0 |          0
    t31       444254 |          0 |          0 |          0
    t32       446172 |          0 |          0 |          0
    t33       444488 |          0 |          0 |          0
    t34       443893 |          0 |          0 |          0
    t35       442280 |          0 |          0 |          0

----- PATH-AWARE CACHE MISS RATE [node 0] -----
  node accesses (hit+miss) = 594468408
  node cache hits          = 578425829 (97.30%)
  MISS RATE                = 2.6986%  (16042579 / 594468408)
  inner-node miss          = 12538594 (78.16% of misses, 2.1092% rate)
  leaf-node  miss          = 3503985 (21.84% of misses, 0.5894% rate)
  total miss               = 16042579
  cache writebacks         = 0
=========================================================================

Round 0 (max_throughput): 8.48482 Mops/s
Round 0 (straggler_throughput): 8.4848 Mops/s
Before barrier finish
Avg. rdma read time(ms) = 0
Avg. rdma write time(ms) = -nan
Avg. rdma read / op = 0.00156946
Avg. rdma write / op = 0
Avg. rdma cas / op = 0
Avg. rdma rpc / op = 0.539732
Avg. all rdma / op = 0.541302
Avg. rdma read size/ op = 18.6147
Avg. rdma write size / op = 0
Avg. rdma RW size / op = 18.6147
------------------------------------------
Node 0 average throughput = 7.408
Node 0 total throughput = 8.48482
All CN throughput (Max) = 8.48482
All CN throughput (Straggler) = 8.4848
Final throughput = 8.4848
------------------------------------------
