Compute node count = 1
kNodeCount 2, kReadRatio 0, kInsertRatio 0, kUpdateRatio 0, kDeleteRatio 0, kRangeRatio 100, totalThreadCount 36, memThreadCount 1 cache_size 64, uniform_workload 1, zipfian 0.990000, bulk_load_num 50000000, warmup_num 10000000, op_num 30000000, check_correctness 0, time_based 0, early_stop 1, index 0, rpc_rate 1.000000, admission_rate 0.100000, auto_tune 0
kMaxThread = 36
KeySpace = 50001000
[GEOMETRY] inner_page=160 leaf_page=512 inner_entries=5 leaf_entries=26 slot=512 placement=mn_only
[4mshared memory size: 64GB, 0x7fef77200000[0m
[4mcache size: 2GB[0m
[4mMachine NR: 2[0m
[4mMax_APP_THREAD: 36[0m
[4mNR_DIRECTORY: 16[0m
[4mStart Build the DSMKeeper[0m
I am servers 0 [255.127.0.0]
I connect server 1
[4mdir 0 launch! (core 79 of 80)
[0m
CNode 0, left bound = 0, right bound = 18446744073709551615
Pushdown (RPC) Rate: 1
Admission Rate: 0.1
Cache size(MB) = 64
-----Cache initial addr = 0x7fef64000000
page num = 131072
alloc_unit = 512
entry_num: 131072
bucket_num: 43691
Bucket size = 64
entry_num: 13107
bucket_num: 2185
start generating tree
num_partitions = 1
Success: tree root pointer value [1, 67108864]
finish generating tree
Bulkload num in node 0 = 50000000

----- REMOTE CPU LOAD (memory node dir-threads, 2s window) -----
  dir 0: active=  0.00%  msgs=0           0 ns/msg
  AGGREGATE active = 0.00% (of 1 dir-threads; 0.00% per-thread avg)  msgs=0
[CPU compute ] process=  2.50% of 80 cores   system=  2.51%   (window 2s)
First key of bulkloading = 7325973
Last key of bulkloading = 26738230
node warmup num = 9999972
kReadRatio =0
insertmark =0
updatemark =0
deletemark =0
rangemark =100
Finish warmup workload generation

----- REMOTE CPU LOAD (memory node dir-threads, 2s window) -----
  dir 0: active=  0.00%  msgs=0           0 ns/msg
  AGGREGATE active = 0.00% (of 1 dir-threads; 0.00% per-thread avg)  msgs=0
[CPU compute ] process=  2.50% of 80 cores   system=  2.50%   (window 2s)

----- REMOTE CPU LOAD (memory node dir-threads, 2s window) -----
  dir 0: active=  0.00%  msgs=0           0 ns/msg
  AGGREGATE active = 0.00% (of 1 dir-threads; 0.00% per-thread avg)  msgs=0
[CPU compute ] process=  2.50% of 80 cores   system=  4.49%   (window 2s)

----- REMOTE CPU LOAD (memory node dir-threads, 2s window) -----
  dir 0: active=  0.00%  msgs=0           0 ns/msg
  AGGREGATE active = 0.00% (of 1 dir-threads; 0.00% per-thread avg)  msgs=0
[CPU compute ] process=  2.50% of 80 cores   system=  2.51%   (window 2s)

----- REMOTE CPU LOAD (memory node dir-threads, 2s window) -----
  dir 0: active=  0.00%  msgs=0           0 ns/msg
  AGGREGATE active = 0.00% (of 1 dir-threads; 0.00% per-thread avg)  msgs=0
[CPU compute ] process=  2.50% of 80 cores   system=  2.50%   (window 2s)

----- REMOTE CPU LOAD (memory node dir-threads, 2s window) -----
  dir 0: active=  0.00%  msgs=0           0 ns/msg
  AGGREGATE active = 0.00% (of 1 dir-threads; 0.00% per-thread avg)  msgs=0
[CPU compute ] process=  2.50% of 80 cores   system=  2.51%   (window 2s)

----- REMOTE CPU LOAD (memory node dir-threads, 2s window) -----
  dir 0: active=  0.00%  msgs=0           0 ns/msg
  AGGREGATE active = 0.00% (of 1 dir-threads; 0.00% per-thread avg)  msgs=0
[CPU compute ] process=  2.50% of 80 cores   system=  2.51%   (window 2s)
node op_num = 29999988
Finish all workload generation

----- REMOTE CPU LOAD (memory node dir-threads, 2s window) -----
  dir 0: active=  0.00%  msgs=0           0 ns/msg
  AGGREGATE active = 0.00% (of 1 dir-threads; 0.00% per-thread avg)  msgs=0
[CPU compute ] process=  2.50% of 80 cores   system=  4.48%   (window 2s)

----- REMOTE CPU LOAD (memory node dir-threads, 2s window) -----
  dir 0: active=  0.00%  msgs=0           0 ns/msg
  AGGREGATE active = 0.00% (of 1 dir-threads; 0.00% per-thread avg)  msgs=0
[CPU compute ] process=  2.50% of 80 cores   system=  2.51%   (window 2s)

----- REMOTE CPU LOAD (memory node dir-threads, 2s window) -----
  dir 0: active=  0.00%  msgs=0           0 ns/msg
  AGGREGATE active = 0.00% (of 1 dir-threads; 0.00% per-thread avg)  msgs=0
[CPU compute ] process=  2.50% of 80 cores   system=  2.51%   (window 2s)
Fetched new height = 1
Success: tree root pointer value [1, 67109888]
Height = 2
Success: tree root pointer value [1, 67112448]
Height = 3
Success: tree root pointer value [1, 67118080]
Height = 4

----- REMOTE CPU LOAD (memory node dir-threads, 2s window) -----
  dir 0: active=  0.00%  msgs=0           0 ns/msg
  AGGREGATE active = 0.00% (of 1 dir-threads; 0.00% per-thread avg)  msgs=0
[CPU compute ] process=  2.50% of 80 cores   system=  2.51%   (window 2s)
Success: tree root pointer value [1, 67129856]
Height = 5
Success: tree root pointer value [1, 67153920]
Height = 6
Success: tree root pointer value [1, 67202560]
Height = 7
Success: tree root pointer value [1, 67300352]
Height = 8
Success: tree root pointer value [1, 67496448]
Height = 9
Success: tree root pointer value [1, 67889152]
Height = 10
Success: tree root pointer value [1, 68675072]
Height = 11
Success: tree root pointer value [1, 70247424]
Height = 12
Success: tree root pointer value [1, 73392640]
Height = 13
Success: tree root pointer value [1, 79683584]
Height = 14
Success: tree root pointer value [1, 92265984]
Height = 15
Success: tree root pointer value [1, 117431808]
Height = 16
entering dynamic phase
Success: tree root pointer value [1, 167763456]
Height = 17

----- REMOTE CPU LOAD (memory node dir-threads, 2s window) -----
  dir 0: active=  0.00%  msgs=0           0 ns/msg
  AGGREGATE active = 0.00% (of 1 dir-threads; 0.00% per-thread avg)  msgs=0
[CPU compute ] process=  2.50% of 80 cores   system=  2.51%   (window 2s)
Success: tree root pointer value [1, 268427776]
Height = 18

----- REMOTE CPU LOAD (memory node dir-threads, 2s window) -----
  dir 0: active=  0.00%  msgs=0           0 ns/msg
  AGGREGATE active = 0.00% (of 1 dir-threads; 0.00% per-thread avg)  msgs=0
[CPU compute ] process=  2.50% of 80 cores   system=  4.37%   (window 2s)
Success: tree root pointer value [1, 469756928]
Height = 19

----- REMOTE CPU LOAD (memory node dir-threads, 2s window) -----
  dir 0: active=  0.00%  msgs=0           0 ns/msg
  AGGREGATE active = 0.00% (of 1 dir-threads; 0.00% per-thread avg)  msgs=0
[CPU compute ] process=  2.50% of 80 cores   system=  2.51%   (window 2s)

----- REMOTE CPU LOAD (memory node dir-threads, 2s window) -----
  dir 0: active=  0.00%  msgs=0           0 ns/msg
  AGGREGATE active = 0.00% (of 1 dir-threads; 0.00% per-thread avg)  msgs=0
[CPU compute ] process=  2.50% of 80 cores   system=  2.50%   (window 2s)

----- REMOTE CPU LOAD (memory node dir-threads, 2s window) -----
  dir 0: active=  0.00%  msgs=0           0 ns/msg
  AGGREGATE active = 0.00% (of 1 dir-threads; 0.00% per-thread avg)  msgs=0
[CPU compute ] process=  2.50% of 80 cores   system=  2.51%   (window 2s)
Success: tree root pointer value [1, 872416256]
Height = 20

----- REMOTE CPU LOAD (memory node dir-threads, 2s window) -----
  dir 0: active=  0.00%  msgs=0           0 ns/msg
  AGGREGATE active = 0.00% (of 1 dir-threads; 0.00% per-thread avg)  msgs=0
[CPU compute ] process=  2.49% of 80 cores   system=  2.50%   (window 2s)

----- REMOTE CPU LOAD (memory node dir-threads, 2s window) -----
  dir 0: active=  0.00%  msgs=0           0 ns/msg
  AGGREGATE active = 0.00% (of 1 dir-threads; 0.00% per-thread avg)  msgs=0
[CPU compute ] process=  2.50% of 80 cores   system=  4.47%   (window 2s)

----- REMOTE CPU LOAD (memory node dir-threads, 2s window) -----
  dir 0: active=  0.00%  msgs=0           0 ns/msg
  AGGREGATE active = 0.00% (of 1 dir-threads; 0.00% per-thread avg)  msgs=0
[CPU compute ] process=  2.51% of 80 cores   system=  2.51%   (window 2s)

----- REMOTE CPU LOAD (memory node dir-threads, 2s window) -----
  dir 0: active=  0.00%  msgs=0           0 ns/msg
  AGGREGATE active = 0.00% (of 1 dir-threads; 0.00% per-thread avg)  msgs=0
[CPU compute ] process=  2.49% of 80 cores   system=  2.50%   (window 2s)

----- REMOTE CPU LOAD (memory node dir-threads, 2s window) -----
  dir 0: active=  0.00%  msgs=0           0 ns/msg
  AGGREGATE active = 0.00% (of 1 dir-threads; 0.00% per-thread avg)  msgs=0
[CPU compute ] process=  2.50% of 80 cores   system=  2.51%   (window 2s)

----- REMOTE CPU LOAD (memory node dir-threads, 2s window) -----
  dir 0: active=  0.00%  msgs=0           0 ns/msg
  AGGREGATE active = 0.00% (of 1 dir-threads; 0.00% per-thread avg)  msgs=0
[CPU compute ] process=  2.51% of 80 cores   system=  2.51%   (window 2s)
Success: tree root pointer value [1, 1677734400]
Height = 21

----- REMOTE CPU LOAD (memory node dir-threads, 2s window) -----
  dir 0: active=  0.00%  msgs=0           0 ns/msg
  AGGREGATE active = 0.00% (of 1 dir-threads; 0.00% per-thread avg)  msgs=0
[CPU compute ] process=  2.50% of 80 cores   system=  4.17%   (window 2s)

----- REMOTE CPU LOAD (memory node dir-threads, 2s window) -----
  dir 0: active=  0.00%  msgs=0           0 ns/msg
  AGGREGATE active = 0.00% (of 1 dir-threads; 0.00% per-thread avg)  msgs=0
[CPU compute ] process=  2.50% of 80 cores   system=  2.64%   (window 2s)

----- REMOTE CPU LOAD (memory node dir-threads, 2s window) -----
  dir 0: active=  0.00%  msgs=0           0 ns/msg
  AGGREGATE active = 0.00% (of 1 dir-threads; 0.00% per-thread avg)  msgs=0
[CPU compute ] process=  2.50% of 80 cores   system=  2.51%   (window 2s)

----- REMOTE CPU LOAD (memory node dir-threads, 2s window) -----
  dir 0: active=  0.00%  msgs=0           0 ns/msg
  AGGREGATE active = 0.00% (of 1 dir-threads; 0.00% per-thread avg)  msgs=0
[CPU compute ] process=  2.50% of 80 cores   system=  2.51%   (window 2s)

----- REMOTE CPU LOAD (memory node dir-threads, 2s window) -----
  dir 0: active=  0.00%  msgs=0           0 ns/msg
  AGGREGATE active = 0.00% (of 1 dir-threads; 0.00% per-thread avg)  msgs=0
[CPU compute ] process=  2.50% of 80 cores   system=  2.51%   (window 2s)

----- REMOTE CPU LOAD (memory node dir-threads, 2s window) -----
  dir 0: active=  0.00%  msgs=0           0 ns/msg
  AGGREGATE active = 0.00% (of 1 dir-threads; 0.00% per-thread avg)  msgs=0
[CPU compute ] process=  2.50% of 80 cores   system=  2.50%   (window 2s)

----- REMOTE CPU LOAD (memory node dir-threads, 2s window) -----
  dir 0: active=  0.00%  msgs=0           0 ns/msg
  AGGREGATE active = 0.00% (of 1 dir-threads; 0.00% per-thread avg)  msgs=0
[CPU compute ] process=  2.50% of 80 cores   system=  4.47%   (window 2s)

----- REMOTE CPU LOAD (memory node dir-threads, 2s window) -----
  dir 0: active=  0.00%  msgs=0           0 ns/msg
  AGGREGATE active = 0.00% (of 1 dir-threads; 0.00% per-thread avg)  msgs=0
[CPU compute ] process=  2.50% of 80 cores   system=  2.51%   (window 2s)

----- REMOTE CPU LOAD (memory node dir-threads, 2s window) -----
  dir 0: active=  0.00%  msgs=0           0 ns/msg
  AGGREGATE active = 0.00% (of 1 dir-threads; 0.00% per-thread avg)  msgs=0
[CPU compute ] process=  2.50% of 80 cores   system=  2.51%   (window 2s)

----- REMOTE CPU LOAD (memory node dir-threads, 2s window) -----
  dir 0: active=  0.00%  msgs=0           0 ns/msg
  AGGREGATE active = 0.00% (of 1 dir-threads; 0.00% per-thread avg)  msgs=0
[CPU compute ] process=  2.50% of 80 cores   system=  2.51%   (window 2s)

----- REMOTE CPU LOAD (memory node dir-threads, 2s window) -----
  dir 0: active=  0.00%  msgs=0           0 ns/msg
  AGGREGATE active = 0.00% (of 1 dir-threads; 0.00% per-thread avg)  msgs=0
[CPU compute ] process=  2.50% of 80 cores   system=  2.50%   (window 2s)
Success: tree root pointer value [1, 3288371200]
Height = 22

----- REMOTE CPU LOAD (memory node dir-threads, 2s window) -----
  dir 0: active=  0.00%  msgs=0           0 ns/msg
  AGGREGATE active = 0.00% (of 1 dir-threads; 0.00% per-thread avg)  msgs=0
[CPU compute ] process=  2.50% of 80 cores   system=  4.49%   (window 2s)

----- REMOTE CPU LOAD (memory node dir-threads, 2s window) -----
  dir 0: active=  0.00%  msgs=0           0 ns/msg
  AGGREGATE active = 0.00% (of 1 dir-threads; 0.00% per-thread avg)  msgs=0
[CPU compute ] process=  2.50% of 80 cores   system=  2.51%   (window 2s)

----- REMOTE CPU LOAD (memory node dir-threads, 2s window) -----
  dir 0: active=  0.00%  msgs=0           0 ns/msg
  AGGREGATE active = 0.00% (of 1 dir-threads; 0.00% per-thread avg)  msgs=0
[CPU compute ] process=  2.51% of 80 cores   system=  2.50%   (window 2s)

----- REMOTE CPU LOAD (memory node dir-threads, 2s window) -----
  dir 0: active=  0.00%  msgs=0           0 ns/msg
  AGGREGATE active = 0.00% (of 1 dir-threads; 0.00% per-thread avg)  msgs=0
[CPU compute ] process=  2.50% of 80 cores   system=  2.51%   (window 2s)

----- REMOTE CPU LOAD (memory node dir-threads, 2s window) -----
  dir 0: active=  0.00%  msgs=0           0 ns/msg
  AGGREGATE active = 0.00% (of 1 dir-threads; 0.00% per-thread avg)  msgs=0
[CPU compute ] process=  2.50% of 80 cores   system=  2.51%   (window 2s)
#leaf nodes = 3846153
leaf size(MB) = 1878
#inner nodes = 3846104
inner size(MB) = 1877.98
Tree height = 22
Cache capacity = 131072
max. leaf entries = 26
max. inner entries = 5
Inner page size = 160
Leaf page size = 512
node 0 finish its bulkload

----- REMOTE CPU LOAD (memory node dir-threads, 2s window) -----
  dir 0: active=  0.00%  msgs=0           0 ns/msg
  AGGREGATE active = 0.00% (of 1 dir-threads; 0.00% per-thread avg)  msgs=0
[CPU compute ] process=  2.50% of 80 cores   system=  4.41%   (window 2s)
IMPORTANT: my root is 215506694963201
0 is ready for the benchmark
I am 0
Fetched new height = 22
I am 19
I am 3
I am 5
I am 15
I am 18
I am 8
I am 11
I am 17
I am 23
I am 9
I am 22
I am 1
I am 6
I am 12
I am 4
I am 13
I am 14
I am 16
I am 20
I am 21
I am 7
I am 24
I am 10
I am 2
I am 25
I am 26
I am 28
I am 27
I am 34
I am 31
I am 32
I am 30
I am 29
I am 33
I am 35
entering dynamic phase

----- REMOTE CPU LOAD (memory node dir-threads, 2s window) -----
  dir 0: active=  0.00%  msgs=0           0 ns/msg
  AGGREGATE active = 0.00% (of 1 dir-threads; 0.00% per-thread avg)  msgs=0
[CPU compute ] process= 45.11% of 80 cores   system= 45.13%   (window 2s)

----- REMOTE CPU LOAD (memory node dir-threads, 2s window) -----
  dir 0: active=  0.00%  msgs=0           0 ns/msg
  AGGREGATE active = 0.00% (of 1 dir-threads; 0.00% per-thread avg)  msgs=0
[CPU compute ] process= 46.26% of 80 cores   system= 46.27%   (window 2s)

----- REMOTE CPU LOAD (memory node dir-threads, 2s window) -----
  dir 0: active=  0.00%  msgs=0           0 ns/msg
  AGGREGATE active = 0.00% (of 1 dir-threads; 0.00% per-thread avg)  msgs=0
[CPU compute ] process= 46.24% of 80 cores   system= 46.25%   (window 2s)

----- REMOTE CPU LOAD (memory node dir-threads, 2s window) -----
  dir 0: active=  0.00%  msgs=0           0 ns/msg
  AGGREGATE active = 0.00% (of 1 dir-threads; 0.00% per-thread avg)  msgs=0
[CPU compute ] process= 46.25% of 80 cores   system= 46.27%   (window 2s)

----- REMOTE CPU LOAD (memory node dir-threads, 2s window) -----
  dir 0: active=  0.00%  msgs=0           0 ns/msg
  AGGREGATE active = 0.00% (of 1 dir-threads; 0.00% per-thread avg)  msgs=0
[CPU compute ] process= 46.24% of 80 cores   system= 47.35%   (window 2s)

----- REMOTE CPU LOAD (memory node dir-threads, 2s window) -----
  dir 0: active=  0.00%  msgs=0           0 ns/msg
  AGGREGATE active = 0.00% (of 1 dir-threads; 0.00% per-thread avg)  msgs=0
[CPU compute ] process= 46.26% of 80 cores   system= 46.27%   (window 2s)

----- REMOTE CPU LOAD (memory node dir-threads, 2s window) -----
  dir 0: active=  0.00%  msgs=0           0 ns/msg
  AGGREGATE active = 0.00% (of 1 dir-threads; 0.00% per-thread avg)  msgs=0
[CPU compute ] process= 46.25% of 80 cores   system= 46.26%   (window 2s)

----- REMOTE CPU LOAD (memory node dir-threads, 2s window) -----
  dir 0: active=  0.00%  msgs=0           0 ns/msg
  AGGREGATE active = 0.00% (of 1 dir-threads; 0.00% per-thread avg)  msgs=0
[CPU compute ] process= 46.24% of 80 cores   system= 46.27%   (window 2s)

----- REMOTE CPU LOAD (memory node dir-threads, 2s window) -----
  dir 0: active=  0.00%  msgs=0           0 ns/msg
  AGGREGATE active = 0.00% (of 1 dir-threads; 0.00% per-thread avg)  msgs=0
[CPU compute ] process= 46.25% of 80 cores   system= 46.26%   (window 2s)

----- REMOTE CPU LOAD (memory node dir-threads, 2s window) -----
  dir 0: active=  0.00%  msgs=0           0 ns/msg
  AGGREGATE active = 0.00% (of 1 dir-threads; 0.00% per-thread avg)  msgs=0
[CPU compute ] process= 46.25% of 80 cores   system= 47.37%   (window 2s)
Thread_op_num = 833333

----- REMOTE CPU LOAD (memory node dir-threads, 2s window) -----
  dir 0: active=  0.00%  msgs=0           0 ns/msg
  AGGREGATE active = 0.00% (of 1 dir-threads; 0.00% per-thread avg)  msgs=0
[CPU compute ] process= 46.25% of 80 cores   system= 46.27%   (window 2s)
node 0 finish warmup

----- REMOTE CPU LOAD (memory node dir-threads, 2s window) -----
  dir 0: active=  0.00%  msgs=0           0 ns/msg
  AGGREGATE active = 0.00% (of 1 dir-threads; 0.00% per-thread avg)  msgs=0
[CPU compute ] process= 46.25% of 80 cores   system= 46.26%   (window 2s)
Start collecting the statistic

----- REMOTE CPU LOAD (memory node dir-threads, 2s window) -----
  dir 0: active=  0.00%  msgs=0           0 ns/msg
  AGGREGATE active = 0.00% (of 1 dir-threads; 0.00% per-thread avg)  msgs=0
[CPU compute ] process= 46.24% of 80 cores   system= 46.26%   (window 2s)
0, throughput 0.5595
cluster throughput 0.559

----- REMOTE CPU LOAD (memory node dir-threads, 2s window) -----
  dir 0: active=  0.00%  msgs=0           0 ns/msg
  AGGREGATE active = 0.00% (of 1 dir-threads; 0.00% per-thread avg)  msgs=0
[CPU compute ] process= 46.24% of 80 cores   system= 46.26%   (window 2s)
0, throughput 0.5594
cluster throughput 0.559

----- REMOTE CPU LOAD (memory node dir-threads, 2s window) -----
  dir 0: active=  0.00%  msgs=0           0 ns/msg
  AGGREGATE active = 0.00% (of 1 dir-threads; 0.00% per-thread avg)  msgs=0
[CPU compute ] process= 46.27% of 80 cores   system= 47.41%   (window 2s)
0, throughput 0.5591
cluster throughput 0.559

----- REMOTE CPU LOAD (memory node dir-threads, 2s window) -----
  dir 0: active=  0.00%  msgs=0           0 ns/msg
  AGGREGATE active = 0.00% (of 1 dir-threads; 0.00% per-thread avg)  msgs=0
[CPU compute ] process= 46.24% of 80 cores   system= 46.27%   (window 2s)
0, throughput 0.5590
cluster throughput 0.559

----- REMOTE CPU LOAD (memory node dir-threads, 2s window) -----
  dir 0: active=  0.00%  msgs=0           0 ns/msg
  AGGREGATE active = 0.00% (of 1 dir-threads; 0.00% per-thread avg)  msgs=0
[CPU compute ] process= 46.24% of 80 cores   system= 46.26%   (window 2s)
0, throughput 0.5590
cluster throughput 0.558

----- REMOTE CPU LOAD (memory node dir-threads, 2s window) -----
  dir 0: active=  0.00%  msgs=0           0 ns/msg
  AGGREGATE active = 0.00% (of 1 dir-threads; 0.00% per-thread avg)  msgs=0
[CPU compute ] process= 46.24% of 80 cores   system= 46.26%   (window 2s)
0, throughput 0.5593
cluster throughput 0.559

----- REMOTE CPU LOAD (memory node dir-threads, 2s window) -----
  dir 0: active=  0.00%  msgs=0           0 ns/msg
  AGGREGATE active = 0.00% (of 1 dir-threads; 0.00% per-thread avg)  msgs=0
[CPU compute ] process= 46.27% of 80 cores   system= 46.27%   (window 2s)
0, throughput 0.5590
cluster throughput 0.558

----- REMOTE CPU LOAD (memory node dir-threads, 2s window) -----
  dir 0: active=  0.00%  msgs=0           0 ns/msg
  AGGREGATE active = 0.00% (of 1 dir-threads; 0.00% per-thread avg)  msgs=0
[CPU compute ] process= 46.24% of 80 cores   system= 46.49%   (window 2s)
0, throughput 0.5588
cluster throughput 0.558

----- REMOTE CPU LOAD (memory node dir-threads, 2s window) -----
  dir 0: active=  0.00%  msgs=0           0 ns/msg
  AGGREGATE active = 0.00% (of 1 dir-threads; 0.00% per-thread avg)  msgs=0
[CPU compute ] process= 46.24% of 80 cores   system= 47.24%   (window 2s)
0, throughput 0.5588
cluster throughput 0.558

----- REMOTE CPU LOAD (memory node dir-threads, 2s window) -----
  dir 0: active=  0.00%  msgs=0           0 ns/msg
  AGGREGATE active = 0.00% (of 1 dir-threads; 0.00% per-thread avg)  msgs=0
[CPU compute ] process= 46.27% of 80 cores   system= 46.27%   (window 2s)
0, throughput 0.5592
cluster throughput 0.559

----- REMOTE CPU LOAD (memory node dir-threads, 2s window) -----
  dir 0: active=  0.00%  msgs=0           0 ns/msg
  AGGREGATE active = 0.00% (of 1 dir-threads; 0.00% per-thread avg)  msgs=0
[CPU compute ] process= 46.24% of 80 cores   system= 46.26%   (window 2s)
0, throughput 0.5590
cluster throughput 0.559

----- REMOTE CPU LOAD (memory node dir-threads, 2s window) -----
  dir 0: active=  0.00%  msgs=0           0 ns/msg
  AGGREGATE active = 0.00% (of 1 dir-threads; 0.00% per-thread avg)  msgs=0
[CPU compute ] process= 46.24% of 80 cores   system= 46.26%   (window 2s)
0, throughput 0.5590
cluster throughput 0.559

----- REMOTE CPU LOAD (memory node dir-threads, 2s window) -----
  dir 0: active=  0.00%  msgs=0           0 ns/msg
  AGGREGATE active = 0.00% (of 1 dir-threads; 0.00% per-thread avg)  msgs=0
[CPU compute ] process= 46.24% of 80 cores   system= 46.26%   (window 2s)
0, throughput 0.5592
cluster throughput 0.559

----- REMOTE CPU LOAD (memory node dir-threads, 2s window) -----
  dir 0: active=  0.00%  msgs=0           0 ns/msg
  AGGREGATE active = 0.00% (of 1 dir-threads; 0.00% per-thread avg)  msgs=0
[CPU compute ] process= 46.27% of 80 cores   system= 47.47%   (window 2s)
0, throughput 0.5591
cluster throughput 0.559

----- REMOTE CPU LOAD (memory node dir-threads, 2s window) -----
  dir 0: active=  0.00%  msgs=0           0 ns/msg
  AGGREGATE active = 0.00% (of 1 dir-threads; 0.00% per-thread avg)  msgs=0
[CPU compute ] process= 46.24% of 80 cores   system= 46.26%   (window 2s)
0, throughput 0.5590
cluster throughput 0.558

----- REMOTE CPU LOAD (memory node dir-threads, 2s window) -----
  dir 0: active=  0.00%  msgs=0           0 ns/msg
  AGGREGATE active = 0.00% (of 1 dir-threads; 0.00% per-thread avg)  msgs=0
[CPU compute ] process= 46.24% of 80 cores   system= 46.26%   (window 2s)
0, throughput 0.5593
cluster throughput 0.559

----- REMOTE CPU LOAD (memory node dir-threads, 2s window) -----
  dir 0: active=  0.00%  msgs=0           0 ns/msg
  AGGREGATE active = 0.00% (of 1 dir-threads; 0.00% per-thread avg)  msgs=0
[CPU compute ] process= 46.27% of 80 cores   system= 46.28%   (window 2s)
0, throughput 0.5591
cluster throughput 0.559

----- REMOTE CPU LOAD (memory node dir-threads, 2s window) -----
  dir 0: active=  0.00%  msgs=0           0 ns/msg
  AGGREGATE active = 0.00% (of 1 dir-threads; 0.00% per-thread avg)  msgs=0
[CPU compute ] process= 46.24% of 80 cores   system= 46.26%   (window 2s)
0, throughput 0.5589
cluster throughput 0.558

----- REMOTE CPU LOAD (memory node dir-threads, 2s window) -----
  dir 0: active=  0.00%  msgs=0           0 ns/msg
  AGGREGATE active = 0.00% (of 1 dir-threads; 0.00% per-thread avg)  msgs=0
[CPU compute ] process= 46.24% of 80 cores   system= 47.27%   (window 2s)
0, throughput 0.5590
cluster throughput 0.558

----- REMOTE CPU LOAD (memory node dir-threads, 2s window) -----
  dir 0: active=  0.00%  msgs=0           0 ns/msg
  AGGREGATE active = 0.00% (of 1 dir-threads; 0.00% per-thread avg)  msgs=0
[CPU compute ] process= 46.24% of 80 cores   system= 46.27%   (window 2s)
0, throughput 0.5591
cluster throughput 0.559

----- REMOTE CPU LOAD (memory node dir-threads, 2s window) -----
  dir 0: active=  0.00%  msgs=0           0 ns/msg
  AGGREGATE active = 0.00% (of 1 dir-threads; 0.00% per-thread avg)  msgs=0
[CPU compute ] process= 46.27% of 80 cores   system= 46.27%   (window 2s)
0, throughput 0.5592
cluster throughput 0.559

----- REMOTE CPU LOAD (memory node dir-threads, 2s window) -----
  dir 0: active=  0.00%  msgs=0           0 ns/msg
  AGGREGATE active = 0.00% (of 1 dir-threads; 0.00% per-thread avg)  msgs=0
[CPU compute ] process= 46.24% of 80 cores   system= 46.28%   (window 2s)
0, throughput 0.5591
cluster throughput 0.559

----- REMOTE CPU LOAD (memory node dir-threads, 2s window) -----
  dir 0: active=  0.00%  msgs=0           0 ns/msg
  AGGREGATE active = 0.00% (of 1 dir-threads; 0.00% per-thread avg)  msgs=0
[CPU compute ] process= 46.26% of 80 cores   system= 46.27%   (window 2s)
0, throughput 0.5588
cluster throughput 0.558

----- REMOTE CPU LOAD (memory node dir-threads, 2s window) -----
  dir 0: active=  0.00%  msgs=0           0 ns/msg
  AGGREGATE active = 0.00% (of 1 dir-threads; 0.00% per-thread avg)  msgs=0
[CPU compute ] process= 46.24% of 80 cores   system= 47.31%   (window 2s)
0, throughput 0.5588
cluster throughput 0.558

----- REMOTE CPU LOAD (memory node dir-threads, 2s window) -----
  dir 0: active=  0.00%  msgs=0           0 ns/msg
  AGGREGATE active = 0.00% (of 1 dir-threads; 0.00% per-thread avg)  msgs=0
[CPU compute ] process= 46.24% of 80 cores   system= 46.26%   (window 2s)
0, throughput 0.5592
cluster throughput 0.559

----- REMOTE CPU LOAD (memory node dir-threads, 2s window) -----
  dir 0: active=  0.00%  msgs=0           0 ns/msg
  AGGREGATE active = 0.00% (of 1 dir-threads; 0.00% per-thread avg)  msgs=0
[CPU compute ] process= 46.24% of 80 cores   system= 46.26%   (window 2s)
0, throughput 0.5592
cluster throughput 0.559

----- REMOTE CPU LOAD (memory node dir-threads, 2s window) -----
  dir 0: active=  0.00%  msgs=0           0 ns/msg
  AGGREGATE active = 0.00% (of 1 dir-threads; 0.00% per-thread avg)  msgs=0
[CPU compute ] process= 19.87% of 80 cores   system= 19.88%   (window 2s)
0, throughput 0.2193
cluster throughput 0.219

----- REMOTE CPU LOAD (memory node dir-threads, 2s window) -----
  dir 0: active=  0.00%  msgs=0           0 ns/msg
  AGGREGATE active = 0.00% (of 1 dir-threads; 0.00% per-thread avg)  msgs=0
[CPU compute ] process=  1.25% of 80 cores   system=  1.26%   (window 2s)
0, throughput 0.0000
cluster throughput 0.000
The time duration = 56 seconds

----- REMOTE CPU LOAD (memory node dir-threads, 2s window) -----
  dir 0: active=  0.00%  msgs=0           0 ns/msg
  AGGREGATE active = 0.00% (of 1 dir-threads; 0.00% per-thread avg)  msgs=0
[CPU compute ] process=  1.25% of 80 cores   system=  3.22%   (window 2s)

==================== LATENCY BUCKETS (500 ns) [node 0] ====================
[RANGE]
  ALL                n=29516179   mean=   64.34us  p50=  65.00us  p90=  72.00us  p99=  78.50us  p99.9=  85.50us  max>=942.50us
  LOCAL (cache hit)         (no samples)
  REMOTE (miss/rpc)  n=29516179   mean=   64.34us  p50=  65.00us  p90=  72.00us  p99=  78.50us  p99.9=  85.50us  max>=942.50us
[ALL OPS]
  ALL                n=29516179   mean=   64.34us  p50=  65.00us  p90=  72.00us  p99=  78.50us  p99.9=  85.50us  max>=942.50us
  LOCAL (cache hit)         (no samples)
  REMOTE (miss/rpc)  n=29516179   mean=   64.34us  p50=  65.00us  p90=  72.00us  p99=  78.50us  p99.9=  85.50us  max>=942.50us

----- 500 ns bucket CDF (all ops) [node 0] -----
  bucket [lo,hi) ns             count        pct       cdf
  [    16500,    17000)            1    0.0000%   0.0000%
  [    18000,    18500)            1    0.0000%   0.0000%
  [    18500,    19000)            1    0.0000%   0.0000%
  [    24000,    24500)            3    0.0000%   0.0000%
  [    24500,    25000)            2    0.0000%   0.0000%
  [    25000,    25500)            1    0.0000%   0.0000%
  [    25500,    26000)            4    0.0000%   0.0000%
  [    26000,    26500)            2    0.0000%   0.0001%
  [    26500,    27000)            5    0.0000%   0.0001%
  [    27000,    27500)            1    0.0000%   0.0001%
  [    27500,    28000)            1    0.0000%   0.0001%
  [    28000,    28500)            2    0.0000%   0.0001%
  [    28500,    29000)            3    0.0000%   0.0001%
  [    29000,    29500)            2    0.0000%   0.0001%
  [    29500,    30000)            5    0.0000%   0.0001%
  [    30000,    30500)            5    0.0000%   0.0001%
  [    30500,    31000)            6    0.0000%   0.0002%
  [    31000,    31500)           13    0.0000%   0.0002%
  [    31500,    32000)           19    0.0001%   0.0003%
  [    32000,    32500)           23    0.0001%   0.0003%
  [    32500,    33000)           32    0.0001%   0.0004%
  [    33000,    33500)           51    0.0002%   0.0006%
  [    33500,    34000)           70    0.0002%   0.0009%
  [    34000,    34500)          140    0.0005%   0.0013%
  [    34500,    35000)          188    0.0006%   0.0020%
  [    35000,    35500)          293    0.0010%   0.0030%
  [    35500,    36000)          423    0.0014%   0.0044%
  [    36000,    36500)          585    0.0020%   0.0064%
  [    36500,    37000)          812    0.0028%   0.0091%
  [    37000,    37500)         1200    0.0041%   0.0132%
  [    37500,    38000)         1687    0.0057%   0.0189%
  [    38000,    38500)         2157    0.0073%   0.0262%
  [    38500,    39000)         2699    0.0091%   0.0354%
  [    39000,    39500)         3493    0.0118%   0.0472%
  [    39500,    40000)         4360    0.0148%   0.0620%
  [    40000,    40500)         5395    0.0183%   0.0802%
  [    40500,    41000)         6386    0.0216%   0.1019%
  [    41000,    41500)         7395    0.0251%   0.1269%
  [    41500,    42000)         8744    0.0296%   0.1566%
  [    42000,    42500)        10135    0.0343%   0.1909%
  [    42500,    43000)        11796    0.0400%   0.2309%
  [    43000,    43500)        13429    0.0455%   0.2764%
  [    43500,    44000)        15411    0.0522%   0.3286%
  [    44000,    44500)        17400    0.0590%   0.3875%
  [    44500,    45000)        19799    0.0671%   0.4546%
  [    45000,    45500)        22119    0.0749%   0.5295%
  [    45500,    46000)        25797    0.0874%   0.6169%
  [    46000,    46500)        29251    0.0991%   0.7160%
  [    46500,    47000)        35175    0.1192%   0.8352%
  [    47000,    47500)        36990    0.1253%   0.9605%
  [    47500,    48000)        42061    0.1425%   1.1030%
  [    48000,    48500)        48977    0.1659%   1.2690%
  [    48500,    49000)        56948    0.1929%   1.4619%
  [    49000,    49500)        63494    0.2151%   1.6770%
  [    49500,    50000)        70979    0.2405%   1.9175%
  [    50000,    50500)        80169    0.2716%   2.1891%
  [    50500,    51000)        92066    0.3119%   2.5010%
  [    51000,    51500)       102041    0.3457%   2.8467%
  [    51500,    52000)       115706    0.3920%   3.2387%
  [    52000,    52500)       132066    0.4474%   3.6862%
  [    52500,    53000)       150797    0.5109%   4.1971%
  [    53000,    53500)       166101    0.5627%   4.7598%
  [    53500,    54000)       183560    0.6219%   5.3817%
  [    54000,    54500)       206716    0.7003%   6.0821%
  [    54500,    55000)       253237    0.8580%   6.9400%
  [    55000,    55500)       272322    0.9226%   7.8626%
  [    55500,    56000)       301023    1.0199%   8.8825%
  [    56000,    56500)       329399    1.1160%   9.9985%
  [    56500,    57000)       372271    1.2612%  11.2597%
  [    57000,    57500)       415420    1.4074%  12.6672%
  [    57500,    58000)       459193    1.5557%  14.2229%
  [    58000,    58500)       502911    1.7038%  15.9268%
  [    58500,    59000)       549901    1.8630%  17.7898%
  [    59000,    59500)       598788    2.0287%  19.8185%
  [    59500,    60000)       646832    2.1914%  22.0099%
  [    60000,    60500)       692285    2.3454%  24.3554%
  [    60500,    61000)       762314    2.5827%  26.9381%
  [    61000,    61500)       828682    2.8076%  29.7456%
  [    61500,    62000)       874888    2.9641%  32.7097%
  [    62000,    62500)       903255    3.0602%  35.7699%
  [    62500,    63000)       948810    3.2145%  38.9845%
  [    63000,    63500)      1005907    3.4080%  42.3924%
  [    63500,    64000)      1045157    3.5410%  45.9334%
  [    64000,    64500)      1057269    3.5820%  49.5154%
  [    64500,    65000)      1036469    3.5115%  53.0269%
  [    65000,    65500)      1045172    3.5410%  56.5680%
  [    65500,    66000)      1036265    3.5108%  60.0788%
  [    66000,    66500)      1019324    3.4534%  63.5322%
  [    66500,    67000)       984079    3.3340%  66.8663%
  [    67000,    67500)       951323    3.2231%  70.0893%
  [    67500,    68000)       900647    3.0514%  73.1407%
  [    68000,    68500)       842471    2.8543%  75.9950%
  [    68500,    69000)       768616    2.6040%  78.5990%
  [    69000,    69500)       726840    2.4625%  81.0615%
  [    69500,    70000)       682636    2.3128%  83.3743%
  [    70000,    70500)       656441    2.2240%  85.5983%
  [    70500,    71000)       544093    1.8434%  87.4416%
  [    71000,    71500)       486321    1.6476%  89.0893%
  [    71500,    72000)       447371    1.5157%  90.6050%
  [    72000,    72500)       408973    1.3856%  91.9906%
  [    72500,    73000)       355450    1.2043%  93.1948%
  [    73000,    73500)       308725    1.0460%  94.2408%
  [    73500,    74000)       267735    0.9071%  95.1478%
  [    74000,    74500)       231838    0.7855%  95.9333%
  [    74500,    75000)       197434    0.6689%  96.6022%
  [    75000,    75500)       168363    0.5704%  97.1726%
  [    75500,    76000)       144081    0.4881%  97.6608%
  [    76000,    76500)       124070    0.4203%  98.0811%
  [    76500,    77000)       100338    0.3399%  98.4210%
  [    77000,    77500)        81721    0.2769%  98.6979%
  [    77500,    78000)        66853    0.2265%  98.9244%
  [    78000,    78500)        61202    0.2074%  99.1318%
  [    78500,    79000)        47441    0.1607%  99.2925%
  [    79000,    79500)        38334    0.1299%  99.4224%
  [    79500,    80000)        30283    0.1026%  99.5250%
  [    80000,    80500)        24621    0.0834%  99.6084%
  [    80500,    81000)        20039    0.0679%  99.6763%
  [    81000,    81500)        16262    0.0551%  99.7314%
  [    81500,    82000)        12843    0.0435%  99.7749%
  [    82000,    82500)        10332    0.0350%  99.8099%
  [    82500,    83000)         7761    0.0263%  99.8362%
  [    83000,    83500)         6254    0.0212%  99.8574%
  [    83500,    84000)         4815    0.0163%  99.8737%
  [    84000,    84500)         3880    0.0131%  99.8868%
  [    84500,    85000)         3178    0.0108%  99.8976%
  [    85000,    85500)         2406    0.0082%  99.9057%
  [    85500,    86000)         1840    0.0062%  99.9120%
  [    86000,    86500)         1387    0.0047%  99.9167%
  [    86500,    87000)         1144    0.0039%  99.9205%
  [    87000,    87500)          890    0.0030%  99.9236%
  [    87500,    88000)          692    0.0023%  99.9259%
  [    88000,    88500)          540    0.0018%  99.9277%
  [    88500,    89000)          503    0.0017%  99.9294%
  [    89000,    89500)          410    0.0014%  99.9308%
  [    89500,    90000)          350    0.0012%  99.9320%
  [    90000,    90500)          306    0.0010%  99.9331%
  [    90500,    91000)          306    0.0010%  99.9341%
  [    91000,    91500)          294    0.0010%  99.9351%
  [    91500,    92000)          287    0.0010%  99.9361%
  [    92000,    92500)          273    0.0009%  99.9370%
  [    92500,    93000)          255    0.0009%  99.9378%
  [    93000,    93500)          283    0.0010%  99.9388%
  [    93500,    94000)          292    0.0010%  99.9398%
  [    94000,    94500)          240    0.0008%  99.9406%
  [    94500,    95000)          274    0.0009%  99.9415%
  [    95000,    95500)          242    0.0008%  99.9424%
  [    95500,    96000)          317    0.0011%  99.9434%
  [    96000,    96500)          313    0.0011%  99.9445%
  [    96500,    97000)          323    0.0011%  99.9456%
  [    97000,    97500)          331    0.0011%  99.9467%
  [    97500,    98000)          319    0.0011%  99.9478%
  [    98000,    98500)          265    0.0009%  99.9487%
  [    98500,    99000)          299    0.0010%  99.9497%
  [    99000,    99500)          330    0.0011%  99.9508%
  [    99500,   100000)          350    0.0012%  99.9520%
  [   100000,   100500)          318    0.0011%  99.9531%
  [   100500,   101000)          349    0.0012%  99.9543%
  [   101000,   101500)          298    0.0010%  99.9553%
  [   101500,   102000)          352    0.0012%  99.9565%
  [   102000,   102500)          308    0.0010%  99.9575%
  [   102500,   103000)          309    0.0010%  99.9586%
  [   103000,   103500)          288    0.0010%  99.9595%
  [   103500,   104000)          281    0.0010%  99.9605%
  [   104000,   104500)          258    0.0009%  99.9614%
  [   104500,   105000)          267    0.0009%  99.9623%
  [   105000,   105500)          257    0.0009%  99.9631%
  [   105500,   106000)          247    0.0008%  99.9640%
  [   106000,   106500)          245    0.0008%  99.9648%
  [   106500,   107000)          230    0.0008%  99.9656%
  [   107000,   107500)          238    0.0008%  99.9664%
  [   107500,   108000)          212    0.0007%  99.9671%
  [   108000,   108500)          221    0.0007%  99.9679%
  [   108500,   109000)          216    0.0007%  99.9686%
  [   109000,   109500)          202    0.0007%  99.9693%
  [   109500,   110000)          162    0.0005%  99.9698%
  [   110000,   110500)          157    0.0005%  99.9703%
  [   110500,   111000)          182    0.0006%  99.9710%
  [   111000,   111500)          165    0.0006%  99.9715%
  [   111500,   112000)          154    0.0005%  99.9720%
  [   112000,   112500)          145    0.0005%  99.9725%
  [   112500,   113000)          178    0.0006%  99.9731%
  [   113000,   113500)          157    0.0005%  99.9737%
  [   113500,   114000)          141    0.0005%  99.9741%
  [   114000,   114500)          138    0.0005%  99.9746%
  [   114500,   115000)          134    0.0005%  99.9751%
  [   115000,   115500)          130    0.0004%  99.9755%
  [   115500,   116000)          137    0.0005%  99.9760%
  [   116000,   116500)          122    0.0004%  99.9764%
  [   116500,   117000)          121    0.0004%  99.9768%
  [   117000,   117500)          129    0.0004%  99.9772%
  [   117500,   118000)          128    0.0004%  99.9777%
  [   118000,   118500)          122    0.0004%  99.9781%
  [   118500,   119000)          101    0.0003%  99.9784%
  [   119000,   119500)          134    0.0005%  99.9789%
  [   119500,   120000)          109    0.0004%  99.9792%
  [   120000,   120500)          116    0.0004%  99.9796%
  [   120500,   121000)          103    0.0003%  99.9800%
  [   121000,   121500)          109    0.0004%  99.9804%
  [   121500,   122000)          102    0.0003%  99.9807%
  [   122000,   122500)           93    0.0003%  99.9810%
  [   122500,   123000)           81    0.0003%  99.9813%
  [   123000,   123500)           94    0.0003%  99.9816%
  [   123500,   124000)           85    0.0003%  99.9819%
  [   124000,   124500)           85    0.0003%  99.9822%
  [   124500,   125000)           78    0.0003%  99.9825%
  [   125000,   125500)           83    0.0003%  99.9827%
  [   125500,   126000)           74    0.0003%  99.9830%
  [   126000,   126500)           78    0.0003%  99.9832%
  [   126500,   127000)           55    0.0002%  99.9834%
  [   127000,   127500)           60    0.0002%  99.9836%
  [   127500,   128000)           74    0.0003%  99.9839%
  [   128000,   128500)           68    0.0002%  99.9841%
  [   128500,   129000)           50    0.0002%  99.9843%
  [   129000,   129500)           43    0.0001%  99.9844%
  [   129500,   130000)           39    0.0001%  99.9846%
  [   130000,   130500)           40    0.0001%  99.9847%
  [   130500,   131000)           34    0.0001%  99.9848%
  [   131000,   131500)           39    0.0001%  99.9850%
  [   131500,   132000)           30    0.0001%  99.9851%
  [   132000,   132500)           28    0.0001%  99.9851%
  [   132500,   133000)           33    0.0001%  99.9853%
  [   133000,   133500)           22    0.0001%  99.9853%
  [   133500,   134000)           25    0.0001%  99.9854%
  [   134000,   134500)           26    0.0001%  99.9855%
  [   134500,   135000)           24    0.0001%  99.9856%
  [   135000,   135500)           21    0.0001%  99.9857%
  [   135500,   136000)           19    0.0001%  99.9857%
  [   136000,   136500)           19    0.0001%  99.9858%
  [   136500,   137000)           19    0.0001%  99.9859%
  [   137000,   137500)           17    0.0001%  99.9859%
  [   137500,   138000)           18    0.0001%  99.9860%
  [   138000,   138500)           14    0.0000%  99.9860%
  [   138500,   139000)           12    0.0000%  99.9861%
  [   139000,   139500)           15    0.0001%  99.9861%
  [   139500,   140000)            8    0.0000%  99.9861%
  [   140000,   140500)            9    0.0000%  99.9862%
  [   140500,   141000)           12    0.0000%  99.9862%
  [   141000,   141500)           14    0.0000%  99.9863%
  [   141500,   142000)            8    0.0000%  99.9863%
  [   142000,   142500)           11    0.0000%  99.9863%
  [   142500,   143000)           12    0.0000%  99.9864%
  [   143000,   143500)           16    0.0001%  99.9864%
  [   143500,   144000)           18    0.0001%  99.9865%
  [   144000,   144500)           16    0.0001%  99.9865%
  [   144500,   145000)            8    0.0000%  99.9866%
  [   145000,   145500)           13    0.0000%  99.9866%
  [   145500,   146000)           17    0.0001%  99.9867%
  [   146000,   146500)           19    0.0001%  99.9867%
  [   146500,   147000)           23    0.0001%  99.9868%
  [   147000,   147500)           16    0.0001%  99.9869%
  [   147500,   148000)           13    0.0000%  99.9869%
  [   148000,   148500)           18    0.0001%  99.9870%
  [   148500,   149000)           20    0.0001%  99.9870%
  [   149000,   149500)           22    0.0001%  99.9871%
  [   149500,   150000)           18    0.0001%  99.9872%
  [   150000,   150500)           24    0.0001%  99.9872%
  [   150500,   151000)           15    0.0001%  99.9873%
  [   151000,   151500)           21    0.0001%  99.9874%
  [   151500,   152000)           17    0.0001%  99.9874%
  [   152000,   152500)           26    0.0001%  99.9875%
  [   152500,   153000)           21    0.0001%  99.9876%
  [   153000,   153500)           23    0.0001%  99.9877%
  [   153500,   154000)           26    0.0001%  99.9877%
  [   154000,   154500)           31    0.0001%  99.9879%
  [   154500,   155000)           27    0.0001%  99.9879%
  [   155000,   155500)           40    0.0001%  99.9881%
  [   155500,   156000)           29    0.0001%  99.9882%
  [   156000,   156500)           41    0.0001%  99.9883%
  [   156500,   157000)           46    0.0002%  99.9885%
  [   157000,   157500)           48    0.0002%  99.9886%
  [   157500,   158000)           46    0.0002%  99.9888%
  [   158000,   158500)           47    0.0002%  99.9890%
  [   158500,   159000)           49    0.0002%  99.9891%
  [   159000,   159500)           53    0.0002%  99.9893%
  [   159500,   160000)           59    0.0002%  99.9895%
  [   160000,   160500)           61    0.0002%  99.9897%
  [   160500,   161000)           50    0.0002%  99.9899%
  [   161000,   161500)           66    0.0002%  99.9901%
  [   161500,   162000)           56    0.0002%  99.9903%
  [   162000,   162500)           80    0.0003%  99.9906%
  [   162500,   163000)           63    0.0002%  99.9908%
  [   163000,   163500)           72    0.0002%  99.9910%
  [   163500,   164000)           55    0.0002%  99.9912%
  [   164000,   164500)           70    0.0002%  99.9914%
  [   164500,   165000)           68    0.0002%  99.9917%
  [   165000,   165500)           58    0.0002%  99.9919%
  [   165500,   166000)           58    0.0002%  99.9921%
  [   166000,   166500)           51    0.0002%  99.9922%
  [   166500,   167000)           49    0.0002%  99.9924%
  [   167000,   167500)           49    0.0002%  99.9926%
  [   167500,   168000)           47    0.0002%  99.9927%
  [   168000,   168500)           42    0.0001%  99.9929%
  [   168500,   169000)           43    0.0001%  99.9930%
  [   169000,   169500)           31    0.0001%  99.9931%
  [   169500,   170000)           37    0.0001%  99.9932%
  [   170000,   170500)           32    0.0001%  99.9934%
  [   170500,   171000)           28    0.0001%  99.9934%
  [   171000,   171500)           30    0.0001%  99.9935%
  [   171500,   172000)           29    0.0001%  99.9936%
  [   172000,   172500)           18    0.0001%  99.9937%
  [   172500,   173000)           14    0.0000%  99.9938%
  [   173000,   173500)           14    0.0000%  99.9938%
  [   173500,   174000)           17    0.0001%  99.9939%
  [   174000,   174500)           17    0.0001%  99.9939%
  [   174500,   175000)           11    0.0000%  99.9940%
  [   175000,   175500)            8    0.0000%  99.9940%
  [   175500,   176000)           11    0.0000%  99.9940%
  [   176000,   176500)            7    0.0000%  99.9940%
  [   176500,   177000)           10    0.0000%  99.9941%
  [   177000,   177500)            8    0.0000%  99.9941%
  [   177500,   178000)            4    0.0000%  99.9941%
  [   178000,   178500)           13    0.0000%  99.9942%
  [   178500,   179000)            8    0.0000%  99.9942%
  [   179000,   179500)           10    0.0000%  99.9942%
  [   179500,   180000)           12    0.0000%  99.9943%
  [   180000,   180500)            9    0.0000%  99.9943%
  [   180500,   181000)           13    0.0000%  99.9943%
  [   181000,   181500)           11    0.0000%  99.9944%
  [   181500,   182000)           13    0.0000%  99.9944%
  [   182000,   182500)           13    0.0000%  99.9945%
  [   182500,   183000)           10    0.0000%  99.9945%
  [   183000,   183500)            6    0.0000%  99.9945%
  [   183500,   184000)           14    0.0000%  99.9946%
  [   184000,   184500)           12    0.0000%  99.9946%
  [   184500,   185000)           13    0.0000%  99.9947%
  [   185000,   185500)           22    0.0001%  99.9947%
  [   185500,   186000)           21    0.0001%  99.9948%
  [   186000,   186500)           11    0.0000%  99.9948%
  [   186500,   187000)           19    0.0001%  99.9949%
  [   187000,   187500)           12    0.0000%  99.9949%
  [   187500,   188000)           16    0.0001%  99.9950%
  [   188000,   188500)           18    0.0001%  99.9951%
  [   188500,   189000)           20    0.0001%  99.9951%
  [   189000,   189500)           20    0.0001%  99.9952%
  [   189500,   190000)           12    0.0000%  99.9952%
  [   190000,   190500)           16    0.0001%  99.9953%
  [   190500,   191000)           12    0.0000%  99.9953%
  [   191000,   191500)           14    0.0000%  99.9954%
  [   191500,   192000)           11    0.0000%  99.9954%
  [   192000,   192500)           16    0.0001%  99.9955%
  [   192500,   193000)           10    0.0000%  99.9955%
  [   193000,   193500)           11    0.0000%  99.9955%
  [   193500,   194000)           10    0.0000%  99.9956%
  [   194000,   194500)           12    0.0000%  99.9956%
  [   194500,   195000)           11    0.0000%  99.9956%
  [   195000,   195500)           15    0.0001%  99.9957%
  [   195500,   196000)           16    0.0001%  99.9958%
  [   196000,   196500)            9    0.0000%  99.9958%
  [   196500,   197000)           11    0.0000%  99.9958%
  [   197000,   197500)           11    0.0000%  99.9959%
  [   197500,   198000)           10    0.0000%  99.9959%
  [   198000,   198500)           13    0.0000%  99.9959%
  [   198500,   199000)           11    0.0000%  99.9960%
  [   199000,   199500)           12    0.0000%  99.9960%
  [   199500,   200000)           13    0.0000%  99.9961%
  [   200000,   200500)            6    0.0000%  99.9961%
  [   200500,   201000)           15    0.0001%  99.9961%
  [   201000,   201500)            8    0.0000%  99.9962%
  [   201500,   202000)            7    0.0000%  99.9962%
  [   202000,   202500)           11    0.0000%  99.9962%
  [   202500,   203000)           13    0.0000%  99.9963%
  [   203000,   203500)            8    0.0000%  99.9963%
  [   203500,   204000)           12    0.0000%  99.9963%
  [   204000,   204500)            7    0.0000%  99.9964%
  [   204500,   205000)            6    0.0000%  99.9964%
  [   205000,   205500)           11    0.0000%  99.9964%
  [   205500,   206000)           12    0.0000%  99.9964%
  [   206000,   206500)            8    0.0000%  99.9965%
  [   206500,   207000)            8    0.0000%  99.9965%
  [   207000,   207500)            4    0.0000%  99.9965%
  [   207500,   208000)            8    0.0000%  99.9965%
  [   208000,   208500)           10    0.0000%  99.9966%
  [   208500,   209000)            8    0.0000%  99.9966%
  [   209000,   209500)           13    0.0000%  99.9966%
  [   209500,   210000)            6    0.0000%  99.9967%
  [   210000,   210500)            9    0.0000%  99.9967%
  [   210500,   211000)            8    0.0000%  99.9967%
  [   211000,   211500)            5    0.0000%  99.9967%
  [   211500,   212000)           10    0.0000%  99.9968%
  [   212000,   212500)            4    0.0000%  99.9968%
  [   212500,   213000)            7    0.0000%  99.9968%
  [   213000,   213500)            6    0.0000%  99.9968%
  [   213500,   214000)            6    0.0000%  99.9969%
  [   214000,   214500)            5    0.0000%  99.9969%
  [   214500,   215000)            4    0.0000%  99.9969%
  [   215000,   215500)            6    0.0000%  99.9969%
  [   215500,   216000)            7    0.0000%  99.9969%
  [   216000,   216500)            9    0.0000%  99.9970%
  [   216500,   217000)            4    0.0000%  99.9970%
  [   217000,   217500)            8    0.0000%  99.9970%
  [   217500,   218000)            6    0.0000%  99.9970%
  [   218000,   218500)            3    0.0000%  99.9970%
  [   218500,   219000)            4    0.0000%  99.9970%
  [   219000,   219500)            3    0.0000%  99.9971%
  [   219500,   220000)           10    0.0000%  99.9971%
  [   220000,   220500)            4    0.0000%  99.9971%
  [   220500,   221000)            5    0.0000%  99.9971%
  [   221000,   221500)            7    0.0000%  99.9971%
  [   221500,   222000)            5    0.0000%  99.9972%
  [   222000,   222500)            5    0.0000%  99.9972%
  [   222500,   223000)            2    0.0000%  99.9972%
  [   223000,   223500)            1    0.0000%  99.9972%
  [   223500,   224000)            5    0.0000%  99.9972%
  [   224000,   224500)            2    0.0000%  99.9972%
  [   224500,   225000)            2    0.0000%  99.9972%
  [   225000,   225500)            5    0.0000%  99.9972%
  [   225500,   226000)            6    0.0000%  99.9973%
  [   226000,   226500)            2    0.0000%  99.9973%
  [   226500,   227000)            2    0.0000%  99.9973%
  [   227000,   227500)            6    0.0000%  99.9973%
  [   228000,   228500)            5    0.0000%  99.9973%
  [   229000,   229500)            5    0.0000%  99.9973%
  [   229500,   230000)            2    0.0000%  99.9973%
  [   230000,   230500)            2    0.0000%  99.9973%
  [   230500,   231000)            3    0.0000%  99.9973%
  [   231000,   231500)            3    0.0000%  99.9974%
  [   231500,   232000)            1    0.0000%  99.9974%
  [   232000,   232500)            2    0.0000%  99.9974%
  [   232500,   233000)            4    0.0000%  99.9974%
  [   233000,   233500)            3    0.0000%  99.9974%
  [   233500,   234000)            1    0.0000%  99.9974%
  [   234000,   234500)            1    0.0000%  99.9974%
  [   234500,   235000)            1    0.0000%  99.9974%
  [   235000,   235500)            1    0.0000%  99.9974%
  [   236500,   237000)            2    0.0000%  99.9974%
  [   237000,   237500)            1    0.0000%  99.9974%
  [   237500,   238000)            1    0.0000%  99.9974%
  [   238000,   238500)            1    0.0000%  99.9974%
  [   238500,   239000)            2    0.0000%  99.9974%
  [   239000,   239500)            1    0.0000%  99.9974%
  [   239500,   240000)            2    0.0000%  99.9974%
  [   240000,   240500)            1    0.0000%  99.9974%
  [   240500,   241000)            3    0.0000%  99.9975%
  [   241500,   242000)            1    0.0000%  99.9975%
  [   242000,   242500)            2    0.0000%  99.9975%
  [   242500,   243000)            2    0.0000%  99.9975%
  [   243000,   243500)            1    0.0000%  99.9975%
  [   243500,   244000)            1    0.0000%  99.9975%
  [   244000,   244500)            1    0.0000%  99.9975%
  [   245000,   245500)            1    0.0000%  99.9975%
  [   245500,   246000)            1    0.0000%  99.9975%
  [   246500,   247000)            1    0.0000%  99.9975%
  [   247500,   248000)            1    0.0000%  99.9975%
  [   248500,   249000)            1    0.0000%  99.9975%
  [   249000,   249500)            2    0.0000%  99.9975%
  [   249500,   250000)            1    0.0000%  99.9975%
  [   250000,   250500)            1    0.0000%  99.9975%
  [   252500,   253000)            1    0.0000%  99.9975%
  [   254000,   254500)            1    0.0000%  99.9975%
  [   258500,   259000)            2    0.0000%  99.9975%
  [   259000,   259500)            1    0.0000%  99.9975%
  [   260000,   260500)            1    0.0000%  99.9975%
  [   262500,   263000)            2    0.0000%  99.9975%
  [   263000,   263500)            1    0.0000%  99.9975%
  [   263500,   264000)            1    0.0000%  99.9975%
  [   264500,   265000)            1    0.0000%  99.9975%
  [   265000,   265500)            1    0.0000%  99.9976%
  [   267500,   268000)            1    0.0000%  99.9976%
  [   269500,   270000)            4    0.0000%  99.9976%
  [   270500,   271000)            1    0.0000%  99.9976%
  [   271000,   271500)            1    0.0000%  99.9976%
  [   271500,   272000)            1    0.0000%  99.9976%
  [   272000,   272500)            2    0.0000%  99.9976%
  [   272500,   273000)            1    0.0000%  99.9976%
  [   273000,   273500)            1    0.0000%  99.9976%
  [   273500,   274000)            2    0.0000%  99.9976%
  [   274000,   274500)            2    0.0000%  99.9976%
  [   274500,   275000)            2    0.0000%  99.9976%
  [   275500,   276000)            1    0.0000%  99.9976%
  [   277500,   278000)            1    0.0000%  99.9976%
  [   278500,   279000)            1    0.0000%  99.9976%
  [   279000,   279500)            3    0.0000%  99.9976%
  [   279500,   280000)            2    0.0000%  99.9976%
  [   280000,   280500)            1    0.0000%  99.9976%
  [   281000,   281500)            4    0.0000%  99.9977%
  [   283000,   283500)            2    0.0000%  99.9977%
  [   283500,   284000)            1    0.0000%  99.9977%
  [   285000,   285500)            2    0.0000%  99.9977%
  [   285500,   286000)            2    0.0000%  99.9977%
  [   286500,   287000)            1    0.0000%  99.9977%
  [   287500,   288000)            1    0.0000%  99.9977%
  [   288500,   289000)            1    0.0000%  99.9977%
  [   290000,   290500)            1    0.0000%  99.9977%
  [   290500,   291000)            2    0.0000%  99.9977%
  [   291000,   291500)            1    0.0000%  99.9977%
  [   292000,   292500)            1    0.0000%  99.9977%
  [   297000,   297500)            1    0.0000%  99.9977%
  [   299000,   299500)            1    0.0000%  99.9977%
  [   299500,   300000)            1    0.0000%  99.9977%
  [   300000,   300500)            1    0.0000%  99.9977%
  [   301000,   301500)            3    0.0000%  99.9977%
  [   302000,   302500)            1    0.0000%  99.9977%
  [   302500,   303000)            1    0.0000%  99.9977%
  [   304000,   304500)            1    0.0000%  99.9977%
  [   307500,   308000)            1    0.0000%  99.9977%
  [   329500,   330000)            1    0.0000%  99.9977%
  [   337500,   338000)            1    0.0000%  99.9978%
  [   339500,   340000)            1    0.0000%  99.9978%
  [   345000,   345500)            1    0.0000%  99.9978%
  [   349000,   349500)            1    0.0000%  99.9978%
  [   349500,   350000)            2    0.0000%  99.9978%
  [   352000,   352500)            2    0.0000%  99.9978%
  [   353000,   353500)            2    0.0000%  99.9978%
  [   354000,   354500)            1    0.0000%  99.9978%
  [   354500,   355000)            1    0.0000%  99.9978%
  [   355500,   356000)            1    0.0000%  99.9978%
  [   356000,   356500)            1    0.0000%  99.9978%
  [   356500,   357000)            3    0.0000%  99.9978%
  [   358000,   358500)            3    0.0000%  99.9978%
  [   358500,   359000)            3    0.0000%  99.9978%
  [   359000,   359500)            1    0.0000%  99.9978%
  [   359500,   360000)            2    0.0000%  99.9978%
  [   360000,   360500)            5    0.0000%  99.9979%
  [   360500,   361000)            7    0.0000%  99.9979%
  [   361000,   361500)            4    0.0000%  99.9979%
  [   361500,   362000)            3    0.0000%  99.9979%
  [   362000,   362500)            1    0.0000%  99.9979%
  [   362500,   363000)            7    0.0000%  99.9979%
  [   363000,   363500)           10    0.0000%  99.9980%
  [   363500,   364000)            2    0.0000%  99.9980%
  [   364000,   364500)           11    0.0000%  99.9980%
  [   364500,   365000)           11    0.0000%  99.9980%
  [   365000,   365500)           11    0.0000%  99.9981%
  [   365500,   366000)           13    0.0000%  99.9981%
  [   366000,   366500)           11    0.0000%  99.9982%
  [   366500,   367000)           11    0.0000%  99.9982%
  [   367000,   367500)           11    0.0000%  99.9982%
  [   367500,   368000)           11    0.0000%  99.9983%
  [   368000,   368500)            7    0.0000%  99.9983%
  [   368500,   369000)           12    0.0000%  99.9983%
  [   369000,   369500)            9    0.0000%  99.9984%
  [   369500,   370000)           15    0.0001%  99.9984%
  [   370000,   370500)           12    0.0000%  99.9985%
  [   370500,   371000)           10    0.0000%  99.9985%
  [   371000,   371500)           12    0.0000%  99.9985%
  [   371500,   372000)           17    0.0001%  99.9986%
  [   372000,   372500)           12    0.0000%  99.9986%
  [   372500,   373000)           12    0.0000%  99.9987%
  [   373000,   373500)           17    0.0001%  99.9987%
  [   373500,   374000)            4    0.0000%  99.9987%
  [   374000,   374500)           18    0.0001%  99.9988%
  [   374500,   375000)           17    0.0001%  99.9989%
  [   375000,   375500)           12    0.0000%  99.9989%
  [   375500,   376000)           12    0.0000%  99.9989%
  [   376000,   376500)           10    0.0000%  99.9990%
  [   376500,   377000)            4    0.0000%  99.9990%
  [   377000,   377500)            8    0.0000%  99.9990%
  [   377500,   378000)            6    0.0000%  99.9990%
  [   378000,   378500)           11    0.0000%  99.9991%
  [   378500,   379000)            8    0.0000%  99.9991%
  [   379000,   379500)           10    0.0000%  99.9991%
  [   379500,   380000)            7    0.0000%  99.9992%
  [   380000,   380500)            8    0.0000%  99.9992%
  [   380500,   381000)           12    0.0000%  99.9992%
  [   381000,   381500)            9    0.0000%  99.9993%
  [   381500,   382000)            6    0.0000%  99.9993%
  [   382000,   382500)           10    0.0000%  99.9993%
  [   382500,   383000)            9    0.0000%  99.9993%
  [   383000,   383500)            7    0.0000%  99.9994%
  [   383500,   384000)            6    0.0000%  99.9994%
  [   384000,   384500)            7    0.0000%  99.9994%
  [   384500,   385000)           11    0.0000%  99.9994%
  [   385000,   385500)            6    0.0000%  99.9995%
  [   385500,   386000)            4    0.0000%  99.9995%
  [   386000,   386500)            5    0.0000%  99.9995%
  [   386500,   387000)            6    0.0000%  99.9995%
  [   387000,   387500)            4    0.0000%  99.9995%
  [   387500,   388000)            2    0.0000%  99.9995%
  [   388000,   388500)            3    0.0000%  99.9995%
  [   388500,   389000)            2    0.0000%  99.9996%
  [   389000,   389500)            2    0.0000%  99.9996%
  [   389500,   390000)            1    0.0000%  99.9996%
  [   390000,   390500)            1    0.0000%  99.9996%
  [   390500,   391000)            1    0.0000%  99.9996%
  [   391000,   391500)            2    0.0000%  99.9996%
  [   393500,   394000)            1    0.0000%  99.9996%
  [   404000,   404500)            1    0.0000%  99.9996%
  [   404500,   405000)            1    0.0000%  99.9996%
  [   405000,   405500)            1    0.0000%  99.9996%
  [   406500,   407000)            2    0.0000%  99.9996%
  [   408000,   408500)            1    0.0000%  99.9996%
  [   410000,   410500)            1    0.0000%  99.9996%
  [   412000,   412500)            1    0.0000%  99.9996%
  [   413500,   414000)            1    0.0000%  99.9996%
  [   414500,   415000)            2    0.0000%  99.9996%
  [   415500,   416000)            1    0.0000%  99.9996%
  [   416000,   416500)            1    0.0000%  99.9996%
  [   417000,   417500)            2    0.0000%  99.9996%
  [   417500,   418000)            1    0.0000%  99.9996%
  [   418000,   418500)            2    0.0000%  99.9996%
  [   418500,   419000)            1    0.0000%  99.9996%
  [   419500,   420000)            2    0.0000%  99.9997%
  [   420000,   420500)            5    0.0000%  99.9997%
  [   420500,   421000)            1    0.0000%  99.9997%
  [   421000,   421500)            1    0.0000%  99.9997%
  [   421500,   422000)            1    0.0000%  99.9997%
  [   422000,   422500)            1    0.0000%  99.9997%
  [   423000,   423500)            1    0.0000%  99.9997%
  [   423500,   424000)            1    0.0000%  99.9997%
  [   424000,   424500)            1    0.0000%  99.9997%
  [   424500,   425000)            1    0.0000%  99.9997%
  [   425000,   425500)            1    0.0000%  99.9997%
  [   426500,   427000)            1    0.0000%  99.9997%
  [   432000,   432500)            1    0.0000%  99.9997%
  [   462000,   462500)            1    0.0000%  99.9997%
  [   505000,   505500)            1    0.0000%  99.9997%
  [   511500,   512000)            1    0.0000%  99.9997%
  [   523500,   524000)            1    0.0000%  99.9997%
  [   526000,   526500)            1    0.0000%  99.9997%
  [   590500,   591000)            1    0.0000%  99.9997%
  [   620500,   621000)            1    0.0000%  99.9997%
  [   628000,   628500)            1    0.0000%  99.9997%
  [   632500,   633000)            1    0.0000%  99.9997%
  [   646500,   647000)            1    0.0000%  99.9997%
  [   647500,   648000)            1    0.0000%  99.9997%
  [   648000,   648500)            1    0.0000%  99.9997%
  [   648500,   649000)            1    0.0000%  99.9998%
  [   650000,   650500)            2    0.0000%  99.9998%
  [   650500,   651000)            1    0.0000%  99.9998%
  [   651500,   652000)            1    0.0000%  99.9998%
  [   652000,   652500)            3    0.0000%  99.9998%
  [   652500,   653000)            1    0.0000%  99.9998%
  [   653000,   653500)            2    0.0000%  99.9998%
  [   654000,   654500)            1    0.0000%  99.9998%
  [   654500,   655000)            1    0.0000%  99.9998%
  [   655500,   656000)            1    0.0000%  99.9998%
  [   656000,   656500)            1    0.0000%  99.9998%
  [   656500,   657000)            1    0.0000%  99.9998%
  [   657000,   657500)            3    0.0000%  99.9998%
  [   658500,   659000)            3    0.0000%  99.9998%
  [   659000,   659500)            4    0.0000%  99.9998%
  [   659500,   660000)            2    0.0000%  99.9998%
  [   660000,   660500)            2    0.0000%  99.9999%
  [   660500,   661000)            2    0.0000%  99.9999%
  [   661000,   661500)            4    0.0000%  99.9999%
  [   661500,   662000)            1    0.0000%  99.9999%
  [   662000,   662500)            2    0.0000%  99.9999%
  [   662500,   663000)            1    0.0000%  99.9999%
  [   663000,   663500)            2    0.0000%  99.9999%
  [   663500,   664000)            1    0.0000%  99.9999%
  [   664000,   664500)            2    0.0000%  99.9999%
  [   664500,   665000)            3    0.0000%  99.9999%
  [   665000,   665500)            2    0.0000%  99.9999%
  [   665500,   666000)            4    0.0000%  99.9999%
  [   666000,   666500)            1    0.0000%  99.9999%
  [   666500,   667000)            2    0.0000%  99.9999%
  [   668000,   668500)            3    0.0000% 100.0000%
  [   669500,   670000)            1    0.0000% 100.0000%
  [   670000,   670500)            5    0.0000% 100.0000%
  [   671000,   671500)            1    0.0000% 100.0000%
  [   671500,   672000)            1    0.0000% 100.0000%
  [   677000,   677500)            1    0.0000% 100.0000%
  [   678000,   678500)            1    0.0000% 100.0000%
  [   712000,   712500)            1    0.0000% 100.0000%
  [   816000,   816500)            1    0.0000% 100.0000%
  [   855000,   855500)            1    0.0000% 100.0000%
  [   942000,   942500)            1    0.0000% 100.0000%

----- REMOTE OPERATIONS [node 0] -----
  ops total                = 29516179
  ops local  (cache hit)   = 0 (0.00%)
  ops remote (>=1 net op)  = 29516179 (100.00%)
  remote ops total         = 229604457
    rdma read              = 200088278
    rdma write             = 0
    rdma cas               = 0
    rpc pushdown           = 29516179
  remote ops / op          = 7.7789
  remote ops / remote op   = 7.7789

----- OFFLOADED TASKS [node 0] -----
  lookup pushdowns         = 0
  scan    pushdowns (RPC)  = 29516177
    kv pairs returned      = 2951614212
    leaves scanned remotely= 254296509
    kv / scan pushdown     = 100.00
    leaves / scan pushdown = 8.62
  per-thread breakdown (tid: lookups | scans | kv | leaves):
    t0             0 |     825103 |   82510209 |    7109719
    t1             0 |     805293 |   80529165 |    6938147
    t2             0 |     829103 |   82910123 |    7142672
    t3             0 |     808032 |   80802889 |    6961877
    t4             0 |     831508 |   83150660 |    7163560
    t5             0 |     810730 |   81072949 |    6984808
    t6             0 |     831259 |   83125819 |    7161227
    t7             0 |     809085 |   80908403 |    6970207
    t8             0 |     832152 |   83215103 |    7168811
    t9             0 |     809984 |   80998326 |    6978254
    t10            0 |     833333 |   83333286 |    7179987
    t11            0 |     809485 |   80948370 |    6974600
    t12            0 |     831155 |   83115409 |    7161036
    t13            0 |     810735 |   81073458 |    6984764
    t14            0 |     829200 |   82919916 |    7144457
    t15            0 |     807241 |   80724100 |    6954489
    t16            0 |     830551 |   83054973 |    7155589
    t17            0 |     809240 |   80923870 |    6971104
    t18            0 |     830695 |   83069389 |    7156833
    t19            0 |     808547 |   80854564 |    6965695
    t20            0 |     830582 |   83058151 |    7155787
    t21            0 |     810716 |   81071375 |    6985343
    t22            0 |     830852 |   83085149 |    7158071
    t23            0 |     808254 |   80825358 |    6963552
    t24            0 |     831697 |   83169430 |    7165582
    t25            0 |     809099 |   80909836 |    6971430
    t26            0 |     831729 |   83172661 |    7166186
    t27            0 |     807557 |   80755658 |    6957119
    t28            0 |     831359 |   83135900 |    7162645
    t29            0 |     810680 |   81067770 |    6984022
    t30            0 |     832434 |   83243400 |    7172000
    t31            0 |     809673 |   80967292 |    6975462
    t32            0 |     831728 |   83172717 |    7166102
    t33            0 |     809535 |   80953500 |    6975024
    t34            0 |     829678 |   82967769 |    7147840
    t35            0 |     808173 |   80817265 |    6962508

----- PATH-AWARE CACHE MISS RATE [node 0] -----
  node accesses (hit+miss) = 621879296
  node cache hits          = 421793410 (67.83%)
  MISS RATE                = 32.1744%  (200085886 / 621879296)
  inner-node miss          = 170569707 (85.25% of misses, 27.4281% rate)
  leaf-node  miss          = 29516179 (14.75% of misses, 4.7463% rate)
  total miss               = 200085886
  cache writebacks         = 0
=========================================================================

Round 0 (max_throughput): 0.559066 Mops/s
Round 0 (straggler_throughput): 0.559044 Mops/s
Before barrier finish
Avg. rdma read time(ms) = 0
Avg. rdma write time(ms) = -nan
Avg. rdma read / op = 6.77894
Avg. rdma write / op = 0
Avg. rdma cas / op = 0
Avg. rdma rpc / op = 1
Avg. all rdma / op = 7.77894
Avg. rdma read size/ op = 4591.77
Avg. rdma write size / op = 0
Avg. rdma RW size / op = 4591.77
------------------------------------------
Node 0 average throughput = 0.546074
Node 0 total throughput = 0.559066
All CN throughput (Max) = 0.559066
All CN throughput (Straggler) = 0.559044
Final throughput = 0.559044
------------------------------------------
