Compute node count = 1
kNodeCount 2, kReadRatio 100, kInsertRatio 0, kUpdateRatio 0, kDeleteRatio 0, kRangeRatio 0, totalThreadCount 36, memThreadCount 3 cache_size 64, uniform_workload 1, zipfian 0.990000, bulk_load_num 50000000, warmup_num 10000000, op_num 30000000, check_correctness 0, time_based 0, early_stop 1, index 0, rpc_rate 1.000000, admission_rate 0.100000, auto_tune 0
kMaxThread = 36
KeySpace = 50001000
[GEOMETRY] inner_page=160 leaf_page=512 inner_entries=5 leaf_entries=26 slot=512 placement=mn_only
[4mshared memory size: 64GB, 0x7fef77200000[0m
[4mcache size: 2GB[0m
[4mMachine NR: 2[0m
[4mMax_APP_THREAD: 36[0m
[4mNR_DIRECTORY: 16[0m
[4mStart Build the DSMKeeper[0m
I am servers 0 [255.127.0.0]
I connect server 1
[4mdir 0 launch! (core 79 of 80)
[0m
[4mdir 1 launch! (core 78 of 80)
[0m
[4mdir 2 launch! (core 77 of 80)
[0m
CNode 0, left bound = 0, right bound = 18446744073709551615
Pushdown (RPC) Rate: 1
Admission Rate: 0.1
Cache size(MB) = 64
-----Cache initial addr = 0x7fef5b600000
page num = 131072
alloc_unit = 512
entry_num: 131072
bucket_num: 43691
Bucket size = 64
entry_num: 13107
bucket_num: 2185
start generating tree
num_partitions = 1
Success: tree root pointer value [1, 67108864]
finish generating tree
Bulkload num in node 0 = 50000000

----- REMOTE CPU LOAD (memory node dir-threads, 2s window) -----
  dir 0: active=  0.00%  msgs=0           0 ns/msg
  dir 1: active=  0.00%  msgs=0           0 ns/msg
  dir 2: active=  0.00%  msgs=0           0 ns/msg
  AGGREGATE active = 0.00% (of 3 dir-threads; 0.00% per-thread avg)  msgs=0
[CPU compute ] process=  5.00% of 80 cores   system=  5.00%   (window 2s)
First key of bulkloading = 7325973
Last key of bulkloading = 26738230
node warmup num = 9999972
kReadRatio =100
insertmark =100
updatemark =100
deletemark =100
rangemark =100
Finish warmup workload generation

----- REMOTE CPU LOAD (memory node dir-threads, 2s window) -----
  dir 0: active=  0.00%  msgs=0           0 ns/msg
  dir 1: active=  0.00%  msgs=0           0 ns/msg
  dir 2: active=  0.00%  msgs=0           0 ns/msg
  AGGREGATE active = 0.00% (of 3 dir-threads; 0.00% per-thread avg)  msgs=0
[CPU compute ] process=  5.00% of 80 cores   system=  5.01%   (window 2s)

----- REMOTE CPU LOAD (memory node dir-threads, 2s window) -----
  dir 0: active=  0.00%  msgs=0           0 ns/msg
  dir 1: active=  0.00%  msgs=0           0 ns/msg
  dir 2: active=  0.00%  msgs=0           0 ns/msg
  AGGREGATE active = 0.00% (of 3 dir-threads; 0.00% per-thread avg)  msgs=0
[CPU compute ] process=  5.00% of 80 cores   system=  5.00%   (window 2s)

----- REMOTE CPU LOAD (memory node dir-threads, 2s window) -----
  dir 0: active=  0.00%  msgs=0           0 ns/msg
  dir 1: active=  0.00%  msgs=0           0 ns/msg
  dir 2: active=  0.00%  msgs=0           0 ns/msg
  AGGREGATE active = 0.00% (of 3 dir-threads; 0.00% per-thread avg)  msgs=0
[CPU compute ] process=  5.00% of 80 cores   system=  5.00%   (window 2s)

----- REMOTE CPU LOAD (memory node dir-threads, 2s window) -----
  dir 0: active=  0.00%  msgs=0           0 ns/msg
  dir 1: active=  0.00%  msgs=0           0 ns/msg
  dir 2: active=  0.00%  msgs=0           0 ns/msg
  AGGREGATE active = 0.00% (of 3 dir-threads; 0.00% per-thread avg)  msgs=0
[CPU compute ] process=  5.00% of 80 cores   system=  6.93%   (window 2s)

----- REMOTE CPU LOAD (memory node dir-threads, 2s window) -----
  dir 0: active=  0.00%  msgs=0           0 ns/msg
  dir 1: active=  0.00%  msgs=0           0 ns/msg
  dir 2: active=  0.00%  msgs=0           0 ns/msg
  AGGREGATE active = 0.00% (of 3 dir-threads; 0.00% per-thread avg)  msgs=0
[CPU compute ] process=  5.00% of 80 cores   system=  5.01%   (window 2s)

----- REMOTE CPU LOAD (memory node dir-threads, 2s window) -----
  dir 0: active=  0.00%  msgs=0           0 ns/msg
  dir 1: active=  0.00%  msgs=0           0 ns/msg
  dir 2: active=  0.00%  msgs=0           0 ns/msg
  AGGREGATE active = 0.00% (of 3 dir-threads; 0.00% per-thread avg)  msgs=0
[CPU compute ] process=  5.00% of 80 cores   system=  5.01%   (window 2s)
node op_num = 29999988
Finish all workload generation

----- REMOTE CPU LOAD (memory node dir-threads, 2s window) -----
  dir 0: active=  0.00%  msgs=0           0 ns/msg
  dir 1: active=  0.00%  msgs=0           0 ns/msg
  dir 2: active=  0.00%  msgs=0           0 ns/msg
  AGGREGATE active = 0.00% (of 3 dir-threads; 0.00% per-thread avg)  msgs=0
[CPU compute ] process=  5.00% of 80 cores   system=  5.01%   (window 2s)

----- REMOTE CPU LOAD (memory node dir-threads, 2s window) -----
  dir 0: active=  0.00%  msgs=0           0 ns/msg
  dir 1: active=  0.00%  msgs=0           0 ns/msg
  dir 2: active=  0.00%  msgs=0           0 ns/msg
  AGGREGATE active = 0.00% (of 3 dir-threads; 0.00% per-thread avg)  msgs=0
[CPU compute ] process=  5.00% of 80 cores   system=  5.01%   (window 2s)

----- REMOTE CPU LOAD (memory node dir-threads, 2s window) -----
  dir 0: active=  0.00%  msgs=0           0 ns/msg
  dir 1: active=  0.00%  msgs=0           0 ns/msg
  dir 2: active=  0.00%  msgs=0           0 ns/msg
  AGGREGATE active = 0.00% (of 3 dir-threads; 0.00% per-thread avg)  msgs=0
[CPU compute ] process=  5.00% of 80 cores   system=  6.89%   (window 2s)
Fetched new height = 1
Success: tree root pointer value [1, 67109888]
Height = 2
Success: tree root pointer value [1, 67112448]
Height = 3
Success: tree root pointer value [1, 67118080]
Height = 4

----- REMOTE CPU LOAD (memory node dir-threads, 2s window) -----
  dir 0: active=  0.00%  msgs=0           0 ns/msg
  dir 1: active=  0.00%  msgs=0           0 ns/msg
  dir 2: active=  0.00%  msgs=0           0 ns/msg
  AGGREGATE active = 0.00% (of 3 dir-threads; 0.00% per-thread avg)  msgs=0
[CPU compute ] process=  5.00% of 80 cores   system=  5.01%   (window 2s)
Success: tree root pointer value [1, 67129856]
Height = 5
Success: tree root pointer value [1, 67153920]
Height = 6
Success: tree root pointer value [1, 67202560]
Height = 7
Success: tree root pointer value [1, 67300352]
Height = 8
Success: tree root pointer value [1, 67496448]
Height = 9
Success: tree root pointer value [1, 67889152]
Height = 10
Success: tree root pointer value [1, 68675072]
Height = 11
Success: tree root pointer value [1, 70247424]
Height = 12
Success: tree root pointer value [1, 73392640]
Height = 13
Success: tree root pointer value [1, 79683584]
Height = 14
Success: tree root pointer value [1, 92265984]
Height = 15
Success: tree root pointer value [1, 22990369621]
Height = 16
entering dynamic phase
Success: tree root pointer value [1, 45913639082]
Height = 17

----- REMOTE CPU LOAD (memory node dir-threads, 2s window) -----
  dir 0: active=  0.00%  msgs=0           0 ns/msg
  dir 1: active=  0.00%  msgs=0           0 ns/msg
  dir 2: active=  0.00%  msgs=0           0 ns/msg
  AGGREGATE active = 0.00% (of 3 dir-threads; 0.00% per-thread avg)  msgs=0
[CPU compute ] process=  5.01% of 80 cores   system=  5.01%   (window 2s)
Success: tree root pointer value [1, 45947194538]
Height = 18

----- REMOTE CPU LOAD (memory node dir-threads, 2s window) -----
  dir 0: active=  0.00%  msgs=0           0 ns/msg
  dir 1: active=  0.00%  msgs=0           0 ns/msg
  dir 2: active=  0.00%  msgs=0           0 ns/msg
  AGGREGATE active = 0.00% (of 3 dir-threads; 0.00% per-thread avg)  msgs=0
[CPU compute ] process=  5.00% of 80 cores   system=  5.00%   (window 2s)
Success: tree root pointer value [1, 46014305962]
Height = 19

----- REMOTE CPU LOAD (memory node dir-threads, 2s window) -----
  dir 0: active=  0.00%  msgs=0           0 ns/msg
  dir 1: active=  0.00%  msgs=0           0 ns/msg
  dir 2: active=  0.00%  msgs=0           0 ns/msg
  AGGREGATE active = 0.00% (of 3 dir-threads; 0.00% per-thread avg)  msgs=0
[CPU compute ] process=  5.00% of 80 cores   system=  5.00%   (window 2s)

----- REMOTE CPU LOAD (memory node dir-threads, 2s window) -----
  dir 0: active=  0.00%  msgs=0           0 ns/msg
  dir 1: active=  0.00%  msgs=0           0 ns/msg
  dir 2: active=  0.00%  msgs=0           0 ns/msg
  AGGREGATE active = 0.00% (of 3 dir-threads; 0.00% per-thread avg)  msgs=0
[CPU compute ] process=  5.00% of 80 cores   system=  7.00%   (window 2s)

----- REMOTE CPU LOAD (memory node dir-threads, 2s window) -----
  dir 0: active=  0.00%  msgs=0           0 ns/msg
  dir 1: active=  0.00%  msgs=0           0 ns/msg
  dir 2: active=  0.00%  msgs=0           0 ns/msg
  AGGREGATE active = 0.00% (of 3 dir-threads; 0.00% per-thread avg)  msgs=0
[CPU compute ] process=  5.00% of 80 cores   system=  5.00%   (window 2s)
Success: tree root pointer value [1, 335545344]
Height = 20

----- REMOTE CPU LOAD (memory node dir-threads, 2s window) -----
  dir 0: active=  0.00%  msgs=0           0 ns/msg
  dir 1: active=  0.00%  msgs=0           0 ns/msg
  dir 2: active=  0.00%  msgs=0           0 ns/msg
  AGGREGATE active = 0.00% (of 3 dir-threads; 0.00% per-thread avg)  msgs=0
[CPU compute ] process=  5.00% of 80 cores   system=  5.01%   (window 2s)

----- REMOTE CPU LOAD (memory node dir-threads, 2s window) -----
  dir 0: active=  0.00%  msgs=0           0 ns/msg
  dir 1: active=  0.00%  msgs=0           0 ns/msg
  dir 2: active=  0.00%  msgs=0           0 ns/msg
  AGGREGATE active = 0.00% (of 3 dir-threads; 0.00% per-thread avg)  msgs=0
[CPU compute ] process=  5.00% of 80 cores   system=  5.01%   (window 2s)

----- REMOTE CPU LOAD (memory node dir-threads, 2s window) -----
  dir 0: active=  0.00%  msgs=0           0 ns/msg
  dir 1: active=  0.00%  msgs=0           0 ns/msg
  dir 2: active=  0.00%  msgs=0           0 ns/msg
  AGGREGATE active = 0.00% (of 3 dir-threads; 0.00% per-thread avg)  msgs=0
[CPU compute ] process=  5.00% of 80 cores   system=  5.00%   (window 2s)

----- REMOTE CPU LOAD (memory node dir-threads, 2s window) -----
  dir 0: active=  0.00%  msgs=0           0 ns/msg
  dir 1: active=  0.00%  msgs=0           0 ns/msg
  dir 2: active=  0.00%  msgs=0           0 ns/msg
  AGGREGATE active = 0.00% (of 3 dir-threads; 0.00% per-thread avg)  msgs=0
[CPU compute ] process=  5.00% of 80 cores   system=  5.61%   (window 2s)

----- REMOTE CPU LOAD (memory node dir-threads, 2s window) -----
  dir 0: active=  0.00%  msgs=0           0 ns/msg
  dir 1: active=  0.00%  msgs=0           0 ns/msg
  dir 2: active=  0.00%  msgs=0           0 ns/msg
  AGGREGATE active = 0.00% (of 3 dir-threads; 0.00% per-thread avg)  msgs=0
[CPU compute ] process=  5.00% of 80 cores   system=  6.29%   (window 2s)

----- REMOTE CPU LOAD (memory node dir-threads, 2s window) -----
  dir 0: active=  0.00%  msgs=0           0 ns/msg
  dir 1: active=  0.00%  msgs=0           0 ns/msg
  dir 2: active=  0.00%  msgs=0           0 ns/msg
  AGGREGATE active = 0.00% (of 3 dir-threads; 0.00% per-thread avg)  msgs=0
[CPU compute ] process=  5.00% of 80 cores   system=  5.01%   (window 2s)
Success: tree root pointer value [1, 603992576]
Height = 21

----- REMOTE CPU LOAD (memory node dir-threads, 2s window) -----
  dir 0: active=  0.00%  msgs=0           0 ns/msg
  dir 1: active=  0.00%  msgs=0           0 ns/msg
  dir 2: active=  0.00%  msgs=0           0 ns/msg
  AGGREGATE active = 0.00% (of 3 dir-threads; 0.00% per-thread avg)  msgs=0
[CPU compute ] process=  5.00% of 80 cores   system=  5.03%   (window 2s)

----- REMOTE CPU LOAD (memory node dir-threads, 2s window) -----
  dir 0: active=  0.00%  msgs=0           0 ns/msg
  dir 1: active=  0.00%  msgs=0           0 ns/msg
  dir 2: active=  0.00%  msgs=0           0 ns/msg
  AGGREGATE active = 0.00% (of 3 dir-threads; 0.00% per-thread avg)  msgs=0
[CPU compute ] process=  5.00% of 80 cores   system=  5.00%   (window 2s)

----- REMOTE CPU LOAD (memory node dir-threads, 2s window) -----
  dir 0: active=  0.00%  msgs=0           0 ns/msg
  dir 1: active=  0.00%  msgs=0           0 ns/msg
  dir 2: active=  0.00%  msgs=0           0 ns/msg
  AGGREGATE active = 0.00% (of 3 dir-threads; 0.00% per-thread avg)  msgs=0
[CPU compute ] process=  5.01% of 80 cores   system=  5.01%   (window 2s)

----- REMOTE CPU LOAD (memory node dir-threads, 2s window) -----
  dir 0: active=  0.00%  msgs=0           0 ns/msg
  dir 1: active=  0.00%  msgs=0           0 ns/msg
  dir 2: active=  0.00%  msgs=0           0 ns/msg
  AGGREGATE active = 0.00% (of 3 dir-threads; 0.00% per-thread avg)  msgs=0
[CPU compute ] process=  5.00% of 80 cores   system=  6.89%   (window 2s)

----- REMOTE CPU LOAD (memory node dir-threads, 2s window) -----
  dir 0: active=  0.00%  msgs=0           0 ns/msg
  dir 1: active=  0.00%  msgs=0           0 ns/msg
  dir 2: active=  0.00%  msgs=0           0 ns/msg
  AGGREGATE active = 0.00% (of 3 dir-threads; 0.00% per-thread avg)  msgs=0
[CPU compute ] process=  5.00% of 80 cores   system=  5.00%   (window 2s)

----- REMOTE CPU LOAD (memory node dir-threads, 2s window) -----
  dir 0: active=  0.00%  msgs=0           0 ns/msg
  dir 1: active=  0.00%  msgs=0           0 ns/msg
  dir 2: active=  0.00%  msgs=0           0 ns/msg
  AGGREGATE active = 0.00% (of 3 dir-threads; 0.00% per-thread avg)  msgs=0
[CPU compute ] process=  5.00% of 80 cores   system=  5.01%   (window 2s)

----- REMOTE CPU LOAD (memory node dir-threads, 2s window) -----
  dir 0: active=  0.00%  msgs=0           0 ns/msg
  dir 1: active=  0.00%  msgs=0           0 ns/msg
  dir 2: active=  0.00%  msgs=0           0 ns/msg
  AGGREGATE active = 0.00% (of 3 dir-threads; 0.00% per-thread avg)  msgs=0
[CPU compute ] process=  5.00% of 80 cores   system=  5.01%   (window 2s)

----- REMOTE CPU LOAD (memory node dir-threads, 2s window) -----
  dir 0: active=  0.00%  msgs=0           0 ns/msg
  dir 1: active=  0.00%  msgs=0           0 ns/msg
  dir 2: active=  0.00%  msgs=0           0 ns/msg
  AGGREGATE active = 0.00% (of 3 dir-threads; 0.00% per-thread avg)  msgs=0
[CPU compute ] process=  5.00% of 80 cores   system=  5.01%   (window 2s)

----- REMOTE CPU LOAD (memory node dir-threads, 2s window) -----
  dir 0: active=  0.00%  msgs=0           0 ns/msg
  dir 1: active=  0.00%  msgs=0           0 ns/msg
  dir 2: active=  0.00%  msgs=0           0 ns/msg
  AGGREGATE active = 0.00% (of 3 dir-threads; 0.00% per-thread avg)  msgs=0
[CPU compute ] process=  5.00% of 80 cores   system=  6.88%   (window 2s)

----- REMOTE CPU LOAD (memory node dir-threads, 2s window) -----
  dir 0: active=  0.00%  msgs=0           0 ns/msg
  dir 1: active=  0.00%  msgs=0           0 ns/msg
  dir 2: active=  0.00%  msgs=0           0 ns/msg
  AGGREGATE active = 0.00% (of 3 dir-threads; 0.00% per-thread avg)  msgs=0
[CPU compute ] process=  5.00% of 80 cores   system=  5.00%   (window 2s)

----- REMOTE CPU LOAD (memory node dir-threads, 2s window) -----
  dir 0: active=  0.00%  msgs=0           0 ns/msg
  dir 1: active=  0.00%  msgs=0           0 ns/msg
  dir 2: active=  0.00%  msgs=0           0 ns/msg
  AGGREGATE active = 0.00% (of 3 dir-threads; 0.00% per-thread avg)  msgs=0
[CPU compute ] process=  5.00% of 80 cores   system=  5.00%   (window 2s)
Success: tree root pointer value [1, 1140887552]
Height = 22

----- REMOTE CPU LOAD (memory node dir-threads, 2s window) -----
  dir 0: active=  0.00%  msgs=0           0 ns/msg
  dir 1: active=  0.00%  msgs=0           0 ns/msg
  dir 2: active=  0.00%  msgs=0           0 ns/msg
  AGGREGATE active = 0.00% (of 3 dir-threads; 0.00% per-thread avg)  msgs=0
[CPU compute ] process=  5.00% of 80 cores   system=  5.01%   (window 2s)

----- REMOTE CPU LOAD (memory node dir-threads, 2s window) -----
  dir 0: active=  0.00%  msgs=0           0 ns/msg
  dir 1: active=  0.00%  msgs=0           0 ns/msg
  dir 2: active=  0.00%  msgs=0           0 ns/msg
  AGGREGATE active = 0.00% (of 3 dir-threads; 0.00% per-thread avg)  msgs=0
[CPU compute ] process=  5.00% of 80 cores   system=  5.00%   (window 2s)

----- REMOTE CPU LOAD (memory node dir-threads, 2s window) -----
  dir 0: active=  0.00%  msgs=0           0 ns/msg
  dir 1: active=  0.00%  msgs=0           0 ns/msg
  dir 2: active=  0.00%  msgs=0           0 ns/msg
  AGGREGATE active = 0.00% (of 3 dir-threads; 0.00% per-thread avg)  msgs=0
[CPU compute ] process=  5.00% of 80 cores   system=  7.01%   (window 2s)

----- REMOTE CPU LOAD (memory node dir-threads, 2s window) -----
  dir 0: active=  0.00%  msgs=0           0 ns/msg
  dir 1: active=  0.00%  msgs=0           0 ns/msg
  dir 2: active=  0.00%  msgs=0           0 ns/msg
  AGGREGATE active = 0.00% (of 3 dir-threads; 0.00% per-thread avg)  msgs=0
[CPU compute ] process=  5.00% of 80 cores   system=  5.01%   (window 2s)

----- REMOTE CPU LOAD (memory node dir-threads, 2s window) -----
  dir 0: active=  0.00%  msgs=0           0 ns/msg
  dir 1: active=  0.00%  msgs=0           0 ns/msg
  dir 2: active=  0.00%  msgs=0           0 ns/msg
  AGGREGATE active = 0.00% (of 3 dir-threads; 0.00% per-thread avg)  msgs=0
[CPU compute ] process=  5.00% of 80 cores   system=  5.01%   (window 2s)
#leaf nodes = 3846153
leaf size(MB) = 1878
#inner nodes = 3846104
inner size(MB) = 1877.98
Tree height = 22
Cache capacity = 131072
max. leaf entries = 26
max. inner entries = 5
Inner page size = 160
Leaf page size = 512
node 0 finish its bulkload

----- REMOTE CPU LOAD (memory node dir-threads, 2s window) -----
  dir 0: active=  0.00%  msgs=0           0 ns/msg
  dir 1: active=  0.00%  msgs=0           0 ns/msg
  dir 2: active=  0.00%  msgs=0           0 ns/msg
  AGGREGATE active = 0.00% (of 3 dir-threads; 0.00% per-thread avg)  msgs=0
[CPU compute ] process=  5.00% of 80 cores   system=  5.01%   (window 2s)
IMPORTANT: my root is 74769206607873
0 is ready for the benchmark
I am 0
Fetched new height = 22
I am 1
I am 20
I am 2
I am 6
I am 3
I am 15
I am 5
I am 8
I am 10
I am 22
I am 17
I am 9
I am 13
I am 11
I am 18
I am 12
I am 19
I am 14
I am 7
I am 21
I am 4
I am 16
I am 23
I am 24
I am 25
I am 29
I am 28
I am 27
I am 26
I am 30
I am 34
I am 32
I am 33
I am 31
I am 35
entering dynamic phase

----- REMOTE CPU LOAD (memory node dir-threads, 2s window) -----
  dir 0: active=  0.00%  msgs=0           0 ns/msg
  dir 1: active=  0.00%  msgs=0           0 ns/msg
  dir 2: active=  0.00%  msgs=0           0 ns/msg
  AGGREGATE active = 0.00% (of 3 dir-threads; 0.00% per-thread avg)  msgs=0
[CPU compute ] process= 47.06% of 80 cores   system= 47.09%   (window 2s)

----- REMOTE CPU LOAD (memory node dir-threads, 2s window) -----
  dir 0: active=  0.00%  msgs=0           0 ns/msg
  dir 1: active=  0.00%  msgs=0           0 ns/msg
  dir 2: active=  0.00%  msgs=0           0 ns/msg
  AGGREGATE active = 0.00% (of 3 dir-threads; 0.00% per-thread avg)  msgs=0
[CPU compute ] process= 48.74% of 80 cores   system= 49.72%   (window 2s)

----- REMOTE CPU LOAD (memory node dir-threads, 2s window) -----
  dir 0: active=  0.00%  msgs=0           0 ns/msg
  dir 1: active=  0.00%  msgs=0           0 ns/msg
  dir 2: active=  0.00%  msgs=0           0 ns/msg
  AGGREGATE active = 0.00% (of 3 dir-threads; 0.00% per-thread avg)  msgs=0
[CPU compute ] process= 48.76% of 80 cores   system= 48.77%   (window 2s)
Thread_op_num = 833333
node 0 finish warmup

----- REMOTE CPU LOAD (memory node dir-threads, 2s window) -----
  dir 0: active=  0.00%  msgs=0           0 ns/msg
  dir 1: active=  0.00%  msgs=0           0 ns/msg
  dir 2: active=  0.00%  msgs=0           0 ns/msg
  AGGREGATE active = 0.00% (of 3 dir-threads; 0.00% per-thread avg)  msgs=0
[CPU compute ] process= 48.74% of 80 cores   system= 48.77%   (window 2s)
Start collecting the statistic

----- REMOTE CPU LOAD (memory node dir-threads, 2s window) -----
  dir 0: active=  0.00%  msgs=0           0 ns/msg
  dir 1: active=  0.00%  msgs=0           0 ns/msg
  dir 2: active=  0.00%  msgs=0           0 ns/msg
  AGGREGATE active = 0.00% (of 3 dir-threads; 0.00% per-thread avg)  msgs=0
[CPU compute ] process= 48.74% of 80 cores   system= 48.76%   (window 2s)
0, throughput 1.9497
cluster throughput 1.949

----- REMOTE CPU LOAD (memory node dir-threads, 2s window) -----
  dir 0: active=  0.00%  msgs=0           0 ns/msg
  dir 1: active=  0.00%  msgs=0           0 ns/msg
  dir 2: active=  0.00%  msgs=0           0 ns/msg
  AGGREGATE active = 0.00% (of 3 dir-threads; 0.00% per-thread avg)  msgs=0
[CPU compute ] process= 48.75% of 80 cores   system= 48.78%   (window 2s)
0, throughput 1.9494
cluster throughput 1.949

----- REMOTE CPU LOAD (memory node dir-threads, 2s window) -----
  dir 0: active=  0.00%  msgs=0           0 ns/msg
  dir 1: active=  0.00%  msgs=0           0 ns/msg
  dir 2: active=  0.00%  msgs=0           0 ns/msg
  AGGREGATE active = 0.00% (of 3 dir-threads; 0.00% per-thread avg)  msgs=0
[CPU compute ] process= 48.77% of 80 cores   system= 49.80%   (window 2s)
0, throughput 1.9451
cluster throughput 1.945

----- REMOTE CPU LOAD (memory node dir-threads, 2s window) -----
  dir 0: active=  0.00%  msgs=0           0 ns/msg
  dir 1: active=  0.00%  msgs=0           0 ns/msg
  dir 2: active=  0.00%  msgs=0           0 ns/msg
  AGGREGATE active = 0.00% (of 3 dir-threads; 0.00% per-thread avg)  msgs=0
[CPU compute ] process= 48.74% of 80 cores   system= 48.77%   (window 2s)
0, throughput 1.9509
cluster throughput 1.950

----- REMOTE CPU LOAD (memory node dir-threads, 2s window) -----
  dir 0: active=  0.00%  msgs=0           0 ns/msg
  dir 1: active=  0.00%  msgs=0           0 ns/msg
  dir 2: active=  0.00%  msgs=0           0 ns/msg
  AGGREGATE active = 0.00% (of 3 dir-threads; 0.00% per-thread avg)  msgs=0
[CPU compute ] process= 48.74% of 80 cores   system= 48.77%   (window 2s)
0, throughput 1.9614
cluster throughput 1.961

----- REMOTE CPU LOAD (memory node dir-threads, 2s window) -----
  dir 0: active=  0.00%  msgs=0           0 ns/msg
  dir 1: active=  0.00%  msgs=0           0 ns/msg
  dir 2: active=  0.00%  msgs=0           0 ns/msg
  AGGREGATE active = 0.00% (of 3 dir-threads; 0.00% per-thread avg)  msgs=0
[CPU compute ] process= 48.74% of 80 cores   system= 48.77%   (window 2s)
0, throughput 1.9675
cluster throughput 1.967

----- REMOTE CPU LOAD (memory node dir-threads, 2s window) -----
  dir 0: active=  0.00%  msgs=0           0 ns/msg
  dir 1: active=  0.00%  msgs=0           0 ns/msg
  dir 2: active=  0.00%  msgs=0           0 ns/msg
  AGGREGATE active = 0.00% (of 3 dir-threads; 0.00% per-thread avg)  msgs=0
[CPU compute ] process= 48.77% of 80 cores   system= 48.77%   (window 2s)
0, throughput 1.9702
cluster throughput 1.970

----- REMOTE CPU LOAD (memory node dir-threads, 2s window) -----
  dir 0: active=  0.00%  msgs=0           0 ns/msg
  dir 1: active=  0.00%  msgs=0           0 ns/msg
  dir 2: active=  0.00%  msgs=0           0 ns/msg
  AGGREGATE active = 0.00% (of 3 dir-threads; 0.00% per-thread avg)  msgs=0
[CPU compute ] process= 26.78% of 80 cores   system= 27.65%   (window 2s)
0, throughput 0.9360
cluster throughput 0.935

----- REMOTE CPU LOAD (memory node dir-threads, 2s window) -----
  dir 0: active=  0.00%  msgs=0           0 ns/msg
  dir 1: active=  0.00%  msgs=0           0 ns/msg
  dir 2: active=  0.00%  msgs=0           0 ns/msg
  AGGREGATE active = 0.00% (of 3 dir-threads; 0.00% per-thread avg)  msgs=0
[CPU compute ] process=  3.76% of 80 cores   system=  4.78%   (window 2s)
0, throughput 0.0000
cluster throughput 0.000
The time duration = 18 seconds

----- REMOTE CPU LOAD (memory node dir-threads, 2s window) -----
  dir 0: active=  0.00%  msgs=0           0 ns/msg
  dir 1: active=  0.00%  msgs=0           0 ns/msg
  dir 2: active=  0.00%  msgs=0           0 ns/msg
  AGGREGATE active = 0.00% (of 3 dir-threads; 0.00% per-thread avg)  msgs=0
[CPU compute ] process=  3.75% of 80 cores   system=  3.76%   (window 2s)

==================== LATENCY BUCKETS (500 ns) [node 0] ====================
[LOOKUP]
  ALL                n=29262965   mean=   18.33us  p50=  18.50us  p90=  24.50us  p99=  29.50us  p99.9=  33.50us  max>=1000.00us
  LOCAL (cache hit)  n=1          mean=    1.75us  p50=   0.50us  p90=   0.50us  p99=   0.50us  p99.9=   0.50us  max>=  2.00us
  REMOTE (miss/rpc)  n=29262964   mean=   18.33us  p50=  18.50us  p90=  24.50us  p99=  29.50us  p99.9=  33.50us  max>=1000.00us
[ALL OPS]
  ALL                n=29262965   mean=   18.33us  p50=  18.50us  p90=  24.50us  p99=  29.50us  p99.9=  33.50us  max>=1000.00us
  LOCAL (cache hit)  n=1          mean=    1.75us  p50=   0.50us  p90=   0.50us  p99=   0.50us  p99.9=   0.50us  max>=  2.00us
  REMOTE (miss/rpc)  n=29262964   mean=   18.33us  p50=  18.50us  p90=  24.50us  p99=  29.50us  p99.9=  33.50us  max>=1000.00us

----- 500 ns bucket CDF (all ops) [node 0] -----
  bucket [lo,hi) ns             count        pct       cdf
  [     1500,     2000)            1    0.0000%   0.0000%
  [     4000,     4500)            6    0.0000%   0.0000%
  [     4500,     5000)          201    0.0007%   0.0007%
  [     5000,     5500)         3815    0.0130%   0.0137%
  [     5500,     6000)        26496    0.0905%   0.1043%
  [     6000,     6500)        82561    0.2821%   0.3864%
  [     6500,     7000)       147415    0.5038%   0.8902%
  [     7000,     7500)       183711    0.6278%   1.5180%
  [     7500,     8000)       199010    0.6801%   2.1981%
  [     8000,     8500)       198802    0.6794%   2.8774%
  [     8500,     9000)       202188    0.6909%   3.5684%
  [     9000,     9500)       226920    0.7755%   4.3438%
  [     9500,    10000)       275912    0.9429%   5.2867%
  [    10000,    10500)       327781    1.1201%   6.4068%
  [    10500,    11000)       380368    1.2998%   7.7066%
  [    11000,    11500)       440336    1.5048%   9.2114%
  [    11500,    12000)       483680    1.6529%  10.8643%
  [    12000,    12500)       497413    1.6998%  12.5641%
  [    12500,    13000)       491826    1.6807%  14.2448%
  [    13000,    13500)       508704    1.7384%  15.9832%
  [    13500,    14000)       600287    2.0514%  18.0345%
  [    14000,    14500)       767438    2.6226%  20.6571%
  [    14500,    15000)       947322    3.2373%  23.8943%
  [    15000,    15500)      1063827    3.6354%  27.5297%
  [    15500,    16000)      1124154    3.8416%  31.3713%
  [    16000,    16500)      1106558    3.7814%  35.1527%
  [    16500,    17000)      1085960    3.7110%  38.8638%
  [    17000,    17500)      1084964    3.7076%  42.5714%
  [    17500,    18000)      1111648    3.7988%  46.3702%
  [    18000,    18500)      1166005    3.9846%  50.3548%
  [    18500,    19000)      1213270    4.1461%  54.5009%
  [    19000,    19500)      1236036    4.2239%  58.7248%
  [    19500,    20000)      1220423    4.1705%  62.8953%
  [    20000,    20500)      1165950    3.9844%  66.8797%
  [    20500,    21000)      1085921    3.7109%  70.5906%
  [    21000,    21500)      1004236    3.4318%  74.0224%
  [    21500,    22000)       932877    3.1879%  77.2103%
  [    22000,    22500)       879321    3.0049%  80.2152%
  [    22500,    23000)       822789    2.8117%  83.0269%
  [    23000,    23500)       770615    2.6334%  85.6603%
  [    23500,    24000)       685664    2.3431%  88.0034%
  [    24000,    24500)       609280    2.0821%  90.0855%
  [    24500,    25000)       527309    1.8020%  91.8875%
  [    25000,    25500)       449536    1.5362%  93.4237%
  [    25500,    26000)       374395    1.2794%  94.7031%
  [    26000,    26500)       311762    1.0654%  95.7685%
  [    26500,    27000)       257380    0.8795%  96.6480%
  [    27000,    27500)       210049    0.7178%  97.3658%
  [    27500,    28000)       169893    0.5806%  97.9464%
  [    28000,    28500)       135730    0.4638%  98.4102%
  [    28500,    29000)       107310    0.3667%  98.7769%
  [    29000,    29500)        85352    0.2917%  99.0686%
  [    29500,    30000)        65617    0.2242%  99.2928%
  [    30000,    30500)        50685    0.1732%  99.4660%
  [    30500,    31000)        38817    0.1326%  99.5987%
  [    31000,    31500)        30005    0.1025%  99.7012%
  [    31500,    32000)        21830    0.0746%  99.7758%
  [    32000,    32500)        16210    0.0554%  99.8312%
  [    32500,    33000)        11979    0.0409%  99.8721%
  [    33000,    33500)         8865    0.0303%  99.9024%
  [    33500,    34000)         6407    0.0219%  99.9243%
  [    34000,    34500)         4505    0.0154%  99.9397%
  [    34500,    35000)         3216    0.0110%  99.9507%
  [    35000,    35500)         2419    0.0083%  99.9590%
  [    35500,    36000)         1764    0.0060%  99.9650%
  [    36000,    36500)         1223    0.0042%  99.9692%
  [    36500,    37000)          822    0.0028%  99.9720%
  [    37000,    37500)          648    0.0022%  99.9742%
  [    37500,    38000)          463    0.0016%  99.9758%
  [    38000,    38500)          334    0.0011%  99.9769%
  [    38500,    39000)          252    0.0009%  99.9778%
  [    39000,    39500)          218    0.0007%  99.9785%
  [    39500,    40000)          146    0.0005%  99.9790%
  [    40000,    40500)          143    0.0005%  99.9795%
  [    40500,    41000)          112    0.0004%  99.9799%
  [    41000,    41500)           87    0.0003%  99.9802%
  [    41500,    42000)           90    0.0003%  99.9805%
  [    42000,    42500)          111    0.0004%  99.9809%
  [    42500,    43000)           86    0.0003%  99.9812%
  [    43000,    43500)           76    0.0003%  99.9815%
  [    43500,    44000)           85    0.0003%  99.9817%
  [    44000,    44500)           68    0.0002%  99.9820%
  [    44500,    45000)           55    0.0002%  99.9822%
  [    45000,    45500)           68    0.0002%  99.9824%
  [    45500,    46000)           60    0.0002%  99.9826%
  [    46000,    46500)           48    0.0002%  99.9828%
  [    46500,    47000)           58    0.0002%  99.9830%
  [    47000,    47500)           54    0.0002%  99.9831%
  [    47500,    48000)           59    0.0002%  99.9833%
  [    48000,    48500)           68    0.0002%  99.9836%
  [    48500,    49000)           61    0.0002%  99.9838%
  [    49000,    49500)           60    0.0002%  99.9840%
  [    49500,    50000)           57    0.0002%  99.9842%
  [    50000,    50500)           57    0.0002%  99.9844%
  [    50500,    51000)           68    0.0002%  99.9846%
  [    51000,    51500)           73    0.0002%  99.9849%
  [    51500,    52000)           63    0.0002%  99.9851%
  [    52000,    52500)           58    0.0002%  99.9853%
  [    52500,    53000)           51    0.0002%  99.9855%
  [    53000,    53500)           68    0.0002%  99.9857%
  [    53500,    54000)           68    0.0002%  99.9859%
  [    54000,    54500)           75    0.0003%  99.9862%
  [    54500,    55000)           56    0.0002%  99.9864%
  [    55000,    55500)           66    0.0002%  99.9866%
  [    55500,    56000)           63    0.0002%  99.9868%
  [    56000,    56500)           68    0.0002%  99.9870%
  [    56500,    57000)           68    0.0002%  99.9873%
  [    57000,    57500)           64    0.0002%  99.9875%
  [    57500,    58000)           60    0.0002%  99.9877%
  [    58000,    58500)           66    0.0002%  99.9879%
  [    58500,    59000)           70    0.0002%  99.9882%
  [    59000,    59500)           83    0.0003%  99.9884%
  [    59500,    60000)           62    0.0002%  99.9887%
  [    60000,    60500)           67    0.0002%  99.9889%
  [    60500,    61000)           69    0.0002%  99.9891%
  [    61000,    61500)           74    0.0003%  99.9894%
  [    61500,    62000)           79    0.0003%  99.9896%
  [    62000,    62500)           77    0.0003%  99.9899%
  [    62500,    63000)           56    0.0002%  99.9901%
  [    63000,    63500)           54    0.0002%  99.9903%
  [    63500,    64000)           64    0.0002%  99.9905%
  [    64000,    64500)           59    0.0002%  99.9907%
  [    64500,    65000)           58    0.0002%  99.9909%
  [    65000,    65500)           59    0.0002%  99.9911%
  [    65500,    66000)           59    0.0002%  99.9913%
  [    66000,    66500)           54    0.0002%  99.9915%
  [    66500,    67000)           52    0.0002%  99.9917%
  [    67000,    67500)           55    0.0002%  99.9919%
  [    67500,    68000)           55    0.0002%  99.9920%
  [    68000,    68500)           61    0.0002%  99.9922%
  [    68500,    69000)           49    0.0002%  99.9924%
  [    69000,    69500)           42    0.0001%  99.9926%
  [    69500,    70000)           44    0.0002%  99.9927%
  [    70000,    70500)           50    0.0002%  99.9929%
  [    70500,    71000)           39    0.0001%  99.9930%
  [    71000,    71500)           40    0.0001%  99.9932%
  [    71500,    72000)           43    0.0001%  99.9933%
  [    72000,    72500)           33    0.0001%  99.9934%
  [    72500,    73000)           36    0.0001%  99.9935%
  [    73000,    73500)           29    0.0001%  99.9936%
  [    73500,    74000)           30    0.0001%  99.9937%
  [    74000,    74500)           34    0.0001%  99.9939%
  [    74500,    75000)           26    0.0001%  99.9939%
  [    75000,    75500)           25    0.0001%  99.9940%
  [    75500,    76000)           29    0.0001%  99.9941%
  [    76000,    76500)           31    0.0001%  99.9942%
  [    76500,    77000)           34    0.0001%  99.9943%
  [    77000,    77500)           35    0.0001%  99.9945%
  [    77500,    78000)           32    0.0001%  99.9946%
  [    78000,    78500)           23    0.0001%  99.9947%
  [    78500,    79000)           28    0.0001%  99.9948%
  [    79000,    79500)           26    0.0001%  99.9948%
  [    79500,    80000)           22    0.0001%  99.9949%
  [    80000,    80500)           19    0.0001%  99.9950%
  [    80500,    81000)           22    0.0001%  99.9951%
  [    81000,    81500)           21    0.0001%  99.9951%
  [    81500,    82000)           21    0.0001%  99.9952%
  [    82000,    82500)           19    0.0001%  99.9953%
  [    82500,    83000)           24    0.0001%  99.9953%
  [    83000,    83500)           15    0.0001%  99.9954%
  [    83500,    84000)           22    0.0001%  99.9955%
  [    84000,    84500)           10    0.0000%  99.9955%
  [    84500,    85000)           16    0.0001%  99.9956%
  [    85000,    85500)           12    0.0000%  99.9956%
  [    85500,    86000)           16    0.0001%  99.9957%
  [    86000,    86500)           11    0.0000%  99.9957%
  [    86500,    87000)           12    0.0000%  99.9957%
  [    87000,    87500)            9    0.0000%  99.9958%
  [    87500,    88000)            8    0.0000%  99.9958%
  [    88000,    88500)           14    0.0000%  99.9958%
  [    88500,    89000)            7    0.0000%  99.9959%
  [    89000,    89500)           17    0.0001%  99.9959%
  [    89500,    90000)           15    0.0001%  99.9960%
  [    90000,    90500)            7    0.0000%  99.9960%
  [    90500,    91000)           12    0.0000%  99.9960%
  [    91000,    91500)           10    0.0000%  99.9961%
  [    91500,    92000)           10    0.0000%  99.9961%
  [    92000,    92500)            9    0.0000%  99.9961%
  [    92500,    93000)           10    0.0000%  99.9962%
  [    93000,    93500)           12    0.0000%  99.9962%
  [    93500,    94000)           11    0.0000%  99.9963%
  [    94000,    94500)           13    0.0000%  99.9963%
  [    94500,    95000)           14    0.0000%  99.9963%
  [    95000,    95500)           16    0.0001%  99.9964%
  [    95500,    96000)           12    0.0000%  99.9964%
  [    96000,    96500)            8    0.0000%  99.9965%
  [    96500,    97000)           10    0.0000%  99.9965%
  [    97000,    97500)           15    0.0001%  99.9966%
  [    97500,    98000)           13    0.0000%  99.9966%
  [    98000,    98500)           11    0.0000%  99.9966%
  [    98500,    99000)           19    0.0001%  99.9967%
  [    99000,    99500)            6    0.0000%  99.9967%
  [    99500,   100000)           16    0.0001%  99.9968%
  [   100000,   100500)           20    0.0001%  99.9968%
  [   100500,   101000)           11    0.0000%  99.9969%
  [   101000,   101500)           15    0.0001%  99.9969%
  [   101500,   102000)           10    0.0000%  99.9970%
  [   102000,   102500)           19    0.0001%  99.9970%
  [   102500,   103000)           11    0.0000%  99.9971%
  [   103000,   103500)           15    0.0001%  99.9971%
  [   103500,   104000)           13    0.0000%  99.9972%
  [   104000,   104500)           17    0.0001%  99.9972%
  [   104500,   105000)            9    0.0000%  99.9973%
  [   105000,   105500)            7    0.0000%  99.9973%
  [   105500,   106000)            5    0.0000%  99.9973%
  [   106000,   106500)            9    0.0000%  99.9973%
  [   106500,   107000)            8    0.0000%  99.9974%
  [   107000,   107500)           17    0.0001%  99.9974%
  [   107500,   108000)           16    0.0001%  99.9975%
  [   108000,   108500)            9    0.0000%  99.9975%
  [   108500,   109000)           12    0.0000%  99.9975%
  [   109000,   109500)           14    0.0000%  99.9976%
  [   109500,   110000)           16    0.0001%  99.9976%
  [   110000,   110500)            8    0.0000%  99.9977%
  [   110500,   111000)            9    0.0000%  99.9977%
  [   111000,   111500)           12    0.0000%  99.9977%
  [   111500,   112000)           15    0.0001%  99.9978%
  [   112000,   112500)           14    0.0000%  99.9978%
  [   112500,   113000)            6    0.0000%  99.9979%
  [   113000,   113500)           15    0.0001%  99.9979%
  [   113500,   114000)           10    0.0000%  99.9979%
  [   114000,   114500)            9    0.0000%  99.9980%
  [   114500,   115000)           12    0.0000%  99.9980%
  [   115000,   115500)           12    0.0000%  99.9981%
  [   115500,   116000)           18    0.0001%  99.9981%
  [   116000,   116500)           10    0.0000%  99.9982%
  [   116500,   117000)           16    0.0001%  99.9982%
  [   117000,   117500)           14    0.0000%  99.9983%
  [   117500,   118000)           12    0.0000%  99.9983%
  [   118000,   118500)           18    0.0001%  99.9984%
  [   118500,   119000)           12    0.0000%  99.9984%
  [   119000,   119500)           17    0.0001%  99.9985%
  [   119500,   120000)            9    0.0000%  99.9985%
  [   120000,   120500)           10    0.0000%  99.9985%
  [   120500,   121000)            6    0.0000%  99.9985%
  [   121000,   121500)           17    0.0001%  99.9986%
  [   121500,   122000)           14    0.0000%  99.9986%
  [   122000,   122500)           12    0.0000%  99.9987%
  [   122500,   123000)           13    0.0000%  99.9987%
  [   123000,   123500)           15    0.0001%  99.9988%
  [   123500,   124000)            5    0.0000%  99.9988%
  [   124000,   124500)           10    0.0000%  99.9988%
  [   124500,   125000)           12    0.0000%  99.9989%
  [   125000,   125500)           11    0.0000%  99.9989%
  [   125500,   126000)           13    0.0000%  99.9990%
  [   126000,   126500)           11    0.0000%  99.9990%
  [   126500,   127000)           12    0.0000%  99.9990%
  [   127000,   127500)           14    0.0000%  99.9991%
  [   127500,   128000)           11    0.0000%  99.9991%
  [   128000,   128500)            5    0.0000%  99.9991%
  [   128500,   129000)           10    0.0000%  99.9992%
  [   129000,   129500)            6    0.0000%  99.9992%
  [   129500,   130000)            6    0.0000%  99.9992%
  [   130000,   130500)           11    0.0000%  99.9993%
  [   130500,   131000)            4    0.0000%  99.9993%
  [   131000,   131500)            6    0.0000%  99.9993%
  [   131500,   132000)            4    0.0000%  99.9993%
  [   132000,   132500)            2    0.0000%  99.9993%
  [   132500,   133000)            2    0.0000%  99.9993%
  [   133000,   133500)            3    0.0000%  99.9993%
  [   133500,   134000)            5    0.0000%  99.9993%
  [   134000,   134500)            3    0.0000%  99.9994%
  [   135000,   135500)            1    0.0000%  99.9994%
  [   135500,   136000)            3    0.0000%  99.9994%
  [   136000,   136500)            2    0.0000%  99.9994%
  [   136500,   137000)            2    0.0000%  99.9994%
  [   137500,   138000)            1    0.0000%  99.9994%
  [   138000,   138500)            1    0.0000%  99.9994%
  [   138500,   139000)            1    0.0000%  99.9994%
  [   139000,   139500)            2    0.0000%  99.9994%
  [   139500,   140000)            2    0.0000%  99.9994%
  [   140000,   140500)            1    0.0000%  99.9994%
  [   140500,   141000)            1    0.0000%  99.9994%
  [   147500,   148000)            1    0.0000%  99.9994%
  [   148500,   149000)            1    0.0000%  99.9994%
  [   151500,   152000)            1    0.0000%  99.9994%
  [   152000,   152500)            1    0.0000%  99.9994%
  [   153000,   153500)            1    0.0000%  99.9994%
  [   157500,   158000)            1    0.0000%  99.9994%
  [   158000,   158500)            1    0.0000%  99.9994%
  [   158500,   159000)            1    0.0000%  99.9994%
  [   159000,   159500)            1    0.0000%  99.9994%
  [   159500,   160000)            1    0.0000%  99.9994%
  [   160000,   160500)            1    0.0000%  99.9994%
  [   162000,   162500)            1    0.0000%  99.9994%
  [   162500,   163000)            1    0.0000%  99.9995%
  [   163000,   163500)            2    0.0000%  99.9995%
  [   163500,   164000)            1    0.0000%  99.9995%
  [   164000,   164500)            1    0.0000%  99.9995%
  [   165000,   165500)            1    0.0000%  99.9995%
  [   166000,   166500)            1    0.0000%  99.9995%
  [   169500,   170000)            1    0.0000%  99.9995%
  [   173000,   173500)            1    0.0000%  99.9995%
  [   182000,   182500)            1    0.0000%  99.9995%
  [   245500,   246000)            1    0.0000%  99.9995%
  [   246000,   246500)            1    0.0000%  99.9995%
  [   246500,   247000)            1    0.0000%  99.9995%
  [   254500,   255000)            1    0.0000%  99.9995%
  [   258500,   259000)            1    0.0000%  99.9995%
  [   260000,   260500)            1    0.0000%  99.9995%
  [   261000,   261500)            1    0.0000%  99.9995%
  [   286500,   287000)            1    0.0000%  99.9995%
  [   288000,   288500)            1    0.0000%  99.9995%
  [   289000,   289500)            1    0.0000%  99.9995%
  [   291000,   291500)            1    0.0000%  99.9995%
  [   292000,   292500)            3    0.0000%  99.9995%
  [   294000,   294500)            1    0.0000%  99.9995%
  [   294500,   295000)            3    0.0000%  99.9995%
  [   295000,   295500)            2    0.0000%  99.9996%
  [   295500,   296000)            1    0.0000%  99.9996%
  [   296500,   297000)            2    0.0000%  99.9996%
  [   297500,   298000)            2    0.0000%  99.9996%
  [   298000,   298500)            1    0.0000%  99.9996%
  [   298500,   299000)            1    0.0000%  99.9996%
  [   299000,   299500)            3    0.0000%  99.9996%
  [   299500,   300000)            3    0.0000%  99.9996%
  [   300000,   300500)            2    0.0000%  99.9996%
  [   300500,   301000)            2    0.0000%  99.9996%
  [   302000,   302500)            2    0.0000%  99.9996%
  [   303000,   303500)            1    0.0000%  99.9996%
  [   303500,   304000)            2    0.0000%  99.9996%
  [   304000,   304500)            2    0.0000%  99.9996%
  [   304500,   305000)            1    0.0000%  99.9996%
  [   305000,   305500)            2    0.0000%  99.9996%
  [   306000,   306500)            3    0.0000%  99.9997%
  [   306500,   307000)            1    0.0000%  99.9997%
  [   307000,   307500)            1    0.0000%  99.9997%
  [   307500,   308000)            3    0.0000%  99.9997%
  [   308000,   308500)            3    0.0000%  99.9997%
  [   308500,   309000)            3    0.0000%  99.9997%
  [   309000,   309500)            2    0.0000%  99.9997%
  [   310000,   310500)            2    0.0000%  99.9997%
  [   310500,   311000)            3    0.0000%  99.9997%
  [   311000,   311500)            2    0.0000%  99.9997%
  [   311500,   312000)            2    0.0000%  99.9997%
  [   313000,   313500)            1    0.0000%  99.9997%
  [   314000,   314500)            1    0.0000%  99.9997%
  [   314500,   315000)            1    0.0000%  99.9997%
  [   315500,   316000)            1    0.0000%  99.9997%
  [   316500,   317000)            1    0.0000%  99.9997%
  [   318500,   319000)            1    0.0000%  99.9998%
  [   325000,   325500)            1    0.0000%  99.9998%
  [   596000,   596500)            1    0.0000%  99.9998%
  [   598000,   598500)            1    0.0000%  99.9998%
  [   600500,   601000)            2    0.0000%  99.9998%
  [   601000,   601500)            1    0.0000%  99.9998%
  [   601500,   602000)            1    0.0000%  99.9998%
  [   602000,   602500)            3    0.0000%  99.9998%
  [   602500,   603000)            3    0.0000%  99.9998%
  [   603500,   604000)            2    0.0000%  99.9998%
  [   604000,   604500)            2    0.0000%  99.9998%
  [   605000,   605500)            1    0.0000%  99.9998%
  [   606000,   606500)            2    0.0000%  99.9998%
  [   606500,   607000)            3    0.0000%  99.9998%
  [   607000,   607500)            3    0.0000%  99.9998%
  [   607500,   608000)            1    0.0000%  99.9998%
  [   608000,   608500)            1    0.0000%  99.9998%
  [   609500,   610000)            1    0.0000%  99.9998%
  [   610000,   610500)            1    0.0000%  99.9999%
  [   610500,   611000)            1    0.0000%  99.9999%
  [   611000,   611500)            1    0.0000%  99.9999%
  [   612000,   612500)            1    0.0000%  99.9999%
  [   612500,   613000)            1    0.0000%  99.9999%
  [   613000,   613500)            1    0.0000%  99.9999%
  [   614500,   615000)            2    0.0000%  99.9999%
  [   999500, +inf)                  36    0.0001% 100.0000%

----- REMOTE OPERATIONS [node 0] -----
  ops total                = 29262965
  ops local  (cache hit)   = 1 (0.00%)
  ops remote (>=1 net op)  = 29262964 (100.00%)
  remote ops total         = 97463084
    rdma read              = 68200120
    rdma write             = 0
    rdma cas               = 0
    rpc pushdown           = 29262964
  remote ops / op          = 3.3306
  remote ops / remote op   = 3.3306

----- OFFLOADED TASKS [node 0] -----
  lookup pushdowns         = 29262964
  scan    pushdowns (RPC)  = 0
    kv pairs returned      = 0
    leaves scanned remotely= 0
    kv / scan pushdown     = 0.00
    leaves / scan pushdown = 0.00
  per-thread breakdown (tid: lookups | scans | kv | leaves):
    t0        815775 |          0 |          0 |          0
    t1        787315 |          0 |          0 |          0
    t2        825415 |          0 |          0 |          0
    t3        798281 |          0 |          0 |          0
    t4        824485 |          0 |          0 |          0
    t5        801840 |          0 |          0 |          0
    t6        825120 |          0 |          0 |          0
    t7        798022 |          0 |          0 |          0
    t8        831939 |          0 |          0 |          0
    t9        800970 |          0 |          0 |          0
    t10       813945 |          0 |          0 |          0
    t11       798072 |          0 |          0 |          0
    t12       830555 |          0 |          0 |          0
    t13       798589 |          0 |          0 |          0
    t14       827526 |          0 |          0 |          0
    t15       795821 |          0 |          0 |          0
    t16       831604 |          0 |          0 |          0
    t17       799013 |          0 |          0 |          0
    t18       828922 |          0 |          0 |          0
    t19       800398 |          0 |          0 |          0
    t20       833333 |          0 |          0 |          0
    t21       801383 |          0 |          0 |          0
    t22       830137 |          0 |          0 |          0
    t23       798045 |          0 |          0 |          0
    t24       825700 |          0 |          0 |          0
    t25       799567 |          0 |          0 |          0
    t26       829788 |          0 |          0 |          0
    t27       797794 |          0 |          0 |          0
    t28       832904 |          0 |          0 |          0
    t29       801735 |          0 |          0 |          0
    t30       829818 |          0 |          0 |          0
    t31       797412 |          0 |          0 |          0
    t32       828790 |          0 |          0 |          0
    t33       799892 |          0 |          0 |          0
    t34       827471 |          0 |          0 |          0
    t35       795588 |          0 |          0 |          0

----- PATH-AWARE CACHE MISS RATE [node 0] -----
  node accesses (hit+miss) = 529294507
  node cache hits          = 431832587 (81.59%)
  MISS RATE                = 18.4136%  (97461920 / 529294507)
  inner-node miss          = 97461877 (100.00% of misses, 18.4135% rate)
  leaf-node  miss          = 43 (0.00% of misses, 0.0000% rate)
  total miss               = 97461920
  cache writebacks         = 0
=========================================================================

Round 0 (max_throughput): 1.95731 Mops/s
Round 0 (straggler_throughput): 1.95728 Mops/s
Before barrier finish
Avg. rdma read time(ms) = 0
Avg. rdma write time(ms) = -nan
Avg. rdma read / op = 2.3306
Avg. rdma write / op = 0
Avg. rdma cas / op = 0
Avg. rdma rpc / op = 1
Avg. all rdma / op = 3.33059
Avg. rdma read size/ op = 1226.24
Avg. rdma write size / op = 0
Avg. rdma RW size / op = 1226.24
------------------------------------------
Node 0 average throughput = 1.82825
Node 0 total throughput = 1.95731
All CN throughput (Max) = 1.95731
All CN throughput (Straggler) = 1.95728
Final throughput = 1.95728
------------------------------------------
