Compute node count = 1
kNodeCount 2, kReadRatio 100, kInsertRatio 0, kUpdateRatio 0, kDeleteRatio 0, kRangeRatio 0, totalThreadCount 36, memThreadCount 7 cache_size 512, uniform_workload 1, zipfian 0.990000, bulk_load_num 50000000, warmup_num 10000000, op_num 30000000, check_correctness 0, time_based 0, early_stop 1, index 0, rpc_rate 1.000000, admission_rate 0.100000, auto_tune 0
kMaxThread = 36
KeySpace = 50001000
[GEOMETRY] inner_page=160 leaf_page=512 inner_entries=5 leaf_entries=26 slot=512 placement=mn_only
[4mshared memory size: 64GB, 0x7fef77200000[0m
[4mcache size: 2GB[0m
[4mMachine NR: 2[0m
[4mMax_APP_THREAD: 36[0m
[4mNR_DIRECTORY: 16[0m
[4mStart Build the DSMKeeper[0m
I am servers 0 [255.127.0.0]
I connect server 1
[4mdir 0 launch! (core 79 of 80)
[0m
[4mdir 1 launch! (core 78 of 80)
[0m
[4mdir 2 launch! (core 77 of 80)
[0m
[4mdir 5 launch! (core 38 of 80)
[0m
[4mdir 6 launch! (core 37 of 80)
[0m
[4mdir 4 launch! (core 39 of 80)
[0m
[4mdir 3 launch! (core 76 of 80)
[0m
CNode 0, left bound = 0, right bound = 18446744073709551615
Pushdown (RPC) Rate: 1
Admission Rate: 0.1
Cache size(MB) = 512
-----Cache initial addr = 0x7fef1c000000
page num = 1048576
alloc_unit = 512
entry_num: 1048576
bucket_num: 349526
Bucket size = 64
entry_num: 104857
bucket_num: 17477
start generating tree
num_partitions = 1
Success: tree root pointer value [1, 67108864]
finish generating tree

----- REMOTE CPU LOAD (memory node dir-threads, 2s window) -----
  dir 0: active=  0.00%  msgs=0           0 ns/msg
  dir 1: active=  0.00%  msgs=0           0 ns/msg
  dir 2: active=  0.00%  msgs=0           0 ns/msg
  dir 3: active=  0.00%  msgs=0           0 ns/msg
  dir 4: active=  0.00%  msgs=0           0 ns/msg
  dir 5: active=  0.00%  msgs=0           0 ns/msg
  dir 6: active=  0.00%  msgs=0           0 ns/msg
  AGGREGATE active = 0.00% (of 7 dir-threads; 0.00% per-thread avg)  msgs=0
[CPU compute ] process=  9.99% of 80 cores   system= 11.94%   (window 2s)
Bulkload num in node 0 = 50000000
First key of bulkloading = 7325973
Last key of bulkloading = 26738230
node warmup num = 9999972
kReadRatio =100
insertmark =100
updatemark =100
deletemark =100
rangemark =100
Finish warmup workload generation

----- REMOTE CPU LOAD (memory node dir-threads, 2s window) -----
  dir 0: active=  0.00%  msgs=0           0 ns/msg
  dir 1: active=  0.00%  msgs=0           0 ns/msg
  dir 2: active=  0.00%  msgs=0           0 ns/msg
  dir 3: active=  0.00%  msgs=0           0 ns/msg
  dir 4: active=  0.00%  msgs=0           0 ns/msg
  dir 5: active=  0.00%  msgs=0           0 ns/msg
  dir 6: active=  0.00%  msgs=0           0 ns/msg
  AGGREGATE active = 0.00% (of 7 dir-threads; 0.00% per-thread avg)  msgs=0
[CPU compute ] process= 10.00% of 80 cores   system= 10.02%   (window 2s)

----- REMOTE CPU LOAD (memory node dir-threads, 2s window) -----
  dir 0: active=  0.00%  msgs=0           0 ns/msg
  dir 1: active=  0.00%  msgs=0           0 ns/msg
  dir 2: active=  0.00%  msgs=0           0 ns/msg
  dir 3: active=  0.00%  msgs=0           0 ns/msg
  dir 4: active=  0.00%  msgs=0           0 ns/msg
  dir 5: active=  0.00%  msgs=0           0 ns/msg
  dir 6: active=  0.00%  msgs=0           0 ns/msg
  AGGREGATE active = 0.00% (of 7 dir-threads; 0.00% per-thread avg)  msgs=0
[CPU compute ] process= 10.00% of 80 cores   system= 10.01%   (window 2s)

----- REMOTE CPU LOAD (memory node dir-threads, 2s window) -----
  dir 0: active=  0.00%  msgs=0           0 ns/msg
  dir 1: active=  0.00%  msgs=0           0 ns/msg
  dir 2: active=  0.00%  msgs=0           0 ns/msg
  dir 3: active=  0.00%  msgs=0           0 ns/msg
  dir 4: active=  0.00%  msgs=0           0 ns/msg
  dir 5: active=  0.00%  msgs=0           0 ns/msg
  dir 6: active=  0.00%  msgs=0           0 ns/msg
  AGGREGATE active = 0.00% (of 7 dir-threads; 0.00% per-thread avg)  msgs=0
[CPU compute ] process= 10.00% of 80 cores   system= 10.00%   (window 2s)

----- REMOTE CPU LOAD (memory node dir-threads, 2s window) -----
  dir 0: active=  0.00%  msgs=0           0 ns/msg
  dir 1: active=  0.00%  msgs=0           0 ns/msg
  dir 2: active=  0.00%  msgs=0           0 ns/msg
  dir 3: active=  0.00%  msgs=0           0 ns/msg
  dir 4: active=  0.00%  msgs=0           0 ns/msg
  dir 5: active=  0.00%  msgs=0           0 ns/msg
  dir 6: active=  0.00%  msgs=0           0 ns/msg
  AGGREGATE active = 0.00% (of 7 dir-threads; 0.00% per-thread avg)  msgs=0
[CPU compute ] process=  9.99% of 80 cores   system= 10.01%   (window 2s)

----- REMOTE CPU LOAD (memory node dir-threads, 2s window) -----
  dir 0: active=  0.00%  msgs=0           0 ns/msg
  dir 1: active=  0.00%  msgs=0           0 ns/msg
  dir 2: active=  0.00%  msgs=0           0 ns/msg
  dir 3: active=  0.00%  msgs=0           0 ns/msg
  dir 4: active=  0.00%  msgs=0           0 ns/msg
  dir 5: active=  0.00%  msgs=0           0 ns/msg
  dir 6: active=  0.00%  msgs=0           0 ns/msg
  AGGREGATE active = 0.00% (of 7 dir-threads; 0.00% per-thread avg)  msgs=0
[CPU compute ] process= 10.00% of 80 cores   system= 11.92%   (window 2s)

----- REMOTE CPU LOAD (memory node dir-threads, 2s window) -----
  dir 0: active=  0.00%  msgs=0           0 ns/msg
  dir 1: active=  0.00%  msgs=0           0 ns/msg
  dir 2: active=  0.00%  msgs=0           0 ns/msg
  dir 3: active=  0.00%  msgs=0           0 ns/msg
  dir 4: active=  0.00%  msgs=0           0 ns/msg
  dir 5: active=  0.00%  msgs=0           0 ns/msg
  dir 6: active=  0.00%  msgs=0           0 ns/msg
  AGGREGATE active = 0.00% (of 7 dir-threads; 0.00% per-thread avg)  msgs=0
[CPU compute ] process= 10.00% of 80 cores   system= 10.01%   (window 2s)
node op_num = 29999988
Finish all workload generation

----- REMOTE CPU LOAD (memory node dir-threads, 2s window) -----
  dir 0: active=  0.00%  msgs=0           0 ns/msg
  dir 1: active=  0.00%  msgs=0           0 ns/msg
  dir 2: active=  0.00%  msgs=0           0 ns/msg
  dir 3: active=  0.00%  msgs=0           0 ns/msg
  dir 4: active=  0.00%  msgs=0           0 ns/msg
  dir 5: active=  0.00%  msgs=0           0 ns/msg
  dir 6: active=  0.00%  msgs=0           0 ns/msg
  AGGREGATE active = 0.00% (of 7 dir-threads; 0.00% per-thread avg)  msgs=0
[CPU compute ] process= 10.00% of 80 cores   system= 10.01%   (window 2s)

----- REMOTE CPU LOAD (memory node dir-threads, 2s window) -----
  dir 0: active=  0.00%  msgs=0           0 ns/msg
  dir 1: active=  0.00%  msgs=0           0 ns/msg
  dir 2: active=  0.00%  msgs=0           0 ns/msg
  dir 3: active=  0.00%  msgs=0           0 ns/msg
  dir 4: active=  0.00%  msgs=0           0 ns/msg
  dir 5: active=  0.00%  msgs=0           0 ns/msg
  dir 6: active=  0.00%  msgs=0           0 ns/msg
  AGGREGATE active = 0.00% (of 7 dir-threads; 0.00% per-thread avg)  msgs=0
[CPU compute ] process= 10.00% of 80 cores   system= 10.01%   (window 2s)

----- REMOTE CPU LOAD (memory node dir-threads, 2s window) -----
  dir 0: active=  0.00%  msgs=0           0 ns/msg
  dir 1: active=  0.00%  msgs=0           0 ns/msg
  dir 2: active=  0.00%  msgs=0           0 ns/msg
  dir 3: active=  0.00%  msgs=0           0 ns/msg
  dir 4: active=  0.00%  msgs=0           0 ns/msg
  dir 5: active=  0.00%  msgs=0           0 ns/msg
  dir 6: active=  0.00%  msgs=0           0 ns/msg
  AGGREGATE active = 0.00% (of 7 dir-threads; 0.00% per-thread avg)  msgs=0
[CPU compute ] process= 10.00% of 80 cores   system= 10.00%   (window 2s)
Fetched new height = 1
Success: tree root pointer value [1, 67109888]
Height = 2
Success: tree root pointer value [1, 67112448]
Height = 3
Success: tree root pointer value [1, 67118080]
Height = 4

----- REMOTE CPU LOAD (memory node dir-threads, 2s window) -----
  dir 0: active=  0.00%  msgs=0           0 ns/msg
  dir 1: active=  0.00%  msgs=0           0 ns/msg
  dir 2: active=  0.00%  msgs=0           0 ns/msg
  dir 3: active=  0.00%  msgs=0           0 ns/msg
  dir 4: active=  0.00%  msgs=0           0 ns/msg
  dir 5: active=  0.00%  msgs=0           0 ns/msg
  dir 6: active=  0.00%  msgs=0           0 ns/msg
  AGGREGATE active = 0.00% (of 7 dir-threads; 0.00% per-thread avg)  msgs=0
[CPU compute ] process= 10.00% of 80 cores   system= 11.82%   (window 2s)
Success: tree root pointer value [1, 67129856]
Height = 5
Success: tree root pointer value [1, 67153920]
Height = 6
Success: tree root pointer value [1, 67202560]
Height = 7
Success: tree root pointer value [1, 67300352]
Height = 8
Success: tree root pointer value [1, 67496448]
Height = 9
Success: tree root pointer value [1, 67889152]
Height = 10
Success: tree root pointer value [1, 68675072]
Height = 11
Success: tree root pointer value [1, 70247424]
Height = 12
Success: tree root pointer value [1, 73392640]
Height = 13
Success: tree root pointer value [1, 79683584]
Height = 14
Success: tree root pointer value [1, 92265984]
Height = 15
Success: tree root pointer value [1, 9900945481]
Height = 16
Success: tree root pointer value [1, 19734790802]
Height = 17

----- REMOTE CPU LOAD (memory node dir-threads, 2s window) -----
  dir 0: active=  0.00%  msgs=0           0 ns/msg
  dir 1: active=  0.00%  msgs=0           0 ns/msg
  dir 2: active=  0.00%  msgs=0           0 ns/msg
  dir 3: active=  0.00%  msgs=0           0 ns/msg
  dir 4: active=  0.00%  msgs=0           0 ns/msg
  dir 5: active=  0.00%  msgs=0           0 ns/msg
  dir 6: active=  0.00%  msgs=0           0 ns/msg
  AGGREGATE active = 0.00% (of 7 dir-threads; 0.00% per-thread avg)  msgs=0
[CPU compute ] process= 10.00% of 80 cores   system= 10.02%   (window 2s)
Success: tree root pointer value [1, 49185996141]
Height = 18

----- REMOTE CPU LOAD (memory node dir-threads, 2s window) -----
  dir 0: active=  0.00%  msgs=0           0 ns/msg
  dir 1: active=  0.00%  msgs=0           0 ns/msg
  dir 2: active=  0.00%  msgs=0           0 ns/msg
  dir 3: active=  0.00%  msgs=0           0 ns/msg
  dir 4: active=  0.00%  msgs=0           0 ns/msg
  dir 5: active=  0.00%  msgs=0           0 ns/msg
  dir 6: active=  0.00%  msgs=0           0 ns/msg
  AGGREGATE active = 0.00% (of 7 dir-threads; 0.00% per-thread avg)  msgs=0
[CPU compute ] process= 10.00% of 80 cores   system= 10.01%   (window 2s)
Success: tree root pointer value [1, 39402485028]
Height = 19
entering dynamic phase

----- REMOTE CPU LOAD (memory node dir-threads, 2s window) -----
  dir 0: active=  0.00%  msgs=0           0 ns/msg
  dir 1: active=  0.00%  msgs=0           0 ns/msg
  dir 2: active=  0.00%  msgs=0           0 ns/msg
  dir 3: active=  0.00%  msgs=0           0 ns/msg
  dir 4: active=  0.00%  msgs=0           0 ns/msg
  dir 5: active=  0.00%  msgs=0           0 ns/msg
  dir 6: active=  0.00%  msgs=0           0 ns/msg
  AGGREGATE active = 0.00% (of 7 dir-threads; 0.00% per-thread avg)  msgs=0
[CPU compute ] process= 10.00% of 80 cores   system= 10.01%   (window 2s)

----- REMOTE CPU LOAD (memory node dir-threads, 2s window) -----
  dir 0: active=  0.00%  msgs=0           0 ns/msg
  dir 1: active=  0.00%  msgs=0           0 ns/msg
  dir 2: active=  0.00%  msgs=0           0 ns/msg
  dir 3: active=  0.00%  msgs=0           0 ns/msg
  dir 4: active=  0.00%  msgs=0           0 ns/msg
  dir 5: active=  0.00%  msgs=0           0 ns/msg
  dir 6: active=  0.00%  msgs=0           0 ns/msg
  AGGREGATE active = 0.00% (of 7 dir-threads; 0.00% per-thread avg)  msgs=0
[CPU compute ] process= 10.00% of 80 cores   system= 10.00%   (window 2s)
Success: tree root pointer value [1, 29618977499]
Height = 20

----- REMOTE CPU LOAD (memory node dir-threads, 2s window) -----
  dir 0: active=  0.00%  msgs=0           0 ns/msg
  dir 1: active=  0.00%  msgs=0           0 ns/msg
  dir 2: active=  0.00%  msgs=0           0 ns/msg
  dir 3: active=  0.00%  msgs=0           0 ns/msg
  dir 4: active=  0.00%  msgs=0           0 ns/msg
  dir 5: active=  0.00%  msgs=0           0 ns/msg
  dir 6: active=  0.00%  msgs=0           0 ns/msg
  AGGREGATE active = 0.00% (of 7 dir-threads; 0.00% per-thread avg)  msgs=0
[CPU compute ] process= 10.00% of 80 cores   system= 11.87%   (window 2s)

----- REMOTE CPU LOAD (memory node dir-threads, 2s window) -----
  dir 0: active=  0.00%  msgs=0           0 ns/msg
  dir 1: active=  0.00%  msgs=0           0 ns/msg
  dir 2: active=  0.00%  msgs=0           0 ns/msg
  dir 3: active=  0.00%  msgs=0           0 ns/msg
  dir 4: active=  0.00%  msgs=0           0 ns/msg
  dir 5: active=  0.00%  msgs=0           0 ns/msg
  dir 6: active=  0.00%  msgs=0           0 ns/msg
  AGGREGATE active = 0.00% (of 7 dir-threads; 0.00% per-thread avg)  msgs=0
[CPU compute ] process= 10.00% of 80 cores   system= 10.00%   (window 2s)

----- REMOTE CPU LOAD (memory node dir-threads, 2s window) -----
  dir 0: active=  0.00%  msgs=0           0 ns/msg
  dir 1: active=  0.00%  msgs=0           0 ns/msg
  dir 2: active=  0.00%  msgs=0           0 ns/msg
  dir 3: active=  0.00%  msgs=0           0 ns/msg
  dir 4: active=  0.00%  msgs=0           0 ns/msg
  dir 5: active=  0.00%  msgs=0           0 ns/msg
  dir 6: active=  0.00%  msgs=0           0 ns/msg
  AGGREGATE active = 0.00% (of 7 dir-threads; 0.00% per-thread avg)  msgs=0
[CPU compute ] process= 10.00% of 80 cores   system= 10.01%   (window 2s)

----- REMOTE CPU LOAD (memory node dir-threads, 2s window) -----
  dir 0: active=  0.00%  msgs=0           0 ns/msg
  dir 1: active=  0.00%  msgs=0           0 ns/msg
  dir 2: active=  0.00%  msgs=0           0 ns/msg
  dir 3: active=  0.00%  msgs=0           0 ns/msg
  dir 4: active=  0.00%  msgs=0           0 ns/msg
  dir 5: active=  0.00%  msgs=0           0 ns/msg
  dir 6: active=  0.00%  msgs=0           0 ns/msg
  AGGREGATE active = 0.00% (of 7 dir-threads; 0.00% per-thread avg)  msgs=0
[CPU compute ] process= 10.00% of 80 cores   system= 10.00%   (window 2s)

----- REMOTE CPU LOAD (memory node dir-threads, 2s window) -----
  dir 0: active=  0.00%  msgs=0           0 ns/msg
  dir 1: active=  0.00%  msgs=0           0 ns/msg
  dir 2: active=  0.00%  msgs=0           0 ns/msg
  dir 3: active=  0.00%  msgs=0           0 ns/msg
  dir 4: active=  0.00%  msgs=0           0 ns/msg
  dir 5: active=  0.00%  msgs=0           0 ns/msg
  dir 6: active=  0.00%  msgs=0           0 ns/msg
  AGGREGATE active = 0.00% (of 7 dir-threads; 0.00% per-thread avg)  msgs=0
[CPU compute ] process= 10.00% of 80 cores   system= 10.01%   (window 2s)

----- REMOTE CPU LOAD (memory node dir-threads, 2s window) -----
  dir 0: active=  0.00%  msgs=0           0 ns/msg
  dir 1: active=  0.00%  msgs=0           0 ns/msg
  dir 2: active=  0.00%  msgs=0           0 ns/msg
  dir 3: active=  0.00%  msgs=0           0 ns/msg
  dir 4: active=  0.00%  msgs=0           0 ns/msg
  dir 5: active=  0.00%  msgs=0           0 ns/msg
  dir 6: active=  0.00%  msgs=0           0 ns/msg
  AGGREGATE active = 0.00% (of 7 dir-threads; 0.00% per-thread avg)  msgs=0
[CPU compute ] process= 10.00% of 80 cores   system= 11.13%   (window 2s)

----- REMOTE CPU LOAD (memory node dir-threads, 2s window) -----
  dir 0: active=  0.00%  msgs=0           0 ns/msg
  dir 1: active=  0.00%  msgs=0           0 ns/msg
  dir 2: active=  0.00%  msgs=0           0 ns/msg
  dir 3: active=  0.00%  msgs=0           0 ns/msg
  dir 4: active=  0.00%  msgs=0           0 ns/msg
  dir 5: active=  0.00%  msgs=0           0 ns/msg
  dir 6: active=  0.00%  msgs=0           0 ns/msg
  AGGREGATE active = 0.00% (of 7 dir-threads; 0.00% per-thread avg)  msgs=0
[CPU compute ] process= 10.00% of 80 cores   system= 10.84%   (window 2s)
Success: tree root pointer value [1, 59170856886]
Height = 21

----- REMOTE CPU LOAD (memory node dir-threads, 2s window) -----
  dir 0: active=  0.00%  msgs=0           0 ns/msg
  dir 1: active=  0.00%  msgs=0           0 ns/msg
  dir 2: active=  0.00%  msgs=0           0 ns/msg
  dir 3: active=  0.00%  msgs=0           0 ns/msg
  dir 4: active=  0.00%  msgs=0           0 ns/msg
  dir 5: active=  0.00%  msgs=0           0 ns/msg
  dir 6: active=  0.00%  msgs=0           0 ns/msg
  AGGREGATE active = 0.00% (of 7 dir-threads; 0.00% per-thread avg)  msgs=0
[CPU compute ] process= 10.00% of 80 cores   system= 10.01%   (window 2s)

----- REMOTE CPU LOAD (memory node dir-threads, 2s window) -----
  dir 0: active=  0.00%  msgs=0           0 ns/msg
  dir 1: active=  0.00%  msgs=0           0 ns/msg
  dir 2: active=  0.00%  msgs=0           0 ns/msg
  dir 3: active=  0.00%  msgs=0           0 ns/msg
  dir 4: active=  0.00%  msgs=0           0 ns/msg
  dir 5: active=  0.00%  msgs=0           0 ns/msg
  dir 6: active=  0.00%  msgs=0           0 ns/msg
  AGGREGATE active = 0.00% (of 7 dir-threads; 0.00% per-thread avg)  msgs=0
[CPU compute ] process= 10.00% of 80 cores   system= 10.01%   (window 2s)

----- REMOTE CPU LOAD (memory node dir-threads, 2s window) -----
  dir 0: active=  0.00%  msgs=0           0 ns/msg
  dir 1: active=  0.00%  msgs=0           0 ns/msg
  dir 2: active=  0.00%  msgs=0           0 ns/msg
  dir 3: active=  0.00%  msgs=0           0 ns/msg
  dir 4: active=  0.00%  msgs=0           0 ns/msg
  dir 5: active=  0.00%  msgs=0           0 ns/msg
  dir 6: active=  0.00%  msgs=0           0 ns/msg
  AGGREGATE active = 0.00% (of 7 dir-threads; 0.00% per-thread avg)  msgs=0
[CPU compute ] process= 10.00% of 80 cores   system= 10.01%   (window 2s)

----- REMOTE CPU LOAD (memory node dir-threads, 2s window) -----
  dir 0: active=  0.00%  msgs=0           0 ns/msg
  dir 1: active=  0.00%  msgs=0           0 ns/msg
  dir 2: active=  0.00%  msgs=0           0 ns/msg
  dir 3: active=  0.00%  msgs=0           0 ns/msg
  dir 4: active=  0.00%  msgs=0           0 ns/msg
  dir 5: active=  0.00%  msgs=0           0 ns/msg
  dir 6: active=  0.00%  msgs=0           0 ns/msg
  AGGREGATE active = 0.00% (of 7 dir-threads; 0.00% per-thread avg)  msgs=0
[CPU compute ] process= 10.00% of 80 cores   system= 10.01%   (window 2s)

----- REMOTE CPU LOAD (memory node dir-threads, 2s window) -----
  dir 0: active=  0.00%  msgs=0           0 ns/msg
  dir 1: active=  0.00%  msgs=0           0 ns/msg
  dir 2: active=  0.00%  msgs=0           0 ns/msg
  dir 3: active=  0.00%  msgs=0           0 ns/msg
  dir 4: active=  0.00%  msgs=0           0 ns/msg
  dir 5: active=  0.00%  msgs=0           0 ns/msg
  dir 6: active=  0.00%  msgs=0           0 ns/msg
  AGGREGATE active = 0.00% (of 7 dir-threads; 0.00% per-thread avg)  msgs=0
[CPU compute ] process= 10.00% of 80 cores   system= 11.75%   (window 2s)

----- REMOTE CPU LOAD (memory node dir-threads, 2s window) -----
  dir 0: active=  0.00%  msgs=0           0 ns/msg
  dir 1: active=  0.00%  msgs=0           0 ns/msg
  dir 2: active=  0.00%  msgs=0           0 ns/msg
  dir 3: active=  0.00%  msgs=0           0 ns/msg
  dir 4: active=  0.00%  msgs=0           0 ns/msg
  dir 5: active=  0.00%  msgs=0           0 ns/msg
  dir 6: active=  0.00%  msgs=0           0 ns/msg
  AGGREGATE active = 0.00% (of 7 dir-threads; 0.00% per-thread avg)  msgs=0
[CPU compute ] process= 10.00% of 80 cores   system= 10.01%   (window 2s)

----- REMOTE CPU LOAD (memory node dir-threads, 2s window) -----
  dir 0: active=  0.00%  msgs=0           0 ns/msg
  dir 1: active=  0.00%  msgs=0           0 ns/msg
  dir 2: active=  0.00%  msgs=0           0 ns/msg
  dir 3: active=  0.00%  msgs=0           0 ns/msg
  dir 4: active=  0.00%  msgs=0           0 ns/msg
  dir 5: active=  0.00%  msgs=0           0 ns/msg
  dir 6: active=  0.00%  msgs=0           0 ns/msg
  AGGREGATE active = 0.00% (of 7 dir-threads; 0.00% per-thread avg)  msgs=0
[CPU compute ] process= 10.00% of 80 cores   system= 10.01%   (window 2s)

----- REMOTE CPU LOAD (memory node dir-threads, 2s window) -----
  dir 0: active=  0.00%  msgs=0           0 ns/msg
  dir 1: active=  0.00%  msgs=0           0 ns/msg
  dir 2: active=  0.00%  msgs=0           0 ns/msg
  dir 3: active=  0.00%  msgs=0           0 ns/msg
  dir 4: active=  0.00%  msgs=0           0 ns/msg
  dir 5: active=  0.00%  msgs=0           0 ns/msg
  dir 6: active=  0.00%  msgs=0           0 ns/msg
  AGGREGATE active = 0.00% (of 7 dir-threads; 0.00% per-thread avg)  msgs=0
[CPU compute ] process= 10.00% of 80 cores   system= 10.00%   (window 2s)

----- REMOTE CPU LOAD (memory node dir-threads, 2s window) -----
  dir 0: active=  0.00%  msgs=0           0 ns/msg
  dir 1: active=  0.00%  msgs=0           0 ns/msg
  dir 2: active=  0.00%  msgs=0           0 ns/msg
  dir 3: active=  0.00%  msgs=0           0 ns/msg
  dir 4: active=  0.00%  msgs=0           0 ns/msg
  dir 5: active=  0.00%  msgs=0           0 ns/msg
  dir 6: active=  0.00%  msgs=0           0 ns/msg
  AGGREGATE active = 0.00% (of 7 dir-threads; 0.00% per-thread avg)  msgs=0
[CPU compute ] process= 10.00% of 80 cores   system= 10.01%   (window 2s)

----- REMOTE CPU LOAD (memory node dir-threads, 2s window) -----
  dir 0: active=  0.00%  msgs=0           0 ns/msg
  dir 1: active=  0.00%  msgs=0           0 ns/msg
  dir 2: active=  0.00%  msgs=0           0 ns/msg
  dir 3: active=  0.00%  msgs=0           0 ns/msg
  dir 4: active=  0.00%  msgs=0           0 ns/msg
  dir 5: active=  0.00%  msgs=0           0 ns/msg
  dir 6: active=  0.00%  msgs=0           0 ns/msg
  AGGREGATE active = 0.00% (of 7 dir-threads; 0.00% per-thread avg)  msgs=0
[CPU compute ] process= 10.00% of 80 cores   system= 12.02%   (window 2s)

----- REMOTE CPU LOAD (memory node dir-threads, 2s window) -----
  dir 0: active=  0.00%  msgs=0           0 ns/msg
  dir 1: active=  0.00%  msgs=0           0 ns/msg
  dir 2: active=  0.00%  msgs=0           0 ns/msg
  dir 3: active=  0.00%  msgs=0           0 ns/msg
  dir 4: active=  0.00%  msgs=0           0 ns/msg
  dir 5: active=  0.00%  msgs=0           0 ns/msg
  dir 6: active=  0.00%  msgs=0           0 ns/msg
  AGGREGATE active = 0.00% (of 7 dir-threads; 0.00% per-thread avg)  msgs=0
[CPU compute ] process= 10.00% of 80 cores   system= 10.01%   (window 2s)

----- REMOTE CPU LOAD (memory node dir-threads, 2s window) -----
  dir 0: active=  0.00%  msgs=0           0 ns/msg
  dir 1: active=  0.00%  msgs=0           0 ns/msg
  dir 2: active=  0.00%  msgs=0           0 ns/msg
  dir 3: active=  0.00%  msgs=0           0 ns/msg
  dir 4: active=  0.00%  msgs=0           0 ns/msg
  dir 5: active=  0.00%  msgs=0           0 ns/msg
  dir 6: active=  0.00%  msgs=0           0 ns/msg
  AGGREGATE active = 0.00% (of 7 dir-threads; 0.00% per-thread avg)  msgs=0
[CPU compute ] process= 10.00% of 80 cores   system= 10.01%   (window 2s)
Success: tree root pointer value [1, 49588693869]
Height = 22

----- REMOTE CPU LOAD (memory node dir-threads, 2s window) -----
  dir 0: active=  0.00%  msgs=0           0 ns/msg
  dir 1: active=  0.00%  msgs=0           0 ns/msg
  dir 2: active=  0.00%  msgs=0           0 ns/msg
  dir 3: active=  0.00%  msgs=0           0 ns/msg
  dir 4: active=  0.00%  msgs=0           0 ns/msg
  dir 5: active=  0.00%  msgs=0           0 ns/msg
  dir 6: active=  0.00%  msgs=0           0 ns/msg
  AGGREGATE active = 0.00% (of 7 dir-threads; 0.00% per-thread avg)  msgs=0
[CPU compute ] process= 10.01% of 80 cores   system= 10.01%   (window 2s)

----- REMOTE CPU LOAD (memory node dir-threads, 2s window) -----
  dir 0: active=  0.00%  msgs=0           0 ns/msg
  dir 1: active=  0.00%  msgs=0           0 ns/msg
  dir 2: active=  0.00%  msgs=0           0 ns/msg
  dir 3: active=  0.00%  msgs=0           0 ns/msg
  dir 4: active=  0.00%  msgs=0           0 ns/msg
  dir 5: active=  0.00%  msgs=0           0 ns/msg
  dir 6: active=  0.00%  msgs=0           0 ns/msg
  AGGREGATE active = 0.00% (of 7 dir-threads; 0.00% per-thread avg)  msgs=0
[CPU compute ] process= 10.00% of 80 cores   system= 10.01%   (window 2s)

----- REMOTE CPU LOAD (memory node dir-threads, 2s window) -----
  dir 0: active=  0.00%  msgs=0           0 ns/msg
  dir 1: active=  0.00%  msgs=0           0 ns/msg
  dir 2: active=  0.00%  msgs=0           0 ns/msg
  dir 3: active=  0.00%  msgs=0           0 ns/msg
  dir 4: active=  0.00%  msgs=0           0 ns/msg
  dir 5: active=  0.00%  msgs=0           0 ns/msg
  dir 6: active=  0.00%  msgs=0           0 ns/msg
  AGGREGATE active = 0.00% (of 7 dir-threads; 0.00% per-thread avg)  msgs=0
[CPU compute ] process= 10.00% of 80 cores   system= 11.78%   (window 2s)

----- REMOTE CPU LOAD (memory node dir-threads, 2s window) -----
  dir 0: active=  0.00%  msgs=0           0 ns/msg
  dir 1: active=  0.00%  msgs=0           0 ns/msg
  dir 2: active=  0.00%  msgs=0           0 ns/msg
  dir 3: active=  0.00%  msgs=0           0 ns/msg
  dir 4: active=  0.00%  msgs=0           0 ns/msg
  dir 5: active=  0.00%  msgs=0           0 ns/msg
  dir 6: active=  0.00%  msgs=0           0 ns/msg
  AGGREGATE active = 0.00% (of 7 dir-threads; 0.00% per-thread avg)  msgs=0
[CPU compute ] process= 10.00% of 80 cores   system= 10.01%   (window 2s)

----- REMOTE CPU LOAD (memory node dir-threads, 2s window) -----
  dir 0: active=  0.00%  msgs=0           0 ns/msg
  dir 1: active=  0.00%  msgs=0           0 ns/msg
  dir 2: active=  0.00%  msgs=0           0 ns/msg
  dir 3: active=  0.00%  msgs=0           0 ns/msg
  dir 4: active=  0.00%  msgs=0           0 ns/msg
  dir 5: active=  0.00%  msgs=0           0 ns/msg
  dir 6: active=  0.00%  msgs=0           0 ns/msg
  AGGREGATE active = 0.00% (of 7 dir-threads; 0.00% per-thread avg)  msgs=0
[CPU compute ] process= 10.00% of 80 cores   system= 10.02%   (window 2s)
#leaf nodes = 3846153
leaf size(MB) = 1878
#inner nodes = 3846104
inner size(MB) = 1877.98
Tree height = 22
Cache capacity = 1048576
max. leaf entries = 26
max. inner entries = 5
Inner page size = 160
Leaf page size = 512
node 0 finish its bulkload

----- REMOTE CPU LOAD (memory node dir-threads, 2s window) -----
  dir 0: active=  0.00%  msgs=0           0 ns/msg
  dir 1: active=  0.00%  msgs=0           0 ns/msg
  dir 2: active=  0.00%  msgs=0           0 ns/msg
  dir 3: active=  0.00%  msgs=0           0 ns/msg
  dir 4: active=  0.00%  msgs=0           0 ns/msg
  dir 5: active=  0.00%  msgs=0           0 ns/msg
  dir 6: active=  0.00%  msgs=0           0 ns/msg
  AGGREGATE active = 0.00% (of 7 dir-threads; 0.00% per-thread avg)  msgs=0
[CPU compute ] process= 10.00% of 80 cores   system= 10.01%   (window 2s)

----- REMOTE CPU LOAD (memory node dir-threads, 2s window) -----
  dir 0: active=  0.00%  msgs=0           0 ns/msg
  dir 1: active=  0.00%  msgs=0           0 ns/msg
  dir 2: active=  0.00%  msgs=0           0 ns/msg
  dir 3: active=  0.00%  msgs=0           0 ns/msg
  dir 4: active=  0.00%  msgs=0           0 ns/msg
  dir 5: active=  0.00%  msgs=0           0 ns/msg
  dir 6: active=  0.00%  msgs=0           0 ns/msg
  AGGREGATE active = 0.00% (of 7 dir-threads; 0.00% per-thread avg)  msgs=0
[CPU compute ] process= 10.00% of 80 cores   system= 10.01%   (window 2s)
IMPORTANT: my root is 3249844641398785
0 is ready for the benchmark
I am 0
Fetched new height = 22
I am 7
I am 3
I am 2
I am 5
I am 1
I am 9
I am 11
I am 6
I am 4
I am 16
I am 20
I am 12
I am 17
I am 18
I am 10
I am 22
I am 15
I am 8
I am 19
I am 13
I am 21
I am 14
I am 23
I am 24
I am 34
I am 28
I am 31
I am 25
I am 29
I am 26
I am 30
I am 32
I am 33
I am 35
I am 27
entering dynamic phase

----- REMOTE CPU LOAD (memory node dir-threads, 2s window) -----
  dir 0: active=  0.00%  msgs=0           0 ns/msg
  dir 1: active=  0.00%  msgs=0           0 ns/msg
  dir 2: active=  0.00%  msgs=0           0 ns/msg
  dir 3: active=  0.00%  msgs=0           0 ns/msg
  dir 4: active=  0.00%  msgs=0           0 ns/msg
  dir 5: active=  0.00%  msgs=0           0 ns/msg
  dir 6: active=  0.00%  msgs=0           0 ns/msg
  AGGREGATE active = 0.00% (of 7 dir-threads; 0.00% per-thread avg)  msgs=0
[CPU compute ] process= 51.26% of 80 cores   system= 52.02%   (window 2s)
Thread_op_num = 833333
node 0 finish warmup

----- REMOTE CPU LOAD (memory node dir-threads, 2s window) -----
  dir 0: active=  0.00%  msgs=0           0 ns/msg
  dir 1: active=  0.00%  msgs=0           0 ns/msg
  dir 2: active=  0.00%  msgs=0           0 ns/msg
  dir 3: active=  0.00%  msgs=0           0 ns/msg
  dir 4: active=  0.00%  msgs=0           0 ns/msg
  dir 5: active=  0.00%  msgs=0           0 ns/msg
  dir 6: active=  0.00%  msgs=0           0 ns/msg
  AGGREGATE active = 0.00% (of 7 dir-threads; 0.00% per-thread avg)  msgs=0
[CPU compute ] process= 53.74% of 80 cores   system= 53.77%   (window 2s)
Start collecting the statistic

----- REMOTE CPU LOAD (memory node dir-threads, 2s window) -----
  dir 0: active=  0.00%  msgs=0           0 ns/msg
  dir 1: active=  0.00%  msgs=0           0 ns/msg
  dir 2: active=  0.00%  msgs=0           0 ns/msg
  dir 3: active=  0.00%  msgs=0           0 ns/msg
  dir 4: active=  0.00%  msgs=0           0 ns/msg
  dir 5: active=  0.00%  msgs=0           0 ns/msg
  dir 6: active=  0.00%  msgs=0           0 ns/msg
  AGGREGATE active = 0.00% (of 7 dir-threads; 0.00% per-thread avg)  msgs=0
[CPU compute ] process= 53.77% of 80 cores   system= 53.77%   (window 2s)
0, throughput 4.8203
cluster throughput 4.820

----- REMOTE CPU LOAD (memory node dir-threads, 2s window) -----
  dir 0: active=  0.00%  msgs=0           0 ns/msg
  dir 1: active=  0.00%  msgs=0           0 ns/msg
  dir 2: active=  0.00%  msgs=0           0 ns/msg
  dir 3: active=  0.00%  msgs=0           0 ns/msg
  dir 4: active=  0.00%  msgs=0           0 ns/msg
  dir 5: active=  0.00%  msgs=0           0 ns/msg
  dir 6: active=  0.00%  msgs=0           0 ns/msg
  AGGREGATE active = 0.00% (of 7 dir-threads; 0.00% per-thread avg)  msgs=0
[CPU compute ] process= 53.75% of 80 cores   system= 53.76%   (window 2s)
0, throughput 4.8584
cluster throughput 4.858

----- REMOTE CPU LOAD (memory node dir-threads, 2s window) -----
  dir 0: active=  0.00%  msgs=0           0 ns/msg
  dir 1: active=  0.00%  msgs=0           0 ns/msg
  dir 2: active=  0.00%  msgs=0           0 ns/msg
  dir 3: active=  0.00%  msgs=0           0 ns/msg
  dir 4: active=  0.00%  msgs=0           0 ns/msg
  dir 5: active=  0.00%  msgs=0           0 ns/msg
  dir 6: active=  0.00%  msgs=0           0 ns/msg
  AGGREGATE active = 0.00% (of 7 dir-threads; 0.00% per-thread avg)  msgs=0
[CPU compute ] process= 53.76% of 80 cores   system= 53.77%   (window 2s)
0, throughput 4.8669
cluster throughput 4.866

----- REMOTE CPU LOAD (memory node dir-threads, 2s window) -----
  dir 0: active=  0.00%  msgs=0           0 ns/msg
  dir 1: active=  0.00%  msgs=0           0 ns/msg
  dir 2: active=  0.00%  msgs=0           0 ns/msg
  dir 3: active=  0.00%  msgs=0           0 ns/msg
  dir 4: active=  0.00%  msgs=0           0 ns/msg
  dir 5: active=  0.00%  msgs=0           0 ns/msg
  dir 6: active=  0.00%  msgs=0           0 ns/msg
  AGGREGATE active = 0.00% (of 7 dir-threads; 0.00% per-thread avg)  msgs=0
[CPU compute ] process= 14.37% of 80 cores   system= 16.24%   (window 2s)
0, throughput 0.3372
cluster throughput 0.337

----- REMOTE CPU LOAD (memory node dir-threads, 2s window) -----
  dir 0: active=  0.00%  msgs=0           0 ns/msg
  dir 1: active=  0.00%  msgs=0           0 ns/msg
  dir 2: active=  0.00%  msgs=0           0 ns/msg
  dir 3: active=  0.00%  msgs=0           0 ns/msg
  dir 4: active=  0.00%  msgs=0           0 ns/msg
  dir 5: active=  0.00%  msgs=0           0 ns/msg
  dir 6: active=  0.00%  msgs=0           0 ns/msg
  AGGREGATE active = 0.00% (of 7 dir-threads; 0.00% per-thread avg)  msgs=0
[CPU compute ] process=  8.75% of 80 cores   system=  8.76%   (window 2s)
0, throughput 0.0000
cluster throughput 0.000
The time duration = 10 seconds

----- REMOTE CPU LOAD (memory node dir-threads, 2s window) -----
  dir 0: active=  0.00%  msgs=0           0 ns/msg
  dir 1: active=  0.00%  msgs=0           0 ns/msg
  dir 2: active=  0.00%  msgs=0           0 ns/msg
  dir 3: active=  0.00%  msgs=0           0 ns/msg
  dir 4: active=  0.00%  msgs=0           0 ns/msg
  dir 5: active=  0.00%  msgs=0           0 ns/msg
  dir 6: active=  0.00%  msgs=0           0 ns/msg
  AGGREGATE active = 0.00% (of 7 dir-threads; 0.00% per-thread avg)  msgs=0
[CPU compute ] process=  8.75% of 80 cores   system=  8.76%   (window 2s)

==================== LATENCY BUCKETS (500 ns) [node 0] ====================
[LOOKUP]
  ALL                n=29768263   mean=    7.36us  p50=   7.50us  p90=   9.00us  p99=  11.50us  p99.9=  14.00us  max>=251.50us
  LOCAL (cache hit)  n=77825      mean=    1.88us  p50=   2.00us  p90=   2.50us  p99=   3.00us  p99.9=   5.50us  max>=  9.00us
  REMOTE (miss/rpc)  n=29690438   mean=    7.38us  p50=   7.50us  p90=   9.00us  p99=  11.50us  p99.9=  14.00us  max>=251.50us
[ALL OPS]
  ALL                n=29768263   mean=    7.36us  p50=   7.50us  p90=   9.00us  p99=  11.50us  p99.9=  14.00us  max>=251.50us
  LOCAL (cache hit)  n=77825      mean=    1.88us  p50=   2.00us  p90=   2.50us  p99=   3.00us  p99.9=   5.50us  max>=  9.00us
  REMOTE (miss/rpc)  n=29690438   mean=    7.38us  p50=   7.50us  p90=   9.00us  p99=  11.50us  p99.9=  14.00us  max>=251.50us

----- 500 ns bucket CDF (all ops) [node 0] -----
  bucket [lo,hi) ns             count        pct       cdf
  [        0,      500)            2    0.0000%   0.0000%
  [      500,     1000)          138    0.0005%   0.0005%
  [     1000,     1500)        11031    0.0371%   0.0375%
  [     1500,     2000)        39852    0.1339%   0.1714%
  [     2000,     2500)        22770    0.0765%   0.2479%
  [     2500,     3000)         3596    0.0121%   0.2600%
  [     3000,     3500)          252    0.0008%   0.2608%
  [     3500,     4000)           24    0.0001%   0.2609%
  [     4000,     4500)          379    0.0013%   0.2622%
  [     4500,     5000)        29180    0.0980%   0.3602%
  [     5000,     5500)       494535    1.6613%   2.0215%
  [     5500,     6000)      2326524    7.8155%   9.8369%
  [     6000,     6500)      4644763   15.6031%  25.4400%
  [     6500,     7000)      5515433   18.5279%  43.9679%
  [     7000,     7500)      5012397   16.8381%  60.8060%
  [     7500,     8000)      4011924   13.4772%  74.2831%
  [     8000,     8500)      2864462    9.6225%  83.9057%
  [     8500,     9000)      1908304    6.4105%  90.3162%
  [     9000,     9500)      1188670    3.9931%  94.3093%
  [     9500,    10000)       704475    2.3665%  96.6758%
  [    10000,    10500)       403047    1.3539%  98.0298%
  [    10500,    11000)       229065    0.7695%  98.7993%
  [    11000,    11500)       131554    0.4419%  99.2412%
  [    11500,    12000)        80662    0.2710%  99.5122%
  [    12000,    12500)        50503    0.1697%  99.6818%
  [    12500,    13000)        32326    0.1086%  99.7904%
  [    13000,    13500)        21158    0.0711%  99.8615%
  [    13500,    14000)        13725    0.0461%  99.9076%
  [    14000,    14500)         8729    0.0293%  99.9369%
  [    14500,    15000)         5546    0.0186%  99.9555%
  [    15000,    15500)         3388    0.0114%  99.9669%
  [    15500,    16000)         2274    0.0076%  99.9746%
  [    16000,    16500)         1490    0.0050%  99.9796%
  [    16500,    17000)         1012    0.0034%  99.9830%
  [    17000,    17500)          707    0.0024%  99.9853%
  [    17500,    18000)          493    0.0017%  99.9870%
  [    18000,    18500)          381    0.0013%  99.9883%
  [    18500,    19000)          246    0.0008%  99.9891%
  [    19000,    19500)          241    0.0008%  99.9899%
  [    19500,    20000)          189    0.0006%  99.9905%
  [    20000,    20500)          191    0.0006%  99.9912%
  [    20500,    21000)          146    0.0005%  99.9917%
  [    21000,    21500)          141    0.0005%  99.9921%
  [    21500,    22000)          134    0.0005%  99.9926%
  [    22000,    22500)          129    0.0004%  99.9930%
  [    22500,    23000)          122    0.0004%  99.9934%
  [    23000,    23500)          113    0.0004%  99.9938%
  [    23500,    24000)           83    0.0003%  99.9941%
  [    24000,    24500)           95    0.0003%  99.9944%
  [    24500,    25000)           68    0.0002%  99.9946%
  [    25000,    25500)           64    0.0002%  99.9949%
  [    25500,    26000)           36    0.0001%  99.9950%
  [    26000,    26500)           27    0.0001%  99.9951%
  [    26500,    27000)           33    0.0001%  99.9952%
  [    27000,    27500)           34    0.0001%  99.9953%
  [    27500,    28000)           32    0.0001%  99.9954%
  [    28000,    28500)           40    0.0001%  99.9955%
  [    28500,    29000)           31    0.0001%  99.9956%
  [    29000,    29500)           29    0.0001%  99.9957%
  [    29500,    30000)           33    0.0001%  99.9959%
  [    30000,    30500)           30    0.0001%  99.9960%
  [    30500,    31000)           44    0.0001%  99.9961%
  [    31000,    31500)           46    0.0002%  99.9963%
  [    31500,    32000)           41    0.0001%  99.9964%
  [    32000,    32500)           33    0.0001%  99.9965%
  [    32500,    33000)           33    0.0001%  99.9966%
  [    33000,    33500)           29    0.0001%  99.9967%
  [    33500,    34000)           35    0.0001%  99.9968%
  [    34000,    34500)           33    0.0001%  99.9969%
  [    34500,    35000)           35    0.0001%  99.9971%
  [    35000,    35500)           31    0.0001%  99.9972%
  [    35500,    36000)           30    0.0001%  99.9973%
  [    36000,    36500)           19    0.0001%  99.9973%
  [    36500,    37000)           17    0.0001%  99.9974%
  [    37000,    37500)           19    0.0001%  99.9974%
  [    37500,    38000)           16    0.0001%  99.9975%
  [    38000,    38500)           14    0.0000%  99.9975%
  [    38500,    39000)           14    0.0000%  99.9976%
  [    39000,    39500)           22    0.0001%  99.9977%
  [    39500,    40000)           20    0.0001%  99.9977%
  [    40000,    40500)           16    0.0001%  99.9978%
  [    40500,    41000)            7    0.0000%  99.9978%
  [    41000,    41500)           10    0.0000%  99.9978%
  [    41500,    42000)           12    0.0000%  99.9979%
  [    42000,    42500)            4    0.0000%  99.9979%
  [    42500,    43000)            5    0.0000%  99.9979%
  [    43000,    43500)            1    0.0000%  99.9979%
  [    43500,    44000)            9    0.0000%  99.9980%
  [    44000,    44500)            5    0.0000%  99.9980%
  [    44500,    45000)            5    0.0000%  99.9980%
  [    45000,    45500)            1    0.0000%  99.9980%
  [    45500,    46000)            1    0.0000%  99.9980%
  [    46000,    46500)            4    0.0000%  99.9980%
  [    46500,    47000)            1    0.0000%  99.9980%
  [    47000,    47500)            6    0.0000%  99.9980%
  [    47500,    48000)            1    0.0000%  99.9980%
  [    48000,    48500)            2    0.0000%  99.9980%
  [    48500,    49000)            5    0.0000%  99.9981%
  [    49000,    49500)            2    0.0000%  99.9981%
  [    49500,    50000)            3    0.0000%  99.9981%
  [    50000,    50500)            4    0.0000%  99.9981%
  [    50500,    51000)            6    0.0000%  99.9981%
  [    51000,    51500)            2    0.0000%  99.9981%
  [    51500,    52000)            5    0.0000%  99.9981%
  [    52000,    52500)           11    0.0000%  99.9982%
  [    52500,    53000)           12    0.0000%  99.9982%
  [    53000,    53500)           15    0.0001%  99.9983%
  [    53500,    54000)           14    0.0000%  99.9983%
  [    54000,    54500)           12    0.0000%  99.9983%
  [    54500,    55000)           14    0.0000%  99.9984%
  [    55000,    55500)           13    0.0000%  99.9984%
  [    55500,    56000)            8    0.0000%  99.9985%
  [    56000,    56500)           12    0.0000%  99.9985%
  [    56500,    57000)            8    0.0000%  99.9985%
  [    57000,    57500)            3    0.0000%  99.9985%
  [    57500,    58000)            8    0.0000%  99.9986%
  [    58000,    58500)            9    0.0000%  99.9986%
  [    58500,    59000)            7    0.0000%  99.9986%
  [    59000,    59500)           14    0.0000%  99.9987%
  [    59500,    60000)           19    0.0001%  99.9987%
  [    60000,    60500)           18    0.0001%  99.9988%
  [    60500,    61000)           14    0.0000%  99.9988%
  [    61000,    61500)           13    0.0000%  99.9989%
  [    61500,    62000)           17    0.0001%  99.9989%
  [    62000,    62500)           13    0.0000%  99.9990%
  [    62500,    63000)           15    0.0001%  99.9990%
  [    63000,    63500)           14    0.0000%  99.9991%
  [    63500,    64000)           16    0.0001%  99.9991%
  [    64000,    64500)           23    0.0001%  99.9992%
  [    64500,    65000)           13    0.0000%  99.9993%
  [    65000,    65500)           16    0.0001%  99.9993%
  [    65500,    66000)           10    0.0000%  99.9993%
  [    66000,    66500)           22    0.0001%  99.9994%
  [    66500,    67000)           11    0.0000%  99.9995%
  [    67000,    67500)            8    0.0000%  99.9995%
  [    67500,    68000)            8    0.0000%  99.9995%
  [    68000,    68500)            7    0.0000%  99.9995%
  [    68500,    69000)            2    0.0000%  99.9995%
  [    69000,    69500)            2    0.0000%  99.9995%
  [    69500,    70000)            2    0.0000%  99.9995%
  [    70000,    70500)            1    0.0000%  99.9996%
  [    70500,    71000)            6    0.0000%  99.9996%
  [    71000,    71500)            2    0.0000%  99.9996%
  [    71500,    72000)            3    0.0000%  99.9996%
  [    72000,    72500)            2    0.0000%  99.9996%
  [    72500,    73000)            3    0.0000%  99.9996%
  [    73000,    73500)            2    0.0000%  99.9996%
  [    73500,    74000)            1    0.0000%  99.9996%
  [    74000,    74500)            2    0.0000%  99.9996%
  [    74500,    75000)            2    0.0000%  99.9996%
  [    75000,    75500)            1    0.0000%  99.9996%
  [    75500,    76000)            5    0.0000%  99.9997%
  [    76000,    76500)            4    0.0000%  99.9997%
  [    76500,    77000)            1    0.0000%  99.9997%
  [    77500,    78000)            3    0.0000%  99.9997%
  [    78000,    78500)            1    0.0000%  99.9997%
  [    78500,    79000)            4    0.0000%  99.9997%
  [    79000,    79500)            3    0.0000%  99.9997%
  [    79500,    80000)            5    0.0000%  99.9997%
  [    80000,    80500)            3    0.0000%  99.9997%
  [    81500,    82000)            1    0.0000%  99.9997%
  [    85000,    85500)            2    0.0000%  99.9997%
  [    85500,    86000)            1    0.0000%  99.9997%
  [    87000,    87500)            1    0.0000%  99.9997%
  [    94000,    94500)            1    0.0000%  99.9998%
  [    94500,    95000)            4    0.0000%  99.9998%
  [    95000,    95500)            2    0.0000%  99.9998%
  [    95500,    96000)            2    0.0000%  99.9998%
  [    97000,    97500)            1    0.0000%  99.9998%
  [    97500,    98000)            3    0.0000%  99.9998%
  [    98000,    98500)            2    0.0000%  99.9998%
  [    98500,    99000)            4    0.0000%  99.9998%
  [    99500,   100000)            4    0.0000%  99.9998%
  [   100000,   100500)            2    0.0000%  99.9998%
  [   100500,   101000)            5    0.0000%  99.9998%
  [   101000,   101500)            1    0.0000%  99.9999%
  [   101500,   102000)            1    0.0000%  99.9999%
  [   102000,   102500)            2    0.0000%  99.9999%
  [   102500,   103000)            3    0.0000%  99.9999%
  [   103000,   103500)            3    0.0000%  99.9999%
  [   103500,   104000)            1    0.0000%  99.9999%
  [   104000,   104500)            1    0.0000%  99.9999%
  [   104500,   105000)            4    0.0000%  99.9999%
  [   105000,   105500)            3    0.0000%  99.9999%
  [   105500,   106000)            3    0.0000%  99.9999%
  [   106000,   106500)            4    0.0000%  99.9999%
  [   106500,   107000)            3    0.0000%  99.9999%
  [   107000,   107500)            3    0.0000% 100.0000%
  [   107500,   108000)            2    0.0000% 100.0000%
  [   109500,   110000)            1    0.0000% 100.0000%
  [   110500,   111000)            2    0.0000% 100.0000%
  [   112000,   112500)            2    0.0000% 100.0000%
  [   113000,   113500)            3    0.0000% 100.0000%
  [   240000,   240500)            1    0.0000% 100.0000%
  [   243000,   243500)            1    0.0000% 100.0000%
  [   251000,   251500)            1    0.0000% 100.0000%

----- REMOTE OPERATIONS [node 0] -----
  ops total                = 29768263
  ops local  (cache hit)   = 77825 (0.26%)
  ops remote (>=1 net op)  = 29690438 (99.74%)
  remote ops total         = 29730825
    rdma read              = 40387
    rdma write             = 0
    rdma cas               = 0
    rpc pushdown           = 29690438
  remote ops / op          = 0.9987
  remote ops / remote op   = 1.0014

----- OFFLOADED TASKS [node 0] -----
  lookup pushdowns         = 29690438
  scan    pushdowns (RPC)  = 0
    kv pairs returned      = 0
    leaves scanned remotely= 0
    kv / scan pushdown     = 0.00
    leaves / scan pushdown = 0.00
  per-thread breakdown (tid: lookups | scans | kv | leaves):
    t0        819887 |          0 |          0 |          0
    t1        823240 |          0 |          0 |          0
    t2        821490 |          0 |          0 |          0
    t3        821003 |          0 |          0 |          0
    t4        830856 |          0 |          0 |          0
    t5        823278 |          0 |          0 |          0
    t6        827812 |          0 |          0 |          0
    t7        822123 |          0 |          0 |          0
    t8        830558 |          0 |          0 |          0
    t9        824248 |          0 |          0 |          0
    t10       823127 |          0 |          0 |          0
    t11       823360 |          0 |          0 |          0
    t12       830316 |          0 |          0 |          0
    t13       822677 |          0 |          0 |          0
    t14       821977 |          0 |          0 |          0
    t15       821572 |          0 |          0 |          0
    t16       823836 |          0 |          0 |          0
    t17       823523 |          0 |          0 |          0
    t18       828056 |          0 |          0 |          0
    t19       823225 |          0 |          0 |          0
    t20       829816 |          0 |          0 |          0
    t21       825322 |          0 |          0 |          0
    t22       827722 |          0 |          0 |          0
    t23       821232 |          0 |          0 |          0
    t24       831119 |          0 |          0 |          0
    t25       822419 |          0 |          0 |          0
    t26       829070 |          0 |          0 |          0
    t27       820528 |          0 |          0 |          0
    t28       824248 |          0 |          0 |          0
    t29       823128 |          0 |          0 |          0
    t30       828226 |          0 |          0 |          0
    t31       823783 |          0 |          0 |          0
    t32       829432 |          0 |          0 |          0
    t33       822194 |          0 |          0 |          0
    t34       826105 |          0 |          0 |          0
    t35       819930 |          0 |          0 |          0

----- PATH-AWARE CACHE MISS RATE [node 0] -----
  node accesses (hit+miss) = 559467918
  node cache hits          = 529737093 (94.69%)
  MISS RATE                = 5.3141%  (29730825 / 559467918)
  inner-node miss          = 28007569 (94.20% of misses, 5.0061% rate)
  leaf-node  miss          = 1723256 (5.80% of misses, 0.3080% rate)
  total miss               = 29730825
  cache writebacks         = 0
=========================================================================

Round 0 (max_throughput): 4.84903 Mops/s
Round 0 (straggler_throughput): 4.84902 Mops/s
Before barrier finish
Avg. rdma read time(ms) = 0
Avg. rdma write time(ms) = -nan
Avg. rdma read / op = 0.00135671
Avg. rdma write / op = 0
Avg. rdma cas / op = 0
Avg. rdma rpc / op = 0.997386
Avg. all rdma / op = 0.998742
Avg. rdma read size/ op = 33.6084
Avg. rdma write size / op = 0
Avg. rdma RW size / op = 33.6084
------------------------------------------
Node 0 average throughput = 3.72025
Node 0 total throughput = 4.84903
All CN throughput (Max) = 4.84903
All CN throughput (Straggler) = 4.84902
Final throughput = 4.84902
------------------------------------------
