Compute node count = 1
kNodeCount 2, kReadRatio 0, kInsertRatio 0, kUpdateRatio 0, kDeleteRatio 0, kRangeRatio 100, totalThreadCount 36, memThreadCount 8 cache_size 256, uniform_workload 0, zipfian 0.990000, bulk_load_num 50000000, warmup_num 10000000, op_num 30000000, check_correctness 0, time_based 0, early_stop 1, index 0, rpc_rate 1.000000, admission_rate 0.100000, auto_tune 0
kMaxThread = 36
KeySpace = 50001000
[GEOMETRY] inner_page=160 leaf_page=512 inner_entries=5 leaf_entries=26 slot=512 placement=mn_only
[4mshared memory size: 64GB, 0x7fef77200000[0m
[4mcache size: 2GB[0m
[4mMachine NR: 2[0m
[4mMax_APP_THREAD: 36[0m
[4mNR_DIRECTORY: 16[0m
[4mStart Build the DSMKeeper[0m
I am servers 0 [255.127.0.0]
I connect server 1
[4mdir 0 launch! (core 79 of 80)
[0m
[4mdir 1 launch! (core 78 of 80)
[0m
[4mdir 3 launch! (core 76 of 80)
[0m
[4mdir 4 launch! (core 39 of 80)
[0m
[4mdir 5 launch! (core 38 of 80)
[0m
[4mdir 6 launch! (core 37 of 80)
[0m
[4mdir 2 launch! (core 77 of 80)
[0m
[4mdir 7 launch! (core 36 of 80)
[0m
CNode 0, left bound = 0, right bound = 18446744073709551615
Pushdown (RPC) Rate: 1
Admission Rate: 0.1
Cache size(MB) = 256
-----Cache initial addr = 0x7fef34000000
page num = 524288
alloc_unit = 512
entry_num: 524288
bucket_num: 174763
Bucket size = 64
entry_num: 52428
bucket_num: 8738
start generating tree
num_partitions = 1
Success: tree root pointer value [1, 67108864]
finish generating tree
Bulkload num in node 0 = 50000000

----- REMOTE CPU LOAD (memory node dir-threads, 2s window) -----
  dir 0: active=  0.00%  msgs=0           0 ns/msg
  dir 1: active=  0.00%  msgs=0           0 ns/msg
  dir 2: active=  0.00%  msgs=0           0 ns/msg
  dir 3: active=  0.00%  msgs=0           0 ns/msg
  dir 4: active=  0.00%  msgs=0           0 ns/msg
  dir 5: active=  0.00%  msgs=0           0 ns/msg
  dir 6: active=  0.00%  msgs=0           0 ns/msg
  dir 7: active=  0.00%  msgs=0           0 ns/msg
  AGGREGATE active = 0.00% (of 8 dir-threads; 0.00% per-thread avg)  msgs=0
[CPU compute ] process= 11.24% of 80 cores   system= 12.40%   (window 2s)
First key of bulkloading = 7325973
Last key of bulkloading = 26738230
node warmup num = 9999972
kReadRatio =0
insertmark =0
updatemark =0
deletemark =0
rangemark =100
Finish warmup workload generation

----- REMOTE CPU LOAD (memory node dir-threads, 2s window) -----
  dir 0: active=  0.00%  msgs=0           0 ns/msg
  dir 1: active=  0.00%  msgs=0           0 ns/msg
  dir 2: active=  0.00%  msgs=0           0 ns/msg
  dir 3: active=  0.00%  msgs=0           0 ns/msg
  dir 4: active=  0.00%  msgs=0           0 ns/msg
  dir 5: active=  0.00%  msgs=0           0 ns/msg
  dir 6: active=  0.00%  msgs=0           0 ns/msg
  dir 7: active=  0.00%  msgs=0           0 ns/msg
  AGGREGATE active = 0.00% (of 8 dir-threads; 0.00% per-thread avg)  msgs=0
[CPU compute ] process= 11.25% of 80 cores   system= 12.08%   (window 2s)

----- REMOTE CPU LOAD (memory node dir-threads, 2s window) -----
  dir 0: active=  0.00%  msgs=0           0 ns/msg
  dir 1: active=  0.00%  msgs=0           0 ns/msg
  dir 2: active=  0.00%  msgs=0           0 ns/msg
  dir 3: active=  0.00%  msgs=0           0 ns/msg
  dir 4: active=  0.00%  msgs=0           0 ns/msg
  dir 5: active=  0.00%  msgs=0           0 ns/msg
  dir 6: active=  0.00%  msgs=0           0 ns/msg
  dir 7: active=  0.00%  msgs=0           0 ns/msg
  AGGREGATE active = 0.00% (of 8 dir-threads; 0.00% per-thread avg)  msgs=0
[CPU compute ] process= 11.25% of 80 cores   system= 11.26%   (window 2s)

----- REMOTE CPU LOAD (memory node dir-threads, 2s window) -----
  dir 0: active=  0.00%  msgs=0           0 ns/msg
  dir 1: active=  0.00%  msgs=0           0 ns/msg
  dir 2: active=  0.00%  msgs=0           0 ns/msg
  dir 3: active=  0.00%  msgs=0           0 ns/msg
  dir 4: active=  0.00%  msgs=0           0 ns/msg
  dir 5: active=  0.00%  msgs=0           0 ns/msg
  dir 6: active=  0.00%  msgs=0           0 ns/msg
  dir 7: active=  0.00%  msgs=0           0 ns/msg
  AGGREGATE active = 0.00% (of 8 dir-threads; 0.00% per-thread avg)  msgs=0
[CPU compute ] process= 11.24% of 80 cores   system= 11.26%   (window 2s)
node op_num = 29999988
Finish all workload generation

----- REMOTE CPU LOAD (memory node dir-threads, 2s window) -----
  dir 0: active=  0.00%  msgs=0           0 ns/msg
  dir 1: active=  0.00%  msgs=0           0 ns/msg
  dir 2: active=  0.00%  msgs=0           0 ns/msg
  dir 3: active=  0.00%  msgs=0           0 ns/msg
  dir 4: active=  0.00%  msgs=0           0 ns/msg
  dir 5: active=  0.00%  msgs=0           0 ns/msg
  dir 6: active=  0.00%  msgs=0           0 ns/msg
  dir 7: active=  0.00%  msgs=0           0 ns/msg
  AGGREGATE active = 0.00% (of 8 dir-threads; 0.00% per-thread avg)  msgs=0
[CPU compute ] process= 11.25% of 80 cores   system= 11.26%   (window 2s)

----- REMOTE CPU LOAD (memory node dir-threads, 2s window) -----
  dir 0: active=  0.00%  msgs=0           0 ns/msg
  dir 1: active=  0.00%  msgs=0           0 ns/msg
  dir 2: active=  0.00%  msgs=0           0 ns/msg
  dir 3: active=  0.00%  msgs=0           0 ns/msg
  dir 4: active=  0.00%  msgs=0           0 ns/msg
  dir 5: active=  0.00%  msgs=0           0 ns/msg
  dir 6: active=  0.00%  msgs=0           0 ns/msg
  dir 7: active=  0.00%  msgs=0           0 ns/msg
  AGGREGATE active = 0.00% (of 8 dir-threads; 0.00% per-thread avg)  msgs=0
[CPU compute ] process= 11.25% of 80 cores   system= 11.26%   (window 2s)

----- REMOTE CPU LOAD (memory node dir-threads, 2s window) -----
  dir 0: active=  0.00%  msgs=0           0 ns/msg
  dir 1: active=  0.00%  msgs=0           0 ns/msg
  dir 2: active=  0.00%  msgs=0           0 ns/msg
  dir 3: active=  0.00%  msgs=0           0 ns/msg
  dir 4: active=  0.00%  msgs=0           0 ns/msg
  dir 5: active=  0.00%  msgs=0           0 ns/msg
  dir 6: active=  0.00%  msgs=0           0 ns/msg
  dir 7: active=  0.00%  msgs=0           0 ns/msg
  AGGREGATE active = 0.00% (of 8 dir-threads; 0.00% per-thread avg)  msgs=0
[CPU compute ] process= 11.25% of 80 cores   system= 13.40%   (window 2s)
Fetched new height = 1
Success: tree root pointer value [1, 67109888]
Height = 2
Success: tree root pointer value [1, 67112448]
Height = 3
Success: tree root pointer value [1, 67118080]
Height = 4
Success: tree root pointer value [1, 67129856]
Height = 5
Success: tree root pointer value [1, 67153920]
Height = 6
Success: tree root pointer value [1, 67202560]
Height = 7
Success: tree root pointer value [1, 67300352]
Height = 8
Success: tree root pointer value [1, 67496448]
Height = 9
Success: tree root pointer value [1, 67889152]
Height = 10
Success: tree root pointer value [1, 68675072]
Height = 11
Success: tree root pointer value [1, 70247424]
Height = 12
Success: tree root pointer value [1, 73392640]
Height = 13
Success: tree root pointer value [1, 79683584]
Height = 14
Success: tree root pointer value [1, 92265984]
Height = 15
Success: tree root pointer value [1, 8673811968]
Height = 16
Success: tree root pointer value [1, 17280523776]
Height = 17

----- REMOTE CPU LOAD (memory node dir-threads, 2s window) -----
  dir 0: active=  0.00%  msgs=0           0 ns/msg
  dir 1: active=  0.00%  msgs=0           0 ns/msg
  dir 2: active=  0.00%  msgs=0           0 ns/msg
  dir 3: active=  0.00%  msgs=0           0 ns/msg
  dir 4: active=  0.00%  msgs=0           0 ns/msg
  dir 5: active=  0.00%  msgs=0           0 ns/msg
  dir 6: active=  0.00%  msgs=0           0 ns/msg
  dir 7: active=  0.00%  msgs=0           0 ns/msg
  AGGREGATE active = 0.00% (of 8 dir-threads; 0.00% per-thread avg)  msgs=0
[CPU compute ] process= 11.25% of 80 cores   system= 11.26%   (window 2s)
Success: tree root pointer value [1, 43050328576]
Height = 18
entering dynamic phase

----- REMOTE CPU LOAD (memory node dir-threads, 2s window) -----
  dir 0: active=  0.00%  msgs=0           0 ns/msg
  dir 1: active=  0.00%  msgs=0           0 ns/msg
  dir 2: active=  0.00%  msgs=0           0 ns/msg
  dir 3: active=  0.00%  msgs=0           0 ns/msg
  dir 4: active=  0.00%  msgs=0           0 ns/msg
  dir 5: active=  0.00%  msgs=0           0 ns/msg
  dir 6: active=  0.00%  msgs=0           0 ns/msg
  dir 7: active=  0.00%  msgs=0           0 ns/msg
  AGGREGATE active = 0.00% (of 8 dir-threads; 0.00% per-thread avg)  msgs=0
[CPU compute ] process= 11.25% of 80 cores   system= 11.26%   (window 2s)
Success: tree root pointer value [1, 25904016384]
Height = 19

----- REMOTE CPU LOAD (memory node dir-threads, 2s window) -----
  dir 0: active=  0.00%  msgs=0           0 ns/msg
  dir 1: active=  0.00%  msgs=0           0 ns/msg
  dir 2: active=  0.00%  msgs=0           0 ns/msg
  dir 3: active=  0.00%  msgs=0           0 ns/msg
  dir 4: active=  0.00%  msgs=0           0 ns/msg
  dir 5: active=  0.00%  msgs=0           0 ns/msg
  dir 6: active=  0.00%  msgs=0           0 ns/msg
  dir 7: active=  0.00%  msgs=0           0 ns/msg
  AGGREGATE active = 0.00% (of 8 dir-threads; 0.00% per-thread avg)  msgs=0
[CPU compute ] process= 11.25% of 80 cores   system= 11.25%   (window 2s)

----- REMOTE CPU LOAD (memory node dir-threads, 2s window) -----
  dir 0: active=  0.00%  msgs=0           0 ns/msg
  dir 1: active=  0.00%  msgs=0           0 ns/msg
  dir 2: active=  0.00%  msgs=0           0 ns/msg
  dir 3: active=  0.00%  msgs=0           0 ns/msg
  dir 4: active=  0.00%  msgs=0           0 ns/msg
  dir 5: active=  0.00%  msgs=0           0 ns/msg
  dir 6: active=  0.00%  msgs=0           0 ns/msg
  dir 7: active=  0.00%  msgs=0           0 ns/msg
  AGGREGATE active = 0.00% (of 8 dir-threads; 0.00% per-thread avg)  msgs=0
[CPU compute ] process= 11.25% of 80 cores   system= 11.26%   (window 2s)

----- REMOTE CPU LOAD (memory node dir-threads, 2s window) -----
  dir 0: active=  0.00%  msgs=0           0 ns/msg
  dir 1: active=  0.00%  msgs=0           0 ns/msg
  dir 2: active=  0.00%  msgs=0           0 ns/msg
  dir 3: active=  0.00%  msgs=0           0 ns/msg
  dir 4: active=  0.00%  msgs=0           0 ns/msg
  dir 5: active=  0.00%  msgs=0           0 ns/msg
  dir 6: active=  0.00%  msgs=0           0 ns/msg
  dir 7: active=  0.00%  msgs=0           0 ns/msg
  AGGREGATE active = 0.00% (of 8 dir-threads; 0.00% per-thread avg)  msgs=0
[CPU compute ] process= 11.25% of 80 cores   system= 13.26%   (window 2s)
Success: tree root pointer value [1, 167773184]
Height = 20

----- REMOTE CPU LOAD (memory node dir-threads, 2s window) -----
  dir 0: active=  0.00%  msgs=0           0 ns/msg
  dir 1: active=  0.00%  msgs=0           0 ns/msg
  dir 2: active=  0.00%  msgs=0           0 ns/msg
  dir 3: active=  0.00%  msgs=0           0 ns/msg
  dir 4: active=  0.00%  msgs=0           0 ns/msg
  dir 5: active=  0.00%  msgs=0           0 ns/msg
  dir 6: active=  0.00%  msgs=0           0 ns/msg
  dir 7: active=  0.00%  msgs=0           0 ns/msg
  AGGREGATE active = 0.00% (of 8 dir-threads; 0.00% per-thread avg)  msgs=0
[CPU compute ] process= 11.25% of 80 cores   system= 11.26%   (window 2s)

----- REMOTE CPU LOAD (memory node dir-threads, 2s window) -----
  dir 0: active=  0.00%  msgs=0           0 ns/msg
  dir 1: active=  0.00%  msgs=0           0 ns/msg
  dir 2: active=  0.00%  msgs=0           0 ns/msg
  dir 3: active=  0.00%  msgs=0           0 ns/msg
  dir 4: active=  0.00%  msgs=0           0 ns/msg
  dir 5: active=  0.00%  msgs=0           0 ns/msg
  dir 6: active=  0.00%  msgs=0           0 ns/msg
  dir 7: active=  0.00%  msgs=0           0 ns/msg
  AGGREGATE active = 0.00% (of 8 dir-threads; 0.00% per-thread avg)  msgs=0
[CPU compute ] process= 11.25% of 80 cores   system= 11.26%   (window 2s)

----- REMOTE CPU LOAD (memory node dir-threads, 2s window) -----
  dir 0: active=  0.00%  msgs=0           0 ns/msg
  dir 1: active=  0.00%  msgs=0           0 ns/msg
  dir 2: active=  0.00%  msgs=0           0 ns/msg
  dir 3: active=  0.00%  msgs=0           0 ns/msg
  dir 4: active=  0.00%  msgs=0           0 ns/msg
  dir 5: active=  0.00%  msgs=0           0 ns/msg
  dir 6: active=  0.00%  msgs=0           0 ns/msg
  dir 7: active=  0.00%  msgs=0           0 ns/msg
  AGGREGATE active = 0.00% (of 8 dir-threads; 0.00% per-thread avg)  msgs=0
[CPU compute ] process= 11.25% of 80 cores   system= 11.26%   (window 2s)

----- REMOTE CPU LOAD (memory node dir-threads, 2s window) -----
  dir 0: active=  0.00%  msgs=0           0 ns/msg
  dir 1: active=  0.00%  msgs=0           0 ns/msg
  dir 2: active=  0.00%  msgs=0           0 ns/msg
  dir 3: active=  0.00%  msgs=0           0 ns/msg
  dir 4: active=  0.00%  msgs=0           0 ns/msg
  dir 5: active=  0.00%  msgs=0           0 ns/msg
  dir 6: active=  0.00%  msgs=0           0 ns/msg
  dir 7: active=  0.00%  msgs=0           0 ns/msg
  AGGREGATE active = 0.00% (of 8 dir-threads; 0.00% per-thread avg)  msgs=0
[CPU compute ] process= 11.25% of 80 cores   system= 11.25%   (window 2s)

----- REMOTE CPU LOAD (memory node dir-threads, 2s window) -----
  dir 0: active=  0.00%  msgs=0           0 ns/msg
  dir 1: active=  0.00%  msgs=0           0 ns/msg
  dir 2: active=  0.00%  msgs=0           0 ns/msg
  dir 3: active=  0.00%  msgs=0           0 ns/msg
  dir 4: active=  0.00%  msgs=0           0 ns/msg
  dir 5: active=  0.00%  msgs=0           0 ns/msg
  dir 6: active=  0.00%  msgs=0           0 ns/msg
  dir 7: active=  0.00%  msgs=0           0 ns/msg
  AGGREGATE active = 0.00% (of 8 dir-threads; 0.00% per-thread avg)  msgs=0
[CPU compute ] process= 11.25% of 80 cores   system= 13.23%   (window 2s)

----- REMOTE CPU LOAD (memory node dir-threads, 2s window) -----
  dir 0: active=  0.00%  msgs=0           0 ns/msg
  dir 1: active=  0.00%  msgs=0           0 ns/msg
  dir 2: active=  0.00%  msgs=0           0 ns/msg
  dir 3: active=  0.00%  msgs=0           0 ns/msg
  dir 4: active=  0.00%  msgs=0           0 ns/msg
  dir 5: active=  0.00%  msgs=0           0 ns/msg
  dir 6: active=  0.00%  msgs=0           0 ns/msg
  dir 7: active=  0.00%  msgs=0           0 ns/msg
  AGGREGATE active = 0.00% (of 8 dir-threads; 0.00% per-thread avg)  msgs=0
[CPU compute ] process= 11.25% of 80 cores   system= 11.26%   (window 2s)
Success: tree root pointer value [1, 268448256]
Height = 21

----- REMOTE CPU LOAD (memory node dir-threads, 2s window) -----
  dir 0: active=  0.00%  msgs=0           0 ns/msg
  dir 1: active=  0.00%  msgs=0           0 ns/msg
  dir 2: active=  0.00%  msgs=0           0 ns/msg
  dir 3: active=  0.00%  msgs=0           0 ns/msg
  dir 4: active=  0.00%  msgs=0           0 ns/msg
  dir 5: active=  0.00%  msgs=0           0 ns/msg
  dir 6: active=  0.00%  msgs=0           0 ns/msg
  dir 7: active=  0.00%  msgs=0           0 ns/msg
  AGGREGATE active = 0.00% (of 8 dir-threads; 0.00% per-thread avg)  msgs=0
[CPU compute ] process= 11.25% of 80 cores   system= 11.25%   (window 2s)

----- REMOTE CPU LOAD (memory node dir-threads, 2s window) -----
  dir 0: active=  0.00%  msgs=0           0 ns/msg
  dir 1: active=  0.00%  msgs=0           0 ns/msg
  dir 2: active=  0.00%  msgs=0           0 ns/msg
  dir 3: active=  0.00%  msgs=0           0 ns/msg
  dir 4: active=  0.00%  msgs=0           0 ns/msg
  dir 5: active=  0.00%  msgs=0           0 ns/msg
  dir 6: active=  0.00%  msgs=0           0 ns/msg
  dir 7: active=  0.00%  msgs=0           0 ns/msg
  AGGREGATE active = 0.00% (of 8 dir-threads; 0.00% per-thread avg)  msgs=0
[CPU compute ] process= 11.25% of 80 cores   system= 11.26%   (window 2s)

----- REMOTE CPU LOAD (memory node dir-threads, 2s window) -----
  dir 0: active=  0.00%  msgs=0           0 ns/msg
  dir 1: active=  0.00%  msgs=0           0 ns/msg
  dir 2: active=  0.00%  msgs=0           0 ns/msg
  dir 3: active=  0.00%  msgs=0           0 ns/msg
  dir 4: active=  0.00%  msgs=0           0 ns/msg
  dir 5: active=  0.00%  msgs=0           0 ns/msg
  dir 6: active=  0.00%  msgs=0           0 ns/msg
  dir 7: active=  0.00%  msgs=0           0 ns/msg
  AGGREGATE active = 0.00% (of 8 dir-threads; 0.00% per-thread avg)  msgs=0
[CPU compute ] process= 11.26% of 80 cores   system= 11.27%   (window 2s)

----- REMOTE CPU LOAD (memory node dir-threads, 2s window) -----
  dir 0: active=  0.00%  msgs=0           0 ns/msg
  dir 1: active=  0.00%  msgs=0           0 ns/msg
  dir 2: active=  0.00%  msgs=0           0 ns/msg
  dir 3: active=  0.00%  msgs=0           0 ns/msg
  dir 4: active=  0.00%  msgs=0           0 ns/msg
  dir 5: active=  0.00%  msgs=0           0 ns/msg
  dir 6: active=  0.00%  msgs=0           0 ns/msg
  dir 7: active=  0.00%  msgs=0           0 ns/msg
  AGGREGATE active = 0.00% (of 8 dir-threads; 0.00% per-thread avg)  msgs=0
[CPU compute ] process= 11.25% of 80 cores   system= 13.18%   (window 2s)

----- REMOTE CPU LOAD (memory node dir-threads, 2s window) -----
  dir 0: active=  0.00%  msgs=0           0 ns/msg
  dir 1: active=  0.00%  msgs=0           0 ns/msg
  dir 2: active=  0.00%  msgs=0           0 ns/msg
  dir 3: active=  0.00%  msgs=0           0 ns/msg
  dir 4: active=  0.00%  msgs=0           0 ns/msg
  dir 5: active=  0.00%  msgs=0           0 ns/msg
  dir 6: active=  0.00%  msgs=0           0 ns/msg
  dir 7: active=  0.00%  msgs=0           0 ns/msg
  AGGREGATE active = 0.00% (of 8 dir-threads; 0.00% per-thread avg)  msgs=0
[CPU compute ] process= 11.25% of 80 cores   system= 11.26%   (window 2s)

----- REMOTE CPU LOAD (memory node dir-threads, 2s window) -----
  dir 0: active=  0.00%  msgs=0           0 ns/msg
  dir 1: active=  0.00%  msgs=0           0 ns/msg
  dir 2: active=  0.00%  msgs=0           0 ns/msg
  dir 3: active=  0.00%  msgs=0           0 ns/msg
  dir 4: active=  0.00%  msgs=0           0 ns/msg
  dir 5: active=  0.00%  msgs=0           0 ns/msg
  dir 6: active=  0.00%  msgs=0           0 ns/msg
  dir 7: active=  0.00%  msgs=0           0 ns/msg
  AGGREGATE active = 0.00% (of 8 dir-threads; 0.00% per-thread avg)  msgs=0
[CPU compute ] process= 11.25% of 80 cores   system= 11.26%   (window 2s)

----- REMOTE CPU LOAD (memory node dir-threads, 2s window) -----
  dir 0: active=  0.00%  msgs=0           0 ns/msg
  dir 1: active=  0.00%  msgs=0           0 ns/msg
  dir 2: active=  0.00%  msgs=0           0 ns/msg
  dir 3: active=  0.00%  msgs=0           0 ns/msg
  dir 4: active=  0.00%  msgs=0           0 ns/msg
  dir 5: active=  0.00%  msgs=0           0 ns/msg
  dir 6: active=  0.00%  msgs=0           0 ns/msg
  dir 7: active=  0.00%  msgs=0           0 ns/msg
  AGGREGATE active = 0.00% (of 8 dir-threads; 0.00% per-thread avg)  msgs=0
[CPU compute ] process= 11.25% of 80 cores   system= 11.26%   (window 2s)

----- REMOTE CPU LOAD (memory node dir-threads, 2s window) -----
  dir 0: active=  0.00%  msgs=0           0 ns/msg
  dir 1: active=  0.00%  msgs=0           0 ns/msg
  dir 2: active=  0.00%  msgs=0           0 ns/msg
  dir 3: active=  0.00%  msgs=0           0 ns/msg
  dir 4: active=  0.00%  msgs=0           0 ns/msg
  dir 5: active=  0.00%  msgs=0           0 ns/msg
  dir 6: active=  0.00%  msgs=0           0 ns/msg
  dir 7: active=  0.00%  msgs=0           0 ns/msg
  AGGREGATE active = 0.00% (of 8 dir-threads; 0.00% per-thread avg)  msgs=0
[CPU compute ] process= 11.25% of 80 cores   system= 11.26%   (window 2s)

----- REMOTE CPU LOAD (memory node dir-threads, 2s window) -----
  dir 0: active=  0.00%  msgs=0           0 ns/msg
  dir 1: active=  0.00%  msgs=0           0 ns/msg
  dir 2: active=  0.00%  msgs=0           0 ns/msg
  dir 3: active=  0.00%  msgs=0           0 ns/msg
  dir 4: active=  0.00%  msgs=0           0 ns/msg
  dir 5: active=  0.00%  msgs=0           0 ns/msg
  dir 6: active=  0.00%  msgs=0           0 ns/msg
  dir 7: active=  0.00%  msgs=0           0 ns/msg
  AGGREGATE active = 0.00% (of 8 dir-threads; 0.00% per-thread avg)  msgs=0
[CPU compute ] process= 11.25% of 80 cores   system= 13.25%   (window 2s)

----- REMOTE CPU LOAD (memory node dir-threads, 2s window) -----
  dir 0: active=  0.00%  msgs=0           0 ns/msg
  dir 1: active=  0.00%  msgs=0           0 ns/msg
  dir 2: active=  0.00%  msgs=0           0 ns/msg
  dir 3: active=  0.00%  msgs=0           0 ns/msg
  dir 4: active=  0.00%  msgs=0           0 ns/msg
  dir 5: active=  0.00%  msgs=0           0 ns/msg
  dir 6: active=  0.00%  msgs=0           0 ns/msg
  dir 7: active=  0.00%  msgs=0           0 ns/msg
  AGGREGATE active = 0.00% (of 8 dir-threads; 0.00% per-thread avg)  msgs=0
[CPU compute ] process= 11.25% of 80 cores   system= 11.26%   (window 2s)

----- REMOTE CPU LOAD (memory node dir-threads, 2s window) -----
  dir 0: active=  0.00%  msgs=0           0 ns/msg
  dir 1: active=  0.00%  msgs=0           0 ns/msg
  dir 2: active=  0.00%  msgs=0           0 ns/msg
  dir 3: active=  0.00%  msgs=0           0 ns/msg
  dir 4: active=  0.00%  msgs=0           0 ns/msg
  dir 5: active=  0.00%  msgs=0           0 ns/msg
  dir 6: active=  0.00%  msgs=0           0 ns/msg
  dir 7: active=  0.00%  msgs=0           0 ns/msg
  AGGREGATE active = 0.00% (of 8 dir-threads; 0.00% per-thread avg)  msgs=0
[CPU compute ] process= 11.25% of 80 cores   system= 11.25%   (window 2s)

----- REMOTE CPU LOAD (memory node dir-threads, 2s window) -----
  dir 0: active=  0.00%  msgs=0           0 ns/msg
  dir 1: active=  0.00%  msgs=0           0 ns/msg
  dir 2: active=  0.00%  msgs=0           0 ns/msg
  dir 3: active=  0.00%  msgs=0           0 ns/msg
  dir 4: active=  0.00%  msgs=0           0 ns/msg
  dir 5: active=  0.00%  msgs=0           0 ns/msg
  dir 6: active=  0.00%  msgs=0           0 ns/msg
  dir 7: active=  0.00%  msgs=0           0 ns/msg
  AGGREGATE active = 0.00% (of 8 dir-threads; 0.00% per-thread avg)  msgs=0
[CPU compute ] process= 11.25% of 80 cores   system= 11.26%   (window 2s)
Success: tree root pointer value [1, 469798912]
Height = 22

----- REMOTE CPU LOAD (memory node dir-threads, 2s window) -----
  dir 0: active=  0.00%  msgs=0           0 ns/msg
  dir 1: active=  0.00%  msgs=0           0 ns/msg
  dir 2: active=  0.00%  msgs=0           0 ns/msg
  dir 3: active=  0.00%  msgs=0           0 ns/msg
  dir 4: active=  0.00%  msgs=0           0 ns/msg
  dir 5: active=  0.00%  msgs=0           0 ns/msg
  dir 6: active=  0.00%  msgs=0           0 ns/msg
  dir 7: active=  0.00%  msgs=0           0 ns/msg
  AGGREGATE active = 0.00% (of 8 dir-threads; 0.00% per-thread avg)  msgs=0
[CPU compute ] process= 11.25% of 80 cores   system= 11.26%   (window 2s)

----- REMOTE CPU LOAD (memory node dir-threads, 2s window) -----
  dir 0: active=  0.00%  msgs=0           0 ns/msg
  dir 1: active=  0.00%  msgs=0           0 ns/msg
  dir 2: active=  0.00%  msgs=0           0 ns/msg
  dir 3: active=  0.00%  msgs=0           0 ns/msg
  dir 4: active=  0.00%  msgs=0           0 ns/msg
  dir 5: active=  0.00%  msgs=0           0 ns/msg
  dir 6: active=  0.00%  msgs=0           0 ns/msg
  dir 7: active=  0.00%  msgs=0           0 ns/msg
  AGGREGATE active = 0.00% (of 8 dir-threads; 0.00% per-thread avg)  msgs=0
[CPU compute ] process= 11.25% of 80 cores   system= 11.29%   (window 2s)

----- REMOTE CPU LOAD (memory node dir-threads, 2s window) -----
  dir 0: active=  0.00%  msgs=0           0 ns/msg
  dir 1: active=  0.00%  msgs=0           0 ns/msg
  dir 2: active=  0.00%  msgs=0           0 ns/msg
  dir 3: active=  0.00%  msgs=0           0 ns/msg
  dir 4: active=  0.00%  msgs=0           0 ns/msg
  dir 5: active=  0.00%  msgs=0           0 ns/msg
  dir 6: active=  0.00%  msgs=0           0 ns/msg
  dir 7: active=  0.00%  msgs=0           0 ns/msg
  AGGREGATE active = 0.00% (of 8 dir-threads; 0.00% per-thread avg)  msgs=0
[CPU compute ] process= 11.25% of 80 cores   system= 13.07%   (window 2s)

----- REMOTE CPU LOAD (memory node dir-threads, 2s window) -----
  dir 0: active=  0.00%  msgs=0           0 ns/msg
  dir 1: active=  0.00%  msgs=0           0 ns/msg
  dir 2: active=  0.00%  msgs=0           0 ns/msg
  dir 3: active=  0.00%  msgs=0           0 ns/msg
  dir 4: active=  0.00%  msgs=0           0 ns/msg
  dir 5: active=  0.00%  msgs=0           0 ns/msg
  dir 6: active=  0.00%  msgs=0           0 ns/msg
  dir 7: active=  0.00%  msgs=0           0 ns/msg
  AGGREGATE active = 0.00% (of 8 dir-threads; 0.00% per-thread avg)  msgs=0
[CPU compute ] process= 11.25% of 80 cores   system= 11.26%   (window 2s)

----- REMOTE CPU LOAD (memory node dir-threads, 2s window) -----
  dir 0: active=  0.00%  msgs=0           0 ns/msg
  dir 1: active=  0.00%  msgs=0           0 ns/msg
  dir 2: active=  0.00%  msgs=0           0 ns/msg
  dir 3: active=  0.00%  msgs=0           0 ns/msg
  dir 4: active=  0.00%  msgs=0           0 ns/msg
  dir 5: active=  0.00%  msgs=0           0 ns/msg
  dir 6: active=  0.00%  msgs=0           0 ns/msg
  dir 7: active=  0.00%  msgs=0           0 ns/msg
  AGGREGATE active = 0.00% (of 8 dir-threads; 0.00% per-thread avg)  msgs=0
[CPU compute ] process= 11.25% of 80 cores   system= 11.25%   (window 2s)

----- REMOTE CPU LOAD (memory node dir-threads, 2s window) -----
  dir 0: active=  0.00%  msgs=0           0 ns/msg
  dir 1: active=  0.00%  msgs=0           0 ns/msg
  dir 2: active=  0.00%  msgs=0           0 ns/msg
  dir 3: active=  0.00%  msgs=0           0 ns/msg
  dir 4: active=  0.00%  msgs=0           0 ns/msg
  dir 5: active=  0.00%  msgs=0           0 ns/msg
  dir 6: active=  0.00%  msgs=0           0 ns/msg
  dir 7: active=  0.00%  msgs=0           0 ns/msg
  AGGREGATE active = 0.00% (of 8 dir-threads; 0.00% per-thread avg)  msgs=0
[CPU compute ] process= 11.25% of 80 cores   system= 11.26%   (window 2s)
#leaf nodes = 3846153
leaf size(MB) = 1878
#inner nodes = 3846104
inner size(MB) = 1877.98
Tree height = 22
Cache capacity = 524288
max. leaf entries = 26
max. inner entries = 5
Inner page size = 160
Leaf page size = 512
node 0 finish its bulkload
IMPORTANT: my root is 30788741496833
0 is ready for the benchmark
I am 0
Fetched new height = 22
I am 2
I am 4
I am 1
I am 3
I am 31
I am 5
I am 11
I am 6
I am 12
I am 13
I am 7
I am 20
I am 14
I am 15
I am 16
I am 17
I am 8
I am 9
I am 18
I am 10
I am 19
I am 21
I am 35
I am 22
I am 29
I am 25
I am 24
I am 32
I am 33
I am 34
I am 28
I am 26
I am 27
I am 30
I am 23
entering dynamic phase

----- REMOTE CPU LOAD (memory node dir-threads, 2s window) -----
  dir 0: active=  0.00%  msgs=0           0 ns/msg
  dir 1: active=  0.00%  msgs=0           0 ns/msg
  dir 2: active=  0.00%  msgs=0           0 ns/msg
  dir 3: active=  0.00%  msgs=0           0 ns/msg
  dir 4: active=  0.00%  msgs=0           0 ns/msg
  dir 5: active=  0.00%  msgs=0           0 ns/msg
  dir 6: active=  0.00%  msgs=0           0 ns/msg
  dir 7: active=  0.00%  msgs=0           0 ns/msg
  AGGREGATE active = 0.00% (of 8 dir-threads; 0.00% per-thread avg)  msgs=0
[CPU compute ] process= 21.28% of 80 cores   system= 21.30%   (window 2s)

----- REMOTE CPU LOAD (memory node dir-threads, 2s window) -----
  dir 0: active=  0.00%  msgs=0           0 ns/msg
  dir 1: active=  0.00%  msgs=0           0 ns/msg
  dir 2: active=  0.00%  msgs=0           0 ns/msg
  dir 3: active=  0.00%  msgs=0           0 ns/msg
  dir 4: active=  0.00%  msgs=0           0 ns/msg
  dir 5: active=  0.00%  msgs=0           0 ns/msg
  dir 6: active=  0.00%  msgs=0           0 ns/msg
  dir 7: active=  0.00%  msgs=0           0 ns/msg
  AGGREGATE active = 0.00% (of 8 dir-threads; 0.00% per-thread avg)  msgs=0
[CPU compute ] process= 55.00% of 80 cores   system= 55.75%   (window 2s)

----- REMOTE CPU LOAD (memory node dir-threads, 2s window) -----
  dir 0: active=  0.00%  msgs=0           0 ns/msg
  dir 1: active=  0.00%  msgs=0           0 ns/msg
  dir 2: active=  0.00%  msgs=0           0 ns/msg
  dir 3: active=  0.00%  msgs=0           0 ns/msg
  dir 4: active=  0.00%  msgs=0           0 ns/msg
  dir 5: active=  0.00%  msgs=0           0 ns/msg
  dir 6: active=  0.00%  msgs=0           0 ns/msg
  dir 7: active=  0.00%  msgs=0           0 ns/msg
  AGGREGATE active = 0.00% (of 8 dir-threads; 0.00% per-thread avg)  msgs=0
[CPU compute ] process= 55.00% of 80 cores   system= 55.01%   (window 2s)

----- REMOTE CPU LOAD (memory node dir-threads, 2s window) -----
  dir 0: active=  0.00%  msgs=0           0 ns/msg
  dir 1: active=  0.00%  msgs=0           0 ns/msg
  dir 2: active=  0.00%  msgs=0           0 ns/msg
  dir 3: active=  0.00%  msgs=0           0 ns/msg
  dir 4: active=  0.00%  msgs=0           0 ns/msg
  dir 5: active=  0.00%  msgs=0           0 ns/msg
  dir 6: active=  0.00%  msgs=0           0 ns/msg
  dir 7: active=  0.00%  msgs=0           0 ns/msg
  AGGREGATE active = 0.00% (of 8 dir-threads; 0.00% per-thread avg)  msgs=0
[CPU compute ] process= 55.00% of 80 cores   system= 55.03%   (window 2s)

----- REMOTE CPU LOAD (memory node dir-threads, 2s window) -----
  dir 0: active=  0.00%  msgs=0           0 ns/msg
  dir 1: active=  0.00%  msgs=0           0 ns/msg
  dir 2: active=  0.00%  msgs=0           0 ns/msg
  dir 3: active=  0.00%  msgs=0           0 ns/msg
  dir 4: active=  0.00%  msgs=0           0 ns/msg
  dir 5: active=  0.00%  msgs=0           0 ns/msg
  dir 6: active=  0.00%  msgs=0           0 ns/msg
  dir 7: active=  0.00%  msgs=0           0 ns/msg
  AGGREGATE active = 0.00% (of 8 dir-threads; 0.00% per-thread avg)  msgs=0
[CPU compute ] process= 55.00% of 80 cores   system= 55.01%   (window 2s)

----- REMOTE CPU LOAD (memory node dir-threads, 2s window) -----
  dir 0: active=  0.00%  msgs=0           0 ns/msg
  dir 1: active=  0.00%  msgs=0           0 ns/msg
  dir 2: active=  0.00%  msgs=0           0 ns/msg
  dir 3: active=  0.00%  msgs=0           0 ns/msg
  dir 4: active=  0.00%  msgs=0           0 ns/msg
  dir 5: active=  0.00%  msgs=0           0 ns/msg
  dir 6: active=  0.00%  msgs=0           0 ns/msg
  dir 7: active=  0.00%  msgs=0           0 ns/msg
  AGGREGATE active = 0.00% (of 8 dir-threads; 0.00% per-thread avg)  msgs=0
[CPU compute ] process= 55.00% of 80 cores   system= 55.02%   (window 2s)
Thread_op_num = 833333
node 0 finish warmup

----- REMOTE CPU LOAD (memory node dir-threads, 2s window) -----
  dir 0: active=  0.00%  msgs=0           0 ns/msg
  dir 1: active=  0.00%  msgs=0           0 ns/msg
  dir 2: active=  0.00%  msgs=0           0 ns/msg
  dir 3: active=  0.00%  msgs=0           0 ns/msg
  dir 4: active=  0.00%  msgs=0           0 ns/msg
  dir 5: active=  0.00%  msgs=0           0 ns/msg
  dir 6: active=  0.00%  msgs=0           0 ns/msg
  dir 7: active=  0.00%  msgs=0           0 ns/msg
  AGGREGATE active = 0.00% (of 8 dir-threads; 0.00% per-thread avg)  msgs=0
[CPU compute ] process= 55.00% of 80 cores   system= 55.67%   (window 2s)
Start collecting the statistic

----- REMOTE CPU LOAD (memory node dir-threads, 2s window) -----
  dir 0: active=  0.00%  msgs=0           0 ns/msg
  dir 1: active=  0.00%  msgs=0           0 ns/msg
  dir 2: active=  0.00%  msgs=0           0 ns/msg
  dir 3: active=  0.00%  msgs=0           0 ns/msg
  dir 4: active=  0.00%  msgs=0           0 ns/msg
  dir 5: active=  0.00%  msgs=0           0 ns/msg
  dir 6: active=  0.00%  msgs=0           0 ns/msg
  dir 7: active=  0.00%  msgs=0           0 ns/msg
  AGGREGATE active = 0.00% (of 8 dir-threads; 0.00% per-thread avg)  msgs=0
[CPU compute ] process= 55.00% of 80 cores   system= 55.01%   (window 2s)
0, throughput 1.9790
cluster throughput 1.979

----- REMOTE CPU LOAD (memory node dir-threads, 2s window) -----
  dir 0: active=  0.00%  msgs=0           0 ns/msg
  dir 1: active=  0.00%  msgs=0           0 ns/msg
  dir 2: active=  0.00%  msgs=0           0 ns/msg
  dir 3: active=  0.00%  msgs=0           0 ns/msg
  dir 4: active=  0.00%  msgs=0           0 ns/msg
  dir 5: active=  0.00%  msgs=0           0 ns/msg
  dir 6: active=  0.00%  msgs=0           0 ns/msg
  dir 7: active=  0.00%  msgs=0           0 ns/msg
  AGGREGATE active = 0.00% (of 8 dir-threads; 0.00% per-thread avg)  msgs=0
[CPU compute ] process= 55.00% of 80 cores   system= 55.01%   (window 2s)
0, throughput 2.0047
cluster throughput 2.004

----- REMOTE CPU LOAD (memory node dir-threads, 2s window) -----
  dir 0: active=  0.00%  msgs=0           0 ns/msg
  dir 1: active=  0.00%  msgs=0           0 ns/msg
  dir 2: active=  0.00%  msgs=0           0 ns/msg
  dir 3: active=  0.00%  msgs=0           0 ns/msg
  dir 4: active=  0.00%  msgs=0           0 ns/msg
  dir 5: active=  0.00%  msgs=0           0 ns/msg
  dir 6: active=  0.00%  msgs=0           0 ns/msg
  dir 7: active=  0.00%  msgs=0           0 ns/msg
  AGGREGATE active = 0.00% (of 8 dir-threads; 0.00% per-thread avg)  msgs=0
[CPU compute ] process= 55.00% of 80 cores   system= 55.02%   (window 2s)
0, throughput 1.9984
cluster throughput 1.998

----- REMOTE CPU LOAD (memory node dir-threads, 2s window) -----
  dir 0: active=  0.00%  msgs=0           0 ns/msg
  dir 1: active=  0.00%  msgs=0           0 ns/msg
  dir 2: active=  0.00%  msgs=0           0 ns/msg
  dir 3: active=  0.00%  msgs=0           0 ns/msg
  dir 4: active=  0.00%  msgs=0           0 ns/msg
  dir 5: active=  0.00%  msgs=0           0 ns/msg
  dir 6: active=  0.00%  msgs=0           0 ns/msg
  dir 7: active=  0.00%  msgs=0           0 ns/msg
  AGGREGATE active = 0.00% (of 8 dir-threads; 0.00% per-thread avg)  msgs=0
[CPU compute ] process= 55.00% of 80 cores   system= 55.02%   (window 2s)
0, throughput 1.9915
cluster throughput 1.991

----- REMOTE CPU LOAD (memory node dir-threads, 2s window) -----
  dir 0: active=  0.00%  msgs=0           0 ns/msg
  dir 1: active=  0.00%  msgs=0           0 ns/msg
  dir 2: active=  0.00%  msgs=0           0 ns/msg
  dir 3: active=  0.00%  msgs=0           0 ns/msg
  dir 4: active=  0.00%  msgs=0           0 ns/msg
  dir 5: active=  0.00%  msgs=0           0 ns/msg
  dir 6: active=  0.00%  msgs=0           0 ns/msg
  dir 7: active=  0.00%  msgs=0           0 ns/msg
  AGGREGATE active = 0.00% (of 8 dir-threads; 0.00% per-thread avg)  msgs=0
[CPU compute ] process= 54.99% of 80 cores   system= 55.67%   (window 2s)
0, throughput 1.9949
cluster throughput 1.994

----- REMOTE CPU LOAD (memory node dir-threads, 2s window) -----
  dir 0: active=  0.00%  msgs=0           0 ns/msg
  dir 1: active=  0.00%  msgs=0           0 ns/msg
  dir 2: active=  0.00%  msgs=0           0 ns/msg
  dir 3: active=  0.00%  msgs=0           0 ns/msg
  dir 4: active=  0.00%  msgs=0           0 ns/msg
  dir 5: active=  0.00%  msgs=0           0 ns/msg
  dir 6: active=  0.00%  msgs=0           0 ns/msg
  dir 7: active=  0.00%  msgs=0           0 ns/msg
  AGGREGATE active = 0.00% (of 8 dir-threads; 0.00% per-thread avg)  msgs=0
[CPU compute ] process= 55.00% of 80 cores   system= 55.03%   (window 2s)
0, throughput 1.9896
cluster throughput 1.989

----- REMOTE CPU LOAD (memory node dir-threads, 2s window) -----
  dir 0: active=  0.00%  msgs=0           0 ns/msg
  dir 1: active=  0.00%  msgs=0           0 ns/msg
  dir 2: active=  0.00%  msgs=0           0 ns/msg
  dir 3: active=  0.00%  msgs=0           0 ns/msg
  dir 4: active=  0.00%  msgs=0           0 ns/msg
  dir 5: active=  0.00%  msgs=0           0 ns/msg
  dir 6: active=  0.00%  msgs=0           0 ns/msg
  dir 7: active=  0.00%  msgs=0           0 ns/msg
  AGGREGATE active = 0.00% (of 8 dir-threads; 0.00% per-thread avg)  msgs=0
[CPU compute ] process= 55.01% of 80 cores   system= 55.02%   (window 2s)
0, throughput 1.9906
cluster throughput 1.990

----- REMOTE CPU LOAD (memory node dir-threads, 2s window) -----
  dir 0: active=  0.00%  msgs=0           0 ns/msg
  dir 1: active=  0.00%  msgs=0           0 ns/msg
  dir 2: active=  0.00%  msgs=0           0 ns/msg
  dir 3: active=  0.00%  msgs=0           0 ns/msg
  dir 4: active=  0.00%  msgs=0           0 ns/msg
  dir 5: active=  0.00%  msgs=0           0 ns/msg
  dir 6: active=  0.00%  msgs=0           0 ns/msg
  dir 7: active=  0.00%  msgs=0           0 ns/msg
  AGGREGATE active = 0.00% (of 8 dir-threads; 0.00% per-thread avg)  msgs=0
[CPU compute ] process= 54.99% of 80 cores   system= 55.01%   (window 2s)
0, throughput 0.8500
cluster throughput 0.849

----- REMOTE CPU LOAD (memory node dir-threads, 2s window) -----
  dir 0: active=  0.00%  msgs=0           0 ns/msg
  dir 1: active=  0.00%  msgs=0           0 ns/msg
  dir 2: active=  0.00%  msgs=0           0 ns/msg
  dir 3: active=  0.00%  msgs=0           0 ns/msg
  dir 4: active=  0.00%  msgs=0           0 ns/msg
  dir 5: active=  0.00%  msgs=0           0 ns/msg
  dir 6: active=  0.00%  msgs=0           0 ns/msg
  dir 7: active=  0.00%  msgs=0           0 ns/msg
  AGGREGATE active = 0.00% (of 8 dir-threads; 0.00% per-thread avg)  msgs=0
[CPU compute ] process= 18.85% of 80 cores   system= 18.85%   (window 2s)
0, throughput 0.0000
cluster throughput 0.000
The time duration = 18 seconds

----- REMOTE CPU LOAD (memory node dir-threads, 2s window) -----
  dir 0: active=  0.00%  msgs=0           0 ns/msg
  dir 1: active=  0.00%  msgs=0           0 ns/msg
  dir 2: active=  0.00%  msgs=0           0 ns/msg
  dir 3: active=  0.00%  msgs=0           0 ns/msg
  dir 4: active=  0.00%  msgs=0           0 ns/msg
  dir 5: active=  0.00%  msgs=0           0 ns/msg
  dir 6: active=  0.00%  msgs=0           0 ns/msg
  dir 7: active=  0.00%  msgs=0           0 ns/msg
  AGGREGATE active = 0.00% (of 8 dir-threads; 0.00% per-thread avg)  msgs=0
[CPU compute ] process= 10.00% of 80 cores   system= 11.97%   (window 2s)

==================== LATENCY BUCKETS (500 ns) [node 0] ====================
[RANGE]
  ALL                n=29601409   mean=   18.02us  p50=  16.50us  p90=  33.50us  p99=  40.50us  p99.9=  45.00us  max>=923.00us
  LOCAL (cache hit)  n=7450978    mean=    3.96us  p50=   4.00us  p90=   5.00us  p99=   5.50us  p99.9=   8.50us  max>=249.50us
  REMOTE (miss/rpc)  n=22150431   mean=   22.75us  p50=  24.00us  p90=  35.00us  p99=  41.00us  p99.9=  45.50us  max>=923.00us
[ALL OPS]
  ALL                n=29601409   mean=   18.02us  p50=  16.50us  p90=  33.50us  p99=  40.50us  p99.9=  45.00us  max>=923.00us
  LOCAL (cache hit)  n=7450978    mean=    3.96us  p50=   4.00us  p90=   5.00us  p99=   5.50us  p99.9=   8.50us  max>=249.50us
  REMOTE (miss/rpc)  n=22150431   mean=   22.75us  p50=  24.00us  p90=  35.00us  p99=  41.00us  p99.9=  45.50us  max>=923.00us

----- 500 ns bucket CDF (all ops) [node 0] -----
  bucket [lo,hi) ns             count        pct       cdf
  [     2000,     2500)          252    0.0009%   0.0009%
  [     2500,     3000)       146147    0.4937%   0.4946%
  [     3000,     3500)      1162527    3.9273%   4.4218%
  [     3500,     4000)      2774308    9.3722%  13.7941%
  [     4000,     4500)      2486755    8.4008%  22.1949%
  [     4500,     5000)       732689    2.4752%  24.6700%
  [     5000,     5500)        97116    0.3281%  24.9981%
  [     5500,     6000)        15569    0.0526%  25.0507%
  [     6000,     6500)         4785    0.0162%  25.0669%
  [     6500,     7000)         5153    0.0174%  25.0843%
  [     7000,     7500)         7405    0.0250%  25.1093%
  [     7500,     8000)        13092    0.0442%  25.1535%
  [     8000,     8500)        47796    0.1615%  25.3150%
  [     8500,     9000)       166932    0.5639%  25.8789%
  [     9000,     9500)       386756    1.3065%  27.1855%
  [     9500,    10000)       620817    2.0973%  29.2827%
  [    10000,    10500)       762121    2.5746%  31.8573%
  [    10500,    11000)       800795    2.7053%  34.5626%
  [    11000,    11500)       788423    2.6635%  37.2261%
  [    11500,    12000)       739666    2.4988%  39.7248%
  [    12000,    12500)       659546    2.2281%  41.9529%
  [    12500,    13000)       547879    1.8509%  43.8038%
  [    13000,    13500)       433724    1.4652%  45.2690%
  [    13500,    14000)       341994    1.1553%  46.4243%
  [    14000,    14500)       278991    0.9425%  47.3668%
  [    14500,    15000)       242943    0.8207%  48.1875%
  [    15000,    15500)       226435    0.7649%  48.9525%
  [    15500,    16000)       221574    0.7485%  49.7010%
  [    16000,    16500)       213803    0.7223%  50.4233%
  [    16500,    17000)       207837    0.7021%  51.1254%
  [    17000,    17500)       198395    0.6702%  51.7956%
  [    17500,    18000)       189432    0.6399%  52.4355%
  [    18000,    18500)       178429    0.6028%  53.0383%
  [    18500,    19000)       175821    0.5940%  53.6323%
  [    19000,    19500)       191083    0.6455%  54.2778%
  [    19500,    20000)       226966    0.7667%  55.0445%
  [    20000,    20500)       271546    0.9173%  55.9619%
  [    20500,    21000)       304495    1.0287%  56.9905%
  [    21000,    21500)       316924    1.0706%  58.0612%
  [    21500,    22000)       309408    1.0452%  59.1064%
  [    22000,    22500)       296681    1.0023%  60.1087%
  [    22500,    23000)       289446    0.9778%  61.0865%
  [    23000,    23500)       298011    1.0067%  62.0932%
  [    23500,    24000)       311652    1.0528%  63.1460%
  [    24000,    24500)       337071    1.1387%  64.2847%
  [    24500,    25000)       363067    1.2265%  65.5113%
  [    25000,    25500)       384052    1.2974%  66.8087%
  [    25500,    26000)       394686    1.3333%  68.1420%
  [    26000,    26500)       397971    1.3444%  69.4864%
  [    26500,    27000)       395443    1.3359%  70.8223%
  [    27000,    27500)       398567    1.3464%  72.1688%
  [    27500,    28000)       415302    1.4030%  73.5718%
  [    28000,    28500)       445233    1.5041%  75.0759%
  [    28500,    29000)       482680    1.6306%  76.7065%
  [    29000,    29500)       513618    1.7351%  78.4416%
  [    29500,    30000)       524980    1.7735%  80.2151%
  [    30000,    30500)       515789    1.7424%  81.9575%
  [    30500,    31000)       491290    1.6597%  83.6172%
  [    31000,    31500)       460492    1.5556%  85.1728%
  [    31500,    32000)       417669    1.4110%  86.5838%
  [    32000,    32500)       382804    1.2932%  87.8770%
  [    32500,    33000)       360171    1.2167%  89.0937%
  [    33000,    33500)       344159    1.1626%  90.2564%
  [    33500,    34000)       331664    1.1204%  91.3768%
  [    34000,    34500)       318592    1.0763%  92.4531%
  [    34500,    35000)       299392    1.0114%  93.4645%
  [    35000,    35500)       275512    0.9307%  94.3952%
  [    35500,    36000)       247837    0.8372%  95.2325%
  [    36000,    36500)       217983    0.7364%  95.9689%
  [    36500,    37000)       189924    0.6416%  96.6105%
  [    37000,    37500)       166460    0.5623%  97.1728%
  [    37500,    38000)       143286    0.4841%  97.6569%
  [    38000,    38500)       123780    0.4182%  98.0750%
  [    38500,    39000)       104699    0.3537%  98.4287%
  [    39000,    39500)        89491    0.3023%  98.7311%
  [    39500,    40000)        75582    0.2553%  98.9864%
  [    40000,    40500)        62001    0.2095%  99.1958%
  [    40500,    41000)        50526    0.1707%  99.3665%
  [    41000,    41500)        40565    0.1370%  99.5036%
  [    41500,    42000)        32248    0.1089%  99.6125%
  [    42000,    42500)        25689    0.0868%  99.6993%
  [    42500,    43000)        19997    0.0676%  99.7668%
  [    43000,    43500)        15442    0.0522%  99.8190%
  [    43500,    44000)        11975    0.0405%  99.8595%
  [    44000,    44500)         9166    0.0310%  99.8904%
  [    44500,    45000)         7061    0.0239%  99.9143%
  [    45000,    45500)         5315    0.0180%  99.9322%
  [    45500,    46000)         4015    0.0136%  99.9458%
  [    46000,    46500)         3140    0.0106%  99.9564%
  [    46500,    47000)         2387    0.0081%  99.9645%
  [    47000,    47500)         1690    0.0057%  99.9702%
  [    47500,    48000)         1294    0.0044%  99.9746%
  [    48000,    48500)          876    0.0030%  99.9775%
  [    48500,    49000)          667    0.0023%  99.9798%
  [    49000,    49500)          499    0.0017%  99.9815%
  [    49500,    50000)          399    0.0013%  99.9828%
  [    50000,    50500)          293    0.0010%  99.9838%
  [    50500,    51000)          250    0.0008%  99.9846%
  [    51000,    51500)          203    0.0007%  99.9853%
  [    51500,    52000)          136    0.0005%  99.9858%
  [    52000,    52500)          116    0.0004%  99.9862%
  [    52500,    53000)           83    0.0003%  99.9864%
  [    53000,    53500)           88    0.0003%  99.9867%
  [    53500,    54000)           77    0.0003%  99.9870%
  [    54000,    54500)           68    0.0002%  99.9872%
  [    54500,    55000)           35    0.0001%  99.9874%
  [    55000,    55500)           52    0.0002%  99.9875%
  [    55500,    56000)           39    0.0001%  99.9877%
  [    56000,    56500)           33    0.0001%  99.9878%
  [    56500,    57000)           36    0.0001%  99.9879%
  [    57000,    57500)           44    0.0001%  99.9880%
  [    57500,    58000)           33    0.0001%  99.9882%
  [    58000,    58500)           22    0.0001%  99.9882%
  [    58500,    59000)           44    0.0001%  99.9884%
  [    59000,    59500)           29    0.0001%  99.9885%
  [    59500,    60000)           40    0.0001%  99.9886%
  [    60000,    60500)           22    0.0001%  99.9887%
  [    60500,    61000)           21    0.0001%  99.9888%
  [    61000,    61500)           23    0.0001%  99.9888%
  [    61500,    62000)           27    0.0001%  99.9889%
  [    62000,    62500)           31    0.0001%  99.9890%
  [    62500,    63000)           32    0.0001%  99.9891%
  [    63000,    63500)           32    0.0001%  99.9892%
  [    63500,    64000)           20    0.0001%  99.9893%
  [    64000,    64500)           20    0.0001%  99.9894%
  [    64500,    65000)           29    0.0001%  99.9895%
  [    65000,    65500)           30    0.0001%  99.9896%
  [    65500,    66000)           24    0.0001%  99.9897%
  [    66000,    66500)           32    0.0001%  99.9898%
  [    66500,    67000)           40    0.0001%  99.9899%
  [    67000,    67500)           21    0.0001%  99.9900%
  [    67500,    68000)           25    0.0001%  99.9901%
  [    68000,    68500)           25    0.0001%  99.9901%
  [    68500,    69000)           29    0.0001%  99.9902%
  [    69000,    69500)           22    0.0001%  99.9903%
  [    69500,    70000)           22    0.0001%  99.9904%
  [    70000,    70500)           22    0.0001%  99.9905%
  [    70500,    71000)           21    0.0001%  99.9905%
  [    71000,    71500)           25    0.0001%  99.9906%
  [    71500,    72000)           21    0.0001%  99.9907%
  [    72000,    72500)           14    0.0000%  99.9907%
  [    72500,    73000)           22    0.0001%  99.9908%
  [    73000,    73500)           33    0.0001%  99.9909%
  [    73500,    74000)           24    0.0001%  99.9910%
  [    74000,    74500)           22    0.0001%  99.9911%
  [    74500,    75000)           33    0.0001%  99.9912%
  [    75000,    75500)           19    0.0001%  99.9913%
  [    75500,    76000)           20    0.0001%  99.9913%
  [    76000,    76500)           23    0.0001%  99.9914%
  [    76500,    77000)           22    0.0001%  99.9915%
  [    77000,    77500)           26    0.0001%  99.9916%
  [    77500,    78000)           28    0.0001%  99.9917%
  [    78000,    78500)           25    0.0001%  99.9917%
  [    78500,    79000)           16    0.0001%  99.9918%
  [    79000,    79500)           16    0.0001%  99.9919%
  [    79500,    80000)           16    0.0001%  99.9919%
  [    80000,    80500)           28    0.0001%  99.9920%
  [    80500,    81000)           15    0.0001%  99.9921%
  [    81000,    81500)           17    0.0001%  99.9921%
  [    81500,    82000)           20    0.0001%  99.9922%
  [    82000,    82500)           21    0.0001%  99.9922%
  [    82500,    83000)           26    0.0001%  99.9923%
  [    83000,    83500)           19    0.0001%  99.9924%
  [    83500,    84000)           20    0.0001%  99.9925%
  [    84000,    84500)           23    0.0001%  99.9925%
  [    84500,    85000)           28    0.0001%  99.9926%
  [    85000,    85500)           17    0.0001%  99.9927%
  [    85500,    86000)           18    0.0001%  99.9928%
  [    86000,    86500)           20    0.0001%  99.9928%
  [    86500,    87000)           24    0.0001%  99.9929%
  [    87000,    87500)           18    0.0001%  99.9930%
  [    87500,    88000)           13    0.0000%  99.9930%
  [    88000,    88500)           16    0.0001%  99.9931%
  [    88500,    89000)           30    0.0001%  99.9932%
  [    89000,    89500)           29    0.0001%  99.9933%
  [    89500,    90000)           22    0.0001%  99.9933%
  [    90000,    90500)           22    0.0001%  99.9934%
  [    90500,    91000)           27    0.0001%  99.9935%
  [    91000,    91500)           20    0.0001%  99.9936%
  [    91500,    92000)           27    0.0001%  99.9937%
  [    92000,    92500)           15    0.0001%  99.9937%
  [    92500,    93000)           13    0.0000%  99.9938%
  [    93000,    93500)           15    0.0001%  99.9938%
  [    93500,    94000)           20    0.0001%  99.9939%
  [    94000,    94500)           20    0.0001%  99.9939%
  [    94500,    95000)           29    0.0001%  99.9940%
  [    95000,    95500)           31    0.0001%  99.9941%
  [    95500,    96000)           28    0.0001%  99.9942%
  [    96000,    96500)           22    0.0001%  99.9943%
  [    96500,    97000)           26    0.0001%  99.9944%
  [    97000,    97500)           28    0.0001%  99.9945%
  [    97500,    98000)           25    0.0001%  99.9946%
  [    98000,    98500)           21    0.0001%  99.9947%
  [    98500,    99000)           21    0.0001%  99.9947%
  [    99000,    99500)           28    0.0001%  99.9948%
  [    99500,   100000)           22    0.0001%  99.9949%
  [   100000,   100500)           18    0.0001%  99.9950%
  [   100500,   101000)           25    0.0001%  99.9950%
  [   101000,   101500)           19    0.0001%  99.9951%
  [   101500,   102000)           23    0.0001%  99.9952%
  [   102000,   102500)           15    0.0001%  99.9952%
  [   102500,   103000)           27    0.0001%  99.9953%
  [   103000,   103500)           28    0.0001%  99.9954%
  [   103500,   104000)           19    0.0001%  99.9955%
  [   104000,   104500)           21    0.0001%  99.9956%
  [   104500,   105000)           17    0.0001%  99.9956%
  [   105000,   105500)           21    0.0001%  99.9957%
  [   105500,   106000)           23    0.0001%  99.9958%
  [   106000,   106500)           28    0.0001%  99.9959%
  [   106500,   107000)           12    0.0000%  99.9959%
  [   107000,   107500)           19    0.0001%  99.9960%
  [   107500,   108000)           18    0.0001%  99.9960%
  [   108000,   108500)           12    0.0000%  99.9961%
  [   108500,   109000)           19    0.0001%  99.9961%
  [   109000,   109500)           22    0.0001%  99.9962%
  [   109500,   110000)           19    0.0001%  99.9963%
  [   110000,   110500)           17    0.0001%  99.9963%
  [   110500,   111000)           14    0.0000%  99.9964%
  [   111000,   111500)           11    0.0000%  99.9964%
  [   111500,   112000)           18    0.0001%  99.9965%
  [   112000,   112500)           19    0.0001%  99.9965%
  [   112500,   113000)           18    0.0001%  99.9966%
  [   113000,   113500)           14    0.0000%  99.9966%
  [   113500,   114000)           19    0.0001%  99.9967%
  [   114000,   114500)           19    0.0001%  99.9968%
  [   114500,   115000)           15    0.0001%  99.9968%
  [   115000,   115500)           21    0.0001%  99.9969%
  [   115500,   116000)           16    0.0001%  99.9969%
  [   116000,   116500)           18    0.0001%  99.9970%
  [   116500,   117000)           19    0.0001%  99.9971%
  [   117000,   117500)           19    0.0001%  99.9971%
  [   117500,   118000)           20    0.0001%  99.9972%
  [   118000,   118500)           23    0.0001%  99.9973%
  [   118500,   119000)           14    0.0000%  99.9973%
  [   119000,   119500)           16    0.0001%  99.9974%
  [   119500,   120000)           18    0.0001%  99.9974%
  [   120000,   120500)            9    0.0000%  99.9975%
  [   120500,   121000)           15    0.0001%  99.9975%
  [   121000,   121500)           17    0.0001%  99.9976%
  [   121500,   122000)           14    0.0000%  99.9976%
  [   122000,   122500)            8    0.0000%  99.9976%
  [   122500,   123000)           19    0.0001%  99.9977%
  [   123000,   123500)           12    0.0000%  99.9978%
  [   123500,   124000)           15    0.0001%  99.9978%
  [   124000,   124500)           14    0.0000%  99.9979%
  [   124500,   125000)            7    0.0000%  99.9979%
  [   125000,   125500)           11    0.0000%  99.9979%
  [   125500,   126000)            6    0.0000%  99.9979%
  [   126000,   126500)           17    0.0001%  99.9980%
  [   126500,   127000)           13    0.0000%  99.9980%
  [   127000,   127500)           12    0.0000%  99.9981%
  [   127500,   128000)           12    0.0000%  99.9981%
  [   128000,   128500)           16    0.0001%  99.9982%
  [   128500,   129000)           13    0.0000%  99.9982%
  [   129000,   129500)           13    0.0000%  99.9983%
  [   129500,   130000)           14    0.0000%  99.9983%
  [   130000,   130500)           11    0.0000%  99.9983%
  [   130500,   131000)           13    0.0000%  99.9984%
  [   131000,   131500)            9    0.0000%  99.9984%
  [   131500,   132000)           13    0.0000%  99.9985%
  [   132000,   132500)           12    0.0000%  99.9985%
  [   132500,   133000)            7    0.0000%  99.9985%
  [   133000,   133500)            3    0.0000%  99.9985%
  [   133500,   134000)           12    0.0000%  99.9986%
  [   134000,   134500)           12    0.0000%  99.9986%
  [   134500,   135000)           13    0.0000%  99.9987%
  [   135000,   135500)           13    0.0000%  99.9987%
  [   135500,   136000)           11    0.0000%  99.9987%
  [   136000,   136500)            4    0.0000%  99.9988%
  [   136500,   137000)            6    0.0000%  99.9988%
  [   137000,   137500)            7    0.0000%  99.9988%
  [   137500,   138000)           10    0.0000%  99.9988%
  [   138000,   138500)            6    0.0000%  99.9989%
  [   138500,   139000)            8    0.0000%  99.9989%
  [   139000,   139500)            6    0.0000%  99.9989%
  [   139500,   140000)            8    0.0000%  99.9989%
  [   140000,   140500)            7    0.0000%  99.9989%
  [   140500,   141000)            9    0.0000%  99.9990%
  [   141000,   141500)            7    0.0000%  99.9990%
  [   141500,   142000)            6    0.0000%  99.9990%
  [   142000,   142500)            4    0.0000%  99.9990%
  [   142500,   143000)            7    0.0000%  99.9991%
  [   143000,   143500)            6    0.0000%  99.9991%
  [   143500,   144000)            4    0.0000%  99.9991%
  [   144000,   144500)            9    0.0000%  99.9991%
  [   144500,   145000)            8    0.0000%  99.9992%
  [   145000,   145500)            9    0.0000%  99.9992%
  [   145500,   146000)            4    0.0000%  99.9992%
  [   146000,   146500)           10    0.0000%  99.9992%
  [   146500,   147000)            4    0.0000%  99.9992%
  [   147000,   147500)            4    0.0000%  99.9993%
  [   147500,   148000)            7    0.0000%  99.9993%
  [   148000,   148500)            6    0.0000%  99.9993%
  [   148500,   149000)            3    0.0000%  99.9993%
  [   149000,   149500)            6    0.0000%  99.9993%
  [   149500,   150000)            4    0.0000%  99.9993%
  [   150000,   150500)            6    0.0000%  99.9994%
  [   150500,   151000)            2    0.0000%  99.9994%
  [   151000,   151500)            3    0.0000%  99.9994%
  [   151500,   152000)            5    0.0000%  99.9994%
  [   152000,   152500)            2    0.0000%  99.9994%
  [   152500,   153000)            5    0.0000%  99.9994%
  [   153000,   153500)            1    0.0000%  99.9994%
  [   153500,   154000)            4    0.0000%  99.9994%
  [   154000,   154500)            1    0.0000%  99.9994%
  [   154500,   155000)            7    0.0000%  99.9995%
  [   155000,   155500)            3    0.0000%  99.9995%
  [   155500,   156000)            5    0.0000%  99.9995%
  [   156000,   156500)            1    0.0000%  99.9995%
  [   156500,   157000)            2    0.0000%  99.9995%
  [   157000,   157500)            2    0.0000%  99.9995%
  [   158000,   158500)            2    0.0000%  99.9995%
  [   158500,   159000)            3    0.0000%  99.9995%
  [   159000,   159500)            2    0.0000%  99.9995%
  [   159500,   160000)            2    0.0000%  99.9995%
  [   160000,   160500)            2    0.0000%  99.9995%
  [   161000,   161500)            4    0.0000%  99.9996%
  [   161500,   162000)            1    0.0000%  99.9996%
  [   162500,   163000)            1    0.0000%  99.9996%
  [   163000,   163500)            2    0.0000%  99.9996%
  [   163500,   164000)            2    0.0000%  99.9996%
  [   164000,   164500)            2    0.0000%  99.9996%
  [   164500,   165000)            2    0.0000%  99.9996%
  [   166000,   166500)            3    0.0000%  99.9996%
  [   166500,   167000)            2    0.0000%  99.9996%
  [   167500,   168000)            2    0.0000%  99.9996%
  [   168000,   168500)            1    0.0000%  99.9996%
  [   168500,   169000)            1    0.0000%  99.9996%
  [   169000,   169500)            2    0.0000%  99.9996%
  [   169500,   170000)            1    0.0000%  99.9996%
  [   170500,   171000)            1    0.0000%  99.9996%
  [   171000,   171500)            2    0.0000%  99.9996%
  [   171500,   172000)            1    0.0000%  99.9996%
  [   172000,   172500)            2    0.0000%  99.9997%
  [   172500,   173000)            1    0.0000%  99.9997%
  [   173000,   173500)            1    0.0000%  99.9997%
  [   174500,   175000)            2    0.0000%  99.9997%
  [   175000,   175500)            2    0.0000%  99.9997%
  [   176500,   177000)            1    0.0000%  99.9997%
  [   177000,   177500)            1    0.0000%  99.9997%
  [   178000,   178500)            2    0.0000%  99.9997%
  [   179500,   180000)            3    0.0000%  99.9997%
  [   180000,   180500)            1    0.0000%  99.9997%
  [   180500,   181000)            2    0.0000%  99.9997%
  [   183500,   184000)            1    0.0000%  99.9997%
  [   184500,   185000)            2    0.0000%  99.9997%
  [   186000,   186500)            2    0.0000%  99.9997%
  [   187500,   188000)            1    0.0000%  99.9997%
  [   191000,   191500)            1    0.0000%  99.9997%
  [   192500,   193000)            1    0.0000%  99.9997%
  [   193000,   193500)            1    0.0000%  99.9997%
  [   194500,   195000)            1    0.0000%  99.9997%
  [   197000,   197500)            1    0.0000%  99.9997%
  [   198000,   198500)            1    0.0000%  99.9998%
  [   201500,   202000)            1    0.0000%  99.9998%
  [   217000,   217500)            1    0.0000%  99.9998%
  [   226500,   227000)            1    0.0000%  99.9998%
  [   233000,   233500)            1    0.0000%  99.9998%
  [   234000,   234500)            1    0.0000%  99.9998%
  [   234500,   235000)            1    0.0000%  99.9998%
  [   235000,   235500)            1    0.0000%  99.9998%
  [   241000,   241500)            1    0.0000%  99.9998%
  [   242000,   242500)            1    0.0000%  99.9998%
  [   242500,   243000)            1    0.0000%  99.9998%
  [   246500,   247000)            1    0.0000%  99.9998%
  [   249000,   249500)            1    0.0000%  99.9998%
  [   250000,   250500)            1    0.0000%  99.9998%
  [   252000,   252500)            2    0.0000%  99.9998%
  [   257000,   257500)            1    0.0000%  99.9998%
  [   260000,   260500)            1    0.0000%  99.9998%
  [   264500,   265000)            1    0.0000%  99.9998%
  [   265500,   266000)            1    0.0000%  99.9998%
  [   268000,   268500)            1    0.0000%  99.9998%
  [   270000,   270500)            1    0.0000%  99.9998%
  [   271500,   272000)            1    0.0000%  99.9998%
  [   277000,   277500)            1    0.0000%  99.9998%
  [   278000,   278500)            1    0.0000%  99.9998%
  [   280500,   281000)            2    0.0000%  99.9998%
  [   281000,   281500)            1    0.0000%  99.9998%
  [   283000,   283500)            1    0.0000%  99.9998%
  [   284500,   285000)            1    0.0000%  99.9998%
  [   287000,   287500)            1    0.0000%  99.9999%
  [   288500,   289000)            3    0.0000%  99.9999%
  [   289000,   289500)            1    0.0000%  99.9999%
  [   292500,   293000)            1    0.0000%  99.9999%
  [   295000,   295500)            1    0.0000%  99.9999%
  [   304500,   305000)            1    0.0000%  99.9999%
  [   316000,   316500)            1    0.0000%  99.9999%
  [   793000,   793500)            1    0.0000%  99.9999%
  [   793500,   794000)            1    0.0000%  99.9999%
  [   804000,   804500)            1    0.0000%  99.9999%
  [   815500,   816000)            1    0.0000%  99.9999%
  [   816500,   817000)            1    0.0000%  99.9999%
  [   826500,   827000)            1    0.0000%  99.9999%
  [   833000,   833500)            1    0.0000%  99.9999%
  [   835000,   835500)            1    0.0000%  99.9999%
  [   837000,   837500)            1    0.0000%  99.9999%
  [   842500,   843000)            1    0.0000%  99.9999%
  [   844000,   844500)            1    0.0000%  99.9999%
  [   844500,   845000)            1    0.0000%  99.9999%
  [   848500,   849000)            1    0.0000%  99.9999%
  [   854000,   854500)            1    0.0000%  99.9999%
  [   857500,   858000)            1    0.0000%  99.9999%
  [   866000,   866500)            1    0.0000%  99.9999%
  [   874000,   874500)            1    0.0000%  99.9999%
  [   875000,   875500)            1    0.0000%  99.9999%
  [   877500,   878000)            1    0.0000%  99.9999%
  [   878000,   878500)            1    0.0000%  99.9999%
  [   879500,   880000)            1    0.0000%  99.9999%
  [   883000,   883500)            1    0.0000% 100.0000%
  [   885500,   886000)            1    0.0000% 100.0000%
  [   887000,   887500)            1    0.0000% 100.0000%
  [   889500,   890000)            1    0.0000% 100.0000%
  [   890000,   890500)            1    0.0000% 100.0000%
  [   891000,   891500)            1    0.0000% 100.0000%
  [   891500,   892000)            1    0.0000% 100.0000%
  [   892500,   893000)            1    0.0000% 100.0000%
  [   894000,   894500)            1    0.0000% 100.0000%
  [   894500,   895000)            1    0.0000% 100.0000%
  [   896500,   897000)            1    0.0000% 100.0000%
  [   898500,   899000)            1    0.0000% 100.0000%
  [   900500,   901000)            1    0.0000% 100.0000%
  [   904000,   904500)            1    0.0000% 100.0000%
  [   922500,   923000)            1    0.0000% 100.0000%

----- REMOTE OPERATIONS [node 0] -----
  ops total                = 29601409
  ops local  (cache hit)   = 7450978 (25.17%)
  ops remote (>=1 net op)  = 22150431 (74.83%)
  remote ops total         = 94923643
    rdma read              = 72773213
    rdma write             = 0
    rdma cas               = 0
    rpc pushdown           = 22150430
  remote ops / op          = 3.2067
  remote ops / remote op   = 4.2854

----- OFFLOADED TASKS [node 0] -----
  lookup pushdowns         = 0
  scan    pushdowns (RPC)  = 22150430
    kv pairs returned      = 2190612365
    leaves scanned remotely= 188667124
    kv / scan pushdown     = 98.90
    leaves / scan pushdown = 8.52
  per-thread breakdown (tid: lookups | scans | kv | leaves):
    t0             0 |     610220 |   60341478 |    5197012
    t1             0 |     607468 |   60082926 |    5174413
    t2             0 |     617433 |   61056709 |    5258300
    t3             0 |     607676 |   60097589 |    5175607
    t4             0 |     621690 |   61479841 |    5294580
    t5             0 |     609383 |   60273386 |    5191194
    t6             0 |     618400 |   61161343 |    5268591
    t7             0 |     609719 |   60288812 |    5191888
    t8             0 |     620954 |   61411607 |    5289684
    t9             0 |     610859 |   60411982 |    5203040
    t10            0 |     618784 |   61198690 |    5271185
    t11            0 |     610292 |   60362750 |    5198580
    t12            0 |     621929 |   61511624 |    5297556
    t13            0 |     612521 |   60570852 |    5216413
    t14            0 |     618652 |   61184981 |    5269904
    t15            0 |     606660 |   60003975 |    5168378
    t16            0 |     621140 |   61425418 |    5289520
    t17            0 |     613475 |   60672688 |    5225686
    t18            0 |     620993 |   61405846 |    5287957
    t19            0 |     611058 |   60428364 |    5204151
    t20            0 |     623695 |   61686355 |    5312751
    t21            0 |     613325 |   60658543 |    5224252
    t22            0 |     621412 |   61452234 |    5292645
    t23            0 |     608810 |   60208111 |    5185211
    t24            0 |     620298 |   61348160 |    5283794
    t25            0 |     612842 |   60598016 |    5218948
    t26            0 |     619667 |   61282644 |    5278127
    t27            0 |     609158 |   60250321 |    5189123
    t28            0 |     623455 |   61662375 |    5310615
    t29            0 |     613381 |   60658393 |    5223477
    t30            0 |     623573 |   61674327 |    5311891
    t31            0 |     610960 |   60431606 |    5205066
    t32            0 |     622026 |   61509040 |    5298073
    t33            0 |     612430 |   60567131 |    5216586
    t34            0 |     617376 |   61056088 |    5258515
    t35            0 |     608716 |   60198160 |    5184411

----- PATH-AWARE CACHE MISS RATE [node 0] -----
  node accesses (hit+miss) = 1886570875
  node cache hits          = 1813797904 (96.14%)
  MISS RATE                = 3.8574%  (72772971 / 1886570875)
  inner-node miss          = 50622541 (69.56% of misses, 2.6833% rate)
  leaf-node  miss          = 22150430 (30.44% of misses, 1.1741% rate)
  total miss               = 72772971
  cache writebacks         = 0
=========================================================================

Round 0 (max_throughput): 1.99239 Mops/s
Round 0 (straggler_throughput): 1.99238 Mops/s
Before barrier finish
Avg. rdma read time(ms) = 0
Avg. rdma write time(ms) = -nan
Avg. rdma read / op = 2.45844
Avg. rdma write / op = 0
Avg. rdma cas / op = 0
Avg. rdma rpc / op = 0.74829
Avg. all rdma / op = 3.20673
Avg. rdma read size/ op = 2084.34
Avg. rdma write size / op = 0
Avg. rdma RW size / op = 2084.34
------------------------------------------
Node 0 average throughput = 1.84925
Node 0 total throughput = 1.99239
All CN throughput (Max) = 1.99239
All CN throughput (Straggler) = 1.99238
Final throughput = 1.99238
------------------------------------------
