Compute node count = 1
kNodeCount 2, kReadRatio 100, kInsertRatio 0, kUpdateRatio 0, kDeleteRatio 0, kRangeRatio 0, totalThreadCount 36, memThreadCount 6 cache_size 32, uniform_workload 0, zipfian 0.990000, bulk_load_num 50000000, warmup_num 10000000, op_num 30000000, check_correctness 0, time_based 0, early_stop 1, index 0, rpc_rate 1.000000, admission_rate 0.100000, auto_tune 0
kMaxThread = 36
KeySpace = 50001000
[GEOMETRY] inner_page=160 leaf_page=512 inner_entries=5 leaf_entries=26 slot=512 placement=mn_only
[4mshared memory size: 64GB, 0x7fef77200000[0m
[4mcache size: 2GB[0m
[4mMachine NR: 2[0m
[4mMax_APP_THREAD: 36[0m
[4mNR_DIRECTORY: 16[0m
[4mStart Build the DSMKeeper[0m
I am servers 0 [255.127.0.0]
I connect server 1
[4mdir 0 launch! (core 79 of 80)
[0m
[4mdir 1 launch! (core 78 of 80)
[0m
[4mdir 2 launch! (core 77 of 80)
[0m
[4mdir 3 launch! (core 76 of 80)
[0m
[4mdir 4 launch! (core 39 of 80)
[0m
[4mdir 5 launch! (core 38 of 80)
[0m
CNode 0, left bound = 0, right bound = 18446744073709551615
Pushdown (RPC) Rate: 1
Admission Rate: 0.1
Cache size(MB) = 32
-----Cache initial addr = 0x7fef68400000
page num = 65536
alloc_unit = 512
entry_num: 65536
bucket_num: 21846
Bucket size = 64
entry_num: 6553
bucket_num: 1093
start generating tree
num_partitions = 1
Success: tree root pointer value [1, 67108864]
finish generating tree
Bulkload num in node 0 = 50000000
First key of bulkloading = 7325973
Last key of bulkloading = 26738230
node warmup num = 9999972
kReadRatio =100
insertmark =100
updatemark =100
deletemark =100
rangemark =100

----- REMOTE CPU LOAD (memory node dir-threads, 2s window) -----
  dir 0: active=  0.00%  msgs=0           0 ns/msg
  dir 1: active=  0.00%  msgs=0           0 ns/msg
  dir 2: active=  0.00%  msgs=0           0 ns/msg
  dir 3: active=  0.00%  msgs=0           0 ns/msg
  dir 4: active=  0.00%  msgs=0           0 ns/msg
  dir 5: active=  0.00%  msgs=0           0 ns/msg
  AGGREGATE active = 0.00% (of 6 dir-threads; 0.00% per-thread avg)  msgs=0
[CPU compute ] process=  8.75% of 80 cores   system=  8.76%   (window 2s)
Finish warmup workload generation

----- REMOTE CPU LOAD (memory node dir-threads, 2s window) -----
  dir 0: active=  0.00%  msgs=0           0 ns/msg
  dir 1: active=  0.00%  msgs=0           0 ns/msg
  dir 2: active=  0.00%  msgs=0           0 ns/msg
  dir 3: active=  0.00%  msgs=0           0 ns/msg
  dir 4: active=  0.00%  msgs=0           0 ns/msg
  dir 5: active=  0.00%  msgs=0           0 ns/msg
  AGGREGATE active = 0.00% (of 6 dir-threads; 0.00% per-thread avg)  msgs=0
[CPU compute ] process=  8.75% of 80 cores   system=  8.76%   (window 2s)

----- REMOTE CPU LOAD (memory node dir-threads, 2s window) -----
  dir 0: active=  0.00%  msgs=0           0 ns/msg
  dir 1: active=  0.00%  msgs=0           0 ns/msg
  dir 2: active=  0.00%  msgs=0           0 ns/msg
  dir 3: active=  0.00%  msgs=0           0 ns/msg
  dir 4: active=  0.00%  msgs=0           0 ns/msg
  dir 5: active=  0.00%  msgs=0           0 ns/msg
  AGGREGATE active = 0.00% (of 6 dir-threads; 0.00% per-thread avg)  msgs=0
[CPU compute ] process=  8.75% of 80 cores   system=  8.76%   (window 2s)

----- REMOTE CPU LOAD (memory node dir-threads, 2s window) -----
  dir 0: active=  0.00%  msgs=0           0 ns/msg
  dir 1: active=  0.00%  msgs=0           0 ns/msg
  dir 2: active=  0.00%  msgs=0           0 ns/msg
  dir 3: active=  0.00%  msgs=0           0 ns/msg
  dir 4: active=  0.00%  msgs=0           0 ns/msg
  dir 5: active=  0.00%  msgs=0           0 ns/msg
  AGGREGATE active = 0.00% (of 6 dir-threads; 0.00% per-thread avg)  msgs=0
[CPU compute ] process=  8.75% of 80 cores   system=  8.76%   (window 2s)
node op_num = 29999988
Finish all workload generation

----- REMOTE CPU LOAD (memory node dir-threads, 2s window) -----
  dir 0: active=  0.00%  msgs=0           0 ns/msg
  dir 1: active=  0.00%  msgs=0           0 ns/msg
  dir 2: active=  0.00%  msgs=0           0 ns/msg
  dir 3: active=  0.00%  msgs=0           0 ns/msg
  dir 4: active=  0.00%  msgs=0           0 ns/msg
  dir 5: active=  0.00%  msgs=0           0 ns/msg
  AGGREGATE active = 0.00% (of 6 dir-threads; 0.00% per-thread avg)  msgs=0
[CPU compute ] process=  8.75% of 80 cores   system= 10.71%   (window 2s)

----- REMOTE CPU LOAD (memory node dir-threads, 2s window) -----
  dir 0: active=  0.00%  msgs=0           0 ns/msg
  dir 1: active=  0.00%  msgs=0           0 ns/msg
  dir 2: active=  0.00%  msgs=0           0 ns/msg
  dir 3: active=  0.00%  msgs=0           0 ns/msg
  dir 4: active=  0.00%  msgs=0           0 ns/msg
  dir 5: active=  0.00%  msgs=0           0 ns/msg
  AGGREGATE active = 0.00% (of 6 dir-threads; 0.00% per-thread avg)  msgs=0
[CPU compute ] process=  8.75% of 80 cores   system=  8.76%   (window 2s)

----- REMOTE CPU LOAD (memory node dir-threads, 2s window) -----
  dir 0: active=  0.00%  msgs=0           0 ns/msg
  dir 1: active=  0.00%  msgs=0           0 ns/msg
  dir 2: active=  0.00%  msgs=0           0 ns/msg
  dir 3: active=  0.00%  msgs=0           0 ns/msg
  dir 4: active=  0.00%  msgs=0           0 ns/msg
  dir 5: active=  0.00%  msgs=0           0 ns/msg
  AGGREGATE active = 0.00% (of 6 dir-threads; 0.00% per-thread avg)  msgs=0
[CPU compute ] process=  8.75% of 80 cores   system=  8.76%   (window 2s)
Fetched new height = 1
Success: tree root pointer value [1, 67109888]
Height = 2
Success: tree root pointer value [1, 67112448]
Height = 3
Success: tree root pointer value [1, 67118080]
Height = 4
Success: tree root pointer value [1, 67129856]
Height = 5
Success: tree root pointer value [1, 67153920]
Height = 6
Success: tree root pointer value [1, 67202560]
Height = 7
Success: tree root pointer value [1, 67300352]
Height = 8
Success: tree root pointer value [1, 67496448]
Height = 9
Success: tree root pointer value [1, 67889152]
Height = 10
Success: tree root pointer value [1, 68675072]
Height = 11
Success: tree root pointer value [1, 70247424]
Height = 12
Success: tree root pointer value [1, 73392640]
Height = 13
Success: tree root pointer value [1, 79683584]
Height = 14
Success: tree root pointer value [1, 92265984]
Height = 15
entering dynamic phase
Success: tree root pointer value [1, 11537123498]
Height = 16

----- REMOTE CPU LOAD (memory node dir-threads, 2s window) -----
  dir 0: active=  0.00%  msgs=0           0 ns/msg
  dir 1: active=  0.00%  msgs=0           0 ns/msg
  dir 2: active=  0.00%  msgs=0           0 ns/msg
  dir 3: active=  0.00%  msgs=0           0 ns/msg
  dir 4: active=  0.00%  msgs=0           0 ns/msg
  dir 5: active=  0.00%  msgs=0           0 ns/msg
  AGGREGATE active = 0.00% (of 6 dir-threads; 0.00% per-thread avg)  msgs=0
[CPU compute ] process=  8.75% of 80 cores   system=  8.77%   (window 2s)
Success: tree root pointer value [1, 23007146836]
Height = 17
Success: tree root pointer value [1, 57366886226]
Height = 18

----- REMOTE CPU LOAD (memory node dir-threads, 2s window) -----
  dir 0: active=  0.00%  msgs=0           0 ns/msg
  dir 1: active=  0.00%  msgs=0           0 ns/msg
  dir 2: active=  0.00%  msgs=0           0 ns/msg
  dir 3: active=  0.00%  msgs=0           0 ns/msg
  dir 4: active=  0.00%  msgs=0           0 ns/msg
  dir 5: active=  0.00%  msgs=0           0 ns/msg
  AGGREGATE active = 0.00% (of 6 dir-threads; 0.00% per-thread avg)  msgs=0
[CPU compute ] process=  8.75% of 80 cores   system=  8.75%   (window 2s)

----- REMOTE CPU LOAD (memory node dir-threads, 2s window) -----
  dir 0: active=  0.00%  msgs=0           0 ns/msg
  dir 1: active=  0.00%  msgs=0           0 ns/msg
  dir 2: active=  0.00%  msgs=0           0 ns/msg
  dir 3: active=  0.00%  msgs=0           0 ns/msg
  dir 4: active=  0.00%  msgs=0           0 ns/msg
  dir 5: active=  0.00%  msgs=0           0 ns/msg
  AGGREGATE active = 0.00% (of 6 dir-threads; 0.00% per-thread avg)  msgs=0
[CPU compute ] process=  8.76% of 80 cores   system= 10.82%   (window 2s)
Success: tree root pointer value [1, 57400443218]
Height = 19

----- REMOTE CPU LOAD (memory node dir-threads, 2s window) -----
  dir 0: active=  0.00%  msgs=0           0 ns/msg
  dir 1: active=  0.00%  msgs=0           0 ns/msg
  dir 2: active=  0.00%  msgs=0           0 ns/msg
  dir 3: active=  0.00%  msgs=0           0 ns/msg
  dir 4: active=  0.00%  msgs=0           0 ns/msg
  dir 5: active=  0.00%  msgs=0           0 ns/msg
  AGGREGATE active = 0.00% (of 6 dir-threads; 0.00% per-thread avg)  msgs=0
[CPU compute ] process=  8.75% of 80 cores   system=  8.76%   (window 2s)

----- REMOTE CPU LOAD (memory node dir-threads, 2s window) -----
  dir 0: active=  0.00%  msgs=0           0 ns/msg
  dir 1: active=  0.00%  msgs=0           0 ns/msg
  dir 2: active=  0.00%  msgs=0           0 ns/msg
  dir 3: active=  0.00%  msgs=0           0 ns/msg
  dir 4: active=  0.00%  msgs=0           0 ns/msg
  dir 5: active=  0.00%  msgs=0           0 ns/msg
  AGGREGATE active = 0.00% (of 6 dir-threads; 0.00% per-thread avg)  msgs=0
[CPU compute ] process=  8.75% of 80 cores   system=  8.76%   (window 2s)
Success: tree root pointer value [1, 201327616]
Height = 20

----- REMOTE CPU LOAD (memory node dir-threads, 2s window) -----
  dir 0: active=  0.00%  msgs=0           0 ns/msg
  dir 1: active=  0.00%  msgs=0           0 ns/msg
  dir 2: active=  0.00%  msgs=0           0 ns/msg
  dir 3: active=  0.00%  msgs=0           0 ns/msg
  dir 4: active=  0.00%  msgs=0           0 ns/msg
  dir 5: active=  0.00%  msgs=0           0 ns/msg
  AGGREGATE active = 0.00% (of 6 dir-threads; 0.00% per-thread avg)  msgs=0
[CPU compute ] process=  8.75% of 80 cores   system=  8.75%   (window 2s)

----- REMOTE CPU LOAD (memory node dir-threads, 2s window) -----
  dir 0: active=  0.00%  msgs=0           0 ns/msg
  dir 1: active=  0.00%  msgs=0           0 ns/msg
  dir 2: active=  0.00%  msgs=0           0 ns/msg
  dir 3: active=  0.00%  msgs=0           0 ns/msg
  dir 4: active=  0.00%  msgs=0           0 ns/msg
  dir 5: active=  0.00%  msgs=0           0 ns/msg
  AGGREGATE active = 0.00% (of 6 dir-threads; 0.00% per-thread avg)  msgs=0
[CPU compute ] process=  8.75% of 80 cores   system=  8.76%   (window 2s)

----- REMOTE CPU LOAD (memory node dir-threads, 2s window) -----
  dir 0: active=  0.00%  msgs=0           0 ns/msg
  dir 1: active=  0.00%  msgs=0           0 ns/msg
  dir 2: active=  0.00%  msgs=0           0 ns/msg
  dir 3: active=  0.00%  msgs=0           0 ns/msg
  dir 4: active=  0.00%  msgs=0           0 ns/msg
  dir 5: active=  0.00%  msgs=0           0 ns/msg
  AGGREGATE active = 0.00% (of 6 dir-threads; 0.00% per-thread avg)  msgs=0
[CPU compute ] process=  8.74% of 80 cores   system= 10.72%   (window 2s)

----- REMOTE CPU LOAD (memory node dir-threads, 2s window) -----
  dir 0: active=  0.00%  msgs=0           0 ns/msg
  dir 1: active=  0.00%  msgs=0           0 ns/msg
  dir 2: active=  0.00%  msgs=0           0 ns/msg
  dir 3: active=  0.00%  msgs=0           0 ns/msg
  dir 4: active=  0.00%  msgs=0           0 ns/msg
  dir 5: active=  0.00%  msgs=0           0 ns/msg
  AGGREGATE active = 0.00% (of 6 dir-threads; 0.00% per-thread avg)  msgs=0
[CPU compute ] process=  8.75% of 80 cores   system=  8.76%   (window 2s)

----- REMOTE CPU LOAD (memory node dir-threads, 2s window) -----
  dir 0: active=  0.00%  msgs=0           0 ns/msg
  dir 1: active=  0.00%  msgs=0           0 ns/msg
  dir 2: active=  0.00%  msgs=0           0 ns/msg
  dir 3: active=  0.00%  msgs=0           0 ns/msg
  dir 4: active=  0.00%  msgs=0           0 ns/msg
  dir 5: active=  0.00%  msgs=0           0 ns/msg
  AGGREGATE active = 0.00% (of 6 dir-threads; 0.00% per-thread avg)  msgs=0
[CPU compute ] process=  8.75% of 80 cores   system=  8.75%   (window 2s)

----- REMOTE CPU LOAD (memory node dir-threads, 2s window) -----
  dir 0: active=  0.00%  msgs=0           0 ns/msg
  dir 1: active=  0.00%  msgs=0           0 ns/msg
  dir 2: active=  0.00%  msgs=0           0 ns/msg
  dir 3: active=  0.00%  msgs=0           0 ns/msg
  dir 4: active=  0.00%  msgs=0           0 ns/msg
  dir 5: active=  0.00%  msgs=0           0 ns/msg
  AGGREGATE active = 0.00% (of 6 dir-threads; 0.00% per-thread avg)  msgs=0
[CPU compute ] process=  8.75% of 80 cores   system=  8.76%   (window 2s)
Success: tree root pointer value [1, 335557120]
Height = 21

----- REMOTE CPU LOAD (memory node dir-threads, 2s window) -----
  dir 0: active=  0.00%  msgs=0           0 ns/msg
  dir 1: active=  0.00%  msgs=0           0 ns/msg
  dir 2: active=  0.00%  msgs=0           0 ns/msg
  dir 3: active=  0.00%  msgs=0           0 ns/msg
  dir 4: active=  0.00%  msgs=0           0 ns/msg
  dir 5: active=  0.00%  msgs=0           0 ns/msg
  AGGREGATE active = 0.00% (of 6 dir-threads; 0.00% per-thread avg)  msgs=0
[CPU compute ] process=  8.75% of 80 cores   system=  8.76%   (window 2s)

----- REMOTE CPU LOAD (memory node dir-threads, 2s window) -----
  dir 0: active=  0.00%  msgs=0           0 ns/msg
  dir 1: active=  0.00%  msgs=0           0 ns/msg
  dir 2: active=  0.00%  msgs=0           0 ns/msg
  dir 3: active=  0.00%  msgs=0           0 ns/msg
  dir 4: active=  0.00%  msgs=0           0 ns/msg
  dir 5: active=  0.00%  msgs=0           0 ns/msg
  AGGREGATE active = 0.00% (of 6 dir-threads; 0.00% per-thread avg)  msgs=0
[CPU compute ] process=  8.75% of 80 cores   system= 10.72%   (window 2s)

----- REMOTE CPU LOAD (memory node dir-threads, 2s window) -----
  dir 0: active=  0.00%  msgs=0           0 ns/msg
  dir 1: active=  0.00%  msgs=0           0 ns/msg
  dir 2: active=  0.00%  msgs=0           0 ns/msg
  dir 3: active=  0.00%  msgs=0           0 ns/msg
  dir 4: active=  0.00%  msgs=0           0 ns/msg
  dir 5: active=  0.00%  msgs=0           0 ns/msg
  AGGREGATE active = 0.00% (of 6 dir-threads; 0.00% per-thread avg)  msgs=0
[CPU compute ] process=  8.75% of 80 cores   system=  8.76%   (window 2s)

----- REMOTE CPU LOAD (memory node dir-threads, 2s window) -----
  dir 0: active=  0.00%  msgs=0           0 ns/msg
  dir 1: active=  0.00%  msgs=0           0 ns/msg
  dir 2: active=  0.00%  msgs=0           0 ns/msg
  dir 3: active=  0.00%  msgs=0           0 ns/msg
  dir 4: active=  0.00%  msgs=0           0 ns/msg
  dir 5: active=  0.00%  msgs=0           0 ns/msg
  AGGREGATE active = 0.00% (of 6 dir-threads; 0.00% per-thread avg)  msgs=0
[CPU compute ] process=  8.75% of 80 cores   system=  8.76%   (window 2s)

----- REMOTE CPU LOAD (memory node dir-threads, 2s window) -----
  dir 0: active=  0.00%  msgs=0           0 ns/msg
  dir 1: active=  0.00%  msgs=0           0 ns/msg
  dir 2: active=  0.00%  msgs=0           0 ns/msg
  dir 3: active=  0.00%  msgs=0           0 ns/msg
  dir 4: active=  0.00%  msgs=0           0 ns/msg
  dir 5: active=  0.00%  msgs=0           0 ns/msg
  AGGREGATE active = 0.00% (of 6 dir-threads; 0.00% per-thread avg)  msgs=0
[CPU compute ] process=  8.75% of 80 cores   system=  8.75%   (window 2s)

----- REMOTE CPU LOAD (memory node dir-threads, 2s window) -----
  dir 0: active=  0.00%  msgs=0           0 ns/msg
  dir 1: active=  0.00%  msgs=0           0 ns/msg
  dir 2: active=  0.00%  msgs=0           0 ns/msg
  dir 3: active=  0.00%  msgs=0           0 ns/msg
  dir 4: active=  0.00%  msgs=0           0 ns/msg
  dir 5: active=  0.00%  msgs=0           0 ns/msg
  AGGREGATE active = 0.00% (of 6 dir-threads; 0.00% per-thread avg)  msgs=0
[CPU compute ] process=  8.75% of 80 cores   system=  8.75%   (window 2s)

----- REMOTE CPU LOAD (memory node dir-threads, 2s window) -----
  dir 0: active=  0.00%  msgs=0           0 ns/msg
  dir 1: active=  0.00%  msgs=0           0 ns/msg
  dir 2: active=  0.00%  msgs=0           0 ns/msg
  dir 3: active=  0.00%  msgs=0           0 ns/msg
  dir 4: active=  0.00%  msgs=0           0 ns/msg
  dir 5: active=  0.00%  msgs=0           0 ns/msg
  AGGREGATE active = 0.00% (of 6 dir-threads; 0.00% per-thread avg)  msgs=0
[CPU compute ] process=  8.75% of 80 cores   system= 10.72%   (window 2s)

----- REMOTE CPU LOAD (memory node dir-threads, 2s window) -----
  dir 0: active=  0.00%  msgs=0           0 ns/msg
  dir 1: active=  0.00%  msgs=0           0 ns/msg
  dir 2: active=  0.00%  msgs=0           0 ns/msg
  dir 3: active=  0.00%  msgs=0           0 ns/msg
  dir 4: active=  0.00%  msgs=0           0 ns/msg
  dir 5: active=  0.00%  msgs=0           0 ns/msg
  AGGREGATE active = 0.00% (of 6 dir-threads; 0.00% per-thread avg)  msgs=0
[CPU compute ] process=  8.75% of 80 cores   system=  8.76%   (window 2s)

----- REMOTE CPU LOAD (memory node dir-threads, 2s window) -----
  dir 0: active=  0.00%  msgs=0           0 ns/msg
  dir 1: active=  0.00%  msgs=0           0 ns/msg
  dir 2: active=  0.00%  msgs=0           0 ns/msg
  dir 3: active=  0.00%  msgs=0           0 ns/msg
  dir 4: active=  0.00%  msgs=0           0 ns/msg
  dir 5: active=  0.00%  msgs=0           0 ns/msg
  AGGREGATE active = 0.00% (of 6 dir-threads; 0.00% per-thread avg)  msgs=0
[CPU compute ] process=  8.75% of 80 cores   system=  8.76%   (window 2s)

----- REMOTE CPU LOAD (memory node dir-threads, 2s window) -----
  dir 0: active=  0.00%  msgs=0           0 ns/msg
  dir 1: active=  0.00%  msgs=0           0 ns/msg
  dir 2: active=  0.00%  msgs=0           0 ns/msg
  dir 3: active=  0.00%  msgs=0           0 ns/msg
  dir 4: active=  0.00%  msgs=0           0 ns/msg
  dir 5: active=  0.00%  msgs=0           0 ns/msg
  AGGREGATE active = 0.00% (of 6 dir-threads; 0.00% per-thread avg)  msgs=0
[CPU compute ] process=  8.75% of 80 cores   system=  8.75%   (window 2s)

----- REMOTE CPU LOAD (memory node dir-threads, 2s window) -----
  dir 0: active=  0.00%  msgs=0           0 ns/msg
  dir 1: active=  0.00%  msgs=0           0 ns/msg
  dir 2: active=  0.00%  msgs=0           0 ns/msg
  dir 3: active=  0.00%  msgs=0           0 ns/msg
  dir 4: active=  0.00%  msgs=0           0 ns/msg
  dir 5: active=  0.00%  msgs=0           0 ns/msg
  AGGREGATE active = 0.00% (of 6 dir-threads; 0.00% per-thread avg)  msgs=0
[CPU compute ] process=  8.75% of 80 cores   system=  8.76%   (window 2s)
Success: tree root pointer value [1, 604016640]
Height = 22

----- REMOTE CPU LOAD (memory node dir-threads, 2s window) -----
  dir 0: active=  0.00%  msgs=0           0 ns/msg
  dir 1: active=  0.00%  msgs=0           0 ns/msg
  dir 2: active=  0.00%  msgs=0           0 ns/msg
  dir 3: active=  0.00%  msgs=0           0 ns/msg
  dir 4: active=  0.00%  msgs=0           0 ns/msg
  dir 5: active=  0.00%  msgs=0           0 ns/msg
  AGGREGATE active = 0.00% (of 6 dir-threads; 0.00% per-thread avg)  msgs=0
[CPU compute ] process=  8.75% of 80 cores   system=  9.75%   (window 2s)

----- REMOTE CPU LOAD (memory node dir-threads, 2s window) -----
  dir 0: active=  0.00%  msgs=0           0 ns/msg
  dir 1: active=  0.00%  msgs=0           0 ns/msg
  dir 2: active=  0.00%  msgs=0           0 ns/msg
  dir 3: active=  0.00%  msgs=0           0 ns/msg
  dir 4: active=  0.00%  msgs=0           0 ns/msg
  dir 5: active=  0.00%  msgs=0           0 ns/msg
  AGGREGATE active = 0.00% (of 6 dir-threads; 0.00% per-thread avg)  msgs=0
[CPU compute ] process=  8.75% of 80 cores   system=  9.78%   (window 2s)

----- REMOTE CPU LOAD (memory node dir-threads, 2s window) -----
  dir 0: active=  0.00%  msgs=0           0 ns/msg
  dir 1: active=  0.00%  msgs=0           0 ns/msg
  dir 2: active=  0.00%  msgs=0           0 ns/msg
  dir 3: active=  0.00%  msgs=0           0 ns/msg
  dir 4: active=  0.00%  msgs=0           0 ns/msg
  dir 5: active=  0.00%  msgs=0           0 ns/msg
  AGGREGATE active = 0.00% (of 6 dir-threads; 0.00% per-thread avg)  msgs=0
[CPU compute ] process=  8.75% of 80 cores   system=  8.76%   (window 2s)

----- REMOTE CPU LOAD (memory node dir-threads, 2s window) -----
  dir 0: active=  0.00%  msgs=0           0 ns/msg
  dir 1: active=  0.00%  msgs=0           0 ns/msg
  dir 2: active=  0.00%  msgs=0           0 ns/msg
  dir 3: active=  0.00%  msgs=0           0 ns/msg
  dir 4: active=  0.00%  msgs=0           0 ns/msg
  dir 5: active=  0.00%  msgs=0           0 ns/msg
  AGGREGATE active = 0.00% (of 6 dir-threads; 0.00% per-thread avg)  msgs=0
[CPU compute ] process=  8.75% of 80 cores   system=  8.76%   (window 2s)

----- REMOTE CPU LOAD (memory node dir-threads, 2s window) -----
  dir 0: active=  0.00%  msgs=0           0 ns/msg
  dir 1: active=  0.00%  msgs=0           0 ns/msg
  dir 2: active=  0.00%  msgs=0           0 ns/msg
  dir 3: active=  0.00%  msgs=0           0 ns/msg
  dir 4: active=  0.00%  msgs=0           0 ns/msg
  dir 5: active=  0.00%  msgs=0           0 ns/msg
  AGGREGATE active = 0.00% (of 6 dir-threads; 0.00% per-thread avg)  msgs=0
[CPU compute ] process=  8.75% of 80 cores   system=  8.76%   (window 2s)
#leaf nodes = 3846153
leaf size(MB) = 1878
#inner nodes = 3846104
inner size(MB) = 1877.98
Tree height = 22
Cache capacity = 65536
max. leaf entries = 26
max. inner entries = 5
Inner page size = 160
Leaf page size = 512
node 0 finish its bulkload
IMPORTANT: my root is 39584834519041
0 is ready for the benchmark
I am 9
Fetched new height = 22
I am 1
I am 5
I am 2
I am 7
I am 3
I am 6
I am 4
I am 8
I am 10
I am 0
I am 11
I am 12
I am 34
I am 15
I am 16
I am 14
I am 13
I am 17
I am 18
I am 19
I am 21
I am 35
I am 20
I am 33
I am 31
I am 24
I am 26
I am 23
I am 29
I am 27
I am 25
I am 28
I am 32
I am 30
I am 22
entering dynamic phase

----- REMOTE CPU LOAD (memory node dir-threads, 2s window) -----
  dir 0: active=  0.00%  msgs=0           0 ns/msg
  dir 1: active=  0.00%  msgs=0           0 ns/msg
  dir 2: active=  0.00%  msgs=0           0 ns/msg
  dir 3: active=  0.00%  msgs=0           0 ns/msg
  dir 4: active=  0.00%  msgs=0           0 ns/msg
  dir 5: active=  0.00%  msgs=0           0 ns/msg
  AGGREGATE active = 0.00% (of 6 dir-threads; 0.00% per-thread avg)  msgs=0
[CPU compute ] process= 38.11% of 80 cores   system= 38.13%   (window 2s)

----- REMOTE CPU LOAD (memory node dir-threads, 2s window) -----
  dir 0: active=  0.00%  msgs=0           0 ns/msg
  dir 1: active=  0.00%  msgs=0           0 ns/msg
  dir 2: active=  0.00%  msgs=0           0 ns/msg
  dir 3: active=  0.00%  msgs=0           0 ns/msg
  dir 4: active=  0.00%  msgs=0           0 ns/msg
  dir 5: active=  0.00%  msgs=0           0 ns/msg
  AGGREGATE active = 0.00% (of 6 dir-threads; 0.00% per-thread avg)  msgs=0
[CPU compute ] process= 52.49% of 80 cores   system= 53.34%   (window 2s)
Thread_op_num = 833333

----- REMOTE CPU LOAD (memory node dir-threads, 2s window) -----
  dir 0: active=  0.00%  msgs=0           0 ns/msg
  dir 1: active=  0.00%  msgs=0           0 ns/msg
  dir 2: active=  0.00%  msgs=0           0 ns/msg
  dir 3: active=  0.00%  msgs=0           0 ns/msg
  dir 4: active=  0.00%  msgs=0           0 ns/msg
  dir 5: active=  0.00%  msgs=0           0 ns/msg
  AGGREGATE active = 0.00% (of 6 dir-threads; 0.00% per-thread avg)  msgs=0
[CPU compute ] process= 52.49% of 80 cores   system= 52.51%   (window 2s)
node 0 finish warmup
Start collecting the statistic

----- REMOTE CPU LOAD (memory node dir-threads, 2s window) -----
  dir 0: active=  0.00%  msgs=0           0 ns/msg
  dir 1: active=  0.00%  msgs=0           0 ns/msg
  dir 2: active=  0.00%  msgs=0           0 ns/msg
  dir 3: active=  0.00%  msgs=0           0 ns/msg
  dir 4: active=  0.00%  msgs=0           0 ns/msg
  dir 5: active=  0.00%  msgs=0           0 ns/msg
  AGGREGATE active = 0.00% (of 6 dir-threads; 0.00% per-thread avg)  msgs=0
[CPU compute ] process= 52.49% of 80 cores   system= 52.51%   (window 2s)
0, throughput 2.4792
cluster throughput 2.479

----- REMOTE CPU LOAD (memory node dir-threads, 2s window) -----
  dir 0: active=  0.00%  msgs=0           0 ns/msg
  dir 1: active=  0.00%  msgs=0           0 ns/msg
  dir 2: active=  0.00%  msgs=0           0 ns/msg
  dir 3: active=  0.00%  msgs=0           0 ns/msg
  dir 4: active=  0.00%  msgs=0           0 ns/msg
  dir 5: active=  0.00%  msgs=0           0 ns/msg
  AGGREGATE active = 0.00% (of 6 dir-threads; 0.00% per-thread avg)  msgs=0
[CPU compute ] process= 52.52% of 80 cores   system= 52.52%   (window 2s)
0, throughput 2.4603
cluster throughput 2.460

----- REMOTE CPU LOAD (memory node dir-threads, 2s window) -----
  dir 0: active=  0.00%  msgs=0           0 ns/msg
  dir 1: active=  0.00%  msgs=0           0 ns/msg
  dir 2: active=  0.00%  msgs=0           0 ns/msg
  dir 3: active=  0.00%  msgs=0           0 ns/msg
  dir 4: active=  0.00%  msgs=0           0 ns/msg
  dir 5: active=  0.00%  msgs=0           0 ns/msg
  AGGREGATE active = 0.00% (of 6 dir-threads; 0.00% per-thread avg)  msgs=0
[CPU compute ] process= 52.50% of 80 cores   system= 52.51%   (window 2s)
0, throughput 2.4444
cluster throughput 2.444

----- REMOTE CPU LOAD (memory node dir-threads, 2s window) -----
  dir 0: active=  0.00%  msgs=0           0 ns/msg
  dir 1: active=  0.00%  msgs=0           0 ns/msg
  dir 2: active=  0.00%  msgs=0           0 ns/msg
  dir 3: active=  0.00%  msgs=0           0 ns/msg
  dir 4: active=  0.00%  msgs=0           0 ns/msg
  dir 5: active=  0.00%  msgs=0           0 ns/msg
  AGGREGATE active = 0.00% (of 6 dir-threads; 0.00% per-thread avg)  msgs=0
[CPU compute ] process= 52.51% of 80 cores   system= 53.34%   (window 2s)
0, throughput 2.4464
cluster throughput 2.446

----- REMOTE CPU LOAD (memory node dir-threads, 2s window) -----
  dir 0: active=  0.00%  msgs=0           0 ns/msg
  dir 1: active=  0.00%  msgs=0           0 ns/msg
  dir 2: active=  0.00%  msgs=0           0 ns/msg
  dir 3: active=  0.00%  msgs=0           0 ns/msg
  dir 4: active=  0.00%  msgs=0           0 ns/msg
  dir 5: active=  0.00%  msgs=0           0 ns/msg
  AGGREGATE active = 0.00% (of 6 dir-threads; 0.00% per-thread avg)  msgs=0
[CPU compute ] process= 52.48% of 80 cores   system= 52.51%   (window 2s)
0, throughput 2.4352
cluster throughput 2.435

----- REMOTE CPU LOAD (memory node dir-threads, 2s window) -----
  dir 0: active=  0.00%  msgs=0           0 ns/msg
  dir 1: active=  0.00%  msgs=0           0 ns/msg
  dir 2: active=  0.00%  msgs=0           0 ns/msg
  dir 3: active=  0.00%  msgs=0           0 ns/msg
  dir 4: active=  0.00%  msgs=0           0 ns/msg
  dir 5: active=  0.00%  msgs=0           0 ns/msg
  AGGREGATE active = 0.00% (of 6 dir-threads; 0.00% per-thread avg)  msgs=0
[CPU compute ] process= 52.50% of 80 cores   system= 52.51%   (window 2s)
0, throughput 2.2132
cluster throughput 2.213

----- REMOTE CPU LOAD (memory node dir-threads, 2s window) -----
  dir 0: active=  0.00%  msgs=0           0 ns/msg
  dir 1: active=  0.00%  msgs=0           0 ns/msg
  dir 2: active=  0.00%  msgs=0           0 ns/msg
  dir 3: active=  0.00%  msgs=0           0 ns/msg
  dir 4: active=  0.00%  msgs=0           0 ns/msg
  dir 5: active=  0.00%  msgs=0           0 ns/msg
  AGGREGATE active = 0.00% (of 6 dir-threads; 0.00% per-thread avg)  msgs=0
[CPU compute ] process= 18.30% of 80 cores   system= 18.31%   (window 2s)
0, throughput 0.0000
cluster throughput 0.000
The time duration = 14 seconds

----- REMOTE CPU LOAD (memory node dir-threads, 2s window) -----
  dir 0: active=  0.00%  msgs=0           0 ns/msg
  dir 1: active=  0.00%  msgs=0           0 ns/msg
  dir 2: active=  0.00%  msgs=0           0 ns/msg
  dir 3: active=  0.00%  msgs=0           0 ns/msg
  dir 4: active=  0.00%  msgs=0           0 ns/msg
  dir 5: active=  0.00%  msgs=0           0 ns/msg
  AGGREGATE active = 0.00% (of 6 dir-threads; 0.00% per-thread avg)  msgs=0
[CPU compute ] process=  7.50% of 80 cores   system=  7.50%   (window 2s)

==================== LATENCY BUCKETS (500 ns) [node 0] ====================
[LOOKUP]
  ALL                n=28960096   mean=   14.63us  p50=  16.00us  p90=  26.00us  p99=  31.50us  p99.9=  35.00us  max>=616.00us
  LOCAL (cache hit)  n=2837456    mean=    0.49us  p50=   0.50us  p90=   1.00us  p99=   1.50us  p99.9=   2.00us  max>= 12.00us
  REMOTE (miss/rpc)  n=26122640   mean=   16.17us  p50=  17.50us  p90=  26.50us  p99=  31.50us  p99.9=  35.00us  max>=616.00us
[ALL OPS]
  ALL                n=28960096   mean=   14.63us  p50=  16.00us  p90=  26.00us  p99=  31.50us  p99.9=  35.00us  max>=616.00us
  LOCAL (cache hit)  n=2837456    mean=    0.49us  p50=   0.50us  p90=   1.00us  p99=   1.50us  p99.9=   2.00us  max>= 12.00us
  REMOTE (miss/rpc)  n=26122640   mean=   16.17us  p50=  17.50us  p90=  26.50us  p99=  31.50us  p99.9=  35.00us  max>=616.00us

----- 500 ns bucket CDF (all ops) [node 0] -----
  bucket [lo,hi) ns             count        pct       cdf
  [        0,      500)      1546975    5.3417%   5.3417%
  [      500,     1000)      1213779    4.1912%   9.5330%
  [     1000,     1500)        70399    0.2431%   9.7760%
  [     1500,     2000)         3671    0.0127%   9.7887%
  [     2000,     2500)          735    0.0025%   9.7913%
  [     2500,     3000)          402    0.0014%   9.7927%
  [     3000,     3500)          323    0.0011%   9.7938%
  [     3500,     4000)         2376    0.0082%   9.8020%
  [     4000,     4500)        70821    0.2445%  10.0465%
  [     4500,     5000)       600425    2.0733%  12.1198%
  [     5000,     5500)      1556260    5.3738%  17.4936%
  [     5500,     6000)      1694302    5.8505%  23.3441%
  [     6000,     6500)      1274095    4.3995%  27.7436%
  [     6500,     7000)       891964    3.0800%  30.8235%
  [     7000,     7500)       594913    2.0543%  32.8778%
  [     7500,     8000)       386756    1.3355%  34.2133%
  [     8000,     8500)       273120    0.9431%  35.1564%
  [     8500,     9000)       248895    0.8594%  36.0158%
  [     9000,     9500)       258285    0.8919%  36.9077%
  [     9500,    10000)       275467    0.9512%  37.8589%
  [    10000,    10500)       281355    0.9715%  38.8304%
  [    10500,    11000)       274890    0.9492%  39.7796%
  [    11000,    11500)       242680    0.8380%  40.6176%
  [    11500,    12000)       202203    0.6982%  41.3158%
  [    12000,    12500)       181643    0.6272%  41.9430%
  [    12500,    13000)       215355    0.7436%  42.6866%
  [    13000,    13500)       302283    1.0438%  43.7304%
  [    13500,    14000)       404433    1.3965%  45.1269%
  [    14000,    14500)       460838    1.5913%  46.7182%
  [    14500,    15000)       451902    1.5604%  48.2787%
  [    15000,    15500)       398527    1.3761%  49.6548%
  [    15500,    16000)       366338    1.2650%  50.9198%
  [    16000,    16500)       367286    1.2682%  52.1880%
  [    16500,    17000)       421494    1.4554%  53.6434%
  [    17000,    17500)       497994    1.7196%  55.3630%
  [    17500,    18000)       570003    1.9682%  57.3313%
  [    18000,    18500)       606492    2.0942%  59.4255%
  [    18500,    19000)       594960    2.0544%  61.4799%
  [    19000,    19500)       557608    1.9254%  63.4053%
  [    19500,    20000)       534794    1.8467%  65.2520%
  [    20000,    20500)       561641    1.9394%  67.1914%
  [    20500,    21000)       628085    2.1688%  69.3602%
  [    21000,    21500)       701811    2.4234%  71.7835%
  [    21500,    22000)       754606    2.6057%  74.3892%
  [    22000,    22500)       769631    2.6576%  77.0468%
  [    22500,    23000)       736479    2.5431%  79.5898%
  [    23000,    23500)       673833    2.3268%  81.9166%
  [    23500,    24000)       589668    2.0361%  83.9527%
  [    24000,    24500)       532943    1.8403%  85.7930%
  [    24500,    25000)       496302    1.7137%  87.5068%
  [    25000,    25500)       471583    1.6284%  89.1351%
  [    25500,    26000)       446834    1.5429%  90.6781%
  [    26000,    26500)       416491    1.4382%  92.1162%
  [    26500,    27000)       381356    1.3168%  93.4331%
  [    27000,    27500)       338213    1.1679%  94.6009%
  [    27500,    28000)       291819    1.0077%  95.6086%
  [    28000,    28500)       248119    0.8568%  96.4653%
  [    28500,    29000)       206808    0.7141%  97.1795%
  [    29000,    29500)       171131    0.5909%  97.7704%
  [    29500,    30000)       138774    0.4792%  98.2496%
  [    30000,    30500)       113475    0.3918%  98.6414%
  [    30500,    31000)        92294    0.3187%  98.9601%
  [    31000,    31500)        75930    0.2622%  99.2223%
  [    31500,    32000)        58338    0.2014%  99.4237%
  [    32000,    32500)        45131    0.1558%  99.5796%
  [    32500,    33000)        33727    0.1165%  99.6960%
  [    33000,    33500)        24571    0.0848%  99.7809%
  [    33500,    34000)        17706    0.0611%  99.8420%
  [    34000,    34500)        12195    0.0421%  99.8841%
  [    34500,    35000)         8488    0.0293%  99.9134%
  [    35000,    35500)         5950    0.0205%  99.9340%
  [    35500,    36000)         4231    0.0146%  99.9486%
  [    36000,    36500)         3051    0.0105%  99.9591%
  [    36500,    37000)         2075    0.0072%  99.9663%
  [    37000,    37500)         1546    0.0053%  99.9716%
  [    37500,    38000)         1063    0.0037%  99.9753%
  [    38000,    38500)          780    0.0027%  99.9780%
  [    38500,    39000)          540    0.0019%  99.9798%
  [    39000,    39500)          404    0.0014%  99.9812%
  [    39500,    40000)          283    0.0010%  99.9822%
  [    40000,    40500)          236    0.0008%  99.9830%
  [    40500,    41000)          234    0.0008%  99.9838%
  [    41000,    41500)          198    0.0007%  99.9845%
  [    41500,    42000)          182    0.0006%  99.9852%
  [    42000,    42500)          161    0.0006%  99.9857%
  [    42500,    43000)          143    0.0005%  99.9862%
  [    43000,    43500)          148    0.0005%  99.9867%
  [    43500,    44000)          130    0.0004%  99.9872%
  [    44000,    44500)          157    0.0005%  99.9877%
  [    44500,    45000)          147    0.0005%  99.9882%
  [    45000,    45500)          117    0.0004%  99.9886%
  [    45500,    46000)          153    0.0005%  99.9891%
  [    46000,    46500)          135    0.0005%  99.9896%
  [    46500,    47000)          121    0.0004%  99.9900%
  [    47000,    47500)          126    0.0004%  99.9905%
  [    47500,    48000)          106    0.0004%  99.9908%
  [    48000,    48500)          110    0.0004%  99.9912%
  [    48500,    49000)           79    0.0003%  99.9915%
  [    49000,    49500)           89    0.0003%  99.9918%
  [    49500,    50000)           76    0.0003%  99.9921%
  [    50000,    50500)           82    0.0003%  99.9923%
  [    50500,    51000)           79    0.0003%  99.9926%
  [    51000,    51500)           74    0.0003%  99.9929%
  [    51500,    52000)           49    0.0002%  99.9930%
  [    52000,    52500)           48    0.0002%  99.9932%
  [    52500,    53000)           59    0.0002%  99.9934%
  [    53000,    53500)           37    0.0001%  99.9935%
  [    53500,    54000)           44    0.0002%  99.9937%
  [    54000,    54500)           32    0.0001%  99.9938%
  [    54500,    55000)           52    0.0002%  99.9940%
  [    55000,    55500)           34    0.0001%  99.9941%
  [    55500,    56000)           31    0.0001%  99.9942%
  [    56000,    56500)           33    0.0001%  99.9943%
  [    56500,    57000)           34    0.0001%  99.9944%
  [    57000,    57500)           37    0.0001%  99.9946%
  [    57500,    58000)           37    0.0001%  99.9947%
  [    58000,    58500)           24    0.0001%  99.9948%
  [    58500,    59000)           27    0.0001%  99.9949%
  [    59000,    59500)           38    0.0001%  99.9950%
  [    59500,    60000)           32    0.0001%  99.9951%
  [    60000,    60500)           23    0.0001%  99.9952%
  [    60500,    61000)           37    0.0001%  99.9953%
  [    61000,    61500)           33    0.0001%  99.9954%
  [    61500,    62000)           21    0.0001%  99.9955%
  [    62000,    62500)           28    0.0001%  99.9956%
  [    62500,    63000)           30    0.0001%  99.9957%
  [    63000,    63500)           39    0.0001%  99.9958%
  [    63500,    64000)           22    0.0001%  99.9959%
  [    64000,    64500)           32    0.0001%  99.9960%
  [    64500,    65000)           26    0.0001%  99.9961%
  [    65000,    65500)           28    0.0001%  99.9962%
  [    65500,    66000)           36    0.0001%  99.9963%
  [    66000,    66500)           33    0.0001%  99.9964%
  [    66500,    67000)           30    0.0001%  99.9965%
  [    67000,    67500)           31    0.0001%  99.9967%
  [    67500,    68000)           26    0.0001%  99.9967%
  [    68000,    68500)           28    0.0001%  99.9968%
  [    68500,    69000)           34    0.0001%  99.9970%
  [    69000,    69500)           33    0.0001%  99.9971%
  [    69500,    70000)           28    0.0001%  99.9972%
  [    70000,    70500)           28    0.0001%  99.9973%
  [    70500,    71000)           28    0.0001%  99.9974%
  [    71000,    71500)           17    0.0001%  99.9974%
  [    71500,    72000)           22    0.0001%  99.9975%
  [    72000,    72500)           27    0.0001%  99.9976%
  [    72500,    73000)           17    0.0001%  99.9976%
  [    73000,    73500)           26    0.0001%  99.9977%
  [    73500,    74000)           14    0.0000%  99.9978%
  [    74000,    74500)           15    0.0001%  99.9978%
  [    74500,    75000)           16    0.0001%  99.9979%
  [    75000,    75500)           13    0.0000%  99.9979%
  [    75500,    76000)           23    0.0001%  99.9980%
  [    76000,    76500)           13    0.0000%  99.9981%
  [    76500,    77000)            6    0.0000%  99.9981%
  [    77000,    77500)           18    0.0001%  99.9981%
  [    77500,    78000)           15    0.0001%  99.9982%
  [    78000,    78500)            5    0.0000%  99.9982%
  [    78500,    79000)           11    0.0000%  99.9982%
  [    79000,    79500)           15    0.0001%  99.9983%
  [    79500,    80000)            8    0.0000%  99.9983%
  [    80000,    80500)            6    0.0000%  99.9983%
  [    80500,    81000)            9    0.0000%  99.9984%
  [    81000,    81500)            7    0.0000%  99.9984%
  [    81500,    82000)            6    0.0000%  99.9984%
  [    82000,    82500)            5    0.0000%  99.9984%
  [    82500,    83000)           10    0.0000%  99.9985%
  [    83000,    83500)            6    0.0000%  99.9985%
  [    83500,    84000)            5    0.0000%  99.9985%
  [    84000,    84500)           13    0.0000%  99.9986%
  [    84500,    85000)            3    0.0000%  99.9986%
  [    85000,    85500)            6    0.0000%  99.9986%
  [    85500,    86000)            7    0.0000%  99.9986%
  [    86000,    86500)            7    0.0000%  99.9986%
  [    86500,    87000)            6    0.0000%  99.9987%
  [    87000,    87500)            4    0.0000%  99.9987%
  [    87500,    88000)            2    0.0000%  99.9987%
  [    88000,    88500)            7    0.0000%  99.9987%
  [    88500,    89000)            1    0.0000%  99.9987%
  [    89000,    89500)            5    0.0000%  99.9987%
  [    89500,    90000)            3    0.0000%  99.9987%
  [    90000,    90500)            2    0.0000%  99.9987%
  [    90500,    91000)            5    0.0000%  99.9988%
  [    91000,    91500)            6    0.0000%  99.9988%
  [    91500,    92000)            2    0.0000%  99.9988%
  [    92000,    92500)            5    0.0000%  99.9988%
  [    92500,    93000)            5    0.0000%  99.9988%
  [    93000,    93500)            2    0.0000%  99.9988%
  [    93500,    94000)            4    0.0000%  99.9988%
  [    94000,    94500)            3    0.0000%  99.9989%
  [    94500,    95000)            3    0.0000%  99.9989%
  [    95000,    95500)            1    0.0000%  99.9989%
  [    95500,    96000)            3    0.0000%  99.9989%
  [    96000,    96500)            3    0.0000%  99.9989%
  [    96500,    97000)            4    0.0000%  99.9989%
  [    97000,    97500)            2    0.0000%  99.9989%
  [    97500,    98000)            3    0.0000%  99.9989%
  [    98000,    98500)            2    0.0000%  99.9989%
  [    98500,    99000)            1    0.0000%  99.9989%
  [    99000,    99500)            3    0.0000%  99.9989%
  [    99500,   100000)            2    0.0000%  99.9989%
  [   100000,   100500)            2    0.0000%  99.9990%
  [   100500,   101000)            1    0.0000%  99.9990%
  [   101000,   101500)            5    0.0000%  99.9990%
  [   101500,   102000)            1    0.0000%  99.9990%
  [   102000,   102500)            3    0.0000%  99.9990%
  [   103500,   104000)            1    0.0000%  99.9990%
  [   104000,   104500)            4    0.0000%  99.9990%
  [   104500,   105000)            8    0.0000%  99.9990%
  [   105500,   106000)            2    0.0000%  99.9990%
  [   106000,   106500)            4    0.0000%  99.9991%
  [   106500,   107000)            3    0.0000%  99.9991%
  [   107500,   108000)            2    0.0000%  99.9991%
  [   108000,   108500)            2    0.0000%  99.9991%
  [   108500,   109000)            2    0.0000%  99.9991%
  [   109000,   109500)            2    0.0000%  99.9991%
  [   109500,   110000)            5    0.0000%  99.9991%
  [   110000,   110500)            1    0.0000%  99.9991%
  [   110500,   111000)            2    0.0000%  99.9991%
  [   112000,   112500)            5    0.0000%  99.9991%
  [   112500,   113000)            3    0.0000%  99.9991%
  [   113500,   114000)            2    0.0000%  99.9992%
  [   114000,   114500)            2    0.0000%  99.9992%
  [   114500,   115000)            5    0.0000%  99.9992%
  [   115000,   115500)            1    0.0000%  99.9992%
  [   115500,   116000)            1    0.0000%  99.9992%
  [   116000,   116500)            1    0.0000%  99.9992%
  [   116500,   117000)            5    0.0000%  99.9992%
  [   117000,   117500)            4    0.0000%  99.9992%
  [   117500,   118000)            2    0.0000%  99.9992%
  [   118000,   118500)            1    0.0000%  99.9992%
  [   118500,   119000)            2    0.0000%  99.9992%
  [   119000,   119500)            4    0.0000%  99.9993%
  [   119500,   120000)            2    0.0000%  99.9993%
  [   120000,   120500)            1    0.0000%  99.9993%
  [   120500,   121000)            1    0.0000%  99.9993%
  [   121000,   121500)            2    0.0000%  99.9993%
  [   121500,   122000)            2    0.0000%  99.9993%
  [   122500,   123000)            4    0.0000%  99.9993%
  [   123000,   123500)            4    0.0000%  99.9993%
  [   123500,   124000)            1    0.0000%  99.9993%
  [   124000,   124500)            2    0.0000%  99.9993%
  [   125000,   125500)            1    0.0000%  99.9993%
  [   125500,   126000)            4    0.0000%  99.9993%
  [   126000,   126500)            2    0.0000%  99.9993%
  [   126500,   127000)            2    0.0000%  99.9993%
  [   127000,   127500)            5    0.0000%  99.9994%
  [   127500,   128000)            3    0.0000%  99.9994%
  [   128000,   128500)            1    0.0000%  99.9994%
  [   128500,   129000)            1    0.0000%  99.9994%
  [   129000,   129500)            2    0.0000%  99.9994%
  [   129500,   130000)            1    0.0000%  99.9994%
  [   130000,   130500)            3    0.0000%  99.9994%
  [   130500,   131000)            3    0.0000%  99.9994%
  [   131000,   131500)            3    0.0000%  99.9994%
  [   131500,   132000)            3    0.0000%  99.9994%
  [   132000,   132500)            3    0.0000%  99.9994%
  [   133000,   133500)            1    0.0000%  99.9994%
  [   134000,   134500)            1    0.0000%  99.9995%
  [   135000,   135500)            2    0.0000%  99.9995%
  [   135500,   136000)            2    0.0000%  99.9995%
  [   136000,   136500)            1    0.0000%  99.9995%
  [   137000,   137500)            1    0.0000%  99.9995%
  [   138000,   138500)            1    0.0000%  99.9995%
  [   139500,   140000)            1    0.0000%  99.9995%
  [   140500,   141000)            1    0.0000%  99.9995%
  [   141000,   141500)            2    0.0000%  99.9995%
  [   141500,   142000)            1    0.0000%  99.9995%
  [   142000,   142500)            1    0.0000%  99.9995%
  [   142500,   143000)            1    0.0000%  99.9995%
  [   144000,   144500)            1    0.0000%  99.9995%
  [   144500,   145000)            1    0.0000%  99.9995%
  [   145000,   145500)            1    0.0000%  99.9995%
  [   145500,   146000)            3    0.0000%  99.9995%
  [   146000,   146500)            2    0.0000%  99.9995%
  [   146500,   147000)            6    0.0000%  99.9995%
  [   147000,   147500)            1    0.0000%  99.9996%
  [   148000,   148500)            1    0.0000%  99.9996%
  [   148500,   149000)            1    0.0000%  99.9996%
  [   149000,   149500)            1    0.0000%  99.9996%
  [   149500,   150000)            3    0.0000%  99.9996%
  [   150000,   150500)            1    0.0000%  99.9996%
  [   151000,   151500)            1    0.0000%  99.9996%
  [   152000,   152500)            1    0.0000%  99.9996%
  [   152500,   153000)            1    0.0000%  99.9996%
  [   153000,   153500)            1    0.0000%  99.9996%
  [   154000,   154500)            2    0.0000%  99.9996%
  [   154500,   155000)            2    0.0000%  99.9996%
  [   155000,   155500)            1    0.0000%  99.9996%
  [   155500,   156000)            2    0.0000%  99.9996%
  [   156000,   156500)            3    0.0000%  99.9996%
  [   156500,   157000)            1    0.0000%  99.9996%
  [   157000,   157500)            1    0.0000%  99.9996%
  [   157500,   158000)            1    0.0000%  99.9996%
  [   158000,   158500)            5    0.0000%  99.9997%
  [   159000,   159500)            1    0.0000%  99.9997%
  [   159500,   160000)            1    0.0000%  99.9997%
  [   160000,   160500)            1    0.0000%  99.9997%
  [   160500,   161000)            1    0.0000%  99.9997%
  [   161000,   161500)            1    0.0000%  99.9997%
  [   162000,   162500)            1    0.0000%  99.9997%
  [   163000,   163500)            1    0.0000%  99.9997%
  [   164000,   164500)            2    0.0000%  99.9997%
  [   165000,   165500)            1    0.0000%  99.9997%
  [   166000,   166500)            1    0.0000%  99.9997%
  [   170000,   170500)            1    0.0000%  99.9997%
  [   170500,   171000)            1    0.0000%  99.9997%
  [   171500,   172000)            2    0.0000%  99.9997%
  [   172500,   173000)            3    0.0000%  99.9997%
  [   174000,   174500)            1    0.0000%  99.9997%
  [   176500,   177000)            1    0.0000%  99.9997%
  [   179500,   180000)            1    0.0000%  99.9997%
  [   180500,   181000)            1    0.0000%  99.9997%
  [   181000,   181500)            1    0.0000%  99.9997%
  [   227000,   227500)            1    0.0000%  99.9997%
  [   230000,   230500)            1    0.0000%  99.9997%
  [   232000,   232500)            1    0.0000%  99.9997%
  [   246000,   246500)            1    0.0000%  99.9997%
  [   246500,   247000)            1    0.0000%  99.9997%
  [   248500,   249000)            1    0.0000%  99.9998%
  [   522500,   523000)            1    0.0000%  99.9998%
  [   527000,   527500)            2    0.0000%  99.9998%
  [   529500,   530000)            1    0.0000%  99.9998%
  [   541500,   542000)            1    0.0000%  99.9998%
  [   542000,   542500)            1    0.0000%  99.9998%
  [   545500,   546000)            1    0.0000%  99.9998%
  [   546500,   547000)            1    0.0000%  99.9998%
  [   547000,   547500)            1    0.0000%  99.9998%
  [   550000,   550500)            2    0.0000%  99.9998%
  [   550500,   551000)            1    0.0000%  99.9998%
  [   551500,   552000)            1    0.0000%  99.9998%
  [   552000,   552500)            1    0.0000%  99.9998%
  [   553500,   554000)            1    0.0000%  99.9998%
  [   555000,   555500)            2    0.0000%  99.9998%
  [   556000,   556500)            1    0.0000%  99.9998%
  [   557500,   558000)            2    0.0000%  99.9998%
  [   558000,   558500)            3    0.0000%  99.9998%
  [   558500,   559000)            1    0.0000%  99.9998%
  [   560500,   561000)            2    0.0000%  99.9998%
  [   561000,   561500)            1    0.0000%  99.9998%
  [   563000,   563500)            1    0.0000%  99.9998%
  [   564000,   564500)            1    0.0000%  99.9999%
  [   564500,   565000)            3    0.0000%  99.9999%
  [   565000,   565500)            1    0.0000%  99.9999%
  [   566000,   566500)            1    0.0000%  99.9999%
  [   567000,   567500)            1    0.0000%  99.9999%
  [   568500,   569000)            2    0.0000%  99.9999%
  [   569000,   569500)            1    0.0000%  99.9999%
  [   571000,   571500)            2    0.0000%  99.9999%
  [   572000,   572500)            1    0.0000%  99.9999%
  [   575000,   575500)            1    0.0000%  99.9999%
  [   575500,   576000)            2    0.0000%  99.9999%
  [   576500,   577000)            2    0.0000%  99.9999%
  [   577000,   577500)            2    0.0000%  99.9999%
  [   578000,   578500)            1    0.0000%  99.9999%
  [   578500,   579000)            2    0.0000%  99.9999%
  [   579500,   580000)            1    0.0000%  99.9999%
  [   580500,   581000)            1    0.0000%  99.9999%
  [   581500,   582000)            2    0.0000%  99.9999%
  [   583000,   583500)            2    0.0000%  99.9999%
  [   584500,   585000)            1    0.0000% 100.0000%
  [   586000,   586500)            3    0.0000% 100.0000%
  [   586500,   587000)            1    0.0000% 100.0000%
  [   591000,   591500)            1    0.0000% 100.0000%
  [   593500,   594000)            1    0.0000% 100.0000%
  [   595500,   596000)            1    0.0000% 100.0000%
  [   596000,   596500)            1    0.0000% 100.0000%
  [   596500,   597000)            1    0.0000% 100.0000%
  [   597000,   597500)            1    0.0000% 100.0000%
  [   600500,   601000)            1    0.0000% 100.0000%
  [   608500,   609000)            1    0.0000% 100.0000%
  [   613500,   614000)            1    0.0000% 100.0000%
  [   615500,   616000)            1    0.0000% 100.0000%

----- REMOTE OPERATIONS [node 0] -----
  ops total                = 28960096
  ops local  (cache hit)   = 2837456 (9.80%)
  ops remote (>=1 net op)  = 26122640 (90.20%)
  remote ops total         = 88678101
    rdma read              = 62555461
    rdma write             = 0
    rdma cas               = 0
    rpc pushdown           = 26122640
  remote ops / op          = 3.0621
  remote ops / remote op   = 3.3947

----- OFFLOADED TASKS [node 0] -----
  lookup pushdowns         = 26122640
  scan    pushdowns (RPC)  = 0
    kv pairs returned      = 0
    leaves scanned remotely= 0
    kv / scan pushdown     = 0.00
    leaves / scan pushdown = 0.00
  per-thread breakdown (tid: lookups | scans | kv | leaves):
    t0        745914 |          0 |          0 |          0
    t1        703008 |          0 |          0 |          0
    t2        747055 |          0 |          0 |          0
    t3        698582 |          0 |          0 |          0
    t4        747199 |          0 |          0 |          0
    t5        704823 |          0 |          0 |          0
    t6        749779 |          0 |          0 |          0
    t7        702796 |          0 |          0 |          0
    t8        751246 |          0 |          0 |          0
    t9        702753 |          0 |          0 |          0
    t10       750585 |          0 |          0 |          0
    t11       702819 |          0 |          0 |          0
    t12       750231 |          0 |          0 |          0
    t13       704192 |          0 |          0 |          0
    t14       747870 |          0 |          0 |          0
    t15       699956 |          0 |          0 |          0
    t16       746916 |          0 |          0 |          0
    t17       703045 |          0 |          0 |          0
    t18       748064 |          0 |          0 |          0
    t19       703435 |          0 |          0 |          0
    t20       748739 |          0 |          0 |          0
    t21       705011 |          0 |          0 |          0
    t22       748696 |          0 |          0 |          0
    t23       700842 |          0 |          0 |          0
    t24       750829 |          0 |          0 |          0
    t25       702485 |          0 |          0 |          0
    t26       744620 |          0 |          0 |          0
    t27       700705 |          0 |          0 |          0
    t28       751135 |          0 |          0 |          0
    t29       703897 |          0 |          0 |          0
    t30       751632 |          0 |          0 |          0
    t31       703673 |          0 |          0 |          0
    t32       750011 |          0 |          0 |          0
    t33       702600 |          0 |          0 |          0
    t34       746031 |          0 |          0 |          0
    t35       701466 |          0 |          0 |          0

----- PATH-AWARE CACHE MISS RATE [node 0] -----
  node accesses (hit+miss) = 572348750
  node cache hits          = 483672567 (84.51%)
  MISS RATE                = 15.4934%  (88676183 / 572348750)
  inner-node miss          = 87798629 (99.01% of misses, 15.3401% rate)
  leaf-node  miss          = 877554 (0.99% of misses, 0.1533% rate)
  total miss               = 88676183
  cache writebacks         = 0
=========================================================================

Round 0 (max_throughput): 2.44983 Mops/s
Round 0 (straggler_throughput): 2.4498 Mops/s
Before barrier finish
Avg. rdma read time(ms) = 0
Avg. rdma write time(ms) = -nan
Avg. rdma read / op = 2.16006
Avg. rdma write / op = 0
Avg. rdma cas / op = 0
Avg. rdma rpc / op = 0.902022
Avg. all rdma / op = 3.06208
Avg. rdma read size/ op = 1135.68
Avg. rdma write size / op = 0
Avg. rdma RW size / op = 1135.68
------------------------------------------
Node 0 average throughput = 2.41283
Node 0 total throughput = 2.44983
All CN throughput (Max) = 2.44983
All CN throughput (Straggler) = 2.4498
Final throughput = 2.4498
------------------------------------------
