nodes 2, threads 36, mix R/I/U/S=100/0/0/0, zipf-0.99, bulk 50M warmup 10M op 30M, offload 100%, scan_range 100
[4mshared memory size: 64GB, 0x7feeda800000[0m
[4mrdma cache size: 4GB[0m
[4mMachine NR: 2[0m
[4mCompute server 1 start up [10.30.1.6]
[0m
I connect server 0
[CONFIG node 1] bulk load: bottom-up build, 8 keys per leaf, 6 children per inner node (CHIME_BULK_BUILD / CHIME_BUILD_LEAF_KEYS / CHIME_BUILD_INNER_FANOUT)
[CONFIG node 1] clients on this node: yes (CHIME_MN_CLIENTS)
[CONFIG node 1] leaf cache by key=1 owner=1 admit_push=0.10 granule=16 (CHIME_LEAF_BY_KEY / CHIME_LEAF_OWNER / CHIME_LEAF_ADMIT_PUSH / CHIME_LEAF_KEY_GRANULE)
[CONFIG node 1] scan path: from_cache=1 offload_always=0 (CHIME_SCAN_FROM_CACHE / CHIME_SCAN_OFFLOAD_ALWAYS)
[CONFIG node 1] push ops: both (CHIME_PUSH_OPS; applies only with offloading on)
[CACHE node 1] total=512 MB index=32 MB leaf=480 MB
[CONFIG node 1] dir threads = 2 (CHIME_DIR_THREADS, max 16) -- MUST match the other node
[CORES node 1] linear pinning: app threads -> CPUs 0..35, main -> 79, dir threads -> 79 (REV_DIR_CPUS)
[CONFIG] hotspot buffer + speculative read: off (CHIME_HOTSPOT; stock CHIME: on above 50 MB)
 ----- [LeafCache]: budget=480 MB -> 157040 sets x 8 ways = 1256320 leaves (352 B/leaf, 480.0 MB) -----
 ----- [LeafCache]: by_key=1 (index 57.5 MB, granule 16 keys) owner=1 (no network check on a hit) admit_push=0.10 -----
workload generated: keyspace=50001000 bulk=50000000 warmup=9999972 op=29999988
[4mKey space set: keySpaceSize=50000000[0m
I am 36
I am 71
I am 37
I am 42
I am 43
I am 38
I am 40
I am 41
I am 39
I am 57
I am 51
I am 63
I am 46
I am 66
I am 69
I am 48
I am 65
I am 59
I am 47
I am 45
I am 49
I am 52
I am 60
I am 54
I am 50
I am 55
I am 58
I am 62
I am 61
I am 67
I am 64
I am 70
I am 68
I am 56
I am 44
I am 53
[build] leaves: 10% (625001/6250000)
[build] leaves: 20% (1250002/6250000)
[build] leaves: 30% (1875003/6250000)
[build] leaves: 40% (2500004/6250000)
[build] leaves: 50% (3125005/6250000)
[build] leaves: 60% (3750006/6250000)
[build] leaves: 70% (4375007/6250000)
[build] leaves: 80% (5000008/6250000)
[build] leaves: 90% (5625009/6250000)
[build] inner level 1: 1041667 nodes
[build] inner level 2: 173611 nodes
[build] inner level 3: 28935 nodes
[build] inner level 4: 4823 nodes
[build] inner level 5: 804 nodes
[build] inner level 6: 134 nodes
[build] inner level 7: 23 nodes
[build] inner level 8: 4 nodes
[build] inner level 9: 1 nodes
[build] done in 19.1s: height=10 leaves=6250000 inner_nodes=1250002 (8 keys per leaf, 6 children per inner node)
[TREE] height=10 leaves=6250000 inner_nodes=1250002 keys_per_leaf=8.00 inner_MB=399.4 leaf_MB=2104.0 total_MB=2503.4 (internal span 16, leaf span 16, node bytes inner=335 leaf=353)
node 1 warmup done in 28s
[INDEX] --- post-bulk-load cache occupancy (cache = 32 MB) ---
 ----- [TreeCache]:  cache size=32 MB free_size=0.000 MB skiplist_node_cnt=1185070 ----- 
consumed cache size = 32.000 MB
 ----- [IdxCache]:  cache size=0 MB free_size=0.000 MB ---- 
consumed hotspot buffer size = 0.000000 MB

 ----- [LeafCache]: capacity=1256320 leaves resident=1250992 (99.6% full, 419.9 MB) -----
[LEAFCACHE] hit=7359182 miss=2628816 stale=0 fill=2628816 hit_pct=73.680 admit_pct=100.000 resident=1250992 capacity=1256320 budget_mb=480
[LEAFKEY] by_key=1 owner=1 admit_push=0.10 key_hits=5668 push_admits=342
1, throughput 7.4811 Mops
1, throughput 7.5986 Mops
1, throughput 7.6049 Mops
1, throughput 7.5577 Mops
1, throughput 7.5887 Mops
1, throughput 7.6639 Mops
1, throughput 7.6910 Mops
1, throughput 6.7151 Mops
1, throughput 0.0861 Mops
[RESULT node 1] ops=29999988 elapsed=4.031s throughput=7.4432 Mops mode=op-bounded
[RDMA node 1] ops=29999988 posts=10669187 read_wr=6676161 read_bytes=457193883 write_wr=0 write_bytes=0 atomic_wr=0 send_wr=6375236 send_bytes=261384676
[RDMA node 1] per_op: round_trips=0.3556 reads=0.2225 writes=0.0000 atomics=0.0000 sends=0.2125 verbs=0.4350 bytes=24.0

==================== LATENCY BUCKETS (500 ns) [node 1] ====================
[LOOKUP]
  ALL                n=29999988   mean=    4.68us  p50=   1.50us  p90=  16.50us  p99=  25.50us  p99.9=  32.00us  max>=199.50us
  DIRECT (1-sided)   n=23624752   mean=    1.53us  p50=   1.50us  p90=   2.00us  p99=  15.00us  p99.9=  20.00us  max>=199.50us
  OFFLOAD (rpc)      n=6375236    mean=   16.39us  p50=  16.00us  p90=  22.00us  p99=  30.00us  p99.9=  34.50us  max>=169.00us
[ALL OPS]
  ALL                n=29999988   mean=    4.68us  p50=   1.50us  p90=  16.50us  p99=  25.50us  p99.9=  32.00us  max>=199.50us
  DIRECT (1-sided)   n=23624752   mean=    1.53us  p50=   1.50us  p90=   2.00us  p99=  15.00us  p99.9=  20.00us  max>=199.50us
  OFFLOAD (rpc)      n=6375236    mean=   16.39us  p50=  16.00us  p90=  22.00us  p99=  30.00us  p99.9=  34.50us  max>=169.00us

----- 500 ns bucket CDF (all ops) [node 1] -----
  bucket [lo,hi) ns             count        pct       cdf
  [        0,      500)      2057526    6.8584%   6.8584%
  [      500,     1000)      8846029   29.4868%  36.3452%
  [     1000,     1500)      7342196   24.4740%  60.8192%
  [     1500,     2000)      3203775   10.6793%  71.4984%
  [     2000,     2500)       849979    2.8333%  74.3317%
  [     2500,     3000)       235466    0.7849%  75.1166%
  [     3000,     3500)        99776    0.3326%  75.4492%
  [     3500,     4000)        59883    0.1996%  75.6488%
  [     4000,     4500)        48320    0.1611%  75.8099%
  [     4500,     5000)        42199    0.1407%  75.9505%
  [     5000,     5500)        37062    0.1235%  76.0741%
  [     5500,     6000)        31106    0.1037%  76.1778%
  [     6000,     6500)        24687    0.0823%  76.2600%
  [     6500,     7000)        20127    0.0671%  76.3271%
  [     7000,     7500)        18010    0.0600%  76.3872%
  [     7500,     8000)        18858    0.0629%  76.4500%
  [     8000,     8500)        25276    0.0843%  76.5343%
  [     8500,     9000)        38546    0.1285%  76.6628%
  [     9000,     9500)        59784    0.1993%  76.8620%
  [     9500,    10000)        89037    0.2968%  77.1588%
  [    10000,    10500)       125648    0.4188%  77.5777%
  [    10500,    11000)       167510    0.5584%  78.1360%
  [    11000,    11500)       212938    0.7098%  78.8458%
  [    11500,    12000)       255564    0.8519%  79.6977%
  [    12000,    12500)       293045    0.9768%  80.6745%
  [    12500,    13000)       324787    1.0826%  81.7571%
  [    13000,    13500)       355514    1.1850%  82.9422%
  [    13500,    14000)       378922    1.2631%  84.2053%
  [    14000,    14500)       394597    1.3153%  85.5206%
  [    14500,    15000)       399466    1.3316%  86.8521%
  [    15000,    15500)       395362    1.3179%  88.1700%
  [    15500,    16000)       385106    1.2837%  89.4537%
  [    16000,    16500)       365186    1.2173%  90.6710%
  [    16500,    17000)       338494    1.1283%  91.7993%
  [    17000,    17500)       309944    1.0331%  92.8325%
  [    17500,    18000)       279844    0.9328%  93.7653%
  [    18000,    18500)       247718    0.8257%  94.5910%
  [    18500,    19000)       216600    0.7220%  95.3130%
  [    19000,    19500)       187247    0.6242%  95.9372%
  [    19500,    20000)       158608    0.5287%  96.4658%
  [    20000,    20500)       135046    0.4502%  96.9160%
  [    20500,    21000)       113760    0.3792%  97.2952%
  [    21000,    21500)        96391    0.3213%  97.6165%
  [    21500,    22000)        81757    0.2725%  97.8890%
  [    22000,    22500)        71101    0.2370%  98.1260%
  [    22500,    23000)        61934    0.2064%  98.3325%
  [    23000,    23500)        54816    0.1827%  98.5152%
  [    23500,    24000)        49514    0.1650%  98.6802%
  [    24000,    24500)        45042    0.1501%  98.8304%
  [    24500,    25000)        41560    0.1385%  98.9689%
  [    25000,    25500)        38230    0.1274%  99.0963%
  [    25500,    26000)        35018    0.1167%  99.2131%
  [    26000,    26500)        32078    0.1069%  99.3200%
  [    26500,    27000)        29046    0.0968%  99.4168%
  [    27000,    27500)        26097    0.0870%  99.5038%
  [    27500,    28000)        23323    0.0777%  99.5816%
  [    28000,    28500)        20692    0.0690%  99.6505%
  [    28500,    29000)        17938    0.0598%  99.7103%
  [    29000,    29500)        15266    0.0509%  99.7612%
  [    29500,    30000)        13040    0.0435%  99.8047%
  [    30000,    30500)        10942    0.0365%  99.8411%
  [    30500,    31000)         9149    0.0305%  99.8716%
  [    31000,    31500)         7413    0.0247%  99.8964%
  [    31500,    32000)         6143    0.0205%  99.9168%
  [    32000,    32500)         4816    0.0161%  99.9329%
  [    32500,    33000)         3805    0.0127%  99.9456%
  [    33000,    33500)         2958    0.0099%  99.9554%
  [    33500,    34000)         2523    0.0084%  99.9638%
  [    34000,    34500)         1865    0.0062%  99.9701%
  [    34500,    35000)         1454    0.0048%  99.9749%
  [    35000,    35500)         1192    0.0040%  99.9789%
  [    35500,    36000)          925    0.0031%  99.9820%
  [    36000,    36500)          681    0.0023%  99.9842%
  [    36500,    37000)          565    0.0019%  99.9861%
  [    37000,    37500)          459    0.0015%  99.9876%
  [    37500,    38000)          337    0.0011%  99.9888%
  [    38000,    38500)          275    0.0009%  99.9897%
  [    38500,    39000)          271    0.0009%  99.9906%
  [    39000,    39500)          193    0.0006%  99.9912%
  [    39500,    40000)          164    0.0005%  99.9918%
  [    40000,    40500)          152    0.0005%  99.9923%
  [    40500,    41000)          111    0.0004%  99.9927%
  [    41000,    41500)          115    0.0004%  99.9930%
  [    41500,    42000)           75    0.0003%  99.9933%
  [    42000,    42500)           93    0.0003%  99.9936%
  [    42500,    43000)           87    0.0003%  99.9939%
  [    43000,    43500)           72    0.0002%  99.9941%
  [    43500,    44000)           76    0.0003%  99.9944%
  [    44000,    44500)           58    0.0002%  99.9946%
  [    44500,    45000)           70    0.0002%  99.9948%
  [    45000,    45500)           77    0.0003%  99.9951%
  [    45500,    46000)           57    0.0002%  99.9953%
  [    46000,    46500)           45    0.0002%  99.9954%
  [    46500,    47000)           41    0.0001%  99.9955%
  [    47000,    47500)           49    0.0002%  99.9957%
  [    47500,    48000)           44    0.0001%  99.9958%
  [    48000,    48500)           33    0.0001%  99.9960%
  [    48500,    49000)           30    0.0001%  99.9961%
  [    49000,    49500)           31    0.0001%  99.9962%
  [    49500,    50000)           25    0.0001%  99.9962%
  [    50000,    50500)           28    0.0001%  99.9963%
  [    50500,    51000)           30    0.0001%  99.9964%
  [    51000,    51500)           31    0.0001%  99.9965%
  [    51500,    52000)           32    0.0001%  99.9966%
  [    52000,    52500)           31    0.0001%  99.9968%
  [    52500,    53000)           32    0.0001%  99.9969%
  [    53000,    53500)           28    0.0001%  99.9970%
  [    53500,    54000)           26    0.0001%  99.9970%
  [    54000,    54500)           20    0.0001%  99.9971%
  [    54500,    55000)           26    0.0001%  99.9972%
  [    55000,    55500)           23    0.0001%  99.9973%
  [    55500,    56000)           28    0.0001%  99.9974%
  [    56000,    56500)           19    0.0001%  99.9974%
  [    56500,    57000)           18    0.0001%  99.9975%
  [    57000,    57500)           19    0.0001%  99.9975%
  [    57500,    58000)           21    0.0001%  99.9976%
  [    58000,    58500)           29    0.0001%  99.9977%
  [    58500,    59000)           15    0.0001%  99.9978%
  [    59000,    59500)           21    0.0001%  99.9978%
  [    59500,    60000)           19    0.0001%  99.9979%
  [    60000,    60500)           20    0.0001%  99.9980%
  [    60500,    61000)           22    0.0001%  99.9980%
  [    61000,    61500)           13    0.0000%  99.9981%
  [    61500,    62000)            8    0.0000%  99.9981%
  [    62000,    62500)           17    0.0001%  99.9982%
  [    62500,    63000)           21    0.0001%  99.9982%
  [    63000,    63500)           13    0.0000%  99.9983%
  [    63500,    64000)           13    0.0000%  99.9983%
  [    64000,    64500)           18    0.0001%  99.9984%
  [    64500,    65000)           15    0.0001%  99.9984%
  [    65000,    65500)           15    0.0001%  99.9985%
  [    65500,    66000)           15    0.0001%  99.9985%
  [    66000,    66500)           10    0.0000%  99.9986%
  [    66500,    67000)           13    0.0000%  99.9986%
  [    67000,    67500)           14    0.0000%  99.9987%
  [    67500,    68000)           12    0.0000%  99.9987%
  [    68000,    68500)           16    0.0001%  99.9987%
  [    68500,    69000)            8    0.0000%  99.9988%
  [    69000,    69500)           10    0.0000%  99.9988%
  [    69500,    70000)            4    0.0000%  99.9988%
  [    70000,    70500)            9    0.0000%  99.9989%
  [    70500,    71000)            9    0.0000%  99.9989%
  [    71000,    71500)            7    0.0000%  99.9989%
  [    71500,    72000)            5    0.0000%  99.9989%
  [    72000,    72500)            9    0.0000%  99.9990%
  [    72500,    73000)            7    0.0000%  99.9990%
  [    73000,    73500)            2    0.0000%  99.9990%
  [    73500,    74000)            5    0.0000%  99.9990%
  [    74000,    74500)            7    0.0000%  99.9990%
  [    74500,    75000)            2    0.0000%  99.9990%
  [    75000,    75500)            8    0.0000%  99.9991%
  [    75500,    76000)            3    0.0000%  99.9991%
  [    76000,    76500)            2    0.0000%  99.9991%
  [    76500,    77000)            5    0.0000%  99.9991%
  [    77000,    77500)            4    0.0000%  99.9991%
  [    77500,    78000)            3    0.0000%  99.9991%
  [    78000,    78500)            4    0.0000%  99.9991%
  [    78500,    79000)            2    0.0000%  99.9991%
  [    79000,    79500)            2    0.0000%  99.9991%
  [    79500,    80000)            3    0.0000%  99.9991%
  [    80500,    81000)            2    0.0000%  99.9992%
  [    81000,    81500)            1    0.0000%  99.9992%
  [    81500,    82000)            1    0.0000%  99.9992%
  [    82500,    83000)            5    0.0000%  99.9992%
  [    83000,    83500)            1    0.0000%  99.9992%
  [    83500,    84000)            1    0.0000%  99.9992%
  [    84000,    84500)            3    0.0000%  99.9992%
  [    84500,    85000)            3    0.0000%  99.9992%
  [    85000,    85500)            1    0.0000%  99.9992%
  [    85500,    86000)            3    0.0000%  99.9992%
  [    86000,    86500)            5    0.0000%  99.9992%
  [    86500,    87000)            3    0.0000%  99.9992%
  [    87000,    87500)            1    0.0000%  99.9992%
  [    87500,    88000)            1    0.0000%  99.9993%
  [    88000,    88500)            1    0.0000%  99.9993%
  [    88500,    89000)            5    0.0000%  99.9993%
  [    89000,    89500)            3    0.0000%  99.9993%
  [    89500,    90000)            3    0.0000%  99.9993%
  [    90000,    90500)            2    0.0000%  99.9993%
  [    90500,    91000)            2    0.0000%  99.9993%
  [    91000,    91500)            3    0.0000%  99.9993%
  [    92000,    92500)            4    0.0000%  99.9993%
  [    92500,    93000)            2    0.0000%  99.9993%
  [    93000,    93500)            1    0.0000%  99.9993%
  [    93500,    94000)            3    0.0000%  99.9993%
  [    94000,    94500)            3    0.0000%  99.9994%
  [    94500,    95000)            3    0.0000%  99.9994%
  [    95000,    95500)            3    0.0000%  99.9994%
  [    95500,    96000)            2    0.0000%  99.9994%
  [    96000,    96500)            4    0.0000%  99.9994%
  [    97000,    97500)            1    0.0000%  99.9994%
  [    97500,    98000)            3    0.0000%  99.9994%
  [    98000,    98500)            1    0.0000%  99.9994%
  [    98500,    99000)            4    0.0000%  99.9994%
  [    99000,    99500)            4    0.0000%  99.9994%
  [    99500,   100000)            1    0.0000%  99.9994%
  [   100000,   100500)            1    0.0000%  99.9994%
  [   100500,   101000)            1    0.0000%  99.9995%
  [   101000,   101500)            1    0.0000%  99.9995%
  [   101500,   102000)            2    0.0000%  99.9995%
  [   102500,   103000)            4    0.0000%  99.9995%
  [   103000,   103500)            1    0.0000%  99.9995%
  [   103500,   104000)            1    0.0000%  99.9995%
  [   104000,   104500)            1    0.0000%  99.9995%
  [   105000,   105500)            2    0.0000%  99.9995%
  [   105500,   106000)            1    0.0000%  99.9995%
  [   106000,   106500)            1    0.0000%  99.9995%
  [   106500,   107000)            1    0.0000%  99.9995%
  [   107000,   107500)            1    0.0000%  99.9995%
  [   107500,   108000)            2    0.0000%  99.9995%
  [   109000,   109500)            1    0.0000%  99.9995%
  [   109500,   110000)            2    0.0000%  99.9995%
  [   110000,   110500)            1    0.0000%  99.9995%
  [   110500,   111000)            4    0.0000%  99.9995%
  [   111000,   111500)            2    0.0000%  99.9995%
  [   111500,   112000)            1    0.0000%  99.9995%
  [   112000,   112500)            3    0.0000%  99.9996%
  [   112500,   113000)            1    0.0000%  99.9996%
  [   113000,   113500)            1    0.0000%  99.9996%
  [   114000,   114500)            1    0.0000%  99.9996%
  [   114500,   115000)            3    0.0000%  99.9996%
  [   115500,   116000)            1    0.0000%  99.9996%
  [   116000,   116500)            1    0.0000%  99.9996%
  [   116500,   117000)            2    0.0000%  99.9996%
  [   117000,   117500)            1    0.0000%  99.9996%
  [   117500,   118000)            4    0.0000%  99.9996%
  [   118000,   118500)            1    0.0000%  99.9996%
  [   118500,   119000)            2    0.0000%  99.9996%
  [   119000,   119500)            2    0.0000%  99.9996%
  [   119500,   120000)            4    0.0000%  99.9996%
  [   120000,   120500)            5    0.0000%  99.9997%
  [   120500,   121000)            3    0.0000%  99.9997%
  [   121000,   121500)            3    0.0000%  99.9997%
  [   121500,   122000)            1    0.0000%  99.9997%
  [   122000,   122500)            1    0.0000%  99.9997%
  [   122500,   123000)            2    0.0000%  99.9997%
  [   123000,   123500)            5    0.0000%  99.9997%
  [   123500,   124000)            3    0.0000%  99.9997%
  [   124000,   124500)            1    0.0000%  99.9997%
  [   124500,   125000)            1    0.0000%  99.9997%
  [   125000,   125500)            4    0.0000%  99.9997%
  [   125500,   126000)            4    0.0000%  99.9997%
  [   126000,   126500)            1    0.0000%  99.9998%
  [   126500,   127000)            2    0.0000%  99.9998%
  [   127000,   127500)            2    0.0000%  99.9998%
  [   127500,   128000)            2    0.0000%  99.9998%
  [   128000,   128500)            4    0.0000%  99.9998%
  [   128500,   129000)            1    0.0000%  99.9998%
  [   129000,   129500)            2    0.0000%  99.9998%
  [   129500,   130000)            1    0.0000%  99.9998%
  [   130000,   130500)            1    0.0000%  99.9998%
  [   130500,   131000)            2    0.0000%  99.9998%
  [   131000,   131500)            3    0.0000%  99.9998%
  [   131500,   132000)            1    0.0000%  99.9998%
  [   132000,   132500)            4    0.0000%  99.9998%
  [   132500,   133000)            2    0.0000%  99.9998%
  [   133000,   133500)            1    0.0000%  99.9998%
  [   133500,   134000)            4    0.0000%  99.9999%
  [   134000,   134500)            1    0.0000%  99.9999%
  [   134500,   135000)            2    0.0000%  99.9999%
  [   135500,   136000)            1    0.0000%  99.9999%
  [   136000,   136500)            2    0.0000%  99.9999%
  [   136500,   137000)            3    0.0000%  99.9999%
  [   137500,   138000)            3    0.0000%  99.9999%
  [   139500,   140000)            1    0.0000%  99.9999%
  [   140500,   141000)            1    0.0000%  99.9999%
  [   146500,   147000)            1    0.0000%  99.9999%
  [   147500,   148000)            1    0.0000%  99.9999%
  [   152000,   152500)            3    0.0000%  99.9999%
  [   155500,   156000)            1    0.0000%  99.9999%
  [   156500,   157000)            1    0.0000%  99.9999%
  [   161500,   162000)            1    0.0000%  99.9999%
  [   168500,   169000)            2    0.0000%  99.9999%
  [   170500,   171000)            1    0.0000%  99.9999%
  [   171500,   172000)            1    0.0000%  99.9999%
  [   172000,   172500)            1    0.0000%  99.9999%
  [   172500,   173000)            1    0.0000% 100.0000%
  [   173500,   174000)            1    0.0000% 100.0000%
  [   174500,   175000)            1    0.0000% 100.0000%
  [   176000,   176500)            1    0.0000% 100.0000%
  [   176500,   177000)            1    0.0000% 100.0000%
  [   179000,   179500)            1    0.0000% 100.0000%
  [   180500,   181000)            1    0.0000% 100.0000%
  [   181500,   182000)            1    0.0000% 100.0000%
  [   182000,   182500)            2    0.0000% 100.0000%
  [   182500,   183000)            1    0.0000% 100.0000%
  [   183000,   183500)            1    0.0000% 100.0000%
  [   184000,   184500)            1    0.0000% 100.0000%
  [   184500,   185000)            1    0.0000% 100.0000%
  [   199000,   199500)            1    0.0000% 100.0000%

----- OFFLOADED TASKS [node 1] -----
  ops total                = 29999988
  ops direct (1-sided)     = 23624752 (78.75%)
  ops offload (rpc)        = 6375236 (21.25%)
  lookup pushdowns         = 6375236
  scan   pushdowns (RPC)   = 0
    kv pairs returned      = 0
    leaves scanned remotely= 0
    kv / scan pushdown     = 0.00
    leaves / scan pushdown = 0.00
=========================================================================

[CORRECTNESS node 1] lookup found 29999482 / 29999988 = 99.9983%
[READPATH node 1] lookups=29999988  index-cache hit=49.6%  per lookup: leaf=0.021 speculative=0.000 (right 0.0%) hop-reads=0.000 (two-segment 0.000) retries=0.000 invalid=0.000 sibling=0.000  => est. leaf round trips/lookup=0.000
 ----- [LeafCache]: capacity=1256320 leaves resident=1255832 (100.0% full, 421.6 MB) -----
[LEAFCACHE] hit=22787038 miss=599626 stale=0 fill=1191105 hit_pct=97.436 admit_pct=198.641 resident=1255832 capacity=1256320 budget_mb=480
[LEAFKEY] by_key=1 owner=1 admit_push=0.10 key_hits=22748828 push_admits=591479

----- PER-LEVEL CACHE HITS [node 1] (lookups; level 0 = leaf) -----
[LEVEL] level=0 hits=22787038 misses=6974862 hit_rate=0.7656
[LEVEL] level=1 hits=637836 misses=6375236 hit_rate=0.0909
[LEVEL] level=2 hits=2883922 misses=4129150 hit_rate=0.4112
[LEVEL] level=3 hits=3880966 misses=3132106 hit_rate=0.5534
[LEVEL] level=4 hits=3909587 misses=3103485 hit_rate=0.5575
[LEVEL] level=5 hits=3910226 misses=3102846 hit_rate=0.5576
[LEVEL] level=6 hits=3910226 misses=3102846 hit_rate=0.5576
[LEVEL] level=7 hits=3910226 misses=3102846 hit_rate=0.5576
[LEVEL] level=8 hits=3910226 misses=3102846 hit_rate=0.5576
[LEVEL] level=9 hits=3910226 misses=3102846 hit_rate=0.5576
[KIND node 1] lookups=29761900 inner_visits=63117648 inner_hits=30863441 inner_hit_pct=48.90 leaf_visits=29761900 leaf_hits=22787038 leaf_hit_pct=76.56
[END]
