nodes 2, threads 36, mix R/I/U/S=50/0/0/50, zipf-0.99, bulk 50M warmup 10M op 30M, offload 100%, scan_range 100
[4mshared memory size: 64GB, 0x7f93efc00000[0m
[4mrdma cache size: 4GB[0m
[4mMachine NR: 2[0m
[4mCompute server 0 start up [10.30.1.8]
[0m
I connect server 1
[4mdir 1 launch! (core 78 of 80)
[0m
[4mdir 0 launch! (core 79 of 80)
[0m
[4mdir 2 launch! (core 77 of 80)
[0m
[4mdir 3 launch! (core 76 of 80)
[0m
[4mdir 4 launch! (core 75 of 80)
[0m
[4mdir 6 launch! (core 73 of 80)
[0m
[4mdir 5 launch! (core 74 of 80)
[0m
[4mdir 7 launch! (core 72 of 80)
[0m
[4mdir 8 launch! (core 71 of 80)
[0m
[4mdir 9 launch! (core 70 of 80)
[0m
[4mdir 10 launch! (core 69 of 80)
[0m
[4mdir 11 launch! (core 68 of 80)
[0m
[4mdir 12 launch! (core 67 of 80)
[0m
[4mdir 13 launch! (core 66 of 80)
[0m
[4mMemory server 0 start up (16/16 dir threads active)[0m
[4mdir 14 launch! (core 65 of 80)
[0m
[4mdir 15 launch! (core 64 of 80)
[0m
[CONFIG node 0] bulk load: bottom-up build, 8 keys per leaf, 6 children per inner node (CHIME_BULK_BUILD / CHIME_BUILD_LEAF_KEYS / CHIME_BUILD_INNER_FANOUT)
[CONFIG node 0] clients on this node: no (CHIME_MN_CLIENTS)
[CONFIG node 0] scan path: from_cache=1 offload_always=1 (CHIME_SCAN_FROM_CACHE / CHIME_SCAN_OFFLOAD_ALWAYS)
[CONFIG node 0] push ops: scan (CHIME_PUSH_OPS; applies only with offloading on)
[CACHE node 0] total=32 MB index=32 MB leaf=0 MB
index cache = 32 MB (CHIME_CACHE_MB)
[CONFIG] leaf cache = OFF  (CHIME_CACHE_LEAF / CHIME_LEAF_CACHE_PCT)
[CONFIG node 0] dir threads = 16 (CHIME_DIR_THREADS, max 16) -- MUST match the other node
[CORES node 0] linear pinning: app threads -> CPUs 0..35, main -> 0, dir threads -> 79,78,77,76,75,74,73,72,71,70,69,68,67,66,65,64,63,62,61,60,59,58,57,56,55,54,53,52,51,50,49,48,47,46,45,44,43,42,41,40,39,38,37,36,35,34,33,32,31,30,29,28,27,26,25,24,23,22,21,20,19,18,17,16,15,14,13,12,11,10,9,8,7,6,5,4,3,2,1,0 (REV_DIR_CPUS)
[GEOMETRY] leaf    : span=16 val=8B trans=329B alloc=353B
[GEOMETRY] internal: span=16        trans=319B alloc=335B
[GEOMETRY] internal/leaf = 0.97x  (OK: internal < leaf)
[GEOMETRY] tree ~= 3.12M leaves * 329B = 0.96 GB
[GEOMETRY] index ~= 63.4 MB (leaves 100% full; TRUE value is HIGHER --
[GEOMETRY]          read '[TreeCache] consumed cache size' below)
[CONFIG] hotspot buffer + speculative read: off (CHIME_HOTSPOT; stock CHIME: on above 50 MB)
[CONFIG] offload rate = 100%, min cache-boundary level = 2 (offload cache MISSES only)
[CONFIG] warmup offload rate = 0% (CHIME_WARMUP_OFFLOAD); measured phase uses 100%

----- REMOTE CPU LOAD (memory node dir-threads, 2s window) -----
  dir 0: active=  0.00%  msgs=0           0 ns/msg
  dir 1: active=  0.00%  msgs=1           4386 ns/msg
  dir 2: active=  0.00%  msgs=0           0 ns/msg
  dir 3: active=  0.00%  msgs=0           0 ns/msg
  dir 4: active=  0.00%  msgs=0           0 ns/msg
  dir 5: active=  0.00%  msgs=0           0 ns/msg
  dir 6: active=  0.00%  msgs=0           0 ns/msg
  dir 7: active=  0.00%  msgs=0           0 ns/msg
  dir 8: active=  0.00%  msgs=0           0 ns/msg
  dir 9: active=  0.00%  msgs=0           0 ns/msg
  dir 10: active=  0.00%  msgs=0           0 ns/msg
  dir 11: active=  0.00%  msgs=0           0 ns/msg
  dir 12: active=  0.00%  msgs=0           0 ns/msg
  dir 13: active=  0.00%  msgs=0           0 ns/msg
  dir 14: active=  0.00%  msgs=0           0 ns/msg
  dir 15: active=  0.00%  msgs=0           0 ns/msg
  AGGREGATE active = 0.00% (of 16 dir-threads; 0.00% per-thread avg)  msgs=1

----- REMOTE CPU LOAD (memory node dir-threads, 2s window) -----
  dir 0: active=  0.00%  msgs=0           0 ns/msg
  dir 1: active=  0.00%  msgs=0           0 ns/msg
  dir 2: active=  0.00%  msgs=0           0 ns/msg
  dir 3: active=  0.00%  msgs=0           0 ns/msg
  dir 4: active=  0.00%  msgs=0           0 ns/msg
  dir 5: active=  0.00%  msgs=0           0 ns/msg
  dir 6: active=  0.00%  msgs=0           0 ns/msg
  dir 7: active=  0.00%  msgs=0           0 ns/msg
  dir 8: active=  0.00%  msgs=0           0 ns/msg
  dir 9: active=  0.00%  msgs=0           0 ns/msg
  dir 10: active=  0.00%  msgs=0           0 ns/msg
  dir 11: active=  0.00%  msgs=0           0 ns/msg
  dir 12: active=  0.00%  msgs=0           0 ns/msg
  dir 13: active=  0.00%  msgs=0           0 ns/msg
  dir 14: active=  0.00%  msgs=0           0 ns/msg
  dir 15: active=  0.00%  msgs=0           0 ns/msg
  AGGREGATE active = 0.00% (of 16 dir-threads; 0.00% per-thread avg)  msgs=0

----- REMOTE CPU LOAD (memory node dir-threads, 2s window) -----
  dir 0: active=  0.00%  msgs=0           0 ns/msg
  dir 1: active=  0.00%  msgs=0           0 ns/msg
  dir 2: active=  0.00%  msgs=0           0 ns/msg
  dir 3: active=  0.00%  msgs=0           0 ns/msg
  dir 4: active=  0.00%  msgs=0           0 ns/msg
  dir 5: active=  0.00%  msgs=0           0 ns/msg
  dir 6: active=  0.00%  msgs=0           0 ns/msg
  dir 7: active=  0.00%  msgs=0           0 ns/msg
  dir 8: active=  0.00%  msgs=0           0 ns/msg
  dir 9: active=  0.00%  msgs=0           0 ns/msg
  dir 10: active=  0.00%  msgs=0           0 ns/msg
  dir 11: active=  0.00%  msgs=0           0 ns/msg
  dir 12: active=  0.00%  msgs=0           0 ns/msg
  dir 13: active=  0.00%  msgs=0           0 ns/msg
  dir 14: active=  0.00%  msgs=0           0 ns/msg
  dir 15: active=  0.00%  msgs=0           0 ns/msg
  AGGREGATE active = 0.00% (of 16 dir-threads; 0.00% per-thread avg)  msgs=0
workload generated: keyspace=50001000 bulk=50000000 warmup=9999972 op=29999988
[4mKey space set: keySpaceSize=50000000[0m

----- REMOTE CPU LOAD (memory node dir-threads, 2s window) -----
  dir 0: active=  0.00%  msgs=0           0 ns/msg
  dir 1: active=  0.00%  msgs=0           0 ns/msg
  dir 2: active=  0.00%  msgs=0           0 ns/msg
  dir 3: active=  0.00%  msgs=0           0 ns/msg
  dir 4: active=  0.00%  msgs=0           0 ns/msg
  dir 5: active=  0.00%  msgs=0           0 ns/msg
  dir 6: active=  0.00%  msgs=0           0 ns/msg
  dir 7: active=  0.00%  msgs=0           0 ns/msg
  dir 8: active=  0.00%  msgs=0           0 ns/msg
  dir 9: active=  0.00%  msgs=0           0 ns/msg
  dir 10: active=  0.00%  msgs=0           0 ns/msg
  dir 11: active=  0.00%  msgs=0           0 ns/msg
  dir 12: active=  0.00%  msgs=0           0 ns/msg
  dir 13: active=  0.00%  msgs=0           0 ns/msg
  dir 14: active=  0.00%  msgs=0           0 ns/msg
  dir 15: active=  0.00%  msgs=0           0 ns/msg
  AGGREGATE active = 0.00% (of 16 dir-threads; 0.00% per-thread avg)  msgs=0
I am 0
I am 4
I am 1
I am 2
I am 3
I am 29
I am 35
I am 24
I am 25
I am 21
I am 27
I am 5
I am 14
I am 16
I am 15
I am 7
I am 18
I am 19
I am 17
I am 10
I am 33
I am 23
I am 9
I am 6
I am 13
I am 11
I am 31
I am 30
I am 20
I am 22
I am 32
I am 26
I am 34
I am 12
I am 8
I am 28

----- REMOTE CPU LOAD (memory node dir-threads, 2s window) -----
  dir 0: active=  0.00%  msgs=9           501 ns/msg
  dir 1: active=  0.00%  msgs=9           432 ns/msg
  dir 2: active=  0.00%  msgs=9           622 ns/msg
  dir 3: active=  0.00%  msgs=9           776 ns/msg
  dir 4: active=  0.00%  msgs=9           849 ns/msg
  dir 5: active=  0.00%  msgs=9           609 ns/msg
  dir 6: active=  0.00%  msgs=9           528 ns/msg
  dir 7: active=  0.00%  msgs=9           643 ns/msg
  dir 8: active=  0.00%  msgs=9           522 ns/msg
  dir 9: active=  0.00%  msgs=9           517 ns/msg
  dir 10: active=  0.00%  msgs=9           618 ns/msg
  dir 11: active=  0.00%  msgs=9           598 ns/msg
  dir 12: active=  0.00%  msgs=9           519 ns/msg
  dir 13: active=  0.00%  msgs=9           719 ns/msg
  dir 14: active=  0.00%  msgs=9           530 ns/msg
  dir 15: active=  0.00%  msgs=9           541 ns/msg
  AGGREGATE active = 0.00% (of 16 dir-threads; 0.00% per-thread avg)  msgs=144

----- REMOTE CPU LOAD (memory node dir-threads, 2s window) -----
  dir 0: active=  0.00%  msgs=0           0 ns/msg
  dir 1: active=  0.00%  msgs=0           0 ns/msg
  dir 2: active=  0.00%  msgs=0           0 ns/msg
  dir 3: active=  0.00%  msgs=0           0 ns/msg
  dir 4: active=  0.00%  msgs=0           0 ns/msg
  dir 5: active=  0.00%  msgs=0           0 ns/msg
  dir 6: active=  0.00%  msgs=0           0 ns/msg
  dir 7: active=  0.00%  msgs=0           0 ns/msg
  dir 8: active=  0.00%  msgs=0           0 ns/msg
  dir 9: active=  0.00%  msgs=0           0 ns/msg
  dir 10: active=  0.00%  msgs=0           0 ns/msg
  dir 11: active=  0.00%  msgs=0           0 ns/msg
  dir 12: active=  0.00%  msgs=0           0 ns/msg
  dir 13: active=  0.00%  msgs=0           0 ns/msg
  dir 14: active=  0.00%  msgs=0           0 ns/msg
  dir 15: active=  0.00%  msgs=0           0 ns/msg
  AGGREGATE active = 0.00% (of 16 dir-threads; 0.00% per-thread avg)  msgs=0

----- REMOTE CPU LOAD (memory node dir-threads, 2s window) -----
  dir 0: active=  0.00%  msgs=0           0 ns/msg
  dir 1: active=  0.00%  msgs=0           0 ns/msg
  dir 2: active=  0.00%  msgs=0           0 ns/msg
  dir 3: active=  0.00%  msgs=0           0 ns/msg
  dir 4: active=  0.00%  msgs=0           0 ns/msg
  dir 5: active=  0.00%  msgs=0           0 ns/msg
  dir 6: active=  0.00%  msgs=0           0 ns/msg
  dir 7: active=  0.00%  msgs=0           0 ns/msg
  dir 8: active=  0.00%  msgs=0           0 ns/msg
  dir 9: active=  0.00%  msgs=0           0 ns/msg
  dir 10: active=  0.00%  msgs=0           0 ns/msg
  dir 11: active=  0.00%  msgs=0           0 ns/msg
  dir 12: active=  0.00%  msgs=0           0 ns/msg
  dir 13: active=  0.00%  msgs=0           0 ns/msg
  dir 14: active=  0.00%  msgs=0           0 ns/msg
  dir 15: active=  0.00%  msgs=0           0 ns/msg
  AGGREGATE active = 0.00% (of 16 dir-threads; 0.00% per-thread avg)  msgs=0

----- REMOTE CPU LOAD (memory node dir-threads, 2s window) -----
  dir 0: active=  0.00%  msgs=0           0 ns/msg
  dir 1: active=  0.00%  msgs=0           0 ns/msg
  dir 2: active=  0.00%  msgs=0           0 ns/msg
  dir 3: active=  0.00%  msgs=0           0 ns/msg
  dir 4: active=  0.00%  msgs=0           0 ns/msg
  dir 5: active=  0.00%  msgs=0           0 ns/msg
  dir 6: active=  0.00%  msgs=0           0 ns/msg
  dir 7: active=  0.00%  msgs=0           0 ns/msg
  dir 8: active=  0.00%  msgs=0           0 ns/msg
  dir 9: active=  0.00%  msgs=0           0 ns/msg
  dir 10: active=  0.00%  msgs=0           0 ns/msg
  dir 11: active=  0.00%  msgs=0           0 ns/msg
  dir 12: active=  0.00%  msgs=0           0 ns/msg
  dir 13: active=  0.00%  msgs=0           0 ns/msg
  dir 14: active=  0.00%  msgs=0           0 ns/msg
  dir 15: active=  0.00%  msgs=0           0 ns/msg
  AGGREGATE active = 0.00% (of 16 dir-threads; 0.00% per-thread avg)  msgs=0

----- REMOTE CPU LOAD (memory node dir-threads, 2s window) -----
  dir 0: active=  0.00%  msgs=0           0 ns/msg
  dir 1: active=  0.00%  msgs=0           0 ns/msg
  dir 2: active=  0.00%  msgs=0           0 ns/msg
  dir 3: active=  0.00%  msgs=0           0 ns/msg
  dir 4: active=  0.00%  msgs=0           0 ns/msg
  dir 5: active=  0.00%  msgs=0           0 ns/msg
  dir 6: active=  0.00%  msgs=0           0 ns/msg
  dir 7: active=  0.00%  msgs=0           0 ns/msg
  dir 8: active=  0.00%  msgs=0           0 ns/msg
  dir 9: active=  0.00%  msgs=0           0 ns/msg
  dir 10: active=  0.00%  msgs=0           0 ns/msg
  dir 11: active=  0.00%  msgs=0           0 ns/msg
  dir 12: active=  0.00%  msgs=0           0 ns/msg
  dir 13: active=  0.00%  msgs=0           0 ns/msg
  dir 14: active=  0.00%  msgs=0           0 ns/msg
  dir 15: active=  0.00%  msgs=0           0 ns/msg
  AGGREGATE active = 0.00% (of 16 dir-threads; 0.00% per-thread avg)  msgs=0

----- REMOTE CPU LOAD (memory node dir-threads, 2s window) -----
  dir 0: active=  0.00%  msgs=0           0 ns/msg
  dir 1: active=  0.00%  msgs=0           0 ns/msg
  dir 2: active=  0.00%  msgs=0           0 ns/msg
  dir 3: active=  0.00%  msgs=0           0 ns/msg
  dir 4: active=  0.00%  msgs=0           0 ns/msg
  dir 5: active=  0.00%  msgs=0           0 ns/msg
  dir 6: active=  0.00%  msgs=0           0 ns/msg
  dir 7: active=  0.00%  msgs=0           0 ns/msg
  dir 8: active=  0.00%  msgs=0           0 ns/msg
  dir 9: active=  0.00%  msgs=0           0 ns/msg
  dir 10: active=  0.00%  msgs=0           0 ns/msg
  dir 11: active=  0.00%  msgs=0           0 ns/msg
  dir 12: active=  0.00%  msgs=0           0 ns/msg
  dir 13: active=  0.00%  msgs=0           0 ns/msg
  dir 14: active=  0.00%  msgs=0           0 ns/msg
  dir 15: active=  0.00%  msgs=0           0 ns/msg
  AGGREGATE active = 0.00% (of 16 dir-threads; 0.00% per-thread avg)  msgs=0

----- REMOTE CPU LOAD (memory node dir-threads, 2s window) -----
  dir 0: active=  0.00%  msgs=0           0 ns/msg
  dir 1: active=  0.00%  msgs=0           0 ns/msg
  dir 2: active=  0.00%  msgs=0           0 ns/msg
  dir 3: active=  0.00%  msgs=0           0 ns/msg
  dir 4: active=  0.00%  msgs=0           0 ns/msg
  dir 5: active=  0.00%  msgs=0           0 ns/msg
  dir 6: active=  0.00%  msgs=0           0 ns/msg
  dir 7: active=  0.00%  msgs=0           0 ns/msg
  dir 8: active=  0.00%  msgs=0           0 ns/msg
  dir 9: active=  0.00%  msgs=0           0 ns/msg
  dir 10: active=  0.00%  msgs=0           0 ns/msg
  dir 11: active=  0.00%  msgs=0           0 ns/msg
  dir 12: active=  0.00%  msgs=0           0 ns/msg
  dir 13: active=  0.00%  msgs=0           0 ns/msg
  dir 14: active=  0.00%  msgs=0           0 ns/msg
  dir 15: active=  0.00%  msgs=0           0 ns/msg
  AGGREGATE active = 0.00% (of 16 dir-threads; 0.00% per-thread avg)  msgs=0

----- REMOTE CPU LOAD (memory node dir-threads, 2s window) -----
  dir 0: active=  0.00%  msgs=0           0 ns/msg
  dir 1: active=  0.00%  msgs=0           0 ns/msg
  dir 2: active=  0.00%  msgs=0           0 ns/msg
  dir 3: active=  0.00%  msgs=0           0 ns/msg
  dir 4: active=  0.00%  msgs=0           0 ns/msg
  dir 5: active=  0.00%  msgs=0           0 ns/msg
  dir 6: active=  0.00%  msgs=0           0 ns/msg
  dir 7: active=  0.00%  msgs=0           0 ns/msg
  dir 8: active=  0.00%  msgs=0           0 ns/msg
  dir 9: active=  0.00%  msgs=0           0 ns/msg
  dir 10: active=  0.00%  msgs=0           0 ns/msg
  dir 11: active=  0.00%  msgs=0           0 ns/msg
  dir 12: active=  0.00%  msgs=0           0 ns/msg
  dir 13: active=  0.00%  msgs=0           0 ns/msg
  dir 14: active=  0.00%  msgs=0           0 ns/msg
  dir 15: active=  0.00%  msgs=0           0 ns/msg
  AGGREGATE active = 0.00% (of 16 dir-threads; 0.00% per-thread avg)  msgs=0

----- REMOTE CPU LOAD (memory node dir-threads, 2s window) -----
  dir 0: active=  0.00%  msgs=2           968 ns/msg
  dir 1: active=  0.00%  msgs=2           932 ns/msg
  dir 2: active=  0.00%  msgs=2           601 ns/msg
  dir 3: active=  0.00%  msgs=2           920 ns/msg
  dir 4: active=  0.00%  msgs=2           554 ns/msg
  dir 5: active=  0.00%  msgs=2           1106 ns/msg
  dir 6: active=  0.00%  msgs=2           760 ns/msg
  dir 7: active=  0.00%  msgs=2           822 ns/msg
  dir 8: active=  0.00%  msgs=2           546 ns/msg
  dir 9: active=  0.00%  msgs=2           608 ns/msg
  dir 10: active=  0.00%  msgs=2           468 ns/msg
  dir 11: active=  0.00%  msgs=2           522 ns/msg
  dir 12: active=  0.00%  msgs=2           508 ns/msg
  dir 13: active=  0.00%  msgs=2           671 ns/msg
  dir 14: active=  0.00%  msgs=2           514 ns/msg
  dir 15: active=  0.00%  msgs=2           654 ns/msg
  AGGREGATE active = 0.00% (of 16 dir-threads; 0.00% per-thread avg)  msgs=32

----- REMOTE CPU LOAD (memory node dir-threads, 2s window) -----
  dir 0: active=  0.00%  msgs=0           0 ns/msg
  dir 1: active=  0.00%  msgs=0           0 ns/msg
  dir 2: active=  0.00%  msgs=0           0 ns/msg
  dir 3: active=  0.00%  msgs=0           0 ns/msg
  dir 4: active=  0.00%  msgs=0           0 ns/msg
  dir 5: active=  0.00%  msgs=0           0 ns/msg
  dir 6: active=  0.00%  msgs=0           0 ns/msg
  dir 7: active=  0.00%  msgs=0           0 ns/msg
  dir 8: active=  0.00%  msgs=0           0 ns/msg
  dir 9: active=  0.00%  msgs=0           0 ns/msg
  dir 10: active=  0.00%  msgs=0           0 ns/msg
  dir 11: active=  0.00%  msgs=0           0 ns/msg
  dir 12: active=  0.00%  msgs=0           0 ns/msg
  dir 13: active=  0.00%  msgs=0           0 ns/msg
  dir 14: active=  0.00%  msgs=0           0 ns/msg
  dir 15: active=  0.00%  msgs=0           0 ns/msg
  AGGREGATE active = 0.00% (of 16 dir-threads; 0.00% per-thread avg)  msgs=0

----- REMOTE CPU LOAD (memory node dir-threads, 2s window) -----
  dir 0: active=  0.00%  msgs=0           0 ns/msg
  dir 1: active=  0.00%  msgs=0           0 ns/msg
  dir 2: active=  0.00%  msgs=0           0 ns/msg
  dir 3: active=  0.00%  msgs=0           0 ns/msg
  dir 4: active=  0.00%  msgs=0           0 ns/msg
  dir 5: active=  0.00%  msgs=0           0 ns/msg
  dir 6: active=  0.00%  msgs=0           0 ns/msg
  dir 7: active=  0.00%  msgs=0           0 ns/msg
  dir 8: active=  0.00%  msgs=0           0 ns/msg
  dir 9: active=  0.00%  msgs=0           0 ns/msg
  dir 10: active=  0.00%  msgs=0           0 ns/msg
  dir 11: active=  0.00%  msgs=0           0 ns/msg
  dir 12: active=  0.00%  msgs=0           0 ns/msg
  dir 13: active=  0.00%  msgs=0           0 ns/msg
  dir 14: active=  0.00%  msgs=0           0 ns/msg
  dir 15: active=  0.00%  msgs=0           0 ns/msg
  AGGREGATE active = 0.00% (of 16 dir-threads; 0.00% per-thread avg)  msgs=0

----- REMOTE CPU LOAD (memory node dir-threads, 2s window) -----
  dir 0: active=  0.00%  msgs=0           0 ns/msg
  dir 1: active=  0.00%  msgs=0           0 ns/msg
  dir 2: active=  0.00%  msgs=0           0 ns/msg
  dir 3: active=  0.00%  msgs=0           0 ns/msg
  dir 4: active=  0.00%  msgs=0           0 ns/msg
  dir 5: active=  0.00%  msgs=0           0 ns/msg
  dir 6: active=  0.00%  msgs=0           0 ns/msg
  dir 7: active=  0.00%  msgs=0           0 ns/msg
  dir 8: active=  0.00%  msgs=0           0 ns/msg
  dir 9: active=  0.00%  msgs=0           0 ns/msg
  dir 10: active=  0.00%  msgs=0           0 ns/msg
  dir 11: active=  0.00%  msgs=0           0 ns/msg
  dir 12: active=  0.00%  msgs=0           0 ns/msg
  dir 13: active=  0.00%  msgs=0           0 ns/msg
  dir 14: active=  0.00%  msgs=0           0 ns/msg
  dir 15: active=  0.00%  msgs=0           0 ns/msg
  AGGREGATE active = 0.00% (of 16 dir-threads; 0.00% per-thread avg)  msgs=0

----- REMOTE CPU LOAD (memory node dir-threads, 2s window) -----
  dir 0: active=  0.00%  msgs=0           0 ns/msg
  dir 1: active=  0.00%  msgs=0           0 ns/msg
  dir 2: active=  0.00%  msgs=0           0 ns/msg
  dir 3: active=  0.00%  msgs=0           0 ns/msg
  dir 4: active=  0.00%  msgs=0           0 ns/msg
  dir 5: active=  0.00%  msgs=0           0 ns/msg
  dir 6: active=  0.00%  msgs=0           0 ns/msg
  dir 7: active=  0.00%  msgs=0           0 ns/msg
  dir 8: active=  0.00%  msgs=0           0 ns/msg
  dir 9: active=  0.00%  msgs=0           0 ns/msg
  dir 10: active=  0.00%  msgs=0           0 ns/msg
  dir 11: active=  0.00%  msgs=0           0 ns/msg
  dir 12: active=  0.00%  msgs=0           0 ns/msg
  dir 13: active=  0.00%  msgs=0           0 ns/msg
  dir 14: active=  0.00%  msgs=0           0 ns/msg
  dir 15: active=  0.00%  msgs=0           0 ns/msg
  AGGREGATE active = 0.00% (of 16 dir-threads; 0.00% per-thread avg)  msgs=0

----- REMOTE CPU LOAD (memory node dir-threads, 2s window) -----
  dir 0: active=  0.00%  msgs=0           0 ns/msg
  dir 1: active=  0.00%  msgs=0           0 ns/msg
  dir 2: active=  0.00%  msgs=0           0 ns/msg
  dir 3: active=  0.00%  msgs=0           0 ns/msg
  dir 4: active=  0.00%  msgs=0           0 ns/msg
  dir 5: active=  0.00%  msgs=0           0 ns/msg
  dir 6: active=  0.00%  msgs=0           0 ns/msg
  dir 7: active=  0.00%  msgs=0           0 ns/msg
  dir 8: active=  0.00%  msgs=0           0 ns/msg
  dir 9: active=  0.00%  msgs=0           0 ns/msg
  dir 10: active=  0.00%  msgs=0           0 ns/msg
  dir 11: active=  0.00%  msgs=0           0 ns/msg
  dir 12: active=  0.00%  msgs=0           0 ns/msg
  dir 13: active=  0.00%  msgs=0           0 ns/msg
  dir 14: active=  0.00%  msgs=0           0 ns/msg
  dir 15: active=  0.00%  msgs=0           0 ns/msg
  AGGREGATE active = 0.00% (of 16 dir-threads; 0.00% per-thread avg)  msgs=0

----- REMOTE CPU LOAD (memory node dir-threads, 2s window) -----
  dir 0: active=  0.00%  msgs=0           0 ns/msg
  dir 1: active=  0.00%  msgs=0           0 ns/msg
  dir 2: active=  0.00%  msgs=0           0 ns/msg
  dir 3: active=  0.00%  msgs=0           0 ns/msg
  dir 4: active=  0.00%  msgs=0           0 ns/msg
  dir 5: active=  0.00%  msgs=0           0 ns/msg
  dir 6: active=  0.00%  msgs=0           0 ns/msg
  dir 7: active=  0.00%  msgs=0           0 ns/msg
  dir 8: active=  0.00%  msgs=0           0 ns/msg
  dir 9: active=  0.00%  msgs=0           0 ns/msg
  dir 10: active=  0.00%  msgs=0           0 ns/msg
  dir 11: active=  0.00%  msgs=0           0 ns/msg
  dir 12: active=  0.00%  msgs=0           0 ns/msg
  dir 13: active=  0.00%  msgs=0           0 ns/msg
  dir 14: active=  0.00%  msgs=0           0 ns/msg
  dir 15: active=  0.00%  msgs=0           0 ns/msg
  AGGREGATE active = 0.00% (of 16 dir-threads; 0.00% per-thread avg)  msgs=0

----- REMOTE CPU LOAD (memory node dir-threads, 2s window) -----
  dir 0: active=  0.00%  msgs=0           0 ns/msg
  dir 1: active=  0.00%  msgs=0           0 ns/msg
  dir 2: active=  0.00%  msgs=0           0 ns/msg
  dir 3: active=  0.00%  msgs=0           0 ns/msg
  dir 4: active=  0.00%  msgs=0           0 ns/msg
  dir 5: active=  0.00%  msgs=0           0 ns/msg
  dir 6: active=  0.00%  msgs=0           0 ns/msg
  dir 7: active=  0.00%  msgs=0           0 ns/msg
  dir 8: active=  0.00%  msgs=0           0 ns/msg
  dir 9: active=  0.00%  msgs=0           0 ns/msg
  dir 10: active=  0.00%  msgs=0           0 ns/msg
  dir 11: active=  0.00%  msgs=0           0 ns/msg
  dir 12: active=  0.00%  msgs=0           0 ns/msg
  dir 13: active=  0.00%  msgs=0           0 ns/msg
  dir 14: active=  0.00%  msgs=0           0 ns/msg
  dir 15: active=  0.00%  msgs=0           0 ns/msg
  AGGREGATE active = 0.00% (of 16 dir-threads; 0.00% per-thread avg)  msgs=0

----- REMOTE CPU LOAD (memory node dir-threads, 2s window) -----
  dir 0: active=  0.00%  msgs=0           0 ns/msg
  dir 1: active=  0.00%  msgs=0           0 ns/msg
  dir 2: active=  0.00%  msgs=0           0 ns/msg
  dir 3: active=  0.00%  msgs=0           0 ns/msg
  dir 4: active=  0.00%  msgs=0           0 ns/msg
  dir 5: active=  0.00%  msgs=0           0 ns/msg
  dir 6: active=  0.00%  msgs=0           0 ns/msg
  dir 7: active=  0.00%  msgs=0           0 ns/msg
  dir 8: active=  0.00%  msgs=0           0 ns/msg
  dir 9: active=  0.00%  msgs=0           0 ns/msg
  dir 10: active=  0.00%  msgs=0           0 ns/msg
  dir 11: active=  0.00%  msgs=0           0 ns/msg
  dir 12: active=  0.00%  msgs=0           0 ns/msg
  dir 13: active=  0.00%  msgs=0           0 ns/msg
  dir 14: active=  0.00%  msgs=0           0 ns/msg
  dir 15: active=  0.00%  msgs=0           0 ns/msg
  AGGREGATE active = 0.00% (of 16 dir-threads; 0.00% per-thread avg)  msgs=0

----- REMOTE CPU LOAD (memory node dir-threads, 2s window) -----
  dir 0: active=  0.00%  msgs=0           0 ns/msg
  dir 1: active=  0.00%  msgs=0           0 ns/msg
  dir 2: active=  0.00%  msgs=0           0 ns/msg
  dir 3: active=  0.00%  msgs=0           0 ns/msg
  dir 4: active=  0.00%  msgs=0           0 ns/msg
  dir 5: active=  0.00%  msgs=0           0 ns/msg
  dir 6: active=  0.00%  msgs=0           0 ns/msg
  dir 7: active=  0.00%  msgs=0           0 ns/msg
  dir 8: active=  0.00%  msgs=0           0 ns/msg
  dir 9: active=  0.00%  msgs=0           0 ns/msg
  dir 10: active=  0.00%  msgs=0           0 ns/msg
  dir 11: active=  0.00%  msgs=0           0 ns/msg
  dir 12: active=  0.00%  msgs=0           0 ns/msg
  dir 13: active=  0.00%  msgs=0           0 ns/msg
  dir 14: active=  0.00%  msgs=0           0 ns/msg
  dir 15: active=  0.00%  msgs=0           0 ns/msg
  AGGREGATE active = 0.00% (of 16 dir-threads; 0.00% per-thread avg)  msgs=0

----- REMOTE CPU LOAD (memory node dir-threads, 2s window) -----
  dir 0: active=  0.00%  msgs=0           0 ns/msg
  dir 1: active=  0.00%  msgs=0           0 ns/msg
  dir 2: active=  0.00%  msgs=0           0 ns/msg
  dir 3: active=  0.00%  msgs=0           0 ns/msg
  dir 4: active=  0.00%  msgs=0           0 ns/msg
  dir 5: active=  0.00%  msgs=0           0 ns/msg
  dir 6: active=  0.00%  msgs=0           0 ns/msg
  dir 7: active=  0.00%  msgs=0           0 ns/msg
  dir 8: active=  0.00%  msgs=0           0 ns/msg
  dir 9: active=  0.00%  msgs=0           0 ns/msg
  dir 10: active=  0.00%  msgs=0           0 ns/msg
  dir 11: active=  0.00%  msgs=0           0 ns/msg
  dir 12: active=  0.00%  msgs=0           0 ns/msg
  dir 13: active=  0.00%  msgs=0           0 ns/msg
  dir 14: active=  0.00%  msgs=0           0 ns/msg
  dir 15: active=  0.00%  msgs=0           0 ns/msg
  AGGREGATE active = 0.00% (of 16 dir-threads; 0.00% per-thread avg)  msgs=0

----- REMOTE CPU LOAD (memory node dir-threads, 2s window) -----
  dir 0: active=  0.00%  msgs=0           0 ns/msg
  dir 1: active=  0.00%  msgs=0           0 ns/msg
  dir 2: active=  0.00%  msgs=0           0 ns/msg
  dir 3: active=  0.00%  msgs=0           0 ns/msg
  dir 4: active=  0.00%  msgs=0           0 ns/msg
  dir 5: active=  0.00%  msgs=0           0 ns/msg
  dir 6: active=  0.00%  msgs=0           0 ns/msg
  dir 7: active=  0.00%  msgs=0           0 ns/msg
  dir 8: active=  0.00%  msgs=0           0 ns/msg
  dir 9: active=  0.00%  msgs=0           0 ns/msg
  dir 10: active=  0.00%  msgs=0           0 ns/msg
  dir 11: active=  0.00%  msgs=0           0 ns/msg
  dir 12: active=  0.00%  msgs=0           0 ns/msg
  dir 13: active=  0.00%  msgs=0           0 ns/msg
  dir 14: active=  0.00%  msgs=0           0 ns/msg
  dir 15: active=  0.00%  msgs=0           0 ns/msg
  AGGREGATE active = 0.00% (of 16 dir-threads; 0.00% per-thread avg)  msgs=0

----- REMOTE CPU LOAD (memory node dir-threads, 2s window) -----
  dir 0: active=  0.00%  msgs=0           0 ns/msg
  dir 1: active=  0.00%  msgs=0           0 ns/msg
  dir 2: active=  0.00%  msgs=0           0 ns/msg
  dir 3: active=  0.00%  msgs=0           0 ns/msg
  dir 4: active=  0.00%  msgs=0           0 ns/msg
  dir 5: active=  0.00%  msgs=0           0 ns/msg
  dir 6: active=  0.00%  msgs=0           0 ns/msg
  dir 7: active=  0.00%  msgs=0           0 ns/msg
  dir 8: active=  0.00%  msgs=0           0 ns/msg
  dir 9: active=  0.00%  msgs=0           0 ns/msg
  dir 10: active=  0.00%  msgs=0           0 ns/msg
  dir 11: active=  0.00%  msgs=0           0 ns/msg
  dir 12: active=  0.00%  msgs=0           0 ns/msg
  dir 13: active=  0.00%  msgs=0           0 ns/msg
  dir 14: active=  0.00%  msgs=0           0 ns/msg
  dir 15: active=  0.00%  msgs=0           0 ns/msg
  AGGREGATE active = 0.00% (of 16 dir-threads; 0.00% per-thread avg)  msgs=0

----- REMOTE CPU LOAD (memory node dir-threads, 2s window) -----
  dir 0: active=  0.00%  msgs=0           0 ns/msg
  dir 1: active=  0.00%  msgs=0           0 ns/msg
  dir 2: active=  0.00%  msgs=0           0 ns/msg
  dir 3: active=  0.00%  msgs=0           0 ns/msg
  dir 4: active=  0.00%  msgs=0           0 ns/msg
  dir 5: active=  0.00%  msgs=0           0 ns/msg
  dir 6: active=  0.00%  msgs=0           0 ns/msg
  dir 7: active=  0.00%  msgs=0           0 ns/msg
  dir 8: active=  0.00%  msgs=0           0 ns/msg
  dir 9: active=  0.00%  msgs=0           0 ns/msg
  dir 10: active=  0.00%  msgs=0           0 ns/msg
  dir 11: active=  0.00%  msgs=0           0 ns/msg
  dir 12: active=  0.00%  msgs=0           0 ns/msg
  dir 13: active=  0.00%  msgs=0           0 ns/msg
  dir 14: active=  0.00%  msgs=0           0 ns/msg
  dir 15: active=  0.00%  msgs=0           0 ns/msg
  AGGREGATE active = 0.00% (of 16 dir-threads; 0.00% per-thread avg)  msgs=0

----- REMOTE CPU LOAD (memory node dir-threads, 2s window) -----
  dir 0: active=  0.00%  msgs=0           0 ns/msg
  dir 1: active=  0.00%  msgs=0           0 ns/msg
  dir 2: active=  0.00%  msgs=0           0 ns/msg
  dir 3: active=  0.00%  msgs=0           0 ns/msg
  dir 4: active=  0.00%  msgs=0           0 ns/msg
  dir 5: active=  0.00%  msgs=0           0 ns/msg
  dir 6: active=  0.00%  msgs=0           0 ns/msg
  dir 7: active=  0.00%  msgs=0           0 ns/msg
  dir 8: active=  0.00%  msgs=0           0 ns/msg
  dir 9: active=  0.00%  msgs=0           0 ns/msg
  dir 10: active=  0.00%  msgs=0           0 ns/msg
  dir 11: active=  0.00%  msgs=0           0 ns/msg
  dir 12: active=  0.00%  msgs=0           0 ns/msg
  dir 13: active=  0.00%  msgs=0           0 ns/msg
  dir 14: active=  0.00%  msgs=0           0 ns/msg
  dir 15: active=  0.00%  msgs=0           0 ns/msg
  AGGREGATE active = 0.00% (of 16 dir-threads; 0.00% per-thread avg)  msgs=0

----- REMOTE CPU LOAD (memory node dir-threads, 2s window) -----
  dir 0: active=  0.00%  msgs=0           0 ns/msg
  dir 1: active=  0.00%  msgs=0           0 ns/msg
  dir 2: active=  0.00%  msgs=0           0 ns/msg
  dir 3: active=  0.00%  msgs=0           0 ns/msg
  dir 4: active=  0.00%  msgs=0           0 ns/msg
  dir 5: active=  0.00%  msgs=0           0 ns/msg
  dir 6: active=  0.00%  msgs=0           0 ns/msg
  dir 7: active=  0.00%  msgs=0           0 ns/msg
  dir 8: active=  0.00%  msgs=0           0 ns/msg
  dir 9: active=  0.00%  msgs=0           0 ns/msg
  dir 10: active=  0.00%  msgs=0           0 ns/msg
  dir 11: active=  0.00%  msgs=0           0 ns/msg
  dir 12: active=  0.00%  msgs=0           0 ns/msg
  dir 13: active=  0.00%  msgs=0           0 ns/msg
  dir 14: active=  0.00%  msgs=0           0 ns/msg
  dir 15: active=  0.00%  msgs=0           0 ns/msg
  AGGREGATE active = 0.00% (of 16 dir-threads; 0.00% per-thread avg)  msgs=0

----- REMOTE CPU LOAD (memory node dir-threads, 2s window) -----
  dir 0: active=  0.00%  msgs=0           0 ns/msg
  dir 1: active=  0.00%  msgs=0           0 ns/msg
  dir 2: active=  0.00%  msgs=0           0 ns/msg
  dir 3: active=  0.00%  msgs=0           0 ns/msg
  dir 4: active=  0.00%  msgs=0           0 ns/msg
  dir 5: active=  0.00%  msgs=0           0 ns/msg
  dir 6: active=  0.00%  msgs=0           0 ns/msg
  dir 7: active=  0.00%  msgs=0           0 ns/msg
  dir 8: active=  0.00%  msgs=0           0 ns/msg
  dir 9: active=  0.00%  msgs=0           0 ns/msg
  dir 10: active=  0.00%  msgs=0           0 ns/msg
  dir 11: active=  0.00%  msgs=0           0 ns/msg
  dir 12: active=  0.00%  msgs=0           0 ns/msg
  dir 13: active=  0.00%  msgs=0           0 ns/msg
  dir 14: active=  0.00%  msgs=0           0 ns/msg
  dir 15: active=  0.00%  msgs=0           0 ns/msg
  AGGREGATE active = 0.00% (of 16 dir-threads; 0.00% per-thread avg)  msgs=0

----- REMOTE CPU LOAD (memory node dir-threads, 2s window) -----
  dir 0: active=  0.00%  msgs=0           0 ns/msg
  dir 1: active=  0.00%  msgs=0           0 ns/msg
  dir 2: active=  0.00%  msgs=0           0 ns/msg
  dir 3: active=  0.00%  msgs=0           0 ns/msg
  dir 4: active=  0.00%  msgs=0           0 ns/msg
  dir 5: active=  0.00%  msgs=0           0 ns/msg
  dir 6: active=  0.00%  msgs=0           0 ns/msg
  dir 7: active=  0.00%  msgs=0           0 ns/msg
  dir 8: active=  0.00%  msgs=0           0 ns/msg
  dir 9: active=  0.00%  msgs=0           0 ns/msg
  dir 10: active=  0.00%  msgs=0           0 ns/msg
  dir 11: active=  0.00%  msgs=0           0 ns/msg
  dir 12: active=  0.00%  msgs=0           0 ns/msg
  dir 13: active=  0.00%  msgs=0           0 ns/msg
  dir 14: active=  0.00%  msgs=0           0 ns/msg
  dir 15: active=  0.00%  msgs=0           0 ns/msg
  AGGREGATE active = 0.00% (of 16 dir-threads; 0.00% per-thread avg)  msgs=0

----- REMOTE CPU LOAD (memory node dir-threads, 2s window) -----
  dir 0: active=  0.00%  msgs=0           0 ns/msg
  dir 1: active=  0.00%  msgs=0           0 ns/msg
  dir 2: active=  0.00%  msgs=0           0 ns/msg
  dir 3: active=  0.00%  msgs=0           0 ns/msg
  dir 4: active=  0.00%  msgs=0           0 ns/msg
  dir 5: active=  0.00%  msgs=0           0 ns/msg
  dir 6: active=  0.00%  msgs=0           0 ns/msg
  dir 7: active=  0.00%  msgs=0           0 ns/msg
  dir 8: active=  0.00%  msgs=0           0 ns/msg
  dir 9: active=  0.00%  msgs=0           0 ns/msg
  dir 10: active=  0.00%  msgs=0           0 ns/msg
  dir 11: active=  0.00%  msgs=0           0 ns/msg
  dir 12: active=  0.00%  msgs=0           0 ns/msg
  dir 13: active=  0.00%  msgs=0           0 ns/msg
  dir 14: active=  0.00%  msgs=0           0 ns/msg
  dir 15: active=  0.00%  msgs=0           0 ns/msg
  AGGREGATE active = 0.00% (of 16 dir-threads; 0.00% per-thread avg)  msgs=0

----- REMOTE CPU LOAD (memory node dir-threads, 2s window) -----
  dir 0: active=  0.00%  msgs=0           0 ns/msg
  dir 1: active=  0.00%  msgs=0           0 ns/msg
  dir 2: active=  0.00%  msgs=0           0 ns/msg
  dir 3: active=  0.00%  msgs=0           0 ns/msg
  dir 4: active=  0.00%  msgs=0           0 ns/msg
  dir 5: active=  0.00%  msgs=0           0 ns/msg
  dir 6: active=  0.00%  msgs=0           0 ns/msg
  dir 7: active=  0.00%  msgs=0           0 ns/msg
  dir 8: active=  0.00%  msgs=0           0 ns/msg
  dir 9: active=  0.00%  msgs=0           0 ns/msg
  dir 10: active=  0.00%  msgs=0           0 ns/msg
  dir 11: active=  0.00%  msgs=0           0 ns/msg
  dir 12: active=  0.00%  msgs=0           0 ns/msg
  dir 13: active=  0.00%  msgs=0           0 ns/msg
  dir 14: active=  0.00%  msgs=0           0 ns/msg
  dir 15: active=  0.00%  msgs=0           0 ns/msg
  AGGREGATE active = 0.00% (of 16 dir-threads; 0.00% per-thread avg)  msgs=0

----- REMOTE CPU LOAD (memory node dir-threads, 2s window) -----
  dir 0: active=  0.00%  msgs=0           0 ns/msg
  dir 1: active=  0.00%  msgs=0           0 ns/msg
  dir 2: active=  0.00%  msgs=0           0 ns/msg
  dir 3: active=  0.00%  msgs=0           0 ns/msg
  dir 4: active=  0.00%  msgs=0           0 ns/msg
  dir 5: active=  0.00%  msgs=0           0 ns/msg
  dir 6: active=  0.00%  msgs=0           0 ns/msg
  dir 7: active=  0.00%  msgs=0           0 ns/msg
  dir 8: active=  0.00%  msgs=0           0 ns/msg
  dir 9: active=  0.00%  msgs=0           0 ns/msg
  dir 10: active=  0.00%  msgs=0           0 ns/msg
  dir 11: active=  0.00%  msgs=0           0 ns/msg
  dir 12: active=  0.00%  msgs=0           0 ns/msg
  dir 13: active=  0.00%  msgs=0           0 ns/msg
  dir 14: active=  0.00%  msgs=0           0 ns/msg
  dir 15: active=  0.00%  msgs=0           0 ns/msg
  AGGREGATE active = 0.00% (of 16 dir-threads; 0.00% per-thread avg)  msgs=0

----- REMOTE CPU LOAD (memory node dir-threads, 2s window) -----
  dir 0: active=  0.00%  msgs=0           0 ns/msg
  dir 1: active=  0.00%  msgs=0           0 ns/msg
  dir 2: active=  0.00%  msgs=0           0 ns/msg
  dir 3: active=  0.00%  msgs=0           0 ns/msg
  dir 4: active=  0.00%  msgs=0           0 ns/msg
  dir 5: active=  0.00%  msgs=0           0 ns/msg
  dir 6: active=  0.00%  msgs=0           0 ns/msg
  dir 7: active=  0.00%  msgs=0           0 ns/msg
  dir 8: active=  0.00%  msgs=0           0 ns/msg
  dir 9: active=  0.00%  msgs=0           0 ns/msg
  dir 10: active=  0.00%  msgs=0           0 ns/msg
  dir 11: active=  0.00%  msgs=0           0 ns/msg
  dir 12: active=  0.00%  msgs=0           0 ns/msg
  dir 13: active=  0.00%  msgs=0           0 ns/msg
  dir 14: active=  0.00%  msgs=0           0 ns/msg
  dir 15: active=  0.00%  msgs=0           0 ns/msg
  AGGREGATE active = 0.00% (of 16 dir-threads; 0.00% per-thread avg)  msgs=0

----- REMOTE CPU LOAD (memory node dir-threads, 2s window) -----
  dir 0: active=  0.00%  msgs=0           0 ns/msg
  dir 1: active=  0.00%  msgs=0           0 ns/msg
  dir 2: active=  0.00%  msgs=0           0 ns/msg
  dir 3: active=  0.00%  msgs=0           0 ns/msg
  dir 4: active=  0.00%  msgs=0           0 ns/msg
  dir 5: active=  0.00%  msgs=0           0 ns/msg
  dir 6: active=  0.00%  msgs=0           0 ns/msg
  dir 7: active=  0.00%  msgs=0           0 ns/msg
  dir 8: active=  0.00%  msgs=0           0 ns/msg
  dir 9: active=  0.00%  msgs=0           0 ns/msg
  dir 10: active=  0.00%  msgs=0           0 ns/msg
  dir 11: active=  0.00%  msgs=0           0 ns/msg
  dir 12: active=  0.00%  msgs=0           0 ns/msg
  dir 13: active=  0.00%  msgs=0           0 ns/msg
  dir 14: active=  0.00%  msgs=0           0 ns/msg
  dir 15: active=  0.00%  msgs=0           0 ns/msg
  AGGREGATE active = 0.00% (of 16 dir-threads; 0.00% per-thread avg)  msgs=0

----- REMOTE CPU LOAD (memory node dir-threads, 2s window) -----
  dir 0: active=  0.00%  msgs=0           0 ns/msg
  dir 1: active=  0.00%  msgs=0           0 ns/msg
  dir 2: active=  0.00%  msgs=0           0 ns/msg
  dir 3: active=  0.00%  msgs=0           0 ns/msg
  dir 4: active=  0.00%  msgs=0           0 ns/msg
  dir 5: active=  0.00%  msgs=0           0 ns/msg
  dir 6: active=  0.00%  msgs=0           0 ns/msg
  dir 7: active=  0.00%  msgs=0           0 ns/msg
  dir 8: active=  0.00%  msgs=0           0 ns/msg
  dir 9: active=  0.00%  msgs=0           0 ns/msg
  dir 10: active=  0.00%  msgs=0           0 ns/msg
  dir 11: active=  0.00%  msgs=0           0 ns/msg
  dir 12: active=  0.00%  msgs=0           0 ns/msg
  dir 13: active=  0.00%  msgs=0           0 ns/msg
  dir 14: active=  0.00%  msgs=0           0 ns/msg
  dir 15: active=  0.00%  msgs=0           0 ns/msg
  AGGREGATE active = 0.00% (of 16 dir-threads; 0.00% per-thread avg)  msgs=0

----- REMOTE CPU LOAD (memory node dir-threads, 2s window) -----
  dir 0: active=  0.00%  msgs=0           0 ns/msg
  dir 1: active=  0.00%  msgs=0           0 ns/msg
  dir 2: active=  0.00%  msgs=0           0 ns/msg
  dir 3: active=  0.00%  msgs=0           0 ns/msg
  dir 4: active=  0.00%  msgs=0           0 ns/msg
  dir 5: active=  0.00%  msgs=0           0 ns/msg
  dir 6: active=  0.00%  msgs=0           0 ns/msg
  dir 7: active=  0.00%  msgs=0           0 ns/msg
  dir 8: active=  0.00%  msgs=0           0 ns/msg
  dir 9: active=  0.00%  msgs=0           0 ns/msg
  dir 10: active=  0.00%  msgs=0           0 ns/msg
  dir 11: active=  0.00%  msgs=0           0 ns/msg
  dir 12: active=  0.00%  msgs=0           0 ns/msg
  dir 13: active=  0.00%  msgs=0           0 ns/msg
  dir 14: active=  0.00%  msgs=0           0 ns/msg
  dir 15: active=  0.00%  msgs=0           0 ns/msg
  AGGREGATE active = 0.00% (of 16 dir-threads; 0.00% per-thread avg)  msgs=0

----- REMOTE CPU LOAD (memory node dir-threads, 2s window) -----
  dir 0: active=  0.00%  msgs=0           0 ns/msg
  dir 1: active=  0.00%  msgs=0           0 ns/msg
  dir 2: active=  0.00%  msgs=0           0 ns/msg
  dir 3: active=  0.00%  msgs=0           0 ns/msg
  dir 4: active=  0.00%  msgs=0           0 ns/msg
  dir 5: active=  0.00%  msgs=0           0 ns/msg
  dir 6: active=  0.00%  msgs=0           0 ns/msg
  dir 7: active=  0.00%  msgs=0           0 ns/msg
  dir 8: active=  0.00%  msgs=0           0 ns/msg
  dir 9: active=  0.00%  msgs=0           0 ns/msg
  dir 10: active=  0.00%  msgs=0           0 ns/msg
  dir 11: active=  0.00%  msgs=0           0 ns/msg
  dir 12: active=  0.00%  msgs=0           0 ns/msg
  dir 13: active=  0.00%  msgs=0           0 ns/msg
  dir 14: active=  0.00%  msgs=0           0 ns/msg
  dir 15: active=  0.00%  msgs=0           0 ns/msg
  AGGREGATE active = 0.00% (of 16 dir-threads; 0.00% per-thread avg)  msgs=0

----- REMOTE CPU LOAD (memory node dir-threads, 2s window) -----
  dir 0: active=  0.00%  msgs=0           0 ns/msg
  dir 1: active=  0.00%  msgs=0           0 ns/msg
  dir 2: active=  0.00%  msgs=0           0 ns/msg
  dir 3: active=  0.00%  msgs=0           0 ns/msg
  dir 4: active=  0.00%  msgs=0           0 ns/msg
  dir 5: active=  0.00%  msgs=0           0 ns/msg
  dir 6: active=  0.00%  msgs=0           0 ns/msg
  dir 7: active=  0.00%  msgs=0           0 ns/msg
  dir 8: active=  0.00%  msgs=0           0 ns/msg
  dir 9: active=  0.00%  msgs=0           0 ns/msg
  dir 10: active=  0.00%  msgs=0           0 ns/msg
  dir 11: active=  0.00%  msgs=0           0 ns/msg
  dir 12: active=  0.00%  msgs=0           0 ns/msg
  dir 13: active=  0.00%  msgs=0           0 ns/msg
  dir 14: active=  0.00%  msgs=0           0 ns/msg
  dir 15: active=  0.00%  msgs=0           0 ns/msg
  AGGREGATE active = 0.00% (of 16 dir-threads; 0.00% per-thread avg)  msgs=0

----- REMOTE CPU LOAD (memory node dir-threads, 2s window) -----
  dir 0: active=  0.00%  msgs=0           0 ns/msg
  dir 1: active=  0.00%  msgs=0           0 ns/msg
  dir 2: active=  0.00%  msgs=0           0 ns/msg
  dir 3: active=  0.00%  msgs=0           0 ns/msg
  dir 4: active=  0.00%  msgs=0           0 ns/msg
  dir 5: active=  0.00%  msgs=0           0 ns/msg
  dir 6: active=  0.00%  msgs=0           0 ns/msg
  dir 7: active=  0.00%  msgs=0           0 ns/msg
  dir 8: active=  0.00%  msgs=0           0 ns/msg
  dir 9: active=  0.00%  msgs=0           0 ns/msg
  dir 10: active=  0.00%  msgs=0           0 ns/msg
  dir 11: active=  0.00%  msgs=0           0 ns/msg
  dir 12: active=  0.00%  msgs=0           0 ns/msg
  dir 13: active=  0.00%  msgs=0           0 ns/msg
  dir 14: active=  0.00%  msgs=0           0 ns/msg
  dir 15: active=  0.00%  msgs=0           0 ns/msg
  AGGREGATE active = 0.00% (of 16 dir-threads; 0.00% per-thread avg)  msgs=0

----- REMOTE CPU LOAD (memory node dir-threads, 2s window) -----
  dir 0: active=  0.00%  msgs=0           0 ns/msg
  dir 1: active=  0.00%  msgs=0           0 ns/msg
  dir 2: active=  0.00%  msgs=0           0 ns/msg
  dir 3: active=  0.00%  msgs=0           0 ns/msg
  dir 4: active=  0.00%  msgs=0           0 ns/msg
  dir 5: active=  0.00%  msgs=0           0 ns/msg
  dir 6: active=  0.00%  msgs=0           0 ns/msg
  dir 7: active=  0.00%  msgs=0           0 ns/msg
  dir 8: active=  0.00%  msgs=0           0 ns/msg
  dir 9: active=  0.00%  msgs=0           0 ns/msg
  dir 10: active=  0.00%  msgs=0           0 ns/msg
  dir 11: active=  0.00%  msgs=0           0 ns/msg
  dir 12: active=  0.00%  msgs=0           0 ns/msg
  dir 13: active=  0.00%  msgs=0           0 ns/msg
  dir 14: active=  0.00%  msgs=0           0 ns/msg
  dir 15: active=  0.00%  msgs=0           0 ns/msg
  AGGREGATE active = 0.00% (of 16 dir-threads; 0.00% per-thread avg)  msgs=0
[CONFIG] warmup finished with offload 0%; measured phase now at 100%
node 0 warmup done in 74s
0, throughput 0.0000 Mops
[RESULT node 0] ops=0 elapsed=0.000s throughput=0.0000 Mops mode=op-bounded
[RDMA node 0] ops=0 posts=227757 read_wr=0 read_bytes=0 write_wr=0 write_bytes=0 atomic_wr=0 send_wr=227757 send_bytes=9338037

==================== LATENCY BUCKETS (500 ns) [node 0] ====================
[ALL OPS]
  ALL                       (no samples)
  DIRECT (1-sided)          (no samples)
  OFFLOAD (rpc)             (no samples)

----- 500 ns bucket CDF (all ops) [node 0] -----
  (no samples)

----- OFFLOADED TASKS [node 0] -----
  ops total                = 0
  ops direct (1-sided)     = 0 (0.00%)
  ops offload (rpc)        = 0 (0.00%)
  lookup pushdowns         = 0
  scan   pushdowns (RPC)   = 0
    kv pairs returned      = 0
    leaves scanned remotely= 0
    kv / scan pushdown     = 0.00
    leaves / scan pushdown = 0.00
=========================================================================

[LEAFCACHE] off
[END]

----- REMOTE CPU LOAD (memory node dir-threads, 2s window) -----
  dir 0: active= 16.73%  msgs=39845       8396 ns/msg
  dir 1: active= 26.85%  msgs=62849       8546 ns/msg
  dir 2: active= 24.96%  msgs=60010       8318 ns/msg
  dir 3: active= 26.44%  msgs=61914       8543 ns/msg
  dir 4: active= 24.97%  msgs=59742       8358 ns/msg
  dir 5: active= 18.12%  msgs=42215       8584 ns/msg
  dir 6: active= 16.84%  msgs=40050       8411 ns/msg
  dir 7: active= 17.91%  msgs=41825       8567 ns/msg
  dir 8: active= 16.73%  msgs=40002       8366 ns/msg
  dir 9: active= 18.01%  msgs=41819       8613 ns/msg
  dir 10: active= 16.99%  msgs=40610       8368 ns/msg
  dir 11: active= 17.98%  msgs=41924       8577 ns/msg
  dir 12: active= 16.85%  msgs=40115       8400 ns/msg
  dir 13: active= 18.08%  msgs=42274       8553 ns/msg
  dir 14: active= 16.85%  msgs=40411       8339 ns/msg
  dir 15: active= 17.93%  msgs=41743       8591 ns/msg
  AGGREGATE active = 312.23% (of 16 dir-threads; 19.51% per-thread avg)  msgs=737348

----- REMOTE CPU LOAD (memory node dir-threads, 2s window) -----
  dir 0: active= 22.51%  msgs=53475       8421 ns/msg
  dir 1: active= 35.27%  msgs=83422       8457 ns/msg
  dir 2: active= 33.29%  msgs=79748       8348 ns/msg
  dir 3: active= 35.09%  msgs=83004       8455 ns/msg
  dir 4: active= 33.23%  msgs=79215       8389 ns/msg
  dir 5: active= 23.81%  msgs=56230       8470 ns/msg
  dir 6: active= 22.72%  msgs=53870       8437 ns/msg
  dir 7: active= 23.51%  msgs=55478       8475 ns/msg
  dir 8: active= 22.20%  msgs=52897       8395 ns/msg
  dir 9: active= 23.50%  msgs=55370       8489 ns/msg
  dir 10: active= 22.46%  msgs=53547       8391 ns/msg
  dir 11: active= 23.67%  msgs=55892       8469 ns/msg
  dir 12: active= 22.40%  msgs=53316       8405 ns/msg
  dir 13: active= 23.70%  msgs=56065       8455 ns/msg
  dir 14: active= 22.16%  msgs=52924       8373 ns/msg
  dir 15: active= 23.69%  msgs=55899       8475 ns/msg
  AGGREGATE active = 413.21% (of 16 dir-threads; 25.83% per-thread avg)  msgs=980352

----- REMOTE CPU LOAD (memory node dir-threads, 2s window) -----
  dir 0: active= 22.66%  msgs=53615       8452 ns/msg
  dir 1: active= 35.36%  msgs=83884       8432 ns/msg
  dir 2: active= 33.88%  msgs=80846       8381 ns/msg
  dir 3: active= 35.23%  msgs=83629       8426 ns/msg
  dir 4: active= 33.49%  msgs=79650       8409 ns/msg
  dir 5: active= 24.00%  msgs=56941       8431 ns/msg
  dir 6: active= 22.86%  msgs=54054       8460 ns/msg
  dir 7: active= 23.66%  msgs=55902       8467 ns/msg
  dir 8: active= 22.57%  msgs=53588       8423 ns/msg
  dir 9: active= 23.99%  msgs=56555       8485 ns/msg
  dir 10: active= 22.67%  msgs=53834       8424 ns/msg
  dir 11: active= 23.68%  msgs=56082       8445 ns/msg
  dir 12: active= 22.78%  msgs=53954       8446 ns/msg
  dir 13: active= 23.65%  msgs=56002       8447 ns/msg
  dir 14: active= 22.70%  msgs=54063       8398 ns/msg
  dir 15: active= 23.93%  msgs=56611       8453 ns/msg
  AGGREGATE active = 417.12% (of 16 dir-threads; 26.07% per-thread avg)  msgs=989210

----- REMOTE CPU LOAD (memory node dir-threads, 2s window) -----
  dir 0: active= 23.04%  msgs=54507       8456 ns/msg
  dir 1: active= 35.68%  msgs=84839       8410 ns/msg
  dir 2: active= 34.09%  msgs=81354       8381 ns/msg
  dir 3: active= 35.21%  msgs=83597       8424 ns/msg
  dir 4: active= 33.61%  msgs=79900       8413 ns/msg
  dir 5: active= 23.88%  msgs=56527       8448 ns/msg
  dir 6: active= 23.19%  msgs=54651       8486 ns/msg
  dir 7: active= 23.86%  msgs=56534       8442 ns/msg
  dir 8: active= 22.66%  msgs=53741       8433 ns/msg
  dir 9: active= 24.24%  msgs=57213       8476 ns/msg
  dir 10: active= 22.95%  msgs=54496       8425 ns/msg
  dir 11: active= 23.93%  msgs=56656       8449 ns/msg
  dir 12: active= 23.10%  msgs=54791       8433 ns/msg
  dir 13: active= 24.11%  msgs=57111       8445 ns/msg
  dir 14: active= 22.69%  msgs=54139       8384 ns/msg
  dir 15: active= 23.77%  msgs=56215       8456 ns/msg
  AGGREGATE active = 420.02% (of 16 dir-threads; 26.25% per-thread avg)  msgs=996271

----- REMOTE CPU LOAD (memory node dir-threads, 2s window) -----
  dir 0: active= 22.93%  msgs=54204       8462 ns/msg
  dir 1: active= 35.69%  msgs=84837       8414 ns/msg
  dir 2: active= 33.94%  msgs=80971       8383 ns/msg
  dir 3: active= 35.42%  msgs=84197       8414 ns/msg
  dir 4: active= 33.50%  msgs=79576       8419 ns/msg
  dir 5: active= 24.27%  msgs=57456       8449 ns/msg
  dir 6: active= 23.14%  msgs=54573       8481 ns/msg
  dir 7: active= 23.97%  msgs=56761       8445 ns/msg
  dir 8: active= 22.80%  msgs=54084       8433 ns/msg
  dir 9: active= 24.19%  msgs=57068       8477 ns/msg
  dir 10: active= 22.86%  msgs=54301       8421 ns/msg
  dir 11: active= 24.01%  msgs=56924       8438 ns/msg
  dir 12: active= 22.88%  msgs=54220       8439 ns/msg
  dir 13: active= 24.14%  msgs=57236       8436 ns/msg
  dir 14: active= 23.01%  msgs=54727       8409 ns/msg
  dir 15: active= 24.04%  msgs=56865       8456 ns/msg
  AGGREGATE active = 420.78% (of 16 dir-threads; 26.30% per-thread avg)  msgs=998000

----- REMOTE CPU LOAD (memory node dir-threads, 2s window) -----
  dir 0: active= 22.90%  msgs=54244       8443 ns/msg
  dir 1: active= 35.73%  msgs=84931       8414 ns/msg
  dir 2: active= 33.88%  msgs=80862       8379 ns/msg
  dir 3: active= 35.15%  msgs=83604       8410 ns/msg
  dir 4: active= 34.01%  msgs=80670       8432 ns/msg
  dir 5: active= 24.20%  msgs=57245       8455 ns/msg
  dir 6: active= 23.07%  msgs=54484       8470 ns/msg
  dir 7: active= 23.98%  msgs=56719       8456 ns/msg
  dir 8: active= 22.76%  msgs=54000       8429 ns/msg
  dir 9: active= 24.08%  msgs=56796       8481 ns/msg
  dir 10: active= 22.96%  msgs=54505       8426 ns/msg
  dir 11: active= 23.95%  msgs=56738       8443 ns/msg
  dir 12: active= 22.73%  msgs=54041       8414 ns/msg
  dir 13: active= 24.14%  msgs=57338       8419 ns/msg
  dir 14: active= 22.80%  msgs=54248       8405 ns/msg
  dir 15: active= 23.96%  msgs=56668       8456 ns/msg
  AGGREGATE active = 420.29% (of 16 dir-threads; 26.27% per-thread avg)  msgs=997093

----- REMOTE CPU LOAD (memory node dir-threads, 2s window) -----
  dir 0: active= 22.94%  msgs=54367       8439 ns/msg
  dir 1: active= 35.61%  msgs=84748       8404 ns/msg
  dir 2: active= 34.06%  msgs=81281       8380 ns/msg
  dir 3: active= 35.48%  msgs=84316       8416 ns/msg
  dir 4: active= 34.02%  msgs=80659       8435 ns/msg
  dir 5: active= 24.23%  msgs=57349       8450 ns/msg
  dir 6: active= 23.23%  msgs=54806       8477 ns/msg
  dir 7: active= 24.03%  msgs=56939       8441 ns/msg
  dir 8: active= 22.92%  msgs=54296       8442 ns/msg
  dir 9: active= 24.06%  msgs=56725       8482 ns/msg
  dir 10: active= 23.02%  msgs=54616       8430 ns/msg
  dir 11: active= 24.11%  msgs=57072       8449 ns/msg
  dir 12: active= 22.87%  msgs=54233       8433 ns/msg
  dir 13: active= 24.01%  msgs=56964       8429 ns/msg
  dir 14: active= 22.72%  msgs=54065       8407 ns/msg
  dir 15: active= 23.98%  msgs=56800       8444 ns/msg
  AGGREGATE active = 421.27% (of 16 dir-threads; 26.33% per-thread avg)  msgs=999236

----- REMOTE CPU LOAD (memory node dir-threads, 2s window) -----
  dir 0: active= 22.65%  msgs=53723       8431 ns/msg
  dir 1: active= 35.67%  msgs=84695       8422 ns/msg
  dir 2: active= 33.76%  msgs=80473       8391 ns/msg
  dir 3: active= 35.41%  msgs=84126       8419 ns/msg
  dir 4: active= 34.08%  msgs=80900       8425 ns/msg
  dir 5: active= 24.08%  msgs=56950       8456 ns/msg
  dir 6: active= 23.21%  msgs=54796       8471 ns/msg
  dir 7: active= 23.69%  msgs=56213       8429 ns/msg
  dir 8: active= 22.80%  msgs=54166       8420 ns/msg
  dir 9: active= 24.06%  msgs=56805       8470 ns/msg
  dir 10: active= 22.87%  msgs=54419       8404 ns/msg
  dir 11: active= 24.26%  msgs=57494       8439 ns/msg
  dir 12: active= 22.65%  msgs=53729       8433 ns/msg
  dir 13: active= 24.06%  msgs=57088       8430 ns/msg
  dir 14: active= 23.16%  msgs=55095       8408 ns/msg
  dir 15: active= 23.91%  msgs=56679       8436 ns/msg
  AGGREGATE active = 420.30% (of 16 dir-threads; 26.27% per-thread avg)  msgs=997351

----- REMOTE CPU LOAD (memory node dir-threads, 2s window) -----
  dir 0: active= 22.93%  msgs=54226       8456 ns/msg
  dir 1: active= 35.62%  msgs=84670       8413 ns/msg
  dir 2: active= 34.21%  msgs=81567       8388 ns/msg
  dir 3: active= 35.58%  msgs=84448       8426 ns/msg
  dir 4: active= 34.23%  msgs=81221       8428 ns/msg
  dir 5: active= 24.35%  msgs=57729       8437 ns/msg
  dir 6: active= 23.12%  msgs=54660       8459 ns/msg
  dir 7: active= 23.71%  msgs=56156       8444 ns/msg
  dir 8: active= 22.97%  msgs=54605       8414 ns/msg
  dir 9: active= 24.26%  msgs=57253       8475 ns/msg
  dir 10: active= 23.19%  msgs=55104       8417 ns/msg
  dir 11: active= 24.01%  msgs=56856       8445 ns/msg
  dir 12: active= 23.04%  msgs=54728       8420 ns/msg
  dir 13: active= 24.10%  msgs=57244       8419 ns/msg
  dir 14: active= 22.92%  msgs=54477       8415 ns/msg
  dir 15: active= 23.79%  msgs=56265       8458 ns/msg
  AGGREGATE active = 422.01% (of 16 dir-threads; 26.38% per-thread avg)  msgs=1001209

----- REMOTE CPU LOAD (memory node dir-threads, 2s window) -----
  dir 0: active= 23.22%  msgs=54967       8449 ns/msg
  dir 1: active= 35.69%  msgs=84825       8416 ns/msg
  dir 2: active= 34.10%  msgs=81382       8380 ns/msg
  dir 3: active= 35.66%  msgs=84752       8415 ns/msg
  dir 4: active= 33.92%  msgs=80538       8424 ns/msg
  dir 5: active= 24.12%  msgs=57218       8433 ns/msg
  dir 6: active= 23.20%  msgs=54911       8451 ns/msg
  dir 7: active= 23.93%  msgs=56726       8438 ns/msg
  dir 8: active= 22.89%  msgs=54387       8419 ns/msg
  dir 9: active= 24.10%  msgs=56850       8478 ns/msg
  dir 10: active= 23.04%  msgs=54706       8423 ns/msg
  dir 11: active= 24.00%  msgs=56899       8436 ns/msg
  dir 12: active= 22.86%  msgs=54318       8416 ns/msg
  dir 13: active= 23.91%  msgs=56900       8403 ns/msg
  dir 14: active= 22.84%  msgs=54432       8393 ns/msg
  dir 15: active= 24.01%  msgs=56854       8448 ns/msg
  AGGREGATE active = 421.49% (of 16 dir-threads; 26.34% per-thread avg)  msgs=1000665

----- REMOTE CPU LOAD (memory node dir-threads, 2s window) -----
  dir 0: active= 23.08%  msgs=54727       8435 ns/msg
  dir 1: active= 35.81%  msgs=85065       8419 ns/msg
  dir 2: active= 34.35%  msgs=82032       8374 ns/msg
  dir 3: active= 35.56%  msgs=84595       8408 ns/msg
  dir 4: active= 33.93%  msgs=80725       8407 ns/msg
  dir 5: active= 24.28%  msgs=57509       8443 ns/msg
  dir 6: active= 23.06%  msgs=54621       8444 ns/msg
  dir 7: active= 23.85%  msgs=56502       8441 ns/msg
  dir 8: active= 23.13%  msgs=55024       8407 ns/msg
  dir 9: active= 24.35%  msgs=57531       8465 ns/msg
  dir 10: active= 23.17%  msgs=55057       8417 ns/msg
  dir 11: active= 24.09%  msgs=57110       8436 ns/msg
  dir 12: active= 22.92%  msgs=54465       8418 ns/msg
  dir 13: active= 24.26%  msgs=57608       8422 ns/msg
  dir 14: active= 23.02%  msgs=54829       8396 ns/msg
  dir 15: active= 24.36%  msgs=57713       8443 ns/msg
  AGGREGATE active = 423.20% (of 16 dir-threads; 26.45% per-thread avg)  msgs=1005113

----- REMOTE CPU LOAD (memory node dir-threads, 2s window) -----
  dir 0: active= 23.19%  msgs=55036       8429 ns/msg
  dir 1: active= 36.15%  msgs=86021       8406 ns/msg
  dir 2: active= 34.32%  msgs=81847       8387 ns/msg
  dir 3: active= 35.70%  msgs=84879       8413 ns/msg
  dir 4: active= 34.37%  msgs=81660       8418 ns/msg
  dir 5: active= 23.91%  msgs=56666       8438 ns/msg
  dir 6: active= 23.31%  msgs=55170       8451 ns/msg
  dir 7: active= 24.05%  msgs=56986       8440 ns/msg
  dir 8: active= 23.04%  msgs=54734       8420 ns/msg
  dir 9: active= 24.10%  msgs=56990       8459 ns/msg
  dir 10: active= 22.98%  msgs=54697       8404 ns/msg
  dir 11: active= 24.19%  msgs=57289       8446 ns/msg
  dir 12: active= 23.01%  msgs=54673       8417 ns/msg
  dir 13: active= 24.22%  msgs=57597       8412 ns/msg
  dir 14: active= 22.96%  msgs=54729       8391 ns/msg
  dir 15: active= 24.02%  msgs=56924       8439 ns/msg
  AGGREGATE active = 423.53% (of 16 dir-threads; 26.47% per-thread avg)  msgs=1005898

----- REMOTE CPU LOAD (memory node dir-threads, 2s window) -----
  dir 0: active= 23.02%  msgs=54534       8443 ns/msg
  dir 1: active= 35.62%  msgs=84776       8404 ns/msg
  dir 2: active= 34.23%  msgs=81755       8374 ns/msg
  dir 3: active= 35.34%  msgs=83976       8417 ns/msg
  dir 4: active= 33.96%  msgs=80793       8408 ns/msg
  dir 5: active= 24.19%  msgs=57341       8439 ns/msg
  dir 6: active= 23.03%  msgs=54589       8439 ns/msg
  dir 7: active= 23.80%  msgs=56432       8437 ns/msg
  dir 8: active= 22.87%  msgs=54414       8405 ns/msg
  dir 9: active= 23.97%  msgs=56553       8478 ns/msg
  dir 10: active= 23.12%  msgs=54942       8417 ns/msg
  dir 11: active= 23.83%  msgs=56426       8446 ns/msg
  dir 12: active= 22.90%  msgs=54438       8415 ns/msg
  dir 13: active= 24.00%  msgs=56914       8434 ns/msg
  dir 14: active= 22.83%  msgs=54355       8399 ns/msg
  dir 15: active= 24.06%  msgs=57031       8439 ns/msg
  AGGREGATE active = 420.78% (of 16 dir-threads; 26.30% per-thread avg)  msgs=999269

----- REMOTE CPU LOAD (memory node dir-threads, 2s window) -----
  dir 0: active= 23.11%  msgs=54799       8434 ns/msg
  dir 1: active= 36.12%  msgs=85794       8421 ns/msg
  dir 2: active= 34.18%  msgs=81673       8371 ns/msg
  dir 3: active= 35.92%  msgs=85395       8414 ns/msg
  dir 4: active= 34.46%  msgs=81907       8414 ns/msg
  dir 5: active= 24.22%  msgs=57454       8432 ns/msg
  dir 6: active= 23.21%  msgs=55028       8437 ns/msg
  dir 7: active= 23.98%  msgs=56778       8448 ns/msg
  dir 8: active= 23.05%  msgs=54838       8406 ns/msg
  dir 9: active= 24.18%  msgs=57053       8476 ns/msg
  dir 10: active= 23.08%  msgs=54903       8408 ns/msg
  dir 11: active= 24.15%  msgs=57216       8442 ns/msg
  dir 12: active= 23.06%  msgs=54766       8421 ns/msg
  dir 13: active= 24.37%  msgs=57868       8424 ns/msg
  dir 14: active= 22.99%  msgs=54847       8385 ns/msg
  dir 15: active= 24.04%  msgs=56966       8439 ns/msg
  AGGREGATE active = 424.13% (of 16 dir-threads; 26.51% per-thread avg)  msgs=1007285

----- REMOTE CPU LOAD (memory node dir-threads, 2s window) -----
  dir 0: active= 23.52%  msgs=55712       8445 ns/msg
  dir 1: active= 35.67%  msgs=84830       8410 ns/msg
  dir 2: active= 34.77%  msgs=83089       8369 ns/msg
  dir 3: active= 36.20%  msgs=85972       8422 ns/msg
  dir 4: active= 34.85%  msgs=82812       8417 ns/msg
  dir 5: active= 20.88%  msgs=49435       8448 ns/msg
  dir 6: active= 23.78%  msgs=56175       8466 ns/msg
  dir 7: active= 24.17%  msgs=57254       8442 ns/msg
  dir 8: active= 23.37%  msgs=55581       8409 ns/msg
  dir 9: active= 22.33%  msgs=52669       8479 ns/msg
  dir 10: active= 23.69%  msgs=56369       8406 ns/msg
  dir 11: active= 22.13%  msgs=52478       8434 ns/msg
  dir 12: active= 23.51%  msgs=55890       8414 ns/msg
  dir 13: active= 20.92%  msgs=49650       8429 ns/msg
  dir 14: active= 23.36%  msgs=55653       8397 ns/msg
  dir 15: active= 23.09%  msgs=54729       8440 ns/msg
  AGGREGATE active = 416.24% (of 16 dir-threads; 26.02% per-thread avg)  msgs=988298
