Compute node count = 1
kNodeCount 2, kReadRatio 100, kInsertRatio 0, kUpdateRatio 0, kDeleteRatio 0, kRangeRatio 0, totalThreadCount 40, memThreadCount 1 cache_size 1024, uniform_workload 1, zipfian 0.990000, bulk_load_num 50000000, warmup_num 10000000, op_num 30000000, check_correctness 0, time_based 0, early_stop 1, index 0, rpc_rate 0.000000, admission_rate 0.100000, auto_tune 0
kMaxThread = 40
KeySpace = 50001000
[GEOMETRY] inner_page=288 leaf_page=352 inner_entries=13 leaf_entries=16 slot=352 placement=mn_only
[4mshared memory size: 64GB, 0x7fe7dac00000[0m
[4mcache size: 2GB[0m
[4mMachine NR: 2[0m
[4mMax_APP_THREAD: 80[0m
[4mNR_DIRECTORY: 16[0m
[4mStart Build the DSMKeeper[0m
I am servers 1 [255.127.0.0]
I connect server 0
[4mdir 0 launch! (core 79 of 80)
[0m
Before barrier finish

----- REMOTE CPU LOAD (memory node dir-threads, 2s window) -----
  dir 0: active=  0.00%  msgs=1           2770 ns/msg
  AGGREGATE active = 0.00% (of 1 dir-threads; 0.00% per-thread avg)  msgs=1
[CPU memory  ] process=  1.26% of 80 cores   system=  1.31%   (window 2s)

----- REMOTE CPU LOAD (memory node dir-threads, 2s window) -----
  dir 0: active=  0.00%  msgs=0           0 ns/msg
  AGGREGATE active = 0.00% (of 1 dir-threads; 0.00% per-thread avg)  msgs=0
[CPU memory  ] process=  1.25% of 80 cores   system=  1.27%   (window 2s)

----- REMOTE CPU LOAD (memory node dir-threads, 2s window) -----
  dir 0: active=  0.00%  msgs=0           0 ns/msg
  AGGREGATE active = 0.00% (of 1 dir-threads; 0.00% per-thread avg)  msgs=0
[CPU memory  ] process=  1.25% of 80 cores   system=  1.26%   (window 2s)

----- REMOTE CPU LOAD (memory node dir-threads, 2s window) -----
  dir 0: active=  0.00%  msgs=0           0 ns/msg
  AGGREGATE active = 0.00% (of 1 dir-threads; 0.00% per-thread avg)  msgs=0
[CPU memory  ] process=  1.25% of 80 cores   system=  1.27%   (window 2s)

----- REMOTE CPU LOAD (memory node dir-threads, 2s window) -----
  dir 0: active=  0.00%  msgs=0           0 ns/msg
  AGGREGATE active = 0.00% (of 1 dir-threads; 0.00% per-thread avg)  msgs=0
[CPU memory  ] process=  1.25% of 80 cores   system=  1.27%   (window 2s)

----- REMOTE CPU LOAD (memory node dir-threads, 2s window) -----
  dir 0: active=  0.00%  msgs=0           0 ns/msg
  AGGREGATE active = 0.00% (of 1 dir-threads; 0.00% per-thread avg)  msgs=0
[CPU memory  ] process=  1.26% of 80 cores   system=  1.31%   (window 2s)

----- REMOTE CPU LOAD (memory node dir-threads, 2s window) -----
  dir 0: active=  0.00%  msgs=0           0 ns/msg
  AGGREGATE active = 0.00% (of 1 dir-threads; 0.00% per-thread avg)  msgs=0
[CPU memory  ] process=  1.25% of 80 cores   system=  1.26%   (window 2s)

----- REMOTE CPU LOAD (memory node dir-threads, 2s window) -----
  dir 0: active=  0.00%  msgs=0           0 ns/msg
  AGGREGATE active = 0.00% (of 1 dir-threads; 0.00% per-thread avg)  msgs=0
[CPU memory  ] process=  1.25% of 80 cores   system=  1.25%   (window 2s)

----- REMOTE CPU LOAD (memory node dir-threads, 2s window) -----
  dir 0: active=  0.00%  msgs=0           0 ns/msg
  AGGREGATE active = 0.00% (of 1 dir-threads; 0.00% per-thread avg)  msgs=0
[CPU memory  ] process=  1.25% of 80 cores   system=  1.31%   (window 2s)

----- REMOTE CPU LOAD (memory node dir-threads, 2s window) -----
  dir 0: active=  0.00%  msgs=0           0 ns/msg
  AGGREGATE active = 0.00% (of 1 dir-threads; 0.00% per-thread avg)  msgs=0
[CPU memory  ] process=  1.25% of 80 cores   system=  1.26%   (window 2s)

----- REMOTE CPU LOAD (memory node dir-threads, 2s window) -----
  dir 0: active=  0.00%  msgs=0           0 ns/msg
  AGGREGATE active = 0.00% (of 1 dir-threads; 0.00% per-thread avg)  msgs=0
[CPU memory  ] process=  1.25% of 80 cores   system=  1.31%   (window 2s)

----- REMOTE CPU LOAD (memory node dir-threads, 2s window) -----
  dir 0: active=  0.00%  msgs=2           1063 ns/msg
  AGGREGATE active = 0.00% (of 1 dir-threads; 0.00% per-thread avg)  msgs=2
[CPU memory  ] process=  1.25% of 80 cores   system=  1.26%   (window 2s)

----- REMOTE CPU LOAD (memory node dir-threads, 2s window) -----
  dir 0: active=  0.00%  msgs=3           490 ns/msg
  AGGREGATE active = 0.00% (of 1 dir-threads; 0.00% per-thread avg)  msgs=3
[CPU memory  ] process=  1.26% of 80 cores   system=  1.26%   (window 2s)

----- REMOTE CPU LOAD (memory node dir-threads, 2s window) -----
  dir 0: active=  0.00%  msgs=3           420 ns/msg
  AGGREGATE active = 0.00% (of 1 dir-threads; 0.00% per-thread avg)  msgs=3
[CPU memory  ] process=  1.25% of 80 cores   system=  1.29%   (window 2s)

----- REMOTE CPU LOAD (memory node dir-threads, 2s window) -----
  dir 0: active=  0.00%  msgs=3           345 ns/msg
  AGGREGATE active = 0.00% (of 1 dir-threads; 0.00% per-thread avg)  msgs=3
[CPU memory  ] process=  1.25% of 80 cores   system=  1.26%   (window 2s)

----- REMOTE CPU LOAD (memory node dir-threads, 2s window) -----
  dir 0: active=  0.00%  msgs=4           426 ns/msg
  AGGREGATE active = 0.00% (of 1 dir-threads; 0.00% per-thread avg)  msgs=4
[CPU memory  ] process=  1.26% of 80 cores   system=  1.28%   (window 2s)

----- REMOTE CPU LOAD (memory node dir-threads, 2s window) -----
  dir 0: active=  0.00%  msgs=3           433 ns/msg
  AGGREGATE active = 0.00% (of 1 dir-threads; 0.00% per-thread avg)  msgs=3
[CPU memory  ] process=  1.25% of 80 cores   system=  1.26%   (window 2s)

----- REMOTE CPU LOAD (memory node dir-threads, 2s window) -----
  dir 0: active=  0.00%  msgs=3           508 ns/msg
  AGGREGATE active = 0.00% (of 1 dir-threads; 0.00% per-thread avg)  msgs=3
[CPU memory  ] process=  1.25% of 80 cores   system=  1.27%   (window 2s)

----- REMOTE CPU LOAD (memory node dir-threads, 2s window) -----
  dir 0: active=  0.00%  msgs=3           384 ns/msg
  AGGREGATE active = 0.00% (of 1 dir-threads; 0.00% per-thread avg)  msgs=3
[CPU memory  ] process=  1.25% of 80 cores   system=  1.27%   (window 2s)

----- REMOTE CPU LOAD (memory node dir-threads, 2s window) -----
  dir 0: active=  0.00%  msgs=3           447 ns/msg
  AGGREGATE active = 0.00% (of 1 dir-threads; 0.00% per-thread avg)  msgs=3
[CPU memory  ] process=  1.26% of 80 cores   system=  1.26%   (window 2s)

----- REMOTE CPU LOAD (memory node dir-threads, 2s window) -----
  dir 0: active=  0.00%  msgs=3           383 ns/msg
  AGGREGATE active = 0.00% (of 1 dir-threads; 0.00% per-thread avg)  msgs=3
[CPU memory  ] process=  1.24% of 80 cores   system=  1.31%   (window 2s)

----- REMOTE CPU LOAD (memory node dir-threads, 2s window) -----
  dir 0: active=  0.00%  msgs=3           770 ns/msg
  AGGREGATE active = 0.00% (of 1 dir-threads; 0.00% per-thread avg)  msgs=3
[CPU memory  ] process=  1.25% of 80 cores   system=  1.26%   (window 2s)

----- REMOTE CPU LOAD (memory node dir-threads, 2s window) -----
  dir 0: active=  0.00%  msgs=2           535 ns/msg
  AGGREGATE active = 0.00% (of 1 dir-threads; 0.00% per-thread avg)  msgs=2
[CPU memory  ] process=  1.25% of 80 cores   system=  1.26%   (window 2s)

----- REMOTE CPU LOAD (memory node dir-threads, 2s window) -----
  dir 0: active=  0.00%  msgs=2           500 ns/msg
  AGGREGATE active = 0.00% (of 1 dir-threads; 0.00% per-thread avg)  msgs=2
[CPU memory  ] process=  1.26% of 80 cores   system=  1.27%   (window 2s)

----- REMOTE CPU LOAD (memory node dir-threads, 2s window) -----
  dir 0: active=  0.00%  msgs=2           338 ns/msg
  AGGREGATE active = 0.00% (of 1 dir-threads; 0.00% per-thread avg)  msgs=2
[CPU memory  ] process=  1.25% of 80 cores   system=  1.26%   (window 2s)

----- REMOTE CPU LOAD (memory node dir-threads, 2s window) -----
  dir 0: active=  0.00%  msgs=2           448 ns/msg
  AGGREGATE active = 0.00% (of 1 dir-threads; 0.00% per-thread avg)  msgs=2
[CPU memory  ] process=  1.25% of 80 cores   system=  1.30%   (window 2s)

----- REMOTE CPU LOAD (memory node dir-threads, 2s window) -----
  dir 0: active=  0.00%  msgs=2           445 ns/msg
  AGGREGATE active = 0.00% (of 1 dir-threads; 0.00% per-thread avg)  msgs=2
[CPU memory  ] process=  1.26% of 80 cores   system=  1.26%   (window 2s)

----- REMOTE CPU LOAD (memory node dir-threads, 2s window) -----
  dir 0: active=  0.00%  msgs=2           385 ns/msg
  AGGREGATE active = 0.00% (of 1 dir-threads; 0.00% per-thread avg)  msgs=2
[CPU memory  ] process=  1.25% of 80 cores   system=  1.27%   (window 2s)

----- REMOTE CPU LOAD (memory node dir-threads, 2s window) -----
  dir 0: active=  0.00%  msgs=3           401 ns/msg
  AGGREGATE active = 0.00% (of 1 dir-threads; 0.00% per-thread avg)  msgs=3
[CPU memory  ] process=  1.25% of 80 cores   system=  1.27%   (window 2s)

----- REMOTE CPU LOAD (memory node dir-threads, 2s window) -----
  dir 0: active=  0.00%  msgs=2           360 ns/msg
  AGGREGATE active = 0.00% (of 1 dir-threads; 0.00% per-thread avg)  msgs=2
[CPU memory  ] process=  1.26% of 80 cores   system=  1.26%   (window 2s)

----- REMOTE CPU LOAD (memory node dir-threads, 2s window) -----
  dir 0: active=  0.00%  msgs=2           474 ns/msg
  AGGREGATE active = 0.00% (of 1 dir-threads; 0.00% per-thread avg)  msgs=2
[CPU memory  ] process=  1.25% of 80 cores   system=  1.31%   (window 2s)

----- REMOTE CPU LOAD (memory node dir-threads, 2s window) -----
  dir 0: active=  0.00%  msgs=2           700 ns/msg
  AGGREGATE active = 0.00% (of 1 dir-threads; 0.00% per-thread avg)  msgs=2
[CPU memory  ] process=  1.25% of 80 cores   system=  1.26%   (window 2s)

----- REMOTE CPU LOAD (memory node dir-threads, 2s window) -----
  dir 0: active=  0.00%  msgs=3           366 ns/msg
  AGGREGATE active = 0.00% (of 1 dir-threads; 0.00% per-thread avg)  msgs=3
[CPU memory  ] process=  1.24% of 80 cores   system=  1.27%   (window 2s)

----- REMOTE CPU LOAD (memory node dir-threads, 2s window) -----
  dir 0: active=  0.00%  msgs=2           400 ns/msg
  AGGREGATE active = 0.00% (of 1 dir-threads; 0.00% per-thread avg)  msgs=2
[CPU memory  ] process=  1.26% of 80 cores   system=  1.27%   (window 2s)

----- REMOTE CPU LOAD (memory node dir-threads, 2s window) -----
  dir 0: active=  0.00%  msgs=2           373 ns/msg
  AGGREGATE active = 0.00% (of 1 dir-threads; 0.00% per-thread avg)  msgs=2
[CPU memory  ] process=  1.25% of 80 cores   system=  1.26%   (window 2s)

----- REMOTE CPU LOAD (memory node dir-threads, 2s window) -----
  dir 0: active=  0.00%  msgs=2           398 ns/msg
  AGGREGATE active = 0.00% (of 1 dir-threads; 0.00% per-thread avg)  msgs=2
[CPU memory  ] process=  1.25% of 80 cores   system=  1.27%   (window 2s)

----- REMOTE CPU LOAD (memory node dir-threads, 2s window) -----
  dir 0: active=  0.00%  msgs=2           796 ns/msg
  AGGREGATE active = 0.00% (of 1 dir-threads; 0.00% per-thread avg)  msgs=2
[CPU memory  ] process=  1.25% of 80 cores   system=  1.29%   (window 2s)

----- REMOTE CPU LOAD (memory node dir-threads, 2s window) -----
  dir 0: active=  0.00%  msgs=3           394 ns/msg
  AGGREGATE active = 0.00% (of 1 dir-threads; 0.00% per-thread avg)  msgs=3
[CPU memory  ] process=  1.25% of 80 cores   system=  1.26%   (window 2s)

----- REMOTE CPU LOAD (memory node dir-threads, 2s window) -----
  dir 0: active=  0.00%  msgs=2           322 ns/msg
  AGGREGATE active = 0.00% (of 1 dir-threads; 0.00% per-thread avg)  msgs=2
[CPU memory  ] process=  1.26% of 80 cores   system=  1.29%   (window 2s)

----- REMOTE CPU LOAD (memory node dir-threads, 2s window) -----
  dir 0: active=  0.00%  msgs=2           464 ns/msg
  AGGREGATE active = 0.00% (of 1 dir-threads; 0.00% per-thread avg)  msgs=2
[CPU memory  ] process=  1.25% of 80 cores   system=  1.26%   (window 2s)

----- REMOTE CPU LOAD (memory node dir-threads, 2s window) -----
  dir 0: active=  0.00%  msgs=2           389 ns/msg
  AGGREGATE active = 0.00% (of 1 dir-threads; 0.00% per-thread avg)  msgs=2
[CPU memory  ] process=  1.25% of 80 cores   system=  1.29%   (window 2s)

----- REMOTE CPU LOAD (memory node dir-threads, 2s window) -----
  dir 0: active=  0.00%  msgs=2           500 ns/msg
  AGGREGATE active = 0.00% (of 1 dir-threads; 0.00% per-thread avg)  msgs=2
[CPU memory  ] process=  1.25% of 80 cores   system=  1.26%   (window 2s)

----- REMOTE CPU LOAD (memory node dir-threads, 2s window) -----
  dir 0: active=  0.00%  msgs=2           380 ns/msg
  AGGREGATE active = 0.00% (of 1 dir-threads; 0.00% per-thread avg)  msgs=2
[CPU memory  ] process=  1.25% of 80 cores   system=  1.29%   (window 2s)

----- REMOTE CPU LOAD (memory node dir-threads, 2s window) -----
  dir 0: active=  0.00%  msgs=0           0 ns/msg
  AGGREGATE active = 0.00% (of 1 dir-threads; 0.00% per-thread avg)  msgs=0
[CPU memory  ] process=  1.25% of 80 cores   system=  1.29%   (window 2s)

----- REMOTE CPU LOAD (memory node dir-threads, 2s window) -----
  dir 0: active=  0.00%  msgs=0           0 ns/msg
  AGGREGATE active = 0.00% (of 1 dir-threads; 0.00% per-thread avg)  msgs=0
[CPU memory  ] process=  1.26% of 80 cores   system=  1.26%   (window 2s)

----- REMOTE CPU LOAD (memory node dir-threads, 2s window) -----
  dir 0: active=  0.00%  msgs=0           0 ns/msg
  AGGREGATE active = 0.00% (of 1 dir-threads; 0.00% per-thread avg)  msgs=0
[CPU memory  ] process=  1.25% of 80 cores   system=  1.27%   (window 2s)

----- REMOTE CPU LOAD (memory node dir-threads, 2s window) -----
  dir 0: active=  0.00%  msgs=0           0 ns/msg
  AGGREGATE active = 0.00% (of 1 dir-threads; 0.00% per-thread avg)  msgs=0
[CPU memory  ] process=  1.25% of 80 cores   system=  1.27%   (window 2s)

----- REMOTE CPU LOAD (memory node dir-threads, 2s window) -----
  dir 0: active=  0.00%  msgs=0           0 ns/msg
  AGGREGATE active = 0.00% (of 1 dir-threads; 0.00% per-thread avg)  msgs=0
[CPU memory  ] process=  1.26% of 80 cores   system=  1.27%   (window 2s)

----- REMOTE CPU LOAD (memory node dir-threads, 2s window) -----
  dir 0: active=  0.00%  msgs=0           0 ns/msg
  AGGREGATE active = 0.00% (of 1 dir-threads; 0.00% per-thread avg)  msgs=0
[CPU memory  ] process=  1.25% of 80 cores   system=  1.29%   (window 2s)

----- REMOTE CPU LOAD (memory node dir-threads, 2s window) -----
  dir 0: active=  0.00%  msgs=0           0 ns/msg
  AGGREGATE active = 0.00% (of 1 dir-threads; 0.00% per-thread avg)  msgs=0
[CPU memory  ] process=  1.25% of 80 cores   system=  1.27%   (window 2s)
Avg. rdma read time(ms) = -nan
Avg. rdma write time(ms) = -nan
Avg. rdma read / op = -nan
Avg. rdma write / op = -nan
Avg. rdma cas / op = -nan
Avg. rdma rpc / op = -nan
Avg. all rdma / op = -nan
Avg. rdma read size/ op = -nan
Avg. rdma write size / op = -nan
Avg. rdma RW size / op = -nan
