Compute node count = 1
kNodeCount 2, kReadRatio 100, kInsertRatio 0, kUpdateRatio 0, kDeleteRatio 0, kRangeRatio 0, totalThreadCount 40, memThreadCount 2 cache_size 1024, uniform_workload 1, zipfian 0.990000, bulk_load_num 50000000, warmup_num 10000000, op_num 30000000, check_correctness 0, time_based 0, early_stop 1, index 0, rpc_rate 1.000000, admission_rate 0.100000, auto_tune 0
kMaxThread = 40
KeySpace = 50001000
[GEOMETRY] inner_page=288 leaf_page=352 inner_entries=13 leaf_entries=16 slot=352 placement=mn_only
[4mshared memory size: 64GB, 0x7f1b75a00000[0m
[4mcache size: 2GB[0m
[4mMachine NR: 2[0m
[4mMax_APP_THREAD: 80[0m
[4mNR_DIRECTORY: 16[0m
[4mStart Build the DSMKeeper[0m
I am servers 1 [253.127.0.0]
I connect server 0
[4mdir 0 launch! (core 79 of 80)
[0m
[4mdir 1 launch! (core 78 of 80)
[0m
Before barrier finish

----- REMOTE CPU LOAD (memory node dir-threads, 2s window) -----
  dir 0: active=  0.00%  msgs=1           3659 ns/msg
  dir 1: active=  0.00%  msgs=0           0 ns/msg
  AGGREGATE active = 0.00% (of 2 dir-threads; 0.00% per-thread avg)  msgs=1
[CPU memory  ] process=  2.49% of 80 cores   system=  2.51%   (window 2s)

----- REMOTE CPU LOAD (memory node dir-threads, 2s window) -----
  dir 0: active=  0.00%  msgs=0           0 ns/msg
  dir 1: active=  0.00%  msgs=0           0 ns/msg
  AGGREGATE active = 0.00% (of 2 dir-threads; 0.00% per-thread avg)  msgs=0
[CPU memory  ] process=  2.50% of 80 cores   system=  2.56%   (window 2s)

----- REMOTE CPU LOAD (memory node dir-threads, 2s window) -----
  dir 0: active=  0.00%  msgs=0           0 ns/msg
  dir 1: active=  0.00%  msgs=0           0 ns/msg
  AGGREGATE active = 0.00% (of 2 dir-threads; 0.00% per-thread avg)  msgs=0
[CPU memory  ] process=  2.49% of 80 cores   system=  2.51%   (window 2s)

----- REMOTE CPU LOAD (memory node dir-threads, 2s window) -----
  dir 0: active=  0.00%  msgs=0           0 ns/msg
  dir 1: active=  0.00%  msgs=0           0 ns/msg
  AGGREGATE active = 0.00% (of 2 dir-threads; 0.00% per-thread avg)  msgs=0
[CPU memory  ] process=  2.50% of 80 cores   system=  2.51%   (window 2s)

----- REMOTE CPU LOAD (memory node dir-threads, 2s window) -----
  dir 0: active=  0.00%  msgs=0           0 ns/msg
  dir 1: active=  0.00%  msgs=0           0 ns/msg
  AGGREGATE active = 0.00% (of 2 dir-threads; 0.00% per-thread avg)  msgs=0
[CPU memory  ] process=  2.50% of 80 cores   system=  2.52%   (window 2s)

----- REMOTE CPU LOAD (memory node dir-threads, 2s window) -----
  dir 0: active=  0.00%  msgs=0           0 ns/msg
  dir 1: active=  0.00%  msgs=0           0 ns/msg
  AGGREGATE active = 0.00% (of 2 dir-threads; 0.00% per-thread avg)  msgs=0
[CPU memory  ] process=  2.49% of 80 cores   system=  2.53%   (window 2s)

----- REMOTE CPU LOAD (memory node dir-threads, 2s window) -----
  dir 0: active=  0.00%  msgs=0           0 ns/msg
  dir 1: active=  0.00%  msgs=0           0 ns/msg
  AGGREGATE active = 0.00% (of 2 dir-threads; 0.00% per-thread avg)  msgs=0
[CPU memory  ] process=  2.50% of 80 cores   system=  2.57%   (window 2s)

----- REMOTE CPU LOAD (memory node dir-threads, 2s window) -----
  dir 0: active=  0.00%  msgs=0           0 ns/msg
  dir 1: active=  0.00%  msgs=0           0 ns/msg
  AGGREGATE active = 0.00% (of 2 dir-threads; 0.00% per-thread avg)  msgs=0
[CPU memory  ] process=  2.49% of 80 cores   system=  2.52%   (window 2s)

----- REMOTE CPU LOAD (memory node dir-threads, 2s window) -----
  dir 0: active=  0.00%  msgs=0           0 ns/msg
  dir 1: active=  0.00%  msgs=0           0 ns/msg
  AGGREGATE active = 0.00% (of 2 dir-threads; 0.00% per-thread avg)  msgs=0
[CPU memory  ] process=  2.51% of 80 cores   system=  2.50%   (window 2s)

----- REMOTE CPU LOAD (memory node dir-threads, 2s window) -----
  dir 0: active=  0.00%  msgs=0           0 ns/msg
  dir 1: active=  0.00%  msgs=0           0 ns/msg
  AGGREGATE active = 0.00% (of 2 dir-threads; 0.00% per-thread avg)  msgs=0
[CPU memory  ] process=  2.49% of 80 cores   system=  2.54%   (window 2s)

----- REMOTE CPU LOAD (memory node dir-threads, 2s window) -----
  dir 0: active=  0.00%  msgs=0           0 ns/msg
  dir 1: active=  0.00%  msgs=0           0 ns/msg
  AGGREGATE active = 0.00% (of 2 dir-threads; 0.00% per-thread avg)  msgs=0
[CPU memory  ] process=  2.49% of 80 cores   system=  2.51%   (window 2s)

----- REMOTE CPU LOAD (memory node dir-threads, 2s window) -----
  dir 0: active=  0.00%  msgs=1           1808 ns/msg
  dir 1: active=  0.00%  msgs=1           3545 ns/msg
  AGGREGATE active = 0.00% (of 2 dir-threads; 0.00% per-thread avg)  msgs=2
[CPU memory  ] process=  2.50% of 80 cores   system=  2.56%   (window 2s)

----- REMOTE CPU LOAD (memory node dir-threads, 2s window) -----
  dir 0: active=  0.00%  msgs=1           269 ns/msg
  dir 1: active=  0.00%  msgs=2           913 ns/msg
  AGGREGATE active = 0.00% (of 2 dir-threads; 0.00% per-thread avg)  msgs=3
[CPU memory  ] process=  2.50% of 80 cores   system=  2.51%   (window 2s)

----- REMOTE CPU LOAD (memory node dir-threads, 2s window) -----
  dir 0: active=  0.00%  msgs=2           536 ns/msg
  dir 1: active=  0.00%  msgs=1           479 ns/msg
  AGGREGATE active = 0.00% (of 2 dir-threads; 0.00% per-thread avg)  msgs=3
[CPU memory  ] process=  2.49% of 80 cores   system=  2.52%   (window 2s)

----- REMOTE CPU LOAD (memory node dir-threads, 2s window) -----
  dir 0: active=  0.00%  msgs=2           500 ns/msg
  dir 1: active=  0.00%  msgs=2           696 ns/msg
  AGGREGATE active = 0.00% (of 2 dir-threads; 0.00% per-thread avg)  msgs=4
[CPU memory  ] process=  2.50% of 80 cores   system=  2.52%   (window 2s)

----- REMOTE CPU LOAD (memory node dir-threads, 2s window) -----
  dir 0: active=  0.00%  msgs=1           351 ns/msg
  dir 1: active=  0.00%  msgs=2           467 ns/msg
  AGGREGATE active = 0.00% (of 2 dir-threads; 0.00% per-thread avg)  msgs=3
[CPU memory  ] process=  2.50% of 80 cores   system=  2.51%   (window 2s)

----- REMOTE CPU LOAD (memory node dir-threads, 2s window) -----
  dir 0: active=  0.00%  msgs=2           381 ns/msg
  dir 1: active=  0.00%  msgs=1           983 ns/msg
  AGGREGATE active = 0.00% (of 2 dir-threads; 0.00% per-thread avg)  msgs=3
[CPU memory  ] process=  2.49% of 80 cores   system=  2.56%   (window 2s)

----- REMOTE CPU LOAD (memory node dir-threads, 2s window) -----
  dir 0: active=  0.00%  msgs=1           307 ns/msg
  dir 1: active=  0.00%  msgs=2           498 ns/msg
  AGGREGATE active = 0.00% (of 2 dir-threads; 0.00% per-thread avg)  msgs=3
[CPU memory  ] process=  2.49% of 80 cores   system=  2.51%   (window 2s)

----- REMOTE CPU LOAD (memory node dir-threads, 2s window) -----
  dir 0: active=  0.00%  msgs=2           346 ns/msg
  dir 1: active=  0.00%  msgs=1           465 ns/msg
  AGGREGATE active = 0.00% (of 2 dir-threads; 0.00% per-thread avg)  msgs=3
[CPU memory  ] process=  2.50% of 80 cores   system=  2.51%   (window 2s)

----- REMOTE CPU LOAD (memory node dir-threads, 2s window) -----
  dir 0: active=  0.00%  msgs=1           289 ns/msg
  dir 1: active=  0.00%  msgs=2           702 ns/msg
  AGGREGATE active = 0.00% (of 2 dir-threads; 0.00% per-thread avg)  msgs=3
[CPU memory  ] process=  2.50% of 80 cores   system=  2.53%   (window 2s)

----- REMOTE CPU LOAD (memory node dir-threads, 2s window) -----
  dir 0: active=  0.00%  msgs=2           405 ns/msg
  dir 1: active=  0.00%  msgs=2           718 ns/msg
  AGGREGATE active = 0.00% (of 2 dir-threads; 0.00% per-thread avg)  msgs=4
[CPU memory  ] process=  2.50% of 80 cores   system=  2.51%   (window 2s)

----- REMOTE CPU LOAD (memory node dir-threads, 2s window) -----
  dir 0: active=  0.00%  msgs=1           301 ns/msg
  dir 1: active=  0.00%  msgs=1           862 ns/msg
  AGGREGATE active = 0.00% (of 2 dir-threads; 0.00% per-thread avg)  msgs=2
[CPU memory  ] process=  2.49% of 80 cores   system=  2.56%   (window 2s)

----- REMOTE CPU LOAD (memory node dir-threads, 2s window) -----
  dir 0: active=  0.00%  msgs=1           497 ns/msg
  dir 1: active=  0.00%  msgs=1           361 ns/msg
  AGGREGATE active = 0.00% (of 2 dir-threads; 0.00% per-thread avg)  msgs=2
[CPU memory  ] process=  2.50% of 80 cores   system=  2.52%   (window 2s)

----- REMOTE CPU LOAD (memory node dir-threads, 2s window) -----
  dir 0: active=  0.00%  msgs=1           369 ns/msg
  dir 1: active=  0.00%  msgs=1           566 ns/msg
  AGGREGATE active = 0.00% (of 2 dir-threads; 0.00% per-thread avg)  msgs=2
[CPU memory  ] process=  2.49% of 80 cores   system=  2.51%   (window 2s)

----- REMOTE CPU LOAD (memory node dir-threads, 2s window) -----
  dir 0: active=  0.00%  msgs=1           799 ns/msg
  dir 1: active=  0.00%  msgs=1           722 ns/msg
  AGGREGATE active = 0.00% (of 2 dir-threads; 0.00% per-thread avg)  msgs=2
[CPU memory  ] process=  2.51% of 80 cores   system=  2.52%   (window 2s)

----- REMOTE CPU LOAD (memory node dir-threads, 2s window) -----
  dir 0: active=  0.00%  msgs=1           369 ns/msg
  dir 1: active=  0.00%  msgs=1           698 ns/msg
  AGGREGATE active = 0.00% (of 2 dir-threads; 0.00% per-thread avg)  msgs=2
[CPU memory  ] process=  2.49% of 80 cores   system=  2.51%   (window 2s)

----- REMOTE CPU LOAD (memory node dir-threads, 2s window) -----
  dir 0: active=  0.00%  msgs=1           504 ns/msg
  dir 1: active=  0.00%  msgs=1           891 ns/msg
  AGGREGATE active = 0.00% (of 2 dir-threads; 0.00% per-thread avg)  msgs=2
[CPU memory  ] process=  2.49% of 80 cores   system=  2.57%   (window 2s)

----- REMOTE CPU LOAD (memory node dir-threads, 2s window) -----
  dir 0: active=  0.00%  msgs=2           506 ns/msg
  dir 1: active=  0.00%  msgs=1           602 ns/msg
  AGGREGATE active = 0.00% (of 2 dir-threads; 0.00% per-thread avg)  msgs=3
[CPU memory  ] process=  2.50% of 80 cores   system=  2.51%   (window 2s)

----- REMOTE CPU LOAD (memory node dir-threads, 2s window) -----
  dir 0: active=  0.00%  msgs=1           337 ns/msg
  dir 1: active=  0.00%  msgs=1           760 ns/msg
  AGGREGATE active = 0.00% (of 2 dir-threads; 0.00% per-thread avg)  msgs=2
[CPU memory  ] process=  2.50% of 80 cores   system=  2.52%   (window 2s)

----- REMOTE CPU LOAD (memory node dir-threads, 2s window) -----
  dir 0: active=  0.00%  msgs=1           463 ns/msg
  dir 1: active=  0.00%  msgs=1           917 ns/msg
  AGGREGATE active = 0.00% (of 2 dir-threads; 0.00% per-thread avg)  msgs=2
[CPU memory  ] process=  2.50% of 80 cores   system=  2.52%   (window 2s)

----- REMOTE CPU LOAD (memory node dir-threads, 2s window) -----
  dir 0: active=  0.00%  msgs=1           428 ns/msg
  dir 1: active=  0.00%  msgs=1           1029 ns/msg
  AGGREGATE active = 0.00% (of 2 dir-threads; 0.00% per-thread avg)  msgs=2
[CPU memory  ] process=  2.49% of 80 cores   system=  2.51%   (window 2s)

----- REMOTE CPU LOAD (memory node dir-threads, 2s window) -----
  dir 0: active=  0.00%  msgs=1           561 ns/msg
  dir 1: active=  0.00%  msgs=1           895 ns/msg
  AGGREGATE active = 0.00% (of 2 dir-threads; 0.00% per-thread avg)  msgs=2
[CPU memory  ] process=  2.49% of 80 cores   system=  2.56%   (window 2s)

----- REMOTE CPU LOAD (memory node dir-threads, 2s window) -----
  dir 0: active=  0.00%  msgs=1           710 ns/msg
  dir 1: active=  0.00%  msgs=2           646 ns/msg
  AGGREGATE active = 0.00% (of 2 dir-threads; 0.00% per-thread avg)  msgs=3
[CPU memory  ] process=  2.50% of 80 cores   system=  2.52%   (window 2s)

----- REMOTE CPU LOAD (memory node dir-threads, 2s window) -----
  dir 0: active=  0.00%  msgs=1           334 ns/msg
  dir 1: active=  0.00%  msgs=1           805 ns/msg
  AGGREGATE active = 0.00% (of 2 dir-threads; 0.00% per-thread avg)  msgs=2
[CPU memory  ] process=  2.50% of 80 cores   system=  2.51%   (window 2s)

----- REMOTE CPU LOAD (memory node dir-threads, 2s window) -----
  dir 0: active=  0.00%  msgs=1           411 ns/msg
  dir 1: active=  0.00%  msgs=1           935 ns/msg
  AGGREGATE active = 0.00% (of 2 dir-threads; 0.00% per-thread avg)  msgs=2
[CPU memory  ] process=  2.50% of 80 cores   system=  2.52%   (window 2s)

----- REMOTE CPU LOAD (memory node dir-threads, 2s window) -----
  dir 0: active=  0.00%  msgs=1           351 ns/msg
  dir 1: active=  0.00%  msgs=1           674 ns/msg
  AGGREGATE active = 0.00% (of 2 dir-threads; 0.00% per-thread avg)  msgs=2
[CPU memory  ] process=  2.49% of 80 cores   system=  2.51%   (window 2s)

----- REMOTE CPU LOAD (memory node dir-threads, 2s window) -----
  dir 0: active=  0.00%  msgs=2           1158 ns/msg
  dir 1: active=  0.00%  msgs=1           1905 ns/msg
  AGGREGATE active = 0.00% (of 2 dir-threads; 0.00% per-thread avg)  msgs=3
[CPU memory  ] process=  2.50% of 80 cores   system=  2.52%   (window 2s)

----- REMOTE CPU LOAD (memory node dir-threads, 2s window) -----
  dir 0: active=  0.00%  msgs=1           259 ns/msg
  dir 1: active=  0.00%  msgs=1           790 ns/msg
  AGGREGATE active = 0.00% (of 2 dir-threads; 0.00% per-thread avg)  msgs=2
[CPU memory  ] process=  2.49% of 80 cores   system=  2.54%   (window 2s)

----- REMOTE CPU LOAD (memory node dir-threads, 2s window) -----
  dir 0: active=  0.00%  msgs=1           309 ns/msg
  dir 1: active=  0.00%  msgs=1           547 ns/msg
  AGGREGATE active = 0.00% (of 2 dir-threads; 0.00% per-thread avg)  msgs=2
[CPU memory  ] process=  2.50% of 80 cores   system=  2.52%   (window 2s)

----- REMOTE CPU LOAD (memory node dir-threads, 2s window) -----
  dir 0: active=  0.00%  msgs=1           463 ns/msg
  dir 1: active=  0.00%  msgs=1           666 ns/msg
  AGGREGATE active = 0.00% (of 2 dir-threads; 0.00% per-thread avg)  msgs=2
[CPU memory  ] process=  2.49% of 80 cores   system=  2.52%   (window 2s)

----- REMOTE CPU LOAD (memory node dir-threads, 2s window) -----
  dir 0: active=  0.00%  msgs=1           675 ns/msg
  dir 1: active=  0.00%  msgs=1           747 ns/msg
  AGGREGATE active = 0.00% (of 2 dir-threads; 0.00% per-thread avg)  msgs=2
[CPU memory  ] process=  2.50% of 80 cores   system=  2.51%   (window 2s)

----- REMOTE CPU LOAD (memory node dir-threads, 2s window) -----
  dir 0: active=  0.00%  msgs=1           389 ns/msg
  dir 1: active=  0.00%  msgs=2           764 ns/msg
  AGGREGATE active = 0.00% (of 2 dir-threads; 0.00% per-thread avg)  msgs=3
[CPU memory  ] process=  2.49% of 80 cores   system=  2.54%   (window 2s)

----- REMOTE CPU LOAD (memory node dir-threads, 2s window) -----
  dir 0: active=  0.00%  msgs=1           484 ns/msg
  dir 1: active=  0.00%  msgs=0           0 ns/msg
  AGGREGATE active = 0.00% (of 2 dir-threads; 0.00% per-thread avg)  msgs=1
[CPU memory  ] process=  2.51% of 80 cores   system=  2.55%   (window 2s)

----- REMOTE CPU LOAD (memory node dir-threads, 2s window) -----
  dir 0: active=  0.00%  msgs=0           0 ns/msg
  dir 1: active=  0.00%  msgs=0           0 ns/msg
  AGGREGATE active = 0.00% (of 2 dir-threads; 0.00% per-thread avg)  msgs=0
[CPU memory  ] process=  2.49% of 80 cores   system=  2.51%   (window 2s)

----- REMOTE CPU LOAD (memory node dir-threads, 2s window) -----
  dir 0: active=  0.00%  msgs=0           0 ns/msg
  dir 1: active=  0.00%  msgs=0           0 ns/msg
  AGGREGATE active = 0.00% (of 2 dir-threads; 0.00% per-thread avg)  msgs=0
[CPU memory  ] process=  2.50% of 80 cores   system=  2.53%   (window 2s)

----- REMOTE CPU LOAD (memory node dir-threads, 2s window) -----
  dir 0: active=  0.00%  msgs=0           0 ns/msg
  dir 1: active=  0.00%  msgs=0           0 ns/msg
  AGGREGATE active = 0.00% (of 2 dir-threads; 0.00% per-thread avg)  msgs=0
[CPU memory  ] process=  2.49% of 80 cores   system=  2.51%   (window 2s)

----- REMOTE CPU LOAD (memory node dir-threads, 2s window) -----
  dir 0: active= 26.97%  msgs=1377797     391 ns/msg
  dir 1: active= 20.94%  msgs=1377797     304 ns/msg
  AGGREGATE active = 47.90% (of 2 dir-threads; 23.95% per-thread avg)  msgs=2755594
[CPU memory  ] process=  2.50% of 80 cores   system=  2.53%   (window 2s)

----- REMOTE CPU LOAD (memory node dir-threads, 2s window) -----
  dir 0: active= 62.65%  msgs=3240030     387 ns/msg
  dir 1: active= 55.71%  msgs=3240030     344 ns/msg
  AGGREGATE active = 118.36% (of 2 dir-threads; 59.18% per-thread avg)  msgs=6480060
[CPU memory  ] process=  2.50% of 80 cores   system=  2.54%   (window 2s)

----- REMOTE CPU LOAD (memory node dir-threads, 2s window) -----
  dir 0: active= 62.32%  msgs=3261431     382 ns/msg
  dir 1: active= 58.43%  msgs=3261431     358 ns/msg
  AGGREGATE active = 120.75% (of 2 dir-threads; 60.38% per-thread avg)  msgs=6522862
[CPU memory  ] process=  2.49% of 80 cores   system=  2.51%   (window 2s)

----- REMOTE CPU LOAD (memory node dir-threads, 2s window) -----
  dir 0: active= 42.39%  msgs=2218095     382 ns/msg
  dir 1: active= 40.01%  msgs=2218066     361 ns/msg
  AGGREGATE active = 82.40% (of 2 dir-threads; 41.20% per-thread avg)  msgs=4436161
[CPU memory  ] process=  2.50% of 80 cores   system=  2.54%   (window 2s)

----- REMOTE CPU LOAD (memory node dir-threads, 2s window) -----
  dir 0: active=  0.00%  msgs=0           0 ns/msg
  dir 1: active=  0.00%  msgs=0           0 ns/msg
  AGGREGATE active = 0.00% (of 2 dir-threads; 0.00% per-thread avg)  msgs=0
[CPU memory  ] process=  2.49% of 80 cores   system=  2.51%   (window 2s)

----- REMOTE CPU LOAD (memory node dir-threads, 2s window) -----
  dir 0: active=  0.00%  msgs=0           0 ns/msg
  dir 1: active=  0.00%  msgs=0           0 ns/msg
  AGGREGATE active = 0.00% (of 2 dir-threads; 0.00% per-thread avg)  msgs=0
[CPU memory  ] process=  2.49% of 80 cores   system=  2.53%   (window 2s)
Avg. rdma read time(ms) = -nan
Avg. rdma write time(ms) = -nan
Avg. rdma read / op = -nan
Avg. rdma write / op = -nan
Avg. rdma cas / op = -nan
Avg. rdma rpc / op = -nan
Avg. all rdma / op = -nan
Avg. rdma read size/ op = -nan
Avg. rdma write size / op = -nan
Avg. rdma RW size / op = -nan
