nodes 2, threads 36, mix R/I/U/S=50/0/0/50, zipf-0.99, bulk 50M warmup 10M op 30M, offload 100%, scan_range 100
[4mshared memory size: 64GB, 0x7f794c000000[0m
[4mrdma cache size: 4GB[0m
[4mMachine NR: 2[0m
[4mCompute server 0 start up [10.30.1.8]
[0m
I connect server 1
[4mdir 0 launch! (core 79 of 80)
[0m
[4mdir 1 launch! (core 78 of 80)
[0m
[4mdir 2 launch! (core 77 of 80)
[0m
[4mdir 3 launch! (core 76 of 80)
[0m
[4mdir 6 launch! (core 73 of 80)
[0m
[4mdir 4 launch! (core 75 of 80)
[0m
[4mdir 7 launch! (core 72 of 80)
[0m
[4mdir 5 launch! (core 74 of 80)
[0m
[4mdir 9 launch! (core 70 of 80)
[0m
[4mdir 8 launch! (core 71 of 80)
[0m
[4mdir 10 launch! (core 69 of 80)
[0m
[4mdir 12 launch! (core 67 of 80)
[0m
[4mdir 11 launch! (core 68 of 80)
[0m
[4mMemory server 0 start up (16/16 dir threads active)[0m
[4mdir 14 launch! (core 65 of 80)
[0m
[4mdir 13 launch! (core 66 of 80)
[0m
[4mdir 15 launch! (core 64 of 80)
[0m
[CONFIG node 0] bulk load: bottom-up build, 8 keys per leaf, 6 children per inner node (CHIME_BULK_BUILD / CHIME_BUILD_LEAF_KEYS / CHIME_BUILD_INNER_FANOUT)
[CONFIG node 0] clients on this node: no (CHIME_MN_CLIENTS)
[CONFIG node 0] scan path: from_cache=1 offload_always=1 (CHIME_SCAN_FROM_CACHE / CHIME_SCAN_OFFLOAD_ALWAYS)
[CONFIG node 0] push ops: scan (CHIME_PUSH_OPS; applies only with offloading on)
[CACHE node 0] total=512 MB index=512 MB leaf=0 MB
index cache = 512 MB (CHIME_CACHE_MB)
[CONFIG] leaf cache = OFF  (CHIME_CACHE_LEAF / CHIME_LEAF_CACHE_PCT)
[CONFIG node 0] dir threads = 16 (CHIME_DIR_THREADS, max 16) -- MUST match the other node
[CORES node 0] linear pinning: app threads -> CPUs 0..35, main -> 0, dir threads -> 79,78,77,76,75,74,73,72,71,70,69,68,67,66,65,64,63,62,61,60,59,58,57,56,55,54,53,52,51,50,49,48,47,46,45,44,43,42,41,40,39,38,37,36,35,34,33,32,31,30,29,28,27,26,25,24,23,22,21,20,19,18,17,16,15,14,13,12,11,10,9,8,7,6,5,4,3,2,1,0 (REV_DIR_CPUS)
[GEOMETRY] leaf    : span=16 val=8B trans=329B alloc=353B
[GEOMETRY] internal: span=16        trans=319B alloc=335B
[GEOMETRY] internal/leaf = 0.97x  (OK: internal < leaf)
[GEOMETRY] tree ~= 3.12M leaves * 329B = 0.96 GB
[GEOMETRY] index ~= 63.4 MB (leaves 100% full; TRUE value is HIGHER --
[GEOMETRY]          read '[TreeCache] consumed cache size' below)
[CONFIG] hotspot buffer + speculative read: off (CHIME_HOTSPOT; stock CHIME: on above 50 MB)
[CONFIG] offload rate = 100%, min cache-boundary level = 2 (offload cache MISSES only)
[CONFIG] warmup offload rate = 0% (CHIME_WARMUP_OFFLOAD); measured phase uses 100%

----- REMOTE CPU LOAD (memory node dir-threads, 2s window) -----
  dir 0: active=  0.00%  msgs=0           0 ns/msg
  dir 1: active=  0.00%  msgs=1           4879 ns/msg
  dir 2: active=  0.00%  msgs=0           0 ns/msg
  dir 3: active=  0.00%  msgs=0           0 ns/msg
  dir 4: active=  0.00%  msgs=0           0 ns/msg
  dir 5: active=  0.00%  msgs=0           0 ns/msg
  dir 6: active=  0.00%  msgs=0           0 ns/msg
  dir 7: active=  0.00%  msgs=0           0 ns/msg
  dir 8: active=  0.00%  msgs=0           0 ns/msg
  dir 9: active=  0.00%  msgs=0           0 ns/msg
  dir 10: active=  0.00%  msgs=0           0 ns/msg
  dir 11: active=  0.00%  msgs=0           0 ns/msg
  dir 12: active=  0.00%  msgs=0           0 ns/msg
  dir 13: active=  0.00%  msgs=0           0 ns/msg
  dir 14: active=  0.00%  msgs=0           0 ns/msg
  dir 15: active=  0.00%  msgs=0           0 ns/msg
  AGGREGATE active = 0.00% (of 16 dir-threads; 0.00% per-thread avg)  msgs=1

----- REMOTE CPU LOAD (memory node dir-threads, 2s window) -----
  dir 0: active=  0.00%  msgs=0           0 ns/msg
  dir 1: active=  0.00%  msgs=0           0 ns/msg
  dir 2: active=  0.00%  msgs=0           0 ns/msg
  dir 3: active=  0.00%  msgs=0           0 ns/msg
  dir 4: active=  0.00%  msgs=0           0 ns/msg
  dir 5: active=  0.00%  msgs=0           0 ns/msg
  dir 6: active=  0.00%  msgs=0           0 ns/msg
  dir 7: active=  0.00%  msgs=0           0 ns/msg
  dir 8: active=  0.00%  msgs=0           0 ns/msg
  dir 9: active=  0.00%  msgs=0           0 ns/msg
  dir 10: active=  0.00%  msgs=0           0 ns/msg
  dir 11: active=  0.00%  msgs=0           0 ns/msg
  dir 12: active=  0.00%  msgs=0           0 ns/msg
  dir 13: active=  0.00%  msgs=0           0 ns/msg
  dir 14: active=  0.00%  msgs=0           0 ns/msg
  dir 15: active=  0.00%  msgs=0           0 ns/msg
  AGGREGATE active = 0.00% (of 16 dir-threads; 0.00% per-thread avg)  msgs=0

----- REMOTE CPU LOAD (memory node dir-threads, 2s window) -----
  dir 0: active=  0.00%  msgs=0           0 ns/msg
  dir 1: active=  0.00%  msgs=0           0 ns/msg
  dir 2: active=  0.00%  msgs=0           0 ns/msg
  dir 3: active=  0.00%  msgs=0           0 ns/msg
  dir 4: active=  0.00%  msgs=0           0 ns/msg
  dir 5: active=  0.00%  msgs=0           0 ns/msg
  dir 6: active=  0.00%  msgs=0           0 ns/msg
  dir 7: active=  0.00%  msgs=0           0 ns/msg
  dir 8: active=  0.00%  msgs=0           0 ns/msg
  dir 9: active=  0.00%  msgs=0           0 ns/msg
  dir 10: active=  0.00%  msgs=0           0 ns/msg
  dir 11: active=  0.00%  msgs=0           0 ns/msg
  dir 12: active=  0.00%  msgs=0           0 ns/msg
  dir 13: active=  0.00%  msgs=0           0 ns/msg
  dir 14: active=  0.00%  msgs=0           0 ns/msg
  dir 15: active=  0.00%  msgs=0           0 ns/msg
  AGGREGATE active = 0.00% (of 16 dir-threads; 0.00% per-thread avg)  msgs=0
workload generated: keyspace=50001000 bulk=50000000 warmup=9999972 op=29999988
[4mKey space set: keySpaceSize=50000000[0m
I am 0
I am 1
I am 27
I am 3
I am 19
I am 6
I am 33
I am 10
I am 17
I am 29
I am 35
I am 18
I am 24
I am 20
I am 15
I am 31
I am 23
I am 4
I am 8
I am 11
I am 9
I am 12
I am 28
I am 16
I am 13
I am 30
I am 25
I am 14
I am 32
I am 34
I am 21
I am 26
I am 22
I am 7
I am 2
I am 5

----- REMOTE CPU LOAD (memory node dir-threads, 2s window) -----
  dir 0: active=  0.00%  msgs=0           0 ns/msg
  dir 1: active=  0.00%  msgs=0           0 ns/msg
  dir 2: active=  0.00%  msgs=0           0 ns/msg
  dir 3: active=  0.00%  msgs=0           0 ns/msg
  dir 4: active=  0.00%  msgs=0           0 ns/msg
  dir 5: active=  0.00%  msgs=0           0 ns/msg
  dir 6: active=  0.00%  msgs=0           0 ns/msg
  dir 7: active=  0.00%  msgs=0           0 ns/msg
  dir 8: active=  0.00%  msgs=0           0 ns/msg
  dir 9: active=  0.00%  msgs=0           0 ns/msg
  dir 10: active=  0.00%  msgs=0           0 ns/msg
  dir 11: active=  0.00%  msgs=0           0 ns/msg
  dir 12: active=  0.00%  msgs=0           0 ns/msg
  dir 13: active=  0.00%  msgs=0           0 ns/msg
  dir 14: active=  0.00%  msgs=0           0 ns/msg
  dir 15: active=  0.00%  msgs=0           0 ns/msg
  AGGREGATE active = 0.00% (of 16 dir-threads; 0.00% per-thread avg)  msgs=0

----- REMOTE CPU LOAD (memory node dir-threads, 2s window) -----
  dir 0: active=  0.00%  msgs=9           491 ns/msg
  dir 1: active=  0.00%  msgs=9           350 ns/msg
  dir 2: active=  0.00%  msgs=9           541 ns/msg
  dir 3: active=  0.00%  msgs=9           792 ns/msg
  dir 4: active=  0.00%  msgs=9           666 ns/msg
  dir 5: active=  0.00%  msgs=9           672 ns/msg
  dir 6: active=  0.00%  msgs=9           569 ns/msg
  dir 7: active=  0.00%  msgs=9           589 ns/msg
  dir 8: active=  0.00%  msgs=9           510 ns/msg
  dir 9: active=  0.00%  msgs=9           554 ns/msg
  dir 10: active=  0.00%  msgs=9           501 ns/msg
  dir 11: active=  0.00%  msgs=9           553 ns/msg
  dir 12: active=  0.00%  msgs=9           506 ns/msg
  dir 13: active=  0.00%  msgs=9           566 ns/msg
  dir 14: active=  0.00%  msgs=9           605 ns/msg
  dir 15: active=  0.00%  msgs=9           559 ns/msg
  AGGREGATE active = 0.00% (of 16 dir-threads; 0.00% per-thread avg)  msgs=144

----- REMOTE CPU LOAD (memory node dir-threads, 2s window) -----
  dir 0: active=  0.00%  msgs=0           0 ns/msg
  dir 1: active=  0.00%  msgs=0           0 ns/msg
  dir 2: active=  0.00%  msgs=0           0 ns/msg
  dir 3: active=  0.00%  msgs=0           0 ns/msg
  dir 4: active=  0.00%  msgs=0           0 ns/msg
  dir 5: active=  0.00%  msgs=0           0 ns/msg
  dir 6: active=  0.00%  msgs=0           0 ns/msg
  dir 7: active=  0.00%  msgs=0           0 ns/msg
  dir 8: active=  0.00%  msgs=0           0 ns/msg
  dir 9: active=  0.00%  msgs=0           0 ns/msg
  dir 10: active=  0.00%  msgs=0           0 ns/msg
  dir 11: active=  0.00%  msgs=0           0 ns/msg
  dir 12: active=  0.00%  msgs=0           0 ns/msg
  dir 13: active=  0.00%  msgs=0           0 ns/msg
  dir 14: active=  0.00%  msgs=0           0 ns/msg
  dir 15: active=  0.00%  msgs=0           0 ns/msg
  AGGREGATE active = 0.00% (of 16 dir-threads; 0.00% per-thread avg)  msgs=0

----- REMOTE CPU LOAD (memory node dir-threads, 2s window) -----
  dir 0: active=  0.00%  msgs=0           0 ns/msg
  dir 1: active=  0.00%  msgs=0           0 ns/msg
  dir 2: active=  0.00%  msgs=0           0 ns/msg
  dir 3: active=  0.00%  msgs=0           0 ns/msg
  dir 4: active=  0.00%  msgs=0           0 ns/msg
  dir 5: active=  0.00%  msgs=0           0 ns/msg
  dir 6: active=  0.00%  msgs=0           0 ns/msg
  dir 7: active=  0.00%  msgs=0           0 ns/msg
  dir 8: active=  0.00%  msgs=0           0 ns/msg
  dir 9: active=  0.00%  msgs=0           0 ns/msg
  dir 10: active=  0.00%  msgs=0           0 ns/msg
  dir 11: active=  0.00%  msgs=0           0 ns/msg
  dir 12: active=  0.00%  msgs=0           0 ns/msg
  dir 13: active=  0.00%  msgs=0           0 ns/msg
  dir 14: active=  0.00%  msgs=0           0 ns/msg
  dir 15: active=  0.00%  msgs=0           0 ns/msg
  AGGREGATE active = 0.00% (of 16 dir-threads; 0.00% per-thread avg)  msgs=0

----- REMOTE CPU LOAD (memory node dir-threads, 2s window) -----
  dir 0: active=  0.00%  msgs=0           0 ns/msg
  dir 1: active=  0.00%  msgs=0           0 ns/msg
  dir 2: active=  0.00%  msgs=0           0 ns/msg
  dir 3: active=  0.00%  msgs=0           0 ns/msg
  dir 4: active=  0.00%  msgs=0           0 ns/msg
  dir 5: active=  0.00%  msgs=0           0 ns/msg
  dir 6: active=  0.00%  msgs=0           0 ns/msg
  dir 7: active=  0.00%  msgs=0           0 ns/msg
  dir 8: active=  0.00%  msgs=0           0 ns/msg
  dir 9: active=  0.00%  msgs=0           0 ns/msg
  dir 10: active=  0.00%  msgs=0           0 ns/msg
  dir 11: active=  0.00%  msgs=0           0 ns/msg
  dir 12: active=  0.00%  msgs=0           0 ns/msg
  dir 13: active=  0.00%  msgs=0           0 ns/msg
  dir 14: active=  0.00%  msgs=0           0 ns/msg
  dir 15: active=  0.00%  msgs=0           0 ns/msg
  AGGREGATE active = 0.00% (of 16 dir-threads; 0.00% per-thread avg)  msgs=0

----- REMOTE CPU LOAD (memory node dir-threads, 2s window) -----
  dir 0: active=  0.00%  msgs=0           0 ns/msg
  dir 1: active=  0.00%  msgs=0           0 ns/msg
  dir 2: active=  0.00%  msgs=0           0 ns/msg
  dir 3: active=  0.00%  msgs=0           0 ns/msg
  dir 4: active=  0.00%  msgs=0           0 ns/msg
  dir 5: active=  0.00%  msgs=0           0 ns/msg
  dir 6: active=  0.00%  msgs=0           0 ns/msg
  dir 7: active=  0.00%  msgs=0           0 ns/msg
  dir 8: active=  0.00%  msgs=0           0 ns/msg
  dir 9: active=  0.00%  msgs=0           0 ns/msg
  dir 10: active=  0.00%  msgs=0           0 ns/msg
  dir 11: active=  0.00%  msgs=0           0 ns/msg
  dir 12: active=  0.00%  msgs=0           0 ns/msg
  dir 13: active=  0.00%  msgs=0           0 ns/msg
  dir 14: active=  0.00%  msgs=0           0 ns/msg
  dir 15: active=  0.00%  msgs=0           0 ns/msg
  AGGREGATE active = 0.00% (of 16 dir-threads; 0.00% per-thread avg)  msgs=0

----- REMOTE CPU LOAD (memory node dir-threads, 2s window) -----
  dir 0: active=  0.00%  msgs=0           0 ns/msg
  dir 1: active=  0.00%  msgs=0           0 ns/msg
  dir 2: active=  0.00%  msgs=0           0 ns/msg
  dir 3: active=  0.00%  msgs=0           0 ns/msg
  dir 4: active=  0.00%  msgs=0           0 ns/msg
  dir 5: active=  0.00%  msgs=0           0 ns/msg
  dir 6: active=  0.00%  msgs=0           0 ns/msg
  dir 7: active=  0.00%  msgs=0           0 ns/msg
  dir 8: active=  0.00%  msgs=0           0 ns/msg
  dir 9: active=  0.00%  msgs=0           0 ns/msg
  dir 10: active=  0.00%  msgs=0           0 ns/msg
  dir 11: active=  0.00%  msgs=0           0 ns/msg
  dir 12: active=  0.00%  msgs=0           0 ns/msg
  dir 13: active=  0.00%  msgs=0           0 ns/msg
  dir 14: active=  0.00%  msgs=0           0 ns/msg
  dir 15: active=  0.00%  msgs=0           0 ns/msg
  AGGREGATE active = 0.00% (of 16 dir-threads; 0.00% per-thread avg)  msgs=0

----- REMOTE CPU LOAD (memory node dir-threads, 2s window) -----
  dir 0: active=  0.00%  msgs=0           0 ns/msg
  dir 1: active=  0.00%  msgs=0           0 ns/msg
  dir 2: active=  0.00%  msgs=0           0 ns/msg
  dir 3: active=  0.00%  msgs=0           0 ns/msg
  dir 4: active=  0.00%  msgs=0           0 ns/msg
  dir 5: active=  0.00%  msgs=0           0 ns/msg
  dir 6: active=  0.00%  msgs=0           0 ns/msg
  dir 7: active=  0.00%  msgs=0           0 ns/msg
  dir 8: active=  0.00%  msgs=0           0 ns/msg
  dir 9: active=  0.00%  msgs=0           0 ns/msg
  dir 10: active=  0.00%  msgs=0           0 ns/msg
  dir 11: active=  0.00%  msgs=0           0 ns/msg
  dir 12: active=  0.00%  msgs=0           0 ns/msg
  dir 13: active=  0.00%  msgs=0           0 ns/msg
  dir 14: active=  0.00%  msgs=0           0 ns/msg
  dir 15: active=  0.00%  msgs=0           0 ns/msg
  AGGREGATE active = 0.00% (of 16 dir-threads; 0.00% per-thread avg)  msgs=0

----- REMOTE CPU LOAD (memory node dir-threads, 2s window) -----
  dir 0: active=  0.00%  msgs=0           0 ns/msg
  dir 1: active=  0.00%  msgs=0           0 ns/msg
  dir 2: active=  0.00%  msgs=0           0 ns/msg
  dir 3: active=  0.00%  msgs=0           0 ns/msg
  dir 4: active=  0.00%  msgs=0           0 ns/msg
  dir 5: active=  0.00%  msgs=0           0 ns/msg
  dir 6: active=  0.00%  msgs=0           0 ns/msg
  dir 7: active=  0.00%  msgs=0           0 ns/msg
  dir 8: active=  0.00%  msgs=0           0 ns/msg
  dir 9: active=  0.00%  msgs=0           0 ns/msg
  dir 10: active=  0.00%  msgs=0           0 ns/msg
  dir 11: active=  0.00%  msgs=0           0 ns/msg
  dir 12: active=  0.00%  msgs=0           0 ns/msg
  dir 13: active=  0.00%  msgs=0           0 ns/msg
  dir 14: active=  0.00%  msgs=0           0 ns/msg
  dir 15: active=  0.00%  msgs=0           0 ns/msg
  AGGREGATE active = 0.00% (of 16 dir-threads; 0.00% per-thread avg)  msgs=0

----- REMOTE CPU LOAD (memory node dir-threads, 2s window) -----
  dir 0: active=  0.00%  msgs=2           810 ns/msg
  dir 1: active=  0.00%  msgs=2           724 ns/msg
  dir 2: active=  0.00%  msgs=2           438 ns/msg
  dir 3: active=  0.00%  msgs=2           1026 ns/msg
  dir 4: active=  0.00%  msgs=2           541 ns/msg
  dir 5: active=  0.00%  msgs=2           881 ns/msg
  dir 6: active=  0.00%  msgs=2           698 ns/msg
  dir 7: active=  0.00%  msgs=2           596 ns/msg
  dir 8: active=  0.00%  msgs=2           580 ns/msg
  dir 9: active=  0.00%  msgs=2           476 ns/msg
  dir 10: active=  0.00%  msgs=2           592 ns/msg
  dir 11: active=  0.00%  msgs=2           448 ns/msg
  dir 12: active=  0.00%  msgs=2           792 ns/msg
  dir 13: active=  0.00%  msgs=2           598 ns/msg
  dir 14: active=  0.00%  msgs=2           704 ns/msg
  dir 15: active=  0.00%  msgs=2           557 ns/msg
  AGGREGATE active = 0.00% (of 16 dir-threads; 0.00% per-thread avg)  msgs=32

----- REMOTE CPU LOAD (memory node dir-threads, 2s window) -----
  dir 0: active=  0.00%  msgs=0           0 ns/msg
  dir 1: active=  0.00%  msgs=0           0 ns/msg
  dir 2: active=  0.00%  msgs=0           0 ns/msg
  dir 3: active=  0.00%  msgs=0           0 ns/msg
  dir 4: active=  0.00%  msgs=0           0 ns/msg
  dir 5: active=  0.00%  msgs=0           0 ns/msg
  dir 6: active=  0.00%  msgs=0           0 ns/msg
  dir 7: active=  0.00%  msgs=0           0 ns/msg
  dir 8: active=  0.00%  msgs=0           0 ns/msg
  dir 9: active=  0.00%  msgs=0           0 ns/msg
  dir 10: active=  0.00%  msgs=0           0 ns/msg
  dir 11: active=  0.00%  msgs=0           0 ns/msg
  dir 12: active=  0.00%  msgs=0           0 ns/msg
  dir 13: active=  0.00%  msgs=0           0 ns/msg
  dir 14: active=  0.00%  msgs=0           0 ns/msg
  dir 15: active=  0.00%  msgs=0           0 ns/msg
  AGGREGATE active = 0.00% (of 16 dir-threads; 0.00% per-thread avg)  msgs=0

----- REMOTE CPU LOAD (memory node dir-threads, 2s window) -----
  dir 0: active=  0.00%  msgs=0           0 ns/msg
  dir 1: active=  0.00%  msgs=0           0 ns/msg
  dir 2: active=  0.00%  msgs=0           0 ns/msg
  dir 3: active=  0.00%  msgs=0           0 ns/msg
  dir 4: active=  0.00%  msgs=0           0 ns/msg
  dir 5: active=  0.00%  msgs=0           0 ns/msg
  dir 6: active=  0.00%  msgs=0           0 ns/msg
  dir 7: active=  0.00%  msgs=0           0 ns/msg
  dir 8: active=  0.00%  msgs=0           0 ns/msg
  dir 9: active=  0.00%  msgs=0           0 ns/msg
  dir 10: active=  0.00%  msgs=0           0 ns/msg
  dir 11: active=  0.00%  msgs=0           0 ns/msg
  dir 12: active=  0.00%  msgs=0           0 ns/msg
  dir 13: active=  0.00%  msgs=0           0 ns/msg
  dir 14: active=  0.00%  msgs=0           0 ns/msg
  dir 15: active=  0.00%  msgs=0           0 ns/msg
  AGGREGATE active = 0.00% (of 16 dir-threads; 0.00% per-thread avg)  msgs=0

----- REMOTE CPU LOAD (memory node dir-threads, 2s window) -----
  dir 0: active=  0.00%  msgs=0           0 ns/msg
  dir 1: active=  0.00%  msgs=0           0 ns/msg
  dir 2: active=  0.00%  msgs=0           0 ns/msg
  dir 3: active=  0.00%  msgs=0           0 ns/msg
  dir 4: active=  0.00%  msgs=0           0 ns/msg
  dir 5: active=  0.00%  msgs=0           0 ns/msg
  dir 6: active=  0.00%  msgs=0           0 ns/msg
  dir 7: active=  0.00%  msgs=0           0 ns/msg
  dir 8: active=  0.00%  msgs=0           0 ns/msg
  dir 9: active=  0.00%  msgs=0           0 ns/msg
  dir 10: active=  0.00%  msgs=0           0 ns/msg
  dir 11: active=  0.00%  msgs=0           0 ns/msg
  dir 12: active=  0.00%  msgs=0           0 ns/msg
  dir 13: active=  0.00%  msgs=0           0 ns/msg
  dir 14: active=  0.00%  msgs=0           0 ns/msg
  dir 15: active=  0.00%  msgs=0           0 ns/msg
  AGGREGATE active = 0.00% (of 16 dir-threads; 0.00% per-thread avg)  msgs=0

----- REMOTE CPU LOAD (memory node dir-threads, 2s window) -----
  dir 0: active=  0.00%  msgs=0           0 ns/msg
  dir 1: active=  0.00%  msgs=0           0 ns/msg
  dir 2: active=  0.00%  msgs=0           0 ns/msg
  dir 3: active=  0.00%  msgs=0           0 ns/msg
  dir 4: active=  0.00%  msgs=0           0 ns/msg
  dir 5: active=  0.00%  msgs=0           0 ns/msg
  dir 6: active=  0.00%  msgs=0           0 ns/msg
  dir 7: active=  0.00%  msgs=0           0 ns/msg
  dir 8: active=  0.00%  msgs=0           0 ns/msg
  dir 9: active=  0.00%  msgs=0           0 ns/msg
  dir 10: active=  0.00%  msgs=0           0 ns/msg
  dir 11: active=  0.00%  msgs=0           0 ns/msg
  dir 12: active=  0.00%  msgs=0           0 ns/msg
  dir 13: active=  0.00%  msgs=0           0 ns/msg
  dir 14: active=  0.00%  msgs=0           0 ns/msg
  dir 15: active=  0.00%  msgs=0           0 ns/msg
  AGGREGATE active = 0.00% (of 16 dir-threads; 0.00% per-thread avg)  msgs=0

----- REMOTE CPU LOAD (memory node dir-threads, 2s window) -----
  dir 0: active=  0.00%  msgs=0           0 ns/msg
  dir 1: active=  0.00%  msgs=0           0 ns/msg
  dir 2: active=  0.00%  msgs=0           0 ns/msg
  dir 3: active=  0.00%  msgs=0           0 ns/msg
  dir 4: active=  0.00%  msgs=0           0 ns/msg
  dir 5: active=  0.00%  msgs=0           0 ns/msg
  dir 6: active=  0.00%  msgs=0           0 ns/msg
  dir 7: active=  0.00%  msgs=0           0 ns/msg
  dir 8: active=  0.00%  msgs=0           0 ns/msg
  dir 9: active=  0.00%  msgs=0           0 ns/msg
  dir 10: active=  0.00%  msgs=0           0 ns/msg
  dir 11: active=  0.00%  msgs=0           0 ns/msg
  dir 12: active=  0.00%  msgs=0           0 ns/msg
  dir 13: active=  0.00%  msgs=0           0 ns/msg
  dir 14: active=  0.00%  msgs=0           0 ns/msg
  dir 15: active=  0.00%  msgs=0           0 ns/msg
  AGGREGATE active = 0.00% (of 16 dir-threads; 0.00% per-thread avg)  msgs=0

----- REMOTE CPU LOAD (memory node dir-threads, 2s window) -----
  dir 0: active=  0.00%  msgs=0           0 ns/msg
  dir 1: active=  0.00%  msgs=0           0 ns/msg
  dir 2: active=  0.00%  msgs=0           0 ns/msg
  dir 3: active=  0.00%  msgs=0           0 ns/msg
  dir 4: active=  0.00%  msgs=0           0 ns/msg
  dir 5: active=  0.00%  msgs=0           0 ns/msg
  dir 6: active=  0.00%  msgs=0           0 ns/msg
  dir 7: active=  0.00%  msgs=0           0 ns/msg
  dir 8: active=  0.00%  msgs=0           0 ns/msg
  dir 9: active=  0.00%  msgs=0           0 ns/msg
  dir 10: active=  0.00%  msgs=0           0 ns/msg
  dir 11: active=  0.00%  msgs=0           0 ns/msg
  dir 12: active=  0.00%  msgs=0           0 ns/msg
  dir 13: active=  0.00%  msgs=0           0 ns/msg
  dir 14: active=  0.00%  msgs=0           0 ns/msg
  dir 15: active=  0.00%  msgs=0           0 ns/msg
  AGGREGATE active = 0.00% (of 16 dir-threads; 0.00% per-thread avg)  msgs=0

----- REMOTE CPU LOAD (memory node dir-threads, 2s window) -----
  dir 0: active=  0.00%  msgs=0           0 ns/msg
  dir 1: active=  0.00%  msgs=0           0 ns/msg
  dir 2: active=  0.00%  msgs=0           0 ns/msg
  dir 3: active=  0.00%  msgs=0           0 ns/msg
  dir 4: active=  0.00%  msgs=0           0 ns/msg
  dir 5: active=  0.00%  msgs=0           0 ns/msg
  dir 6: active=  0.00%  msgs=0           0 ns/msg
  dir 7: active=  0.00%  msgs=0           0 ns/msg
  dir 8: active=  0.00%  msgs=0           0 ns/msg
  dir 9: active=  0.00%  msgs=0           0 ns/msg
  dir 10: active=  0.00%  msgs=0           0 ns/msg
  dir 11: active=  0.00%  msgs=0           0 ns/msg
  dir 12: active=  0.00%  msgs=0           0 ns/msg
  dir 13: active=  0.00%  msgs=0           0 ns/msg
  dir 14: active=  0.00%  msgs=0           0 ns/msg
  dir 15: active=  0.00%  msgs=0           0 ns/msg
  AGGREGATE active = 0.00% (of 16 dir-threads; 0.00% per-thread avg)  msgs=0

----- REMOTE CPU LOAD (memory node dir-threads, 2s window) -----
  dir 0: active=  0.00%  msgs=0           0 ns/msg
  dir 1: active=  0.00%  msgs=0           0 ns/msg
  dir 2: active=  0.00%  msgs=0           0 ns/msg
  dir 3: active=  0.00%  msgs=0           0 ns/msg
  dir 4: active=  0.00%  msgs=0           0 ns/msg
  dir 5: active=  0.00%  msgs=0           0 ns/msg
  dir 6: active=  0.00%  msgs=0           0 ns/msg
  dir 7: active=  0.00%  msgs=0           0 ns/msg
  dir 8: active=  0.00%  msgs=0           0 ns/msg
  dir 9: active=  0.00%  msgs=0           0 ns/msg
  dir 10: active=  0.00%  msgs=0           0 ns/msg
  dir 11: active=  0.00%  msgs=0           0 ns/msg
  dir 12: active=  0.00%  msgs=0           0 ns/msg
  dir 13: active=  0.00%  msgs=0           0 ns/msg
  dir 14: active=  0.00%  msgs=0           0 ns/msg
  dir 15: active=  0.00%  msgs=0           0 ns/msg
  AGGREGATE active = 0.00% (of 16 dir-threads; 0.00% per-thread avg)  msgs=0
[CONFIG] warmup finished with offload 0%; measured phase now at 100%
node 0 warmup done in 34s
0, throughput 0.0000 Mops
[RESULT node 0] ops=0 elapsed=0.000s throughput=0.0000 Mops mode=op-bounded
[RDMA node 0] ops=0 posts=497630 read_wr=0 read_bytes=0 write_wr=0 write_bytes=0 atomic_wr=0 send_wr=497630 send_bytes=20402830

==================== LATENCY BUCKETS (500 ns) [node 0] ====================
[ALL OPS]
  ALL                       (no samples)
  DIRECT (1-sided)          (no samples)
  OFFLOAD (rpc)             (no samples)

----- 500 ns bucket CDF (all ops) [node 0] -----
  (no samples)

----- OFFLOADED TASKS [node 0] -----
  ops total                = 0
  ops direct (1-sided)     = 0 (0.00%)
  ops offload (rpc)        = 0 (0.00%)
  lookup pushdowns         = 0
  scan   pushdowns (RPC)   = 0
    kv pairs returned      = 0
    leaves scanned remotely= 0
    kv / scan pushdown     = 0.00
    leaves / scan pushdown = 0.00
=========================================================================

[LEAFCACHE] off
[END]

----- REMOTE CPU LOAD (memory node dir-threads, 2s window) -----
  dir 0: active= 41.90%  msgs=104892      7990 ns/msg
  dir 1: active= 63.24%  msgs=156177      8099 ns/msg
  dir 2: active= 61.01%  msgs=153024      7974 ns/msg
  dir 3: active= 63.17%  msgs=156182      8089 ns/msg
  dir 4: active= 60.88%  msgs=152147      8003 ns/msg
  dir 5: active= 43.55%  msgs=107197      8125 ns/msg
  dir 6: active= 42.61%  msgs=105912      8046 ns/msg
  dir 7: active= 43.94%  msgs=108013      8136 ns/msg
  dir 8: active= 42.15%  msgs=105166      8015 ns/msg
  dir 9: active= 43.68%  msgs=107209      8148 ns/msg
  dir 10: active= 41.87%  msgs=105151      7965 ns/msg
  dir 11: active= 43.71%  msgs=107513      8131 ns/msg
  dir 12: active= 42.03%  msgs=104694      8029 ns/msg
  dir 13: active= 43.78%  msgs=107942      8111 ns/msg
  dir 14: active= 41.74%  msgs=104579      7983 ns/msg
  dir 15: active= 43.69%  msgs=107602      8120 ns/msg
  AGGREGATE active = 762.92% (of 16 dir-threads; 47.68% per-thread avg)  msgs=1893400

----- REMOTE CPU LOAD (memory node dir-threads, 2s window) -----
  dir 0: active= 44.10%  msgs=109836      8030 ns/msg
  dir 1: active= 65.74%  msgs=163474      8043 ns/msg
  dir 2: active= 63.95%  msgs=159689      8010 ns/msg
  dir 3: active= 65.72%  msgs=163310      8049 ns/msg
  dir 4: active= 63.59%  msgs=158112      8045 ns/msg
  dir 5: active= 45.05%  msgs=111731      8064 ns/msg
  dir 6: active= 44.81%  msgs=111064      8070 ns/msg
  dir 7: active= 45.58%  msgs=112919      8073 ns/msg
  dir 8: active= 44.05%  msgs=109371      8055 ns/msg
  dir 9: active= 45.53%  msgs=112405      8102 ns/msg
  dir 10: active= 43.97%  msgs=109861      8005 ns/msg
  dir 11: active= 45.57%  msgs=112965      8068 ns/msg
  dir 12: active= 43.83%  msgs=108619      8071 ns/msg
  dir 13: active= 45.34%  msgs=112486      8062 ns/msg
  dir 14: active= 43.62%  msgs=108614      8032 ns/msg
  dir 15: active= 45.47%  msgs=112761      8065 ns/msg
  AGGREGATE active = 795.92% (of 16 dir-threads; 49.75% per-thread avg)  msgs=1977217

----- REMOTE CPU LOAD (memory node dir-threads, 2s window) -----
  dir 0: active= 44.07%  msgs=109626      8041 ns/msg
  dir 1: active= 65.62%  msgs=163365      8034 ns/msg
  dir 2: active= 63.81%  msgs=159043      8025 ns/msg
  dir 3: active= 65.60%  msgs=163195      8040 ns/msg
  dir 4: active= 63.81%  msgs=158708      8042 ns/msg
  dir 5: active= 45.15%  msgs=112008      8062 ns/msg
  dir 6: active= 44.66%  msgs=110596      8077 ns/msg
  dir 7: active= 45.41%  msgs=112573      8069 ns/msg
  dir 8: active= 44.10%  msgs=109523      8053 ns/msg
  dir 9: active= 45.47%  msgs=112422      8089 ns/msg
  dir 10: active= 43.85%  msgs=109425      8014 ns/msg
  dir 11: active= 45.20%  msgs=112190      8059 ns/msg
  dir 12: active= 43.87%  msgs=108657      8076 ns/msg
  dir 13: active= 45.40%  msgs=112786      8051 ns/msg
  dir 14: active= 43.80%  msgs=109013      8037 ns/msg
  dir 15: active= 45.42%  msgs=112555      8070 ns/msg
  AGGREGATE active = 795.26% (of 16 dir-threads; 49.70% per-thread avg)  msgs=1975685

----- REMOTE CPU LOAD (memory node dir-threads, 2s window) -----
  dir 0: active= 43.66%  msgs=108547      8044 ns/msg
  dir 1: active= 65.18%  msgs=162270      8034 ns/msg
  dir 2: active= 63.61%  msgs=158650      8019 ns/msg
  dir 3: active= 65.22%  msgs=162125      8046 ns/msg
  dir 4: active= 63.56%  msgs=158043      8044 ns/msg
  dir 5: active= 45.01%  msgs=111578      8068 ns/msg
  dir 6: active= 44.32%  msgs=109768      8076 ns/msg
  dir 7: active= 45.19%  msgs=112089      8064 ns/msg
  dir 8: active= 44.05%  msgs=109236      8066 ns/msg
  dir 9: active= 45.28%  msgs=112009      8086 ns/msg
  dir 10: active= 43.63%  msgs=109025      8005 ns/msg
  dir 11: active= 45.04%  msgs=111796      8057 ns/msg
  dir 12: active= 43.49%  msgs=107948      8058 ns/msg
  dir 13: active= 45.08%  msgs=112067      8045 ns/msg
  dir 14: active= 43.77%  msgs=108928      8037 ns/msg
  dir 15: active= 45.04%  msgs=111763      8061 ns/msg
  AGGREGATE active = 791.14% (of 16 dir-threads; 49.45% per-thread avg)  msgs=1965842

----- REMOTE CPU LOAD (memory node dir-threads, 2s window) -----
  dir 0: active= 44.26%  msgs=110113      8039 ns/msg
  dir 1: active= 65.60%  msgs=163263      8036 ns/msg
  dir 2: active= 63.91%  msgs=159503      8014 ns/msg
  dir 3: active= 65.95%  msgs=164104      8038 ns/msg
  dir 4: active= 63.87%  msgs=158818      8043 ns/msg
  dir 5: active= 45.05%  msgs=111577      8076 ns/msg
  dir 6: active= 44.74%  msgs=110943      8066 ns/msg
  dir 7: active= 45.44%  msgs=112649      8068 ns/msg
  dir 8: active= 44.34%  msgs=110072      8056 ns/msg
  dir 9: active= 45.63%  msgs=112792      8091 ns/msg
  dir 10: active= 44.15%  msgs=110276      8007 ns/msg
  dir 11: active= 45.58%  msgs=113008      8067 ns/msg
  dir 12: active= 44.21%  msgs=109686      8062 ns/msg
  dir 13: active= 45.71%  msgs=113566      8050 ns/msg
  dir 14: active= 44.21%  msgs=109970      8041 ns/msg
  dir 15: active= 45.31%  msgs=112392      8063 ns/msg
  AGGREGATE active = 797.96% (of 16 dir-threads; 49.87% per-thread avg)  msgs=1982732

----- REMOTE CPU LOAD (memory node dir-threads, 2s window) -----
  dir 0: active= 44.31%  msgs=110129      8048 ns/msg
  dir 1: active= 65.75%  msgs=163708      8033 ns/msg
  dir 2: active= 64.03%  msgs=159994      8004 ns/msg
  dir 3: active= 66.17%  msgs=164620      8039 ns/msg
  dir 4: active= 64.25%  msgs=159787      8042 ns/msg
  dir 5: active= 45.15%  msgs=111927      8069 ns/msg
  dir 6: active= 44.78%  msgs=111006      8068 ns/msg
  dir 7: active= 45.45%  msgs=112680      8068 ns/msg
  dir 8: active= 44.40%  msgs=110342      8049 ns/msg
  dir 9: active= 45.68%  msgs=113002      8085 ns/msg
  dir 10: active= 44.07%  msgs=110196      7998 ns/msg
  dir 11: active= 45.50%  msgs=112873      8063 ns/msg
  dir 12: active= 44.22%  msgs=109809      8055 ns/msg
  dir 13: active= 45.67%  msgs=113534      8045 ns/msg
  dir 14: active= 44.10%  msgs=109867      8028 ns/msg
  dir 15: active= 45.73%  msgs=113459      8061 ns/msg
  AGGREGATE active = 799.26% (of 16 dir-threads; 49.95% per-thread avg)  msgs=1986933

----- REMOTE CPU LOAD (memory node dir-threads, 2s window) -----
  dir 0: active= 44.25%  msgs=110216      8030 ns/msg
  dir 1: active= 65.89%  msgs=164026      8035 ns/msg
  dir 2: active= 64.13%  msgs=160152      8010 ns/msg
  dir 3: active= 65.92%  msgs=164160      8031 ns/msg
  dir 4: active= 64.07%  msgs=159598      8030 ns/msg
  dir 5: active= 45.22%  msgs=112029      8073 ns/msg
  dir 6: active= 44.91%  msgs=111445      8060 ns/msg
  dir 7: active= 45.49%  msgs=112675      8075 ns/msg
  dir 8: active= 44.36%  msgs=110152      8055 ns/msg
  dir 9: active= 45.45%  msgs=112482      8081 ns/msg
  dir 10: active= 44.22%  msgs=110446      8008 ns/msg
  dir 11: active= 45.60%  msgs=113028      8069 ns/msg
  dir 12: active= 44.10%  msgs=109524      8053 ns/msg
  dir 13: active= 45.76%  msgs=113537      8061 ns/msg
  dir 14: active= 44.07%  msgs=109804      8028 ns/msg
  dir 15: active= 45.58%  msgs=113088      8062 ns/msg
  AGGREGATE active = 799.03% (of 16 dir-threads; 49.94% per-thread avg)  msgs=1986362

----- REMOTE CPU LOAD (memory node dir-threads, 2s window) -----
  dir 0: active= 27.88%  msgs=69438       8030 ns/msg
  dir 1: active= 46.13%  msgs=114733      8041 ns/msg
  dir 2: active= 56.05%  msgs=140376      7986 ns/msg
  dir 3: active= 44.84%  msgs=111714      8029 ns/msg
  dir 4: active= 57.91%  msgs=144996      7988 ns/msg
  dir 5: active= 22.50%  msgs=55790       8066 ns/msg
  dir 6: active= 25.68%  msgs=63735       8059 ns/msg
  dir 7: active= 20.19%  msgs=49916       8090 ns/msg
  dir 8: active= 27.48%  msgs=68392       8038 ns/msg
  dir 9: active= 20.60%  msgs=50929       8092 ns/msg
  dir 10: active= 27.71%  msgs=69388       7988 ns/msg
  dir 11: active= 20.04%  msgs=49683       8066 ns/msg
  dir 12: active= 29.89%  msgs=74469       8029 ns/msg
  dir 13: active= 19.33%  msgs=47941       8063 ns/msg
  dir 14: active= 28.80%  msgs=72027       7999 ns/msg
  dir 15: active= 20.27%  msgs=50342       8053 ns/msg
  AGGREGATE active = 495.31% (of 16 dir-threads; 30.96% per-thread avg)  msgs=1233869
