nodes 2, threads 36, mix R/I/U/S=100/0/0/0, uniform, bulk 50M warmup 10M op 30M, offload 100%, scan_range 100
[4mshared memory size: 64GB, 0x7feeda800000[0m
[4mrdma cache size: 4GB[0m
[4mMachine NR: 2[0m
[4mCompute server 1 start up [10.30.1.6]
[0m
I connect server 0
[CONFIG node 1] bulk load: bottom-up build, 8 keys per leaf, 6 children per inner node (CHIME_BULK_BUILD / CHIME_BUILD_LEAF_KEYS / CHIME_BUILD_INNER_FANOUT)
[CONFIG node 1] clients on this node: yes (CHIME_MN_CLIENTS)
[CONFIG node 1] scan path: from_cache=1 offload_always=0 (CHIME_SCAN_FROM_CACHE / CHIME_SCAN_OFFLOAD_ALWAYS)
[CONFIG node 1] push ops: both (CHIME_PUSH_OPS; applies only with offloading on)
[CACHE node 1] total=256 MB index=64 MB leaf=192 MB
[CONFIG node 1] dir threads = 16 (CHIME_DIR_THREADS, max 16) -- MUST match the other node
[CORES node 1] linear pinning: app threads -> CPUs 0..35, main -> 79, dir threads -> 79 (REV_DIR_CPUS)
[CONFIG] hotspot buffer + speculative read: off (CHIME_HOTSPOT; stock CHIME: on above 50 MB)
 ----- [LeafCache]: budget=192 MB -> 65536 sets x 8 ways = 524288 leaves (352 B/leaf, 176.0 MB) -----
workload generated: keyspace=50001000 bulk=50000000 warmup=9999972 op=29999988
[4mKey space set: keySpaceSize=50000000[0m
I am 37
I am 43
I am 69
I am 36
I am 39
I am 40
I am 67
I am 54
I am 59
I am 48
I am 50
I am 51
I am 38
I am 46
I am 41
I am 52
I am 61
I am 58
I am 60
I am 62
I am 66
I am 65
I am 45
I am 47
I am 44
I am 49
I am 55
I am 53
I am 57
I am 63
I am 64
I am 71
I am 70
I am 68
I am 42
I am 56
[build] leaves: 10% (625001/6250000)
[build] leaves: 20% (1250002/6250000)
[build] leaves: 30% (1875003/6250000)
[build] leaves: 40% (2500004/6250000)
[build] leaves: 50% (3125005/6250000)
[build] leaves: 60% (3750006/6250000)
[build] leaves: 70% (4375007/6250000)
[build] leaves: 80% (5000008/6250000)
[build] leaves: 90% (5625009/6250000)
[build] inner level 1: 1041667 nodes
[build] inner level 2: 173611 nodes
[build] inner level 3: 28935 nodes
[build] inner level 4: 4823 nodes
[build] inner level 5: 804 nodes
[build] inner level 6: 134 nodes
[build] inner level 7: 23 nodes
[build] inner level 8: 4 nodes
[build] inner level 9: 1 nodes
[build] done in 18.9s: height=10 leaves=6250000 inner_nodes=1250002 (8 keys per leaf, 6 children per inner node)
[TREE] height=10 leaves=6250000 inner_nodes=1250002 keys_per_leaf=8.00 inner_MB=399.4 leaf_MB=2104.0 total_MB=2503.4 (internal span 16, leaf span 16, node bytes inner=335 leaf=353)
node 1 warmup done in 39s
[INDEX] --- post-bulk-load cache occupancy (cache = 64 MB) ---
 ----- [TreeCache]:  cache size=64 MB free_size=-0.000 MB skiplist_node_cnt=1249907 ----- 
consumed cache size = 64.000 MB
 ----- [IdxCache]:  cache size=0 MB free_size=0.000 MB ---- 
consumed hotspot buffer size = 0.000000 MB

 ----- [LeafCache]: capacity=524288 leaves resident=524288 (100.0% full, 176.0 MB) -----
[LEAFCACHE] hit=814284 miss=9185684 stale=0 fill=9185684 hit_pct=8.143 admit_pct=100.000 resident=524288 capacity=524288 budget_mb=192
1, throughput 3.1726 Mops
1, throughput 3.1859 Mops
1, throughput 3.1912 Mops
1, throughput 3.1917 Mops
1, throughput 3.1937 Mops
1, throughput 3.1996 Mops
1, throughput 3.1997 Mops
1, throughput 3.2013 Mops
1, throughput 3.2023 Mops
1, throughput 3.1965 Mops
1, throughput 3.1527 Mops
1, throughput 3.1936 Mops
1, throughput 3.1990 Mops
1, throughput 3.1998 Mops
1, throughput 3.1985 Mops
1, throughput 3.2024 Mops
1, throughput 3.2036 Mops
1, throughput 3.2046 Mops
1, throughput 2.4809 Mops
1, throughput 0.0195 Mops
[RESULT node 1] ops=29999988 elapsed=9.565s throughput=3.1365 Mops mode=op-bounded
[RDMA node 1] ops=29999988 posts=40223397 read_wr=34493370 read_bytes=2886910428 write_wr=0 write_bytes=0 atomic_wr=0 send_wr=21066783 send_bytes=863738103
[RDMA node 1] per_op: round_trips=1.3408 reads=1.1498 writes=0.0000 atomics=0.0000 sends=0.7022 verbs=1.8520 bytes=125.0

==================== LATENCY BUCKETS (500 ns) [node 1] ====================
[LOOKUP]
  ALL                n=29999988   mean=   11.20us  p50=  11.50us  p90=  14.50us  p99=  17.00us  p99.9=  20.00us  max>=1000.00us
  DIRECT (1-sided)   n=8933205    mean=   10.79us  p50=  11.00us  p90=  13.50us  p99=  17.00us  p99.9=  20.50us  max>=532.50us
  OFFLOAD (rpc)      n=21066783   mean=   11.38us  p50=  11.50us  p90=  14.50us  p99=  17.00us  p99.9=  20.00us  max>=1000.00us
[ALL OPS]
  ALL                n=29999988   mean=   11.20us  p50=  11.50us  p90=  14.50us  p99=  17.00us  p99.9=  20.00us  max>=1000.00us
  DIRECT (1-sided)   n=8933205    mean=   10.79us  p50=  11.00us  p90=  13.50us  p99=  17.00us  p99.9=  20.50us  max>=532.50us
  OFFLOAD (rpc)      n=21066783   mean=   11.38us  p50=  11.50us  p90=  14.50us  p99=  17.00us  p99.9=  20.00us  max>=1000.00us

----- 500 ns bucket CDF (all ops) [node 1] -----
  bucket [lo,hi) ns             count        pct       cdf
  [     1000,     1500)            1    0.0000%   0.0000%
  [     2000,     2500)            1    0.0000%   0.0000%
  [     3500,     4000)            2    0.0000%   0.0000%
  [     4000,     4500)           78    0.0003%   0.0003%
  [     4500,     5000)         2075    0.0069%   0.0072%
  [     5000,     5500)        21063    0.0702%   0.0774%
  [     5500,     6000)        94205    0.3140%   0.3914%
  [     6000,     6500)       212947    0.7098%   1.1012%
  [     6500,     7000)       307691    1.0256%   2.1269%
  [     7000,     7500)       414112    1.3804%   3.5073%
  [     7500,     8000)       715115    2.3837%   5.8910%
  [     8000,     8500)      1273861    4.2462%  10.1372%
  [     8500,     9000)      1876635    6.2555%  16.3926%
  [     9000,     9500)      2292439    7.6415%  24.0341%
  [     9500,    10000)      2473222    8.2441%  32.2782%
  [    10000,    10500)      2458435    8.1948%  40.4730%
  [    10500,    11000)      2330260    7.7675%  48.2405%
  [    11000,    11500)      2246115    7.4871%  55.7275%
  [    11500,    12000)      2280378    7.6013%  63.3288%
  [    12000,    12500)      2333701    7.7790%  71.1078%
  [    12500,    13000)      2234485    7.4483%  78.5561%
  [    13000,    13500)      1930523    6.4351%  84.9912%
  [    13500,    14000)      1502611    5.0087%  89.9999%
  [    14000,    14500)      1070376    3.5679%  93.5678%
  [    14500,    15000)       707281    2.3576%  95.9254%
  [    15000,    15500)       447873    1.4929%  97.4183%
  [    15500,    16000)       274825    0.9161%  98.3344%
  [    16000,    16500)       167824    0.5594%  98.8938%
  [    16500,    17000)       105344    0.3511%  99.2450%
  [    17000,    17500)        68676    0.2289%  99.4739%
  [    17500,    18000)        46901    0.1563%  99.6302%
  [    18000,    18500)        32293    0.1076%  99.7379%
  [    18500,    19000)        22871    0.0762%  99.8141%
  [    19000,    19500)        16449    0.0548%  99.8689%
  [    19500,    20000)        11168    0.0372%  99.9062%
  [    20000,    20500)         7913    0.0264%  99.9325%
  [    20500,    21000)         5409    0.0180%  99.9506%
  [    21000,    21500)         3763    0.0125%  99.9631%
  [    21500,    22000)         2626    0.0088%  99.9719%
  [    22000,    22500)         1991    0.0066%  99.9785%
  [    22500,    23000)         1394    0.0046%  99.9831%
  [    23000,    23500)          996    0.0033%  99.9865%
  [    23500,    24000)          745    0.0025%  99.9889%
  [    24000,    24500)          573    0.0019%  99.9909%
  [    24500,    25000)          422    0.0014%  99.9923%
  [    25000,    25500)          350    0.0012%  99.9934%
  [    25500,    26000)          296    0.0010%  99.9944%
  [    26000,    26500)          195    0.0007%  99.9951%
  [    26500,    27000)          168    0.0006%  99.9956%
  [    27000,    27500)          140    0.0005%  99.9961%
  [    27500,    28000)          109    0.0004%  99.9965%
  [    28000,    28500)          108    0.0004%  99.9968%
  [    28500,    29000)           78    0.0003%  99.9971%
  [    29000,    29500)           71    0.0002%  99.9973%
  [    29500,    30000)           64    0.0002%  99.9975%
  [    30000,    30500)           50    0.0002%  99.9977%
  [    30500,    31000)           66    0.0002%  99.9979%
  [    31000,    31500)           35    0.0001%  99.9980%
  [    31500,    32000)           36    0.0001%  99.9982%
  [    32000,    32500)           21    0.0001%  99.9982%
  [    32500,    33000)           26    0.0001%  99.9983%
  [    33000,    33500)           17    0.0001%  99.9984%
  [    33500,    34000)           21    0.0001%  99.9984%
  [    34000,    34500)           18    0.0001%  99.9985%
  [    34500,    35000)           13    0.0000%  99.9985%
  [    35000,    35500)           14    0.0000%  99.9986%
  [    35500,    36000)           10    0.0000%  99.9986%
  [    36000,    36500)           19    0.0001%  99.9987%
  [    36500,    37000)           11    0.0000%  99.9987%
  [    37000,    37500)           11    0.0000%  99.9988%
  [    37500,    38000)            4    0.0000%  99.9988%
  [    38000,    38500)            9    0.0000%  99.9988%
  [    38500,    39000)            9    0.0000%  99.9988%
  [    39000,    39500)            6    0.0000%  99.9988%
  [    39500,    40000)            4    0.0000%  99.9989%
  [    40000,    40500)            7    0.0000%  99.9989%
  [    40500,    41000)           12    0.0000%  99.9989%
  [    41500,    42000)            9    0.0000%  99.9990%
  [    42000,    42500)            5    0.0000%  99.9990%
  [    42500,    43000)            7    0.0000%  99.9990%
  [    43000,    43500)            3    0.0000%  99.9990%
  [    43500,    44000)            2    0.0000%  99.9990%
  [    44000,    44500)            8    0.0000%  99.9990%
  [    44500,    45000)            9    0.0000%  99.9991%
  [    45000,    45500)            4    0.0000%  99.9991%
  [    45500,    46000)            4    0.0000%  99.9991%
  [    46000,    46500)            8    0.0000%  99.9991%
  [    47000,    47500)            5    0.0000%  99.9991%
  [    47500,    48000)            1    0.0000%  99.9991%
  [    48000,    48500)            4    0.0000%  99.9992%
  [    48500,    49000)            7    0.0000%  99.9992%
  [    49000,    49500)            4    0.0000%  99.9992%
  [    49500,    50000)            5    0.0000%  99.9992%
  [    50000,    50500)            5    0.0000%  99.9992%
  [    50500,    51000)            5    0.0000%  99.9992%
  [    51000,    51500)            5    0.0000%  99.9993%
  [    51500,    52000)            6    0.0000%  99.9993%
  [    52000,    52500)            5    0.0000%  99.9993%
  [    52500,    53000)            7    0.0000%  99.9993%
  [    53000,    53500)            1    0.0000%  99.9993%
  [    53500,    54000)            6    0.0000%  99.9993%
  [    54000,    54500)            6    0.0000%  99.9994%
  [    54500,    55000)            2    0.0000%  99.9994%
  [    55000,    55500)            8    0.0000%  99.9994%
  [    55500,    56000)            5    0.0000%  99.9994%
  [    56000,    56500)            6    0.0000%  99.9994%
  [    56500,    57000)            4    0.0000%  99.9994%
  [    57000,    57500)            3    0.0000%  99.9995%
  [    57500,    58000)            1    0.0000%  99.9995%
  [    58000,    58500)            2    0.0000%  99.9995%
  [    58500,    59000)            1    0.0000%  99.9995%
  [    59000,    59500)            6    0.0000%  99.9995%
  [    59500,    60000)            3    0.0000%  99.9995%
  [    60000,    60500)            2    0.0000%  99.9995%
  [    60500,    61000)            2    0.0000%  99.9995%
  [    61000,    61500)            3    0.0000%  99.9995%
  [    61500,    62000)            3    0.0000%  99.9995%
  [    62000,    62500)            3    0.0000%  99.9995%
  [    62500,    63000)            3    0.0000%  99.9996%
  [    63000,    63500)            1    0.0000%  99.9996%
  [    63500,    64000)            1    0.0000%  99.9996%
  [    64000,    64500)            3    0.0000%  99.9996%
  [    64500,    65000)            2    0.0000%  99.9996%
  [    65000,    65500)            3    0.0000%  99.9996%
  [    65500,    66000)            3    0.0000%  99.9996%
  [    66000,    66500)            2    0.0000%  99.9996%
  [    66500,    67000)            3    0.0000%  99.9996%
  [    67000,    67500)            2    0.0000%  99.9996%
  [    68000,    68500)            3    0.0000%  99.9996%
  [    68500,    69000)            1    0.0000%  99.9996%
  [    69000,    69500)            2    0.0000%  99.9996%
  [    69500,    70000)            6    0.0000%  99.9997%
  [    70000,    70500)            1    0.0000%  99.9997%
  [    71000,    71500)            6    0.0000%  99.9997%
  [    71500,    72000)            2    0.0000%  99.9997%
  [    72000,    72500)            1    0.0000%  99.9997%
  [    72500,    73000)            2    0.0000%  99.9997%
  [    73000,    73500)            2    0.0000%  99.9997%
  [    74000,    74500)            2    0.0000%  99.9997%
  [    74500,    75000)            1    0.0000%  99.9997%
  [    75000,    75500)            2    0.0000%  99.9997%
  [    75500,    76000)            2    0.0000%  99.9997%
  [    78000,    78500)            2    0.0000%  99.9997%
  [    78500,    79000)            1    0.0000%  99.9997%
  [    79000,    79500)            1    0.0000%  99.9997%
  [    79500,    80000)            1    0.0000%  99.9997%
  [    80000,    80500)            1    0.0000%  99.9997%
  [    81500,    82000)            2    0.0000%  99.9998%
  [    82000,    82500)            2    0.0000%  99.9998%
  [    84000,    84500)            2    0.0000%  99.9998%
  [    84500,    85000)            1    0.0000%  99.9998%
  [    85500,    86000)            1    0.0000%  99.9998%
  [    86500,    87000)            1    0.0000%  99.9998%
  [    87500,    88000)            2    0.0000%  99.9998%
  [    88000,    88500)            2    0.0000%  99.9998%
  [    88500,    89000)            2    0.0000%  99.9998%
  [    89000,    89500)            1    0.0000%  99.9998%
  [    89500,    90000)            1    0.0000%  99.9998%
  [    90000,    90500)            2    0.0000%  99.9998%
  [    90500,    91000)            3    0.0000%  99.9998%
  [    91000,    91500)            1    0.0000%  99.9998%
  [    91500,    92000)            1    0.0000%  99.9998%
  [    92000,    92500)            2    0.0000%  99.9998%
  [    92500,    93000)            1    0.0000%  99.9998%
  [    93500,    94000)            1    0.0000%  99.9998%
  [    94500,    95000)            2    0.0000%  99.9998%
  [    97000,    97500)            1    0.0000%  99.9999%
  [    98000,    98500)            1    0.0000%  99.9999%
  [    99500,   100000)            1    0.0000%  99.9999%
  [   100500,   101000)            1    0.0000%  99.9999%
  [   101500,   102000)            1    0.0000%  99.9999%
  [   105000,   105500)            1    0.0000%  99.9999%
  [   139500,   140000)            1    0.0000%  99.9999%
  [   218500,   219000)            1    0.0000%  99.9999%
  [   223500,   224000)            1    0.0000%  99.9999%
  [   224500,   225000)            2    0.0000%  99.9999%
  [   234500,   235000)            1    0.0000%  99.9999%
  [   238500,   239000)            1    0.0000%  99.9999%
  [   239000,   239500)            1    0.0000%  99.9999%
  [   242500,   243000)            1    0.0000%  99.9999%
  [   243500,   244000)            1    0.0000%  99.9999%
  [   244000,   244500)            1    0.0000%  99.9999%
  [   244500,   245000)            2    0.0000%  99.9999%
  [   245500,   246000)            1    0.0000%  99.9999%
  [   247500,   248000)            1    0.0000%  99.9999%
  [   248000,   248500)            1    0.0000%  99.9999%
  [   249500,   250000)            2    0.0000%  99.9999%
  [   252000,   252500)            1    0.0000%  99.9999%
  [   425000,   425500)            1    0.0000%  99.9999%
  [   451500,   452000)            1    0.0000%  99.9999%
  [   468500,   469000)            1    0.0000%  99.9999%
  [   476500,   477000)            1    0.0000%  99.9999%
  [   477500,   478000)            1    0.0000%  99.9999%
  [   478500,   479000)            1    0.0000% 100.0000%
  [   480000,   480500)            1    0.0000% 100.0000%
  [   480500,   481000)            1    0.0000% 100.0000%
  [   482000,   482500)            1    0.0000% 100.0000%
  [   482500,   483000)            1    0.0000% 100.0000%
  [   498000,   498500)            1    0.0000% 100.0000%
  [   499000,   499500)            1    0.0000% 100.0000%
  [   500500,   501000)            1    0.0000% 100.0000%
  [   507500,   508000)            2    0.0000% 100.0000%
  [   522000,   522500)            1    0.0000% 100.0000%
  [   532000,   532500)            1    0.0000% 100.0000%
  [   999500, +inf)                   3    0.0000% 100.0000%

----- OFFLOADED TASKS [node 1] -----
  ops total                = 29999988
  ops direct (1-sided)     = 8933205 (29.78%)
  ops offload (rpc)        = 21066783 (70.22%)
  lookup pushdowns         = 21066783
  scan   pushdowns (RPC)   = 0
    kv pairs returned      = 0
    leaves scanned remotely= 0
    kv / scan pushdown     = 0.00
    leaves / scan pushdown = 0.00
=========================================================================

[CORRECTNESS node 1] lookup found 29999387 / 29999988 = 99.9980%
[READPATH node 1] lookups=29999988  index-cache hit=62.1%  per lookup: leaf=0.298 speculative=0.000 (right 0.0%) hop-reads=0.000 (two-segment 0.000) retries=0.000 invalid=0.000 sibling=0.000  => est. leaf round trips/lookup=0.000
 ----- [LeafCache]: capacity=524288 leaves resident=524288 (100.0% full, 176.0 MB) -----
[LEAFCACHE] hit=1264814 miss=7668378 stale=0 fill=7668378 hit_pct=14.159 admit_pct=100.000 resident=524288 capacity=524288 budget_mb=192

----- PER-LEVEL CACHE HITS [node 1] (lookups; level 0 = leaf) -----
[LEVEL] level=0 hits=1264814 misses=28735161 hit_rate=0.0422
[LEVEL] level=1 hits=8933192 misses=21066783 hit_rate=0.2978
[LEVEL] level=2 hits=19267438 misses=10732537 hit_rate=0.6422
[LEVEL] level=3 hits=19757257 misses=10242718 hit_rate=0.6586
[LEVEL] level=4 hits=19776553 misses=10223422 hit_rate=0.6592
[LEVEL] level=5 hits=19776553 misses=10223422 hit_rate=0.6592
[LEVEL] level=6 hits=19776553 misses=10223422 hit_rate=0.6592
[LEVEL] level=7 hits=19776553 misses=10223422 hit_rate=0.6592
[LEVEL] level=8 hits=19776553 misses=10223422 hit_rate=0.6592
[LEVEL] level=9 hits=19776553 misses=10223422 hit_rate=0.6592
[KIND node 1] lookups=29999975 inner_visits=269999775 inner_hits=166617205 inner_hit_pct=61.71 leaf_visits=29999975 leaf_hits=1264814 leaf_hit_pct=4.22
[END]
