nodes 2, threads 40, mix R/I/U/S=100/0/0/0, uniform, bulk 50M warmup 10M op 30M, offload 100%, scan_range 100
[4mshared memory size: 64GB, 0x7feeda800000[0m
[4mrdma cache size: 4GB[0m
[4mMachine NR: 2[0m
[4mCompute server 1 start up [10.30.1.6]
[0m
I connect server 0
[CONFIG node 1] bulk load: bottom-up build, 8 keys per leaf, 6 children per inner node (CHIME_BULK_BUILD / CHIME_BUILD_LEAF_KEYS / CHIME_BUILD_INNER_FANOUT)
[CONFIG node 1] clients on this node: yes (CHIME_MN_CLIENTS)
[CONFIG node 1] scan path: from_cache=1 offload_always=0 (CHIME_SCAN_FROM_CACHE / CHIME_SCAN_OFFLOAD_ALWAYS)
[CACHE node 1] total=128 MB index=128 MB leaf=0 MB
[CONFIG node 1] dir threads = 16 (CHIME_DIR_THREADS, max 16) -- MUST match the other node
[CORES node 1] linear pinning: app threads -> CPUs 0..39, main -> 79, dir threads -> 79 (REV_DIR_CPUS)
[CONFIG] hotspot buffer + speculative read: off (CHIME_HOTSPOT; stock CHIME: on above 50 MB)
workload generated: keyspace=50001000 bulk=50000000 warmup=10000000 op=30000000
[4mKey space set: keySpaceSize=50000000[0m
I am 40
I am 59
I am 43
I am 47
I am 41
I am 44
I am 42
I am 50
I am 45
I am 48
I am 52
I am 51
I am 46
I am 49
I am 57
I am 55
I am 54
I am 56
I am 58
I am 70
I am 77
I am 65
I am 73
I am 76
I am 71
I am 63
I am 61
I am 62
I am 69
I am 68
I am 78
I am 79
I am 72
I am 75
I am 74
I am 53
I am 66
I am 60
I am 67
I am 64
[build] leaves: 10% (625001/6250000)
[build] leaves: 20% (1250002/6250000)
[build] leaves: 30% (1875003/6250000)
[build] leaves: 40% (2500004/6250000)
[build] leaves: 50% (3125005/6250000)
[build] leaves: 60% (3750006/6250000)
[build] leaves: 70% (4375007/6250000)
[build] leaves: 80% (5000008/6250000)
[build] leaves: 90% (5625009/6250000)
[build] inner level 1: 1041667 nodes
[build] inner level 2: 173611 nodes
[build] inner level 3: 28935 nodes
[build] inner level 4: 4823 nodes
[build] inner level 5: 804 nodes
[build] inner level 6: 134 nodes
[build] inner level 7: 23 nodes
[build] inner level 8: 4 nodes
[build] inner level 9: 1 nodes
[build] done in 19.0s: height=10 leaves=6250000 inner_nodes=1250002 (8 keys per leaf, 6 children per inner node)
[TREE] height=10 leaves=6250000 inner_nodes=1250002 keys_per_leaf=8.00 inner_MB=399.4 leaf_MB=2104.0 total_MB=2503.4 (internal span 16, leaf span 16, node bytes inner=335 leaf=353)
node 1 warmup done in 29s
[INDEX] --- post-bulk-load cache occupancy (cache = 128 MB) ---
 ----- [TreeCache]:  cache size=128 MB free_size=-0.000 MB skiplist_node_cnt=1249933 ----- 
consumed cache size = 128.000 MB
 ----- [IdxCache]:  cache size=0 MB free_size=0.000 MB ---- 
consumed hotspot buffer size = 0.000000 MB

[LEAFCACHE] off
1, throughput 4.0241 Mops
1, throughput 4.0386 Mops
1, throughput 4.0432 Mops
1, throughput 4.0436 Mops
1, throughput 4.0409 Mops
1, throughput 4.0402 Mops
1, throughput 4.0416 Mops
1, throughput 4.0415 Mops
1, throughput 4.0402 Mops
1, throughput 4.0413 Mops
1, throughput 4.0402 Mops
1, throughput 4.0389 Mops
1, throughput 4.0394 Mops
1, throughput 4.0372 Mops
1, throughput 3.2224 Mops
1, throughput 0.2160 Mops
[RESULT node 1] ops=30000000 elapsed=7.585s throughput=3.9552 Mops mode=op-bounded

==================== LATENCY BUCKETS (500 ns) [node 1] ====================
[LOOKUP]
  ALL                n=30000000   mean=    9.82us  p50=   9.50us  p90=  13.00us  p99=  15.50us  p99.9=  18.00us  max>=353.00us
  DIRECT (1-sided)   n=22         mean=    5.66us  p50=   6.00us  p90=   8.50us  p99=  10.00us  p99.9=  10.00us  max>= 12.50us
  OFFLOAD (rpc)      n=29999978   mean=    9.82us  p50=   9.50us  p90=  13.00us  p99=  15.50us  p99.9=  18.00us  max>=353.00us
[ALL OPS]
  ALL                n=30000000   mean=    9.82us  p50=   9.50us  p90=  13.00us  p99=  15.50us  p99.9=  18.00us  max>=353.00us
  DIRECT (1-sided)   n=22         mean=    5.66us  p50=   6.00us  p90=   8.50us  p99=  10.00us  p99.9=  10.00us  max>= 12.50us
  OFFLOAD (rpc)      n=29999978   mean=    9.82us  p50=   9.50us  p90=  13.00us  p99=  15.50us  p99.9=  18.00us  max>=353.00us

----- 500 ns bucket CDF (all ops) [node 1] -----
  bucket [lo,hi) ns             count        pct       cdf
  [     2000,     2500)            1    0.0000%   0.0000%
  [     2500,     3000)            3    0.0000%   0.0000%
  [     3000,     3500)            2    0.0000%   0.0000%
  [     3500,     4000)            1    0.0000%   0.0000%
  [     4000,     4500)            1    0.0000%   0.0000%
  [     4500,     5000)            2    0.0000%   0.0000%
  [     5000,     5500)           68    0.0002%   0.0003%
  [     5500,     6000)         3850    0.0128%   0.0131%
  [     6000,     6500)        59702    0.1990%   0.2121%
  [     6500,     7000)       363947    1.2132%   1.4253%
  [     7000,     7500)      1203505    4.0117%   5.4369%
  [     7500,     8000)      2642156    8.8072%  14.2441%
  [     8000,     8500)      3942996   13.1433%  27.3874%
  [     8500,     9000)      4385996   14.6200%  42.0074%
  [     9000,     9500)      3915445   13.0515%  55.0589%
  [     9500,    10000)      2992128    9.9738%  65.0327%
  [    10000,    10500)      2045765    6.8192%  71.8519%
  [    10500,    11000)      1390109    4.6337%  76.4856%
  [    11000,    11500)      1101281    3.6709%  80.1565%
  [    11500,    12000)      1073636    3.5788%  83.7353%
  [    12000,    12500)      1109315    3.6977%  87.4330%
  [    12500,    13000)      1060906    3.5364%  90.9694%
  [    13000,    13500)       900752    3.0025%  93.9719%
  [    13500,    14000)       677943    2.2598%  96.2317%
  [    14000,    14500)       455338    1.5178%  97.7495%
  [    14500,    15000)       278847    0.9295%  98.6790%
  [    15000,    15500)       160173    0.5339%  99.2129%
  [    15500,    16000)        89914    0.2997%  99.5126%
  [    16000,    16500)        51088    0.1703%  99.6829%
  [    16500,    17000)        31385    0.1046%  99.7875%
  [    17000,    17500)        20515    0.0684%  99.8559%
  [    17500,    18000)        14038    0.0468%  99.9027%
  [    18000,    18500)         9780    0.0326%  99.9353%
  [    18500,    19000)         6671    0.0222%  99.9575%
  [    19000,    19500)         4377    0.0146%  99.9721%
  [    19500,    20000)         2796    0.0093%  99.9814%
  [    20000,    20500)         1813    0.0060%  99.9875%
  [    20500,    21000)         1137    0.0038%  99.9913%
  [    21000,    21500)          714    0.0024%  99.9937%
  [    21500,    22000)          450    0.0015%  99.9952%
  [    22000,    22500)          276    0.0009%  99.9961%
  [    22500,    23000)          168    0.0006%  99.9966%
  [    23000,    23500)          142    0.0005%  99.9971%
  [    23500,    24000)           88    0.0003%  99.9974%
  [    24000,    24500)           62    0.0002%  99.9976%
  [    24500,    25000)           53    0.0002%  99.9978%
  [    25000,    25500)           38    0.0001%  99.9979%
  [    25500,    26000)           36    0.0001%  99.9980%
  [    26000,    26500)           35    0.0001%  99.9981%
  [    26500,    27000)           23    0.0001%  99.9982%
  [    27000,    27500)           21    0.0001%  99.9983%
  [    27500,    28000)           20    0.0001%  99.9984%
  [    28000,    28500)           20    0.0001%  99.9984%
  [    28500,    29000)           22    0.0001%  99.9985%
  [    29000,    29500)           14    0.0000%  99.9985%
  [    29500,    30000)           20    0.0001%  99.9986%
  [    30000,    30500)           10    0.0000%  99.9986%
  [    30500,    31000)           16    0.0001%  99.9987%
  [    31000,    31500)           16    0.0001%  99.9988%
  [    31500,    32000)           12    0.0000%  99.9988%
  [    32000,    32500)           11    0.0000%  99.9988%
  [    32500,    33000)            9    0.0000%  99.9989%
  [    33000,    33500)            4    0.0000%  99.9989%
  [    33500,    34000)            7    0.0000%  99.9989%
  [    34000,    34500)            7    0.0000%  99.9989%
  [    34500,    35000)            6    0.0000%  99.9989%
  [    35000,    35500)            4    0.0000%  99.9990%
  [    35500,    36000)            7    0.0000%  99.9990%
  [    36000,    36500)            2    0.0000%  99.9990%
  [    36500,    37000)            3    0.0000%  99.9990%
  [    37000,    37500)            1    0.0000%  99.9990%
  [    37500,    38000)            4    0.0000%  99.9990%
  [    38000,    38500)            6    0.0000%  99.9990%
  [    38500,    39000)            5    0.0000%  99.9990%
  [    39000,    39500)            2    0.0000%  99.9991%
  [    39500,    40000)            3    0.0000%  99.9991%
  [    40000,    40500)            4    0.0000%  99.9991%
  [    40500,    41000)            3    0.0000%  99.9991%
  [    41000,    41500)            5    0.0000%  99.9991%
  [    41500,    42000)            8    0.0000%  99.9991%
  [    42000,    42500)            2    0.0000%  99.9991%
  [    42500,    43000)            3    0.0000%  99.9991%
  [    43000,    43500)            5    0.0000%  99.9992%
  [    43500,    44000)            3    0.0000%  99.9992%
  [    44000,    44500)            4    0.0000%  99.9992%
  [    44500,    45000)            4    0.0000%  99.9992%
  [    45000,    45500)            8    0.0000%  99.9992%
  [    45500,    46000)            2    0.0000%  99.9992%
  [    46500,    47000)            4    0.0000%  99.9992%
  [    47000,    47500)            3    0.0000%  99.9993%
  [    47500,    48000)            4    0.0000%  99.9993%
  [    48000,    48500)            3    0.0000%  99.9993%
  [    48500,    49000)            8    0.0000%  99.9993%
  [    49000,    49500)            4    0.0000%  99.9993%
  [    49500,    50000)            3    0.0000%  99.9993%
  [    50000,    50500)            1    0.0000%  99.9993%
  [    50500,    51000)            2    0.0000%  99.9993%
  [    51000,    51500)            5    0.0000%  99.9994%
  [    51500,    52000)            8    0.0000%  99.9994%
  [    52000,    52500)            4    0.0000%  99.9994%
  [    52500,    53000)            3    0.0000%  99.9994%
  [    53000,    53500)            2    0.0000%  99.9994%
  [    53500,    54000)            7    0.0000%  99.9994%
  [    54000,    54500)            7    0.0000%  99.9995%
  [    54500,    55000)            5    0.0000%  99.9995%
  [    55000,    55500)            6    0.0000%  99.9995%
  [    55500,    56000)            4    0.0000%  99.9995%
  [    56000,    56500)            3    0.0000%  99.9995%
  [    56500,    57000)            1    0.0000%  99.9995%
  [    57000,    57500)            1    0.0000%  99.9995%
  [    57500,    58000)            2    0.0000%  99.9995%
  [    58000,    58500)            3    0.0000%  99.9995%
  [    58500,    59000)            2    0.0000%  99.9995%
  [    59500,    60000)            2    0.0000%  99.9996%
  [    60000,    60500)            1    0.0000%  99.9996%
  [    60500,    61000)            2    0.0000%  99.9996%
  [    61000,    61500)            1    0.0000%  99.9996%
  [    61500,    62000)            3    0.0000%  99.9996%
  [    62000,    62500)            1    0.0000%  99.9996%
  [    62500,    63000)            2    0.0000%  99.9996%
  [    63000,    63500)            1    0.0000%  99.9996%
  [    63500,    64000)            3    0.0000%  99.9996%
  [    64000,    64500)            1    0.0000%  99.9996%
  [    65000,    65500)            3    0.0000%  99.9996%
  [    65500,    66000)            1    0.0000%  99.9996%
  [    66000,    66500)            2    0.0000%  99.9996%
  [    66500,    67000)            1    0.0000%  99.9996%
  [    67000,    67500)            4    0.0000%  99.9996%
  [    67500,    68000)            1    0.0000%  99.9996%
  [    68000,    68500)            3    0.0000%  99.9997%
  [    68500,    69000)            1    0.0000%  99.9997%
  [    69000,    69500)            2    0.0000%  99.9997%
  [    69500,    70000)            1    0.0000%  99.9997%
  [    70500,    71000)            3    0.0000%  99.9997%
  [    71000,    71500)            1    0.0000%  99.9997%
  [    72500,    73000)            2    0.0000%  99.9997%
  [    73000,    73500)            2    0.0000%  99.9997%
  [    73500,    74000)            1    0.0000%  99.9997%
  [    74500,    75000)            1    0.0000%  99.9997%
  [    75000,    75500)            3    0.0000%  99.9997%
  [    75500,    76000)            1    0.0000%  99.9997%
  [    76000,    76500)            2    0.0000%  99.9997%
  [    76500,    77000)            1    0.0000%  99.9997%
  [    77500,    78000)            2    0.0000%  99.9997%
  [    78500,    79000)            2    0.0000%  99.9997%
  [    79000,    79500)            1    0.0000%  99.9997%
  [    79500,    80000)            1    0.0000%  99.9997%
  [    82000,    82500)            1    0.0000%  99.9998%
  [    82500,    83000)            1    0.0000%  99.9998%
  [    83000,    83500)            1    0.0000%  99.9998%
  [    83500,    84000)            1    0.0000%  99.9998%
  [    84000,    84500)            2    0.0000%  99.9998%
  [    84500,    85000)            1    0.0000%  99.9998%
  [    85000,    85500)            5    0.0000%  99.9998%
  [    85500,    86000)            1    0.0000%  99.9998%
  [    86500,    87000)            3    0.0000%  99.9998%
  [    87500,    88000)            3    0.0000%  99.9998%
  [    88000,    88500)            2    0.0000%  99.9998%
  [    88500,    89000)            3    0.0000%  99.9998%
  [    89000,    89500)            1    0.0000%  99.9998%
  [    89500,    90000)            2    0.0000%  99.9998%
  [    91000,    91500)            3    0.0000%  99.9998%
  [    91500,    92000)            1    0.0000%  99.9998%
  [    92000,    92500)            2    0.0000%  99.9999%
  [    92500,    93000)            1    0.0000%  99.9999%
  [    93500,    94000)            1    0.0000%  99.9999%
  [    94500,    95000)            1    0.0000%  99.9999%
  [    95000,    95500)            1    0.0000%  99.9999%
  [    95500,    96000)            1    0.0000%  99.9999%
  [    96000,    96500)            2    0.0000%  99.9999%
  [   243500,   244000)            1    0.0000%  99.9999%
  [   244500,   245000)            1    0.0000%  99.9999%
  [   252000,   252500)            1    0.0000%  99.9999%
  [   252500,   253000)            1    0.0000%  99.9999%
  [   254000,   254500)            2    0.0000%  99.9999%
  [   255000,   255500)            1    0.0000%  99.9999%
  [   255500,   256000)            2    0.0000%  99.9999%
  [   256000,   256500)            1    0.0000%  99.9999%
  [   256500,   257000)            3    0.0000%  99.9999%
  [   258000,   258500)            3    0.0000%  99.9999%
  [   259000,   259500)            1    0.0000%  99.9999%
  [   279500,   280000)            1    0.0000%  99.9999%
  [   284000,   284500)            1    0.0000%  99.9999%
  [   285500,   286000)            1    0.0000%  99.9999%
  [   295500,   296000)            1    0.0000%  99.9999%
  [   296000,   296500)            1    0.0000% 100.0000%
  [   303500,   304000)            1    0.0000% 100.0000%
  [   306500,   307000)            1    0.0000% 100.0000%
  [   314500,   315000)            1    0.0000% 100.0000%
  [   316000,   316500)            1    0.0000% 100.0000%
  [   317000,   317500)            1    0.0000% 100.0000%
  [   317500,   318000)            1    0.0000% 100.0000%
  [   318500,   319000)            1    0.0000% 100.0000%
  [   320000,   320500)            1    0.0000% 100.0000%
  [   325500,   326000)            1    0.0000% 100.0000%
  [   326000,   326500)            1    0.0000% 100.0000%
  [   327500,   328000)            1    0.0000% 100.0000%
  [   335000,   335500)            1    0.0000% 100.0000%
  [   349000,   349500)            1    0.0000% 100.0000%
  [   352500,   353000)            1    0.0000% 100.0000%

----- OFFLOADED TASKS [node 1] -----
  ops total                = 30000000
  ops direct (1-sided)     = 22 (0.00%)
  ops offload (rpc)        = 29999978 (100.00%)
  lookup pushdowns         = 29999978
  scan   pushdowns (RPC)   = 0
    kv pairs returned      = 0
    leaves scanned remotely= 0
    kv / scan pushdown     = 0.00
    leaves / scan pushdown = 0.00
=========================================================================

[CORRECTNESS node 1] lookup found 29999446 / 30000000 = 99.9982%
[READPATH node 1] lookups=30000000  index-cache hit=80.4%  per lookup: leaf=0.000 speculative=0.000 (right 0.0%) hop-reads=0.000 (two-segment 0.000) retries=0.000 invalid=0.000 sibling=0.000  => est. leaf round trips/lookup=0.000
[LEAFCACHE] off
[END]
