nodes 2, threads 36, mix R/I/U/S=100/0/0/0, uniform, bulk 50M warmup 10M op 30M, offload 100%, scan_range 100
[4mshared memory size: 64GB, 0x7feeda800000[0m
[4mrdma cache size: 4GB[0m
[4mMachine NR: 2[0m
[4mCompute server 1 start up [10.30.1.6]
[0m
I connect server 0
[CONFIG node 1] bulk load: bottom-up build, 8 keys per leaf, 6 children per inner node (CHIME_BULK_BUILD / CHIME_BUILD_LEAF_KEYS / CHIME_BUILD_INNER_FANOUT)
[CONFIG node 1] clients on this node: yes (CHIME_MN_CLIENTS)
[CONFIG node 1] leaf cache by key=0 owner=0 admit_push=0.00 granule=16 (CHIME_LEAF_BY_KEY / CHIME_LEAF_OWNER / CHIME_LEAF_ADMIT_PUSH / CHIME_LEAF_KEY_GRANULE)
[CONFIG node 1] scan path: from_cache=1 offload_always=0 (CHIME_SCAN_FROM_CACHE / CHIME_SCAN_OFFLOAD_ALWAYS)
[CONFIG node 1] push ops: both (CHIME_PUSH_OPS; applies only with offloading on)
[CACHE node 1] total=1024 MB index=1024 MB leaf=0 MB
[CONFIG node 1] dir threads = 8 (CHIME_DIR_THREADS, max 16) -- MUST match the other node
[CORES node 1] linear pinning: app threads -> CPUs 0..35, main -> 79, dir threads -> 79 (REV_DIR_CPUS)
[CONFIG] hotspot buffer + speculative read: off (CHIME_HOTSPOT; stock CHIME: on above 50 MB)
workload generated: keyspace=50001000 bulk=50000000 warmup=9999972 op=29999988
[4mKey space set: keySpaceSize=50000000[0m
I am 66
I am 37
I am 61
I am 45
I am 46
I am 42
I am 58
I am 54
I am 56
I am 36
I am 50
I am 59
I am 48
I am 53
I am 41
I am 57
I am 49
I am 60
I am 55
I am 39
I am 52
I am 51
I am 40
I am 47
I am 44
I am 63
I am 67
I am 69
I am 65
I am 70
I am 71
I am 62
I am 64
I am 68
I am 43
I am 38
[build] leaves: 10% (625001/6250000)
[build] leaves: 20% (1250002/6250000)
[build] leaves: 30% (1875003/6250000)
[build] leaves: 40% (2500004/6250000)
[build] leaves: 50% (3125005/6250000)
[build] leaves: 60% (3750006/6250000)
[build] leaves: 70% (4375007/6250000)
[build] leaves: 80% (5000008/6250000)
[build] leaves: 90% (5625009/6250000)
[build] inner level 1: 1041667 nodes
[build] inner level 2: 173611 nodes
[build] inner level 3: 28935 nodes
[build] inner level 4: 4823 nodes
[build] inner level 5: 804 nodes
[build] inner level 6: 134 nodes
[build] inner level 7: 23 nodes
[build] inner level 8: 4 nodes
[build] inner level 9: 1 nodes
[build] done in 18.9s: height=10 leaves=6250000 inner_nodes=1250002 (8 keys per leaf, 6 children per inner node)
[TREE] height=10 leaves=6250000 inner_nodes=1250002 keys_per_leaf=8.00 inner_MB=399.4 leaf_MB=2104.0 total_MB=2503.4 (internal span 16, leaf span 16, node bytes inner=335 leaf=353)
node 1 warmup done in 24s
[INDEX] --- post-bulk-load cache occupancy (cache = 1024 MB) ---
 ----- [TreeCache]:  cache size=1024 MB free_size=861.884 MB skiplist_node_cnt=1249937 ----- 
consumed cache size = 162.116 MB
 ----- [IdxCache]:  cache size=0 MB free_size=0.000 MB ---- 
consumed hotspot buffer size = 0.000000 MB

[LEAFCACHE] off
1, throughput 5.4916 Mops
1, throughput 5.4991 Mops
1, throughput 5.4976 Mops
1, throughput 5.4987 Mops
1, throughput 5.4964 Mops
1, throughput 5.5080 Mops
1, throughput 5.4490 Mops
1, throughput 5.4647 Mops
1, throughput 5.5104 Mops
1, throughput 5.5074 Mops
1, throughput 5.0486 Mops
1, throughput 0.0176 Mops
[RESULT node 1] ops=29999988 elapsed=5.535s throughput=5.4196 Mops mode=op-bounded
[RDMA node 1] ops=29999988 posts=30001255 read_wr=43114889 read_bytes=4934706252 write_wr=0 write_bytes=0 atomic_wr=0 send_wr=1887 send_bytes=77367
[RDMA node 1] per_op: round_trips=1.0000 reads=1.4372 writes=0.0000 atomics=0.0000 sends=0.0001 verbs=1.4372 bytes=164.5

==================== LATENCY BUCKETS (500 ns) [node 1] ====================
[LOOKUP]
  ALL                n=29999988   mean=    6.50us  p50=   6.50us  p90=   8.00us  p99=  10.50us  p99.9=  14.00us  max>=110.00us
  DIRECT (1-sided)   n=29998101   mean=    6.50us  p50=   6.50us  p90=   8.00us  p99=  10.50us  p99.9=  14.00us  max>=110.00us
  OFFLOAD (rpc)      n=1887       mean=   12.85us  p50=  13.00us  p90=  15.50us  p99=  23.00us  p99.9=  28.00us  max>= 56.00us
[ALL OPS]
  ALL                n=29999988   mean=    6.50us  p50=   6.50us  p90=   8.00us  p99=  10.50us  p99.9=  14.00us  max>=110.00us
  DIRECT (1-sided)   n=29998101   mean=    6.50us  p50=   6.50us  p90=   8.00us  p99=  10.50us  p99.9=  14.00us  max>=110.00us
  OFFLOAD (rpc)      n=1887       mean=   12.85us  p50=  13.00us  p90=  15.50us  p99=  23.00us  p99.9=  28.00us  max>= 56.00us

----- 500 ns bucket CDF (all ops) [node 1] -----
  bucket [lo,hi) ns             count        pct       cdf
  [     1500,     2000)            1    0.0000%   0.0000%
  [     2000,     2500)            3    0.0000%   0.0000%
  [     2500,     3000)            1    0.0000%   0.0000%
  [     3000,     3500)           10    0.0000%   0.0001%
  [     3500,     4000)         7943    0.0265%   0.0265%
  [     4000,     4500)       311962    1.0399%   1.0664%
  [     4500,     5000)      2043937    6.8131%   7.8795%
  [     5000,     5500)      4284950   14.2832%  22.1627%
  [     5500,     6000)      4710498   15.7017%  37.8644%
  [     6000,     6500)      4504548   15.0152%  52.8795%
  [     6500,     7000)      4647170   15.4906%  68.3701%
  [     7000,     7500)      4022021   13.4067%  81.7768%
  [     7500,     8000)      2629062    8.7635%  90.5404%
  [     8000,     8500)      1379150    4.5972%  95.1376%
  [     8500,     9000)       659070    2.1969%  97.3345%
  [     9000,     9500)       314862    1.0495%  98.3840%
  [     9500,    10000)       161777    0.5393%  98.9233%
  [    10000,    10500)        93017    0.3101%  99.2333%
  [    10500,    11000)        60862    0.2029%  99.4362%
  [    11000,    11500)        44191    0.1473%  99.5835%
  [    11500,    12000)        33644    0.1121%  99.6956%
  [    12000,    12500)        24696    0.0823%  99.7780%
  [    12500,    13000)        17589    0.0586%  99.8366%
  [    13000,    13500)        11897    0.0397%  99.8762%
  [    13500,    14000)         8292    0.0276%  99.9039%
  [    14000,    14500)         5604    0.0187%  99.9226%
  [    14500,    15000)         4214    0.0140%  99.9366%
  [    15000,    15500)         3254    0.0108%  99.9475%
  [    15500,    16000)         2688    0.0090%  99.9564%
  [    16000,    16500)         2129    0.0071%  99.9635%
  [    16500,    17000)         1828    0.0061%  99.9696%
  [    17000,    17500)         1609    0.0054%  99.9750%
  [    17500,    18000)         1399    0.0047%  99.9796%
  [    18000,    18500)         1114    0.0037%  99.9833%
  [    18500,    19000)          908    0.0030%  99.9864%
  [    19000,    19500)          683    0.0023%  99.9886%
  [    19500,    20000)          556    0.0019%  99.9905%
  [    20000,    20500)          455    0.0015%  99.9920%
  [    20500,    21000)          321    0.0011%  99.9931%
  [    21000,    21500)          304    0.0010%  99.9941%
  [    21500,    22000)          217    0.0007%  99.9948%
  [    22000,    22500)          194    0.0006%  99.9955%
  [    22500,    23000)          155    0.0005%  99.9960%
  [    23000,    23500)          136    0.0005%  99.9964%
  [    23500,    24000)          122    0.0004%  99.9968%
  [    24000,    24500)          113    0.0004%  99.9972%
  [    24500,    25000)           93    0.0003%  99.9975%
  [    25000,    25500)           82    0.0003%  99.9978%
  [    25500,    26000)           68    0.0002%  99.9980%
  [    26000,    26500)           57    0.0002%  99.9982%
  [    26500,    27000)           55    0.0002%  99.9984%
  [    27000,    27500)           53    0.0002%  99.9986%
  [    27500,    28000)           46    0.0002%  99.9987%
  [    28000,    28500)           43    0.0001%  99.9989%
  [    28500,    29000)           35    0.0001%  99.9990%
  [    29000,    29500)           15    0.0001%  99.9990%
  [    29500,    30000)           25    0.0001%  99.9991%
  [    30000,    30500)           14    0.0000%  99.9992%
  [    30500,    31000)           10    0.0000%  99.9992%
  [    31000,    31500)            9    0.0000%  99.9992%
  [    31500,    32000)           10    0.0000%  99.9993%
  [    32000,    32500)           11    0.0000%  99.9993%
  [    32500,    33000)            3    0.0000%  99.9993%
  [    33000,    33500)            4    0.0000%  99.9993%
  [    33500,    34000)            8    0.0000%  99.9994%
  [    34000,    34500)            1    0.0000%  99.9994%
  [    34500,    35000)            3    0.0000%  99.9994%
  [    35000,    35500)            2    0.0000%  99.9994%
  [    35500,    36000)            5    0.0000%  99.9994%
  [    36000,    36500)            4    0.0000%  99.9994%
  [    36500,    37000)            5    0.0000%  99.9994%
  [    37000,    37500)            3    0.0000%  99.9994%
  [    37500,    38000)            3    0.0000%  99.9994%
  [    38000,    38500)            2    0.0000%  99.9995%
  [    38500,    39000)            3    0.0000%  99.9995%
  [    40000,    40500)            1    0.0000%  99.9995%
  [    40500,    41000)            1    0.0000%  99.9995%
  [    41000,    41500)            1    0.0000%  99.9995%
  [    41500,    42000)            1    0.0000%  99.9995%
  [    43000,    43500)            2    0.0000%  99.9995%
  [    43500,    44000)            1    0.0000%  99.9995%
  [    44000,    44500)            2    0.0000%  99.9995%
  [    44500,    45000)            2    0.0000%  99.9995%
  [    45000,    45500)            1    0.0000%  99.9995%
  [    45500,    46000)            2    0.0000%  99.9995%
  [    46000,    46500)            2    0.0000%  99.9995%
  [    46500,    47000)            1    0.0000%  99.9995%
  [    47000,    47500)            2    0.0000%  99.9995%
  [    47500,    48000)            4    0.0000%  99.9995%
  [    48000,    48500)            1    0.0000%  99.9995%
  [    48500,    49000)            3    0.0000%  99.9996%
  [    49000,    49500)            2    0.0000%  99.9996%
  [    50500,    51000)            1    0.0000%  99.9996%
  [    51000,    51500)            5    0.0000%  99.9996%
  [    52000,    52500)            1    0.0000%  99.9996%
  [    53000,    53500)            3    0.0000%  99.9996%
  [    53500,    54000)            1    0.0000%  99.9996%
  [    54500,    55000)            2    0.0000%  99.9996%
  [    55500,    56000)            2    0.0000%  99.9996%
  [    56500,    57000)            1    0.0000%  99.9996%
  [    63000,    63500)            4    0.0000%  99.9996%
  [    63500,    64000)            2    0.0000%  99.9996%
  [    64000,    64500)            1    0.0000%  99.9996%
  [    64500,    65000)            3    0.0000%  99.9996%
  [    65000,    65500)            1    0.0000%  99.9997%
  [    66000,    66500)            3    0.0000%  99.9997%
  [    66500,    67000)            2    0.0000%  99.9997%
  [    67000,    67500)            3    0.0000%  99.9997%
  [    67500,    68000)            3    0.0000%  99.9997%
  [    68000,    68500)            1    0.0000%  99.9997%
  [    68500,    69000)            3    0.0000%  99.9997%
  [    69000,    69500)            2    0.0000%  99.9997%
  [    69500,    70000)            2    0.0000%  99.9997%
  [    70000,    70500)            2    0.0000%  99.9997%
  [    70500,    71000)            2    0.0000%  99.9997%
  [    71500,    72000)            6    0.0000%  99.9997%
  [    72000,    72500)            6    0.0000%  99.9998%
  [    72500,    73000)            1    0.0000%  99.9998%
  [    73000,    73500)            1    0.0000%  99.9998%
  [    73500,    74000)            2    0.0000%  99.9998%
  [    74000,    74500)            3    0.0000%  99.9998%
  [    74500,    75000)            1    0.0000%  99.9998%
  [    75000,    75500)            2    0.0000%  99.9998%
  [    76000,    76500)            1    0.0000%  99.9998%
  [    76500,    77000)            1    0.0000%  99.9998%
  [    78000,    78500)            2    0.0000%  99.9998%
  [    78500,    79000)            1    0.0000%  99.9998%
  [    79000,    79500)            3    0.0000%  99.9998%
  [    79500,    80000)            2    0.0000%  99.9998%
  [    80000,    80500)            2    0.0000%  99.9998%
  [    80500,    81000)            2    0.0000%  99.9998%
  [    81000,    81500)            2    0.0000%  99.9999%
  [    81500,    82000)            2    0.0000%  99.9999%
  [    82000,    82500)            4    0.0000%  99.9999%
  [    82500,    83000)            2    0.0000%  99.9999%
  [    83000,    83500)            3    0.0000%  99.9999%
  [    83500,    84000)            3    0.0000%  99.9999%
  [    84000,    84500)            4    0.0000%  99.9999%
  [    84500,    85000)            3    0.0000%  99.9999%
  [    85000,    85500)            3    0.0000%  99.9999%
  [    85500,    86000)            3    0.0000%  99.9999%
  [    86000,    86500)            2    0.0000% 100.0000%
  [    86500,    87000)            2    0.0000% 100.0000%
  [    87500,    88000)            2    0.0000% 100.0000%
  [    88000,    88500)            2    0.0000% 100.0000%
  [    90500,    91000)            1    0.0000% 100.0000%
  [    91500,    92000)            3    0.0000% 100.0000%
  [    92500,    93000)            1    0.0000% 100.0000%
  [   100000,   100500)            1    0.0000% 100.0000%
  [   100500,   101000)            1    0.0000% 100.0000%
  [   109500,   110000)            1    0.0000% 100.0000%

----- OFFLOADED TASKS [node 1] -----
  ops total                = 29999988
  ops direct (1-sided)     = 29998101 (99.99%)
  ops offload (rpc)        = 1887 (0.01%)
  lookup pushdowns         = 1887
  scan   pushdowns (RPC)   = 0
    kv pairs returned      = 0
    leaves scanned remotely= 0
    kv / scan pushdown     = 0.00
    leaves / scan pushdown = 0.00
=========================================================================

[CORRECTNESS node 1] lookup found 29999364 / 29999988 = 99.9979%
[READPATH node 1] lookups=29999988  index-cache hit=100.0%  per lookup: leaf=1.000 speculative=0.000 (right 0.0%) hop-reads=1.000 (two-segment 0.437) retries=0.000 invalid=0.000 sibling=0.000  => est. leaf round trips/lookup=1.000
[LEAFCACHE] off

----- PER-LEVEL CACHE HITS [node 1] (lookups; level 0 = leaf) -----
[LEVEL] level=0 hits=0 misses=29999976 hit_rate=0.0000
[LEVEL] level=1 hits=29998089 misses=1887 hit_rate=0.9999
[LEVEL] level=2 hits=29998697 misses=1279 hit_rate=1.0000
[LEVEL] level=3 hits=29998697 misses=1279 hit_rate=1.0000
[LEVEL] level=4 hits=29998697 misses=1279 hit_rate=1.0000
[LEVEL] level=5 hits=29998697 misses=1279 hit_rate=1.0000
[LEVEL] level=6 hits=29998697 misses=1279 hit_rate=1.0000
[LEVEL] level=7 hits=29998697 misses=1279 hit_rate=1.0000
[LEVEL] level=8 hits=29998697 misses=1279 hit_rate=1.0000
[LEVEL] level=9 hits=29998697 misses=1279 hit_rate=1.0000
[KIND node 1] lookups=29999976 inner_visits=269999784 inner_hits=269987665 inner_hit_pct=100.00 leaf_visits=29999976 leaf_hits=0 leaf_hit_pct=0.00
[END]
