Compute node count = 1
kNodeCount 2, kReadRatio 100, kInsertRatio 0, kUpdateRatio 0, kDeleteRatio 0, kRangeRatio 0, totalThreadCount 36, memThreadCount 1 cache_size 128, uniform_workload 0, zipfian 0.990000, bulk_load_num 50000000, warmup_num 10000000, op_num 30000000, check_correctness 0, time_based 0, early_stop 1, index 0, rpc_rate 1.000000, admission_rate 0.100000, auto_tune 0
kMaxThread = 36
KeySpace = 50001000
[GEOMETRY] inner_page=160 leaf_page=512 inner_entries=5 leaf_entries=26 slot=512 placement=mn_only
[4mshared memory size: 64GB, 0x7fef77200000[0m
[4mcache size: 2GB[0m
[4mMachine NR: 2[0m
[4mMax_APP_THREAD: 80[0m
[4mNR_DIRECTORY: 16[0m
[4mStart Build the DSMKeeper[0m
I am servers 0 [255.127.0.0]
I connect server 1
[4mdir 0 launch! (core 79 of 80)
[0m
CNode 0, left bound = 0, right bound = 18446744073709551615
Pushdown (RPC) Rate: 1
Admission Rate: 0.1
Cache size(MB) = 128
-----Cache initial addr = 0x7fef58000000
page num = 262144
alloc_unit = 512
entry_num: 262144
bucket_num: 87382
[DEX_SAFE_PT] page table keeps overflow buckets linked: ON
Bucket size = 64
entry_num: 26214
bucket_num: 4369
[DEX-R] push reads from the deepest cached node: off (DEX_PUSH_READS_DEEPEST; writes keep DEX's megaLevel rule)
start generating tree
num_partitions = 1
Success: tree root pointer value [1, 67108864]
finish generating tree
Bulkload num in node 0 = 50000000

----- REMOTE CPU LOAD (memory node dir-threads, 2s window) -----
  dir 0: active=  0.00%  msgs=0           0 ns/msg
  AGGREGATE active = 0.00% (of 1 dir-threads; 0.00% per-thread avg)  msgs=0
[CPU compute ] process=  2.51% of 80 cores   system=  3.03%   (window 2s)
First key of bulkloading = 7325973
Last key of bulkloading = 26738230
node warmup num = 9999972
kReadRatio =100
insertmark =100
updatemark =100
deletemark =100
rangemark =100
Finish warmup workload generation

----- REMOTE CPU LOAD (memory node dir-threads, 2s window) -----
  dir 0: active=  0.00%  msgs=0           0 ns/msg
  AGGREGATE active = 0.00% (of 1 dir-threads; 0.00% per-thread avg)  msgs=0
[CPU compute ] process=  2.50% of 80 cores   system=  2.52%   (window 2s)

----- REMOTE CPU LOAD (memory node dir-threads, 2s window) -----
  dir 0: active=  0.00%  msgs=0           0 ns/msg
  AGGREGATE active = 0.00% (of 1 dir-threads; 0.00% per-thread avg)  msgs=0
[CPU compute ] process=  2.49% of 80 cores   system=  2.51%   (window 2s)

----- REMOTE CPU LOAD (memory node dir-threads, 2s window) -----
  dir 0: active=  0.00%  msgs=0           0 ns/msg
  AGGREGATE active = 0.00% (of 1 dir-threads; 0.00% per-thread avg)  msgs=0
[CPU compute ] process=  2.50% of 80 cores   system=  2.52%   (window 2s)
node op_num = 29999988
Finish all workload generation

----- REMOTE CPU LOAD (memory node dir-threads, 2s window) -----
  dir 0: active=  0.00%  msgs=0           0 ns/msg
  AGGREGATE active = 0.00% (of 1 dir-threads; 0.00% per-thread avg)  msgs=0
[CPU compute ] process=  2.51% of 80 cores   system=  2.51%   (window 2s)

----- REMOTE CPU LOAD (memory node dir-threads, 2s window) -----
  dir 0: active=  0.00%  msgs=0           0 ns/msg
  AGGREGATE active = 0.00% (of 1 dir-threads; 0.00% per-thread avg)  msgs=0
[CPU compute ] process=  2.50% of 80 cores   system=  4.49%   (window 2s)
Fetched new height = 1
Success: tree root pointer value [1, 67109888]
Height = 2
Success: tree root pointer value [1, 67112448]
Height = 3
Success: tree root pointer value [1, 67118080]
Height = 4

----- REMOTE CPU LOAD (memory node dir-threads, 2s window) -----
  dir 0: active=  0.00%  msgs=0           0 ns/msg
  AGGREGATE active = 0.00% (of 1 dir-threads; 0.00% per-thread avg)  msgs=0
[CPU compute ] process=  2.50% of 80 cores   system=  2.52%   (window 2s)
Success: tree root pointer value [1, 67129856]
Height = 5
Success: tree root pointer value [1, 67153920]
Height = 6
Success: tree root pointer value [1, 67202560]
Height = 7
Success: tree root pointer value [1, 67300352]
Height = 8
Success: tree root pointer value [1, 67496448]
Height = 9
Success: tree root pointer value [1, 67889152]
Height = 10
Success: tree root pointer value [1, 68675072]
Height = 11
Success: tree root pointer value [1, 70247424]
Height = 12
Success: tree root pointer value [1, 73392640]
Height = 13
Success: tree root pointer value [1, 79683584]
Height = 14
Success: tree root pointer value [1, 92265984]
Height = 15
Success: tree root pointer value [1, 117431808]
Height = 16
Success: tree root pointer value [1, 167763456]
Height = 17
entering dynamic phase

----- REMOTE CPU LOAD (memory node dir-threads, 2s window) -----
  dir 0: active=  0.00%  msgs=0           0 ns/msg
  AGGREGATE active = 0.00% (of 1 dir-threads; 0.00% per-thread avg)  msgs=0
[CPU compute ] process=  2.50% of 80 cores   system=  2.53%   (window 2s)
Success: tree root pointer value [1, 268427776]
Height = 18

----- REMOTE CPU LOAD (memory node dir-threads, 2s window) -----
  dir 0: active=  0.00%  msgs=0           0 ns/msg
  AGGREGATE active = 0.00% (of 1 dir-threads; 0.00% per-thread avg)  msgs=0
[CPU compute ] process=  2.50% of 80 cores   system=  2.52%   (window 2s)
Success: tree root pointer value [1, 469756928]
Height = 19

----- REMOTE CPU LOAD (memory node dir-threads, 2s window) -----
  dir 0: active=  0.00%  msgs=0           0 ns/msg
  AGGREGATE active = 0.00% (of 1 dir-threads; 0.00% per-thread avg)  msgs=0
[CPU compute ] process=  2.50% of 80 cores   system=  2.51%   (window 2s)

----- REMOTE CPU LOAD (memory node dir-threads, 2s window) -----
  dir 0: active=  0.00%  msgs=0           0 ns/msg
  AGGREGATE active = 0.00% (of 1 dir-threads; 0.00% per-thread avg)  msgs=0
[CPU compute ] process=  2.50% of 80 cores   system=  4.39%   (window 2s)

----- REMOTE CPU LOAD (memory node dir-threads, 2s window) -----
  dir 0: active=  0.00%  msgs=0           0 ns/msg
  AGGREGATE active = 0.00% (of 1 dir-threads; 0.00% per-thread avg)  msgs=0
[CPU compute ] process=  2.50% of 80 cores   system=  2.51%   (window 2s)
Success: tree root pointer value [1, 872416256]
Height = 20

----- REMOTE CPU LOAD (memory node dir-threads, 2s window) -----
  dir 0: active=  0.00%  msgs=0           0 ns/msg
  AGGREGATE active = 0.00% (of 1 dir-threads; 0.00% per-thread avg)  msgs=0
[CPU compute ] process=  2.50% of 80 cores   system=  2.52%   (window 2s)

----- REMOTE CPU LOAD (memory node dir-threads, 2s window) -----
  dir 0: active=  0.00%  msgs=0           0 ns/msg
  AGGREGATE active = 0.00% (of 1 dir-threads; 0.00% per-thread avg)  msgs=0
[CPU compute ] process=  2.50% of 80 cores   system=  2.52%   (window 2s)

----- REMOTE CPU LOAD (memory node dir-threads, 2s window) -----
  dir 0: active=  0.00%  msgs=0           0 ns/msg
  AGGREGATE active = 0.00% (of 1 dir-threads; 0.00% per-thread avg)  msgs=0
[CPU compute ] process=  2.50% of 80 cores   system=  2.51%   (window 2s)

----- REMOTE CPU LOAD (memory node dir-threads, 2s window) -----
  dir 0: active=  0.00%  msgs=0           0 ns/msg
  AGGREGATE active = 0.00% (of 1 dir-threads; 0.00% per-thread avg)  msgs=0
[CPU compute ] process=  2.50% of 80 cores   system=  4.44%   (window 2s)

----- REMOTE CPU LOAD (memory node dir-threads, 2s window) -----
  dir 0: active=  0.00%  msgs=0           0 ns/msg
  AGGREGATE active = 0.00% (of 1 dir-threads; 0.00% per-thread avg)  msgs=0
[CPU compute ] process=  2.50% of 80 cores   system=  2.52%   (window 2s)

----- REMOTE CPU LOAD (memory node dir-threads, 2s window) -----
  dir 0: active=  0.00%  msgs=0           0 ns/msg
  AGGREGATE active = 0.00% (of 1 dir-threads; 0.00% per-thread avg)  msgs=0
[CPU compute ] process=  2.50% of 80 cores   system=  2.51%   (window 2s)
Success: tree root pointer value [1, 1677734400]
Height = 21

----- REMOTE CPU LOAD (memory node dir-threads, 2s window) -----
  dir 0: active=  0.00%  msgs=0           0 ns/msg
  AGGREGATE active = 0.00% (of 1 dir-threads; 0.00% per-thread avg)  msgs=0
[CPU compute ] process=  2.50% of 80 cores   system=  2.52%   (window 2s)

----- REMOTE CPU LOAD (memory node dir-threads, 2s window) -----
  dir 0: active=  0.00%  msgs=0           0 ns/msg
  AGGREGATE active = 0.00% (of 1 dir-threads; 0.00% per-thread avg)  msgs=0
[CPU compute ] process=  2.50% of 80 cores   system=  2.51%   (window 2s)

----- REMOTE CPU LOAD (memory node dir-threads, 2s window) -----
  dir 0: active=  0.00%  msgs=0           0 ns/msg
  AGGREGATE active = 0.00% (of 1 dir-threads; 0.00% per-thread avg)  msgs=0
[CPU compute ] process=  2.50% of 80 cores   system=  4.43%   (window 2s)

----- REMOTE CPU LOAD (memory node dir-threads, 2s window) -----
  dir 0: active=  0.00%  msgs=0           0 ns/msg
  AGGREGATE active = 0.00% (of 1 dir-threads; 0.00% per-thread avg)  msgs=0
[CPU compute ] process=  2.50% of 80 cores   system=  2.52%   (window 2s)

----- REMOTE CPU LOAD (memory node dir-threads, 2s window) -----
  dir 0: active=  0.00%  msgs=0           0 ns/msg
  AGGREGATE active = 0.00% (of 1 dir-threads; 0.00% per-thread avg)  msgs=0
[CPU compute ] process=  2.50% of 80 cores   system=  2.51%   (window 2s)

----- REMOTE CPU LOAD (memory node dir-threads, 2s window) -----
  dir 0: active=  0.00%  msgs=0           0 ns/msg
  AGGREGATE active = 0.00% (of 1 dir-threads; 0.00% per-thread avg)  msgs=0
[CPU compute ] process=  2.50% of 80 cores   system=  2.51%   (window 2s)

----- REMOTE CPU LOAD (memory node dir-threads, 2s window) -----
  dir 0: active=  0.00%  msgs=0           0 ns/msg
  AGGREGATE active = 0.00% (of 1 dir-threads; 0.00% per-thread avg)  msgs=0
[CPU compute ] process=  2.50% of 80 cores   system=  2.51%   (window 2s)

----- REMOTE CPU LOAD (memory node dir-threads, 2s window) -----
  dir 0: active=  0.00%  msgs=0           0 ns/msg
  AGGREGATE active = 0.00% (of 1 dir-threads; 0.00% per-thread avg)  msgs=0
[CPU compute ] process=  2.50% of 80 cores   system=  4.57%   (window 2s)

----- REMOTE CPU LOAD (memory node dir-threads, 2s window) -----
  dir 0: active=  0.00%  msgs=0           0 ns/msg
  AGGREGATE active = 0.00% (of 1 dir-threads; 0.00% per-thread avg)  msgs=0
[CPU compute ] process=  2.50% of 80 cores   system=  2.51%   (window 2s)

----- REMOTE CPU LOAD (memory node dir-threads, 2s window) -----
  dir 0: active=  0.00%  msgs=0           0 ns/msg
  AGGREGATE active = 0.00% (of 1 dir-threads; 0.00% per-thread avg)  msgs=0
[CPU compute ] process=  2.50% of 80 cores   system=  2.52%   (window 2s)

----- REMOTE CPU LOAD (memory node dir-threads, 2s window) -----
  dir 0: active=  0.00%  msgs=0           0 ns/msg
  AGGREGATE active = 0.00% (of 1 dir-threads; 0.00% per-thread avg)  msgs=0
[CPU compute ] process=  2.50% of 80 cores   system=  2.51%   (window 2s)

----- REMOTE CPU LOAD (memory node dir-threads, 2s window) -----
  dir 0: active=  0.00%  msgs=0           0 ns/msg
  AGGREGATE active = 0.00% (of 1 dir-threads; 0.00% per-thread avg)  msgs=0
[CPU compute ] process=  2.50% of 80 cores   system=  2.52%   (window 2s)
Success: tree root pointer value [1, 3288371200]
Height = 22

----- REMOTE CPU LOAD (memory node dir-threads, 2s window) -----
  dir 0: active=  0.00%  msgs=0           0 ns/msg
  AGGREGATE active = 0.00% (of 1 dir-threads; 0.00% per-thread avg)  msgs=0
[CPU compute ] process=  2.50% of 80 cores   system=  3.08%   (window 2s)

----- REMOTE CPU LOAD (memory node dir-threads, 2s window) -----
  dir 0: active=  0.00%  msgs=0           0 ns/msg
  AGGREGATE active = 0.00% (of 1 dir-threads; 0.00% per-thread avg)  msgs=0
[CPU compute ] process=  2.50% of 80 cores   system=  3.79%   (window 2s)

----- REMOTE CPU LOAD (memory node dir-threads, 2s window) -----
  dir 0: active=  0.00%  msgs=0           0 ns/msg
  AGGREGATE active = 0.00% (of 1 dir-threads; 0.00% per-thread avg)  msgs=0
[CPU compute ] process=  2.50% of 80 cores   system=  2.51%   (window 2s)

----- REMOTE CPU LOAD (memory node dir-threads, 2s window) -----
  dir 0: active=  0.00%  msgs=0           0 ns/msg
  AGGREGATE active = 0.00% (of 1 dir-threads; 0.00% per-thread avg)  msgs=0
[CPU compute ] process=  2.50% of 80 cores   system=  2.51%   (window 2s)

----- REMOTE CPU LOAD (memory node dir-threads, 2s window) -----
  dir 0: active=  0.00%  msgs=0           0 ns/msg
  AGGREGATE active = 0.00% (of 1 dir-threads; 0.00% per-thread avg)  msgs=0
[CPU compute ] process=  2.50% of 80 cores   system=  2.51%   (window 2s)
#leaf nodes = 3846153
leaf size(MB) = 1878
#inner nodes = 3846104
inner size(MB) = 1877.98
Tree height = 22
Cache capacity = 262144
max. leaf entries = 26
max. inner entries = 5
Inner page size = 160
Leaf page size = 512

----- REMOTE CPU LOAD (memory node dir-threads, 2s window) -----
  dir 0: active=  0.00%  msgs=0           0 ns/msg
  AGGREGATE active = 0.00% (of 1 dir-threads; 0.00% per-thread avg)  msgs=0
node 0 finish its bulkload
[CPU compute ] process=  2.50% of 80 cores   system=  2.52%   (window 2s)
IMPORTANT: my root is 215506694963201
0 is ready for the benchmark
I am 0
Fetched new height = 22
I am 1
I am 3
I am 2
I am 7
I am 5
I am 9
I am 8
I am 13
I am 11
I am 12
I am 6
I am 4
I am 14
I am 15
I am 17
I am 16
I am 10
I am 18
I am 19
I am 21
I am 22
I am 20
I am 27
I am 24
I am 28
I am 29
I am 30
I am 31
I am 25
I am 32
I am 26
I am 33
I am 34
I am 35
I am 23
entering dynamic phase

----- REMOTE CPU LOAD (memory node dir-threads, 2s window) -----
  dir 0: active=  0.00%  msgs=0           0 ns/msg
  AGGREGATE active = 0.00% (of 1 dir-threads; 0.00% per-thread avg)  msgs=0
[CPU compute ] process= 33.94% of 80 cores   system= 35.99%   (window 2s)

----- REMOTE CPU LOAD (memory node dir-threads, 2s window) -----
  dir 0: active=  0.00%  msgs=0           0 ns/msg
  AGGREGATE active = 0.00% (of 1 dir-threads; 0.00% per-thread avg)  msgs=0
[CPU compute ] process= 46.24% of 80 cores   system= 46.27%   (window 2s)
Thread_op_num = 833333
node 0 finish warmup
Start collecting the statistic

----- REMOTE CPU LOAD (memory node dir-threads, 2s window) -----
  dir 0: active=  0.00%  msgs=0           0 ns/msg
  AGGREGATE active = 0.00% (of 1 dir-threads; 0.00% per-thread avg)  msgs=0
[CPU compute ] process= 46.24% of 80 cores   system= 46.28%   (window 2s)
0, throughput 1.3193
cluster throughput 1.319

----- REMOTE CPU LOAD (memory node dir-threads, 2s window) -----
  dir 0: active=  0.00%  msgs=0           0 ns/msg
  AGGREGATE active = 0.00% (of 1 dir-threads; 0.00% per-thread avg)  msgs=0
[CPU compute ] process= 46.24% of 80 cores   system= 46.27%   (window 2s)
0, throughput 1.3285
cluster throughput 1.328

----- REMOTE CPU LOAD (memory node dir-threads, 2s window) -----
  dir 0: active=  0.00%  msgs=0           0 ns/msg
  AGGREGATE active = 0.00% (of 1 dir-threads; 0.00% per-thread avg)  msgs=0
[CPU compute ] process= 46.26% of 80 cores   system= 46.28%   (window 2s)
0, throughput 1.3280
cluster throughput 1.327

----- REMOTE CPU LOAD (memory node dir-threads, 2s window) -----
  dir 0: active=  0.00%  msgs=0           0 ns/msg
  AGGREGATE active = 0.00% (of 1 dir-threads; 0.00% per-thread avg)  msgs=0
[CPU compute ] process= 46.24% of 80 cores   system= 47.37%   (window 2s)
0, throughput 1.3244
cluster throughput 1.324

----- REMOTE CPU LOAD (memory node dir-threads, 2s window) -----
  dir 0: active=  0.00%  msgs=0           0 ns/msg
  AGGREGATE active = 0.00% (of 1 dir-threads; 0.00% per-thread avg)  msgs=0
[CPU compute ] process= 46.24% of 80 cores   system= 46.28%   (window 2s)
0, throughput 1.3227
cluster throughput 1.322

----- REMOTE CPU LOAD (memory node dir-threads, 2s window) -----
  dir 0: active=  0.00%  msgs=0           0 ns/msg
  AGGREGATE active = 0.00% (of 1 dir-threads; 0.00% per-thread avg)  msgs=0
[CPU compute ] process= 46.27% of 80 cores   system= 46.29%   (window 2s)
0, throughput 1.3230
cluster throughput 1.323

----- REMOTE CPU LOAD (memory node dir-threads, 2s window) -----
  dir 0: active=  0.00%  msgs=0           0 ns/msg
  AGGREGATE active = 0.00% (of 1 dir-threads; 0.00% per-thread avg)  msgs=0
[CPU compute ] process= 46.24% of 80 cores   system= 46.27%   (window 2s)
0, throughput 1.3194
cluster throughput 1.319

----- REMOTE CPU LOAD (memory node dir-threads, 2s window) -----
  dir 0: active=  0.00%  msgs=0           0 ns/msg
  AGGREGATE active = 0.00% (of 1 dir-threads; 0.00% per-thread avg)  msgs=0
[CPU compute ] process= 46.25% of 80 cores   system= 46.27%   (window 2s)
0, throughput 1.3173
cluster throughput 1.317

----- REMOTE CPU LOAD (memory node dir-threads, 2s window) -----
  dir 0: active=  0.00%  msgs=0           0 ns/msg
  AGGREGATE active = 0.00% (of 1 dir-threads; 0.00% per-thread avg)  msgs=0
[CPU compute ] process= 46.24% of 80 cores   system= 47.10%   (window 2s)
0, throughput 1.3169
cluster throughput 1.316

----- REMOTE CPU LOAD (memory node dir-threads, 2s window) -----
  dir 0: active=  0.00%  msgs=0           0 ns/msg
  AGGREGATE active = 0.00% (of 1 dir-threads; 0.00% per-thread avg)  msgs=0
[CPU compute ] process= 46.27% of 80 cores   system= 46.28%   (window 2s)
0, throughput 1.3164
cluster throughput 1.316

----- REMOTE CPU LOAD (memory node dir-threads, 2s window) -----
  dir 0: active=  0.00%  msgs=0           0 ns/msg
  AGGREGATE active = 0.00% (of 1 dir-threads; 0.00% per-thread avg)  msgs=0
[CPU compute ] process= 46.24% of 80 cores   system= 46.27%   (window 2s)
0, throughput 1.3150
cluster throughput 1.314

----- REMOTE CPU LOAD (memory node dir-threads, 2s window) -----
  dir 0: active=  0.00%  msgs=0           0 ns/msg
  AGGREGATE active = 0.00% (of 1 dir-threads; 0.00% per-thread avg)  msgs=0
[CPU compute ] process= 27.20% of 80 cores   system= 27.21%   (window 2s)
0, throughput 0.3888
cluster throughput 0.388

----- REMOTE CPU LOAD (memory node dir-threads, 2s window) -----
  dir 0: active=  0.00%  msgs=0           0 ns/msg
  AGGREGATE active = 0.00% (of 1 dir-threads; 0.00% per-thread avg)  msgs=0
[CPU compute ] process=  1.25% of 80 cores   system=  1.27%   (window 2s)
0, throughput 0.0000
cluster throughput 0.000
The time duration = 26 seconds

----- REMOTE CPU LOAD (memory node dir-threads, 2s window) -----
  dir 0: active=  0.00%  msgs=0           0 ns/msg
  AGGREGATE active = 0.00% (of 1 dir-threads; 0.00% per-thread avg)  msgs=0
[CPU compute ] process=  1.25% of 80 cores   system=  3.29%   (window 2s)

==================== LATENCY BUCKETS (500 ns) [node 0] ====================
[LOOKUP]
  ALL                n=29842684   mean=   27.21us  p50=  35.50us  p90=  43.00us  p99=  49.00us  p99.9=  54.00us  max>=363.00us
  LOCAL (cache hit)  n=8587730    mean=    0.58us  p50=   1.00us  p90=   1.00us  p99=   1.50us  p99.9=   2.00us  max>= 13.00us
  REMOTE (miss/rpc)  n=21254954   mean=   37.96us  p50=  37.50us  p90=  44.00us  p99=  49.50us  p99.9=  55.00us  max>=363.00us
[ALL OPS]
  ALL                n=29842684   mean=   27.21us  p50=  35.50us  p90=  43.00us  p99=  49.00us  p99.9=  54.00us  max>=363.00us
  LOCAL (cache hit)  n=8587730    mean=    0.58us  p50=   1.00us  p90=   1.00us  p99=   1.50us  p99.9=   2.00us  max>= 13.00us
  REMOTE (miss/rpc)  n=21254954   mean=   37.96us  p50=  37.50us  p90=  44.00us  p99=  49.50us  p99.9=  55.00us  max>=363.00us

----- 500 ns bucket CDF (all ops) [node 0] -----
  bucket [lo,hi) ns             count        pct       cdf
  [        0,      500)      3134370   10.5030%  10.5030%
  [      500,     1000)      5224762   17.5077%  28.0107%
  [     1000,     1500)       213892    0.7167%  28.7274%
  [     1500,     2000)         7978    0.0267%  28.7541%
  [     2000,     2500)         1017    0.0034%  28.7575%
  [     2500,     3000)          814    0.0027%  28.7603%
  [     3000,     3500)         1014    0.0034%  28.7637%
  [     3500,     4000)         1440    0.0048%  28.7685%
  [     4000,     4500)         1107    0.0037%  28.7722%
  [     4500,     5000)          650    0.0022%  28.7744%
  [     5000,     5500)          332    0.0011%  28.7755%
  [     5500,     6000)          166    0.0006%  28.7760%
  [     6000,     6500)           85    0.0003%  28.7763%
  [     6500,     7000)           34    0.0001%  28.7764%
  [     7000,     7500)           24    0.0001%  28.7765%
  [     7500,     8000)           11    0.0000%  28.7766%
  [     8000,     8500)            6    0.0000%  28.7766%
  [     8500,     9000)            2    0.0000%  28.7766%
  [     9000,     9500)            6    0.0000%  28.7766%
  [     9500,    10000)            8    0.0000%  28.7766%
  [    10000,    10500)            2    0.0000%  28.7766%
  [    10500,    11000)            2    0.0000%  28.7766%
  [    11000,    11500)            4    0.0000%  28.7767%
  [    11500,    12000)            1    0.0000%  28.7767%
  [    12000,    12500)            2    0.0000%  28.7767%
  [    12500,    13000)            1    0.0000%  28.7767%
  [    18000,    18500)            3    0.0000%  28.7767%
  [    18500,    19000)            1    0.0000%  28.7767%
  [    19000,    19500)            1    0.0000%  28.7767%
  [    19500,    20000)            1    0.0000%  28.7767%
  [    20000,    20500)            5    0.0000%  28.7767%
  [    20500,    21000)            2    0.0000%  28.7767%
  [    21000,    21500)            6    0.0000%  28.7767%
  [    21500,    22000)            3    0.0000%  28.7767%
  [    22000,    22500)           23    0.0001%  28.7768%
  [    22500,    23000)           37    0.0001%  28.7769%
  [    23000,    23500)           76    0.0003%  28.7772%
  [    23500,    24000)          154    0.0005%  28.7777%
  [    24000,    24500)          342    0.0011%  28.7789%
  [    24500,    25000)          754    0.0025%  28.7814%
  [    25000,    25500)         1409    0.0047%  28.7861%
  [    25500,    26000)         2595    0.0087%  28.7948%
  [    26000,    26500)         4594    0.0154%  28.8102%
  [    26500,    27000)         8226    0.0276%  28.8378%
  [    27000,    27500)        13837    0.0464%  28.8841%
  [    27500,    28000)        23417    0.0785%  28.9626%
  [    28000,    28500)        37512    0.1257%  29.0883%
  [    28500,    29000)        57692    0.1933%  29.2816%
  [    29000,    29500)        87850    0.2944%  29.5760%
  [    29500,    30000)       127791    0.4282%  30.0042%
  [    30000,    30500)       179751    0.6023%  30.6065%
  [    30500,    31000)       241913    0.8106%  31.4172%
  [    31000,    31500)       324929    1.0888%  32.5060%
  [    31500,    32000)       406223    1.3612%  33.8672%
  [    32000,    32500)       502754    1.6847%  35.5519%
  [    32500,    33000)       597111    2.0009%  37.5527%
  [    33000,    33500)       694335    2.3267%  39.8794%
  [    33500,    34000)       779096    2.6107%  42.4901%
  [    34000,    34500)       852818    2.8577%  45.3478%
  [    34500,    35000)       910519    3.0511%  48.3988%
  [    35000,    35500)       948837    3.1795%  51.5783%
  [    35500,    36000)       969787    3.2497%  54.8280%
  [    36000,    36500)       971783    3.2564%  58.0843%
  [    36500,    37000)       958027    3.2103%  61.2946%
  [    37000,    37500)       932380    3.1243%  64.4189%
  [    37500,    38000)       902198    3.0232%  67.4421%
  [    38000,    38500)       863371    2.8931%  70.3351%
  [    38500,    39000)       819089    2.7447%  73.0798%
  [    39000,    39500)       785812    2.6332%  75.7130%
  [    39500,    40000)       740610    2.4817%  78.1947%
  [    40000,    40500)       699801    2.3450%  80.5397%
  [    40500,    41000)       658742    2.2074%  82.7471%
  [    41000,    41500)       615518    2.0625%  84.8096%
  [    41500,    42000)       572516    1.9184%  86.7281%
  [    42000,    42500)       528644    1.7714%  88.4995%
  [    42500,    43000)       483872    1.6214%  90.1209%
  [    43000,    43500)       437490    1.4660%  91.5869%
  [    43500,    44000)       391459    1.3117%  92.8986%
  [    44000,    44500)       346964    1.1626%  94.0613%
  [    44500,    45000)       302471    1.0136%  95.0748%
  [    45000,    45500)       262459    0.8795%  95.9543%
  [    45500,    46000)       223678    0.7495%  96.7038%
  [    46000,    46500)       189225    0.6341%  97.3379%
  [    46500,    47000)       159232    0.5336%  97.8715%
  [    47000,    47500)       127756    0.4281%  98.2996%
  [    47500,    48000)       105428    0.3533%  98.6529%
  [    48000,    48500)        86309    0.2892%  98.9421%
  [    48500,    49000)        68944    0.2310%  99.1731%
  [    49000,    49500)        54813    0.1837%  99.3568%
  [    49500,    50000)        42789    0.1434%  99.5001%
  [    50000,    50500)        33697    0.1129%  99.6131%
  [    50500,    51000)        25825    0.0865%  99.6996%
  [    51000,    51500)        19480    0.0653%  99.7649%
  [    51500,    52000)        14676    0.0492%  99.8141%
  [    52000,    52500)        11042    0.0370%  99.8511%
  [    52500,    53000)         8350    0.0280%  99.8790%
  [    53000,    53500)         6060    0.0203%  99.8993%
  [    53500,    54000)         4446    0.0149%  99.9142%
  [    54000,    54500)         3311    0.0111%  99.9253%
  [    54500,    55000)         2631    0.0088%  99.9341%
  [    55000,    55500)         1822    0.0061%  99.9403%
  [    55500,    56000)         1454    0.0049%  99.9451%
  [    56000,    56500)         1188    0.0040%  99.9491%
  [    56500,    57000)          869    0.0029%  99.9520%
  [    57000,    57500)          772    0.0026%  99.9546%
  [    57500,    58000)          671    0.0022%  99.9569%
  [    58000,    58500)          620    0.0021%  99.9589%
  [    58500,    59000)          560    0.0019%  99.9608%
  [    59000,    59500)          516    0.0017%  99.9625%
  [    59500,    60000)          489    0.0016%  99.9642%
  [    60000,    60500)          475    0.0016%  99.9658%
  [    60500,    61000)          473    0.0016%  99.9674%
  [    61000,    61500)          454    0.0015%  99.9689%
  [    61500,    62000)          453    0.0015%  99.9704%
  [    62000,    62500)          432    0.0014%  99.9718%
  [    62500,    63000)          429    0.0014%  99.9733%
  [    63000,    63500)          444    0.0015%  99.9748%
  [    63500,    64000)          429    0.0014%  99.9762%
  [    64000,    64500)          382    0.0013%  99.9775%
  [    64500,    65000)          415    0.0014%  99.9789%
  [    65000,    65500)          362    0.0012%  99.9801%
  [    65500,    66000)          344    0.0012%  99.9812%
  [    66000,    66500)          317    0.0011%  99.9823%
  [    66500,    67000)          295    0.0010%  99.9833%
  [    67000,    67500)          293    0.0010%  99.9843%
  [    67500,    68000)          276    0.0009%  99.9852%
  [    68000,    68500)          259    0.0009%  99.9861%
  [    68500,    69000)          239    0.0008%  99.9869%
  [    69000,    69500)          197    0.0007%  99.9875%
  [    69500,    70000)          190    0.0006%  99.9882%
  [    70000,    70500)          162    0.0005%  99.9887%
  [    70500,    71000)          153    0.0005%  99.9892%
  [    71000,    71500)          127    0.0004%  99.9896%
  [    71500,    72000)          119    0.0004%  99.9900%
  [    72000,    72500)          104    0.0003%  99.9904%
  [    72500,    73000)           99    0.0003%  99.9907%
  [    73000,    73500)           90    0.0003%  99.9910%
  [    73500,    74000)           87    0.0003%  99.9913%
  [    74000,    74500)           74    0.0002%  99.9916%
  [    74500,    75000)           82    0.0003%  99.9918%
  [    75000,    75500)           67    0.0002%  99.9921%
  [    75500,    76000)           57    0.0002%  99.9923%
  [    76000,    76500)           53    0.0002%  99.9924%
  [    76500,    77000)           53    0.0002%  99.9926%
  [    77000,    77500)           47    0.0002%  99.9928%
  [    77500,    78000)           52    0.0002%  99.9929%
  [    78000,    78500)           53    0.0002%  99.9931%
  [    78500,    79000)           40    0.0001%  99.9933%
  [    79000,    79500)           38    0.0001%  99.9934%
  [    79500,    80000)           41    0.0001%  99.9935%
  [    80000,    80500)           35    0.0001%  99.9936%
  [    80500,    81000)           19    0.0001%  99.9937%
  [    81000,    81500)           27    0.0001%  99.9938%
  [    81500,    82000)           25    0.0001%  99.9939%
  [    82000,    82500)           22    0.0001%  99.9939%
  [    82500,    83000)           29    0.0001%  99.9940%
  [    83000,    83500)           21    0.0001%  99.9941%
  [    83500,    84000)           22    0.0001%  99.9942%
  [    84000,    84500)           30    0.0001%  99.9943%
  [    84500,    85000)           17    0.0001%  99.9943%
  [    85000,    85500)           19    0.0001%  99.9944%
  [    85500,    86000)           14    0.0000%  99.9945%
  [    86000,    86500)           17    0.0001%  99.9945%
  [    86500,    87000)           18    0.0001%  99.9946%
  [    87000,    87500)           29    0.0001%  99.9947%
  [    87500,    88000)           24    0.0001%  99.9947%
  [    88000,    88500)           13    0.0000%  99.9948%
  [    88500,    89000)           24    0.0001%  99.9949%
  [    89000,    89500)           23    0.0001%  99.9950%
  [    89500,    90000)           20    0.0001%  99.9950%
  [    90000,    90500)           25    0.0001%  99.9951%
  [    90500,    91000)           25    0.0001%  99.9952%
  [    91000,    91500)           28    0.0001%  99.9953%
  [    91500,    92000)           28    0.0001%  99.9954%
  [    92000,    92500)           29    0.0001%  99.9955%
  [    92500,    93000)           13    0.0000%  99.9955%
  [    93000,    93500)           18    0.0001%  99.9956%
  [    93500,    94000)           17    0.0001%  99.9956%
  [    94000,    94500)           20    0.0001%  99.9957%
  [    94500,    95000)           16    0.0001%  99.9958%
  [    95000,    95500)           16    0.0001%  99.9958%
  [    95500,    96000)           13    0.0000%  99.9958%
  [    96000,    96500)           17    0.0001%  99.9959%
  [    96500,    97000)           12    0.0000%  99.9959%
  [    97000,    97500)           25    0.0001%  99.9960%
  [    97500,    98000)            9    0.0000%  99.9961%
  [    98000,    98500)            7    0.0000%  99.9961%
  [    98500,    99000)           13    0.0000%  99.9961%
  [    99000,    99500)            6    0.0000%  99.9961%
  [    99500,   100000)            5    0.0000%  99.9962%
  [   100000,   100500)            4    0.0000%  99.9962%
  [   100500,   101000)            8    0.0000%  99.9962%
  [   101000,   101500)            9    0.0000%  99.9962%
  [   101500,   102000)            2    0.0000%  99.9962%
  [   102000,   102500)            3    0.0000%  99.9963%
  [   102500,   103000)            2    0.0000%  99.9963%
  [   103000,   103500)            4    0.0000%  99.9963%
  [   103500,   104000)            5    0.0000%  99.9963%
  [   104000,   104500)            4    0.0000%  99.9963%
  [   105000,   105500)            4    0.0000%  99.9963%
  [   105500,   106000)            1    0.0000%  99.9963%
  [   106000,   106500)            3    0.0000%  99.9963%
  [   107000,   107500)            1    0.0000%  99.9963%
  [   108000,   108500)            2    0.0000%  99.9963%
  [   108500,   109000)            1    0.0000%  99.9963%
  [   121500,   122000)            1    0.0000%  99.9963%
  [   129500,   130000)            1    0.0000%  99.9963%
  [   130500,   131000)            1    0.0000%  99.9964%
  [   131000,   131500)            3    0.0000%  99.9964%
  [   131500,   132000)            8    0.0000%  99.9964%
  [   132000,   132500)            3    0.0000%  99.9964%
  [   132500,   133000)            4    0.0000%  99.9964%
  [   133000,   133500)            1    0.0000%  99.9964%
  [   133500,   134000)            8    0.0000%  99.9964%
  [   134500,   135000)            5    0.0000%  99.9965%
  [   135000,   135500)            6    0.0000%  99.9965%
  [   135500,   136000)            7    0.0000%  99.9965%
  [   136000,   136500)            8    0.0000%  99.9965%
  [   136500,   137000)           11    0.0000%  99.9966%
  [   137000,   137500)           20    0.0001%  99.9966%
  [   137500,   138000)           19    0.0001%  99.9967%
  [   138000,   138500)           19    0.0001%  99.9968%
  [   138500,   139000)           21    0.0001%  99.9968%
  [   139000,   139500)           30    0.0001%  99.9969%
  [   139500,   140000)           25    0.0001%  99.9970%
  [   140000,   140500)           35    0.0001%  99.9971%
  [   140500,   141000)           22    0.0001%  99.9972%
  [   141000,   141500)           27    0.0001%  99.9973%
  [   141500,   142000)           31    0.0001%  99.9974%
  [   142000,   142500)           31    0.0001%  99.9975%
  [   142500,   143000)           29    0.0001%  99.9976%
  [   143000,   143500)           27    0.0001%  99.9977%
  [   143500,   144000)           27    0.0001%  99.9978%
  [   144000,   144500)           39    0.0001%  99.9979%
  [   144500,   145000)           40    0.0001%  99.9980%
  [   145000,   145500)           30    0.0001%  99.9981%
  [   145500,   146000)           30    0.0001%  99.9982%
  [   146000,   146500)           19    0.0001%  99.9983%
  [   146500,   147000)           23    0.0001%  99.9984%
  [   147000,   147500)           32    0.0001%  99.9985%
  [   147500,   148000)           18    0.0001%  99.9986%
  [   148000,   148500)           16    0.0001%  99.9986%
  [   148500,   149000)           22    0.0001%  99.9987%
  [   149000,   149500)           11    0.0000%  99.9987%
  [   149500,   150000)           11    0.0000%  99.9988%
  [   150000,   150500)            8    0.0000%  99.9988%
  [   150500,   151000)           13    0.0000%  99.9988%
  [   151000,   151500)            7    0.0000%  99.9989%
  [   151500,   152000)            5    0.0000%  99.9989%
  [   152000,   152500)            6    0.0000%  99.9989%
  [   152500,   153000)            5    0.0000%  99.9989%
  [   153000,   153500)            8    0.0000%  99.9989%
  [   153500,   154000)            2    0.0000%  99.9989%
  [   154000,   154500)            3    0.0000%  99.9989%
  [   154500,   155000)            4    0.0000%  99.9990%
  [   155000,   155500)            3    0.0000%  99.9990%
  [   155500,   156000)            1    0.0000%  99.9990%
  [   156000,   156500)            1    0.0000%  99.9990%
  [   157000,   157500)            2    0.0000%  99.9990%
  [   157500,   158000)            1    0.0000%  99.9990%
  [   158000,   158500)            1    0.0000%  99.9990%
  [   158500,   159000)            1    0.0000%  99.9990%
  [   176500,   177000)            1    0.0000%  99.9990%
  [   239000,   239500)            1    0.0000%  99.9990%
  [   247500,   248000)            1    0.0000%  99.9990%
  [   248000,   248500)            1    0.0000%  99.9990%
  [   251000,   251500)            1    0.0000%  99.9990%
  [   252500,   253000)            1    0.0000%  99.9990%
  [   254500,   255000)            1    0.0000%  99.9990%
  [   255500,   256000)            1    0.0000%  99.9990%
  [   262000,   262500)            1    0.0000%  99.9990%
  [   263000,   263500)            1    0.0000%  99.9990%
  [   267500,   268000)            1    0.0000%  99.9990%
  [   281000,   281500)            1    0.0000%  99.9990%
  [   319500,   320000)            1    0.0000%  99.9990%
  [   321000,   321500)            2    0.0000%  99.9990%
  [   322500,   323000)            1    0.0000%  99.9990%
  [   323000,   323500)            2    0.0000%  99.9991%
  [   323500,   324000)            2    0.0000%  99.9991%
  [   324000,   324500)            4    0.0000%  99.9991%
  [   324500,   325000)            1    0.0000%  99.9991%
  [   325000,   325500)            2    0.0000%  99.9991%
  [   325500,   326000)            3    0.0000%  99.9991%
  [   326000,   326500)            3    0.0000%  99.9991%
  [   327000,   327500)            2    0.0000%  99.9991%
  [   327500,   328000)            3    0.0000%  99.9991%
  [   328000,   328500)            1    0.0000%  99.9991%
  [   328500,   329000)            1    0.0000%  99.9991%
  [   329000,   329500)            1    0.0000%  99.9991%
  [   329500,   330000)            1    0.0000%  99.9991%
  [   330000,   330500)            1    0.0000%  99.9991%
  [   330500,   331000)            2    0.0000%  99.9991%
  [   331000,   331500)            1    0.0000%  99.9991%
  [   332000,   332500)            2    0.0000%  99.9992%
  [   332500,   333000)            2    0.0000%  99.9992%
  [   333000,   333500)            7    0.0000%  99.9992%
  [   333500,   334000)            2    0.0000%  99.9992%
  [   334000,   334500)            6    0.0000%  99.9992%
  [   334500,   335000)            5    0.0000%  99.9992%
  [   335000,   335500)            6    0.0000%  99.9992%
  [   335500,   336000)            5    0.0000%  99.9993%
  [   336000,   336500)            4    0.0000%  99.9993%
  [   336500,   337000)            3    0.0000%  99.9993%
  [   337000,   337500)            3    0.0000%  99.9993%
  [   337500,   338000)            7    0.0000%  99.9993%
  [   338000,   338500)            8    0.0000%  99.9993%
  [   338500,   339000)            6    0.0000%  99.9994%
  [   339000,   339500)            6    0.0000%  99.9994%
  [   339500,   340000)           10    0.0000%  99.9994%
  [   340000,   340500)            7    0.0000%  99.9994%
  [   340500,   341000)           11    0.0000%  99.9995%
  [   341000,   341500)            9    0.0000%  99.9995%
  [   341500,   342000)           10    0.0000%  99.9995%
  [   342000,   342500)           15    0.0001%  99.9996%
  [   342500,   343000)            4    0.0000%  99.9996%
  [   343000,   343500)            9    0.0000%  99.9996%
  [   343500,   344000)            4    0.0000%  99.9997%
  [   344000,   344500)            5    0.0000%  99.9997%
  [   344500,   345000)            7    0.0000%  99.9997%
  [   345000,   345500)            9    0.0000%  99.9997%
  [   345500,   346000)            8    0.0000%  99.9998%
  [   346000,   346500)            3    0.0000%  99.9998%
  [   346500,   347000)           11    0.0000%  99.9998%
  [   347000,   347500)            7    0.0000%  99.9998%
  [   347500,   348000)            5    0.0000%  99.9998%
  [   348000,   348500)            7    0.0000%  99.9999%
  [   348500,   349000)            4    0.0000%  99.9999%
  [   349000,   349500)            4    0.0000%  99.9999%
  [   349500,   350000)            3    0.0000%  99.9999%
  [   350000,   350500)            3    0.0000%  99.9999%
  [   350500,   351000)            2    0.0000%  99.9999%
  [   351000,   351500)            2    0.0000%  99.9999%
  [   351500,   352000)            4    0.0000%  99.9999%
  [   352000,   352500)            2    0.0000%  99.9999%
  [   352500,   353000)            2    0.0000%  99.9999%
  [   353000,   353500)            1    0.0000% 100.0000%
  [   354000,   354500)            2    0.0000% 100.0000%
  [   354500,   355000)            1    0.0000% 100.0000%
  [   355000,   355500)            3    0.0000% 100.0000%
  [   355500,   356000)            2    0.0000% 100.0000%
  [   356000,   356500)            2    0.0000% 100.0000%
  [   356500,   357000)            1    0.0000% 100.0000%
  [   357000,   357500)            1    0.0000% 100.0000%
  [   357500,   358000)            1    0.0000% 100.0000%
  [   362500,   363000)            1    0.0000% 100.0000%

----- REMOTE OPERATIONS [node 0] -----
  ops total                = 29842684
  ops local  (cache hit)   = 8587730 (28.78%)
  ops remote (>=1 net op)  = 21254954 (71.22%)
  remote ops total         = 37638456
    rdma read              = 16383502
    rdma write             = 0
    rdma cas               = 0
    rpc pushdown           = 21254954
  remote ops / op          = 1.2612
  remote ops / remote op   = 1.7708

----- OFFLOADED TASKS [node 0] -----
  lookup pushdowns         = 21254954
  scan    pushdowns (RPC)  = 0
    kv pairs returned      = 0
    leaves scanned remotely= 0
    kv / scan pushdown     = 0.00
    leaves / scan pushdown = 0.00
  per-thread breakdown (tid: lookups | scans | kv | leaves):
    t0        588995 |          0 |          0 |          0
    t1        588260 |          0 |          0 |          0
    t2        591274 |          0 |          0 |          0
    t3        588749 |          0 |          0 |          0
    t4        592346 |          0 |          0 |          0
    t5        589363 |          0 |          0 |          0
    t6        590581 |          0 |          0 |          0
    t7        589072 |          0 |          0 |          0
    t8        590721 |          0 |          0 |          0
    t9        589278 |          0 |          0 |          0
    t10       592403 |          0 |          0 |          0
    t11       589784 |          0 |          0 |          0
    t12       592429 |          0 |          0 |          0
    t13       589162 |          0 |          0 |          0
    t14       591775 |          0 |          0 |          0
    t15       587869 |          0 |          0 |          0
    t16       593270 |          0 |          0 |          0
    t17       589727 |          0 |          0 |          0
    t18       592601 |          0 |          0 |          0
    t19       589264 |          0 |          0 |          0
    t20       592859 |          0 |          0 |          0
    t21       589062 |          0 |          0 |          0
    t22       592153 |          0 |          0 |          0
    t23       588298 |          0 |          0 |          0
    t24       590863 |          0 |          0 |          0
    t25       589493 |          0 |          0 |          0
    t26       592377 |          0 |          0 |          0
    t27       587704 |          0 |          0 |          0
    t28       592786 |          0 |          0 |          0
    t29       589271 |          0 |          0 |          0
    t30       592188 |          0 |          0 |          0
    t31       589670 |          0 |          0 |          0
    t32       592117 |          0 |          0 |          0
    t33       589604 |          0 |          0 |          0
    t34       591603 |          0 |          0 |          0
    t35       587983 |          0 |          0 |          0

----- PATH-AWARE CACHE MISS RATE [node 0] -----
  node accesses (hit+miss) = 584845937
  node cache hits          = 547207683 (93.56%)
  MISS RATE                = 6.4356%  (37638254 / 584845937)
  inner-node miss          = 37151139 (98.71% of misses, 6.3523% rate)
  leaf-node  miss          = 487115 (1.29% of misses, 0.0833% rate)
  total miss               = 37638254
  cache writebacks         = 0
=========================================================================

Round 0 (max_throughput): 1.32076 Mops/s
Round 0 (straggler_throughput): 1.32073 Mops/s
Before barrier finish
Avg. rdma read time(ms) = 0
Avg. rdma write time(ms) = -nan
Avg. rdma read / op = 0.548996
Avg. rdma write / op = 0
Avg. rdma cas / op = 0
Avg. rdma rpc / op = 0.712233
Avg. all rdma / op = 1.26123
Avg. rdma read size/ op = 304.586
Avg. rdma write size / op = 0
Avg. rdma RW size / op = 304.586
------------------------------------------
Node 0 average throughput = 1.24275
Node 0 total throughput = 1.32076
All CN throughput (Max) = 1.32076
All CN throughput (Straggler) = 1.32073
Final throughput = 1.32073
[CORRECTNESS node 0] ops ok 29842099 / 29842684 = 99.9980%; scans 0, rows 0 (0.00 per scan)
------------------------------------------
