Compute node count = 1
kNodeCount 2, kReadRatio 100, kInsertRatio 0, kUpdateRatio 0, kDeleteRatio 0, kRangeRatio 0, totalThreadCount 36, memThreadCount 8 cache_size 512, uniform_workload 0, zipfian 0.990000, bulk_load_num 50000000, warmup_num 10000000, op_num 30000000, check_correctness 0, time_based 0, early_stop 1, index 0, rpc_rate 1.000000, admission_rate 0.100000, auto_tune 0
kMaxThread = 36
KeySpace = 50001000
[GEOMETRY] inner_page=160 leaf_page=512 inner_entries=5 leaf_entries=26 slot=512 placement=mn_only
[4mshared memory size: 64GB, 0x7f965a400000[0m
[4mcache size: 2GB[0m
[4mMachine NR: 2[0m
[4mMax_APP_THREAD: 80[0m
[4mNR_DIRECTORY: 16[0m
[4mStart Build the DSMKeeper[0m
I am servers 1 [253.127.0.0]
I connect server 0
[4mdir 0 launch! (core 79 of 80)
[0m
[4mdir 1 launch! (core 78 of 80)
[0m
[4mdir 2 launch! (core 77 of 80)
[0m
[4mdir 3 launch! (core 76 of 80)
[0m
[4mdir 4 launch! (core 75 of 80)
[0m
[4mdir 5 launch! (core 74 of 80)
[0m
[4mdir 6 launch! (core 73 of 80)
[0m
[4mdir 7 launch! (core 72 of 80)
[0m
Before barrier finish

----- REMOTE CPU LOAD (memory node dir-threads, 2s window) -----
  dir 0: active=  0.00%  msgs=1           3376 ns/msg
  dir 1: active=  0.00%  msgs=0           0 ns/msg
  dir 2: active=  0.00%  msgs=0           0 ns/msg
  dir 3: active=  0.00%  msgs=0           0 ns/msg
  dir 4: active=  0.00%  msgs=0           0 ns/msg
  dir 5: active=  0.00%  msgs=0           0 ns/msg
  dir 6: active=  0.00%  msgs=0           0 ns/msg
  dir 7: active=  0.00%  msgs=0           0 ns/msg
  AGGREGATE active = 0.00% (of 8 dir-threads; 0.00% per-thread avg)  msgs=1
[CPU memory  ] process=  9.97% of 80 cores   system= 10.01%   (window 2s)

----- REMOTE CPU LOAD (memory node dir-threads, 2s window) -----
  dir 0: active=  0.00%  msgs=0           0 ns/msg
  dir 1: active=  0.00%  msgs=0           0 ns/msg
  dir 2: active=  0.00%  msgs=0           0 ns/msg
  dir 3: active=  0.00%  msgs=0           0 ns/msg
  dir 4: active=  0.00%  msgs=0           0 ns/msg
  dir 5: active=  0.00%  msgs=0           0 ns/msg
  dir 6: active=  0.00%  msgs=0           0 ns/msg
  dir 7: active=  0.00%  msgs=0           0 ns/msg
  AGGREGATE active = 0.00% (of 8 dir-threads; 0.00% per-thread avg)  msgs=0
[CPU memory  ] process=  9.97% of 80 cores   system= 10.07%   (window 2s)

----- REMOTE CPU LOAD (memory node dir-threads, 2s window) -----
  dir 0: active=  0.00%  msgs=0           0 ns/msg
  dir 1: active=  0.00%  msgs=0           0 ns/msg
  dir 2: active=  0.00%  msgs=0           0 ns/msg
  dir 3: active=  0.00%  msgs=0           0 ns/msg
  dir 4: active=  0.00%  msgs=0           0 ns/msg
  dir 5: active=  0.00%  msgs=0           0 ns/msg
  dir 6: active=  0.00%  msgs=0           0 ns/msg
  dir 7: active=  0.00%  msgs=0           0 ns/msg
  AGGREGATE active = 0.00% (of 8 dir-threads; 0.00% per-thread avg)  msgs=0
[CPU memory  ] process=  9.99% of 80 cores   system= 10.02%   (window 2s)

----- REMOTE CPU LOAD (memory node dir-threads, 2s window) -----
  dir 0: active=  0.00%  msgs=0           0 ns/msg
  dir 1: active=  0.00%  msgs=0           0 ns/msg
  dir 2: active=  0.00%  msgs=0           0 ns/msg
  dir 3: active=  0.00%  msgs=0           0 ns/msg
  dir 4: active=  0.00%  msgs=0           0 ns/msg
  dir 5: active=  0.00%  msgs=0           0 ns/msg
  dir 6: active=  0.00%  msgs=0           0 ns/msg
  dir 7: active=  0.00%  msgs=0           0 ns/msg
  AGGREGATE active = 0.00% (of 8 dir-threads; 0.00% per-thread avg)  msgs=0
[CPU memory  ] process=  9.97% of 80 cores   system= 10.03%   (window 2s)

----- REMOTE CPU LOAD (memory node dir-threads, 2s window) -----
  dir 0: active=  0.00%  msgs=0           0 ns/msg
  dir 1: active=  0.00%  msgs=0           0 ns/msg
  dir 2: active=  0.00%  msgs=0           0 ns/msg
  dir 3: active=  0.00%  msgs=0           0 ns/msg
  dir 4: active=  0.00%  msgs=0           0 ns/msg
  dir 5: active=  0.00%  msgs=0           0 ns/msg
  dir 6: active=  0.00%  msgs=0           0 ns/msg
  dir 7: active=  0.00%  msgs=0           0 ns/msg
  AGGREGATE active = 0.00% (of 8 dir-threads; 0.00% per-thread avg)  msgs=0
[CPU memory  ] process=  9.97% of 80 cores   system= 10.06%   (window 2s)

----- REMOTE CPU LOAD (memory node dir-threads, 2s window) -----
  dir 0: active=  0.00%  msgs=0           0 ns/msg
  dir 1: active=  0.00%  msgs=0           0 ns/msg
  dir 2: active=  0.00%  msgs=0           0 ns/msg
  dir 3: active=  0.00%  msgs=0           0 ns/msg
  dir 4: active=  0.00%  msgs=0           0 ns/msg
  dir 5: active=  0.00%  msgs=0           0 ns/msg
  dir 6: active=  0.00%  msgs=0           0 ns/msg
  dir 7: active=  0.00%  msgs=0           0 ns/msg
  AGGREGATE active = 0.00% (of 8 dir-threads; 0.00% per-thread avg)  msgs=0
[CPU memory  ] process=  9.99% of 80 cores   system= 10.03%   (window 2s)

----- REMOTE CPU LOAD (memory node dir-threads, 2s window) -----
  dir 0: active=  0.00%  msgs=0           0 ns/msg
  dir 1: active=  0.00%  msgs=0           0 ns/msg
  dir 2: active=  0.00%  msgs=0           0 ns/msg
  dir 3: active=  0.00%  msgs=0           0 ns/msg
  dir 4: active=  0.00%  msgs=0           0 ns/msg
  dir 5: active=  0.00%  msgs=0           0 ns/msg
  dir 6: active=  0.00%  msgs=0           0 ns/msg
  dir 7: active=  0.00%  msgs=0           0 ns/msg
  AGGREGATE active = 0.00% (of 8 dir-threads; 0.00% per-thread avg)  msgs=0
[CPU memory  ] process=  9.97% of 80 cores   system= 10.04%   (window 2s)

----- REMOTE CPU LOAD (memory node dir-threads, 2s window) -----
  dir 0: active=  0.00%  msgs=0           0 ns/msg
  dir 1: active=  0.00%  msgs=1           2968 ns/msg
  dir 2: active=  0.00%  msgs=1           2076 ns/msg
  dir 3: active=  0.00%  msgs=1           2119 ns/msg
  dir 4: active=  0.00%  msgs=0           0 ns/msg
  dir 5: active=  0.00%  msgs=0           0 ns/msg
  dir 6: active=  0.00%  msgs=0           0 ns/msg
  dir 7: active=  0.00%  msgs=0           0 ns/msg
  AGGREGATE active = 0.00% (of 8 dir-threads; 0.00% per-thread avg)  msgs=3
[CPU memory  ] process=  9.98% of 80 cores   system= 10.02%   (window 2s)

----- REMOTE CPU LOAD (memory node dir-threads, 2s window) -----
  dir 0: active=  0.00%  msgs=1           422 ns/msg
  dir 1: active=  0.00%  msgs=1           774 ns/msg
  dir 2: active=  0.00%  msgs=1           300 ns/msg
  dir 3: active=  0.00%  msgs=0           0 ns/msg
  dir 4: active=  0.00%  msgs=1           2298 ns/msg
  dir 5: active=  0.00%  msgs=1           1932 ns/msg
  dir 6: active=  0.00%  msgs=1           2306 ns/msg
  dir 7: active=  0.00%  msgs=1           1935 ns/msg
  AGGREGATE active = 0.00% (of 8 dir-threads; 0.00% per-thread avg)  msgs=7
[CPU memory  ] process=  9.97% of 80 cores   system= 10.04%   (window 2s)

----- REMOTE CPU LOAD (memory node dir-threads, 2s window) -----
  dir 0: active=  0.00%  msgs=1           211 ns/msg
  dir 1: active=  0.00%  msgs=0           0 ns/msg
  dir 2: active=  0.00%  msgs=0           0 ns/msg
  dir 3: active=  0.00%  msgs=1           399 ns/msg
  dir 4: active=  0.00%  msgs=1           333 ns/msg
  dir 5: active=  0.00%  msgs=1           607 ns/msg
  dir 6: active=  0.00%  msgs=1           288 ns/msg
  dir 7: active=  0.00%  msgs=1           546 ns/msg
  AGGREGATE active = 0.00% (of 8 dir-threads; 0.00% per-thread avg)  msgs=6
[CPU memory  ] process=  9.98% of 80 cores   system= 10.05%   (window 2s)

----- REMOTE CPU LOAD (memory node dir-threads, 2s window) -----
  dir 0: active=  0.00%  msgs=0           0 ns/msg
  dir 1: active=  0.00%  msgs=1           961 ns/msg
  dir 2: active=  0.00%  msgs=1           270 ns/msg
  dir 3: active=  0.00%  msgs=1           747 ns/msg
  dir 4: active=  0.00%  msgs=1           347 ns/msg
  dir 5: active=  0.00%  msgs=0           0 ns/msg
  dir 6: active=  0.00%  msgs=0           0 ns/msg
  dir 7: active=  0.00%  msgs=0           0 ns/msg
  AGGREGATE active = 0.00% (of 8 dir-threads; 0.00% per-thread avg)  msgs=4
[CPU memory  ] process=  9.98% of 80 cores   system= 10.02%   (window 2s)

----- REMOTE CPU LOAD (memory node dir-threads, 2s window) -----
  dir 0: active=  0.00%  msgs=1           424 ns/msg
  dir 1: active=  0.00%  msgs=0           0 ns/msg
  dir 2: active=  0.00%  msgs=0           0 ns/msg
  dir 3: active=  0.00%  msgs=0           0 ns/msg
  dir 4: active=  0.00%  msgs=0           0 ns/msg
  dir 5: active=  0.00%  msgs=1           705 ns/msg
  dir 6: active=  0.00%  msgs=1           333 ns/msg
  dir 7: active=  0.00%  msgs=1           570 ns/msg
  AGGREGATE active = 0.00% (of 8 dir-threads; 0.00% per-thread avg)  msgs=4
[CPU memory  ] process=  9.97% of 80 cores   system= 10.05%   (window 2s)

----- REMOTE CPU LOAD (memory node dir-threads, 2s window) -----
  dir 0: active=  0.00%  msgs=0           0 ns/msg
  dir 1: active=  0.00%  msgs=1           899 ns/msg
  dir 2: active=  0.00%  msgs=1           280 ns/msg
  dir 3: active=  0.00%  msgs=1           677 ns/msg
  dir 4: active=  0.00%  msgs=1           210 ns/msg
  dir 5: active=  0.00%  msgs=0           0 ns/msg
  dir 6: active=  0.00%  msgs=0           0 ns/msg
  dir 7: active=  0.00%  msgs=0           0 ns/msg
  AGGREGATE active = 0.00% (of 8 dir-threads; 0.00% per-thread avg)  msgs=4
[CPU memory  ] process=  9.98% of 80 cores   system= 10.02%   (window 2s)

----- REMOTE CPU LOAD (memory node dir-threads, 2s window) -----
  dir 0: active=  0.00%  msgs=1           303 ns/msg
  dir 1: active=  0.00%  msgs=0           0 ns/msg
  dir 2: active=  0.00%  msgs=0           0 ns/msg
  dir 3: active=  0.00%  msgs=0           0 ns/msg
  dir 4: active=  0.00%  msgs=0           0 ns/msg
  dir 5: active=  0.00%  msgs=1           701 ns/msg
  dir 6: active=  0.00%  msgs=1           246 ns/msg
  dir 7: active=  0.00%  msgs=1           602 ns/msg
  AGGREGATE active = 0.00% (of 8 dir-threads; 0.00% per-thread avg)  msgs=4
[CPU memory  ] process=  9.98% of 80 cores   system= 10.04%   (window 2s)

----- REMOTE CPU LOAD (memory node dir-threads, 2s window) -----
  dir 0: active=  0.00%  msgs=0           0 ns/msg
  dir 1: active=  0.00%  msgs=1           871 ns/msg
  dir 2: active=  0.00%  msgs=1           538 ns/msg
  dir 3: active=  0.00%  msgs=1           564 ns/msg
  dir 4: active=  0.00%  msgs=1           282 ns/msg
  dir 5: active=  0.00%  msgs=0           0 ns/msg
  dir 6: active=  0.00%  msgs=0           0 ns/msg
  dir 7: active=  0.00%  msgs=0           0 ns/msg
  AGGREGATE active = 0.00% (of 8 dir-threads; 0.00% per-thread avg)  msgs=4
[CPU memory  ] process=  9.98% of 80 cores   system= 10.06%   (window 2s)

----- REMOTE CPU LOAD (memory node dir-threads, 2s window) -----
  dir 0: active=  0.00%  msgs=1           308 ns/msg
  dir 1: active=  0.00%  msgs=0           0 ns/msg
  dir 2: active=  0.00%  msgs=0           0 ns/msg
  dir 3: active=  0.00%  msgs=0           0 ns/msg
  dir 4: active=  0.00%  msgs=0           0 ns/msg
  dir 5: active=  0.00%  msgs=1           762 ns/msg
  dir 6: active=  0.00%  msgs=1           336 ns/msg
  dir 7: active=  0.00%  msgs=1           616 ns/msg
  AGGREGATE active = 0.00% (of 8 dir-threads; 0.00% per-thread avg)  msgs=4
[CPU memory  ] process=  9.98% of 80 cores   system= 10.02%   (window 2s)

----- REMOTE CPU LOAD (memory node dir-threads, 2s window) -----
  dir 0: active=  0.00%  msgs=0           0 ns/msg
  dir 1: active=  0.00%  msgs=1           1053 ns/msg
  dir 2: active=  0.00%  msgs=1           364 ns/msg
  dir 3: active=  0.00%  msgs=1           605 ns/msg
  dir 4: active=  0.00%  msgs=1           435 ns/msg
  dir 5: active=  0.00%  msgs=0           0 ns/msg
  dir 6: active=  0.00%  msgs=0           0 ns/msg
  dir 7: active=  0.00%  msgs=0           0 ns/msg
  AGGREGATE active = 0.00% (of 8 dir-threads; 0.00% per-thread avg)  msgs=4
[CPU memory  ] process=  9.97% of 80 cores   system= 10.03%   (window 2s)

----- REMOTE CPU LOAD (memory node dir-threads, 2s window) -----
  dir 0: active=  0.00%  msgs=0           0 ns/msg
  dir 1: active=  0.00%  msgs=0           0 ns/msg
  dir 2: active=  0.00%  msgs=0           0 ns/msg
  dir 3: active=  0.00%  msgs=0           0 ns/msg
  dir 4: active=  0.00%  msgs=0           0 ns/msg
  dir 5: active=  0.00%  msgs=1           718 ns/msg
  dir 6: active=  0.00%  msgs=1           347 ns/msg
  dir 7: active=  0.00%  msgs=1           654 ns/msg
  AGGREGATE active = 0.00% (of 8 dir-threads; 0.00% per-thread avg)  msgs=3
[CPU memory  ] process=  9.98% of 80 cores   system= 10.01%   (window 2s)

----- REMOTE CPU LOAD (memory node dir-threads, 2s window) -----
  dir 0: active=  0.00%  msgs=1           419 ns/msg
  dir 1: active=  0.00%  msgs=1           771 ns/msg
  dir 2: active=  0.00%  msgs=1           427 ns/msg
  dir 3: active=  0.00%  msgs=1           565 ns/msg
  dir 4: active=  0.00%  msgs=0           0 ns/msg
  dir 5: active=  0.00%  msgs=0           0 ns/msg
  dir 6: active=  0.00%  msgs=0           0 ns/msg
  dir 7: active=  0.00%  msgs=0           0 ns/msg
  AGGREGATE active = 0.00% (of 8 dir-threads; 0.00% per-thread avg)  msgs=4
[CPU memory  ] process=  9.97% of 80 cores   system= 10.04%   (window 2s)

----- REMOTE CPU LOAD (memory node dir-threads, 2s window) -----
  dir 0: active=  0.00%  msgs=0           0 ns/msg
  dir 1: active=  0.00%  msgs=0           0 ns/msg
  dir 2: active=  0.00%  msgs=0           0 ns/msg
  dir 3: active=  0.00%  msgs=0           0 ns/msg
  dir 4: active=  0.00%  msgs=1           357 ns/msg
  dir 5: active=  0.00%  msgs=1           637 ns/msg
  dir 6: active=  0.00%  msgs=1           677 ns/msg
  dir 7: active=  0.00%  msgs=1           683 ns/msg
  AGGREGATE active = 0.00% (of 8 dir-threads; 0.00% per-thread avg)  msgs=4
[CPU memory  ] process=  9.99% of 80 cores   system= 10.05%   (window 2s)

----- REMOTE CPU LOAD (memory node dir-threads, 2s window) -----
  dir 0: active=  0.00%  msgs=1           415 ns/msg
  dir 1: active=  0.00%  msgs=1           625 ns/msg
  dir 2: active=  0.00%  msgs=1           484 ns/msg
  dir 3: active=  0.00%  msgs=1           521 ns/msg
  dir 4: active=  0.00%  msgs=0           0 ns/msg
  dir 5: active=  0.00%  msgs=0           0 ns/msg
  dir 6: active=  0.00%  msgs=0           0 ns/msg
  dir 7: active=  0.00%  msgs=0           0 ns/msg
  AGGREGATE active = 0.00% (of 8 dir-threads; 0.00% per-thread avg)  msgs=4
[CPU memory  ] process=  9.98% of 80 cores   system= 10.02%   (window 2s)

----- REMOTE CPU LOAD (memory node dir-threads, 2s window) -----
  dir 0: active=  0.00%  msgs=0           0 ns/msg
  dir 1: active=  0.00%  msgs=0           0 ns/msg
  dir 2: active=  0.00%  msgs=0           0 ns/msg
  dir 3: active=  0.00%  msgs=0           0 ns/msg
  dir 4: active=  0.00%  msgs=1           381 ns/msg
  dir 5: active=  0.00%  msgs=1           625 ns/msg
  dir 6: active=  0.00%  msgs=1           306 ns/msg
  dir 7: active=  0.00%  msgs=1           539 ns/msg
  AGGREGATE active = 0.00% (of 8 dir-threads; 0.00% per-thread avg)  msgs=4
[CPU memory  ] process=  9.98% of 80 cores   system= 10.04%   (window 2s)

----- REMOTE CPU LOAD (memory node dir-threads, 2s window) -----
  dir 0: active=  0.00%  msgs=1           476 ns/msg
  dir 1: active=  0.00%  msgs=1           673 ns/msg
  dir 2: active=  0.00%  msgs=1           426 ns/msg
  dir 3: active=  0.00%  msgs=1           514 ns/msg
  dir 4: active=  0.00%  msgs=0           0 ns/msg
  dir 5: active=  0.00%  msgs=0           0 ns/msg
  dir 6: active=  0.00%  msgs=0           0 ns/msg
  dir 7: active=  0.00%  msgs=0           0 ns/msg
  AGGREGATE active = 0.00% (of 8 dir-threads; 0.00% per-thread avg)  msgs=4
[CPU memory  ] process=  9.98% of 80 cores   system= 10.03%   (window 2s)

----- REMOTE CPU LOAD (memory node dir-threads, 2s window) -----
  dir 0: active=  0.00%  msgs=0           0 ns/msg
  dir 1: active=  0.00%  msgs=0           0 ns/msg
  dir 2: active=  0.00%  msgs=0           0 ns/msg
  dir 3: active=  0.00%  msgs=0           0 ns/msg
  dir 4: active=  0.00%  msgs=1           442 ns/msg
  dir 5: active=  0.00%  msgs=1           612 ns/msg
  dir 6: active=  0.00%  msgs=1           382 ns/msg
  dir 7: active=  0.00%  msgs=1           660 ns/msg
  AGGREGATE active = 0.00% (of 8 dir-threads; 0.00% per-thread avg)  msgs=4
[CPU memory  ] process=  9.98% of 80 cores   system= 10.04%   (window 2s)

----- REMOTE CPU LOAD (memory node dir-threads, 2s window) -----
  dir 0: active=  0.00%  msgs=1           483 ns/msg
  dir 1: active=  0.00%  msgs=1           1003 ns/msg
  dir 2: active=  0.00%  msgs=1           253 ns/msg
  dir 3: active=  0.00%  msgs=0           0 ns/msg
  dir 4: active=  0.00%  msgs=0           0 ns/msg
  dir 5: active=  0.00%  msgs=0           0 ns/msg
  dir 6: active=  0.00%  msgs=0           0 ns/msg
  dir 7: active=  0.00%  msgs=0           0 ns/msg
  AGGREGATE active = 0.00% (of 8 dir-threads; 0.00% per-thread avg)  msgs=3
[CPU memory  ] process=  9.98% of 80 cores   system= 10.02%   (window 2s)

----- REMOTE CPU LOAD (memory node dir-threads, 2s window) -----
  dir 0: active=  0.00%  msgs=0           0 ns/msg
  dir 1: active=  0.00%  msgs=0           0 ns/msg
  dir 2: active=  0.00%  msgs=0           0 ns/msg
  dir 3: active=  0.00%  msgs=1           487 ns/msg
  dir 4: active=  0.00%  msgs=1           210 ns/msg
  dir 5: active=  0.00%  msgs=1           544 ns/msg
  dir 6: active=  0.00%  msgs=1           315 ns/msg
  dir 7: active=  0.00%  msgs=0           0 ns/msg
  AGGREGATE active = 0.00% (of 8 dir-threads; 0.00% per-thread avg)  msgs=4
[CPU memory  ] process=  9.98% of 80 cores   system= 10.02%   (window 2s)

----- REMOTE CPU LOAD (memory node dir-threads, 2s window) -----
  dir 0: active=  0.00%  msgs=1           466 ns/msg
  dir 1: active=  0.00%  msgs=1           708 ns/msg
  dir 2: active=  0.00%  msgs=1           339 ns/msg
  dir 3: active=  0.00%  msgs=0           0 ns/msg
  dir 4: active=  0.00%  msgs=0           0 ns/msg
  dir 5: active=  0.00%  msgs=0           0 ns/msg
  dir 6: active=  0.00%  msgs=0           0 ns/msg
  dir 7: active=  0.00%  msgs=1           470 ns/msg
  AGGREGATE active = 0.00% (of 8 dir-threads; 0.00% per-thread avg)  msgs=4
[CPU memory  ] process=  9.98% of 80 cores   system= 10.05%   (window 2s)

----- REMOTE CPU LOAD (memory node dir-threads, 2s window) -----
  dir 0: active=  0.00%  msgs=0           0 ns/msg
  dir 1: active=  0.00%  msgs=0           0 ns/msg
  dir 2: active=  0.00%  msgs=0           0 ns/msg
  dir 3: active=  0.00%  msgs=1           580 ns/msg
  dir 4: active=  0.00%  msgs=1           326 ns/msg
  dir 5: active=  0.00%  msgs=1           600 ns/msg
  dir 6: active=  0.00%  msgs=1           436 ns/msg
  dir 7: active=  0.00%  msgs=0           0 ns/msg
  AGGREGATE active = 0.00% (of 8 dir-threads; 0.00% per-thread avg)  msgs=4
[CPU memory  ] process=  9.98% of 80 cores   system= 10.02%   (window 2s)

----- REMOTE CPU LOAD (memory node dir-threads, 2s window) -----
  dir 0: active=  0.00%  msgs=1           482 ns/msg
  dir 1: active=  0.00%  msgs=1           727 ns/msg
  dir 2: active=  0.00%  msgs=1           255 ns/msg
  dir 3: active=  0.00%  msgs=0           0 ns/msg
  dir 4: active=  0.00%  msgs=0           0 ns/msg
  dir 5: active=  0.00%  msgs=0           0 ns/msg
  dir 6: active=  0.00%  msgs=0           0 ns/msg
  dir 7: active=  0.00%  msgs=1           663 ns/msg
  AGGREGATE active = 0.00% (of 8 dir-threads; 0.00% per-thread avg)  msgs=4
[CPU memory  ] process=  9.98% of 80 cores   system= 10.04%   (window 2s)

----- REMOTE CPU LOAD (memory node dir-threads, 2s window) -----
  dir 0: active=  0.00%  msgs=0           0 ns/msg
  dir 1: active=  0.00%  msgs=0           0 ns/msg
  dir 2: active=  0.00%  msgs=0           0 ns/msg
  dir 3: active=  0.00%  msgs=1           710 ns/msg
  dir 4: active=  0.00%  msgs=1           318 ns/msg
  dir 5: active=  0.00%  msgs=1           501 ns/msg
  dir 6: active=  0.00%  msgs=1           281 ns/msg
  dir 7: active=  0.00%  msgs=0           0 ns/msg
  AGGREGATE active = 0.00% (of 8 dir-threads; 0.00% per-thread avg)  msgs=4
[CPU memory  ] process=  9.97% of 80 cores   system= 10.01%   (window 2s)

----- REMOTE CPU LOAD (memory node dir-threads, 2s window) -----
  dir 0: active=  0.00%  msgs=1           372 ns/msg
  dir 1: active=  0.00%  msgs=1           1161 ns/msg
  dir 2: active=  0.00%  msgs=0           0 ns/msg
  dir 3: active=  0.00%  msgs=0           0 ns/msg
  dir 4: active=  0.00%  msgs=0           0 ns/msg
  dir 5: active=  0.00%  msgs=0           0 ns/msg
  dir 6: active=  0.00%  msgs=0           0 ns/msg
  dir 7: active=  0.00%  msgs=1           698 ns/msg
  AGGREGATE active = 0.00% (of 8 dir-threads; 0.00% per-thread avg)  msgs=3
[CPU memory  ] process=  9.97% of 80 cores   system= 10.04%   (window 2s)

----- REMOTE CPU LOAD (memory node dir-threads, 2s window) -----
  dir 0: active=  0.00%  msgs=0           0 ns/msg
  dir 1: active=  0.00%  msgs=0           0 ns/msg
  dir 2: active=  0.00%  msgs=1           451 ns/msg
  dir 3: active=  0.00%  msgs=1           636 ns/msg
  dir 4: active=  0.00%  msgs=1           334 ns/msg
  dir 5: active=  0.00%  msgs=1           537 ns/msg
  dir 6: active=  0.00%  msgs=0           0 ns/msg
  dir 7: active=  0.00%  msgs=0           0 ns/msg
  AGGREGATE active = 0.00% (of 8 dir-threads; 0.00% per-thread avg)  msgs=4
[CPU memory  ] process=  9.98% of 80 cores   system= 10.04%   (window 2s)

----- REMOTE CPU LOAD (memory node dir-threads, 2s window) -----
  dir 0: active=  0.00%  msgs=1           401 ns/msg
  dir 1: active=  0.00%  msgs=1           697 ns/msg
  dir 2: active=  0.00%  msgs=0           0 ns/msg
  dir 3: active=  0.00%  msgs=0           0 ns/msg
  dir 4: active=  0.00%  msgs=0           0 ns/msg
  dir 5: active=  0.00%  msgs=0           0 ns/msg
  dir 6: active=  0.00%  msgs=1           383 ns/msg
  dir 7: active=  0.00%  msgs=1           581 ns/msg
  AGGREGATE active = 0.00% (of 8 dir-threads; 0.00% per-thread avg)  msgs=4
[CPU memory  ] process=  9.99% of 80 cores   system= 10.01%   (window 2s)

----- REMOTE CPU LOAD (memory node dir-threads, 2s window) -----
  dir 0: active=  0.00%  msgs=0           0 ns/msg
  dir 1: active=  0.00%  msgs=0           0 ns/msg
  dir 2: active=  0.00%  msgs=1           435 ns/msg
  dir 3: active=  0.00%  msgs=1           668 ns/msg
  dir 4: active=  0.00%  msgs=1           233 ns/msg
  dir 5: active=  0.00%  msgs=1           714 ns/msg
  dir 6: active=  0.00%  msgs=0           0 ns/msg
  dir 7: active=  0.00%  msgs=0           0 ns/msg
  AGGREGATE active = 0.00% (of 8 dir-threads; 0.00% per-thread avg)  msgs=4
[CPU memory  ] process=  9.97% of 80 cores   system= 10.03%   (window 2s)

----- REMOTE CPU LOAD (memory node dir-threads, 2s window) -----
  dir 0: active=  0.00%  msgs=1           443 ns/msg
  dir 1: active=  0.00%  msgs=1           703 ns/msg
  dir 2: active=  0.00%  msgs=0           0 ns/msg
  dir 3: active=  0.00%  msgs=0           0 ns/msg
  dir 4: active=  0.00%  msgs=0           0 ns/msg
  dir 5: active=  0.00%  msgs=0           0 ns/msg
  dir 6: active=  0.00%  msgs=1           289 ns/msg
  dir 7: active=  0.00%  msgs=1           657 ns/msg
  AGGREGATE active = 0.00% (of 8 dir-threads; 0.00% per-thread avg)  msgs=4
[CPU memory  ] process=  9.98% of 80 cores   system= 10.02%   (window 2s)

----- REMOTE CPU LOAD (memory node dir-threads, 2s window) -----
  dir 0: active=  0.00%  msgs=0           0 ns/msg
  dir 1: active=  0.00%  msgs=0           0 ns/msg
  dir 2: active=  0.00%  msgs=1           496 ns/msg
  dir 3: active=  0.00%  msgs=1           489 ns/msg
  dir 4: active=  0.00%  msgs=1           337 ns/msg
  dir 5: active=  0.00%  msgs=0           0 ns/msg
  dir 6: active=  0.00%  msgs=0           0 ns/msg
  dir 7: active=  0.00%  msgs=0           0 ns/msg
  AGGREGATE active = 0.00% (of 8 dir-threads; 0.00% per-thread avg)  msgs=3
[CPU memory  ] process=  9.98% of 80 cores   system= 10.07%   (window 2s)

----- REMOTE CPU LOAD (memory node dir-threads, 2s window) -----
  dir 0: active=  0.00%  msgs=0           0 ns/msg
  dir 1: active=  0.00%  msgs=0           0 ns/msg
  dir 2: active=  0.00%  msgs=0           0 ns/msg
  dir 3: active=  0.00%  msgs=0           0 ns/msg
  dir 4: active=  0.00%  msgs=0           0 ns/msg
  dir 5: active=  0.00%  msgs=1           688 ns/msg
  dir 6: active=  0.00%  msgs=0           0 ns/msg
  dir 7: active=  0.00%  msgs=0           0 ns/msg
  AGGREGATE active = 0.00% (of 8 dir-threads; 0.00% per-thread avg)  msgs=1
[CPU memory  ] process=  9.97% of 80 cores   system= 10.04%   (window 2s)

----- REMOTE CPU LOAD (memory node dir-threads, 2s window) -----
  dir 0: active=  0.00%  msgs=0           0 ns/msg
  dir 1: active=  0.00%  msgs=0           0 ns/msg
  dir 2: active=  0.00%  msgs=0           0 ns/msg
  dir 3: active=  0.00%  msgs=0           0 ns/msg
  dir 4: active=  0.00%  msgs=0           0 ns/msg
  dir 5: active=  0.00%  msgs=0           0 ns/msg
  dir 6: active=  0.00%  msgs=0           0 ns/msg
  dir 7: active=  0.00%  msgs=0           0 ns/msg
  AGGREGATE active = 0.00% (of 8 dir-threads; 0.00% per-thread avg)  msgs=0
[CPU memory  ] process=  9.98% of 80 cores   system= 10.03%   (window 2s)

----- REMOTE CPU LOAD (memory node dir-threads, 2s window) -----
  dir 0: active= 34.67%  msgs=845228      821 ns/msg
  dir 1: active= 28.53%  msgs=845228      675 ns/msg
  dir 2: active= 34.18%  msgs=845228      809 ns/msg
  dir 3: active= 28.37%  msgs=845228      671 ns/msg
  dir 4: active= 34.89%  msgs=845224      826 ns/msg
  dir 5: active= 28.77%  msgs=845219      681 ns/msg
  dir 6: active= 33.84%  msgs=845215      801 ns/msg
  dir 7: active= 28.49%  msgs=845211      674 ns/msg
  AGGREGATE active = 251.74% (of 8 dir-threads; 31.47% per-thread avg)  msgs=6761781
[CPU memory  ] process=  9.97% of 80 cores   system= 10.04%   (window 2s)

----- REMOTE CPU LOAD (memory node dir-threads, 2s window) -----
  dir 0: active= 46.45%  msgs=1149970     808 ns/msg
  dir 1: active= 39.85%  msgs=1149966     693 ns/msg
  dir 2: active= 45.77%  msgs=1149963     796 ns/msg
  dir 3: active= 39.66%  msgs=1149957     690 ns/msg
  dir 4: active= 46.66%  msgs=1149956     812 ns/msg
  dir 5: active= 40.13%  msgs=1149955     698 ns/msg
  dir 6: active= 45.32%  msgs=1149954     788 ns/msg
  dir 7: active= 39.91%  msgs=1149953     694 ns/msg
  AGGREGATE active = 343.74% (of 8 dir-threads; 42.97% per-thread avg)  msgs=9199674
[CPU memory  ] process=  9.98% of 80 cores   system= 10.02%   (window 2s)

----- REMOTE CPU LOAD (memory node dir-threads, 2s window) -----
  dir 0: active=  0.00%  msgs=0           0 ns/msg
  dir 1: active=  0.00%  msgs=0           0 ns/msg
  dir 2: active=  0.00%  msgs=0           0 ns/msg
  dir 3: active=  0.00%  msgs=0           0 ns/msg
  dir 4: active=  0.00%  msgs=0           0 ns/msg
  dir 5: active=  0.00%  msgs=0           0 ns/msg
  dir 6: active=  0.00%  msgs=0           0 ns/msg
  dir 7: active=  0.00%  msgs=0           0 ns/msg
  AGGREGATE active = 0.00% (of 8 dir-threads; 0.00% per-thread avg)  msgs=0
[CPU memory  ] process=  9.97% of 80 cores   system= 10.05%   (window 2s)

----- REMOTE CPU LOAD (memory node dir-threads, 2s window) -----
  dir 0: active=  0.00%  msgs=0           0 ns/msg
  dir 1: active=  0.00%  msgs=0           0 ns/msg
  dir 2: active=  0.00%  msgs=0           0 ns/msg
  dir 3: active=  0.00%  msgs=0           0 ns/msg
  dir 4: active=  0.00%  msgs=0           0 ns/msg
  dir 5: active=  0.00%  msgs=0           0 ns/msg
  dir 6: active=  0.00%  msgs=0           0 ns/msg
  dir 7: active=  0.00%  msgs=0           0 ns/msg
  AGGREGATE active = 0.00% (of 8 dir-threads; 0.00% per-thread avg)  msgs=0
[CPU memory  ] process=  9.97% of 80 cores   system= 10.06%   (window 2s)
Avg. rdma read time(ms) = -nan
Avg. rdma write time(ms) = -nan
Avg. rdma read / op = -nan
Avg. rdma write / op = -nan
Avg. rdma cas / op = -nan
Avg. rdma rpc / op = -nan
Avg. all rdma / op = -nan
Avg. rdma read size/ op = -nan
Avg. rdma write size / op = -nan
Avg. rdma RW size / op = -nan
