Compute node count = 1
kNodeCount 2, kReadRatio 100, kInsertRatio 0, kUpdateRatio 0, kDeleteRatio 0, kRangeRatio 0, totalThreadCount 36, memThreadCount 1 cache_size 512, uniform_workload 0, zipfian 0.990000, bulk_load_num 50000000, warmup_num 10000000, op_num 30000000, check_correctness 0, time_based 0, early_stop 1, index 0, rpc_rate 0.000000, admission_rate 0.100000, auto_tune 0
kMaxThread = 36
KeySpace = 50001000
[GEOMETRY] inner_page=160 leaf_page=512 inner_entries=5 leaf_entries=26 slot=512 placement=mn_only
[4mshared memory size: 64GB, 0x7fef77200000[0m
[4mcache size: 2GB[0m
[4mMachine NR: 2[0m
[4mMax_APP_THREAD: 80[0m
[4mNR_DIRECTORY: 16[0m
[4mStart Build the DSMKeeper[0m
I am servers 0 [255.127.0.0]
I connect server 1
[4mdir 0 launch! (core 79 of 80)
[0m
CNode 0, left bound = 0, right bound = 18446744073709551615
Pushdown (RPC) Rate: 0
Admission Rate: 0.1
Cache size(MB) = 512
-----Cache initial addr = 0x7fef40000000
page num = 1048576
alloc_unit = 512
entry_num: 1048576
bucket_num: 349526
[DEX_SAFE_PT] page table keeps overflow buckets linked: ON
Bucket size = 64
entry_num: 104857
bucket_num: 17477
[DEX-R] push reads from the deepest cached node: off (DEX_PUSH_READS_DEEPEST; writes keep DEX's megaLevel rule)
start generating tree
num_partitions = 1
Success: tree root pointer value [1, 67108864]
finish generating tree
Bulkload num in node 0 = 50000000

----- REMOTE CPU LOAD (memory node dir-threads, 2s window) -----
  dir 0: active=  0.00%  msgs=0           0 ns/msg
  AGGREGATE active = 0.00% (of 1 dir-threads; 0.00% per-thread avg)  msgs=0
[CPU compute ] process=  2.50% of 80 cores   system=  2.51%   (window 2s)
First key of bulkloading = 7325973
Last key of bulkloading = 26738230
node warmup num = 9999972
kReadRatio =100
insertmark =100
updatemark =100
deletemark =100
rangemark =100
Finish warmup workload generation

----- REMOTE CPU LOAD (memory node dir-threads, 2s window) -----
  dir 0: active=  0.00%  msgs=0           0 ns/msg
  AGGREGATE active = 0.00% (of 1 dir-threads; 0.00% per-thread avg)  msgs=0
[CPU compute ] process=  2.50% of 80 cores   system=  2.52%   (window 2s)

----- REMOTE CPU LOAD (memory node dir-threads, 2s window) -----
  dir 0: active=  0.00%  msgs=0           0 ns/msg
  AGGREGATE active = 0.00% (of 1 dir-threads; 0.00% per-thread avg)  msgs=0
[CPU compute ] process=  2.50% of 80 cores   system=  2.52%   (window 2s)

----- REMOTE CPU LOAD (memory node dir-threads, 2s window) -----
  dir 0: active=  0.00%  msgs=0           0 ns/msg
  AGGREGATE active = 0.00% (of 1 dir-threads; 0.00% per-thread avg)  msgs=0
[CPU compute ] process=  2.51% of 80 cores   system=  4.37%   (window 2s)
node op_num = 29999988
Finish all workload generation

----- REMOTE CPU LOAD (memory node dir-threads, 2s window) -----
  dir 0: active=  0.00%  msgs=0           0 ns/msg
  AGGREGATE active = 0.00% (of 1 dir-threads; 0.00% per-thread avg)  msgs=0
[CPU compute ] process=  2.50% of 80 cores   system=  2.52%   (window 2s)

----- REMOTE CPU LOAD (memory node dir-threads, 2s window) -----
  dir 0: active=  0.00%  msgs=0           0 ns/msg
  AGGREGATE active = 0.00% (of 1 dir-threads; 0.00% per-thread avg)  msgs=0
[CPU compute ] process=  2.50% of 80 cores   system=  2.51%   (window 2s)
Fetched new height = 1
Success: tree root pointer value [1, 67109888]
Height = 2
Success: tree root pointer value [1, 67112448]
Height = 3
Success: tree root pointer value [1, 67118080]
Height = 4

----- REMOTE CPU LOAD (memory node dir-threads, 2s window) -----
  dir 0: active=  0.00%  msgs=0           0 ns/msg
  AGGREGATE active = 0.00% (of 1 dir-threads; 0.00% per-thread avg)  msgs=0
[CPU compute ] process=  2.50% of 80 cores   system=  2.52%   (window 2s)
Success: tree root pointer value [1, 67129856]
Height = 5
Success: tree root pointer value [1, 67153920]
Height = 6
Success: tree root pointer value [1, 67202560]
Height = 7
Success: tree root pointer value [1, 67300352]
Height = 8
Success: tree root pointer value [1, 67496448]
Height = 9
Success: tree root pointer value [1, 67889152]
Height = 10
Success: tree root pointer value [1, 68675072]
Height = 11
Success: tree root pointer value [1, 70247424]
Height = 12
Success: tree root pointer value [1, 73392640]
Height = 13
Success: tree root pointer value [1, 79683584]
Height = 14
Success: tree root pointer value [1, 92265984]
Height = 15
Success: tree root pointer value [1, 117431808]
Height = 16
Success: tree root pointer value [1, 167763456]
Height = 17

----- REMOTE CPU LOAD (memory node dir-threads, 2s window) -----
  dir 0: active=  0.00%  msgs=0           0 ns/msg
  AGGREGATE active = 0.00% (of 1 dir-threads; 0.00% per-thread avg)  msgs=0
[CPU compute ] process=  2.50% of 80 cores   system=  2.51%   (window 2s)
Success: tree root pointer value [1, 268427776]
Height = 18

----- REMOTE CPU LOAD (memory node dir-threads, 2s window) -----
  dir 0: active=  0.00%  msgs=0           0 ns/msg
  AGGREGATE active = 0.00% (of 1 dir-threads; 0.00% per-thread avg)  msgs=0
[CPU compute ] process=  2.50% of 80 cores   system=  4.39%   (window 2s)
Success: tree root pointer value [1, 469756928]
Height = 19
entering dynamic phase

----- REMOTE CPU LOAD (memory node dir-threads, 2s window) -----
  dir 0: active=  0.00%  msgs=0           0 ns/msg
  AGGREGATE active = 0.00% (of 1 dir-threads; 0.00% per-thread avg)  msgs=0
[CPU compute ] process=  2.50% of 80 cores   system=  2.51%   (window 2s)

----- REMOTE CPU LOAD (memory node dir-threads, 2s window) -----
  dir 0: active=  0.00%  msgs=0           0 ns/msg
  AGGREGATE active = 0.00% (of 1 dir-threads; 0.00% per-thread avg)  msgs=0
[CPU compute ] process=  2.50% of 80 cores   system=  2.52%   (window 2s)
Success: tree root pointer value [1, 872416256]
Height = 20

----- REMOTE CPU LOAD (memory node dir-threads, 2s window) -----
  dir 0: active=  0.00%  msgs=0           0 ns/msg
  AGGREGATE active = 0.00% (of 1 dir-threads; 0.00% per-thread avg)  msgs=0
[CPU compute ] process=  2.50% of 80 cores   system=  2.52%   (window 2s)

----- REMOTE CPU LOAD (memory node dir-threads, 2s window) -----
  dir 0: active=  0.00%  msgs=0           0 ns/msg
  AGGREGATE active = 0.00% (of 1 dir-threads; 0.00% per-thread avg)  msgs=0
[CPU compute ] process=  2.50% of 80 cores   system=  2.51%   (window 2s)

----- REMOTE CPU LOAD (memory node dir-threads, 2s window) -----
  dir 0: active=  0.00%  msgs=0           0 ns/msg
  AGGREGATE active = 0.00% (of 1 dir-threads; 0.00% per-thread avg)  msgs=0
[CPU compute ] process=  2.50% of 80 cores   system=  4.55%   (window 2s)

----- REMOTE CPU LOAD (memory node dir-threads, 2s window) -----
  dir 0: active=  0.00%  msgs=0           0 ns/msg
  AGGREGATE active = 0.00% (of 1 dir-threads; 0.00% per-thread avg)  msgs=0
[CPU compute ] process=  2.50% of 80 cores   system=  2.52%   (window 2s)

----- REMOTE CPU LOAD (memory node dir-threads, 2s window) -----
  dir 0: active=  0.00%  msgs=0           0 ns/msg
  AGGREGATE active = 0.00% (of 1 dir-threads; 0.00% per-thread avg)  msgs=0
[CPU compute ] process=  2.50% of 80 cores   system=  2.52%   (window 2s)

----- REMOTE CPU LOAD (memory node dir-threads, 2s window) -----
  dir 0: active=  0.00%  msgs=0           0 ns/msg
  AGGREGATE active = 0.00% (of 1 dir-threads; 0.00% per-thread avg)  msgs=0
[CPU compute ] process=  2.50% of 80 cores   system=  2.51%   (window 2s)
Success: tree root pointer value [1, 1677734400]
Height = 21

----- REMOTE CPU LOAD (memory node dir-threads, 2s window) -----
  dir 0: active=  0.00%  msgs=0           0 ns/msg
  AGGREGATE active = 0.00% (of 1 dir-threads; 0.00% per-thread avg)  msgs=0
[CPU compute ] process=  2.50% of 80 cores   system=  2.51%   (window 2s)

----- REMOTE CPU LOAD (memory node dir-threads, 2s window) -----
  dir 0: active=  0.00%  msgs=0           0 ns/msg
  AGGREGATE active = 0.00% (of 1 dir-threads; 0.00% per-thread avg)  msgs=0
[CPU compute ] process=  2.50% of 80 cores   system=  2.72%   (window 2s)

----- REMOTE CPU LOAD (memory node dir-threads, 2s window) -----
  dir 0: active=  0.00%  msgs=0           0 ns/msg
  AGGREGATE active = 0.00% (of 1 dir-threads; 0.00% per-thread avg)  msgs=0
[CPU compute ] process=  2.50% of 80 cores   system=  4.30%   (window 2s)

----- REMOTE CPU LOAD (memory node dir-threads, 2s window) -----
  dir 0: active=  0.00%  msgs=0           0 ns/msg
  AGGREGATE active = 0.00% (of 1 dir-threads; 0.00% per-thread avg)  msgs=0
[CPU compute ] process=  2.50% of 80 cores   system=  2.51%   (window 2s)

----- REMOTE CPU LOAD (memory node dir-threads, 2s window) -----
  dir 0: active=  0.00%  msgs=0           0 ns/msg
  AGGREGATE active = 0.00% (of 1 dir-threads; 0.00% per-thread avg)  msgs=0
[CPU compute ] process=  2.50% of 80 cores   system=  2.51%   (window 2s)

----- REMOTE CPU LOAD (memory node dir-threads, 2s window) -----
  dir 0: active=  0.00%  msgs=0           0 ns/msg
  AGGREGATE active = 0.00% (of 1 dir-threads; 0.00% per-thread avg)  msgs=0
[CPU compute ] process=  2.50% of 80 cores   system=  2.52%   (window 2s)

----- REMOTE CPU LOAD (memory node dir-threads, 2s window) -----
  dir 0: active=  0.00%  msgs=0           0 ns/msg
  AGGREGATE active = 0.00% (of 1 dir-threads; 0.00% per-thread avg)  msgs=0
[CPU compute ] process=  2.50% of 80 cores   system=  2.51%   (window 2s)

----- REMOTE CPU LOAD (memory node dir-threads, 2s window) -----
  dir 0: active=  0.00%  msgs=0           0 ns/msg
  AGGREGATE active = 0.00% (of 1 dir-threads; 0.00% per-thread avg)  msgs=0
[CPU compute ] process=  2.50% of 80 cores   system=  4.47%   (window 2s)

----- REMOTE CPU LOAD (memory node dir-threads, 2s window) -----
  dir 0: active=  0.00%  msgs=0           0 ns/msg
  AGGREGATE active = 0.00% (of 1 dir-threads; 0.00% per-thread avg)  msgs=0
[CPU compute ] process=  2.50% of 80 cores   system=  2.52%   (window 2s)

----- REMOTE CPU LOAD (memory node dir-threads, 2s window) -----
  dir 0: active=  0.00%  msgs=0           0 ns/msg
  AGGREGATE active = 0.00% (of 1 dir-threads; 0.00% per-thread avg)  msgs=0
[CPU compute ] process=  2.50% of 80 cores   system=  2.51%   (window 2s)

----- REMOTE CPU LOAD (memory node dir-threads, 2s window) -----
  dir 0: active=  0.00%  msgs=0           0 ns/msg
  AGGREGATE active = 0.00% (of 1 dir-threads; 0.00% per-thread avg)  msgs=0
[CPU compute ] process=  2.50% of 80 cores   system=  2.52%   (window 2s)

----- REMOTE CPU LOAD (memory node dir-threads, 2s window) -----
  dir 0: active=  0.00%  msgs=0           0 ns/msg
  AGGREGATE active = 0.00% (of 1 dir-threads; 0.00% per-thread avg)  msgs=0
[CPU compute ] process=  2.50% of 80 cores   system=  2.51%   (window 2s)

----- REMOTE CPU LOAD (memory node dir-threads, 2s window) -----
  dir 0: active=  0.00%  msgs=0           0 ns/msg
  AGGREGATE active = 0.00% (of 1 dir-threads; 0.00% per-thread avg)  msgs=0
[CPU compute ] process=  2.50% of 80 cores   system=  4.45%   (window 2s)
Success: tree root pointer value [1, 3288371200]
Height = 22

----- REMOTE CPU LOAD (memory node dir-threads, 2s window) -----
  dir 0: active=  0.00%  msgs=0           0 ns/msg
  AGGREGATE active = 0.00% (of 1 dir-threads; 0.00% per-thread avg)  msgs=0
[CPU compute ] process=  2.50% of 80 cores   system=  2.52%   (window 2s)

----- REMOTE CPU LOAD (memory node dir-threads, 2s window) -----
  dir 0: active=  0.00%  msgs=0           0 ns/msg
  AGGREGATE active = 0.00% (of 1 dir-threads; 0.00% per-thread avg)  msgs=0
[CPU compute ] process=  2.50% of 80 cores   system=  2.51%   (window 2s)

----- REMOTE CPU LOAD (memory node dir-threads, 2s window) -----
  dir 0: active=  0.00%  msgs=0           0 ns/msg
  AGGREGATE active = 0.00% (of 1 dir-threads; 0.00% per-thread avg)  msgs=0
[CPU compute ] process=  2.50% of 80 cores   system=  2.51%   (window 2s)

----- REMOTE CPU LOAD (memory node dir-threads, 2s window) -----
  dir 0: active=  0.00%  msgs=0           0 ns/msg
  AGGREGATE active = 0.00% (of 1 dir-threads; 0.00% per-thread avg)  msgs=0
[CPU compute ] process=  2.50% of 80 cores   system=  2.52%   (window 2s)

----- REMOTE CPU LOAD (memory node dir-threads, 2s window) -----
  dir 0: active=  0.00%  msgs=0           0 ns/msg
  AGGREGATE active = 0.00% (of 1 dir-threads; 0.00% per-thread avg)  msgs=0
[CPU compute ] process=  2.50% of 80 cores   system=  4.53%   (window 2s)

----- REMOTE CPU LOAD (memory node dir-threads, 2s window) -----
  dir 0: active=  0.00%  msgs=0           0 ns/msg
  AGGREGATE active = 0.00% (of 1 dir-threads; 0.00% per-thread avg)  msgs=0
#leaf nodes = 3846153
leaf size(MB) = 1878
#inner nodes = 3846104
inner size(MB) = 1877.98
Tree height = 22
Cache capacity = 1048576
max. leaf entries = 26
max. inner entries = 5
Inner page size = 160
Leaf page size = 512
[CPU compute ] process=  2.50% of 80 cores   system=  2.51%   (window 2s)
node 0 finish its bulkload

----- REMOTE CPU LOAD (memory node dir-threads, 2s window) -----
  dir 0: active=  0.00%  msgs=0           0 ns/msg
  AGGREGATE active = 0.00% (of 1 dir-threads; 0.00% per-thread avg)  msgs=0
[CPU compute ] process=  2.50% of 80 cores   system=  2.52%   (window 2s)
IMPORTANT: my root is 215506694963201
0 is ready for the benchmark
I am 0
Fetched new height = 22
I am 4
I am 2
I am 3
I am 1
I am 9
I am 5
I am 6
I am 8
I am 10
I am 11
I am 7
I am 16
I am 17
I am 14
I am 13
I am 12
I am 15
I am 19
I am 20
I am 18
I am 21
I am 31
I am 23
I am 25
I am 26
I am 24
I am 22
I am 29
I am 28
I am 35
I am 33
I am 30
I am 34
I am 32
I am 27
entering dynamic phase

----- REMOTE CPU LOAD (memory node dir-threads, 2s window) -----
  dir 0: active=  0.00%  msgs=0           0 ns/msg
  AGGREGATE active = 0.00% (of 1 dir-threads; 0.00% per-thread avg)  msgs=0
[CPU compute ] process= 39.59% of 80 cores   system= 39.63%   (window 2s)
Thread_op_num = 833333
node 0 finish warmup
Start collecting the statistic

----- REMOTE CPU LOAD (memory node dir-threads, 2s window) -----
  dir 0: active=  0.00%  msgs=0           0 ns/msg
  AGGREGATE active = 0.00% (of 1 dir-threads; 0.00% per-thread avg)  msgs=0
[CPU compute ] process= 46.26% of 80 cores   system= 46.29%   (window 2s)
0, throughput 5.2814
cluster throughput 5.281

----- REMOTE CPU LOAD (memory node dir-threads, 2s window) -----
  dir 0: active=  0.00%  msgs=0           0 ns/msg
  AGGREGATE active = 0.00% (of 1 dir-threads; 0.00% per-thread avg)  msgs=0
[CPU compute ] process= 46.24% of 80 cores   system= 47.38%   (window 2s)
0, throughput 5.2444
cluster throughput 5.244

----- REMOTE CPU LOAD (memory node dir-threads, 2s window) -----
  dir 0: active=  0.00%  msgs=0           0 ns/msg
  AGGREGATE active = 0.00% (of 1 dir-threads; 0.00% per-thread avg)  msgs=0
[CPU compute ] process= 44.81% of 80 cores   system= 44.84%   (window 2s)
0, throughput 4.2875
cluster throughput 4.287

----- REMOTE CPU LOAD (memory node dir-threads, 2s window) -----
  dir 0: active=  0.00%  msgs=0           0 ns/msg
  AGGREGATE active = 0.00% (of 1 dir-threads; 0.00% per-thread avg)  msgs=0
[CPU compute ] process=  1.25% of 80 cores   system=  1.26%   (window 2s)
0, throughput 0.0000
cluster throughput 0.000
The time duration = 8 seconds

----- REMOTE CPU LOAD (memory node dir-threads, 2s window) -----
  dir 0: active=  0.00%  msgs=0           0 ns/msg
  AGGREGATE active = 0.00% (of 1 dir-threads; 0.00% per-thread avg)  msgs=0
[CPU compute ] process=  1.25% of 80 cores   system=  1.26%   (window 2s)

==================== LATENCY BUCKETS (500 ns) [node 0] ====================
[LOOKUP]
  ALL                n=29629337   mean=    6.81us  p50=   4.50us  p90=  17.50us  p99=  23.00us  p99.9=  27.00us  max>=271.50us
  LOCAL (cache hit)  n=13653484   mean=    0.80us  p50=   1.00us  p90=   2.00us  p99=   3.00us  p99.9=   5.00us  max>= 66.00us
  REMOTE (miss/rpc)  n=15975853   mean=   11.95us  p50=  12.50us  p90=  19.50us  p99=  24.50us  p99.9=  28.00us  max>=271.50us
[ALL OPS]
  ALL                n=29629337   mean=    6.81us  p50=   4.50us  p90=  17.50us  p99=  23.00us  p99.9=  27.00us  max>=271.50us
  LOCAL (cache hit)  n=13653484   mean=    0.80us  p50=   1.00us  p90=   2.00us  p99=   3.00us  p99.9=   5.00us  max>= 66.00us
  REMOTE (miss/rpc)  n=15975853   mean=   11.95us  p50=  12.50us  p90=  19.50us  p99=  24.50us  p99.9=  28.00us  max>=271.50us

----- 500 ns bucket CDF (all ops) [node 0] -----
  bucket [lo,hi) ns             count        pct       cdf
  [        0,      500)      3840151   12.9606%  12.9606%
  [      500,     1000)      7083978   23.9087%  36.8693%
  [     1000,     1500)      1249049    4.2156%  41.0849%
  [     1500,     2000)       902428    3.0457%  44.1306%
  [     2000,     2500)       417134    1.4078%  45.5384%
  [     2500,     3000)       104713    0.3534%  45.8919%
  [     3000,     3500)        87163    0.2942%  46.1860%
  [     3500,     4000)       483613    1.6322%  47.8182%
  [     4000,     4500)      1308893    4.4176%  52.2358%
  [     4500,     5000)      1161339    3.9196%  56.1554%
  [     5000,     5500)       439182    1.4823%  57.6376%
  [     5500,     6000)       124083    0.4188%  58.0564%
  [     6000,     6500)       103394    0.3490%  58.4054%
  [     6500,     7000)       284987    0.9618%  59.3672%
  [     7000,     7500)       458110    1.5461%  60.9133%
  [     7500,     8000)       323068    1.0904%  62.0037%
  [     8000,     8500)       243874    0.8231%  62.8268%
  [     8500,     9000)       366117    1.2357%  64.0624%
  [     9000,     9500)       428775    1.4471%  65.5096%
  [     9500,    10000)       333148    1.1244%  66.6340%
  [    10000,    10500)       203961    0.6884%  67.3223%
  [    10500,    11000)       227742    0.7686%  68.0910%
  [    11000,    11500)       508480    1.7161%  69.8071%
  [    11500,    12000)       805171    2.7175%  72.5246%
  [    12000,    12500)       807151    2.7242%  75.2487%
  [    12500,    13000)       590805    1.9940%  77.2427%
  [    13000,    13500)       394587    1.3317%  78.5745%
  [    13500,    14000)       337189    1.1380%  79.7125%
  [    14000,    14500)       386481    1.3044%  81.0169%
  [    14500,    15000)       425979    1.4377%  82.4546%
  [    15000,    15500)       431559    1.4565%  83.9111%
  [    15500,    16000)       471788    1.5923%  85.5034%
  [    16000,    16500)       537725    1.8148%  87.3182%
  [    16500,    17000)       544518    1.8378%  89.1560%
  [    17000,    17500)       458919    1.5489%  90.7049%
  [    17500,    18000)       347423    1.1726%  91.8774%
  [    18000,    18500)       280806    0.9477%  92.8252%
  [    18500,    19000)       283307    0.9562%  93.7813%
  [    19000,    19500)       307478    1.0377%  94.8191%
  [    19500,    20000)       305028    1.0295%  95.8486%
  [    20000,    20500)       267435    0.9026%  96.7512%
  [    20500,    21000)       215344    0.7268%  97.4780%
  [    21000,    21500)       165577    0.5588%  98.0368%
  [    21500,    22000)       126761    0.4278%  98.4646%
  [    22000,    22500)        96599    0.3260%  98.7906%
  [    22500,    23000)        73428    0.2478%  99.0385%
  [    23000,    23500)        59068    0.1994%  99.2378%
  [    23500,    24000)        49909    0.1684%  99.4063%
  [    24000,    24500)        43094    0.1454%  99.5517%
  [    24500,    25000)        36162    0.1220%  99.6738%
  [    25000,    25500)        28201    0.0952%  99.7689%
  [    25500,    26000)        20265    0.0684%  99.8373%
  [    26000,    26500)        14340    0.0484%  99.8857%
  [    26500,    27000)         9753    0.0329%  99.9186%
  [    27000,    27500)         6618    0.0223%  99.9410%
  [    27500,    28000)         4439    0.0150%  99.9560%
  [    28000,    28500)         3217    0.0109%  99.9668%
  [    28500,    29000)         2300    0.0078%  99.9746%
  [    29000,    29500)         1661    0.0056%  99.9802%
  [    29500,    30000)         1275    0.0043%  99.9845%
  [    30000,    30500)          942    0.0032%  99.9877%
  [    30500,    31000)          729    0.0025%  99.9901%
  [    31000,    31500)          489    0.0017%  99.9918%
  [    31500,    32000)          351    0.0012%  99.9930%
  [    32000,    32500)          320    0.0011%  99.9940%
  [    32500,    33000)          223    0.0008%  99.9948%
  [    33000,    33500)          222    0.0007%  99.9955%
  [    33500,    34000)          164    0.0006%  99.9961%
  [    34000,    34500)          131    0.0004%  99.9965%
  [    34500,    35000)          138    0.0005%  99.9970%
  [    35000,    35500)           87    0.0003%  99.9973%
  [    35500,    36000)           88    0.0003%  99.9976%
  [    36000,    36500)           78    0.0003%  99.9979%
  [    36500,    37000)           77    0.0003%  99.9981%
  [    37000,    37500)           58    0.0002%  99.9983%
  [    37500,    38000)           60    0.0002%  99.9985%
  [    38000,    38500)           47    0.0002%  99.9987%
  [    38500,    39000)           38    0.0001%  99.9988%
  [    39000,    39500)           40    0.0001%  99.9989%
  [    39500,    40000)           37    0.0001%  99.9991%
  [    40000,    40500)           31    0.0001%  99.9992%
  [    40500,    41000)           22    0.0001%  99.9992%
  [    41000,    41500)           21    0.0001%  99.9993%
  [    41500,    42000)           16    0.0001%  99.9994%
  [    42000,    42500)           11    0.0000%  99.9994%
  [    42500,    43000)            7    0.0000%  99.9994%
  [    43000,    43500)           13    0.0000%  99.9995%
  [    43500,    44000)           13    0.0000%  99.9995%
  [    44000,    44500)            6    0.0000%  99.9995%
  [    44500,    45000)           10    0.0000%  99.9996%
  [    45000,    45500)            8    0.0000%  99.9996%
  [    45500,    46000)            9    0.0000%  99.9996%
  [    46000,    46500)            2    0.0000%  99.9996%
  [    46500,    47000)            6    0.0000%  99.9997%
  [    47000,    47500)            8    0.0000%  99.9997%
  [    47500,    48000)            2    0.0000%  99.9997%
  [    48000,    48500)            4    0.0000%  99.9997%
  [    48500,    49000)            4    0.0000%  99.9997%
  [    49000,    49500)            4    0.0000%  99.9997%
  [    49500,    50000)            1    0.0000%  99.9997%
  [    50000,    50500)            1    0.0000%  99.9997%
  [    50500,    51000)            3    0.0000%  99.9998%
  [    51000,    51500)            5    0.0000%  99.9998%
  [    51500,    52000)            5    0.0000%  99.9998%
  [    52000,    52500)            6    0.0000%  99.9998%
  [    52500,    53000)            1    0.0000%  99.9998%
  [    53000,    53500)            2    0.0000%  99.9998%
  [    53500,    54000)            3    0.0000%  99.9998%
  [    54000,    54500)            2    0.0000%  99.9998%
  [    54500,    55000)            3    0.0000%  99.9998%
  [    55500,    56000)            1    0.0000%  99.9998%
  [    56000,    56500)            1    0.0000%  99.9998%
  [    56500,    57000)            3    0.0000%  99.9999%
  [    57000,    57500)            4    0.0000%  99.9999%
  [    57500,    58000)            2    0.0000%  99.9999%
  [    58000,    58500)            5    0.0000%  99.9999%
  [    59000,    59500)            2    0.0000%  99.9999%
  [    59500,    60000)            3    0.0000%  99.9999%
  [    60000,    60500)            3    0.0000%  99.9999%
  [    60500,    61000)            1    0.0000%  99.9999%
  [    63000,    63500)            1    0.0000%  99.9999%
  [    64500,    65000)            4    0.0000%  99.9999%
  [    65500,    66000)            1    0.0000%  99.9999%
  [    73000,    73500)            1    0.0000%  99.9999%
  [    75500,    76000)            1    0.0000% 100.0000%
  [    77000,    77500)            1    0.0000% 100.0000%
  [    77500,    78000)            1    0.0000% 100.0000%
  [    79000,    79500)            1    0.0000% 100.0000%
  [    79500,    80000)            1    0.0000% 100.0000%
  [    81000,    81500)            2    0.0000% 100.0000%
  [    81500,    82000)            2    0.0000% 100.0000%
  [    85000,    85500)            1    0.0000% 100.0000%
  [    90500,    91000)            1    0.0000% 100.0000%
  [    97000,    97500)            2    0.0000% 100.0000%
  [   264000,   264500)            1    0.0000% 100.0000%
  [   271000,   271500)            1    0.0000% 100.0000%

----- REMOTE OPERATIONS [node 0] -----
  ops total                = 29629337
  ops local  (cache hit)   = 13653484 (46.08%)
  ops remote (>=1 net op)  = 15975853 (53.92%)
  remote ops total         = 45664630
    rdma read              = 45664630
    rdma write             = 0
    rdma cas               = 0
    rpc pushdown           = 0
  remote ops / op          = 1.5412
  remote ops / remote op   = 2.8584

----- OFFLOADED TASKS [node 0] -----
  lookup pushdowns         = 0
  scan    pushdowns (RPC)  = 0
    kv pairs returned      = 0
    leaves scanned remotely= 0
    kv / scan pushdown     = 0.00
    leaves / scan pushdown = 0.00

----- PATH-AWARE CACHE MISS RATE [node 0] -----
  node accesses (hit+miss) = 622456596
  node cache hits          = 576792008 (92.66%)
  MISS RATE                = 7.3362%  (45664588 / 622456596)
  inner-node miss          = 29698195 (65.04% of misses, 4.7711% rate)
  leaf-node  miss          = 15966393 (34.96% of misses, 2.5651% rate)
  total miss               = 45664588
  cache writebacks         = 0
=========================================================================

Round 0 (max_throughput): 5.25959 Mops/s
Round 0 (straggler_throughput): 5.25956 Mops/s
Before barrier finish
Avg. rdma read time(ms) = 0
Avg. rdma write time(ms) = -nan
Avg. rdma read / op = 1.5412
Avg. rdma write / op = 0
Avg. rdma cas / op = 0
Avg. rdma rpc / op = 0
Avg. all rdma / op = 1.5412
Avg. rdma read size/ op = 789.092
Avg. rdma write size / op = 0
Avg. rdma RW size / op = 789.092
------------------------------------------
Node 0 average throughput = 4.93733
Node 0 total throughput = 5.25959
All CN throughput (Max) = 5.25959
All CN throughput (Straggler) = 5.25956
Final throughput = 5.25956
[CORRECTNESS node 0] ops ok 29628793 / 29629337 = 99.9982%; scans 0, rows 0 (0.00 per scan)
------------------------------------------
