Compute node count = 1
kNodeCount 2, kReadRatio 100, kInsertRatio 0, kUpdateRatio 0, kDeleteRatio 0, kRangeRatio 0, totalThreadCount 36, memThreadCount 8 cache_size 128, uniform_workload 0, zipfian 0.990000, bulk_load_num 50000000, warmup_num 10000000, op_num 30000000, check_correctness 0, time_based 0, early_stop 1, index 0, rpc_rate 1.000000, admission_rate 0.100000, auto_tune 0
kMaxThread = 36
KeySpace = 50001000
[GEOMETRY] inner_page=160 leaf_page=512 inner_entries=5 leaf_entries=26 slot=512 placement=mn_only
[4mshared memory size: 64GB, 0x7f6b07400000[0m
[4mcache size: 2GB[0m
[4mMachine NR: 2[0m
[4mMax_APP_THREAD: 80[0m
[4mNR_DIRECTORY: 16[0m
[4mStart Build the DSMKeeper[0m
I am servers 1 [252.127.0.0]
I connect server 0
[4mdir 0 launch! (core 79 of 80)
[0m
[4mdir 1 launch! (core 78 of 80)
[0m
[4mdir 2 launch! (core 77 of 80)
[0m
[4mdir 3 launch! (core 76 of 80)
[0m
[4mdir 4 launch! (core 75 of 80)
[0m
[4mdir 5 launch! (core 74 of 80)
[0m
[4mdir 6 launch! (core 73 of 80)
[0m
[4mdir 7 launch! (core 72 of 80)
[0m
Before barrier finish

----- REMOTE CPU LOAD (memory node dir-threads, 2s window) -----
  dir 0: active=  0.00%  msgs=1           3957 ns/msg
  dir 1: active=  0.00%  msgs=0           0 ns/msg
  dir 2: active=  0.00%  msgs=0           0 ns/msg
  dir 3: active=  0.00%  msgs=0           0 ns/msg
  dir 4: active=  0.00%  msgs=0           0 ns/msg
  dir 5: active=  0.00%  msgs=0           0 ns/msg
  dir 6: active=  0.00%  msgs=0           0 ns/msg
  dir 7: active=  0.00%  msgs=0           0 ns/msg
  AGGREGATE active = 0.00% (of 8 dir-threads; 0.00% per-thread avg)  msgs=1
[CPU memory  ] process=  9.98% of 80 cores   system= 10.02%   (window 2s)

----- REMOTE CPU LOAD (memory node dir-threads, 2s window) -----
  dir 0: active=  0.00%  msgs=0           0 ns/msg
  dir 1: active=  0.00%  msgs=0           0 ns/msg
  dir 2: active=  0.00%  msgs=0           0 ns/msg
  dir 3: active=  0.00%  msgs=0           0 ns/msg
  dir 4: active=  0.00%  msgs=0           0 ns/msg
  dir 5: active=  0.00%  msgs=0           0 ns/msg
  dir 6: active=  0.00%  msgs=0           0 ns/msg
  dir 7: active=  0.00%  msgs=0           0 ns/msg
  AGGREGATE active = 0.00% (of 8 dir-threads; 0.00% per-thread avg)  msgs=0
[CPU memory  ] process=  9.98% of 80 cores   system= 10.03%   (window 2s)

----- REMOTE CPU LOAD (memory node dir-threads, 2s window) -----
  dir 0: active=  0.00%  msgs=0           0 ns/msg
  dir 1: active=  0.00%  msgs=0           0 ns/msg
  dir 2: active=  0.00%  msgs=0           0 ns/msg
  dir 3: active=  0.00%  msgs=0           0 ns/msg
  dir 4: active=  0.00%  msgs=0           0 ns/msg
  dir 5: active=  0.00%  msgs=0           0 ns/msg
  dir 6: active=  0.00%  msgs=0           0 ns/msg
  dir 7: active=  0.00%  msgs=0           0 ns/msg
  AGGREGATE active = 0.00% (of 8 dir-threads; 0.00% per-thread avg)  msgs=0
[CPU memory  ] process=  9.98% of 80 cores   system= 10.05%   (window 2s)

----- REMOTE CPU LOAD (memory node dir-threads, 2s window) -----
  dir 0: active=  0.00%  msgs=0           0 ns/msg
  dir 1: active=  0.00%  msgs=0           0 ns/msg
  dir 2: active=  0.00%  msgs=0           0 ns/msg
  dir 3: active=  0.00%  msgs=0           0 ns/msg
  dir 4: active=  0.00%  msgs=0           0 ns/msg
  dir 5: active=  0.00%  msgs=0           0 ns/msg
  dir 6: active=  0.00%  msgs=0           0 ns/msg
  dir 7: active=  0.00%  msgs=0           0 ns/msg
  AGGREGATE active = 0.00% (of 8 dir-threads; 0.00% per-thread avg)  msgs=0
[CPU memory  ] process=  9.99% of 80 cores   system= 10.04%   (window 2s)

----- REMOTE CPU LOAD (memory node dir-threads, 2s window) -----
  dir 0: active=  0.00%  msgs=0           0 ns/msg
  dir 1: active=  0.00%  msgs=0           0 ns/msg
  dir 2: active=  0.00%  msgs=0           0 ns/msg
  dir 3: active=  0.00%  msgs=0           0 ns/msg
  dir 4: active=  0.00%  msgs=0           0 ns/msg
  dir 5: active=  0.00%  msgs=0           0 ns/msg
  dir 6: active=  0.00%  msgs=0           0 ns/msg
  dir 7: active=  0.00%  msgs=0           0 ns/msg
  AGGREGATE active = 0.00% (of 8 dir-threads; 0.00% per-thread avg)  msgs=0
[CPU memory  ] process=  9.97% of 80 cores   system= 10.04%   (window 2s)

----- REMOTE CPU LOAD (memory node dir-threads, 2s window) -----
  dir 0: active=  0.00%  msgs=0           0 ns/msg
  dir 1: active=  0.00%  msgs=0           0 ns/msg
  dir 2: active=  0.00%  msgs=0           0 ns/msg
  dir 3: active=  0.00%  msgs=0           0 ns/msg
  dir 4: active=  0.00%  msgs=0           0 ns/msg
  dir 5: active=  0.00%  msgs=0           0 ns/msg
  dir 6: active=  0.00%  msgs=0           0 ns/msg
  dir 7: active=  0.00%  msgs=0           0 ns/msg
  AGGREGATE active = 0.00% (of 8 dir-threads; 0.00% per-thread avg)  msgs=0
[CPU memory  ] process=  9.98% of 80 cores   system= 10.04%   (window 2s)

----- REMOTE CPU LOAD (memory node dir-threads, 2s window) -----
  dir 0: active=  0.00%  msgs=0           0 ns/msg
  dir 1: active=  0.00%  msgs=0           0 ns/msg
  dir 2: active=  0.00%  msgs=0           0 ns/msg
  dir 3: active=  0.00%  msgs=0           0 ns/msg
  dir 4: active=  0.00%  msgs=0           0 ns/msg
  dir 5: active=  0.00%  msgs=0           0 ns/msg
  dir 6: active=  0.00%  msgs=0           0 ns/msg
  dir 7: active=  0.00%  msgs=0           0 ns/msg
  AGGREGATE active = 0.00% (of 8 dir-threads; 0.00% per-thread avg)  msgs=0
[CPU memory  ] process=  9.98% of 80 cores   system= 10.02%   (window 2s)

----- REMOTE CPU LOAD (memory node dir-threads, 2s window) -----
  dir 0: active=  0.00%  msgs=0           0 ns/msg
  dir 1: active=  0.00%  msgs=1           2698 ns/msg
  dir 2: active=  0.00%  msgs=1           2805 ns/msg
  dir 3: active=  0.00%  msgs=1           1888 ns/msg
  dir 4: active=  0.00%  msgs=1           2312 ns/msg
  dir 5: active=  0.00%  msgs=0           0 ns/msg
  dir 6: active=  0.00%  msgs=0           0 ns/msg
  dir 7: active=  0.00%  msgs=0           0 ns/msg
  AGGREGATE active = 0.00% (of 8 dir-threads; 0.00% per-thread avg)  msgs=4
[CPU memory  ] process=  9.97% of 80 cores   system= 10.04%   (window 2s)

----- REMOTE CPU LOAD (memory node dir-threads, 2s window) -----
  dir 0: active=  0.00%  msgs=1           609 ns/msg
  dir 1: active=  0.00%  msgs=0           0 ns/msg
  dir 2: active=  0.00%  msgs=0           0 ns/msg
  dir 3: active=  0.00%  msgs=0           0 ns/msg
  dir 4: active=  0.00%  msgs=0           0 ns/msg
  dir 5: active=  0.00%  msgs=1           2210 ns/msg
  dir 6: active=  0.00%  msgs=1           1888 ns/msg
  dir 7: active=  0.00%  msgs=1           1990 ns/msg
  AGGREGATE active = 0.00% (of 8 dir-threads; 0.00% per-thread avg)  msgs=4
[CPU memory  ] process=  9.98% of 80 cores   system= 10.06%   (window 2s)

----- REMOTE CPU LOAD (memory node dir-threads, 2s window) -----
  dir 0: active=  0.00%  msgs=0           0 ns/msg
  dir 1: active=  0.00%  msgs=1           1041 ns/msg
  dir 2: active=  0.00%  msgs=1           333 ns/msg
  dir 3: active=  0.00%  msgs=1           826 ns/msg
  dir 4: active=  0.00%  msgs=1           338 ns/msg
  dir 5: active=  0.00%  msgs=0           0 ns/msg
  dir 6: active=  0.00%  msgs=0           0 ns/msg
  dir 7: active=  0.00%  msgs=0           0 ns/msg
  AGGREGATE active = 0.00% (of 8 dir-threads; 0.00% per-thread avg)  msgs=4
[CPU memory  ] process=  9.98% of 80 cores   system= 10.04%   (window 2s)

----- REMOTE CPU LOAD (memory node dir-threads, 2s window) -----
  dir 0: active=  0.00%  msgs=1           280 ns/msg
  dir 1: active=  0.00%  msgs=0           0 ns/msg
  dir 2: active=  0.00%  msgs=0           0 ns/msg
  dir 3: active=  0.00%  msgs=0           0 ns/msg
  dir 4: active=  0.00%  msgs=0           0 ns/msg
  dir 5: active=  0.00%  msgs=1           950 ns/msg
  dir 6: active=  0.00%  msgs=1           378 ns/msg
  dir 7: active=  0.00%  msgs=1           663 ns/msg
  AGGREGATE active = 0.00% (of 8 dir-threads; 0.00% per-thread avg)  msgs=4
[CPU memory  ] process=  9.99% of 80 cores   system= 10.03%   (window 2s)

----- REMOTE CPU LOAD (memory node dir-threads, 2s window) -----
  dir 0: active=  0.00%  msgs=0           0 ns/msg
  dir 1: active=  0.00%  msgs=1           815 ns/msg
  dir 2: active=  0.00%  msgs=1           249 ns/msg
  dir 3: active=  0.00%  msgs=1           584 ns/msg
  dir 4: active=  0.00%  msgs=1           344 ns/msg
  dir 5: active=  0.00%  msgs=0           0 ns/msg
  dir 6: active=  0.00%  msgs=0           0 ns/msg
  dir 7: active=  0.00%  msgs=0           0 ns/msg
  AGGREGATE active = 0.00% (of 8 dir-threads; 0.00% per-thread avg)  msgs=4
[CPU memory  ] process=  9.98% of 80 cores   system= 10.02%   (window 2s)

----- REMOTE CPU LOAD (memory node dir-threads, 2s window) -----
  dir 0: active=  0.00%  msgs=1           340 ns/msg
  dir 1: active=  0.00%  msgs=0           0 ns/msg
  dir 2: active=  0.00%  msgs=0           0 ns/msg
  dir 3: active=  0.00%  msgs=0           0 ns/msg
  dir 4: active=  0.00%  msgs=0           0 ns/msg
  dir 5: active=  0.00%  msgs=1           895 ns/msg
  dir 6: active=  0.00%  msgs=1           240 ns/msg
  dir 7: active=  0.00%  msgs=1           636 ns/msg
  AGGREGATE active = 0.00% (of 8 dir-threads; 0.00% per-thread avg)  msgs=4
[CPU memory  ] process=  9.97% of 80 cores   system= 10.04%   (window 2s)

----- REMOTE CPU LOAD (memory node dir-threads, 2s window) -----
  dir 0: active=  0.00%  msgs=0           0 ns/msg
  dir 1: active=  0.00%  msgs=1           1022 ns/msg
  dir 2: active=  0.00%  msgs=1           316 ns/msg
  dir 3: active=  0.00%  msgs=1           612 ns/msg
  dir 4: active=  0.00%  msgs=1           214 ns/msg
  dir 5: active=  0.00%  msgs=0           0 ns/msg
  dir 6: active=  0.00%  msgs=0           0 ns/msg
  dir 7: active=  0.00%  msgs=0           0 ns/msg
  AGGREGATE active = 0.00% (of 8 dir-threads; 0.00% per-thread avg)  msgs=4
[CPU memory  ] process=  9.98% of 80 cores   system= 10.06%   (window 2s)

----- REMOTE CPU LOAD (memory node dir-threads, 2s window) -----
  dir 0: active=  0.00%  msgs=1           770 ns/msg
  dir 1: active=  0.00%  msgs=1           1122 ns/msg
  dir 2: active=  0.00%  msgs=0           0 ns/msg
  dir 3: active=  0.00%  msgs=0           0 ns/msg
  dir 4: active=  0.00%  msgs=0           0 ns/msg
  dir 5: active=  0.00%  msgs=1           875 ns/msg
  dir 6: active=  0.00%  msgs=1           225 ns/msg
  dir 7: active=  0.00%  msgs=1           601 ns/msg
  AGGREGATE active = 0.00% (of 8 dir-threads; 0.00% per-thread avg)  msgs=5
[CPU memory  ] process=  9.98% of 80 cores   system= 10.02%   (window 2s)

----- REMOTE CPU LOAD (memory node dir-threads, 2s window) -----
  dir 0: active=  0.00%  msgs=0           0 ns/msg
  dir 1: active=  0.00%  msgs=0           0 ns/msg
  dir 2: active=  0.00%  msgs=1           323 ns/msg
  dir 3: active=  0.00%  msgs=1           903 ns/msg
  dir 4: active=  0.00%  msgs=1           334 ns/msg
  dir 5: active=  0.00%  msgs=1           893 ns/msg
  dir 6: active=  0.00%  msgs=0           0 ns/msg
  dir 7: active=  0.00%  msgs=0           0 ns/msg
  AGGREGATE active = 0.00% (of 8 dir-threads; 0.00% per-thread avg)  msgs=4
[CPU memory  ] process=  9.98% of 80 cores   system= 10.05%   (window 2s)

----- REMOTE CPU LOAD (memory node dir-threads, 2s window) -----
  dir 0: active=  0.00%  msgs=1           453 ns/msg
  dir 1: active=  0.00%  msgs=1           847 ns/msg
  dir 2: active=  0.00%  msgs=0           0 ns/msg
  dir 3: active=  0.00%  msgs=0           0 ns/msg
  dir 4: active=  0.00%  msgs=0           0 ns/msg
  dir 5: active=  0.00%  msgs=0           0 ns/msg
  dir 6: active=  0.00%  msgs=1           298 ns/msg
  dir 7: active=  0.00%  msgs=1           608 ns/msg
  AGGREGATE active = 0.00% (of 8 dir-threads; 0.00% per-thread avg)  msgs=4
[CPU memory  ] process=  9.98% of 80 cores   system= 10.03%   (window 2s)

----- REMOTE CPU LOAD (memory node dir-threads, 2s window) -----
  dir 0: active=  0.00%  msgs=0           0 ns/msg
  dir 1: active=  0.00%  msgs=0           0 ns/msg
  dir 2: active=  0.00%  msgs=1           329 ns/msg
  dir 3: active=  0.00%  msgs=1           857 ns/msg
  dir 4: active=  0.00%  msgs=1           229 ns/msg
  dir 5: active=  0.00%  msgs=1           867 ns/msg
  dir 6: active=  0.00%  msgs=0           0 ns/msg
  dir 7: active=  0.00%  msgs=0           0 ns/msg
  AGGREGATE active = 0.00% (of 8 dir-threads; 0.00% per-thread avg)  msgs=4
[CPU memory  ] process=  9.98% of 80 cores   system= 10.04%   (window 2s)

----- REMOTE CPU LOAD (memory node dir-threads, 2s window) -----
  dir 0: active=  0.00%  msgs=1           726 ns/msg
  dir 1: active=  0.00%  msgs=1           785 ns/msg
  dir 2: active=  0.00%  msgs=0           0 ns/msg
  dir 3: active=  0.00%  msgs=0           0 ns/msg
  dir 4: active=  0.00%  msgs=0           0 ns/msg
  dir 5: active=  0.00%  msgs=0           0 ns/msg
  dir 6: active=  0.00%  msgs=1           230 ns/msg
  dir 7: active=  0.00%  msgs=1           531 ns/msg
  AGGREGATE active = 0.00% (of 8 dir-threads; 0.00% per-thread avg)  msgs=4
[CPU memory  ] process=  9.98% of 80 cores   system= 10.05%   (window 2s)

----- REMOTE CPU LOAD (memory node dir-threads, 2s window) -----
  dir 0: active=  0.00%  msgs=0           0 ns/msg
  dir 1: active=  0.00%  msgs=0           0 ns/msg
  dir 2: active=  0.00%  msgs=1           422 ns/msg
  dir 3: active=  0.00%  msgs=1           773 ns/msg
  dir 4: active=  0.00%  msgs=1           438 ns/msg
  dir 5: active=  0.00%  msgs=1           706 ns/msg
  dir 6: active=  0.00%  msgs=0           0 ns/msg
  dir 7: active=  0.00%  msgs=0           0 ns/msg
  AGGREGATE active = 0.00% (of 8 dir-threads; 0.00% per-thread avg)  msgs=4
[CPU memory  ] process=  9.98% of 80 cores   system= 10.02%   (window 2s)

----- REMOTE CPU LOAD (memory node dir-threads, 2s window) -----
  dir 0: active=  0.00%  msgs=1           371 ns/msg
  dir 1: active=  0.00%  msgs=1           893 ns/msg
  dir 2: active=  0.00%  msgs=0           0 ns/msg
  dir 3: active=  0.00%  msgs=0           0 ns/msg
  dir 4: active=  0.00%  msgs=0           0 ns/msg
  dir 5: active=  0.00%  msgs=0           0 ns/msg
  dir 6: active=  0.00%  msgs=1           334 ns/msg
  dir 7: active=  0.00%  msgs=1           798 ns/msg
  AGGREGATE active = 0.00% (of 8 dir-threads; 0.00% per-thread avg)  msgs=4
[CPU memory  ] process=  9.97% of 80 cores   system= 10.04%   (window 2s)

----- REMOTE CPU LOAD (memory node dir-threads, 2s window) -----
  dir 0: active=  0.00%  msgs=0           0 ns/msg
  dir 1: active=  0.00%  msgs=0           0 ns/msg
  dir 2: active=  0.00%  msgs=1           265 ns/msg
  dir 3: active=  0.00%  msgs=1           688 ns/msg
  dir 4: active=  0.00%  msgs=1           208 ns/msg
  dir 5: active=  0.00%  msgs=1           695 ns/msg
  dir 6: active=  0.00%  msgs=0           0 ns/msg
  dir 7: active=  0.00%  msgs=0           0 ns/msg
  AGGREGATE active = 0.00% (of 8 dir-threads; 0.00% per-thread avg)  msgs=4
[CPU memory  ] process=  9.98% of 80 cores   system= 10.03%   (window 2s)

----- REMOTE CPU LOAD (memory node dir-threads, 2s window) -----
  dir 0: active=  0.00%  msgs=1           450 ns/msg
  dir 1: active=  0.00%  msgs=1           725 ns/msg
  dir 2: active=  0.00%  msgs=0           0 ns/msg
  dir 3: active=  0.00%  msgs=0           0 ns/msg
  dir 4: active=  0.00%  msgs=0           0 ns/msg
  dir 5: active=  0.00%  msgs=0           0 ns/msg
  dir 6: active=  0.00%  msgs=1           414 ns/msg
  dir 7: active=  0.00%  msgs=1           620 ns/msg
  AGGREGATE active = 0.00% (of 8 dir-threads; 0.00% per-thread avg)  msgs=4
[CPU memory  ] process=  9.97% of 80 cores   system= 10.04%   (window 2s)

----- REMOTE CPU LOAD (memory node dir-threads, 2s window) -----
  dir 0: active=  0.00%  msgs=0           0 ns/msg
  dir 1: active=  0.00%  msgs=0           0 ns/msg
  dir 2: active=  0.00%  msgs=1           322 ns/msg
  dir 3: active=  0.00%  msgs=1           699 ns/msg
  dir 4: active=  0.00%  msgs=1           373 ns/msg
  dir 5: active=  0.00%  msgs=1           757 ns/msg
  dir 6: active=  0.00%  msgs=0           0 ns/msg
  dir 7: active=  0.00%  msgs=0           0 ns/msg
  AGGREGATE active = 0.00% (of 8 dir-threads; 0.00% per-thread avg)  msgs=4
[CPU memory  ] process=  9.98% of 80 cores   system= 10.02%   (window 2s)

----- REMOTE CPU LOAD (memory node dir-threads, 2s window) -----
  dir 0: active=  0.00%  msgs=1           440 ns/msg
  dir 1: active=  0.00%  msgs=1           655 ns/msg
  dir 2: active=  0.00%  msgs=0           0 ns/msg
  dir 3: active=  0.00%  msgs=0           0 ns/msg
  dir 4: active=  0.00%  msgs=0           0 ns/msg
  dir 5: active=  0.00%  msgs=0           0 ns/msg
  dir 6: active=  0.00%  msgs=1           379 ns/msg
  dir 7: active=  0.00%  msgs=1           625 ns/msg
  AGGREGATE active = 0.00% (of 8 dir-threads; 0.00% per-thread avg)  msgs=4
[CPU memory  ] process=  9.97% of 80 cores   system= 10.06%   (window 2s)

----- REMOTE CPU LOAD (memory node dir-threads, 2s window) -----
  dir 0: active=  0.00%  msgs=0           0 ns/msg
  dir 1: active=  0.00%  msgs=0           0 ns/msg
  dir 2: active=  0.00%  msgs=1           245 ns/msg
  dir 3: active=  0.00%  msgs=1           576 ns/msg
  dir 4: active=  0.00%  msgs=1           199 ns/msg
  dir 5: active=  0.00%  msgs=1           664 ns/msg
  dir 6: active=  0.00%  msgs=0           0 ns/msg
  dir 7: active=  0.00%  msgs=0           0 ns/msg
  AGGREGATE active = 0.00% (of 8 dir-threads; 0.00% per-thread avg)  msgs=4
[CPU memory  ] process=  9.98% of 80 cores   system= 10.04%   (window 2s)

----- REMOTE CPU LOAD (memory node dir-threads, 2s window) -----
  dir 0: active=  0.00%  msgs=1           357 ns/msg
  dir 1: active=  0.00%  msgs=1           963 ns/msg
  dir 2: active=  0.00%  msgs=0           0 ns/msg
  dir 3: active=  0.00%  msgs=0           0 ns/msg
  dir 4: active=  0.00%  msgs=0           0 ns/msg
  dir 5: active=  0.00%  msgs=0           0 ns/msg
  dir 6: active=  0.00%  msgs=1           253 ns/msg
  dir 7: active=  0.00%  msgs=1           594 ns/msg
  AGGREGATE active = 0.00% (of 8 dir-threads; 0.00% per-thread avg)  msgs=4
[CPU memory  ] process=  9.98% of 80 cores   system= 10.03%   (window 2s)

----- REMOTE CPU LOAD (memory node dir-threads, 2s window) -----
  dir 0: active=  0.00%  msgs=0           0 ns/msg
  dir 1: active=  0.00%  msgs=0           0 ns/msg
  dir 2: active=  0.00%  msgs=1           326 ns/msg
  dir 3: active=  0.00%  msgs=1           623 ns/msg
  dir 4: active=  0.00%  msgs=1           386 ns/msg
  dir 5: active=  0.00%  msgs=1           663 ns/msg
  dir 6: active=  0.00%  msgs=0           0 ns/msg
  dir 7: active=  0.00%  msgs=0           0 ns/msg
  AGGREGATE active = 0.00% (of 8 dir-threads; 0.00% per-thread avg)  msgs=4
[CPU memory  ] process=  9.97% of 80 cores   system= 10.04%   (window 2s)

----- REMOTE CPU LOAD (memory node dir-threads, 2s window) -----
  dir 0: active=  0.00%  msgs=1           395 ns/msg
  dir 1: active=  0.00%  msgs=1           607 ns/msg
  dir 2: active=  0.00%  msgs=0           0 ns/msg
  dir 3: active=  0.00%  msgs=0           0 ns/msg
  dir 4: active=  0.00%  msgs=0           0 ns/msg
  dir 5: active=  0.00%  msgs=0           0 ns/msg
  dir 6: active=  0.00%  msgs=1           562 ns/msg
  dir 7: active=  0.00%  msgs=1           556 ns/msg
  AGGREGATE active = 0.00% (of 8 dir-threads; 0.00% per-thread avg)  msgs=4
[CPU memory  ] process=  9.98% of 80 cores   system= 10.02%   (window 2s)

----- REMOTE CPU LOAD (memory node dir-threads, 2s window) -----
  dir 0: active=  0.00%  msgs=0           0 ns/msg
  dir 1: active=  0.00%  msgs=0           0 ns/msg
  dir 2: active=  0.00%  msgs=1           275 ns/msg
  dir 3: active=  0.00%  msgs=1           622 ns/msg
  dir 4: active=  0.00%  msgs=1           376 ns/msg
  dir 5: active=  0.00%  msgs=1           613 ns/msg
  dir 6: active=  0.00%  msgs=0           0 ns/msg
  dir 7: active=  0.00%  msgs=0           0 ns/msg
  AGGREGATE active = 0.00% (of 8 dir-threads; 0.00% per-thread avg)  msgs=4
[CPU memory  ] process=  9.98% of 80 cores   system= 10.04%   (window 2s)

----- REMOTE CPU LOAD (memory node dir-threads, 2s window) -----
  dir 0: active=  0.00%  msgs=1           386 ns/msg
  dir 1: active=  0.00%  msgs=1           569 ns/msg
  dir 2: active=  0.00%  msgs=0           0 ns/msg
  dir 3: active=  0.00%  msgs=0           0 ns/msg
  dir 4: active=  0.00%  msgs=0           0 ns/msg
  dir 5: active=  0.00%  msgs=0           0 ns/msg
  dir 6: active=  0.00%  msgs=1           294 ns/msg
  dir 7: active=  0.00%  msgs=1           736 ns/msg
  AGGREGATE active = 0.00% (of 8 dir-threads; 0.00% per-thread avg)  msgs=4
[CPU memory  ] process=  9.98% of 80 cores   system= 10.05%   (window 2s)

----- REMOTE CPU LOAD (memory node dir-threads, 2s window) -----
  dir 0: active=  0.00%  msgs=0           0 ns/msg
  dir 1: active=  0.00%  msgs=0           0 ns/msg
  dir 2: active=  0.00%  msgs=1           379 ns/msg
  dir 3: active=  0.00%  msgs=1           796 ns/msg
  dir 4: active=  0.00%  msgs=1           399 ns/msg
  dir 5: active=  0.00%  msgs=1           584 ns/msg
  dir 6: active=  0.00%  msgs=0           0 ns/msg
  dir 7: active=  0.00%  msgs=0           0 ns/msg
  AGGREGATE active = 0.00% (of 8 dir-threads; 0.00% per-thread avg)  msgs=4
[CPU memory  ] process=  9.98% of 80 cores   system= 10.04%   (window 2s)

----- REMOTE CPU LOAD (memory node dir-threads, 2s window) -----
  dir 0: active=  0.00%  msgs=1           339 ns/msg
  dir 1: active=  0.00%  msgs=1           795 ns/msg
  dir 2: active=  0.00%  msgs=0           0 ns/msg
  dir 3: active=  0.00%  msgs=0           0 ns/msg
  dir 4: active=  0.00%  msgs=0           0 ns/msg
  dir 5: active=  0.00%  msgs=0           0 ns/msg
  dir 6: active=  0.00%  msgs=1           316 ns/msg
  dir 7: active=  0.00%  msgs=1           650 ns/msg
  AGGREGATE active = 0.00% (of 8 dir-threads; 0.00% per-thread avg)  msgs=4
[CPU memory  ] process=  9.98% of 80 cores   system= 10.04%   (window 2s)

----- REMOTE CPU LOAD (memory node dir-threads, 2s window) -----
  dir 0: active=  0.00%  msgs=0           0 ns/msg
  dir 1: active=  0.00%  msgs=0           0 ns/msg
  dir 2: active=  0.00%  msgs=1           354 ns/msg
  dir 3: active=  0.00%  msgs=1           705 ns/msg
  dir 4: active=  0.00%  msgs=1           316 ns/msg
  dir 5: active=  0.00%  msgs=1           504 ns/msg
  dir 6: active=  0.00%  msgs=0           0 ns/msg
  dir 7: active=  0.00%  msgs=0           0 ns/msg
  AGGREGATE active = 0.00% (of 8 dir-threads; 0.00% per-thread avg)  msgs=4
[CPU memory  ] process=  9.98% of 80 cores   system= 10.02%   (window 2s)

----- REMOTE CPU LOAD (memory node dir-threads, 2s window) -----
  dir 0: active=  0.00%  msgs=1           281 ns/msg
  dir 1: active=  0.00%  msgs=1           670 ns/msg
  dir 2: active=  0.00%  msgs=0           0 ns/msg
  dir 3: active=  0.00%  msgs=0           0 ns/msg
  dir 4: active=  0.00%  msgs=0           0 ns/msg
  dir 5: active=  0.00%  msgs=0           0 ns/msg
  dir 6: active=  0.00%  msgs=1           258 ns/msg
  dir 7: active=  0.00%  msgs=1           583 ns/msg
  AGGREGATE active = 0.00% (of 8 dir-threads; 0.00% per-thread avg)  msgs=4
[CPU memory  ] process=  9.98% of 80 cores   system= 10.05%   (window 2s)

----- REMOTE CPU LOAD (memory node dir-threads, 2s window) -----
  dir 0: active=  0.00%  msgs=0           0 ns/msg
  dir 1: active=  0.00%  msgs=0           0 ns/msg
  dir 2: active=  0.00%  msgs=1           265 ns/msg
  dir 3: active=  0.00%  msgs=1           729 ns/msg
  dir 4: active=  0.00%  msgs=1           453 ns/msg
  dir 5: active=  0.00%  msgs=1           597 ns/msg
  dir 6: active=  0.00%  msgs=0           0 ns/msg
  dir 7: active=  0.00%  msgs=0           0 ns/msg
  AGGREGATE active = 0.00% (of 8 dir-threads; 0.00% per-thread avg)  msgs=4
[CPU memory  ] process=  9.98% of 80 cores   system= 10.04%   (window 2s)

----- REMOTE CPU LOAD (memory node dir-threads, 2s window) -----
  dir 0: active=  0.00%  msgs=0           0 ns/msg
  dir 1: active=  0.00%  msgs=0           0 ns/msg
  dir 2: active=  0.00%  msgs=0           0 ns/msg
  dir 3: active=  0.00%  msgs=0           0 ns/msg
  dir 4: active=  0.00%  msgs=0           0 ns/msg
  dir 5: active=  0.00%  msgs=0           0 ns/msg
  dir 6: active=  0.00%  msgs=0           0 ns/msg
  dir 7: active=  0.00%  msgs=0           0 ns/msg
  AGGREGATE active = 0.00% (of 8 dir-threads; 0.00% per-thread avg)  msgs=0
[CPU memory  ] process=  9.98% of 80 cores   system= 10.04%   (window 2s)

----- REMOTE CPU LOAD (memory node dir-threads, 2s window) -----
  dir 0: active=  0.00%  msgs=0           0 ns/msg
  dir 1: active=  0.00%  msgs=0           0 ns/msg
  dir 2: active=  0.00%  msgs=0           0 ns/msg
  dir 3: active=  0.00%  msgs=0           0 ns/msg
  dir 4: active=  0.00%  msgs=0           0 ns/msg
  dir 5: active=  0.00%  msgs=0           0 ns/msg
  dir 6: active=  0.00%  msgs=0           0 ns/msg
  dir 7: active=  0.00%  msgs=0           0 ns/msg
  AGGREGATE active = 0.00% (of 8 dir-threads; 0.00% per-thread avg)  msgs=0
[CPU memory  ] process=  9.97% of 80 cores   system= 10.04%   (window 2s)

----- REMOTE CPU LOAD (memory node dir-threads, 2s window) -----
  dir 0: active= 25.50%  msgs=533048      957 ns/msg
  dir 1: active= 19.67%  msgs=533048      738 ns/msg
  dir 2: active= 24.17%  msgs=533048      907 ns/msg
  dir 3: active= 19.65%  msgs=533048      737 ns/msg
  dir 4: active= 25.65%  msgs=533045      963 ns/msg
  dir 5: active= 20.02%  msgs=533045      751 ns/msg
  dir 6: active= 23.91%  msgs=533040      897 ns/msg
  dir 7: active= 19.74%  msgs=533039      741 ns/msg
  AGGREGATE active = 178.32% (of 8 dir-threads; 22.29% per-thread avg)  msgs=4264361
[CPU memory  ] process=  9.98% of 80 cores   system= 10.03%   (window 2s)

----- REMOTE CPU LOAD (memory node dir-threads, 2s window) -----
  dir 0: active= 37.65%  msgs=805065      935 ns/msg
  dir 1: active= 30.15%  msgs=805065      749 ns/msg
  dir 2: active= 35.45%  msgs=805063      881 ns/msg
  dir 3: active= 30.08%  msgs=805061      747 ns/msg
  dir 4: active= 37.79%  msgs=805059      939 ns/msg
  dir 5: active= 30.41%  msgs=805056      755 ns/msg
  dir 6: active= 35.18%  msgs=805057      874 ns/msg
  dir 7: active= 30.31%  msgs=805054      753 ns/msg
  AGGREGATE active = 267.02% (of 8 dir-threads; 33.38% per-thread avg)  msgs=6440480
[CPU memory  ] process=  9.97% of 80 cores   system= 10.08%   (window 2s)

----- REMOTE CPU LOAD (memory node dir-threads, 2s window) -----
  dir 0: active= 38.52%  msgs=828326      930 ns/msg
  dir 1: active= 31.06%  msgs=828326      750 ns/msg
  dir 2: active= 36.48%  msgs=828327      881 ns/msg
  dir 3: active= 30.96%  msgs=828326      748 ns/msg
  dir 4: active= 38.75%  msgs=828328      936 ns/msg
  dir 5: active= 31.17%  msgs=828327      753 ns/msg
  dir 6: active= 36.10%  msgs=828328      872 ns/msg
  dir 7: active= 31.16%  msgs=828329      752 ns/msg
  AGGREGATE active = 274.19% (of 8 dir-threads; 34.27% per-thread avg)  msgs=6626617
[CPU memory  ] process=  9.98% of 80 cores   system= 10.05%   (window 2s)

----- REMOTE CPU LOAD (memory node dir-threads, 2s window) -----
  dir 0: active= 21.66%  msgs=466452      929 ns/msg
  dir 1: active= 17.27%  msgs=466451      741 ns/msg
  dir 2: active= 20.43%  msgs=466447      876 ns/msg
  dir 3: active= 17.29%  msgs=466443      741 ns/msg
  dir 4: active= 21.84%  msgs=466442      936 ns/msg
  dir 5: active= 17.51%  msgs=466444      751 ns/msg
  dir 6: active= 20.28%  msgs=466442      869 ns/msg
  dir 7: active= 17.42%  msgs=466441      747 ns/msg
  AGGREGATE active = 153.69% (of 8 dir-threads; 19.21% per-thread avg)  msgs=3731562
[CPU memory  ] process=  9.98% of 80 cores   system= 10.03%   (window 2s)

----- REMOTE CPU LOAD (memory node dir-threads, 2s window) -----
  dir 0: active=  0.00%  msgs=0           0 ns/msg
  dir 1: active=  0.00%  msgs=0           0 ns/msg
  dir 2: active=  0.00%  msgs=0           0 ns/msg
  dir 3: active=  0.00%  msgs=0           0 ns/msg
  dir 4: active=  0.00%  msgs=0           0 ns/msg
  dir 5: active=  0.00%  msgs=0           0 ns/msg
  dir 6: active=  0.00%  msgs=0           0 ns/msg
  dir 7: active=  0.00%  msgs=0           0 ns/msg
  AGGREGATE active = 0.00% (of 8 dir-threads; 0.00% per-thread avg)  msgs=0
[CPU memory  ] process=  9.97% of 80 cores   system= 10.05%   (window 2s)

----- REMOTE CPU LOAD (memory node dir-threads, 2s window) -----
  dir 0: active=  0.00%  msgs=0           0 ns/msg
  dir 1: active=  0.00%  msgs=0           0 ns/msg
  dir 2: active=  0.00%  msgs=0           0 ns/msg
  dir 3: active=  0.00%  msgs=0           0 ns/msg
  dir 4: active=  0.00%  msgs=0           0 ns/msg
  dir 5: active=  0.00%  msgs=0           0 ns/msg
  dir 6: active=  0.00%  msgs=0           0 ns/msg
  dir 7: active=  0.00%  msgs=0           0 ns/msg
  AGGREGATE active = 0.00% (of 8 dir-threads; 0.00% per-thread avg)  msgs=0
[CPU memory  ] process=  9.99% of 80 cores   system= 10.02%   (window 2s)
Avg. rdma read time(ms) = -nan
Avg. rdma write time(ms) = -nan
Avg. rdma read / op = -nan
Avg. rdma write / op = -nan
Avg. rdma cas / op = -nan
Avg. rdma rpc / op = -nan
Avg. all rdma / op = -nan
Avg. rdma read size/ op = -nan
Avg. rdma write size / op = -nan
Avg. rdma RW size / op = -nan
