Compute node count = 1
kNodeCount 2, kReadRatio 100, kInsertRatio 0, kUpdateRatio 0, kDeleteRatio 0, kRangeRatio 0, totalThreadCount 36, memThreadCount 1 cache_size 64, uniform_workload 0, zipfian 0.990000, bulk_load_num 50000000, warmup_num 10000000, op_num 30000000, check_correctness 0, time_based 0, early_stop 1, index 0, rpc_rate 0.000000, admission_rate 0.100000, auto_tune 0
kMaxThread = 36
KeySpace = 50001000
[GEOMETRY] inner_page=160 leaf_page=512 inner_entries=5 leaf_entries=26 slot=512 placement=mn_only
[4mshared memory size: 64GB, 0x7fef77200000[0m
[4mcache size: 2GB[0m
[4mMachine NR: 2[0m
[4mMax_APP_THREAD: 80[0m
[4mNR_DIRECTORY: 16[0m
[4mStart Build the DSMKeeper[0m
I am servers 0 [255.127.0.0]
I connect server 1
[4mdir 0 launch! (core 79 of 80)
[0m
CNode 0, left bound = 0, right bound = 18446744073709551615
Pushdown (RPC) Rate: 0
Admission Rate: 0.1
Cache size(MB) = 64
-----Cache initial addr = 0x7fef5c000000
page num = 131072
alloc_unit = 512
entry_num: 131072
bucket_num: 43691
[DEX_SAFE_PT] page table keeps overflow buckets linked: ON
Bucket size = 64
entry_num: 13107
bucket_num: 2185
[DEX-R] push reads from the deepest cached node: off (DEX_PUSH_READS_DEEPEST; writes keep DEX's megaLevel rule)
start generating tree
num_partitions = 1
Success: tree root pointer value [1, 67108864]
finish generating tree
Bulkload num in node 0 = 50000000

----- REMOTE CPU LOAD (memory node dir-threads, 2s window) -----
  dir 0: active=  0.00%  msgs=0           0 ns/msg
  AGGREGATE active = 0.00% (of 1 dir-threads; 0.00% per-thread avg)  msgs=0
[CPU compute ] process=  2.50% of 80 cores   system=  2.52%   (window 2s)
First key of bulkloading = 7325973
Last key of bulkloading = 26738230
node warmup num = 9999972
kReadRatio =100
insertmark =100
updatemark =100
deletemark =100
rangemark =100
Finish warmup workload generation

----- REMOTE CPU LOAD (memory node dir-threads, 2s window) -----
  dir 0: active=  0.00%  msgs=0           0 ns/msg
  AGGREGATE active = 0.00% (of 1 dir-threads; 0.00% per-thread avg)  msgs=0
[CPU compute ] process=  2.50% of 80 cores   system=  3.65%   (window 2s)

----- REMOTE CPU LOAD (memory node dir-threads, 2s window) -----
  dir 0: active=  0.00%  msgs=0           0 ns/msg
  AGGREGATE active = 0.00% (of 1 dir-threads; 0.00% per-thread avg)  msgs=0
[CPU compute ] process=  2.50% of 80 cores   system=  3.35%   (window 2s)

----- REMOTE CPU LOAD (memory node dir-threads, 2s window) -----
  dir 0: active=  0.00%  msgs=0           0 ns/msg
  AGGREGATE active = 0.00% (of 1 dir-threads; 0.00% per-thread avg)  msgs=0
[CPU compute ] process=  2.50% of 80 cores   system=  2.52%   (window 2s)
node op_num = 29999988
Finish all workload generation

----- REMOTE CPU LOAD (memory node dir-threads, 2s window) -----
  dir 0: active=  0.00%  msgs=0           0 ns/msg
  AGGREGATE active = 0.00% (of 1 dir-threads; 0.00% per-thread avg)  msgs=0
[CPU compute ] process=  2.50% of 80 cores   system=  2.52%   (window 2s)

----- REMOTE CPU LOAD (memory node dir-threads, 2s window) -----
  dir 0: active=  0.00%  msgs=0           0 ns/msg
  AGGREGATE active = 0.00% (of 1 dir-threads; 0.00% per-thread avg)  msgs=0
[CPU compute ] process=  2.50% of 80 cores   system=  2.51%   (window 2s)
Fetched new height = 1
Success: tree root pointer value [1, 67109888]
Height = 2
Success: tree root pointer value [1, 67112448]
Height = 3
Success: tree root pointer value [1, 67118080]
Height = 4

----- REMOTE CPU LOAD (memory node dir-threads, 2s window) -----
  dir 0: active=  0.00%  msgs=0           0 ns/msg
  AGGREGATE active = 0.00% (of 1 dir-threads; 0.00% per-thread avg)  msgs=0
[CPU compute ] process=  2.50% of 80 cores   system=  2.52%   (window 2s)
Success: tree root pointer value [1, 67129856]
Height = 5
Success: tree root pointer value [1, 67153920]
Height = 6
Success: tree root pointer value [1, 67202560]
Height = 7
Success: tree root pointer value [1, 67300352]
Height = 8
Success: tree root pointer value [1, 67496448]
Height = 9
Success: tree root pointer value [1, 67889152]
Height = 10
Success: tree root pointer value [1, 68675072]
Height = 11
Success: tree root pointer value [1, 70247424]
Height = 12
Success: tree root pointer value [1, 73392640]
Height = 13
Success: tree root pointer value [1, 79683584]
Height = 14
Success: tree root pointer value [1, 92265984]
Height = 15
Success: tree root pointer value [1, 117431808]
Height = 16
entering dynamic phase
Success: tree root pointer value [1, 167763456]
Height = 17

----- REMOTE CPU LOAD (memory node dir-threads, 2s window) -----
  dir 0: active=  0.00%  msgs=0           0 ns/msg
  AGGREGATE active = 0.00% (of 1 dir-threads; 0.00% per-thread avg)  msgs=0
[CPU compute ] process=  2.50% of 80 cores   system=  4.44%   (window 2s)
Success: tree root pointer value [1, 268427776]
Height = 18

----- REMOTE CPU LOAD (memory node dir-threads, 2s window) -----
  dir 0: active=  0.00%  msgs=0           0 ns/msg
  AGGREGATE active = 0.00% (of 1 dir-threads; 0.00% per-thread avg)  msgs=0
[CPU compute ] process=  2.50% of 80 cores   system=  2.51%   (window 2s)
Success: tree root pointer value [1, 469756928]
Height = 19

----- REMOTE CPU LOAD (memory node dir-threads, 2s window) -----
  dir 0: active=  0.00%  msgs=0           0 ns/msg
  AGGREGATE active = 0.00% (of 1 dir-threads; 0.00% per-thread avg)  msgs=0
[CPU compute ] process=  2.50% of 80 cores   system=  2.51%   (window 2s)

----- REMOTE CPU LOAD (memory node dir-threads, 2s window) -----
  dir 0: active=  0.00%  msgs=0           0 ns/msg
  AGGREGATE active = 0.00% (of 1 dir-threads; 0.00% per-thread avg)  msgs=0
[CPU compute ] process=  2.50% of 80 cores   system=  2.51%   (window 2s)

----- REMOTE CPU LOAD (memory node dir-threads, 2s window) -----
  dir 0: active=  0.00%  msgs=0           0 ns/msg
  AGGREGATE active = 0.00% (of 1 dir-threads; 0.00% per-thread avg)  msgs=0
[CPU compute ] process=  2.50% of 80 cores   system=  2.52%   (window 2s)
Success: tree root pointer value [1, 872416256]
Height = 20

----- REMOTE CPU LOAD (memory node dir-threads, 2s window) -----
  dir 0: active=  0.00%  msgs=0           0 ns/msg
  AGGREGATE active = 0.00% (of 1 dir-threads; 0.00% per-thread avg)  msgs=0
[CPU compute ] process=  2.50% of 80 cores   system=  4.48%   (window 2s)

----- REMOTE CPU LOAD (memory node dir-threads, 2s window) -----
  dir 0: active=  0.00%  msgs=0           0 ns/msg
  AGGREGATE active = 0.00% (of 1 dir-threads; 0.00% per-thread avg)  msgs=0
[CPU compute ] process=  2.50% of 80 cores   system=  2.51%   (window 2s)

----- REMOTE CPU LOAD (memory node dir-threads, 2s window) -----
  dir 0: active=  0.00%  msgs=0           0 ns/msg
  AGGREGATE active = 0.00% (of 1 dir-threads; 0.00% per-thread avg)  msgs=0
[CPU compute ] process=  2.50% of 80 cores   system=  2.53%   (window 2s)

----- REMOTE CPU LOAD (memory node dir-threads, 2s window) -----
  dir 0: active=  0.00%  msgs=0           0 ns/msg
  AGGREGATE active = 0.00% (of 1 dir-threads; 0.00% per-thread avg)  msgs=0
[CPU compute ] process=  2.50% of 80 cores   system=  2.51%   (window 2s)

----- REMOTE CPU LOAD (memory node dir-threads, 2s window) -----
  dir 0: active=  0.00%  msgs=0           0 ns/msg
  AGGREGATE active = 0.00% (of 1 dir-threads; 0.00% per-thread avg)  msgs=0
[CPU compute ] process=  2.50% of 80 cores   system=  2.51%   (window 2s)

----- REMOTE CPU LOAD (memory node dir-threads, 2s window) -----
  dir 0: active=  0.00%  msgs=0           0 ns/msg
  AGGREGATE active = 0.00% (of 1 dir-threads; 0.00% per-thread avg)  msgs=0
[CPU compute ] process=  2.50% of 80 cores   system=  4.47%   (window 2s)
Success: tree root pointer value [1, 1677734400]
Height = 21

----- REMOTE CPU LOAD (memory node dir-threads, 2s window) -----
  dir 0: active=  0.00%  msgs=0           0 ns/msg
  AGGREGATE active = 0.00% (of 1 dir-threads; 0.00% per-thread avg)  msgs=0
[CPU compute ] process=  2.50% of 80 cores   system=  2.51%   (window 2s)

----- REMOTE CPU LOAD (memory node dir-threads, 2s window) -----
  dir 0: active=  0.00%  msgs=0           0 ns/msg
  AGGREGATE active = 0.00% (of 1 dir-threads; 0.00% per-thread avg)  msgs=0
[CPU compute ] process=  2.50% of 80 cores   system=  2.52%   (window 2s)

----- REMOTE CPU LOAD (memory node dir-threads, 2s window) -----
  dir 0: active=  0.00%  msgs=0           0 ns/msg
  AGGREGATE active = 0.00% (of 1 dir-threads; 0.00% per-thread avg)  msgs=0
[CPU compute ] process=  2.50% of 80 cores   system=  2.51%   (window 2s)

----- REMOTE CPU LOAD (memory node dir-threads, 2s window) -----
  dir 0: active=  0.00%  msgs=0           0 ns/msg
  AGGREGATE active = 0.00% (of 1 dir-threads; 0.00% per-thread avg)  msgs=0
[CPU compute ] process=  2.50% of 80 cores   system=  2.52%   (window 2s)

----- REMOTE CPU LOAD (memory node dir-threads, 2s window) -----
  dir 0: active=  0.00%  msgs=0           0 ns/msg
  AGGREGATE active = 0.00% (of 1 dir-threads; 0.00% per-thread avg)  msgs=0
[CPU compute ] process=  2.50% of 80 cores   system=  4.46%   (window 2s)

----- REMOTE CPU LOAD (memory node dir-threads, 2s window) -----
  dir 0: active=  0.00%  msgs=0           0 ns/msg
  AGGREGATE active = 0.00% (of 1 dir-threads; 0.00% per-thread avg)  msgs=0
[CPU compute ] process=  2.50% of 80 cores   system=  2.52%   (window 2s)

----- REMOTE CPU LOAD (memory node dir-threads, 2s window) -----
  dir 0: active=  0.00%  msgs=0           0 ns/msg
  AGGREGATE active = 0.00% (of 1 dir-threads; 0.00% per-thread avg)  msgs=0
[CPU compute ] process=  2.50% of 80 cores   system=  2.51%   (window 2s)

----- REMOTE CPU LOAD (memory node dir-threads, 2s window) -----
  dir 0: active=  0.00%  msgs=0           0 ns/msg
  AGGREGATE active = 0.00% (of 1 dir-threads; 0.00% per-thread avg)  msgs=0
[CPU compute ] process=  2.50% of 80 cores   system=  2.51%   (window 2s)

----- REMOTE CPU LOAD (memory node dir-threads, 2s window) -----
  dir 0: active=  0.00%  msgs=0           0 ns/msg
  AGGREGATE active = 0.00% (of 1 dir-threads; 0.00% per-thread avg)  msgs=0
[CPU compute ] process=  2.50% of 80 cores   system=  2.52%   (window 2s)

----- REMOTE CPU LOAD (memory node dir-threads, 2s window) -----
  dir 0: active=  0.00%  msgs=0           0 ns/msg
  AGGREGATE active = 0.00% (of 1 dir-threads; 0.00% per-thread avg)  msgs=0
[CPU compute ] process=  2.50% of 80 cores   system=  4.31%   (window 2s)

----- REMOTE CPU LOAD (memory node dir-threads, 2s window) -----
  dir 0: active=  0.00%  msgs=0           0 ns/msg
  AGGREGATE active = 0.00% (of 1 dir-threads; 0.00% per-thread avg)  msgs=0
[CPU compute ] process=  2.50% of 80 cores   system=  2.52%   (window 2s)
Success: tree root pointer value [1, 3288371200]
Height = 22

----- REMOTE CPU LOAD (memory node dir-threads, 2s window) -----
  dir 0: active=  0.00%  msgs=0           0 ns/msg
  AGGREGATE active = 0.00% (of 1 dir-threads; 0.00% per-thread avg)  msgs=0
[CPU compute ] process=  2.50% of 80 cores   system=  2.51%   (window 2s)

----- REMOTE CPU LOAD (memory node dir-threads, 2s window) -----
  dir 0: active=  0.00%  msgs=0           0 ns/msg
  AGGREGATE active = 0.00% (of 1 dir-threads; 0.00% per-thread avg)  msgs=0
[CPU compute ] process=  2.50% of 80 cores   system=  2.51%   (window 2s)

----- REMOTE CPU LOAD (memory node dir-threads, 2s window) -----
  dir 0: active=  0.00%  msgs=0           0 ns/msg
  AGGREGATE active = 0.00% (of 1 dir-threads; 0.00% per-thread avg)  msgs=0
[CPU compute ] process=  2.50% of 80 cores   system=  2.52%   (window 2s)

----- REMOTE CPU LOAD (memory node dir-threads, 2s window) -----
  dir 0: active=  0.00%  msgs=0           0 ns/msg
  AGGREGATE active = 0.00% (of 1 dir-threads; 0.00% per-thread avg)  msgs=0
[CPU compute ] process=  2.50% of 80 cores   system=  2.81%   (window 2s)

----- REMOTE CPU LOAD (memory node dir-threads, 2s window) -----
  dir 0: active=  0.00%  msgs=0           0 ns/msg
  AGGREGATE active = 0.00% (of 1 dir-threads; 0.00% per-thread avg)  msgs=0
[CPU compute ] process=  2.50% of 80 cores   system=  4.07%   (window 2s)

----- REMOTE CPU LOAD (memory node dir-threads, 2s window) -----
  dir 0: active=  0.00%  msgs=0           0 ns/msg
  AGGREGATE active = 0.00% (of 1 dir-threads; 0.00% per-thread avg)  msgs=0
[CPU compute ] process=  2.50% of 80 cores   system=  2.52%   (window 2s)
#leaf nodes = 3846153
leaf size(MB) = 1878
#inner nodes = 3846104
inner size(MB) = 1877.98
Tree height = 22
Cache capacity = 131072
max. leaf entries = 26
max. inner entries = 5
Inner page size = 160
Leaf page size = 512
node 0 finish its bulkload
IMPORTANT: my root is 215506694963201
0 is ready for the benchmark
I am 0
Fetched new height = 22
I am 2
I am 1
I am 34
I am 6
I am 16
I am 8
I am 20
I am 3
I am 31
I am 35
I am 7
I am 27
I am 12
I am 9
I am 33
I am 5
I am 23
I am 14
I am 13
I am 10
I am 19
I am 30
I am 24
I am 25
I am 26
I am 28
I am 17
I am 29
I am 22
I am 21
I am 32
I am 18
I am 11
I am 15
I am 4
entering dynamic phase

----- REMOTE CPU LOAD (memory node dir-threads, 2s window) -----
  dir 0: active=  0.00%  msgs=0           0 ns/msg
  AGGREGATE active = 0.00% (of 1 dir-threads; 0.00% per-thread avg)  msgs=0
[CPU compute ] process= 34.78% of 80 cores   system= 34.81%   (window 2s)

----- REMOTE CPU LOAD (memory node dir-threads, 2s window) -----
  dir 0: active=  0.00%  msgs=0           0 ns/msg
  AGGREGATE active = 0.00% (of 1 dir-threads; 0.00% per-thread avg)  msgs=0
[CPU compute ] process= 46.25% of 80 cores   system= 46.28%   (window 2s)
Thread_op_num = 833333
node 0 finish warmup

----- REMOTE CPU LOAD (memory node dir-threads, 2s window) -----
  dir 0: active=  0.00%  msgs=0           0 ns/msg
  AGGREGATE active = 0.00% (of 1 dir-threads; 0.00% per-thread avg)  msgs=0
[CPU compute ] process= 46.24% of 80 cores   system= 46.27%   (window 2s)
Start collecting the statistic

----- REMOTE CPU LOAD (memory node dir-threads, 2s window) -----
  dir 0: active=  0.00%  msgs=0           0 ns/msg
  AGGREGATE active = 0.00% (of 1 dir-threads; 0.00% per-thread avg)  msgs=0
[CPU compute ] process= 46.24% of 80 cores   system= 47.27%   (window 2s)
0, throughput 2.2012
cluster throughput 2.201

----- REMOTE CPU LOAD (memory node dir-threads, 2s window) -----
  dir 0: active=  0.00%  msgs=0           0 ns/msg
  AGGREGATE active = 0.00% (of 1 dir-threads; 0.00% per-thread avg)  msgs=0
[CPU compute ] process= 46.26% of 80 cores   system= 46.29%   (window 2s)
0, throughput 2.2065
cluster throughput 2.206

----- REMOTE CPU LOAD (memory node dir-threads, 2s window) -----
  dir 0: active=  0.00%  msgs=0           0 ns/msg
  AGGREGATE active = 0.00% (of 1 dir-threads; 0.00% per-thread avg)  msgs=0
[CPU compute ] process= 46.24% of 80 cores   system= 46.28%   (window 2s)
0, throughput 2.2030
cluster throughput 2.202

----- REMOTE CPU LOAD (memory node dir-threads, 2s window) -----
  dir 0: active=  0.00%  msgs=0           0 ns/msg
  AGGREGATE active = 0.00% (of 1 dir-threads; 0.00% per-thread avg)  msgs=0
[CPU compute ] process= 46.24% of 80 cores   system= 46.28%   (window 2s)
0, throughput 2.2021
cluster throughput 2.202

----- REMOTE CPU LOAD (memory node dir-threads, 2s window) -----
  dir 0: active=  0.00%  msgs=0           0 ns/msg
  AGGREGATE active = 0.00% (of 1 dir-threads; 0.00% per-thread avg)  msgs=0
[CPU compute ] process= 46.24% of 80 cores   system= 46.28%   (window 2s)
0, throughput 2.2016
cluster throughput 2.201

----- REMOTE CPU LOAD (memory node dir-threads, 2s window) -----
  dir 0: active=  0.00%  msgs=0           0 ns/msg
  AGGREGATE active = 0.00% (of 1 dir-threads; 0.00% per-thread avg)  msgs=0
[CPU compute ] process= 46.27% of 80 cores   system= 47.23%   (window 2s)
0, throughput 2.1909
cluster throughput 2.190

----- REMOTE CPU LOAD (memory node dir-threads, 2s window) -----
  dir 0: active=  0.00%  msgs=0           0 ns/msg
  AGGREGATE active = 0.00% (of 1 dir-threads; 0.00% per-thread avg)  msgs=0
[CPU compute ] process= 40.22% of 80 cores   system= 40.24%   (window 2s)
0, throughput 1.3321
cluster throughput 1.332

----- REMOTE CPU LOAD (memory node dir-threads, 2s window) -----
  dir 0: active=  0.00%  msgs=0           0 ns/msg
  AGGREGATE active = 0.00% (of 1 dir-threads; 0.00% per-thread avg)  msgs=0
[CPU compute ] process=  1.25% of 80 cores   system=  1.27%   (window 2s)
0, throughput 0.0000
cluster throughput 0.000
The time duration = 16 seconds

----- REMOTE CPU LOAD (memory node dir-threads, 2s window) -----
  dir 0: active=  0.00%  msgs=0           0 ns/msg
  AGGREGATE active = 0.00% (of 1 dir-threads; 0.00% per-thread avg)  msgs=0
[CPU compute ] process=  1.25% of 80 cores   system=  1.26%   (window 2s)

==================== LATENCY BUCKETS (500 ns) [node 0] ====================
[LOOKUP]
  ALL                n=29077543   mean=   16.31us  p50=  20.00us  p90=  31.50us  p99=  37.00us  p99.9=  40.50us  max>=283.50us
  LOCAL (cache hit)  n=7862424    mean=    0.75us  p50=   1.00us  p90=   1.50us  p99=   2.50us  p99.9=   4.50us  max>=245.50us
  REMOTE (miss/rpc)  n=21215119   mean=   22.08us  p50=  25.00us  p90=  32.50us  p99=  37.50us  p99.9=  41.00us  max>=283.50us
[ALL OPS]
  ALL                n=29077543   mean=   16.31us  p50=  20.00us  p90=  31.50us  p99=  37.00us  p99.9=  40.50us  max>=283.50us
  LOCAL (cache hit)  n=7862424    mean=    0.75us  p50=   1.00us  p90=   1.50us  p99=   2.50us  p99.9=   4.50us  max>=245.50us
  REMOTE (miss/rpc)  n=21215119   mean=   22.08us  p50=  25.00us  p90=  32.50us  p99=  37.50us  p99.9=  41.00us  max>=283.50us

----- 500 ns bucket CDF (all ops) [node 0] -----
  bucket [lo,hi) ns             count        pct       cdf
  [        0,      500)      1908868    6.5647%   6.5647%
  [      500,     1000)      4674701   16.0767%  22.6414%
  [     1000,     1500)       952823    3.2768%  25.9183%
  [     1500,     2000)       209234    0.7196%  26.6378%
  [     2000,     2500)        60920    0.2095%  26.8473%
  [     2500,     3000)        55229    0.1899%  27.0373%
  [     3000,     3500)       463965    1.5956%  28.6329%
  [     3500,     4000)       853386    2.9349%  31.5677%
  [     4000,     4500)       654749    2.2517%  33.8195%
  [     4500,     5000)       343556    1.1815%  35.0010%
  [     5000,     5500)       147704    0.5080%  35.5090%
  [     5500,     6000)        70522    0.2425%  35.7515%
  [     6000,     6500)        91598    0.3150%  36.0665%
  [     6500,     7000)       133300    0.4584%  36.5249%
  [     7000,     7500)       127300    0.4378%  36.9627%
  [     7500,     8000)       115516    0.3973%  37.3600%
  [     8000,     8500)       129100    0.4440%  37.8040%
  [     8500,     9000)       129085    0.4439%  38.2479%
  [     9000,     9500)        98449    0.3386%  38.5865%
  [     9500,    10000)        64712    0.2225%  38.8090%
  [    10000,    10500)        69186    0.2379%  39.0470%
  [    10500,    11000)       123990    0.4264%  39.4734%
  [    11000,    11500)       177654    0.6110%  40.0844%
  [    11500,    12000)       181843    0.6254%  40.7097%
  [    12000,    12500)       141607    0.4870%  41.1967%
  [    12500,    13000)       102622    0.3529%  41.5497%
  [    13000,    13500)        94369    0.3245%  41.8742%
  [    13500,    14000)       111878    0.3848%  42.2590%
  [    14000,    14500)       132750    0.4565%  42.7155%
  [    14500,    15000)       148903    0.5121%  43.2276%
  [    15000,    15500)       161752    0.5563%  43.7839%
  [    15500,    16000)       165408    0.5689%  44.3527%
  [    16000,    16500)       154394    0.5310%  44.8837%
  [    16500,    17000)       140238    0.4823%  45.3660%
  [    17000,    17500)       157104    0.5403%  45.9063%
  [    17500,    18000)       215348    0.7406%  46.6469%
  [    18000,    18500)       287288    0.9880%  47.6349%
  [    18500,    19000)       328405    1.1294%  48.7643%
  [    19000,    19500)       324455    1.1158%  49.8801%
  [    19500,    20000)       298454    1.0264%  50.9065%
  [    20000,    20500)       284076    0.9770%  51.8835%
  [    20500,    21000)       295962    1.0178%  52.9013%
  [    21000,    21500)       330131    1.1353%  54.0367%
  [    21500,    22000)       378353    1.3012%  55.3378%
  [    22000,    22500)       427716    1.4709%  56.8088%
  [    22500,    23000)       454703    1.5638%  58.3726%
  [    23000,    23500)       453948    1.5612%  59.9337%
  [    23500,    24000)       439913    1.5129%  61.4466%
  [    24000,    24500)       452505    1.5562%  63.0028%
  [    24500,    25000)       512521    1.7626%  64.7654%
  [    25000,    25500)       598763    2.0592%  66.8246%
  [    25500,    26000)       666747    2.2930%  69.1176%
  [    26000,    26500)       699105    2.4043%  71.5219%
  [    26500,    27000)       685083    2.3561%  73.8779%
  [    27000,    27500)       643420    2.2128%  76.0907%
  [    27500,    28000)       591974    2.0358%  78.1266%
  [    28000,    28500)       554172    1.9058%  80.0324%
  [    28500,    29000)       533728    1.8355%  81.8679%
  [    29000,    29500)       536505    1.8451%  83.7130%
  [    29500,    30000)       538167    1.8508%  85.5638%
  [    30000,    30500)       528635    1.8180%  87.3818%
  [    30500,    31000)       500435    1.7210%  89.1029%
  [    31000,    31500)       461806    1.5882%  90.6911%
  [    31500,    32000)       410265    1.4109%  92.1020%
  [    32000,    32500)       362298    1.2460%  93.3480%
  [    32500,    33000)       320940    1.1037%  94.4517%
  [    33000,    33500)       283069    0.9735%  95.4252%
  [    33500,    34000)       249782    0.8590%  96.2842%
  [    34000,    34500)       217011    0.7463%  97.0305%
  [    34500,    35000)       183364    0.6306%  97.6611%
  [    35000,    35500)       152785    0.5254%  98.1866%
  [    35500,    36000)       122878    0.4226%  98.6092%
  [    36000,    36500)        96914    0.3333%  98.9425%
  [    36500,    37000)        74880    0.2575%  99.2000%
  [    37000,    37500)        57195    0.1967%  99.3967%
  [    37500,    38000)        43901    0.1510%  99.5477%
  [    38000,    38500)        33137    0.1140%  99.6616%
  [    38500,    39000)        25102    0.0863%  99.7480%
  [    39000,    39500)        19377    0.0666%  99.8146%
  [    39500,    40000)        14395    0.0495%  99.8641%
  [    40000,    40500)        10536    0.0362%  99.9003%
  [    40500,    41000)         7801    0.0268%  99.9272%
  [    41000,    41500)         5605    0.0193%  99.9464%
  [    41500,    42000)         3937    0.0135%  99.9600%
  [    42000,    42500)         2783    0.0096%  99.9695%
  [    42500,    43000)         1906    0.0066%  99.9761%
  [    43000,    43500)         1414    0.0049%  99.9810%
  [    43500,    44000)         1002    0.0034%  99.9844%
  [    44000,    44500)          746    0.0026%  99.9870%
  [    44500,    45000)          533    0.0018%  99.9888%
  [    45000,    45500)          416    0.0014%  99.9902%
  [    45500,    46000)          313    0.0011%  99.9913%
  [    46000,    46500)          281    0.0010%  99.9923%
  [    46500,    47000)          242    0.0008%  99.9931%
  [    47000,    47500)          203    0.0007%  99.9938%
  [    47500,    48000)          152    0.0005%  99.9943%
  [    48000,    48500)          141    0.0005%  99.9948%
  [    48500,    49000)          148    0.0005%  99.9953%
  [    49000,    49500)          103    0.0004%  99.9957%
  [    49500,    50000)          117    0.0004%  99.9961%
  [    50000,    50500)          100    0.0003%  99.9964%
  [    50500,    51000)           94    0.0003%  99.9968%
  [    51000,    51500)          106    0.0004%  99.9971%
  [    51500,    52000)           81    0.0003%  99.9974%
  [    52000,    52500)           73    0.0003%  99.9976%
  [    52500,    53000)           64    0.0002%  99.9979%
  [    53000,    53500)           63    0.0002%  99.9981%
  [    53500,    54000)           51    0.0002%  99.9983%
  [    54000,    54500)           38    0.0001%  99.9984%
  [    54500,    55000)           40    0.0001%  99.9985%
  [    55000,    55500)           40    0.0001%  99.9987%
  [    55500,    56000)           30    0.0001%  99.9988%
  [    56000,    56500)           32    0.0001%  99.9989%
  [    56500,    57000)           21    0.0001%  99.9990%
  [    57000,    57500)           24    0.0001%  99.9990%
  [    57500,    58000)           20    0.0001%  99.9991%
  [    58000,    58500)           20    0.0001%  99.9992%
  [    58500,    59000)           10    0.0000%  99.9992%
  [    59000,    59500)           12    0.0000%  99.9992%
  [    59500,    60000)           17    0.0001%  99.9993%
  [    60000,    60500)           12    0.0000%  99.9993%
  [    60500,    61000)           17    0.0001%  99.9994%
  [    61000,    61500)            5    0.0000%  99.9994%
  [    61500,    62000)           17    0.0001%  99.9995%
  [    62000,    62500)            7    0.0000%  99.9995%
  [    62500,    63000)           10    0.0000%  99.9995%
  [    63000,    63500)           11    0.0000%  99.9996%
  [    63500,    64000)           11    0.0000%  99.9996%
  [    64000,    64500)            8    0.0000%  99.9996%
  [    64500,    65000)            8    0.0000%  99.9997%
  [    65000,    65500)            5    0.0000%  99.9997%
  [    65500,    66000)            5    0.0000%  99.9997%
  [    66000,    66500)            5    0.0000%  99.9997%
  [    66500,    67000)            6    0.0000%  99.9997%
  [    67000,    67500)            2    0.0000%  99.9997%
  [    67500,    68000)            6    0.0000%  99.9998%
  [    68000,    68500)            1    0.0000%  99.9998%
  [    68500,    69000)            2    0.0000%  99.9998%
  [    69000,    69500)           10    0.0000%  99.9998%
  [    69500,    70000)            4    0.0000%  99.9998%
  [    70000,    70500)            1    0.0000%  99.9998%
  [    70500,    71000)            3    0.0000%  99.9998%
  [    71000,    71500)            1    0.0000%  99.9998%
  [    71500,    72000)            3    0.0000%  99.9999%
  [    72500,    73000)            2    0.0000%  99.9999%
  [    73000,    73500)            3    0.0000%  99.9999%
  [    73500,    74000)            4    0.0000%  99.9999%
  [    74000,    74500)            1    0.0000%  99.9999%
  [    76000,    76500)            4    0.0000%  99.9999%
  [    76500,    77000)            1    0.0000%  99.9999%
  [    77000,    77500)            2    0.0000%  99.9999%
  [    77500,    78000)            1    0.0000%  99.9999%
  [    78000,    78500)            1    0.0000%  99.9999%
  [    81500,    82000)            1    0.0000%  99.9999%
  [    82000,    82500)            1    0.0000%  99.9999%
  [    82500,    83000)            2    0.0000%  99.9999%
  [    83000,    83500)            1    0.0000%  99.9999%
  [    86000,    86500)            1    0.0000%  99.9999%
  [    87000,    87500)            2    0.0000%  99.9999%
  [    88000,    88500)            1    0.0000% 100.0000%
  [    88500,    89000)            1    0.0000% 100.0000%
  [    92000,    92500)            2    0.0000% 100.0000%
  [    95000,    95500)            2    0.0000% 100.0000%
  [    96500,    97000)            1    0.0000% 100.0000%
  [   110000,   110500)            1    0.0000% 100.0000%
  [   134500,   135000)            1    0.0000% 100.0000%
  [   245000,   245500)            1    0.0000% 100.0000%
  [   253000,   253500)            1    0.0000% 100.0000%
  [   276500,   277000)            1    0.0000% 100.0000%
  [   279500,   280000)            1    0.0000% 100.0000%
  [   280000,   280500)            1    0.0000% 100.0000%
  [   283000,   283500)            1    0.0000% 100.0000%

----- REMOTE OPERATIONS [node 0] -----
  ops total                = 29077543
  ops local  (cache hit)   = 7862424 (27.04%)
  ops remote (>=1 net op)  = 21215119 (72.96%)
  remote ops total         = 121419257
    rdma read              = 121419257
    rdma write             = 0
    rdma cas               = 0
    rpc pushdown           = 0
  remote ops / op          = 4.1757
  remote ops / remote op   = 5.7232

----- OFFLOADED TASKS [node 0] -----
  lookup pushdowns         = 0
  scan    pushdowns (RPC)  = 0
    kv pairs returned      = 0
    leaves scanned remotely= 0
    kv / scan pushdown     = 0.00
    leaves / scan pushdown = 0.00

----- PATH-AWARE CACHE MISS RATE [node 0] -----
  node accesses (hit+miss) = 614721729
  node cache hits          = 493304092 (80.25%)
  MISS RATE                = 19.7516%  (121417637 / 614721729)
  inner-node miss          = 100216928 (82.54% of misses, 16.3028% rate)
  leaf-node  miss          = 21200709 (17.46% of misses, 3.4488% rate)
  total miss               = 121417637
  cache writebacks         = 0
=========================================================================

Round 0 (max_throughput): 2.20069 Mops/s
Round 0 (straggler_throughput): 2.20068 Mops/s
Before barrier finish
Avg. rdma read time(ms) = 0
Avg. rdma write time(ms) = -nan
Avg. rdma read / op = 4.17571
Avg. rdma write / op = 0
Avg. rdma cas / op = 0
Avg. rdma rpc / op = 0
Avg. all rdma / op = 4.17571
Avg. rdma read size/ op = 2137.93
Avg. rdma write size / op = 0
Avg. rdma RW size / op = 2137.93
------------------------------------------
Node 0 average throughput = 2.07629
Node 0 total throughput = 2.20069
All CN throughput (Max) = 2.20069
All CN throughput (Straggler) = 2.20068
Final throughput = 2.20068
[CORRECTNESS node 0] ops ok 29077004 / 29077543 = 99.9981%; scans 0, rows 0 (0.00 per scan)
------------------------------------------
