nodes 2, threads 24, mix R/I/U/S=0/0/0/100, zipf-0.99, bulk 50M warmup 10M op 50M, offload 0%, scan_range 100
[4mshared memory size: 64GB, 0x7fe64ae00000[0m
[4mrdma cache size: 4GB[0m
[4mMachine NR: 2[0m
[4mCompute server 1 start up [255.127.0.0]
[0m
I connect server 0
workload generated: keyspace=50001000 bulk=50000000 warmup=9999984 op=49999992
[4mKey space set: keySpaceSize=50000000[0m
I am 24
[INFO] new root level 2
I am 44
I am 25
I am 26
I am 28
I am 30
I am 33
I am 37
I am 47
I am 38
I am 45
I am 27
I am 29
I am 34
I am 35
I am 41
I am 46
I am 39
I am 36
I am 42
I am 31
I am 43
I am 32
I am 40
[INFO] new root level 3
[INFO] new root level 4
[INFO] new root level 5
node 1 warmup done in 113s
1, throughput 0.0000 Mops
1, throughput 0.0000 Mops
1, throughput 0.0581 Mops
1, throughput 0.1250 Mops
1, throughput 0.1026 Mops
1, throughput 0.0127 Mops
1, throughput 0.0000 Mops
1, throughput 0.0476 Mops
1, throughput 0.1200 Mops
1, throughput 0.1067 Mops

==================== LATENCY BUCKETS (500 ns) [node 1] ====================
[RANGE]
  ALL                n=68         mean=  380.61us  p50= 401.50us  p90= 414.00us  p99= 425.00us  p99.9= 425.00us  max>=450.00us
  DIRECT (1-sided)          (no samples)
  OFFLOAD (rpc)      n=68         mean=  380.61us  p50= 401.50us  p90= 414.00us  p99= 425.00us  p99.9= 425.00us  max>=450.00us
[ALL OPS]
  ALL                n=68         mean=  380.61us  p50= 401.50us  p90= 414.00us  p99= 425.00us  p99.9= 425.00us  max>=450.00us
  DIRECT (1-sided)          (no samples)
  OFFLOAD (rpc)      n=68         mean=  380.61us  p50= 401.50us  p90= 414.00us  p99= 425.00us  p99.9= 425.00us  max>=450.00us

----- 500 ns bucket CDF (all ops) [node 1] -----
  bucket [lo,hi) ns             count        pct       cdf
  [   231500,   232000)            1    1.4706%   1.4706%
  [   244000,   244500)            1    1.4706%   2.9412%
  [   255000,   255500)            1    1.4706%   4.4118%
  [   264000,   264500)            1    1.4706%   5.8824%
  [   273500,   274000)            1    1.4706%   7.3529%
  [   282000,   282500)            1    1.4706%   8.8235%
  [   287500,   288000)            1    1.4706%  10.2941%
  [   297000,   297500)            1    1.4706%  11.7647%
  [   308000,   308500)            1    1.4706%  13.2353%
  [   312500,   313000)            1    1.4706%  14.7059%
  [   328000,   328500)            1    1.4706%  16.1765%
  [   335500,   336000)            1    1.4706%  17.6471%
  [   341000,   341500)            1    1.4706%  19.1176%
  [   348500,   349000)            1    1.4706%  20.5882%
  [   360500,   361000)            1    1.4706%  22.0588%
  [   362500,   363000)            1    1.4706%  23.5294%
  [   376000,   376500)            1    1.4706%  25.0000%
  [   382500,   383000)            1    1.4706%  26.4706%
  [   389000,   389500)            1    1.4706%  27.9412%
  [   392500,   393000)            2    2.9412%  30.8824%
  [   393500,   394000)            2    2.9412%  33.8235%
  [   394500,   395000)            1    1.4706%  35.2941%
  [   395500,   396000)            1    1.4706%  36.7647%
  [   397000,   397500)            1    1.4706%  38.2353%
  [   397500,   398000)            2    2.9412%  41.1765%
  [   398500,   399000)            1    1.4706%  42.6471%
  [   399000,   399500)            1    1.4706%  44.1176%
  [   400000,   400500)            1    1.4706%  45.5882%
  [   400500,   401000)            2    2.9412%  48.5294%
  [   401000,   401500)            2    2.9412%  51.4706%
  [   402000,   402500)            2    2.9412%  54.4118%
  [   402500,   403000)            2    2.9412%  57.3529%
  [   404000,   404500)            3    4.4118%  61.7647%
  [   405000,   405500)            2    2.9412%  64.7059%
  [   405500,   406000)            3    4.4118%  69.1176%
  [   406000,   406500)            2    2.9412%  72.0588%
  [   406500,   407000)            3    4.4118%  76.4706%
  [   407000,   407500)            1    1.4706%  77.9412%
  [   408500,   409000)            1    1.4706%  79.4118%
  [   409500,   410000)            1    1.4706%  80.8824%
  [   411000,   411500)            1    1.4706%  82.3529%
  [   412000,   412500)            1    1.4706%  83.8235%
  [   412500,   413000)            2    2.9412%  86.7647%
  [   413500,   414000)            2    2.9412%  89.7059%
  [   414500,   415000)            2    2.9412%  92.6471%
  [   415000,   415500)            1    1.4706%  94.1176%
  [   417000,   417500)            1    1.4706%  95.5882%
  [   417500,   418000)            1    1.4706%  97.0588%
  [   424500,   425000)            1    1.4706%  98.5294%
  [   449500,   450000)            1    1.4706% 100.0000%

----- OFFLOADED TASKS [node 1] -----
  ops total                = 68
  ops direct (1-sided)     = 0 (0.00%)
  ops offload (rpc)        = 68 (100.00%)
  lookup pushdowns         = 0
  scan   pushdowns (RPC)   = 68
    kv pairs returned      = 6800
    leaves scanned remotely= 678
    kv / scan pushdown     = 100.00
    leaves / scan pushdown = 9.97
=========================================================================

[CORRECTNESS node 1] scan rows returned = 6800
[END]
